[cefgetfile] Start
[cefgetfile] Parsing parameters ...OK
2026-02-13 14:46:51.887 [cefgetfile] INFO: [client] Config directory is ./h18
2026-02-13 14:46:51.887 [cefgetfile] INFO: [client] Local Socket Name is /tmp/cef_9695.18
2026-02-13 14:46:51.887 [cefgetfile] INFO: [client] Listen Port is 9695
[cefgetfile] Init Cefore Client package ... OK
[cefgetfile] Conversion from URI into Name ... OK
[cefgetfile] Checking the output file ... OK
[cefgetfile] Connect to cefnetd ... OK
[cefgetfile] URI=ccnx:/test/data/content2
[cefgetfile] Start sending Interests
[cefgetfile] Completed to get all the chunks.
[cefgetfile] Unconnect to cefnetd ... OK
[cefgetfile] Terminate
[cefgetfile] Rx Frames (All)           = 847
[cefgetfile] Rx Frames (ContentObject) = 847
[cefgetfile] Rx Bytes (All)            = 463882
[cefgetfile] Rx Bytes (ContentObject)  = 433390
[cefgetfile] Duration                  = 0.816 sec
[cefgetfile] Throughput                = 4550801 bps
[cefgetfile] Goodput                   = 4251667 bps
[cefgetfile] Jitter (Ave)              = 962 us
[cefgetfile] Jitter (Max)              = 47484 us
[cefgetfile] Jitter (Var)              = 2821037 us
