[cefgetfile] Start
[cefgetfile] Parsing parameters ...OK
2026-02-13 14:44:57.690 [cefgetfile] INFO: [client] Config directory is ./h6
2026-02-13 14:44:57.691 [cefgetfile] INFO: [client] Local Socket Name is /tmp/cef_9695.6
2026-02-13 14:44:57.691 [cefgetfile] INFO: [client] Listen Port is 9695
[cefgetfile] Init Cefore Client package ... OK
[cefgetfile] Conversion from URI into Name ... OK
[cefgetfile] Checking the output file ... OK
[cefgetfile] Connect to cefnetd ... OK
[cefgetfile] URI=ccnx:/video/stream/content3
[cefgetfile] Start sending Interests
[cefgetfile] Completed to get all the chunks.
[cefgetfile] Unconnect to cefnetd ... OK
[cefgetfile] Terminate
[cefgetfile] Rx Frames (All)           = 424
[cefgetfile] Rx Frames (ContentObject) = 424
[cefgetfile] Rx Bytes (All)            = 449926
[cefgetfile] Rx Bytes (ContentObject)  = 433390
[cefgetfile] Duration                  = 0.230 sec
[cefgetfile] Throughput                = 15734566 bps
[cefgetfile] Goodput                   = 15156278 bps
[cefgetfile] Jitter (Ave)              = 539 us
[cefgetfile] Jitter (Max)              = 8267 us
[cefgetfile] Jitter (Var)              = 1151380 us
