[cefgetfile] Start
[cefgetfile] Parsing parameters ...OK
2026-02-18 17:46:22.644 [cefgetfile] INFO: [client] Config directory is ./h9
2026-02-18 17:46:22.644 [cefgetfile] INFO: [client] Local Socket Name is /tmp/cef_9695.9
2026-02-18 17:46:22.644 [cefgetfile] INFO: [client] Listen Port is 9695
[cefgetfile] Init Cefore Client package ... OK
[cefgetfile] Conversion from URI into Name ... OK
[cefgetfile] Checking the output file ... OK
[cefgetfile] Connect to cefnetd ... OK
[cefgetfile] URI=ccnx:/video/stream/content2
[cefgetfile] Start sending Interests
[cefgetfile] Completed to get all the chunks.
[cefgetfile] Unconnect to cefnetd ... OK
[cefgetfile] Terminate
[cefgetfile] Rx Frames (All)           = 581
[cefgetfile] Rx Frames (ContentObject) = 581
[cefgetfile] Rx Bytes (All)            = 617433
[cefgetfile] Rx Bytes (ContentObject)  = 594774
[cefgetfile] Duration                  = 0.293 sec
[cefgetfile] Throughput                = 16933369 bps
[cefgetfile] Goodput                   = 16311936 bps
[cefgetfile] Jitter (Ave)              = 502 us
[cefgetfile] Jitter (Max)              = 117544 us
[cefgetfile] Jitter (Var)              = 24002771 us
