[cefgetfile] Start
[cefgetfile] Parsing parameters ...OK
2026-02-13 14:43:48.558 [cefgetfile] INFO: [client] Config directory is ./h6
2026-02-13 14:43:48.558 [cefgetfile] INFO: [client] Local Socket Name is /tmp/cef_9695.6
2026-02-13 14:43:48.558 [cefgetfile] INFO: [client] Listen Port is 9695
[cefgetfile] Init Cefore Client package ... OK
[cefgetfile] Conversion from URI into Name ... OK
[cefgetfile] Checking the output file ... OK
[cefgetfile] Connect to cefnetd ... OK
[cefgetfile] URI=ccnx:/video/stream/content3
[cefgetfile] Start sending Interests
[cefgetfile] Completed to get all the chunks.
[cefgetfile] Unconnect to cefnetd ... OK
[cefgetfile] Terminate
[cefgetfile] Rx Frames (All)           = 424
[cefgetfile] Rx Frames (ContentObject) = 424
[cefgetfile] Rx Bytes (All)            = 449926
[cefgetfile] Rx Bytes (ContentObject)  = 433390
[cefgetfile] Duration                  = 0.205 sec
[cefgetfile] Throughput                = 17656014 bps
[cefgetfile] Goodput                   = 17007107 bps
[cefgetfile] Jitter (Ave)              = 480 us
[cefgetfile] Jitter (Max)              = 7874 us
[cefgetfile] Jitter (Var)              = 917142 us
