[cefgetfile] Start
[cefgetfile] Parsing parameters ...OK
2026-02-13 14:43:25.957 [cefgetfile] INFO: [client] Config directory is ./h1
2026-02-13 14:43:25.957 [cefgetfile] INFO: [client] Local Socket Name is /tmp/cef_9695.1
2026-02-13 14:43:25.957 [cefgetfile] INFO: [client] Listen Port is 9695
[cefgetfile] Init Cefore Client package ... OK
[cefgetfile] Conversion from URI into Name ... OK
[cefgetfile] Checking the output file ... OK
[cefgetfile] Connect to cefnetd ... OK
[cefgetfile] URI=ccnx:/video/stream/content1
[cefgetfile] Start sending Interests
[cefgetfile] Completed to get all the chunks.
[cefgetfile] Unconnect to cefnetd ... OK
[cefgetfile] Terminate
[cefgetfile] Rx Frames (All)           = 424
[cefgetfile] Rx Frames (ContentObject) = 424
[cefgetfile] Rx Bytes (All)            = 449926
[cefgetfile] Rx Bytes (ContentObject)  = 433390
[cefgetfile] Duration                  = 0.224 sec
[cefgetfile] Throughput                = 16156202 bps
[cefgetfile] Goodput                   = 15562418 bps
[cefgetfile] Jitter (Ave)              = 525 us
[cefgetfile] Jitter (Max)              = 8428 us
[cefgetfile] Jitter (Var)              = 777027 us
