[cefgetfile] Start
[cefgetfile] Parsing parameters ...OK
2026-02-18 18:52:36.442 [cefgetfile] INFO: [client] Config directory is ./h8
2026-02-18 18:52:36.442 [cefgetfile] INFO: [client] Local Socket Name is /tmp/cef_9695.8
2026-02-18 18:52:36.442 [cefgetfile] INFO: [client] Listen Port is 9695
[cefgetfile] Init Cefore Client package ... OK
[cefgetfile] Conversion from URI into Name ... OK
[cefgetfile] Checking the output file ... OK
[cefgetfile] Connect to cefnetd ... OK
[cefgetfile] URI=ccnx:/test/data/content2
[cefgetfile] Start sending Interests
[cefgetfile] Completed to get all the chunks.
[cefgetfile] Unconnect to cefnetd ... OK
[cefgetfile] Terminate
[cefgetfile] Rx Frames (All)           = 847
[cefgetfile] Rx Frames (ContentObject) = 847
[cefgetfile] Rx Bytes (All)            = 463882
[cefgetfile] Rx Bytes (ContentObject)  = 433390
[cefgetfile] Duration                  = 0.138 sec
[cefgetfile] Throughput                = 27044767 bps
[cefgetfile] Goodput                   = 25267054 bps
[cefgetfile] Jitter (Ave)              = 162 us
[cefgetfile] Jitter (Max)              = 2776 us
[cefgetfile] Jitter (Var)              = 9463 us
