[cefgetfile] Start
[cefgetfile] Parsing parameters ...OK
2026-01-23 15:05:17.020 [cefgetfile] INFO: [client] Config directory is ./h6
2026-01-23 15:05:17.020 [cefgetfile] INFO: [client] Local Socket Name is /tmp/cef_9695.6
2026-01-23 15:05:17.020 [cefgetfile] INFO: [client] Listen Port is 9695
[cefgetfile] Init Cefore Client package ... OK
[cefgetfile] Conversion from URI into Name ... OK
[cefgetfile] Checking the output file ... OK
[cefgetfile] Connect to cefnetd ... OK
[cefgetfile] URI=ccnx:/test/example8/test.py
[cefgetfile] Start sending Interests
[cefgetfile] Completed to get all the chunks.
[cefgetfile] Unconnect to cefnetd ... OK
[cefgetfile] Terminate
[cefgetfile] Rx Frames (All)           = 424
[cefgetfile] Rx Frames (ContentObject) = 424
[cefgetfile] Rx Bytes (All)            = 449926
[cefgetfile] Rx Bytes (ContentObject)  = 433390
[cefgetfile] Duration                  = 0.085 sec
[cefgetfile] Throughput                = 42956463 bps
[cefgetfile] Goodput                   = 41377697 bps
[cefgetfile] Jitter (Ave)              = 197 us
[cefgetfile] Jitter (Max)              = 8263 us
[cefgetfile] Jitter (Var)              = 160055 us
