[cefgetfile] Start
[cefgetfile] Parsing parameters ...OK
2026-01-27 17:03:21.418 [cefgetfile] INFO: [client] Config directory is ./h3
2026-01-27 17:03:21.419 [cefgetfile] INFO: [client] Local Socket Name is /tmp/cef_9695.3
2026-01-27 17:03:21.419 [cefgetfile] INFO: [client] Listen Port is 9695
[cefgetfile] Init Cefore Client package ... OK
[cefgetfile] Conversion from URI into Name ... OK
[cefgetfile] Checking the output file ... OK
[cefgetfile] Connect to cefnetd ... OK
[cefgetfile] URI=ccnx:/test/example10/test.py
[cefgetfile] Start sending Interests
[cefgetfile] Completed to get all the chunks.
[cefgetfile] Unconnect to cefnetd ... OK
[cefgetfile] Terminate
[cefgetfile] Rx Frames (All)           = 424
[cefgetfile] Rx Frames (ContentObject) = 424
[cefgetfile] Rx Bytes (All)            = 450350
[cefgetfile] Rx Bytes (ContentObject)  = 433390
[cefgetfile] Duration                  = 0.075 sec
[cefgetfile] Throughput                = 48933135 bps
[cefgetfile] Goodput                   = 47090333 bps
[cefgetfile] Jitter (Ave)              = 173 us
[cefgetfile] Jitter (Max)              = 9125 us
[cefgetfile] Jitter (Var)              = 257723 us
