[cefgetfile] Start
[cefgetfile] Parsing parameters ...OK
2026-01-27 17:38:06.201 [cefgetfile] INFO: [client] Config directory is ./h8
2026-01-27 17:38:06.201 [cefgetfile] INFO: [client] Local Socket Name is /tmp/cef_9695.8
2026-01-27 17:38:06.201 [cefgetfile] INFO: [client] Listen Port is 9695
[cefgetfile] Init Cefore Client package ... OK
[cefgetfile] Conversion from URI into Name ... OK
[cefgetfile] Checking the output file ... OK
[cefgetfile] Connect to cefnetd ... OK
[cefgetfile] URI=ccnx:/test/example10/test.py
[cefgetfile] Start sending Interests
[cefgetfile] Completed to get all the chunks.
[cefgetfile] Unconnect to cefnetd ... OK
[cefgetfile] Terminate
[cefgetfile] Rx Frames (All)           = 424
[cefgetfile] Rx Frames (ContentObject) = 424
[cefgetfile] Rx Bytes (All)            = 450350
[cefgetfile] Rx Bytes (ContentObject)  = 433390
[cefgetfile] Duration                  = 2.279 sec
[cefgetfile] Throughput                = 1581766 bps
[cefgetfile] Goodput                   = 1522197 bps
[cefgetfile] Jitter (Ave)              = 5371 us
[cefgetfile] Jitter (Max)              = 74741 us
[cefgetfile] Jitter (Var)              = 121748978 us
