[cefgetfile] Start
[cefgetfile] Parsing parameters ...OK
2026-01-23 14:51:14.786 [cefgetfile] INFO: [client] Config directory is ./h6
2026-01-23 14:51:14.787 [cefgetfile] INFO: [client] Local Socket Name is /tmp/cef_9695.6
2026-01-23 14:51:14.787 [cefgetfile] INFO: [client] Listen Port is 9695
[cefgetfile] Init Cefore Client package ... OK
[cefgetfile] Conversion from URI into Name ... OK
[cefgetfile] Checking the output file ... OK
[cefgetfile] Connect to cefnetd ... OK
[cefgetfile] URI=ccnx:/test/example8/test.py
[cefgetfile] Start sending Interests
[cefgetfile] Completed to get all the chunks.
[cefgetfile] Unconnect to cefnetd ... OK
[cefgetfile] Terminate
[cefgetfile] Rx Frames (All)           = 424
[cefgetfile] Rx Frames (ContentObject) = 424
[cefgetfile] Rx Bytes (All)            = 449926
[cefgetfile] Rx Bytes (ContentObject)  = 433390
[cefgetfile] Duration                  = 0.459 sec
[cefgetfile] Throughput                = 7851769 bps
[cefgetfile] Goodput                   = 7563195 bps
[cefgetfile] Jitter (Ave)              = 1081 us
[cefgetfile] Jitter (Max)              = 15500 us
[cefgetfile] Jitter (Var)              = 3305412 us
