[cefgetfile] Start
[cefgetfile] Parsing parameters ...OK
2026-01-26 17:06:27.108 [cefgetfile] INFO: [client] Config directory is ./h4
2026-01-26 17:06:27.108 [cefgetfile] INFO: [client] Local Socket Name is /tmp/cef_9695.4
2026-01-26 17:06:27.108 [cefgetfile] INFO: [client] Listen Port is 9695
[cefgetfile] Init Cefore Client package ... OK
[cefgetfile] Conversion from URI into Name ... OK
[cefgetfile] Checking the output file ... OK
[cefgetfile] Connect to cefnetd ... OK
[cefgetfile] URI=ccnx:/test/example8/test.py
[cefgetfile] Start sending Interests
[cefgetfile] Completed to get all the chunks.
[cefgetfile] Unconnect to cefnetd ... OK
[cefgetfile] Terminate
[cefgetfile] Rx Frames (All)           = 424
[cefgetfile] Rx Frames (ContentObject) = 424
[cefgetfile] Rx Bytes (All)            = 449926
[cefgetfile] Rx Bytes (ContentObject)  = 433390
[cefgetfile] Duration                  = 0.198 sec
[cefgetfile] Throughput                = 18303067 bps
[cefgetfile] Goodput                   = 17630379 bps
[cefgetfile] Jitter (Ave)              = 463 us
[cefgetfile] Jitter (Max)              = 6447 us
[cefgetfile] Jitter (Var)              = 360929 us
