[cefgetfile] Start
[cefgetfile] Parsing parameters ...OK
2026-02-04 11:18:49.003 [cefgetfile] INFO: [client] Config directory is ./h11
2026-02-04 11:18:49.003 [cefgetfile] INFO: [client] Local Socket Name is /tmp/cef_9695.11
2026-02-04 11:18:49.003 [cefgetfile] INFO: [client] Listen Port is 9695
[cefgetfile] Init Cefore Client package ... OK
[cefgetfile] Conversion from URI into Name ... OK
[cefgetfile] Checking the output file ... OK
[cefgetfile] Connect to cefnetd ... OK
[cefgetfile] URI=ccnx:/emergency/test
[cefgetfile] Start sending Interests
[cefgetfile] Completed to get all the chunks.
[cefgetfile] Unconnect to cefnetd ... OK
[cefgetfile] Terminate
[cefgetfile] Rx Frames (All)           = 1181
[cefgetfile] Rx Frames (ContentObject) = 1181
[cefgetfile] Rx Bytes (All)            = 1243558
[cefgetfile] Rx Bytes (ContentObject)  = 1209309
[cefgetfile] Duration                  = 1.128 sec
[cefgetfile] Throughput                = 8823627 bps
[cefgetfile] Goodput                   = 8580615 bps
[cefgetfile] Jitter (Ave)              = 954 us
[cefgetfile] Jitter (Max)              = 157754 us
[cefgetfile] Jitter (Var)              = 21511860 us
