[cefgetfile] Start
[cefgetfile] Parsing parameters ...OK
2026-01-23 16:10:31.255 [cefgetfile] INFO: [client] Config directory is ./h2
2026-01-23 16:10:31.255 [cefgetfile] INFO: [client] Local Socket Name is /tmp/cef_9695.2
2026-01-23 16:10:31.255 [cefgetfile] INFO: [client] Listen Port is 9695
[cefgetfile] Init Cefore Client package ... OK
[cefgetfile] Conversion from URI into Name ... OK
[cefgetfile] Checking the output file ... OK
[cefgetfile] Connect to cefnetd ... OK
[cefgetfile] URI=ccnx:/test/example8/test.py
[cefgetfile] Start sending Interests
[cefgetfile] Completed to get all the chunks.
[cefgetfile] Unconnect to cefnetd ... OK
[cefgetfile] Terminate
[cefgetfile] Rx Frames (All)           = 424
[cefgetfile] Rx Frames (ContentObject) = 424
[cefgetfile] Rx Bytes (All)            = 449926
[cefgetfile] Rx Bytes (ContentObject)  = 433390
[cefgetfile] Duration                  = 0.088 sec
[cefgetfile] Throughput                = 41249232 bps
[cefgetfile] Goodput                   = 39733211 bps
[cefgetfile] Jitter (Ave)              = 205 us
[cefgetfile] Jitter (Max)              = 4488 us
[cefgetfile] Jitter (Var)              = 50891 us
