*** Creating network
*** Adding controller
*** Adding hosts:
h0 h1 h2 h3 h4 h5 h6 h7 h8 h9 
*** Adding switches:
s0 s1 s2 s3 s4 s5 s6 s7 s8 s9 s10 s11 s12 s13 s14 
*** Adding links:
(h0, s6) (h1, s7) (h1, s8) (h2, s2) (h2, s5) (h2, s9) (h2, s11) (h3, s0) (h3, s5) (h3, s8) (h3, s13) (h4, s0) (h4, s3) (h4, s4) (h4, s6) (h4, s9) (h5, s1) (h5, s2) (h5, s10) (h6, s10) (h6, s14) (h7, s4) (h7, s14) (h8, s7) (h8, s11) (h8, s12) (h9, s1) (h9, s3) (h9, s12) (h9, s13) 
*** Configuring hosts
h0 h1 h2 h3 h4 h5 h6 h7 h8 h9 
*** Starting controller
c0 
*** Starting 15 switches
s0 s1 s2 s3 s4 s5 s6 s7 s8 s9 s10 s11 s12 s13 s14 ...
*** Waiting for switches to connect
s0 s3 s5 s6 s8 s1 s2 s4 s7 s9 s10 s13 s14 s11 s12 
h0-eth0: flags=4163<UP,BROADCAST,RUNNING,MULTICAST>  mtu 1500
        inet 192.168.7.1  netmask 255.255.255.0  broadcast 192.168.7.255
        inet6 fe80::f0c2:edff:fe33:204a  prefixlen 64  scopeid 0x20<link>
        ether f2:c2:ed:33:20:4a  txqueuelen 1000  (Ethernet)
        RX packets 22  bytes 2744 (2.7 KB)
        RX errors 0  dropped 0  overruns 0  frame 0
        TX packets 8  bytes 656 (656.0 B)
        TX errors 0  dropped 0 overruns 0  carrier 0  collisions 0

lo: flags=73<UP,LOOPBACK,RUNNING>  mtu 65536
        inet 127.0.0.1  netmask 255.0.0.0
        inet6 ::1  prefixlen 128  scopeid 0x10<host>
        loop  txqueuelen 1000  (Local Loopback)
        RX packets 0  bytes 0 (0.0 B)
        RX errors 0  dropped 0  overruns 0  frame 0
        TX packets 0  bytes 0 (0.0 B)
        TX errors 0  dropped 0 overruns 0  carrier 0  collisions 0

h1-eth0: flags=4163<UP,BROADCAST,RUNNING,MULTICAST>  mtu 1500
        inet 192.168.8.2  netmask 255.255.255.0  broadcast 192.168.8.255
        inet6 fe80::9070:3ff:fee3:16aa  prefixlen 64  scopeid 0x20<link>
        ether 92:70:03:e3:16:aa  txqueuelen 1000  (Ethernet)
        RX packets 20  bytes 2604 (2.6 KB)
        RX errors 0  dropped 0  overruns 0  frame 0
        TX packets 8  bytes 656 (656.0 B)
        TX errors 0  dropped 0 overruns 0  carrier 0  collisions 0

h1-eth1: flags=4163<UP,BROADCAST,RUNNING,MULTICAST>  mtu 1500
        inet 192.168.9.2  netmask 255.255.255.0  broadcast 192.168.9.255
        inet6 fe80::cc90:2ff:fe8f:2cd9  prefixlen 64  scopeid 0x20<link>
        ether ce:90:02:8f:2c:d9  txqueuelen 1000  (Ethernet)
        RX packets 22  bytes 2744 (2.7 KB)
        RX errors 0  dropped 0  overruns 0  frame 0
        TX packets 8  bytes 656 (656.0 B)
        TX errors 0  dropped 0 overruns 0  carrier 0  collisions 0

lo: flags=73<UP,LOOPBACK,RUNNING>  mtu 65536
        inet 127.0.0.1  netmask 255.0.0.0
        inet6 ::1  prefixlen 128  scopeid 0x10<host>
        loop  txqueuelen 1000  (Local Loopback)
        RX packets 0  bytes 0 (0.0 B)
        RX errors 0  dropped 0  overruns 0  frame 0
        TX packets 0  bytes 0 (0.0 B)
        TX errors 0  dropped 0 overruns 0  carrier 0  collisions 0

h2-eth0: flags=4163<UP,BROADCAST,RUNNING,MULTICAST>  mtu 1500
        inet 192.168.3.3  netmask 255.255.255.0  broadcast 192.168.3.255
        inet6 fe80::4cd2:dff:fee5:870b  prefixlen 64  scopeid 0x20<link>
        ether 4e:d2:0d:e5:87:0b  txqueuelen 1000  (Ethernet)
        RX packets 20  bytes 2604 (2.6 KB)
        RX errors 0  dropped 0  overruns 0  frame 0
        TX packets 8  bytes 656 (656.0 B)
        TX errors 0  dropped 0 overruns 0  carrier 0  collisions 0

h2-eth1: flags=4163<UP,BROADCAST,RUNNING,MULTICAST>  mtu 1500
        inet 192.168.6.3  netmask 255.255.255.0  broadcast 192.168.6.255
        inet6 fe80::7869:11ff:feda:865b  prefixlen 64  scopeid 0x20<link>
        ether 7a:69:11:da:86:5b  txqueuelen 1000  (Ethernet)
        RX packets 22  bytes 2744 (2.7 KB)
        RX errors 0  dropped 0  overruns 0  frame 0
        TX packets 8  bytes 656 (656.0 B)
        TX errors 0  dropped 0 overruns 0  carrier 0  collisions 0

h2-eth2: flags=4163<UP,BROADCAST,RUNNING,MULTICAST>  mtu 1500
        inet 192.168.10.3  netmask 255.255.255.0  broadcast 192.168.10.255
        inet6 fe80::5054:83ff:fe63:4450  prefixlen 64  scopeid 0x20<link>
        ether 52:54:83:63:44:50  txqueuelen 1000  (Ethernet)
        RX packets 22  bytes 2744 (2.7 KB)
        RX errors 0  dropped 0  overruns 0  frame 0
        TX packets 8  bytes 656 (656.0 B)
        TX errors 0  dropped 0 overruns 0  carrier 0  collisions 0

h2-eth3: flags=4163<UP,BROADCAST,RUNNING,MULTICAST>  mtu 1500
        inet 192.168.12.3  netmask 255.255.255.0  broadcast 192.168.12.255
        inet6 fe80::8e3:b7ff:fe8a:b520  prefixlen 64  scopeid 0x20<link>
        ether 0a:e3:b7:8a:b5:20  txqueuelen 1000  (Ethernet)
        RX packets 20  bytes 2604 (2.6 KB)
        RX errors 0  dropped 0  overruns 0  frame 0
        TX packets 8  bytes 656 (656.0 B)
        TX errors 0  dropped 0 overruns 0  carrier 0  collisions 0

lo: flags=73<UP,LOOPBACK,RUNNING>  mtu 65536
        inet 127.0.0.1  netmask 255.0.0.0
        inet6 ::1  prefixlen 128  scopeid 0x10<host>
        loop  txqueuelen 1000  (Local Loopback)
        RX packets 0  bytes 0 (0.0 B)
        RX errors 0  dropped 0  overruns 0  frame 0
        TX packets 0  bytes 0 (0.0 B)
        TX errors 0  dropped 0 overruns 0  carrier 0  collisions 0

h3-eth0: flags=4163<UP,BROADCAST,RUNNING,MULTICAST>  mtu 1500
        inet 192.168.1.4  netmask 255.255.255.0  broadcast 192.168.1.255
        inet6 fe80::40d7:eeff:fea5:9379  prefixlen 64  scopeid 0x20<link>
        ether 42:d7:ee:a5:93:79  txqueuelen 1000  (Ethernet)
        RX packets 22  bytes 2744 (2.7 KB)
        RX errors 0  dropped 0  overruns 0  frame 0
        TX packets 8  bytes 656 (656.0 B)
        TX errors 0  dropped 0 overruns 0  carrier 0  collisions 0

h3-eth1: flags=4163<UP,BROADCAST,RUNNING,MULTICAST>  mtu 1500
        inet 192.168.6.4  netmask 255.255.255.0  broadcast 192.168.6.255
        inet6 fe80::aca4:1dff:fe68:bac8  prefixlen 64  scopeid 0x20<link>
        ether ae:a4:1d:68:ba:c8  txqueuelen 1000  (Ethernet)
        RX packets 22  bytes 2744 (2.7 KB)
        RX errors 0  dropped 0  overruns 0  frame 0
        TX packets 8  bytes 656 (656.0 B)
        TX errors 0  dropped 0 overruns 0  carrier 0  collisions 0

h3-eth2: flags=4163<UP,BROADCAST,RUNNING,MULTICAST>  mtu 1500
        inet 192.168.9.4  netmask 255.255.255.0  broadcast 192.168.9.255
        inet6 fe80::5023:90ff:fe87:c741  prefixlen 64  scopeid 0x20<link>
        ether 52:23:90:87:c7:41  txqueuelen 1000  (Ethernet)
        RX packets 22  bytes 2744 (2.7 KB)
        RX errors 0  dropped 0  overruns 0  frame 0
        TX packets 8  bytes 656 (656.0 B)
        TX errors 0  dropped 0 overruns 0  carrier 0  collisions 0

h3-eth3: flags=4163<UP,BROADCAST,RUNNING,MULTICAST>  mtu 1500
        inet 192.168.14.4  netmask 255.255.255.0  broadcast 192.168.14.255
        inet6 fe80::2c11:dfff:feb8:2190  prefixlen 64  scopeid 0x20<link>
        ether 2e:11:df:b8:21:90  txqueuelen 1000  (Ethernet)
        RX packets 20  bytes 2604 (2.6 KB)
        RX errors 0  dropped 0  overruns 0  frame 0
        TX packets 8  bytes 656 (656.0 B)
        TX errors 0  dropped 0 overruns 0  carrier 0  collisions 0

lo: flags=73<UP,LOOPBACK,RUNNING>  mtu 65536
        inet 127.0.0.1  netmask 255.0.0.0
        inet6 ::1  prefixlen 128  scopeid 0x10<host>
        loop  txqueuelen 1000  (Local Loopback)
        RX packets 0  bytes 0 (0.0 B)
        RX errors 0  dropped 0  overruns 0  frame 0
        TX packets 0  bytes 0 (0.0 B)
        TX errors 0  dropped 0 overruns 0  carrier 0  collisions 0

h4-eth0: flags=4163<UP,BROADCAST,RUNNING,MULTICAST>  mtu 1500
        inet 192.168.1.5  netmask 255.255.255.0  broadcast 192.168.1.255
        inet6 fe80::28d5:d9ff:fea1:9652  prefixlen 64  scopeid 0x20<link>
        ether 2a:d5:d9:a1:96:52  txqueuelen 1000  (Ethernet)
        RX packets 22  bytes 2744 (2.7 KB)
        RX errors 0  dropped 0  overruns 0  frame 0
        TX packets 8  bytes 656 (656.0 B)
        TX errors 0  dropped 0 overruns 0  carrier 0  collisions 0

h4-eth1: flags=4163<UP,BROADCAST,RUNNING,MULTICAST>  mtu 1500
        inet 192.168.4.5  netmask 255.255.255.0  broadcast 192.168.4.255
        inet6 fe80::d04e:2aff:fe09:79b6  prefixlen 64  scopeid 0x20<link>
        ether d2:4e:2a:09:79:b6  txqueuelen 1000  (Ethernet)
        RX packets 22  bytes 2744 (2.7 KB)
        RX errors 0  dropped 0  overruns 0  frame 0
        TX packets 8  bytes 656 (656.0 B)
        TX errors 0  dropped 0 overruns 0  carrier 0  collisions 0

h4-eth2: flags=4163<UP,BROADCAST,RUNNING,MULTICAST>  mtu 1500
        inet 192.168.5.5  netmask 255.255.255.0  broadcast 192.168.5.255
        inet6 fe80::6806:eeff:fe50:553d  prefixlen 64  scopeid 0x20<link>
        ether 6a:06:ee:50:55:3d  txqueuelen 1000  (Ethernet)
        RX packets 20  bytes 2604 (2.6 KB)
        RX errors 0  dropped 0  overruns 0  frame 0
        TX packets 8  bytes 656 (656.0 B)
        TX errors 0  dropped 0 overruns 0  carrier 0  collisions 0

h4-eth3: flags=4163<UP,BROADCAST,RUNNING,MULTICAST>  mtu 1500
        inet 192.168.7.5  netmask 255.255.255.0  broadcast 192.168.7.255
        inet6 fe80::4864:beff:fe3f:e615  prefixlen 64  scopeid 0x20<link>
        ether 4a:64:be:3f:e6:15  txqueuelen 1000  (Ethernet)
        RX packets 21  bytes 2674 (2.6 KB)
        RX errors 0  dropped 0  overruns 0  frame 0
        TX packets 8  bytes 656 (656.0 B)
        TX errors 0  dropped 0 overruns 0  carrier 0  collisions 0

h4-eth4: flags=4163<UP,BROADCAST,RUNNING,MULTICAST>  mtu 1500
        inet 192.168.10.5  netmask 255.255.255.0  broadcast 192.168.10.255
        inet6 fe80::e0a3:e4ff:fe0b:2920  prefixlen 64  scopeid 0x20<link>
        ether e2:a3:e4:0b:29:20  txqueuelen 1000  (Ethernet)
        RX packets 22  bytes 2744 (2.7 KB)
        RX errors 0  dropped 0  overruns 0  frame 0
        TX packets 8  bytes 656 (656.0 B)
        TX errors 0  dropped 0 overruns 0  carrier 0  collisions 0

lo: flags=73<UP,LOOPBACK,RUNNING>  mtu 65536
        inet 127.0.0.1  netmask 255.0.0.0
        inet6 ::1  prefixlen 128  scopeid 0x10<host>
        loop  txqueuelen 1000  (Local Loopback)
        RX packets 0  bytes 0 (0.0 B)
        RX errors 0  dropped 0  overruns 0  frame 0
        TX packets 0  bytes 0 (0.0 B)
        TX errors 0  dropped 0 overruns 0  carrier 0  collisions 0

h5-eth0: flags=4163<UP,BROADCAST,RUNNING,MULTICAST>  mtu 1500
        inet 192.168.2.6  netmask 255.255.255.0  broadcast 192.168.2.255
        inet6 fe80::ec89:aeff:fec4:8530  prefixlen 64  scopeid 0x20<link>
        ether ee:89:ae:c4:85:30  txqueuelen 1000  (Ethernet)
        RX packets 20  bytes 2604 (2.6 KB)
        RX errors 0  dropped 0  overruns 0  frame 0
        TX packets 8  bytes 656 (656.0 B)
        TX errors 0  dropped 0 overruns 0  carrier 0  collisions 0

h5-eth1: flags=4163<UP,BROADCAST,RUNNING,MULTICAST>  mtu 1500
        inet 192.168.3.6  netmask 255.255.255.0  broadcast 192.168.3.255
        inet6 fe80::bc8e:fff:fe5c:e094  prefixlen 64  scopeid 0x20<link>
        ether be:8e:0f:5c:e0:94  txqueuelen 1000  (Ethernet)
        RX packets 20  bytes 2604 (2.6 KB)
        RX errors 0  dropped 0  overruns 0  frame 0
        TX packets 8  bytes 656 (656.0 B)
        TX errors 0  dropped 0 overruns 0  carrier 0  collisions 0

h5-eth2: flags=4163<UP,BROADCAST,RUNNING,MULTICAST>  mtu 1500
        inet 192.168.11.6  netmask 255.255.255.0  broadcast 192.168.11.255
        inet6 fe80::3ca4:4ff:fe6c:8775  prefixlen 64  scopeid 0x20<link>
        ether 3e:a4:04:6c:87:75  txqueuelen 1000  (Ethernet)
        RX packets 20  bytes 2604 (2.6 KB)
        RX errors 0  dropped 0  overruns 0  frame 0
        TX packets 8  bytes 656 (656.0 B)
        TX errors 0  dropped 0 overruns 0  carrier 0  collisions 0

lo: flags=73<UP,LOOPBACK,RUNNING>  mtu 65536
        inet 127.0.0.1  netmask 255.0.0.0
        inet6 ::1  prefixlen 128  scopeid 0x10<host>
        loop  txqueuelen 1000  (Local Loopback)
        RX packets 0  bytes 0 (0.0 B)
        RX errors 0  dropped 0  overruns 0  frame 0
        TX packets 0  bytes 0 (0.0 B)
        TX errors 0  dropped 0 overruns 0  carrier 0  collisions 0

h6-eth0: flags=4163<UP,BROADCAST,RUNNING,MULTICAST>  mtu 1500
        inet 192.168.11.7  netmask 255.255.255.0  broadcast 192.168.11.255
        inet6 fe80::4bd:fdff:fed9:12a5  prefixlen 64  scopeid 0x20<link>
        ether 06:bd:fd:d9:12:a5  txqueuelen 1000  (Ethernet)
        RX packets 20  bytes 2604 (2.6 KB)
        RX errors 0  dropped 0  overruns 0  frame 0
        TX packets 8  bytes 656 (656.0 B)
        TX errors 0  dropped 0 overruns 0  carrier 0  collisions 0

h6-eth1: flags=4163<UP,BROADCAST,RUNNING,MULTICAST>  mtu 1500
        inet 192.168.15.7  netmask 255.255.255.0  broadcast 192.168.15.255
        inet6 fe80::d89a:bcff:fe80:8b59  prefixlen 64  scopeid 0x20<link>
        ether da:9a:bc:80:8b:59  txqueuelen 1000  (Ethernet)
        RX packets 20  bytes 2604 (2.6 KB)
        RX errors 0  dropped 0  overruns 0  frame 0
        TX packets 8  bytes 656 (656.0 B)
        TX errors 0  dropped 0 overruns 0  carrier 0  collisions 0

lo: flags=73<UP,LOOPBACK,RUNNING>  mtu 65536
        inet 127.0.0.1  netmask 255.0.0.0
        inet6 ::1  prefixlen 128  scopeid 0x10<host>
        loop  txqueuelen 1000  (Local Loopback)
        RX packets 0  bytes 0 (0.0 B)
        RX errors 0  dropped 0  overruns 0  frame 0
        TX packets 0  bytes 0 (0.0 B)
        TX errors 0  dropped 0 overruns 0  carrier 0  collisions 0

h7-eth0: flags=4163<UP,BROADCAST,RUNNING,MULTICAST>  mtu 1500
        inet 192.168.5.8  netmask 255.255.255.0  broadcast 192.168.5.255
        inet6 fe80::40ff:cbff:fe65:e09c  prefixlen 64  scopeid 0x20<link>
        ether 42:ff:cb:65:e0:9c  txqueuelen 1000  (Ethernet)
        RX packets 20  bytes 2604 (2.6 KB)
        RX errors 0  dropped 0  overruns 0  frame 0
        TX packets 8  bytes 656 (656.0 B)
        TX errors 0  dropped 0 overruns 0  carrier 0  collisions 0

h7-eth1: flags=4163<UP,BROADCAST,RUNNING,MULTICAST>  mtu 1500
        inet 192.168.15.8  netmask 255.255.255.0  broadcast 192.168.15.255
        inet6 fe80::70dc:b4ff:fe0f:e25f  prefixlen 64  scopeid 0x20<link>
        ether 72:dc:b4:0f:e2:5f  txqueuelen 1000  (Ethernet)
        RX packets 20  bytes 2604 (2.6 KB)
        RX errors 0  dropped 0  overruns 0  frame 0
        TX packets 8  bytes 656 (656.0 B)
        TX errors 0  dropped 0 overruns 0  carrier 0  collisions 0

lo: flags=73<UP,LOOPBACK,RUNNING>  mtu 65536
        inet 127.0.0.1  netmask 255.0.0.0
        inet6 ::1  prefixlen 128  scopeid 0x10<host>
        loop  txqueuelen 1000  (Local Loopback)
        RX packets 0  bytes 0 (0.0 B)
        RX errors 0  dropped 0  overruns 0  frame 0
        TX packets 0  bytes 0 (0.0 B)
        TX errors 0  dropped 0 overruns 0  carrier 0  collisions 0

h8-eth0: flags=4163<UP,BROADCAST,RUNNING,MULTICAST>  mtu 1500
        inet 192.168.8.9  netmask 255.255.255.0  broadcast 192.168.8.255
        inet6 fe80::4c30:deff:fe0a:b1c3  prefixlen 64  scopeid 0x20<link>
        ether 4e:30:de:0a:b1:c3  txqueuelen 1000  (Ethernet)
        RX packets 20  bytes 2604 (2.6 KB)
        RX errors 0  dropped 0  overruns 0  frame 0
        TX packets 8  bytes 656 (656.0 B)
        TX errors 0  dropped 0 overruns 0  carrier 0  collisions 0

h8-eth1: flags=4163<UP,BROADCAST,RUNNING,MULTICAST>  mtu 1500
        inet 192.168.12.9  netmask 255.255.255.0  broadcast 192.168.12.255
        inet6 fe80::c02d:c4ff:fece:20ec  prefixlen 64  scopeid 0x20<link>
        ether c2:2d:c4:ce:20:ec  txqueuelen 1000  (Ethernet)
        RX packets 20  bytes 2604 (2.6 KB)
        RX errors 0  dropped 0  overruns 0  frame 0
        TX packets 8  bytes 656 (656.0 B)
        TX errors 0  dropped 0 overruns 0  carrier 0  collisions 0

h8-eth2: flags=4163<UP,BROADCAST,RUNNING,MULTICAST>  mtu 1500
        inet 192.168.13.9  netmask 255.255.255.0  broadcast 192.168.13.255
        inet6 fe80::c851:37ff:fe39:305a  prefixlen 64  scopeid 0x20<link>
        ether ca:51:37:39:30:5a  txqueuelen 1000  (Ethernet)
        RX packets 20  bytes 2604 (2.6 KB)
        RX errors 0  dropped 0  overruns 0  frame 0
        TX packets 8  bytes 656 (656.0 B)
        TX errors 0  dropped 0 overruns 0  carrier 0  collisions 0

lo: flags=73<UP,LOOPBACK,RUNNING>  mtu 65536
        inet 127.0.0.1  netmask 255.0.0.0
        inet6 ::1  prefixlen 128  scopeid 0x10<host>
        loop  txqueuelen 1000  (Local Loopback)
        RX packets 0  bytes 0 (0.0 B)
        RX errors 0  dropped 0  overruns 0  frame 0
        TX packets 0  bytes 0 (0.0 B)
        TX errors 0  dropped 0 overruns 0  carrier 0  collisions 0

h9-eth0: flags=4163<UP,BROADCAST,RUNNING,MULTICAST>  mtu 1500
        inet 192.168.2.10  netmask 255.255.255.0  broadcast 192.168.2.255
        inet6 fe80::68c6:afff:fe4b:b890  prefixlen 64  scopeid 0x20<link>
        ether 6a:c6:af:4b:b8:90  txqueuelen 1000  (Ethernet)
        RX packets 20  bytes 2604 (2.6 KB)
        RX errors 0  dropped 0  overruns 0  frame 0
        TX packets 8  bytes 656 (656.0 B)
        TX errors 0  dropped 0 overruns 0  carrier 0  collisions 0

h9-eth1: flags=4163<UP,BROADCAST,RUNNING,MULTICAST>  mtu 1500
        inet 192.168.4.10  netmask 255.255.255.0  broadcast 192.168.4.255
        inet6 fe80::d86b:8eff:fe94:74cc  prefixlen 64  scopeid 0x20<link>
        ether da:6b:8e:94:74:cc  txqueuelen 1000  (Ethernet)
        RX packets 22  bytes 2744 (2.7 KB)
        RX errors 0  dropped 0  overruns 0  frame 0
        TX packets 8  bytes 656 (656.0 B)
        TX errors 0  dropped 0 overruns 0  carrier 0  collisions 0

h9-eth2: flags=4163<UP,BROADCAST,RUNNING,MULTICAST>  mtu 1500
        inet 192.168.13.10  netmask 255.255.255.0  broadcast 192.168.13.255
        inet6 fe80::c4a8:e6ff:fed5:5e5c  prefixlen 64  scopeid 0x20<link>
        ether c6:a8:e6:d5:5e:5c  txqueuelen 1000  (Ethernet)
        RX packets 20  bytes 2604 (2.6 KB)
        RX errors 0  dropped 0  overruns 0  frame 0
        TX packets 8  bytes 656 (656.0 B)
        TX errors 0  dropped 0 overruns 0  carrier 0  collisions 0

h9-eth3: flags=4163<UP,BROADCAST,RUNNING,MULTICAST>  mtu 1500
        inet 192.168.14.10  netmask 255.255.255.0  broadcast 192.168.14.255
        inet6 fe80::fcc2:edff:fe9c:902f  prefixlen 64  scopeid 0x20<link>
        ether fe:c2:ed:9c:90:2f  txqueuelen 1000  (Ethernet)
        RX packets 20  bytes 2604 (2.6 KB)
        RX errors 0  dropped 0  overruns 0  frame 0
        TX packets 8  bytes 656 (656.0 B)
        TX errors 0  dropped 0 overruns 0  carrier 0  collisions 0

lo: flags=73<UP,LOOPBACK,RUNNING>  mtu 65536
        inet 127.0.0.1  netmask 255.0.0.0
        inet6 ::1  prefixlen 128  scopeid 0x10<host>
        loop  txqueuelen 1000  (Local Loopback)
        RX packets 0  bytes 0 (0.0 B)
        RX errors 0  dropped 0  overruns 0  frame 0
        TX packets 0  bytes 0 (0.0 B)
        TX errors 0  dropped 0 overruns 0  carrier 0  collisions 0

removed stale socket /tmp/cef_9695.0
removed stale socket /tmp/cef_9695.1
removed stale socket /tmp/cef_9695.2
removed stale socket /tmp/cef_9695.3
removed stale socket /tmp/cef_9695.4
removed stale socket /tmp/cef_9695.5
removed stale socket /tmp/cef_9695.6
removed stale socket /tmp/cef_9695.7
removed stale socket /tmp/cef_9695.8
removed stale socket /tmp/cef_9695.9
2026-01-28 15:49:20.977 [cefctrl] INFO: [client] Config directory is ./h0
2026-01-28 15:49:20.977 [cefctrl] INFO: [client] Local Socket Name is /tmp/cef_9695.0
2026-01-28 15:49:20.977 [cefctrl] INFO: [client] Listen Port is 9695
done. (cefroute)
2026-01-28 15:49:20.985 [cefctrl] INFO: [client] Config directory is ./h1
2026-01-28 15:49:20.985 [cefctrl] INFO: [client] Local Socket Name is /tmp/cef_9695.1
2026-01-28 15:49:20.985 [cefctrl] INFO: [client] Listen Port is 9695
done. (cefroute)
2026-01-28 15:49:20.992 [cefctrl] INFO: [client] Config directory is ./h1
2026-01-28 15:49:20.992 [cefctrl] INFO: [client] Local Socket Name is /tmp/cef_9695.1
2026-01-28 15:49:20.992 [cefctrl] INFO: [client] Listen Port is 9695
done. (cefroute)
2026-01-28 15:49:20.999 [cefctrl] INFO: [client] Config directory is ./h2
2026-01-28 15:49:20.999 [cefctrl] INFO: [client] Local Socket Name is /tmp/cef_9695.2
2026-01-28 15:49:20.999 [cefctrl] INFO: [client] Listen Port is 9695
done. (cefroute)
2026-01-28 15:49:21.006 [cefctrl] INFO: [client] Config directory is ./h2
2026-01-28 15:49:21.006 [cefctrl] INFO: [client] Local Socket Name is /tmp/cef_9695.2
2026-01-28 15:49:21.006 [cefctrl] INFO: [client] Listen Port is 9695
done. (cefroute)
2026-01-28 15:49:21.013 [cefctrl] INFO: [client] Config directory is ./h3
2026-01-28 15:49:21.013 [cefctrl] INFO: [client] Local Socket Name is /tmp/cef_9695.3
2026-01-28 15:49:21.013 [cefctrl] INFO: [client] Listen Port is 9695
done. (cefroute)
2026-01-28 15:49:21.020 [cefctrl] INFO: [client] Config directory is ./h3
2026-01-28 15:49:21.020 [cefctrl] INFO: [client] Local Socket Name is /tmp/cef_9695.3
2026-01-28 15:49:21.020 [cefctrl] INFO: [client] Listen Port is 9695
done. (cefroute)
2026-01-28 15:49:21.027 [cefctrl] INFO: [client] Config directory is ./h4
2026-01-28 15:49:21.028 [cefctrl] INFO: [client] Local Socket Name is /tmp/cef_9695.4
2026-01-28 15:49:21.028 [cefctrl] INFO: [client] Listen Port is 9695
done. (cefroute)
2026-01-28 15:49:21.034 [cefctrl] INFO: [client] Config directory is ./h4
2026-01-28 15:49:21.034 [cefctrl] INFO: [client] Local Socket Name is /tmp/cef_9695.4
2026-01-28 15:49:21.034 [cefctrl] INFO: [client] Listen Port is 9695
done. (cefroute)
2026-01-28 15:49:21.041 [cefctrl] INFO: [client] Config directory is ./h5
2026-01-28 15:49:21.041 [cefctrl] INFO: [client] Local Socket Name is /tmp/cef_9695.5
2026-01-28 15:49:21.041 [cefctrl] INFO: [client] Listen Port is 9695
done. (cefroute)
2026-01-28 15:49:21.048 [cefctrl] INFO: [client] Config directory is ./h5
2026-01-28 15:49:21.048 [cefctrl] INFO: [client] Local Socket Name is /tmp/cef_9695.5
2026-01-28 15:49:21.048 [cefctrl] INFO: [client] Listen Port is 9695
done. (cefroute)
2026-01-28 15:49:21.055 [cefctrl] INFO: [client] Config directory is ./h6
2026-01-28 15:49:21.055 [cefctrl] INFO: [client] Local Socket Name is /tmp/cef_9695.6
2026-01-28 15:49:21.055 [cefctrl] INFO: [client] Listen Port is 9695
done. (cefroute)
2026-01-28 15:49:21.062 [cefctrl] INFO: [client] Config directory is ./h6
2026-01-28 15:49:21.062 [cefctrl] INFO: [client] Local Socket Name is /tmp/cef_9695.6
2026-01-28 15:49:21.062 [cefctrl] INFO: [client] Listen Port is 9695
done. (cefroute)
2026-01-28 15:49:21.069 [cefctrl] INFO: [client] Config directory is ./h7
2026-01-28 15:49:21.069 [cefctrl] INFO: [client] Local Socket Name is /tmp/cef_9695.7
2026-01-28 15:49:21.069 [cefctrl] INFO: [client] Listen Port is 9695
done. (cefroute)
2026-01-28 15:49:21.075 [cefctrl] INFO: [client] Config directory is ./h7
2026-01-28 15:49:21.075 [cefctrl] INFO: [client] Local Socket Name is /tmp/cef_9695.7
2026-01-28 15:49:21.075 [cefctrl] INFO: [client] Listen Port is 9695
done. (cefroute)
2026-01-28 15:49:21.081 [cefctrl] INFO: [client] Config directory is ./h8
2026-01-28 15:49:21.081 [cefctrl] INFO: [client] Local Socket Name is /tmp/cef_9695.8
2026-01-28 15:49:21.081 [cefctrl] INFO: [client] Listen Port is 9695
done. (cefroute)
2026-01-28 15:49:21.088 [cefctrl] INFO: [client] Config directory is ./h8
2026-01-28 15:49:21.088 [cefctrl] INFO: [client] Local Socket Name is /tmp/cef_9695.8
2026-01-28 15:49:21.088 [cefctrl] INFO: [client] Listen Port is 9695
done. (cefroute)
2026-01-28 15:49:21.095 [cefctrl] INFO: [client] Config directory is ./h0
2026-01-28 15:49:21.095 [cefctrl] INFO: [client] Local Socket Name is /tmp/cef_9695.0
2026-01-28 15:49:21.095 [cefctrl] INFO: [client] Listen Port is 9695
done. (cefroute)
2026-01-28 15:49:21.101 [cefctrl] INFO: [client] Config directory is ./h1
2026-01-28 15:49:21.102 [cefctrl] INFO: [client] Local Socket Name is /tmp/cef_9695.1
2026-01-28 15:49:21.102 [cefctrl] INFO: [client] Listen Port is 9695
done. (cefroute)
2026-01-28 15:49:21.108 [cefctrl] INFO: [client] Config directory is ./h1
2026-01-28 15:49:21.109 [cefctrl] INFO: [client] Local Socket Name is /tmp/cef_9695.1
2026-01-28 15:49:21.109 [cefctrl] INFO: [client] Listen Port is 9695
done. (cefroute)
2026-01-28 15:49:21.115 [cefctrl] INFO: [client] Config directory is ./h2
2026-01-28 15:49:21.115 [cefctrl] INFO: [client] Local Socket Name is /tmp/cef_9695.2
2026-01-28 15:49:21.115 [cefctrl] INFO: [client] Listen Port is 9695
done. (cefroute)
2026-01-28 15:49:21.122 [cefctrl] INFO: [client] Config directory is ./h2
2026-01-28 15:49:21.122 [cefctrl] INFO: [client] Local Socket Name is /tmp/cef_9695.2
2026-01-28 15:49:21.122 [cefctrl] INFO: [client] Listen Port is 9695
done. (cefroute)
2026-01-28 15:49:21.129 [cefctrl] INFO: [client] Config directory is ./h3
2026-01-28 15:49:21.129 [cefctrl] INFO: [client] Local Socket Name is /tmp/cef_9695.3
2026-01-28 15:49:21.129 [cefctrl] INFO: [client] Listen Port is 9695
done. (cefroute)
2026-01-28 15:49:21.135 [cefctrl] INFO: [client] Config directory is ./h3
2026-01-28 15:49:21.135 [cefctrl] INFO: [client] Local Socket Name is /tmp/cef_9695.3
2026-01-28 15:49:21.135 [cefctrl] INFO: [client] Listen Port is 9695
done. (cefroute)
2026-01-28 15:49:21.142 [cefctrl] INFO: [client] Config directory is ./h4
2026-01-28 15:49:21.142 [cefctrl] INFO: [client] Local Socket Name is /tmp/cef_9695.4
2026-01-28 15:49:21.142 [cefctrl] INFO: [client] Listen Port is 9695
done. (cefroute)
2026-01-28 15:49:21.148 [cefctrl] INFO: [client] Config directory is ./h4
2026-01-28 15:49:21.148 [cefctrl] INFO: [client] Local Socket Name is /tmp/cef_9695.4
2026-01-28 15:49:21.148 [cefctrl] INFO: [client] Listen Port is 9695
done. (cefroute)
2026-01-28 15:49:21.155 [cefctrl] INFO: [client] Config directory is ./h5
2026-01-28 15:49:21.155 [cefctrl] INFO: [client] Local Socket Name is /tmp/cef_9695.5
2026-01-28 15:49:21.155 [cefctrl] INFO: [client] Listen Port is 9695
done. (cefroute)
2026-01-28 15:49:21.162 [cefctrl] INFO: [client] Config directory is ./h5
2026-01-28 15:49:21.162 [cefctrl] INFO: [client] Local Socket Name is /tmp/cef_9695.5
2026-01-28 15:49:21.162 [cefctrl] INFO: [client] Listen Port is 9695
done. (cefroute)
2026-01-28 15:49:21.169 [cefctrl] INFO: [client] Config directory is ./h6
2026-01-28 15:49:21.169 [cefctrl] INFO: [client] Local Socket Name is /tmp/cef_9695.6
2026-01-28 15:49:21.169 [cefctrl] INFO: [client] Listen Port is 9695
done. (cefroute)
2026-01-28 15:49:21.175 [cefctrl] INFO: [client] Config directory is ./h6
2026-01-28 15:49:21.175 [cefctrl] INFO: [client] Local Socket Name is /tmp/cef_9695.6
2026-01-28 15:49:21.175 [cefctrl] INFO: [client] Listen Port is 9695
done. (cefroute)
2026-01-28 15:49:21.181 [cefctrl] INFO: [client] Config directory is ./h7
2026-01-28 15:49:21.181 [cefctrl] INFO: [client] Local Socket Name is /tmp/cef_9695.7
2026-01-28 15:49:21.181 [cefctrl] INFO: [client] Listen Port is 9695
done. (cefroute)
2026-01-28 15:49:21.187 [cefctrl] INFO: [client] Config directory is ./h7
2026-01-28 15:49:21.187 [cefctrl] INFO: [client] Local Socket Name is /tmp/cef_9695.7
2026-01-28 15:49:21.187 [cefctrl] INFO: [client] Listen Port is 9695
done. (cefroute)
2026-01-28 15:49:21.194 [cefctrl] INFO: [client] Config directory is ./h8
2026-01-28 15:49:21.194 [cefctrl] INFO: [client] Local Socket Name is /tmp/cef_9695.8
2026-01-28 15:49:21.194 [cefctrl] INFO: [client] Listen Port is 9695
done. (cefroute)
2026-01-28 15:49:21.200 [cefctrl] INFO: [client] Config directory is ./h8
2026-01-28 15:49:21.200 [cefctrl] INFO: [client] Local Socket Name is /tmp/cef_9695.8
2026-01-28 15:49:21.200 [cefctrl] INFO: [client] Listen Port is 9695
done. (cefroute)
2026-01-28 15:49:21.207 [cefctrl] INFO: [client] Config directory is ./h0
2026-01-28 15:49:21.207 [cefctrl] INFO: [client] Local Socket Name is /tmp/cef_9695.0
2026-01-28 15:49:21.207 [cefctrl] INFO: [client] Listen Port is 9695
done. (cefroute)
2026-01-28 15:49:21.214 [cefctrl] INFO: [client] Config directory is ./h1
2026-01-28 15:49:21.214 [cefctrl] INFO: [client] Local Socket Name is /tmp/cef_9695.1
2026-01-28 15:49:21.214 [cefctrl] INFO: [client] Listen Port is 9695
done. (cefroute)
2026-01-28 15:49:21.220 [cefctrl] INFO: [client] Config directory is ./h1
2026-01-28 15:49:21.221 [cefctrl] INFO: [client] Local Socket Name is /tmp/cef_9695.1
2026-01-28 15:49:21.221 [cefctrl] INFO: [client] Listen Port is 9695
done. (cefroute)
2026-01-28 15:49:21.226 [cefctrl] INFO: [client] Config directory is ./h2
2026-01-28 15:49:21.226 [cefctrl] INFO: [client] Local Socket Name is /tmp/cef_9695.2
2026-01-28 15:49:21.226 [cefctrl] INFO: [client] Listen Port is 9695
done. (cefroute)
2026-01-28 15:49:21.233 [cefctrl] INFO: [client] Config directory is ./h2
2026-01-28 15:49:21.233 [cefctrl] INFO: [client] Local Socket Name is /tmp/cef_9695.2
2026-01-28 15:49:21.233 [cefctrl] INFO: [client] Listen Port is 9695
done. (cefroute)
2026-01-28 15:49:21.240 [cefctrl] INFO: [client] Config directory is ./h3
2026-01-28 15:49:21.240 [cefctrl] INFO: [client] Local Socket Name is /tmp/cef_9695.3
2026-01-28 15:49:21.240 [cefctrl] INFO: [client] Listen Port is 9695
done. (cefroute)
2026-01-28 15:49:21.246 [cefctrl] INFO: [client] Config directory is ./h3
2026-01-28 15:49:21.246 [cefctrl] INFO: [client] Local Socket Name is /tmp/cef_9695.3
2026-01-28 15:49:21.246 [cefctrl] INFO: [client] Listen Port is 9695
done. (cefroute)
2026-01-28 15:49:21.252 [cefctrl] INFO: [client] Config directory is ./h4
2026-01-28 15:49:21.252 [cefctrl] INFO: [client] Local Socket Name is /tmp/cef_9695.4
2026-01-28 15:49:21.252 [cefctrl] INFO: [client] Listen Port is 9695
done. (cefroute)
2026-01-28 15:49:21.258 [cefctrl] INFO: [client] Config directory is ./h4
2026-01-28 15:49:21.258 [cefctrl] INFO: [client] Local Socket Name is /tmp/cef_9695.4
2026-01-28 15:49:21.258 [cefctrl] INFO: [client] Listen Port is 9695
done. (cefroute)
2026-01-28 15:49:21.265 [cefctrl] INFO: [client] Config directory is ./h5
2026-01-28 15:49:21.265 [cefctrl] INFO: [client] Local Socket Name is /tmp/cef_9695.5
2026-01-28 15:49:21.265 [cefctrl] INFO: [client] Listen Port is 9695
done. (cefroute)
2026-01-28 15:49:21.272 [cefctrl] INFO: [client] Config directory is ./h5
2026-01-28 15:49:21.272 [cefctrl] INFO: [client] Local Socket Name is /tmp/cef_9695.5
2026-01-28 15:49:21.272 [cefctrl] INFO: [client] Listen Port is 9695
done. (cefroute)
2026-01-28 15:49:21.279 [cefctrl] INFO: [client] Config directory is ./h6
2026-01-28 15:49:21.279 [cefctrl] INFO: [client] Local Socket Name is /tmp/cef_9695.6
2026-01-28 15:49:21.279 [cefctrl] INFO: [client] Listen Port is 9695
done. (cefroute)
2026-01-28 15:49:21.285 [cefctrl] INFO: [client] Config directory is ./h6
2026-01-28 15:49:21.285 [cefctrl] INFO: [client] Local Socket Name is /tmp/cef_9695.6
2026-01-28 15:49:21.285 [cefctrl] INFO: [client] Listen Port is 9695
done. (cefroute)
2026-01-28 15:49:21.291 [cefctrl] INFO: [client] Config directory is ./h7
2026-01-28 15:49:21.291 [cefctrl] INFO: [client] Local Socket Name is /tmp/cef_9695.7
2026-01-28 15:49:21.291 [cefctrl] INFO: [client] Listen Port is 9695
done. (cefroute)
2026-01-28 15:49:21.298 [cefctrl] INFO: [client] Config directory is ./h7
2026-01-28 15:49:21.298 [cefctrl] INFO: [client] Local Socket Name is /tmp/cef_9695.7
2026-01-28 15:49:21.298 [cefctrl] INFO: [client] Listen Port is 9695
done. (cefroute)
2026-01-28 15:49:21.305 [cefctrl] INFO: [client] Config directory is ./h8
2026-01-28 15:49:21.305 [cefctrl] INFO: [client] Local Socket Name is /tmp/cef_9695.8
2026-01-28 15:49:21.305 [cefctrl] INFO: [client] Listen Port is 9695
done. (cefroute)
2026-01-28 15:49:21.311 [cefctrl] INFO: [client] Config directory is ./h8
2026-01-28 15:49:21.311 [cefctrl] INFO: [client] Local Socket Name is /tmp/cef_9695.8
2026-01-28 15:49:21.311 [cefctrl] INFO: [client] Listen Port is 9695
done. (cefroute)
2026-01-28 15:49:21.317 [cefctrl] INFO: [client] Config directory is ./h1
2026-01-28 15:49:21.317 [cefctrl] INFO: [client] Local Socket Name is /tmp/cef_9695.1
2026-01-28 15:49:21.317 [cefctrl] INFO: [client] Listen Port is 9695
done. (cefroute)
2026-01-28 15:49:21.323 [cefctrl] INFO: [client] Config directory is ./h1
2026-01-28 15:49:21.323 [cefctrl] INFO: [client] Local Socket Name is /tmp/cef_9695.1
2026-01-28 15:49:21.323 [cefctrl] INFO: [client] Listen Port is 9695
done. (cefroute)
2026-01-28 15:49:21.329 [cefctrl] INFO: [client] Config directory is ./h2
2026-01-28 15:49:21.329 [cefctrl] INFO: [client] Local Socket Name is /tmp/cef_9695.2
2026-01-28 15:49:21.329 [cefctrl] INFO: [client] Listen Port is 9695
done. (cefroute)
2026-01-28 15:49:21.336 [cefctrl] INFO: [client] Config directory is ./h2
2026-01-28 15:49:21.336 [cefctrl] INFO: [client] Local Socket Name is /tmp/cef_9695.2
2026-01-28 15:49:21.336 [cefctrl] INFO: [client] Listen Port is 9695
done. (cefroute)
2026-01-28 15:49:21.342 [cefctrl] INFO: [client] Config directory is ./h3
2026-01-28 15:49:21.342 [cefctrl] INFO: [client] Local Socket Name is /tmp/cef_9695.3
2026-01-28 15:49:21.342 [cefctrl] INFO: [client] Listen Port is 9695
done. (cefroute)
2026-01-28 15:49:21.348 [cefctrl] INFO: [client] Config directory is ./h3
2026-01-28 15:49:21.348 [cefctrl] INFO: [client] Local Socket Name is /tmp/cef_9695.3
2026-01-28 15:49:21.348 [cefctrl] INFO: [client] Listen Port is 9695
done. (cefroute)
2026-01-28 15:49:21.355 [cefctrl] INFO: [client] Config directory is ./h4
2026-01-28 15:49:21.355 [cefctrl] INFO: [client] Local Socket Name is /tmp/cef_9695.4
2026-01-28 15:49:21.355 [cefctrl] INFO: [client] Listen Port is 9695
done. (cefroute)
2026-01-28 15:49:21.360 [cefctrl] INFO: [client] Config directory is ./h4
2026-01-28 15:49:21.360 [cefctrl] INFO: [client] Local Socket Name is /tmp/cef_9695.4
2026-01-28 15:49:21.360 [cefctrl] INFO: [client] Listen Port is 9695
done. (cefroute)
2026-01-28 15:49:21.367 [cefctrl] INFO: [client] Config directory is ./h5
2026-01-28 15:49:21.367 [cefctrl] INFO: [client] Local Socket Name is /tmp/cef_9695.5
2026-01-28 15:49:21.367 [cefctrl] INFO: [client] Listen Port is 9695
done. (cefroute)
2026-01-28 15:49:21.373 [cefctrl] INFO: [client] Config directory is ./h5
2026-01-28 15:49:21.373 [cefctrl] INFO: [client] Local Socket Name is /tmp/cef_9695.5
2026-01-28 15:49:21.373 [cefctrl] INFO: [client] Listen Port is 9695
done. (cefroute)
2026-01-28 15:49:21.379 [cefctrl] INFO: [client] Config directory is ./h6
2026-01-28 15:49:21.380 [cefctrl] INFO: [client] Local Socket Name is /tmp/cef_9695.6
2026-01-28 15:49:21.380 [cefctrl] INFO: [client] Listen Port is 9695
done. (cefroute)
2026-01-28 15:49:21.386 [cefctrl] INFO: [client] Config directory is ./h6
2026-01-28 15:49:21.386 [cefctrl] INFO: [client] Local Socket Name is /tmp/cef_9695.6
2026-01-28 15:49:21.386 [cefctrl] INFO: [client] Listen Port is 9695
done. (cefroute)
2026-01-28 15:49:21.393 [cefctrl] INFO: [client] Config directory is ./h7
2026-01-28 15:49:21.393 [cefctrl] INFO: [client] Local Socket Name is /tmp/cef_9695.7
2026-01-28 15:49:21.393 [cefctrl] INFO: [client] Listen Port is 9695
done. (cefroute)
2026-01-28 15:49:21.400 [cefctrl] INFO: [client] Config directory is ./h7
2026-01-28 15:49:21.400 [cefctrl] INFO: [client] Local Socket Name is /tmp/cef_9695.7
2026-01-28 15:49:21.400 [cefctrl] INFO: [client] Listen Port is 9695
done. (cefroute)
2026-01-28 15:49:21.407 [cefctrl] INFO: [client] Config directory is ./h8
2026-01-28 15:49:21.407 [cefctrl] INFO: [client] Local Socket Name is /tmp/cef_9695.8
2026-01-28 15:49:21.407 [cefctrl] INFO: [client] Listen Port is 9695
done. (cefroute)
2026-01-28 15:49:21.413 [cefctrl] INFO: [client] Config directory is ./h8
2026-01-28 15:49:21.413 [cefctrl] INFO: [client] Local Socket Name is /tmp/cef_9695.8
2026-01-28 15:49:21.413 [cefctrl] INFO: [client] Listen Port is 9695
done. (cefroute)
2026-01-28 15:49:21.419 [cefctrl] INFO: [client] Config directory is ./h9
2026-01-28 15:49:21.419 [cefctrl] INFO: [client] Local Socket Name is /tmp/cef_9695.9
2026-01-28 15:49:21.419 [cefctrl] INFO: [client] Listen Port is 9695
done. (cefroute)
2026-01-28 15:49:21.425 [cefctrl] INFO: [client] Config directory is ./h9
2026-01-28 15:49:21.426 [cefctrl] INFO: [client] Local Socket Name is /tmp/cef_9695.9
2026-01-28 15:49:21.426 [cefctrl] INFO: [client] Listen Port is 9695
done. (cefroute)
2026-01-28 15:49:21.432 [cefctrl] INFO: [client] Config directory is ./h1
2026-01-28 15:49:21.432 [cefctrl] INFO: [client] Local Socket Name is /tmp/cef_9695.1
2026-01-28 15:49:21.432 [cefctrl] INFO: [client] Listen Port is 9695
done. (cefroute)
2026-01-28 15:49:21.438 [cefctrl] INFO: [client] Config directory is ./h1
2026-01-28 15:49:21.438 [cefctrl] INFO: [client] Local Socket Name is /tmp/cef_9695.1
2026-01-28 15:49:21.438 [cefctrl] INFO: [client] Listen Port is 9695
done. (cefroute)
2026-01-28 15:49:21.445 [cefctrl] INFO: [client] Config directory is ./h2
2026-01-28 15:49:21.445 [cefctrl] INFO: [client] Local Socket Name is /tmp/cef_9695.2
2026-01-28 15:49:21.445 [cefctrl] INFO: [client] Listen Port is 9695
done. (cefroute)
2026-01-28 15:49:21.452 [cefctrl] INFO: [client] Config directory is ./h2
2026-01-28 15:49:21.452 [cefctrl] INFO: [client] Local Socket Name is /tmp/cef_9695.2
2026-01-28 15:49:21.452 [cefctrl] INFO: [client] Listen Port is 9695
done. (cefroute)
2026-01-28 15:49:21.458 [cefctrl] INFO: [client] Config directory is ./h3
2026-01-28 15:49:21.458 [cefctrl] INFO: [client] Local Socket Name is /tmp/cef_9695.3
2026-01-28 15:49:21.458 [cefctrl] INFO: [client] Listen Port is 9695
done. (cefroute)
2026-01-28 15:49:21.465 [cefctrl] INFO: [client] Config directory is ./h3
2026-01-28 15:49:21.465 [cefctrl] INFO: [client] Local Socket Name is /tmp/cef_9695.3
2026-01-28 15:49:21.465 [cefctrl] INFO: [client] Listen Port is 9695
done. (cefroute)
2026-01-28 15:49:21.471 [cefctrl] INFO: [client] Config directory is ./h4
2026-01-28 15:49:21.472 [cefctrl] INFO: [client] Local Socket Name is /tmp/cef_9695.4
2026-01-28 15:49:21.472 [cefctrl] INFO: [client] Listen Port is 9695
done. (cefroute)
h3 command: ifconfig h3-eth0 192.168.1.4
h4 command: ifconfig h4-eth0 192.168.1.5
h5 command: ifconfig h5-eth0 192.168.2.6
h9 command: ifconfig h9-eth0 192.168.2.10
h2 command: ifconfig h2-eth0 192.168.3.3
h5 command: ifconfig h5-eth1 192.168.3.6
h4 command: ifconfig h4-eth1 192.168.4.5
h9 command: ifconfig h9-eth1 192.168.4.10
h4 command: ifconfig h4-eth2 192.168.5.5
h7 command: ifconfig h7-eth0 192.168.5.8
h2 command: ifconfig h2-eth1 192.168.6.3
h3 command: ifconfig h3-eth1 192.168.6.4
h0 command: ifconfig h0-eth0 192.168.7.1
h4 command: ifconfig h4-eth3 192.168.7.5
h1 command: ifconfig h1-eth0 192.168.8.2
h8 command: ifconfig h8-eth0 192.168.8.9
h1 command: ifconfig h1-eth1 192.168.9.2
h3 command: ifconfig h3-eth2 192.168.9.4
h2 command: ifconfig h2-eth2 192.168.10.3
h4 command: ifconfig h4-eth4 192.168.10.5
h5 command: ifconfig h5-eth2 192.168.11.6
h6 command: ifconfig h6-eth0 192.168.11.7
h2 command: ifconfig h2-eth3 192.168.12.3
h8 command: ifconfig h8-eth1 192.168.12.9
h8 command: ifconfig h8-eth2 192.168.13.9
h9 command: ifconfig h9-eth2 192.168.13.10
h3 command: ifconfig h3-eth3 192.168.14.4
h9 command: ifconfig h9-eth3 192.168.14.10
h6 command: ifconfig h6-eth1 192.168.15.7
h7 command: ifconfig h7-eth1 192.168.15.8
h1 command: csmgrdstart -d ./h1 > /dev/null 2>&1
h3 command: csmgrdstart -d ./h3 > /dev/null 2>&1
h5 command: csmgrdstart -d ./h5 > /dev/null 2>&1
h7 command: csmgrdstart -d ./h7 > /dev/null 2>&1
h9 command: csmgrdstart -d ./h9 > /dev/null 2>&1
h0 command: cefnetdstart -d ./h0 > /dev/null 2>&1
h1 command: cefnetdstart -d ./h1 > /dev/null 2>&1
h2 command: cefnetdstart -d ./h2 > /dev/null 2>&1
h3 command: cefnetdstart -d ./h3 > /dev/null 2>&1
h4 command: cefnetdstart -d ./h4 > /dev/null 2>&1
h5 command: cefnetdstart -d ./h5 > /dev/null 2>&1
h6 command: cefnetdstart -d ./h6 > /dev/null 2>&1
h7 command: cefnetdstart -d ./h7 > /dev/null 2>&1
h8 command: cefnetdstart -d ./h8 > /dev/null 2>&1
h9 command: cefnetdstart -d ./h9 > /dev/null 2>&1
h0 command: cefroute add ccnx:/test/experiment/content1 udp 192.168.7.5 -d ./h0
h1 command: cefroute add ccnx:/test/experiment/content1 udp 192.168.9.4 -d ./h1
h1 command: cefroute add ccnx:/test/experiment/content1 udp 192.168.8.9 -d ./h1
h2 command: cefroute add ccnx:/test/experiment/content1 udp 192.168.6.4 -d ./h2
h2 command: cefroute add ccnx:/test/experiment/content1 udp 192.168.10.5 -d ./h2
h3 command: cefroute add ccnx:/test/experiment/content1 udp 192.168.14.10 -d ./h3
h3 command: cefroute add ccnx:/test/experiment/content1 udp 192.168.1.5 -d ./h3
h4 command: cefroute add ccnx:/test/experiment/content1 udp 192.168.4.10 -d ./h4
h4 command: cefroute add ccnx:/test/experiment/content1 udp 192.168.1.4 -d ./h4
h5 command: cefroute add ccnx:/test/experiment/content1 udp 192.168.2.10 -d ./h5
h5 command: cefroute add ccnx:/test/experiment/content1 udp 192.168.3.3 -d ./h5
h6 command: cefroute add ccnx:/test/experiment/content1 udp 192.168.11.6 -d ./h6
h6 command: cefroute add ccnx:/test/experiment/content1 udp 192.168.15.8 -d ./h6
h7 command: cefroute add ccnx:/test/experiment/content1 udp 192.168.5.5 -d ./h7
h7 command: cefroute add ccnx:/test/experiment/content1 udp 192.168.15.7 -d ./h7
h8 command: cefroute add ccnx:/test/experiment/content1 udp 192.168.13.10 -d ./h8
h8 command: cefroute add ccnx:/test/experiment/content1 udp 192.168.8.2 -d ./h8
h0 command: cefroute add ccnx:/test/experiment/content2 udp 192.168.7.5 -d ./h0
h1 command: cefroute add ccnx:/test/experiment/content2 udp 192.168.9.4 -d ./h1
h1 command: cefroute add ccnx:/test/experiment/content2 udp 192.168.8.9 -d ./h1
h2 command: cefroute add ccnx:/test/experiment/content2 udp 192.168.6.4 -d ./h2
h2 command: cefroute add ccnx:/test/experiment/content2 udp 192.168.10.5 -d ./h2
h3 command: cefroute add ccnx:/test/experiment/content2 udp 192.168.14.10 -d ./h3
h3 command: cefroute add ccnx:/test/experiment/content2 udp 192.168.1.5 -d ./h3
h4 command: cefroute add ccnx:/test/experiment/content2 udp 192.168.4.10 -d ./h4
h4 command: cefroute add ccnx:/test/experiment/content2 udp 192.168.1.4 -d ./h4
h5 command: cefroute add ccnx:/test/experiment/content2 udp 192.168.2.10 -d ./h5
h5 command: cefroute add ccnx:/test/experiment/content2 udp 192.168.3.3 -d ./h5
h6 command: cefroute add ccnx:/test/experiment/content2 udp 192.168.11.6 -d ./h6
h6 command: cefroute add ccnx:/test/experiment/content2 udp 192.168.15.8 -d ./h6
h7 command: cefroute add ccnx:/test/experiment/content2 udp 192.168.5.5 -d ./h7
h7 command: cefroute add ccnx:/test/experiment/content2 udp 192.168.15.7 -d ./h7
h8 command: cefroute add ccnx:/test/experiment/content2 udp 192.168.13.10 -d ./h8
h8 command: cefroute add ccnx:/test/experiment/content2 udp 192.168.8.2 -d ./h8
h0 command: cefroute add ccnx:/test/experiment/content3 udp 192.168.7.5 -d ./h0
h1 command: cefroute add ccnx:/test/experiment/content3 udp 192.168.9.4 -d ./h1
h1 command: cefroute add ccnx:/test/experiment/content3 udp 192.168.8.9 -d ./h1
h2 command: cefroute add ccnx:/test/experiment/content3 udp 192.168.6.4 -d ./h2
h2 command: cefroute add ccnx:/test/experiment/content3 udp 192.168.10.5 -d ./h2
h3 command: cefroute add ccnx:/test/experiment/content3 udp 192.168.14.10 -d ./h3
h3 command: cefroute add ccnx:/test/experiment/content3 udp 192.168.1.5 -d ./h3
h4 command: cefroute add ccnx:/test/experiment/content3 udp 192.168.4.10 -d ./h4
h4 command: cefroute add ccnx:/test/experiment/content3 udp 192.168.1.4 -d ./h4
h5 command: cefroute add ccnx:/test/experiment/content3 udp 192.168.2.10 -d ./h5
h5 command: cefroute add ccnx:/test/experiment/content3 udp 192.168.3.3 -d ./h5
h6 command: cefroute add ccnx:/test/experiment/content3 udp 192.168.11.6 -d ./h6
h6 command: cefroute add ccnx:/test/experiment/content3 udp 192.168.15.8 -d ./h6
h7 command: cefroute add ccnx:/test/experiment/content3 udp 192.168.5.5 -d ./h7
h7 command: cefroute add ccnx:/test/experiment/content3 udp 192.168.15.7 -d ./h7
h8 command: cefroute add ccnx:/test/experiment/content3 udp 192.168.13.10 -d ./h8
h8 command: cefroute add ccnx:/test/experiment/content3 udp 192.168.8.2 -d ./h8
h1 command: cefroute add ccnx:/test/experiment/content4 udp 192.168.9.4 -d ./h1
h1 command: cefroute add ccnx:/test/experiment/content4 udp 192.168.8.9 -d ./h1
h2 command: cefroute add ccnx:/test/experiment/content4 udp 192.168.10.5 -d ./h2
h2 command: cefroute add ccnx:/test/experiment/content4 udp 192.168.6.4 -d ./h2
h3 command: cefroute add ccnx:/test/experiment/content4 udp 192.168.1.5 -d ./h3
h3 command: cefroute add ccnx:/test/experiment/content4 udp 192.168.6.3 -d ./h3
h4 command: cefroute add ccnx:/test/experiment/content4 udp 192.168.7.1 -d ./h4
h4 command: cefroute add ccnx:/test/experiment/content4 udp 192.168.10.3 -d ./h4
h5 command: cefroute add ccnx:/test/experiment/content4 udp 192.168.3.3 -d ./h5
h5 command: cefroute add ccnx:/test/experiment/content4 udp 192.168.2.10 -d ./h5
h6 command: cefroute add ccnx:/test/experiment/content4 udp 192.168.15.8 -d ./h6
h6 command: cefroute add ccnx:/test/experiment/content4 udp 192.168.11.6 -d ./h6
h7 command: cefroute add ccnx:/test/experiment/content4 udp 192.168.5.5 -d ./h7
h7 command: cefroute add ccnx:/test/experiment/content4 udp 192.168.15.7 -d ./h7
h8 command: cefroute add ccnx:/test/experiment/content4 udp 192.168.12.3 -d ./h8
h8 command: cefroute add ccnx:/test/experiment/content4 udp 192.168.13.10 -d ./h8
h9 command: cefroute add ccnx:/test/experiment/content4 udp 192.168.4.5 -d ./h9
h9 command: cefroute add ccnx:/test/experiment/content4 udp 192.168.14.4 -d ./h9
h1 command: cefroute add ccnx:/test/experiment/content5 udp 192.168.9.4 -d ./h1
h1 command: cefroute add ccnx:/test/experiment/content5 udp 192.168.8.9 -d ./h1
h2 command: cefroute add ccnx:/test/experiment/content5 udp 192.168.10.5 -d ./h2
h2 command: cefroute add ccnx:/test/experiment/content5 udp 192.168.6.4 -d ./h2
h3 command: cefroute add ccnx:/test/experiment/content5 udp 192.168.1.5 -d ./h3
h3 command: cefroute add ccnx:/test/experiment/content5 udp 192.168.6.3 -d ./h3
h4 command: cefroute add ccnx:/test/experiment/content5 udp 192.168.7.1 -d ./h4
h4 command: cefroute add ccnx:/test/experiment/content5 udp 192.168.10.3 -d ./h42026-01-28 15:49:21.478 [cefctrl] INFO: [client] Config directory is ./h4
2026-01-28 15:49:21.478 [cefctrl] INFO: [client] Local Socket Name is /tmp/cef_9695.4
2026-01-28 15:49:21.478 [cefctrl] INFO: [client] Listen Port is 9695
done. (cefroute)
2026-01-28 15:49:21.485 [cefctrl] INFO: [client] Config directory is ./h5
2026-01-28 15:49:21.485 [cefctrl] INFO: [client] Local Socket Name is /tmp/cef_9695.5
2026-01-28 15:49:21.485 [cefctrl] INFO: [client] Listen Port is 9695
done. (cefroute)
2026-01-28 15:49:21.492 [cefctrl] INFO: [client] Config directory is ./h5
2026-01-28 15:49:21.492 [cefctrl] INFO: [client] Local Socket Name is /tmp/cef_9695.5
2026-01-28 15:49:21.492 [cefctrl] INFO: [client] Listen Port is 9695
done. (cefroute)
2026-01-28 15:49:21.499 [cefctrl] INFO: [client] Config directory is ./h6
2026-01-28 15:49:21.499 [cefctrl] INFO: [client] Local Socket Name is /tmp/cef_9695.6
2026-01-28 15:49:21.499 [cefctrl] INFO: [client] Listen Port is 9695
done. (cefroute)
2026-01-28 15:49:21.505 [cefctrl] INFO: [client] Config directory is ./h6
2026-01-28 15:49:21.505 [cefctrl] INFO: [client] Local Socket Name is /tmp/cef_9695.6
2026-01-28 15:49:21.505 [cefctrl] INFO: [client] Listen Port is 9695
done. (cefroute)
2026-01-28 15:49:21.512 [cefctrl] INFO: [client] Config directory is ./h7
2026-01-28 15:49:21.512 [cefctrl] INFO: [client] Local Socket Name is /tmp/cef_9695.7
2026-01-28 15:49:21.512 [cefctrl] INFO: [client] Listen Port is 9695
done. (cefroute)
2026-01-28 15:49:21.518 [cefctrl] INFO: [client] Config directory is ./h7
2026-01-28 15:49:21.518 [cefctrl] INFO: [client] Local Socket Name is /tmp/cef_9695.7
2026-01-28 15:49:21.518 [cefctrl] INFO: [client] Listen Port is 9695
done. (cefroute)
2026-01-28 15:49:21.524 [cefctrl] INFO: [client] Config directory is ./h8
2026-01-28 15:49:21.524 [cefctrl] INFO: [client] Local Socket Name is /tmp/cef_9695.8
2026-01-28 15:49:21.524 [cefctrl] INFO: [client] Listen Port is 9695
done. (cefroute)
2026-01-28 15:49:21.531 [cefctrl] INFO: [client] Config directory is ./h8
2026-01-28 15:49:21.531 [cefctrl] INFO: [client] Local Socket Name is /tmp/cef_9695.8
2026-01-28 15:49:21.531 [cefctrl] INFO: [client] Listen Port is 9695
done. (cefroute)
2026-01-28 15:49:21.537 [cefctrl] INFO: [client] Config directory is ./h9
2026-01-28 15:49:21.538 [cefctrl] INFO: [client] Local Socket Name is /tmp/cef_9695.9
2026-01-28 15:49:21.538 [cefctrl] INFO: [client] Listen Port is 9695
done. (cefroute)
2026-01-28 15:49:21.544 [cefctrl] INFO: [client] Config directory is ./h9
2026-01-28 15:49:21.544 [cefctrl] INFO: [client] Local Socket Name is /tmp/cef_9695.9
2026-01-28 15:49:21.545 [cefctrl] INFO: [client] Listen Port is 9695
done. (cefroute)
2026-01-28 15:49:21.551 [cefctrl] INFO: [client] Config directory is ./h1
2026-01-28 15:49:21.551 [cefctrl] INFO: [client] Local Socket Name is /tmp/cef_9695.1
2026-01-28 15:49:21.551 [cefctrl] INFO: [client] Listen Port is 9695
done. (cefroute)
2026-01-28 15:49:21.558 [cefctrl] INFO: [client] Config directory is ./h1
2026-01-28 15:49:21.558 [cefctrl] INFO: [client] Local Socket Name is /tmp/cef_9695.1
2026-01-28 15:49:21.558 [cefctrl] INFO: [client] Listen Port is 9695
done. (cefroute)
2026-01-28 15:49:21.565 [cefctrl] INFO: [client] Config directory is ./h2
2026-01-28 15:49:21.565 [cefctrl] INFO: [client] Local Socket Name is /tmp/cef_9695.2
2026-01-28 15:49:21.565 [cefctrl] INFO: [client] Listen Port is 9695
done. (cefroute)
2026-01-28 15:49:21.571 [cefctrl] INFO: [client] Config directory is ./h2
2026-01-28 15:49:21.571 [cefctrl] INFO: [client] Local Socket Name is /tmp/cef_9695.2
2026-01-28 15:49:21.571 [cefctrl] INFO: [client] Listen Port is 9695
done. (cefroute)
2026-01-28 15:49:21.578 [cefctrl] INFO: [client] Config directory is ./h3
2026-01-28 15:49:21.578 [cefctrl] INFO: [client] Local Socket Name is /tmp/cef_9695.3
2026-01-28 15:49:21.578 [cefctrl] INFO: [client] Listen Port is 9695
done. (cefroute)
2026-01-28 15:49:21.584 [cefctrl] INFO: [client] Config directory is ./h3
2026-01-28 15:49:21.584 [cefctrl] INFO: [client] Local Socket Name is /tmp/cef_9695.3
2026-01-28 15:49:21.584 [cefctrl] INFO: [client] Listen Port is 9695
done. (cefroute)
2026-01-28 15:49:21.591 [cefctrl] INFO: [client] Config directory is ./h4
2026-01-28 15:49:21.591 [cefctrl] INFO: [client] Local Socket Name is /tmp/cef_9695.4
2026-01-28 15:49:21.591 [cefctrl] INFO: [client] Listen Port is 9695
done. (cefroute)
2026-01-28 15:49:21.598 [cefctrl] INFO: [client] Config directory is ./h4
2026-01-28 15:49:21.598 [cefctrl] INFO: [client] Local Socket Name is /tmp/cef_9695.4
2026-01-28 15:49:21.598 [cefctrl] INFO: [client] Listen Port is 9695
done. (cefroute)
2026-01-28 15:49:21.605 [cefctrl] INFO: [client] Config directory is ./h5
2026-01-28 15:49:21.605 [cefctrl] INFO: [client] Local Socket Name is /tmp/cef_9695.5
2026-01-28 15:49:21.605 [cefctrl] INFO: [client] Listen Port is 9695
done. (cefroute)
2026-01-28 15:49:21.611 [cefctrl] INFO: [client] Config directory is ./h5
2026-01-28 15:49:21.611 [cefctrl] INFO: [client] Local Socket Name is /tmp/cef_9695.5
2026-01-28 15:49:21.611 [cefctrl] INFO: [client] Listen Port is 9695
done. (cefroute)
2026-01-28 15:49:21.618 [cefctrl] INFO: [client] Config directory is ./h6
2026-01-28 15:49:21.618 [cefctrl] INFO: [client] Local Socket Name is /tmp/cef_9695.6
2026-01-28 15:49:21.618 [cefctrl] INFO: [client] Listen Port is 9695
done. (cefroute)
2026-01-28 15:49:21.625 [cefctrl] INFO: [client] Config directory is ./h6
2026-01-28 15:49:21.625 [cefctrl] INFO: [client] Local Socket Name is /tmp/cef_9695.6
2026-01-28 15:49:21.625 [cefctrl] INFO: [client] Listen Port is 9695
done. (cefroute)
2026-01-28 15:49:21.631 [cefctrl] INFO: [client] Config directory is ./h7
2026-01-28 15:49:21.631 [cefctrl] INFO: [client] Local Socket Name is /tmp/cef_9695.7
2026-01-28 15:49:21.631 [cefctrl] INFO: [client] Listen Port is 9695
done. (cefroute)
2026-01-28 15:49:21.638 [cefctrl] INFO: [client] Config directory is ./h7
2026-01-28 15:49:21.638 [cefctrl] INFO: [client] Local Socket Name is /tmp/cef_9695.7
2026-01-28 15:49:21.638 [cefctrl] INFO: [client] Listen Port is 9695
done. (cefroute)
2026-01-28 15:49:21.644 [cefctrl] INFO: [client] Config directory is ./h8
2026-01-28 15:49:21.645 [cefctrl] INFO: [client] Local Socket Name is /tmp/cef_9695.8
2026-01-28 15:49:21.645 [cefctrl] INFO: [client] Listen Port is 9695
done. (cefroute)
2026-01-28 15:49:21.651 [cefctrl] INFO: [client] Config directory is ./h8
2026-01-28 15:49:21.651 [cefctrl] INFO: [client] Local Socket Name is /tmp/cef_9695.8
2026-01-28 15:49:21.651 [cefctrl] INFO: [client] Listen Port is 9695
done. (cefroute)
2026-01-28 15:49:21.657 [cefctrl] INFO: [client] Config directory is ./h9
2026-01-28 15:49:21.657 [cefctrl] INFO: [client] Local Socket Name is /tmp/cef_9695.9
2026-01-28 15:49:21.658 [cefctrl] INFO: [client] Listen Port is 9695
done. (cefroute)
2026-01-28 15:49:21.664 [cefctrl] INFO: [client] Config directory is ./h9
2026-01-28 15:49:21.664 [cefctrl] INFO: [client] Local Socket Name is /tmp/cef_9695.9
2026-01-28 15:49:21.664 [cefctrl] INFO: [client] Listen Port is 9695
done. (cefroute)
2026-01-28 15:49:21.671 [cefctrl] INFO: [client] Config directory is ./h0
2026-01-28 15:49:21.671 [cefctrl] INFO: [client] Local Socket Name is /tmp/cef_9695.0
2026-01-28 15:49:21.671 [cefctrl] INFO: [client] Listen Port is 9695
done. (cefroute)
2026-01-28 15:49:21.678 [cefctrl] INFO: [client] Config directory is ./h1
2026-01-28 15:49:21.678 [cefctrl] INFO: [client] Local Socket Name is /tmp/cef_9695.1
2026-01-28 15:49:21.678 [cefctrl] INFO: [client] Listen Port is 9695
done. (cefroute)
2026-01-28 15:49:21.685 [cefctrl] INFO: [client] Config directory is ./h1
2026-01-28 15:49:21.685 [cefctrl] INFO: [client] Local Socket Name is /tmp/cef_9695.1
2026-01-28 15:49:21.685 [cefctrl] INFO: [client] Listen Port is 9695
done. (cefroute)
2026-01-28 15:49:21.691 [cefctrl] INFO: [client] Config directory is ./h2
2026-01-28 15:49:21.691 [cefctrl] INFO: [client] Local Socket Name is /tmp/cef_9695.2
2026-01-28 15:49:21.692 [cefctrl] INFO: [client] Listen Port is 9695
done. (cefroute)
2026-01-28 15:49:21.698 [cefctrl] INFO: [client] Config directory is ./h2
2026-01-28 15:49:21.698 [cefctrl] INFO: [client] Local Socket Name is /tmp/cef_9695.2
2026-01-28 15:49:21.698 [cefctrl] INFO: [client] Listen Port is 9695
done. (cefroute)
2026-01-28 15:49:21.705 [cefctrl] INFO: [client] Config directory is ./h4
2026-01-28 15:49:21.705 [cefctrl] INFO: [client] Local Socket Name is /tmp/cef_9695.4
2026-01-28 15:49:21.705 [cefctrl] INFO: [client] Listen Port is 9695
done. (cefroute)
2026-01-28 15:49:21.711 [cefctrl] INFO: [client] Config directory is ./h4
2026-01-28 15:49:21.711 [cefctrl] INFO: [client] Local Socket Name is /tmp/cef_9695.4
2026-01-28 15:49:21.711 [cefctrl] INFO: [client] Listen Port is 9695
done. (cefroute)
2026-01-28 15:49:21.717 [cefctrl] INFO: [client] Config directory is ./h5
2026-01-28 15:49:21.717 [cefctrl] INFO: [client] Local Socket Name is /tmp/cef_9695.5
2026-01-28 15:49:21.717 [cefctrl] INFO: [client] Listen Port is 9695
done. (cefroute)
2026-01-28 15:49:21.723 [cefctrl] INFO: [client] Config directory is ./h5
2026-01-28 15:49:21.723 [cefctrl] INFO: [client] Local Socket Name is /tmp/cef_9695.5
2026-01-28 15:49:21.723 [cefctrl] INFO: [client] Listen Port is 9695
done. (cefroute)
2026-01-28 15:49:21.729 [cefctrl] INFO: [client] Config directory is ./h6
2026-01-28 15:49:21.729 [cefctrl] INFO: [client] Local Socket Name is /tmp/cef_9695.6
2026-01-28 15:49:21.729 [cefctrl] INFO: [client] Listen Port is 9695
done. (cefroute)
2026-01-28 15:49:21.736 [cefctrl] INFO: [client] Config directory is ./h6
2026-01-28 15:49:21.736 [cefctrl] INFO: [client] Local Socket Name is /tmp/cef_9695.6
2026-01-28 15:49:21.736 [cefctrl] INFO: [client] Listen Port is 9695
done. (cefroute)
2026-01-28 15:49:21.742 [cefctrl] INFO: [client] Config directory is ./h7
2026-01-28 15:49:21.742 [cefctrl] INFO: [client] Local Socket Name is /tmp/cef_9695.7
2026-01-28 15:49:21.742 [cefctrl] INFO: [client] Listen Port is 9695
done. (cefroute)
2026-01-28 15:49:21.748 [cefctrl] INFO: [client] Config directory is ./h7
2026-01-28 15:49:21.748 [cefctrl] INFO: [client] Local Socket Name is /tmp/cef_9695.7
2026-01-28 15:49:21.748 [cefctrl] INFO: [client] Listen Port is 9695
done. (cefroute)
2026-01-28 15:49:21.755 [cefctrl] INFO: [client] Config directory is ./h8
2026-01-28 15:49:21.755 [cefctrl] INFO: [client] Local Socket Name is /tmp/cef_9695.8
2026-01-28 15:49:21.755 [cefctrl] INFO: [client] Listen Port is 9695
done. (cefroute)
2026-01-28 15:49:21.761 [cefctrl] INFO: [client] Config directory is ./h8
2026-01-28 15:49:21.761 [cefctrl] INFO: [client] Local Socket Name is /tmp/cef_9695.8
2026-01-28 15:49:21.761 [cefctrl] INFO: [client] Listen Port is 9695
done. (cefroute)
2026-01-28 15:49:21.768 [cefctrl] INFO: [client] Config directory is ./h9
2026-01-28 15:49:21.768 [cefctrl] INFO: [client] Local Socket Name is /tmp/cef_9695.9
2026-01-28 15:49:21.768 [cefctrl] INFO: [client] Listen Port is 9695
done. (cefroute)
2026-01-28 15:49:21.774 [cefctrl] INFO: [client] Config directory is ./h9
2026-01-28 15:49:21.774 [cefctrl] INFO: [client] Local Socket Name is /tmp/cef_9695.9
2026-01-28 15:49:21.774 [cefctrl] INFO: [client] Listen Port is 9695
done. (cefroute)
2026-01-28 15:49:21.780 [cefctrl] INFO: [client] Config directory is ./h0
2026-01-28 15:49:21.780 [cefctrl] INFO: [client] Local Socket Name is /tmp/cef_9695.0
2026-01-28 15:49:21.780 [cefctrl] INFO: [client] Listen Port is 9695
done. (cefroute)
2026-01-28 15:49:21.786 [cefctrl] INFO: [client] Config directory is ./h1
2026-01-28 15:49:21.786 [cefctrl] INFO: [client] Local Socket Name is /tmp/cef_9695.1
2026-01-28 15:49:21.786 [cefctrl] INFO: [client] Listen Port is 9695
done. (cefroute)
2026-01-28 15:49:21.792 [cefctrl] INFO: [client] Config directory is ./h1
2026-01-28 15:49:21.792 [cefctrl] INFO: [client] Local Socket Name is /tmp/cef_9695.1
2026-01-28 15:49:21.792 [cefctrl] INFO: [client] Listen Port is 9695
done. (cefroute)
2026-01-28 15:49:21.798 [cefctrl] INFO: [client] Config directory is ./h2
2026-01-28 15:49:21.798 [cefctrl] INFO: [client] Local Socket Name is /tmp/cef_9695.2
2026-01-28 15:49:21.798 [cefctrl] INFO: [client] Listen Port is 9695
done. (cefroute)
2026-01-28 15:49:21.805 [cefctrl] INFO: [client] Config directory is ./h2
2026-01-28 15:49:21.805 [cefctrl] INFO: [client] Local Socket Name is /tmp/cef_9695.2
2026-01-28 15:49:21.805 [cefctrl] INFO: [client] Listen Port is 9695
done. (cefroute)
2026-01-28 15:49:21.811 [cefctrl] INFO: [client] Config directory is ./h4
2026-01-28 15:49:21.812 [cefctrl] INFO: [client] Local Socket Name is /tmp/cef_9695.4
2026-01-28 15:49:21.812 [cefctrl] INFO: [client] Listen Port is 9695
done. (cefroute)
2026-01-28 15:49:21.818 [cefctrl] INFO: [client] Config directory is ./h4
2026-01-28 15:49:21.818 [cefctrl] INFO: [client] Local Socket Name is /tmp/cef_9695.4
2026-01-28 15:49:21.818 [cefctrl] INFO: [client] Listen Port is 9695
done. (cefroute)
2026-01-28 15:49:21.824 [cefctrl] INFO: [client] Config directory is ./h5
2026-01-28 15:49:21.824 [cefctrl] INFO: [client] Local Socket Name is /tmp/cef_9695.5
2026-01-28 15:49:21.824 [cefctrl] INFO: [client] Listen Port is 9695
done. (cefroute)
2026-01-28 15:49:21.830 [cefctrl] INFO: [client] Config directory is ./h5
2026-01-28 15:49:21.830 [cefctrl] INFO: [client] Local Socket Name is /tmp/cef_9695.5
2026-01-28 15:49:21.830 [cefctrl] INFO: [client] Listen Port is 9695
done. (cefroute)
2026-01-28 15:49:21.836 [cefctrl] INFO: [client] Config directory is ./h6
2026-01-28 15:49:21.836 [cefctrl] INFO: [client] Local Socket Name is /tmp/cef_9695.6
2026-01-28 15:49:21.836 [cefctrl] INFO: [client] Listen Port is 9695
done. (cefroute)
2026-01-28 15:49:21.842 [cefctrl] INFO: [client] Config directory is ./h6
2026-01-28 15:49:21.842 [cefctrl] INFO: [client] Local Socket Name is /tmp/cef_9695.6
2026-01-28 15:49:21.842 [cefctrl] INFO: [client] Listen Port is 9695
done. (cefroute)
2026-01-28 15:49:21.849 [cefctrl] INFO: [client] Config directory is ./h7
2026-01-28 15:49:21.849 [cefctrl] INFO: [client] Local Socket Name is /tmp/cef_9695.7
2026-01-28 15:49:21.849 [cefctrl] INFO: [client] Listen Port is 9695
done. (cefroute)
2026-01-28 15:49:21.856 [cefctrl] INFO: [client] Config directory is ./h7
2026-01-28 15:49:21.856 [cefctrl] INFO: [client] Local Socket Name is /tmp/cef_9695.7
2026-01-28 15:49:21.856 [cefctrl] INFO: [client] Listen Port is 9695
done. (cefroute)
2026-01-28 15:49:21.862 [cefctrl] INFO: [client] Config directory is ./h8
2026-01-28 15:49:21.862 [cefctrl] INFO: [client] Local Socket Name is /tmp/cef_9695.8
2026-01-28 15:49:21.862 [cefctrl] INFO: [client] Listen Port is 9695
done. (cefroute)
2026-01-28 15:49:21.868 [cefctrl] INFO: [client] Config directory is ./h8
2026-01-28 15:49:21.868 [cefctrl] INFO: [client] Local Socket Name is /tmp/cef_9695.8
2026-01-28 15:49:21.868 [cefctrl] INFO: [client] Listen Port is 9695
done. (cefroute)
2026-01-28 15:49:21.875 [cefctrl] INFO: [client] Config directory is ./h9
2026-01-28 15:49:21.875 [cefctrl] INFO: [client] Local Socket Name is /tmp/cef_9695.9
2026-01-28 15:49:21.875 [cefctrl] INFO: [client] Listen Port is 9695
done. (cefroute)
2026-01-28 15:49:21.881 [cefctrl] INFO: [client] Config directory is ./h9
2026-01-28 15:49:21.881 [cefctrl] INFO: [client] Local Socket Name is /tmp/cef_9695.9
2026-01-28 15:49:21.881 [cefctrl] INFO: [client] Listen Port is 9695
done. (cefroute)
2026-01-28 15:49:21.887 [cefctrl] INFO: [client] Config directory is ./h0
2026-01-28 15:49:21.887 [cefctrl] INFO: [client] Local Socket Name is /tmp/cef_9695.0
2026-01-28 15:49:21.887 [cefctrl] INFO: [client] Listen Port is 9695
done. (cefroute)
2026-01-28 15:49:21.894 [cefctrl] INFO: [client] Config directory is ./h1
2026-01-28 15:49:21.894 [cefctrl] INFO: [client] Local Socket Name is /tmp/cef_9695.1
2026-01-28 15:49:21.894 [cefctrl] INFO: [client] Listen Port is 9695
done. (cefroute)
2026-01-28 15:49:21.901 [cefctrl] INFO: [client] Config directory is ./h1
2026-01-28 15:49:21.901 [cefctrl] INFO: [client] Local Socket Name is /tmp/cef_9695.1
2026-01-28 15:49:21.901 [cefctrl] INFO: [client] Listen Port is 9695
done. (cefroute)
2026-01-28 15:49:21.907 [cefctrl] INFO: [client] Config directory is ./h2
2026-01-28 15:49:21.907 [cefctrl] INFO: [client] Local Socket Name is /tmp/cef_9695.2
2026-01-28 15:49:21.907 [cefctrl] INFO: [client] Listen Port is 9695
done. (cefroute)
2026-01-28 15:49:21.913 [cefctrl] INFO: [client] Config directory is ./h2
2026-01-28 15:49:21.913 [cefctrl] INFO: [client] Local Socket Name is /tmp/cef_9695.2
2026-01-28 15:49:21.913 [cefctrl] INFO: [client] Listen Port is 9695
done. (cefroute)
2026-01-28 15:49:21.920 [cefctrl] INFO: [client] Config directory is ./h4
2026-01-28 15:49:21.920 [cefctrl] INFO: [client] Local Socket Name is /tmp/cef_9695.4
2026-01-28 15:49:21.920 [cefctrl] INFO: [client] Listen Port is 9695
done. (cefroute)
2026-01-28 15:49:21.926 [cefctrl] INFO: [client] Config directory is ./h4
2026-01-28 15:49:21.926 [cefctrl] INFO: [client] Local Socket Name is /tmp/cef_9695.4
2026-01-28 15:49:21.926 [cefctrl] INFO: [client] Listen Port is 9695
done. (cefroute)
2026-01-28 15:49:21.932 [cefctrl] INFO: [client] Config directory is ./h5
2026-01-28 15:49:21.932 [cefctrl] INFO: [client] Local Socket Name is /tmp/cef_9695.5
2026-01-28 15:49:21.932 [cefctrl] INFO: [client] Listen Port is 9695
done. (cefroute)
2026-01-28 15:49:21.939 [cefctrl] INFO: [client] Config directory is ./h5
2026-01-28 15:49:21.939 [cefctrl] INFO: [client] Local Socket Name is /tmp/cef_9695.5
2026-01-28 15:49:21.939 [cefctrl] INFO: [client] Listen Port is 9695
done. (cefroute)
2026-01-28 15:49:21.946 [cefctrl] INFO: [client] Config directory is ./h6
2026-01-28 15:49:21.946 [cefctrl] INFO: [client] Local Socket Name is /tmp/cef_9695.6
2026-01-28 15:49:21.946 [cefctrl] INFO: [client] Listen Port is 9695
done. (cefroute)
2026-01-28 15:49:21.952 [cefctrl] INFO: [client] Config directory is ./h6
2026-01-28 15:49:21.952 [cefctrl] INFO: [client] Local Socket Name is /tmp/cef_9695.6
2026-01-28 15:49:21.952 [cefctrl] INFO: [client] Listen Port is 9695
done. (cefroute)
2026-01-28 15:49:21.959 [cefctrl] INFO: [client] Config directory is ./h7
2026-01-28 15:49:21.959 [cefctrl] INFO: [client] Local Socket Name is /tmp/cef_9695.7
2026-01-28 15:49:21.959 [cefctrl] INFO: [client] Listen Port is 9695
done. (cefroute)
2026-01-28 15:49:21.964 [cefctrl] INFO: [client] Config directory is ./h7
2026-01-28 15:49:21.964 [cefctrl] INFO: [client] Local Socket Name is /tmp/cef_9695.7
2026-01-28 15:49:21.964 [cefctrl] INFO: [client] Listen Port is 9695
done. (cefroute)
2026-01-28 15:49:21.970 [cefctrl] INFO: [client] Config directory is ./h8
2026-01-28 15:49:21.970 [cefctrl] INFO: [client] Local Socket Name is /tmp/cef_9695.8
2026-01-28 15:49:21.970 [cefctrl] INFO: [client] Listen Port is 9695
done. (cefroute)
2026-01-28 15:49:21.975 [cefctrl] INFO: [client] Config directory is ./h8
2026-01-28 15:49:21.976 [cefctrl] INFO: [client] Local Socket Name is /tmp/cef_9695.8
2026-01-28 15:49:21.976 [cefctrl] INFO: [client] Listen Port is 9695
done. (cefroute)
2026-01-28 15:49:21.981 [cefctrl] INFO: [client] Config directory is ./h9
2026-01-28 15:49:21.982 [cefctrl] INFO: [client] Local Socket Name is /tmp/cef_9695.9
2026-01-28 15:49:21.982 [cefctrl] INFO: [client] Listen Port is 9695
done. (cefroute)
2026-01-28 15:49:21.988 [cefctrl] INFO: [client] Config directory is ./h9
2026-01-28 15:49:21.988 [cefctrl] INFO: [client] Local Socket Name is /tmp/cef_9695.9
2026-01-28 15:49:21.988 [cefctrl] INFO: [client] Listen Port is 9695
done. (cefroute)

FIB status per host:
2026-01-28 15:49:21.994 [cefctrl] INFO: [client] Config directory is ./h0
2026-01-28 15:49:21.995 [cefctrl] INFO: [client] Local Socket Name is /tmp/cef_9695.0
2026-01-28 15:49:21.995 [cefctrl] INFO: [client] Listen Port is 9695
CCNx Version     : 1
Port             : 9695
Rx Interest      : 0 (RGL[0], SYM[0], SEL[0])
Tx Interest      : 0 (RGL[0], SYM[0], SEL[0])
Rx ContentObject : 0
Tx ContentObject : 0
Cache Mode       : None
FWD Strategy     : flooding
Interest Return  : Disabled
Faces : 7
  faceid =  34 : address = 192.168.7.5:9695 (udp)
  faceid =   4 : IPv4 Listen face (udp)
  faceid =   5 : IPv6 Listen face (udp)
  faceid =   6 : IPv4 Listen face (tcp)
  faceid =   7 : IPv6 Listen face (tcp)
  faceid =   0 : Local face
  faceid =  40 : Local face
FIB(App) :
  Entry is empty
FIB : 6
  ccnx:/test/experiment/content3
    Faces : 34 (-s-) RtCost=0 
  ccnx:/test/experiment/content2
    Faces : 34 (-s-) RtCost=0 
  ccnx:/test/experiment/content9
    Faces : 34 (-s-) RtCost=0 
  ccnx:/test/experiment/content1
    Faces : 34 (-s-) RtCost=0 
  ccnx:/test/experiment/content8
    Faces : 34 (-s-) RtCost=0 
  ccnx:/test/experiment/content7
    Faces : 34 (-s-) RtCost=0 
PIT(App) :
  Entry is empty
PIT :
  Entry is empty
2026-01-28 15:49:22.211 [cefctrl] INFO: [client] Config directory is ./h1
2026-01-28 15:49:22.212 [cefctrl] INFO: [client] Local Socket Name is /tmp/cef_9695.1
2026-01-28 15:49:22.212 [cefctrl] INFO: [client] Listen Port is 9695
CCNx Version     : 1
Port             : 9695
Rx Interest      : 0 (RGL[0], SYM[0], SEL[0])
Tx Interest      : 0 (RGL[0], SYM[0], SEL[0])
Rx ContentObject : 0
Tx ContentObject : 0
Cache Mode       : Excache
FWD Strategy     : flooding
Interest Return  : Disabled
Faces : 8
  faceid =   4 : IPv4 Listen face (udp)
  faceid =  53 : Local face
  faceid =   5 : IPv6 Listen face (udp)
  faceid =   0 : Local face
  faceid =   6 : IPv4 Listen face (tcp)
  faceid =  36 : address = 192.168.8.9:9695 (udp)
  faceid =  34 : address = 192.168.9.4:9695 (udp)
  faceid =   7 : IPv6 Listen face (tcp)
FIB(App) :
  Entry is empty
FIB : 9
  ccnx:/test/experiment/content5
    Faces : 34 (-s-) RtCost=0 
            36 (-s-) RtCost=0 
  ccnx:/test/experiment/content3
    Faces : 34 (-s-) RtCost=0 
            36 (-s-) RtCost=0 
  ccnx:/test/experiment/content2
    Faces : 34 (-s-) RtCost=0 
            36 (-s-) RtCost=0 
  ccnx:/test/experiment/content4
    Faces : 34 (-s-) RtCost=0 
            36 (-s-) RtCost=0 
  ccnx:/test/experiment/content9
    Faces : 34 (-s-) RtCost=0 
            36 (-s-) RtCost=0 
  ccnx:/test/experiment/content1
    Faces : 34 (-s-) RtCost=0 
            36 (-s-) RtCost=0 
  ccnx:/test/experiment/content8
    Faces : 34 (-s-) RtCost=0 
            36 (-s-) RtCost=0 
  ccnx:/test/experiment/content6
    Faces : 34 (-s-) RtCost=0 
            36 (-s-) RtCost=0 
  ccnx:/test/experiment/content7
    Faces : 34 (-s-) RtCost=0 
            36 (-s-) RtCost=0 
PIT(App) :
  Entry is empty
PIT :
  Entry is empty
2026-01-28 15:49:22.428 [cefctrl] INFO: [client] Config directory is ./h2
2026-01-28 15:49:22.428 [cefctrl] INFO: [client] Local Socket Name is /tmp/cef_9695.2
2026-01-28 15:49:22.428 [cefctrl] INFO: [client] Listen Port is 9695
CCNx Version     : 1
Port             : 9695
Rx Interest      : 0 (RGL[0], SYM[0], SEL[0])
Tx Interest      : 0 (RGL[0], SYM[0], SEL[0])
Rx ContentObject : 0
Tx ContentObject : 0
Cache Mode       : Localcache
FWD Strategy     : flooding
Interest Return  : Disabled
Faces : 8
  faceid =   4 : IPv4 Listen face (udp)
  faceid =   0 : Local face
  faceid =   5 : IPv6 Listen face (udp)
  faceid =  53 : Local face
  faceid =  36 : address = 192.168.10.5:9695 (udp)
  faceid =   6 : IPv4 Listen face (tcp)
  faceid =  34 : address = 192.168.6.4:9695 (udp)
  faceid =   7 : IPv6 Listen face (tcp)
FIB(App) :
  Entry is empty
FIB : 9
  ccnx:/test/experiment/content5
    Faces : 36 (-s-) RtCost=0 
            34 (-s-) RtCost=0 
  ccnx:/test/experiment/content3
    Faces : 34 (-s-) RtCost=0 
            36 (-s-) RtCost=0 
  ccnx:/test/experiment/content2
    Faces : 34 (-s-) RtCost=0 
            36 (-s-) RtCost=0 
  ccnx:/test/experiment/content4
    Faces : 36 (-s-) RtCost=0 
            34 (-s-) RtCost=0 
  ccnx:/test/experiment/content9
    Faces : 34 (-s-) RtCost=0 
            36 (-s-) RtCost=0 
  ccnx:/test/experiment/content1
    Faces : 34 (-s-) RtCost=0 
            36 (-s-) RtCost=0 
  ccnx:/test/experiment/content8
    Faces : 34 (-s-) RtCost=0 
            36 (-s-) RtCost=0 
  ccnx:/test/experiment/content6
    Faces : 36 (-s-) RtCost=0 
            34 (-s-) RtCost=0 
  ccnx:/test/experiment/content7
    Faces : 34 (-s-) RtCost=0 
            36 (-s-) RtCost=0 
PIT(App) :
  Entry is empty
PIT :
  Entry is empty
2026-01-28 15:49:22.645 [cefctrl] INFO: [client] Config directory is ./h3
2026-01-28 15:49:22.645 [cefctrl] INFO: [client] Local Socket Name is /tmp/cef_9695.3
2026-01-28 15:49:22.645 [cefctrl] INFO: [client] Listen Port is 9695
CCNx Version     : 1
Port             : 9695
Rx Interest      : 0 (RGL[0], SYM[0], SEL[0])
Tx Interest      : 0 (RGL[0], SYM[0], SEL[0])
Rx ContentObject : 0
Tx ContentObject : 0
Cache Mode       : Excache
FWD Strategy     : flooding
Interest Return  : Disabled
Faces : 9
  faceid =  34 : address = 192.168.14.10:9695 (udp)
  faceid =   4 : IPv4 Listen face (udp)
  faceid =  48 : Local face
  faceid =   5 : IPv6 Listen face (udp)
  faceid =  43 : address = 192.168.6.3:9695 (udp)
  faceid =  36 : address = 192.168.1.5:9695 (udp)
  faceid =   0 : Local face
  faceid =   6 : IPv4 Listen face (tcp)
  faceid =   7 : IPv6 Listen face (tcp)
FIB(App) :
  Entry is empty
FIB : 6
  ccnx:/test/experiment/content5
    Faces : 36 (-s-) RtCost=0 
            43 (-s-) RtCost=0 
  ccnx:/test/experiment/content3
    Faces : 34 (-s-) RtCost=0 
            36 (-s-) RtCost=0 
  ccnx:/test/experiment/content2
    Faces : 34 (-s-) RtCost=0 
            36 (-s-) RtCost=0 
  ccnx:/test/experiment/content4
    Faces : 36 (-s-) RtCost=0 
            43 (-s-) RtCost=0 
  ccnx:/test/experiment/content1
    Faces : 34 (-s-) RtCost=0 
            36 (-s-) RtCost=0 
  ccnx:/test/experiment/content6
    Faces : 36 (-s-) RtCost=0 
            43 (-s-) RtCost=0 
PIT(App) :
  Entry is empty
PIT :
  Entry is empty
2026-01-28 15:49:22.861 [cefctrl] INFO: [client] Config directory is ./h4
2026-01-28 15:49:22.861 [cefctrl] INFO: [client] Local Socket Name is /tmp/cef_9695.4
2026-01-28 15:49:22.861 [cefctrl] INFO: [client] Listen Port is 9695
CCNx Version     : 1
Port             : 9695
Rx Interest      : 0 (RGL[0], SYM[0], SEL[0])
Tx Interest      : 0 (RGL[0], SYM[0], SEL[0])
Rx ContentObject : 0
Tx ContentObject : 0
Cache Mode       : None
FWD Strategy     : flooding
Interest Return  : Disabled
Faces : 10
  faceid =   0 : Local face
  faceid =   4 : IPv4 Listen face (udp)
  faceid =   5 : IPv6 Listen face (udp)
  faceid =  36 : address = 192.168.1.4:9695 (udp)
  faceid =  42 : address = 192.168.7.1:9695 (udp)
  faceid =  44 : address = 192.168.10.3:9695 (udp)
  faceid =   6 : IPv4 Listen face (tcp)
  faceid =  34 : address = 192.168.4.10:9695 (udp)
  faceid =   7 : IPv6 Listen face (tcp)
  faceid =  55 : Local face
FIB(App) :
  Entry is empty
FIB : 9
  ccnx:/test/experiment/content5
    Faces : 42 (-s-) RtCost=0 
            44 (-s-) RtCost=0 
  ccnx:/test/experiment/content3
    Faces : 34 (-s-) RtCost=0 
            36 (-s-) RtCost=0 
  ccnx:/test/experiment/content2
    Faces : 34 (-s-) RtCost=0 
            36 (-s-) RtCost=0 
  ccnx:/test/experiment/content4
    Faces : 42 (-s-) RtCost=0 
            44 (-s-) RtCost=0 
  ccnx:/test/experiment/content9
    Faces : 36 (-s-) RtCost=0 
            44 (-s-) RtCost=0 
  ccnx:/test/experiment/content1
    Faces : 34 (-s-) RtCost=0 
            36 (-s-) RtCost=0 
  ccnx:/test/experiment/content8
    Faces : 36 (-s-) RtCost=0 
            44 (-s-) RtCost=0 
  ccnx:/test/experiment/content6
    Faces : 42 (-s-) RtCost=0 
            44 (-s-) RtCost=0 
  ccnx:/test/experiment/content7
    Faces : 36 (-s-) RtCost=0 
            44 (-s-) RtCost=0 
PIT(App) :
  Entry is empty
PIT :
  Entry is empty
2026-01-28 15:49:23.078 [cefctrl] INFO: [client] Config directory is ./h5
2026-01-28 15:49:23.078 [cefctrl] INFO: [client] Local Socket Name is /tmp/cef_9695.5
2026-01-28 15:49:23.078 [cefctrl] INFO: [client] Listen Port is 9695
CCNx Version     : 1
Port             : 9695
Rx Interest      : 0 (RGL[0], SYM[0], SEL[0])
Tx Interest      : 0 (RGL[0], SYM[0], SEL[0])
Rx ContentObject : 0
Tx ContentObject : 0
Cache Mode       : Excache
FWD Strategy     : flooding
Interest Return  : Disabled
Faces : 8
  faceid =  34 : address = 192.168.2.10:9695 (udp)
  faceid =   4 : IPv4 Listen face (udp)
  faceid =   0 : Local face
  faceid =  53 : Local face
  faceid =   5 : IPv6 Listen face (udp)
  faceid =  36 : address = 192.168.3.3:9695 (udp)
  faceid =   6 : IPv4 Listen face (tcp)
  faceid =   7 : IPv6 Listen face (tcp)
FIB(App) :
  Entry is empty
FIB : 9
  ccnx:/test/experiment/content5
    Faces : 36 (-s-) RtCost=0 
            34 (-s-) RtCost=0 
  ccnx:/test/experiment/content3
    Faces : 34 (-s-) RtCost=0 
            36 (-s-) RtCost=0 
  ccnx:/test/experiment/content2
    Faces : 34 (-s-) RtCost=0 
            36 (-s-) RtCost=0 
  ccnx:/test/experiment/content4
    Faces : 36 (-s-) RtCost=0 
            34 (-s-) RtCost=0 
  ccnx:/test/experiment/content9
    Faces : 36 (-s-) RtCost=0 
            34 (-s-) RtCost=0 
  ccnx:/test/experiment/content1
    Faces : 34 (-s-) RtCost=0 
            36 (-s-) RtCost=0 
  ccnx:/test/experiment/content8
    Faces : 36 (-s-) RtCost=0 
            34 (-s-) RtCost=0 
  ccnx:/test/experiment/content6
    Faces : 36 (-s-) RtCost=0 
            34 (-s-) RtCost=0 
  ccnx:/test/experiment/content7
    Faces : 36 (-s-) RtCost=0 
            34 (-s-) RtCost=0 
PIT(App) :
  Entry is empty
PIT :
  Entry is empty
2026-01-28 15:49:23.295 [cefctrl] INFO: [client] Config directory is ./h6
2026-01-28 15:49:23.295 [cefctrl] INFO: [client] Local Socket Name is /tmp/cef_9695.6
2026-01-28 15:49:23.295 [cefctrl] INFO: [client] Listen Port is 9695
CCNx Version     : 1
Port             : 9695
Rx Interest      : 0 (RGL[0], SYM[0], SEL[0])
Tx Interest      : 0 (RGL[0], SYM[0], SEL[0])
Rx ContentObject : 0
Tx ContentObject : 0
Cache Mode       : None
FWD Strategy     : flooding
Interest Return  : Disabled
Faces : 8
  faceid =   4 : IPv4 Listen face (udp)
  faceid =   0 : Local face
  faceid =   5 : IPv6 Listen face (udp)
  faceid =  34 : address = 192.168.11.6:9695 (udp)
  faceid =   6 : IPv4 Listen face (tcp)
  faceid =  36 : address = 192.168.15.8:9695 (udp)
  faceid =   7 : IPv6 Listen face (tcp)
  faceid =  53 : Local face
FIB(App) :
  Entry is empty
FIB : 9
  ccnx:/test/experiment/content5
    Faces : 36 (-s-) RtCost=0 
            34 (-s-) RtCost=0 
  ccnx:/test/experiment/content3
    Faces : 34 (-s-) RtCost=0 
            36 (-s-) RtCost=0 
  ccnx:/test/experiment/content2
    Faces : 34 (-s-) RtCost=0 
            36 (-s-) RtCost=0 
  ccnx:/test/experiment/content4
    Faces : 36 (-s-) RtCost=0 
            34 (-s-) RtCost=0 
  ccnx:/test/experiment/content9
    Faces : 34 (-s-) RtCost=0 
            36 (-s-) RtCost=0 
  ccnx:/test/experiment/content1
    Faces : 34 (-s-) RtCost=0 
            36 (-s-) RtCost=0 
  ccnx:/test/experiment/content8
    Faces : 34 (-s-) RtCost=0 
            36 (-s-) RtCost=0 
  ccnx:/test/experiment/content6
    Faces : 36 (-s-) RtCost=0 
            34 (-s-) RtCost=0 
  ccnx:/test/experiment/content7
    Faces : 34 (-s-) RtCost=0 
            36 (-s-) RtCost=0 
PIT(App) :
  Entry is empty
PIT :
  Entry is empty
2026-01-28 15:49:23.512 [cefctrl] INFO: [client] Config directory is ./h7
2026-01-28 15:49:23.512 [cefctrl] INFO: [client] Local Socket Name is /tmp/cef_9695.7
2026-01-28 15:49:23.512 [cefctrl] INFO: [client] Listen Port is 9695
CCNx Version     : 1
Port             : 9695
Rx Interest      : 0 (RGL[0], SYM[0], SEL[0])
Tx Interest      : 0 (RGL[0], SYM[0], SEL[0])
Rx ContentObject : 0
Tx ContentObject : 0
Cache Mode       : Excache
FWD Strategy     : flooding
Interest Return  : Disabled
Faces : 8
  faceid =   4 : IPv4 Listen face (udp)
  faceid =  53 : Local face
  faceid =   0 : Local face
  faceid =   5 : IPv6 Listen face (udp)
  faceid =  34 : address = 192.168.5.5:9695 (udp)
  faceid =   6 : IPv4 Listen face (tcp)
  faceid =   7 : IPv6 Listen face (tcp)
  faceid =  36 : address = 192.168.15.7:9695 (udp)
FIB(App) :
  Entry is empty
FIB : 9
  ccnx:/test/experiment/content5
    Faces : 34 (-s-) RtCost=0 
            36 (-s-) RtCost=0 
  ccnx:/test/experiment/content3
    Faces : 34 (-s-) RtCost=0 
            36 (-s-) RtCost=0 
  ccnx:/test/experiment/content2
    Faces : 34 (-s-) RtCost=0 
            36 (-s-) RtCost=0 
  ccnx:/test/experiment/content4
    Faces : 34 (-s-) RtCost=0 
            36 (-s-) RtCost=0 
  ccnx:/test/experiment/content9
    Faces : 34 (-s-) RtCost=0 
            36 (-s-) RtCost=0 
  ccnx:/test/experiment/content1
    Faces : 34 (-s-) RtCost=0 
            36 (-s-) RtCost=0 
  ccnx:/test/experiment/content8
    Faces : 34 (-s-) RtCost=0 
            36 (-s-) RtCost=0 
  ccnx:/test/experiment/content6
    Faces : 34 (-s-) RtCost=0 
            36 (-s-) RtCost=0 
  ccnx:/test/experiment/content7
    Faces : 34 (-s-) RtCost=0 
            36 (-s-) RtCost=0 
PIT(App) :
  Entry is empty
PIT :
  Entry is empty
2026-01-28 15:49:23.729 [cefctrl] INFO: [client] Config directory is ./h8
2026-01-28 15:49:23.729 [cefctrl] INFO: [client] Local Socket Name is /tmp/cef_9695.8
2026-01-28 15:49:23.729 [cefctrl] INFO: [client] Listen Port is 9695
CCNx Version     : 1
Port             : 9695
Rx Interest      : 0 (RGL[0], SYM[0], SEL[0])
Tx Interest      : 0 (RGL[0], SYM[0], SEL[0])
Rx ContentObject : 0
Tx ContentObject : 0
Cache Mode       : Localcache
FWD Strategy     : flooding
Interest Return  : Disabled
Faces : 9
  faceid =   4 : IPv4 Listen face (udp)
  faceid =   5 : IPv6 Listen face (udp)
  faceid =  54 : Local face
  faceid =  36 : address = 192.168.8.2:9695 (udp)
  faceid =  34 : address = 192.168.13.10:9695 (udp)
  faceid =   6 : IPv4 Listen face (tcp)
  faceid =  42 : address = 192.168.12.3:9695 (udp)
  faceid =   0 : Local face
  faceid =   7 : IPv6 Listen face (tcp)
FIB(App) :
  Entry is empty
FIB : 9
  ccnx:/test/experiment/content5
    Faces : 42 (-s-) RtCost=0 
            34 (-s-) RtCost=0 
  ccnx:/test/experiment/content3
    Faces : 34 (-s-) RtCost=0 
            36 (-s-) RtCost=0 
  ccnx:/test/experiment/content2
    Faces : 34 (-s-) RtCost=0 
            36 (-s-) RtCost=0 
  ccnx:/test/experiment/content4
    Faces : 42 (-s-) RtCost=0 
            34 (-s-) RtCost=0 
  ccnx:/test/experiment/content9
    Faces : 36 (-s-) RtCost=0 
            42 (-s-) RtCost=0 
  ccnx:/test/experiment/content1
    Faces : 34 (-s-) RtCost=0 
            36 (-s-) RtCost=0 
  ccnx:/test/experiment/content8
    Faces : 36 (-s-) RtCost=0 
            42 (-s-) RtCost=0 
  ccnx:/test/experiment/content6
    Faces : 42 (-s-) RtCost=0 
            34 (-s-) RtCost=0 
  ccnx:/test/experiment/content7
    Faces : 36 (-s-) RtCost=0 
            42 (-s-) RtCost=0 
PIT(App) :
  Entry is empty
PIT :
  Entry is empty
2026-01-28 15:49:23.945 [cefctrl] INFO: [client] Config directory is ./h9
2026-01-28 15:49:23.945 [cefctrl] INFO: [client] Local Socket Name is /tmp/cef_9695.9
2026-01-28 15:49:23.945 [cefctrl] INFO: [client] Listen Port is 9695
CCNx Version     : 1
Port             : 9695
Rx Interest      : 0 (RGL[0], SYM[0], SEL[0])
Tx Interest      : 0 (RGL[0], SYM[0], SEL[0])
Rx ContentObject : 0
Tx ContentObject : 0
Cache Mode       : Excache
FWD Strategy     : flooding
Interest Return  : Disabled
Faces : 8
  faceid =  36 : address = 192.168.14.4:9695 (udp)
  faceid =  34 : address = 192.168.4.5:9695 (udp)
  faceid =   4 : IPv4 Listen face (udp)
  faceid =  47 : Local face
  faceid =   5 : IPv6 Listen face (udp)
  faceid =   0 : Local face
  faceid =   6 : IPv4 Listen face (tcp)
  faceid =   7 : IPv6 Listen face (tcp)
FIB(App) :
  Entry is empty
FIB : 6
  ccnx:/test/experiment/content5
    Faces : 34 (-s-) RtCost=0 
            36 (-s-) RtCost=0 
  ccnx:/test/experiment/content4
    Faces : 34 (-s-) RtCost=0 
            36 (-s-) RtCost=0 
  ccnx:/test/experiment/content9
    Faces : 36 (-s-) RtCost=0 
            34 (-s-) RtCost=0 
  ccnx:/test/experiment/content8
    Faces : 36 (-s-) RtCost=0 
            34 (-s-) RtCost=0 
  ccnx:/test/experiment/content6
    Faces : 34 (-s-) RtCost=0 
            36 (-s-) RtCost=0 
  ccnx:/test/experiment/content7
    Faces : 36 (-s-) RtCost=0 
            34 (-s-) RtCost=0 
PIT(App) :
  Entry is empty
PIT :
  Entry is empty

Mesh topology (per-host tree view):
h0
`-- h4 (via s6)
    |-- h2 (via s9)
    |   |-- h5 (via s2)
    |   `-- h8 (via s11)
    |-- h3 (via s0)
    |   `-- h1 (via s8)
    |-- h7 (via s4)
    |   `-- h6 (via s14)
    `-- h9 (via s3)

h1
|-- h3 (via s8)
|   |-- h2 (via s5)
|   |   `-- h5 (via s2)
|   |       `-- h6 (via s10)
|   |-- h4 (via s0)
|   |   |-- h0 (via s6)
|   |   `-- h7 (via s4)
|   `-- h9 (via s13)
`-- h8 (via s7)

h2
|-- h3 (via s5)
|   |-- h1 (via s8)
|   `-- h9 (via s13)
|-- h4 (via s9)
|   |-- h0 (via s6)
|   `-- h7 (via s4)
|-- h5 (via s2)
|   `-- h6 (via s10)
`-- h8 (via s11)

h3
|-- h1 (via s8)
|   `-- h8 (via s7)
|-- h2 (via s5)
|   `-- h5 (via s2)
|       `-- h6 (via s10)
|-- h4 (via s0)
|   |-- h0 (via s6)
|   `-- h7 (via s4)
`-- h9 (via s13)

h4
|-- h0 (via s6)
|-- h2 (via s9)
|   |-- h5 (via s2)
|   `-- h8 (via s11)
|-- h3 (via s0)
|   `-- h1 (via s8)
|-- h7 (via s4)
|   `-- h6 (via s14)
`-- h9 (via s3)

h5
|-- h2 (via s2)
|   |-- h3 (via s5)
|   |   `-- h1 (via s8)
|   |-- h4 (via s9)
|   |   `-- h0 (via s6)
|   `-- h8 (via s11)
|-- h6 (via s10)
|   `-- h7 (via s14)
`-- h9 (via s1)

h6
|-- h5 (via s10)
|   |-- h2 (via s2)
|   |   |-- h3 (via s5)
|   |   |   `-- h1 (via s8)
|   |   `-- h8 (via s11)
|   `-- h9 (via s1)
`-- h7 (via s14)
    `-- h4 (via s4)
        `-- h0 (via s6)

h7
|-- h4 (via s4)
|   |-- h0 (via s6)
|   |-- h2 (via s9)
|   |   `-- h8 (via s11)
|   |-- h3 (via s0)
|   |   `-- h1 (via s8)
|   `-- h9 (via s3)
`-- h6 (via s14)
    `-- h5 (via s10)

h8
|-- h1 (via s7)
|   `-- h3 (via s8)
|-- h2 (via s11)
|   |-- h4 (via s9)
|   |   |-- h0 (via s6)
|   |   `-- h7 (via s4)
|   `-- h5 (via s2)
|       `-- h6 (via s10)
`-- h9 (via s12)

h9
|-- h3 (via s13)
|   |-- h1 (via s8)
|   `-- h2 (via s5)
|-- h4 (via s3)
|   |-- h0 (via s6)
|   `-- h7 (via s4)
|-- h5 (via s1)
|   `-- h6 (via s10)
`-- h8 (via s12)

> - Topology view as a single figure (adjacency matrix)
Mesh topology (adjacency matrix; cell = switch):
    h0  h1  h2  h3  h4  h5  h6  h7  h8  h9 
h0  .   .   .   .   s6  .   .   .   .   .  
h1  .   .   .   s8  .   .   .   .   s7  .  
h2  .   .   .   s5  s9  s2  .   .   s11 .  
h3  .   s8  s5  .   s0  .   .   .   .   s13
h4  s6  .   s9  s0  .   .   .   s4  .   s3 
h5  .   .   s2  .   .   .   s10 .   .   s1 
h6  .   .   .   .   .   s10 .   s14 .   .  
h7  .   .   .   .   s4  .   s14 .   .   .  
h8  .   s7  s11 .   .   .   .   .   .   s12
h9  .   .   .   s13 s3  s1  .   .   s12 .  

cache nodes: h0, h1, h5

[flap] down h1

[flap] down h6

[flap] up h1

[flap] up h6

[flap] down h4

h5 command: cefroute add ccnx:/test/experiment/content5 udp 192.168.3.3 -d ./h5
h5 command: cefroute add ccnx:/test/experiment/content5 udp 192.168.2.10 -d ./h5
h6 command: cefroute add ccnx:/test/experiment/content5 udp 192.168.15.8 -d ./h6
h6 command: cefroute add ccnx:/test/experiment/content5 udp 192.168.11.6 -d ./h6
h7 command: cefroute add ccnx:/test/experiment/content5 udp 192.168.5.5 -d ./h7
h7 command: cefroute add ccnx:/test/experiment/content5 udp 192.168.15.7 -d ./h7
h8 command: cefroute add ccnx:/test/experiment/content5 udp 192.168.12.3 -d ./h8
h8 command: cefroute add ccnx:/test/experiment/content5 udp 192.168.13.10 -d ./h8
h9 command: cefroute add ccnx:/test/experiment/content5 udp 192.168.4.5 -d ./h9
h9 command: cefroute add ccnx:/test/experiment/content5 udp 192.168.14.4 -d ./h9
h1 command: cefroute add ccnx:/test/experiment/content6 udp 192.168.9.4 -d ./h1
h1 command: cefroute add ccnx:/test/experiment/content6 udp 192.168.8.9 -d ./h1
h2 command: cefroute add ccnx:/test/experiment/content6 udp 192.168.10.5 -d ./h2
h2 command: cefroute add ccnx:/test/experiment/content6 udp 192.168.6.4 -d ./h2
h3 command: cefroute add ccnx:/test/experiment/content6 udp 192.168.1.5 -d ./h3
h3 command: cefroute add ccnx:/test/experiment/content6 udp 192.168.6.3 -d ./h3
h4 command: cefroute add ccnx:/test/experiment/content6 udp 192.168.7.1 -d ./h4
h4 command: cefroute add ccnx:/test/experiment/content6 udp 192.168.10.3 -d ./h4
h5 command: cefroute add ccnx:/test/experiment/content6 udp 192.168.3.3 -d ./h5
h5 command: cefroute add ccnx:/test/experiment/content6 udp 192.168.2.10 -d ./h5
h6 command: cefroute add ccnx:/test/experiment/content6 udp 192.168.15.8 -d ./h6
h6 command: cefroute add ccnx:/test/experiment/content6 udp 192.168.11.6 -d ./h6
h7 command: cefroute add ccnx:/test/experiment/content6 udp 192.168.5.5 -d ./h7
h7 command: cefroute add ccnx:/test/experiment/content6 udp 192.168.15.7 -d ./h7
h8 command: cefroute add ccnx:/test/experiment/content6 udp 192.168.12.3 -d ./h8
h8 command: cefroute add ccnx:/test/experiment/content6 udp 192.168.13.10 -d ./h8
h9 command: cefroute add ccnx:/test/experiment/content6 udp 192.168.4.5 -d ./h9
h9 command: cefroute add ccnx:/test/experiment/content6 udp 192.168.14.4 -d ./h9
h0 command: cefroute add ccnx:/test/experiment/content7 udp 192.168.7.5 -d ./h0
h1 command: cefroute add ccnx:/test/experiment/content7 udp 192.168.9.4 -d ./h1
h1 command: cefroute add ccnx:/test/experiment/content7 udp 192.168.8.9 -d ./h1
h2 command: cefroute add ccnx:/test/experiment/content7 udp 192.168.6.4 -d ./h2
h2 command: cefroute add ccnx:/test/experiment/content7 udp 192.168.10.5 -d ./h2
h4 command: cefroute add ccnx:/test/experiment/content7 udp 192.168.1.4 -d ./h4
h4 command: cefroute add ccnx:/test/experiment/content7 udp 192.168.10.3 -d ./h4
h5 command: cefroute add ccnx:/test/experiment/content7 udp 192.168.3.3 -d ./h5
h5 command: cefroute add ccnx:/test/experiment/content7 udp 192.168.2.10 -d ./h5
h6 command: cefroute add ccnx:/test/experiment/content7 udp 192.168.11.6 -d ./h6
h6 command: cefroute add ccnx:/test/experiment/content7 udp 192.168.15.8 -d ./h6
h7 command: cefroute add ccnx:/test/experiment/content7 udp 192.168.5.5 -d ./h7
h7 command: cefroute add ccnx:/test/experiment/content7 udp 192.168.15.7 -d ./h7
h8 command: cefroute add ccnx:/test/experiment/content7 udp 192.168.8.2 -d ./h8
h8 command: cefroute add ccnx:/test/experiment/content7 udp 192.168.12.3 -d ./h8
h9 command: cefroute add ccnx:/test/experiment/content7 udp 192.168.14.4 -d ./h9
h9 command: cefroute add ccnx:/test/experiment/content7 udp 192.168.4.5 -d ./h9
h0 command: cefroute add ccnx:/test/experiment/content8 udp 192.168.7.5 -d ./h0
h1 command: cefroute add ccnx:/test/experiment/content8 udp 192.168.9.4 -d ./h1
h1 command: cefroute add ccnx:/test/experiment/content8 udp 192.168.8.9 -d ./h1
h2 command: cefroute add ccnx:/test/experiment/content8 udp 192.168.6.4 -d ./h2
h2 command: cefroute add ccnx:/test/experiment/content8 udp 192.168.10.5 -d ./h2
h4 command: cefroute add ccnx:/test/experiment/content8 udp 192.168.1.4 -d ./h4
h4 command: cefroute add ccnx:/test/experiment/content8 udp 192.168.10.3 -d ./h4
h5 command: cefroute add ccnx:/test/experiment/content8 udp 192.168.3.3 -d ./h5
h5 command: cefroute add ccnx:/test/experiment/content8 udp 192.168.2.10 -d ./h5
h6 command: cefroute add ccnx:/test/experiment/content8 udp 192.168.11.6 -d ./h6
h6 command: cefroute add ccnx:/test/experiment/content8 udp 192.168.15.8 -d ./h6
h7 command: cefroute add ccnx:/test/experiment/content8 udp 192.168.5.5 -d ./h7
h7 command: cefroute add ccnx:/test/experiment/content8 udp 192.168.15.7 -d ./h7
h8 command: cefroute add ccnx:/test/experiment/content8 udp 192.168.8.2 -d ./h8
h8 command: cefroute add ccnx:/test/experiment/content8 udp 192.168.12.3 -d ./h8
h9 command: cefroute add ccnx:/test/experiment/content8 udp 192.168.14.4 -d ./h9
h9 command: cefroute add ccnx:/test/experiment/content8 udp 192.168.4.5 -d ./h9
h0 command: cefroute add ccnx:/test/experiment/content9 udp 192.168.7.5 -d ./h0
h1 command: cefroute add ccnx:/test/experiment/content9 udp 192.168.9.4 -d ./h1
h1 command: cefroute add ccnx:/test/experiment/content9 udp 192.168.8.9 -d ./h1
h2 command: cefroute add ccnx:/test/experiment/content9 udp 192.168.6.4 -d ./h2
h2 command: cefroute add ccnx:/test/experiment/content9 udp 192.168.10.5 -d ./h2
h4 command: cefroute add ccnx:/test/experiment/content9 udp 192.168.1.4 -d ./h4
h4 command: cefroute add ccnx:/test/experiment/content9 udp 192.168.10.3 -d ./h4
h5 command: cefroute add ccnx:/test/experiment/content9 udp 192.168.3.3 -d ./h5
h5 command: cefroute add ccnx:/test/experiment/content9 udp 192.168.2.10 -d ./h5
h6 command: cefroute add ccnx:/test/experiment/content9 udp 192.168.11.6 -d ./h6
h6 command: cefroute add ccnx:/test/experiment/content9 udp 192.168.15.8 -d ./h6
h7 command: cefroute add ccnx:/test/experiment/content9 udp 192.168.5.5 -d ./h7
h7 command: cefroute add ccnx:/test/experiment/content9 udp 192.168.15.7 -d ./h7
h8 command: cefroute add ccnx:/test/experiment/content9 udp 192.168.8.2 -d ./h8
h8 command: cefroute add ccnx:/test/experiment/content9 udp 192.168.12.3 -d ./h8
h9 command: cefroute add ccnx:/test/experiment/content9 udp 192.168.14.4 -d ./h9
h9 command: cefroute add ccnx:/test/experiment/content9 udp 192.168.4.5 -d ./h9
h0 command: cefstatus -d ./h0
h1 command: cefstatus -d ./h1
h2 command: cefstatus -d ./h2
h3 command: cefstatus -d ./h3
h4 command: cefstatus -d ./h4
h5 command: cefstatus -d ./h5
h6 command: cefstatus -d ./h6
h7 command: cefstatus -d ./h7
h8 command: cefstatus -d ./h8
h9 command: cefstatus -d ./h9
h9 command: cefputfile ccnx:/test/experiment/content1 -f ./sample-putfile -t 3000 -e 3000 -d ./h9 > cefputfile_h9_c1.log
h9 command: cefputfile ccnx:/test/experiment/content2 -f ./sample-putfile -t 3000 -e 3000 -d ./h9 > cefputfile_h9_c2.log
h9 command: cefputfile ccnx:/test/experiment/content3 -f ./sample-putfile -t 3000 -e 3000 -d ./h9 > cefputfile_h9_c3.log
h0 command: cefputfile ccnx:/test/experiment/content4 -f ./sample-putfile -t 3000 -e 3000 -d ./h0 > cefputfile_h0_c4.log
h0 command: cefputfile ccnx:/test/experiment/content5 -f ./sample-putfile -t 3000 -e 3000 -d ./h0 > cefputfile_h0_c5.log
h0 command: cefputfile ccnx:/test/experiment/content6 -f ./sample-putfile -t 3000 -e 3000 -d ./h0 > cefputfile_h0_c6.log
h3 command: cefputfile ccnx:/test/experiment/content7 -f ./sample-putfile -t 3000 -e 3000 -d ./h3 > cefputfile_h3_c7.log
h3 command: cefputfile ccnx:/test/experiment/content8 -f ./sample-putfile -t 3000 -e 3000 -d ./h3 > cefputfile_h3_c8.log
h3 command: cefputfile ccnx:/test/experiment/content9 -f ./sample-putfile -t 3000 -e 3000 -d ./h3 > cefputfile_h3_c9.log
h1 command: cefgetfile ccnx:/test/experiment/content1 -f ./recvfile_h1_c1 -d ./h1 > cefgetfile_h1_c1.log
h6 command: cefgetfile ccnx:/test/experiment/content1 -f ./recvfile_h6_c1 -d ./h6 > cefgetfile_h6_c1.log
h1 command: cefgetfile ccnx:/test/experiment/content2 -f ./recvfile_h1_c2 -d ./h1 > cefgetfile_h1_c2.log
h6 command: cefgetfile ccnx:/test/experiment/content2 -f ./recvfile_h6_c2 -d ./h6 > cefgetfile_h6_c2.log
h6 command: 
[flap] down h7

[flap] up h4

[flap] up h7

[flap] down h5

[flap] down h2

[flap] up h5

[flap] up h2

[flap] down h5

[flap] down h9

[flap] up h5

[flap] up h9

[flap] down h3

[flap] down h4

[flap] up h3

[flap] up h4

[flap] down h1

[flap] down h2

[flap] up h1

[flap] up h2

[flap] down h8

[flap] down h3

[flap] up h8

[flap] up h3
hosts[ 0 ]: cefnetdstop -F -d ./h0 
hosts[ 1 ]: cefnetdstop -F -d ./h1 
hosts[ 2 ]: cefnetdstop -F -d ./h2 
hosts[ 3 ]: cefnetdstop -F -d ./h3 
hosts[ 4 ]: cefnetdstop -F -d ./h4 
hosts[ 5 ]: cefnetdstop -F -d ./h5 
hosts[ 6 ]: cefnetdstop -F -d ./h6 
hosts[ 7 ]: cefnetdstop -F -d ./h7 
hosts[ 8 ]: cefnetdstop -F -d ./h8 
hosts[ 9 ]: cefnetdstop -F -d ./h9 
hosts[ 1 ]: csmgrdstop -d ./h1 
hosts[ 3 ]: csmgrdstop -d ./h3 
hosts[ 5 ]: csmgrdstop -d ./h5 
hosts[ 7 ]: csmgrdstop -d ./h7 
hosts[ 9 ]: csmgrdstop -d ./h9 
*** Stopping 1 controllers
c0 
*** Stopping 30 links
..............................
*** Stopping 15 switches
s0 s1 s2 s3 s4 s5 s6 s7 s8 s9 s10 s11 s12 s13 s14 
*** Stopping 10 hosts
h0 h1 h2 h3 h4 h5 h6 h7 h8 h9 
*** Done
cefgetfile ccnx:/test/experiment/content3 -f ./recvfile_h6_c3 -d ./h6 > cefgetfile_h6_c3.log
h6 command: cefgetfile ccnx:/test/experiment/content3 -f ./recvfile_h6_c3 -d ./h6 > cefgetfile_h6_c3.log
h1 command: cefgetfile ccnx:/test/experiment/content4 -f ./recvfile_h1_c4 -d ./h1 > cefgetfile_h1_c4.log
h6 command: cefgetfile ccnx:/test/experiment/content4 -f ./recvfile_h6_c4 -d ./h6 > cefgetfile_h6_c4.log
h4 command: cefgetfile ccnx:/test/experiment/content5 -f ./recvfile_h4_c5 -d ./h4 > cefgetfile_h4_c5.log
h1 command: cefgetfile ccnx:/test/experiment/content5 -f ./recvfile_h1_c5 -d ./h1 > cefgetfile_h1_c5.log
h1 command: cefgetfile ccnx:/test/experiment/content6 -f ./recvfile_h1_c6 -d ./h1 > cefgetfile_h1_c6.log
h1 command: cefgetfile ccnx:/test/experiment/content6 -f ./recvfile_h1_c6 -d ./h1 > cefgetfile_h1_c6.log
h1 command: cefgetfile ccnx:/test/experiment/content7 -f ./recvfile_h1_c7 -d ./h1 > cefgetfile_h1_c7.log
h1 command: cefgetfile ccnx:/test/experiment/content7 -f ./recvfile_h1_c7 -d ./h1 > cefgetfile_h1_c7.log
h6 command: cefgetfile ccnx:/test/experiment/content8 -f ./recvfile_h6_c8 -d ./h6 > cefgetfile_h6_c8.log
h6 command: cefgetfile ccnx:/test/experiment/content8 -f ./recvfile_h6_c8 -d ./h6 > cefgetfile_h6_c8.log
h1 command: cefgetfile ccnx:/test/experiment/content9 -f ./recvfile_h1_c9 -d ./h1 > cefgetfile_h1_c9.log
h6 command: cefgetfile ccnx:/test/experiment/content9 -f ./recvfile_h6_c9 -d ./h6 > cefgetfile_h6_c9.log
