*** Creating network
*** Adding controller
*** Adding hosts:
h0 h1 h2 h3 h4 h5 h6 h7 
*** Adding switches:
s0 s1 s2 s3 s4 s5 s6 s7 s8 s9 s10 s11 
*** Adding links:
(h0, s1) (h0, s6) (h0, s9) (h1, s2) (h1, s7) (h2, s0) (h2, s5) (h2, s7) (h2, s9) (h2, s10) (h2, s11) (h3, s2) (h4, s3) (h4, s8) (h4, s10) (h5, s1) (h5, s5) (h5, s8) (h6, s3) (h6, s4) (h6, s11) (h7, s0) (h7, s4) (h7, s6) 
*** Configuring hosts
h0 h1 h2 h3 h4 h5 h6 h7 
*** Starting controller
c0 
*** Starting 12 switches
s0 s1 s2 s3 s4 s5 s6 s7 s8 s9 s10 s11 ...
*** Waiting for switches to connect
s0 s1 s2 s3 s4 s5 s6 s7 s8 s9 s10 s11 
h0-eth0: flags=4163<UP,BROADCAST,RUNNING,MULTICAST>  mtu 1500
        inet 192.168.2.1  netmask 255.255.255.0  broadcast 192.168.2.255
        inet6 fe80::78d8:cfff:fe6d:bfb4  prefixlen 64  scopeid 0x20<link>
        ether 7a:d8:cf:6d:bf:b4  txqueuelen 1000  (Ethernet)
        RX packets 21  bytes 2677 (2.6 KB)
        RX errors 0  dropped 0  overruns 0  frame 0
        TX packets 6  bytes 516 (516.0 B)
        TX errors 0  dropped 0 overruns 0  carrier 0  collisions 0

h0-eth1: flags=4163<UP,BROADCAST,RUNNING,MULTICAST>  mtu 1500
        inet 192.168.7.1  netmask 255.255.255.0  broadcast 192.168.7.255
        inet6 fe80::e859:63ff:fef2:9154  prefixlen 64  scopeid 0x20<link>
        ether ea:59:63:f2:91:54  txqueuelen 1000  (Ethernet)
        RX packets 20  bytes 2607 (2.6 KB)
        RX errors 0  dropped 0  overruns 0  frame 0
        TX packets 7  bytes 586 (586.0 B)
        TX errors 0  dropped 0 overruns 0  carrier 0  collisions 0

h0-eth2: flags=4163<UP,BROADCAST,RUNNING,MULTICAST>  mtu 1500
        inet 192.168.10.1  netmask 255.255.255.0  broadcast 192.168.10.255
        inet6 fe80::58bb:37ff:fe2f:9869  prefixlen 64  scopeid 0x20<link>
        ether 5a:bb:37:2f:98:69  txqueuelen 1000  (Ethernet)
        RX packets 20  bytes 2463 (2.4 KB)
        RX errors 0  dropped 0  overruns 0  frame 0
        TX packets 6  bytes 516 (516.0 B)
        TX errors 0  dropped 0 overruns 0  carrier 0  collisions 0

lo: flags=73<UP,LOOPBACK,RUNNING>  mtu 65536
        inet 127.0.0.1  netmask 255.0.0.0
        inet6 ::1  prefixlen 128  scopeid 0x10<host>
        loop  txqueuelen 1000  (Local Loopback)
        RX packets 0  bytes 0 (0.0 B)
        RX errors 0  dropped 0  overruns 0  frame 0
        TX packets 0  bytes 0 (0.0 B)
        TX errors 0  dropped 0 overruns 0  carrier 0  collisions 0

h1-eth0: flags=4163<UP,BROADCAST,RUNNING,MULTICAST>  mtu 1500
        inet 192.168.3.2  netmask 255.255.255.0  broadcast 192.168.3.255
        inet6 fe80::38aa:15ff:fe99:e8c9  prefixlen 64  scopeid 0x20<link>
        ether 3a:aa:15:99:e8:c9  txqueuelen 1000  (Ethernet)
        RX packets 19  bytes 2393 (2.3 KB)
        RX errors 0  dropped 0  overruns 0  frame 0
        TX packets 6  bytes 516 (516.0 B)
        TX errors 0  dropped 0 overruns 0  carrier 0  collisions 0

h1-eth1: flags=4163<UP,BROADCAST,RUNNING,MULTICAST>  mtu 1500
        inet 192.168.8.2  netmask 255.255.255.0  broadcast 192.168.8.255
        inet6 fe80::e872:b1ff:fea1:782a  prefixlen 64  scopeid 0x20<link>
        ether ea:72:b1:a1:78:2a  txqueuelen 1000  (Ethernet)
        RX packets 22  bytes 2747 (2.7 KB)
        RX errors 0  dropped 0  overruns 0  frame 0
        TX packets 6  bytes 516 (516.0 B)
        TX errors 0  dropped 0 overruns 0  carrier 0  collisions 0

lo: flags=73<UP,LOOPBACK,RUNNING>  mtu 65536
        inet 127.0.0.1  netmask 255.0.0.0
        inet6 ::1  prefixlen 128  scopeid 0x10<host>
        loop  txqueuelen 1000  (Local Loopback)
        RX packets 0  bytes 0 (0.0 B)
        RX errors 0  dropped 0  overruns 0  frame 0
        TX packets 0  bytes 0 (0.0 B)
        TX errors 0  dropped 0 overruns 0  carrier 0  collisions 0

h2-eth0: flags=4163<UP,BROADCAST,RUNNING,MULTICAST>  mtu 1500
        inet 192.168.1.3  netmask 255.255.255.0  broadcast 192.168.1.255
        inet6 fe80::2ce2:1cff:feaf:e951  prefixlen 64  scopeid 0x20<link>
        ether 2e:e2:1c:af:e9:51  txqueuelen 1000  (Ethernet)
        RX packets 20  bytes 2483 (2.4 KB)
        RX errors 0  dropped 0  overruns 0  frame 0
        TX packets 6  bytes 516 (516.0 B)
        TX errors 0  dropped 0 overruns 0  carrier 0  collisions 0

h2-eth1: flags=4163<UP,BROADCAST,RUNNING,MULTICAST>  mtu 1500
        inet 192.168.6.3  netmask 255.255.255.0  broadcast 192.168.6.255
        inet6 fe80::a07f:1bff:fe95:5ad8  prefixlen 64  scopeid 0x20<link>
        ether a2:7f:1b:95:5a:d8  txqueuelen 1000  (Ethernet)
        RX packets 22  bytes 2763 (2.7 KB)
        RX errors 0  dropped 0  overruns 0  frame 0
        TX packets 6  bytes 516 (516.0 B)
        TX errors 0  dropped 0 overruns 0  carrier 0  collisions 0

h2-eth2: flags=4163<UP,BROADCAST,RUNNING,MULTICAST>  mtu 1500
        inet 192.168.8.3  netmask 255.255.255.0  broadcast 192.168.8.255
        inet6 fe80::8c:dff:fe7b:fe63  prefixlen 64  scopeid 0x20<link>
        ether 02:8c:0d:7b:fe:63  txqueuelen 1000  (Ethernet)
        RX packets 20  bytes 2463 (2.4 KB)
        RX errors 0  dropped 0  overruns 0  frame 0
        TX packets 7  bytes 586 (586.0 B)
        TX errors 0  dropped 0 overruns 0  carrier 0  collisions 0

h2-eth3: flags=4163<UP,BROADCAST,RUNNING,MULTICAST>  mtu 1500
        inet 192.168.10.3  netmask 255.255.255.0  broadcast 192.168.10.255
        inet6 fe80::6c9e:63ff:fe0e:cadc  prefixlen 64  scopeid 0x20<link>
        ether 6e:9e:63:0e:ca:dc  txqueuelen 1000  (Ethernet)
        RX packets 21  bytes 2677 (2.6 KB)
        RX errors 0  dropped 0  overruns 0  frame 0
        TX packets 6  bytes 516 (516.0 B)
        TX errors 0  dropped 0 overruns 0  carrier 0  collisions 0

h2-eth4: flags=4163<UP,BROADCAST,RUNNING,MULTICAST>  mtu 1500
        inet 192.168.11.3  netmask 255.255.255.0  broadcast 192.168.11.255
        inet6 fe80::accd:80ff:fe4e:f213  prefixlen 64  scopeid 0x20<link>
        ether ae:cd:80:4e:f2:13  txqueuelen 1000  (Ethernet)
        RX packets 19  bytes 2393 (2.3 KB)
        RX errors 0  dropped 0  overruns 0  frame 0
        TX packets 7  bytes 586 (586.0 B)
        TX errors 0  dropped 0 overruns 0  carrier 0  collisions 0

h2-eth5: flags=4163<UP,BROADCAST,RUNNING,MULTICAST>  mtu 1500
        inet 192.168.12.3  netmask 255.255.255.0  broadcast 192.168.12.255
        inet6 fe80::bc0f:fff:fe33:5fac  prefixlen 64  scopeid 0x20<link>
        ether be:0f:0f:33:5f:ac  txqueuelen 1000  (Ethernet)
        RX packets 20  bytes 2483 (2.4 KB)
        RX errors 0  dropped 0  overruns 0  frame 0
        TX packets 6  bytes 516 (516.0 B)
        TX errors 0  dropped 0 overruns 0  carrier 0  collisions 0

lo: flags=73<UP,LOOPBACK,RUNNING>  mtu 65536
        inet 127.0.0.1  netmask 255.0.0.0
        inet6 ::1  prefixlen 128  scopeid 0x10<host>
        loop  txqueuelen 1000  (Local Loopback)
        RX packets 0  bytes 0 (0.0 B)
        RX errors 0  dropped 0  overruns 0  frame 0
        TX packets 0  bytes 0 (0.0 B)
        TX errors 0  dropped 0 overruns 0  carrier 0  collisions 0

h3-eth0: flags=4163<UP,BROADCAST,RUNNING,MULTICAST>  mtu 1500
        inet 192.168.3.4  netmask 255.255.255.0  broadcast 192.168.3.255
        inet6 fe80::2864:4eff:fe30:88f  prefixlen 64  scopeid 0x20<link>
        ether 2a:64:4e:30:08:8f  txqueuelen 1000  (Ethernet)
        RX packets 17  bytes 2233 (2.2 KB)
        RX errors 0  dropped 0  overruns 0  frame 0
        TX packets 6  bytes 516 (516.0 B)
        TX errors 0  dropped 0 overruns 0  carrier 0  collisions 0

lo: flags=73<UP,LOOPBACK,RUNNING>  mtu 65536
        inet 127.0.0.1  netmask 255.0.0.0
        inet6 ::1  prefixlen 128  scopeid 0x10<host>
        loop  txqueuelen 1000  (Local Loopback)
        RX packets 0  bytes 0 (0.0 B)
        RX errors 0  dropped 0  overruns 0  frame 0
        TX packets 0  bytes 0 (0.0 B)
        TX errors 0  dropped 0 overruns 0  carrier 0  collisions 0

h4-eth0: flags=4163<UP,BROADCAST,RUNNING,MULTICAST>  mtu 1500
        inet 192.168.4.5  netmask 255.255.255.0  broadcast 192.168.4.255
        inet6 fe80::d866:71ff:fe22:19be  prefixlen 64  scopeid 0x20<link>
        ether da:66:71:22:19:be  txqueuelen 1000  (Ethernet)
        RX packets 19  bytes 2393 (2.3 KB)
        RX errors 0  dropped 0  overruns 0  frame 0
        TX packets 6  bytes 516 (516.0 B)
        TX errors 0  dropped 0 overruns 0  carrier 0  collisions 0

h4-eth1: flags=4163<UP,BROADCAST,RUNNING,MULTICAST>  mtu 1500
        inet 192.168.9.5  netmask 255.255.255.0  broadcast 192.168.9.255
        inet6 fe80::5e:2bff:fe03:97f2  prefixlen 64  scopeid 0x20<link>
        ether 02:5e:2b:03:97:f2  txqueuelen 1000  (Ethernet)
        RX packets 19  bytes 2393 (2.3 KB)
        RX errors 0  dropped 0  overruns 0  frame 0
        TX packets 6  bytes 516 (516.0 B)
        TX errors 0  dropped 0 overruns 0  carrier 0  collisions 0

h4-eth2: flags=4163<UP,BROADCAST,RUNNING,MULTICAST>  mtu 1500
        inet 192.168.11.5  netmask 255.255.255.0  broadcast 192.168.11.255
        inet6 fe80::5cba:a5ff:fe77:d4e1  prefixlen 64  scopeid 0x20<link>
        ether 5e:ba:a5:77:d4:e1  txqueuelen 1000  (Ethernet)
        RX packets 20  bytes 2463 (2.4 KB)
        RX errors 0  dropped 0  overruns 0  frame 0
        TX packets 6  bytes 516 (516.0 B)
        TX errors 0  dropped 0 overruns 0  carrier 0  collisions 0

lo: flags=73<UP,LOOPBACK,RUNNING>  mtu 65536
        inet 127.0.0.1  netmask 255.0.0.0
        inet6 ::1  prefixlen 128  scopeid 0x10<host>
        loop  txqueuelen 1000  (Local Loopback)
        RX packets 0  bytes 0 (0.0 B)
        RX errors 0  dropped 0  overruns 0  frame 0
        TX packets 0  bytes 0 (0.0 B)
        TX errors 0  dropped 0 overruns 0  carrier 0  collisions 0

h5-eth0: flags=4163<UP,BROADCAST,RUNNING,MULTICAST>  mtu 1500
        inet 192.168.2.6  netmask 255.255.255.0  broadcast 192.168.2.255
        inet6 fe80::2885:cbff:fe4e:d85e  prefixlen 64  scopeid 0x20<link>
        ether 2a:85:cb:4e:d8:5e  txqueuelen 1000  (Ethernet)
        RX packets 19  bytes 2393 (2.3 KB)
        RX errors 0  dropped 0  overruns 0  frame 0
        TX packets 6  bytes 516 (516.0 B)
        TX errors 0  dropped 0 overruns 0  carrier 0  collisions 0

h5-eth1: flags=4163<UP,BROADCAST,RUNNING,MULTICAST>  mtu 1500
        inet 192.168.6.6  netmask 255.255.255.0  broadcast 192.168.6.255
        inet6 fe80::2068:afff:fe13:454e  prefixlen 64  scopeid 0x20<link>
        ether 22:68:af:13:45:4e  txqueuelen 1000  (Ethernet)
        RX packets 18  bytes 2286 (2.2 KB)
        RX errors 0  dropped 0  overruns 0  frame 0
        TX packets 6  bytes 516 (516.0 B)
        TX errors 0  dropped 0 overruns 0  carrier 0  collisions 0

h5-eth2: flags=4163<UP,BROADCAST,RUNNING,MULTICAST>  mtu 1500
        inet 192.168.9.6  netmask 255.255.255.0  broadcast 192.168.9.255
        inet6 fe80::9838:deff:fe67:53b5  prefixlen 64  scopeid 0x20<link>
        ether 9a:38:de:67:53:b5  txqueuelen 1000  (Ethernet)
        RX packets 19  bytes 2393 (2.3 KB)
        RX errors 0  dropped 0  overruns 0  frame 0
        TX packets 6  bytes 516 (516.0 B)
        TX errors 0  dropped 0 overruns 0  carrier 0  collisions 0

lo: flags=73<UP,LOOPBACK,RUNNING>  mtu 65536
        inet 127.0.0.1  netmask 255.0.0.0
        inet6 ::1  prefixlen 128  scopeid 0x10<host>
        loop  txqueuelen 1000  (Local Loopback)
        RX packets 0  bytes 0 (0.0 B)
        RX errors 0  dropped 0  overruns 0  frame 0
        TX packets 0  bytes 0 (0.0 B)
        TX errors 0  dropped 0 overruns 0  carrier 0  collisions 0

h6-eth0: flags=4163<UP,BROADCAST,RUNNING,MULTICAST>  mtu 1500
        inet 192.168.4.7  netmask 255.255.255.0  broadcast 192.168.4.255
        inet6 fe80::c44f:93ff:fe94:ee27  prefixlen 64  scopeid 0x20<link>
        ether c6:4f:93:94:ee:27  txqueuelen 1000  (Ethernet)
        RX packets 19  bytes 2393 (2.3 KB)
        RX errors 0  dropped 0  overruns 0  frame 0
        TX packets 6  bytes 516 (516.0 B)
        TX errors 0  dropped 0 overruns 0  carrier 0  collisions 0

h6-eth1: flags=4163<UP,BROADCAST,RUNNING,MULTICAST>  mtu 1500
        inet 192.168.5.7  netmask 255.255.255.0  broadcast 192.168.5.255
        inet6 fe80::e85e:f3ff:fe60:bb23  prefixlen 64  scopeid 0x20<link>
        ether ea:5e:f3:60:bb:23  txqueuelen 1000  (Ethernet)
        RX packets 20  bytes 2483 (2.4 KB)
        RX errors 0  dropped 0  overruns 0  frame 0
        TX packets 6  bytes 516 (516.0 B)
        TX errors 0  dropped 0 overruns 0  carrier 0  collisions 0

h6-eth2: flags=4163<UP,BROADCAST,RUNNING,MULTICAST>  mtu 1500
        inet 192.168.12.7  netmask 255.255.255.0  broadcast 192.168.12.255
        inet6 fe80::3847:3ff:fee1:10a9  prefixlen 64  scopeid 0x20<link>
        ether 3a:47:03:e1:10:a9  txqueuelen 1000  (Ethernet)
        RX packets 19  bytes 2393 (2.3 KB)
        RX errors 0  dropped 0  overruns 0  frame 0
        TX packets 6  bytes 516 (516.0 B)
        TX errors 0  dropped 0 overruns 0  carrier 0  collisions 0

lo: flags=73<UP,LOOPBACK,RUNNING>  mtu 65536
        inet 127.0.0.1  netmask 255.0.0.0
        inet6 ::1  prefixlen 128  scopeid 0x10<host>
        loop  txqueuelen 1000  (Local Loopback)
        RX packets 0  bytes 0 (0.0 B)
        RX errors 0  dropped 0  overruns 0  frame 0
        TX packets 0  bytes 0 (0.0 B)
        TX errors 0  dropped 0 overruns 0  carrier 0  collisions 0

h7-eth0: flags=4163<UP,BROADCAST,RUNNING,MULTICAST>  mtu 1500
        inet 192.168.1.8  netmask 255.255.255.0  broadcast 192.168.1.255
        inet6 fe80::3c3d:61ff:fe68:f5f9  prefixlen 64  scopeid 0x20<link>
        ether 3e:3d:61:68:f5:f9  txqueuelen 1000  (Ethernet)
        RX packets 18  bytes 2286 (2.2 KB)
        RX errors 0  dropped 0  overruns 0  frame 0
        TX packets 6  bytes 516 (516.0 B)
        TX errors 0  dropped 0 overruns 0  carrier 0  collisions 0

h7-eth1: flags=4163<UP,BROADCAST,RUNNING,MULTICAST>  mtu 1500
        inet 192.168.5.8  netmask 255.255.255.0  broadcast 192.168.5.255
        inet6 fe80::64db:8aff:fede:1315  prefixlen 64  scopeid 0x20<link>
        ether 66:db:8a:de:13:15  txqueuelen 1000  (Ethernet)
        RX packets 19  bytes 2393 (2.3 KB)
        RX errors 0  dropped 0  overruns 0  frame 0
        TX packets 6  bytes 516 (516.0 B)
        TX errors 0  dropped 0 overruns 0  carrier 0  collisions 0

h7-eth2: flags=4163<UP,BROADCAST,RUNNING,MULTICAST>  mtu 1500
        inet 192.168.7.8  netmask 255.255.255.0  broadcast 192.168.7.255
        inet6 fe80::fcec:63ff:fe5c:8034  prefixlen 64  scopeid 0x20<link>
        ether fe:ec:63:5c:80:34  txqueuelen 1000  (Ethernet)
        RX packets 19  bytes 2356 (2.3 KB)
        RX errors 0  dropped 0  overruns 0  frame 0
        TX packets 6  bytes 516 (516.0 B)
        TX errors 0  dropped 0 overruns 0  carrier 0  collisions 0

lo: flags=73<UP,LOOPBACK,RUNNING>  mtu 65536
        inet 127.0.0.1  netmask 255.0.0.0
        inet6 ::1  prefixlen 128  scopeid 0x10<host>
        loop  txqueuelen 1000  (Local Loopback)
        RX packets 0  bytes 0 (0.0 B)
        RX errors 0  dropped 0  overruns 0  frame 0
        TX packets 0  bytes 0 (0.0 B)
        TX errors 0  dropped 0 overruns 0  carrier 0  collisions 0

2026-01-23 16:09:36.179 [cefctrl] INFO: [client] Config directory is ./h1
2026-01-23 16:09:36.179 [cefctrl] INFO: [client] Local Socket Name is /tmp/cef_9695.1
2026-01-23 16:09:36.179 [cefctrl] INFO: [client] Listen Port is 9695
done. (cefroute)
2026-01-23 16:09:36.187 [cefctrl] INFO: [client] Config directory is ./h2
2026-01-23 16:09:36.187 [cefctrl] INFO: [client] Local Socket Name is /tmp/cef_9695.2
2026-01-23 16:09:36.187 [cefctrl] INFO: [client] Listen Port is 9695
done. (cefroute)
2026-01-23 16:09:36.195 [cefctrl] INFO: [client] Config directory is ./h2
2026-01-23 16:09:36.195 [cefctrl] INFO: [client] Local Socket Name is /tmp/cef_9695.2
2026-01-23 16:09:36.195 [cefctrl] INFO: [client] Listen Port is 9695
done. (cefroute)
2026-01-23 16:09:36.203 [cefctrl] INFO: [client] Config directory is ./h2
2026-01-23 16:09:36.203 [cefctrl] INFO: [client] Local Socket Name is /tmp/cef_9695.2
2026-01-23 16:09:36.203 [cefctrl] INFO: [client] Listen Port is 9695
done. (cefroute)
2026-01-23 16:09:36.210 [cefctrl] INFO: [client] Config directory is ./h3
2026-01-23 16:09:36.210 [cefctrl] INFO: [client] Local Socket Name is /tmp/cef_9695.3
2026-01-23 16:09:36.210 [cefctrl] INFO: [client] Listen Port is 9695
done. (cefroute)
2026-01-23 16:09:36.217 [cefctrl] INFO: [client] Config directory is ./h4
2026-01-23 16:09:36.217 [cefctrl] INFO: [client] Local Socket Name is /tmp/cef_9695.4
2026-01-23 16:09:36.217 [cefctrl] INFO: [client] Listen Port is 9695
done. (cefroute)
2026-01-23 16:09:36.223 [cefctrl] INFO: [client] Config directory is ./h4
2026-01-23 16:09:36.224 [cefctrl] INFO: [client] Local Socket Name is /tmp/cef_9695.4
2026-01-23 16:09:36.224 [cefctrl] INFO: [client] Listen Port is 9695
done. (cefroute)
2026-01-23 16:09:36.231 [cefctrl] INFO: [client] Config directory is ./h5
2026-01-23 16:09:36.231 [cefctrl] INFO: [client] Local Socket Name is /tmp/cef_9695.5
2026-01-23 16:09:36.231 [cefctrl] INFO: [client] Listen Port is 9695
done. (cefroute)
2026-01-23 16:09:36.239 [cefctrl] INFO: [client] Config directory is ./h5
2026-01-23 16:09:36.239 [cefctrl] INFO: [client] Local Socket Name is /tmp/cef_9695.5
2026-01-23 16:09:36.239 [cefctrl] INFO: [client] Listen Port is 9695
done. (cefroute)
2026-01-23 16:09:36.245 [cefctrl] INFO: [client] Config directory is ./h6
2026-01-23 16:09:36.245 [cefctrl] INFO: [client] Local Socket Name is /tmp/cef_9695.6
2026-01-23 16:09:36.245 [cefctrl] INFO: [client] Listen Port is 9695
done. (cefroute)
2026-01-23 16:09:36.253 [cefctrl] INFO: [client] Config directory is ./h6
2026-01-23 16:09:36.253 [cefctrl] INFO: [client] Local Socket Name is /tmp/cef_9695.6
2026-01-23 16:09:36.253 [cefctrl] INFO: [client] Listen Port is 9695
done. (cefroute)
2026-01-23 16:09:36.259 [cefctrl] INFO: [client] Config directory is ./h7
2026-01-23 16:09:36.259 [cefctrl] INFO: [client] Local Socket Name is /tmp/cef_9695.7
2026-01-23 16:09:36.260 [cefctrl] INFO: [client] Listen Port is 9695
done. (cefroute)
2026-01-23 16:09:36.266 [cefctrl] INFO: [client] Config directory is ./h7
2026-01-23 16:09:36.266 [cefctrl] INFO: [client] Local Socket Name is /tmp/cef_9695.7
2026-01-23 16:09:36.266 [cefctrl] INFO: [client] Listen Port is 9695
done. (cefroute)
2026-01-23 16:09:36.273 [cefctrl] INFO: [client] Config directory is ./h0
2026-01-23 16:09:36.273 [cefctrl] INFO: [client] Local Socket Name is /tmp/cef_9695.0
2026-01-23 16:09:36.273 [cefctrl] INFO: [client] Listen Port is 9695
done. (cefroute)
2026-01-23 16:09:36.280 [cefctrl] INFO: [client] Config directory is ./h0
2026-01-23 16:09:36.280 [cefctrl] INFO: [client] Local Socket Name is /tmp/cef_9695.0
2026-01-23 16:09:36.280 [cefctrl] INFO: [client] Listen Port is 9695
done. (cefroute)
2026-01-23 16:09:36.287 [cefctrl] INFO: [client] Config directory is ./h0
2026-01-23 16:09:36.287 [cefctrl] INFO: [client] Local Socket Name is /tmp/cef_9695.0
2026-01-23 16:09:36.287 [cefctrl] INFO: [client] Listen Port is 9695
done. (cefroute)
2026-01-23 16:09:36.293 [cefctrl] INFO: [client] Config directory is ./h2
2026-01-23 16:09:36.293 [cefctrl] INFO: [client] Local Socket Name is /tmp/cef_9695.2
2026-01-23 16:09:36.293 [cefctrl] INFO: [client] Listen Port is 9695
done. (cefroute)
2026-01-23 16:09:36.299 [cefctrl] INFO: [client] Config directory is ./h3
2026-01-23 16:09:36.299 [cefctrl] INFO: [client] Local Socket Name is /tmp/cef_9695.3
2026-01-23 16:09:36.299 [cefctrl] INFO: [client] Listen Port is 9695
done. (cefroute)
2026-01-23 16:09:36.305 [cefctrl] INFO: [client] Config directory is ./h4
2026-01-23 16:09:36.305 [cefctrl] INFO: [client] Local Socket Name is /tmp/cef_9695.4
2026-01-23 16:09:36.305 [cefctrl] INFO: [client] Listen Port is 9695
done. (cefroute)
2026-01-23 16:09:36.312 [cefctrl] INFO: [client] Config directory is ./h4
2026-01-23 16:09:36.312 [cefctrl] INFO: [client] Local Socket Name is /tmp/cef_9695.4
2026-01-23 16:09:36.312 [cefctrl] INFO: [client] Listen Port is 9695
done. (cefroute)
2026-01-23 16:09:36.318 [cefctrl] INFO: [client] Config directory is ./h4
2026-01-23 16:09:36.318 [cefctrl] INFO: [client] Local Socket Name is /tmp/cef_9695.4
2026-01-23 16:09:36.318 [cefctrl] INFO: [client] Listen Port is 9695
done. (cefroute)
2026-01-23 16:09:36.324 [cefctrl] INFO: [client] Config directory is ./h5
2026-01-23 16:09:36.324 [cefctrl] INFO: [client] Local Socket Name is /tmp/cef_9695.5
2026-01-23 16:09:36.325 [cefctrl] INFO: [client] Listen Port is 9695
done. (cefroute)
2026-01-23 16:09:36.331 [cefctrl] INFO: [client] Config directory is ./h5
2026-01-23 16:09:36.331 [cefctrl] INFO: [client] Local Socket Name is /tmp/cef_9695.5
2026-01-23 16:09:36.331 [cefctrl] INFO: [client] Listen Port is 9695
done. (cefroute)
2026-01-23 16:09:36.337 [cefctrl] INFO: [client] Config directory is ./h5
2026-01-23 16:09:36.337 [cefctrl] INFO: [client] Local Socket Name is /tmp/cef_9695.5
2026-01-23 16:09:36.337 [cefctrl] INFO: [client] Listen Port is 9695
done. (cefroute)
2026-01-23 16:09:36.345 [cefctrl] INFO: [client] Config directory is ./h6
2026-01-23 16:09:36.345 [cefctrl] INFO: [client] Local Socket Name is /tmp/cef_9695.6
2026-01-23 16:09:36.345 [cefctrl] INFO: [client] Listen Port is 9695
done. (cefroute)
2026-01-23 16:09:36.351 [cefctrl] INFO: [client] Config directory is ./h6
2026-01-23 16:09:36.351 [cefctrl] INFO: [client] Local Socket Name is /tmp/cef_9695.6
2026-01-23 16:09:36.351 [cefctrl] INFO: [client] Listen Port is 9695
done. (cefroute)
2026-01-23 16:09:36.357 [cefctrl] INFO: [client] Config directory is ./h6
2026-01-23 16:09:36.358 [cefctrl] INFO: [client] Local Socket Name is /tmp/cef_9695.6
2026-01-23 16:09:36.358 [cefctrl] INFO: [client] Listen Port is 9695
done. (cefroute)
2026-01-23 16:09:36.365 [cefctrl] INFO: [client] Config directory is ./h7
2026-01-23 16:09:36.365 [cefctrl] INFO: [client] Local Socket Name is /tmp/cef_9695.7
2026-01-23 16:09:36.365 [cefctrl] INFO: [client] Listen Port is 9695
done. (cefroute)
2026-01-23 16:09:36.371 [cefctrl] INFO: [client] Config directory is ./h7
2026-01-23 16:09:36.371 [cefctrl] INFO: [client] Local Socket Name is /tmp/cef_9695.7
2026-01-23 16:09:36.371 [cefctrl] INFO: [client] Listen Port is 9695
done. (cefroute)
2026-01-23 16:09:36.378 [cefctrl] INFO: [client] Config directory is ./h7
2026-01-23 16:09:36.378 [cefctrl] INFO: [client] Local Socket Name is /tmp/cef_9695.7
2026-01-23 16:09:36.378 [cefctrl] INFO: [client] Listen Port is 9695
done. (cefroute)
2026-01-23 16:09:36.385 [cefctrl] INFO: [client] Config directory is ./h0
2026-01-23 16:09:36.385 [cefctrl] INFO: [client] Local Socket Name is /tmp/cef_9695.0
2026-01-23 16:09:36.385 [cefctrl] INFO: [client] Listen Port is 9695
done. (cefroute)
2026-01-23 16:09:36.391 [cefctrl] INFO: [client] Config directory is ./h0
2026-01-23 16:09:36.391 [cefctrl] INFO: [client] Local Socket Name is /tmp/cef_9695.0
2026-01-23 16:09:36.391 [cefctrl] INFO: [client] Listen Port is 9695
done. (cefroute)
2026-01-23 16:09:36.398 [cefctrl] INFO: [client] Config directory is ./h0
2026-01-23 16:09:36.398 [cefctrl] INFO: [client] Local Socket Name is /tmp/cef_9695.0
2026-01-23 16:09:36.398 [cefctrl] INFO: [client] Listen Port is 9695
done. (cefroute)
2026-01-23 16:09:36.405 [cefctrl] INFO: [client] Config directory is ./h1
2026-01-23 16:09:36.405 [cefctrl] INFO: [client] Local Socket Name is /tmp/cef_9695.1
2026-01-23 16:09:36.405 [cefctrl] INFO: [client] Listen Port is 9695
done. (cefroute)
2026-01-23 16:09:36.412 [cefctrl] INFO: [client] Config directory is ./h3
2026-01-23 16:09:36.412 [cefctrl] INFO: [client] Local Socket Name is /tmp/cef_9695.3
2026-01-23 16:09:36.412 [cefctrl] INFO: [client] Listen Port is 9695
done. (cefroute)
2026-01-23 16:09:36.419 [cefctrl] INFO: [client] Config directory is ./h4
2026-01-23 16:09:36.419 [cefctrl] INFO: [client] Local Socket Name is /tmp/cef_9695.4
2026-01-23 16:09:36.419 [cefctrl] INFO: [client] Listen Port is 9695
done. (cefroute)
2026-01-23 16:09:36.426 [cefctrl] INFO: [client] Config directory is ./h4
2026-01-23 16:09:36.426 [cefctrl] INFO: [client] Local Socket Name is /tmp/cef_9695.4
2026-01-23 16:09:36.426 [cefctrl] INFO: [client] Listen Port is 9695
done. (cefroute)
2026-01-23 16:09:36.432 [cefctrl] INFO: [client] Config directory is ./h4
2026-01-23 16:09:36.432 [cefctrl] INFO: [client] Local Socket Name is /tmp/cef_9695.4
2026-01-23 16:09:36.432 [cefctrl] INFO: [client] Listen Port is 9695
done. (cefroute)
2026-01-23 16:09:36.438 [cefctrl] INFO: [client] Config directory is ./h5
2026-01-23 16:09:36.438 [cefctrl] INFO: [client] Local Socket Name is /tmp/cef_9695.5
2026-01-23 16:09:36.438 [cefctrl] INFO: [client] Listen Port is 9695
done. (cefroute)
2026-01-23 16:09:36.445 [cefctrl] INFO: [client] Config directory is ./h5
2026-01-23 16:09:36.445 [cefctrl] INFO: [client] Local Socket Name is /tmp/cef_9695.5
2026-01-23 16:09:36.445 [cefctrl] INFO: [client] Listen Port is 9695
done. (cefroute)
2026-01-23 16:09:36.452 [cefctrl] INFO: [client] Config directory is ./h5
2026-01-23 16:09:36.452 [cefctrl] INFO: [client] Local Socket Name is /tmp/cef_9695.5
2026-01-23 16:09:36.452 [cefctrl] INFO: [client] Listen Port is 9695
done. (cefroute)
2026-01-23 16:09:36.459 [cefctrl] INFO: [client] Config directory is ./h6
2026-01-23 16:09:36.459 [cefctrl] INFO: [client] Local Socket Name is /tmp/cef_9695.6
2026-01-23 16:09:36.459 [cefctrl] INFO: [client] Listen Port is 9695
done. (cefroute)
2026-01-23 16:09:36.465 [cefctrl] INFO: [client] Config directory is ./h6
2026-01-23 16:09:36.466 [cefctrl] INFO: [client] Local Socket Name is /tmp/cef_9695.6
2026-01-23 16:09:36.466 [cefctrl] INFO: [client] Listen Port is 9695
done. (cefroute)
2026-01-23 16:09:36.472 [cefctrl] INFO: [client] Config directory is ./h6
2026-01-23 16:09:36.472 [cefctrl] INFO: [client] Local Socket Name is /tmp/cef_9695.6
2026-01-23 16:09:36.472 [cefctrl] INFO: [client] Listen Port is 9695
done. (cefroute)
2026-01-23 16:09:36.479 [cefctrl] INFO: [client] Config directory is ./h7
2026-01-23 16:09:36.479 [cefctrl] INFO: [client] Local Socket Name is /tmp/cef_9695.7
2026-01-23 16:09:36.479 [cefctrl] INFO: [client] Listen Port is 9695
done. (cefroute)
2026-01-23 16:09:36.486 [cefctrl] INFO: [client] Config directory is ./h7
2026-01-23 16:09:36.486 [cefctrl] INFO: [client] Local Socket Name is /tmp/cef_9695.7
2026-01-23 16:09:36.486 [cefctrl] INFO: [client] Listen Port is 9695
done. (cefroute)
2026-01-23 16:09:36.493 [cefctrl] INFO: [client] Config directory is ./h7
2026-01-23 16:09:36.493 [cefctrl] INFO: [client] Local Socket Name is /tmp/cef_9695.7
2026-01-23 16:09:36.493 [cefctrl] INFO: [client] Listen Port is 9695
done. (cefroute)
2026-01-23 16:09:36.500 [cefctrl] INFO: [client] Config directory is ./h0
2026-01-23 16:09:36.500 [cefctrl] INFO: [client] Local Socket Name is /tmp/cef_9695.0
2026-01-23 16:09:36.500 [cefctrl] INFO: [client] Listen Port is 9695
done. (cefroute)
2026-01-23 16:09:36.507 [cefctrl] INFO: [client] Config directory is ./h0
2026-01-23 16:09:36.507 [cefctrl] INFO: [client] Local Socket Name is /tmp/cef_9695.0
2026-01-23 16:09:36.507 [cefctrl] INFO: [client] Listen Port is 9695
done. (cefroute)
2026-01-23 16:09:36.514 [cefctrl] INFO: [client] Config directory is ./h0
2026-01-23 16:09:36.514 [cefctrl] INFO: [client] Local Socket Name is /tmp/cef_9695.0
2026-01-23 16:09:36.514 [cefctrl] INFO: [client] Listen Port is 9695
done. (cefroute)
2026-01-23 16:09:36.521 [cefctrl] INFO: [client] Config directory is ./h1
2026-01-23 16:09:36.521 [cefctrl] INFO: [client] Local Socket Name is /tmp/cef_9695.1
2026-01-23 16:09:36.521 [cefctrl] INFO: [client] Listen Port is 9695
done. (cefroute)
2026-01-23 16:09:36.528 [cefctrl] INFO: [client] Config directory is ./h2
2026-01-23 16:09:36.528 [cefctrl] INFO: [client] Local Socket Name is /tmp/cef_9695.2
2026-01-23 16:09:36.528 [cefctrl] INFO: [client] Listen Port is 9695
done. (cefroute)
2026-01-23 16:09:36.534 [cefctrl] INFO: [client] Config directory is ./h4
2026-01-23 16:09:36.534 [cefctrl] INFO: [client] Local Socket Name is /tmp/cef_9695.4
2026-01-23 16:09:36.534 [cefctrl] INFO: [client] Listen Port is 9695
done. (cefroute)
2026-01-23 16:09:36.541 [cefctrl] INFO: [client] Config directory is ./h4
2026-01-23 16:09:36.541 [cefctrl] INFO: [client] Local Socket Name is /tmp/cef_9695.4
2026-01-23 16:09:36.541 [cefctrl] INFO: [client] Listen Port is 9695
done. (cefroute)
2026-01-23 16:09:36.547 [cefctrl] INFO: [client] Config directory is ./h4
2026-01-23 16:09:36.547 [cefctrl] INFO: [client] Local Socket Name is /tmp/cef_9695.4
2026-01-23 16:09:36.547 [cefctrl] INFO: [client] Listen Port is 9695
done. (cefroute)
2026-01-23 16:09:36.554 [cefctrl] INFO: [client] Config directory is ./h5
2026-01-23 16:09:36.554 [cefctrl] INFO: [client] Local Socket Name is /tmp/cef_9695.5
2026-01-23 16:09:36.554 [cefctrl] INFO: [client] Listen Port is 9695
done. (cefroute)
2026-01-23 16:09:36.560 [cefctrl] INFO: [client] Config directory is ./h5
2026-01-23 16:09:36.560 [cefctrl] INFO: [client] Local Socket Name is /tmp/cef_9695.5
2026-01-23 16:09:36.560 [cefctrl] INFO: [client] Listen Port is 9695
done. (cefroute)
2026-01-23 16:09:36.567 [cefctrl] INFO: [client] Config directory is ./h5
2026-01-23 16:09:36.567 [cefctrl] INFO: [client] Local Socket Name is /tmp/cef_9695.5
2026-01-23 16:09:36.567 [cefctrl] INFO: [client] Listen Port is 9695
done. (cefroute)
2026-01-23 16:09:36.574 [cefctrl] INFO: [client] Config directory is ./h6
2026-01-23 16:09:36.574 [cefctrl] INFO: [client] Local Socket Name is /tmp/cef_9695.6
2026-01-23 16:09:36.574 [cefctrl] INFO: [client] Listen Port is 9695
done. (cefroute)
2026-01-23 16:09:36.581 [cefctrl] INFO: [client] Config directory is ./h6
2026-01-23 16:09:36.581 [cefctrl] INFO: [client] Local Socket Name is /tmp/cef_9695.6
2026-01-23 16:09:36.581 [cefctrl] INFO: [client] Listen Port is 9695
done. (cefroute)
2026-01-23 16:09:36.587 [cefctrl] INFO: [client] Config directory is ./h6
2026-01-23 16:09:36.588 [cefctrl] INFO: [client] Local Socket Name is /tmp/cef_9695.6
2026-01-23 16:09:36.588 [cefctrl] INFO: [client] Listen Port is 9695
done. (cefroute)
2026-01-23 16:09:36.595 [cefctrl] INFO: [client] Config directory is ./h7
2026-01-23 16:09:36.595 [cefctrl] INFO: [client] Local Socket Name is /tmp/cef_9695.7
2026-01-23 16:09:36.595 [cefctrl] INFO: [client] Listen Port is 9695
done. (cefroute)
2026-01-23 16:09:36.602 [cefctrl] INFO: [client] Config directory is ./h7
2026-01-23 16:09:36.602 [cefctrl] INFO: [client] Local Socket Name is /tmp/cef_9695.7
2026-01-23 16:09:36.602 [cefctrl] INFO: [client] Listen Port is 9695
done. (cefroute)
2026-01-23 16:09:36.609 [cefctrl] INFO: [client] Config directory is ./h7
2026-01-23 16:09:36.609 [cefctrl] INFO: [client] Local Socket Name is /tmp/cef_9695.7
2026-01-23 16:09:36.609 [cefctrl] INFO: [client] Listen Port is 9695
done. (cefroute)
2026-01-23 16:09:36.616 [cefctrl] INFO: [client] Config directory is ./h0
2026-01-23 16:09:36.616 [cefctrl] INFO: [client] Local Socket Name is /tmp/cef_9695.0
2026-01-23 16:09:36.616 [cefctrl] INFO: [client] Listen Port is 9695
done. (cefroute)
2026-01-23 16:09:36.622 [cefctrl] INFO: [client] Config directory is ./h0
2026-01-23 16:09:36.622 [cefctrl] INFO: [client] Local Socket Name is /tmp/cef_9695.0
2026-01-23 16:09:36.622 [cefctrl] INFO: [client] Listen Port is 9695
done. (cefroute)
2026-01-23 16:09:36.630 [cefctrl] INFO: [client] Config directory is ./h1
2026-01-23 16:09:36.630 [cefctrl] INFO: [client] Local Socket Name is /tmp/cef_9695.1
2026-01-23 16:09:36.630 [cefctrl] INFO: [client] Listen Port is 9695
done. (cefroute)
2026-01-23 16:09:36.636 [cefctrl] INFO: [client] Config directory is ./h2
2026-01-23 16:09:36.636 [cefctrl] INFO: [client] Local Socket Name is /tmp/cef_9695.2
2026-01-23 16:09:36.636 [cefctrl] INFO: [client] Listen Port is 9695
done. (cefroute)
2026-01-23 16:09:36.643 [cefctrl] INFO: [client] Config directory is ./h2
2026-01-23 16:09:36.643 [cefctrl] INFO: [client] Local Socket Name is /tmp/cef_9695.2
2026-01-23 16:09:36.643 [cefctrl] INFO: [client] Listen Port is 9695
done. (cefroute)
2026-01-23 16:09:36.650 [cefctrl] INFO: [client] Config directory is ./h2
2026-01-23 16:09:36.650 [cefctrl] INFO: [client] Local Socket Name is /tmp/cef_9695.2
2026-01-23 16:09:36.650 [cefctrl] INFO: [client] Listen Port is 9695
done. (cefroute)
2026-01-23 16:09:36.657 [cefctrl] INFO: [client] Config directory is ./h3
2026-01-23 16:09:36.657 [cefctrl] INFO: [client] Local Socket Name is /tmp/cef_9695.3
2026-01-23 16:09:36.657 [cefctrl] INFO: [client] Listen Port is 9695
done. (cefroute)
2026-01-23 16:09:36.663 [cefctrl] INFO: [client] Config directory is ./h5
2026-01-23 16:09:36.663 [cefctrl] INFO: [client] Local Socket Name is /tmp/cef_9695.5
2026-01-23 16:09:36.663 [cefctrl] INFO: [client] Listen Port is 9695
done. (cefroute)
2026-01-23 16:09:36.670 [cefctrl] INFO: [client] Config directory is ./h5
2026-01-23 16:09:36.670 [cefctrl] INFO: [client] Local Socket Name is /tmp/cef_9695.5
2026-01-23 16:09:36.670 [cefctrl] INFO: [client] Listen Port is 9695
done. (cefroute)
2026-01-23 16:09:36.676 [cefctrl] INFO: [client] Config directory is ./h5
2026-01-23 16:09:36.676 [cefctrl] INFO: [client] Local Socket Name is /tmp/cef_9695.5
2026-01-23 16:09:36.676 [cefctrl] INFO: [client] Listen Port is 9695
done. (cefroute)
2026-01-23 16:09:36.683 [cefctrl] INFO: [client] Config directory is ./h6
2026-01-23 16:09:36.683 [cefctrl] INFO: [client] Local Socket Name is /tmp/cef_9695.6
2026-01-23 16:09:36.683 [cefctrl] INFO: [client] Listen Port is 9695
done. (cefroute)
2026-01-23 16:09:36.690 [cefctrl] INFO: [client] Config directory is ./h6
2026-01-23 16:09:36.690 [cefctrl] INFO: [client] Local Socket Name is /tmp/cef_9695.6
2026-01-23 16:09:36.690 [cefctrl] INFO: [client] Listen Port is 9695
done. (cefroute)
2026-01-23 16:09:36.697 [cefctrl] INFO: [client] Config directory is ./h7
2026-01-23 16:09:36.697 [cefctrl] INFO: [client] Local Socket Name is /tmp/cef_9695.7
2026-01-23 16:09:36.697 [cefctrl] INFO: [client] Listen Port is 9695
done. (cefroute)
2026-01-23 16:09:36.703 [cefctrl] INFO: [client] Config directory is ./h7
2026-01-23 16:09:36.703 [cefctrl] INFO: [client] Local Socket Name is /tmp/cef_9695.7
2026-01-23 16:09:36.703 [cefctrl] INFO: [client] Listen Port is 9695
done. (cefroute)
2026-01-23 16:09:36.709 [cefctrl] INFO: [client] Config directory is ./h7
2026-01-23 16:09:36.709 [cefctrl] INFO: [client] Local Socket Name is /tmp/cef_9695.7
2026-01-23 16:09:36.709 [cefctrl] INFO: [client] Listen Port is 9695
done. (cefroute)
2026-01-23 16:09:36.716 [cefctrl] INFO: [client] Config directory is ./h0
2026-01-23 16:09:36.716 [cefctrl] INFO: [client] Local Socket Name is /tmp/cef_9695.0
2026-01-23 16:09:36.716 [cefctrl] INFO: [client] Listen Port is 9695
done. (cefroute)
2026-01-23 16:09:36.722 [cefctrl] INFO: [client] Config directory is ./h0
2026-01-23 16:09:36.722 [cefctrl] INFO: [client] Local Socket Name is /tmp/cef_9695.0
2026-01-23 16:09:36.722 [cefctrl] INFO: [client] Listen Port is 9695
done. (cefroute)
2026-01-23 16:09:36.729 [cefctrl] INFO: [client] Config directory is ./h1
2026-01-23 16:09:36.729 [cefctrl] INFO: [client] Local Socket Name is /tmp/cef_9695.1
2026-01-23 16:09:36.729 [cefctrl] INFO: [client] Listen Port is 9695
done. (cefroute)
2026-01-23 16:09:36.736 [cefctrl] INFO: [client] Config directory is ./h2
2026-01-23 16:09:36.736 [cefctrl] INFO: [client] Local Socket Name is /tmp/cef_9695.2
2026-01-23 16:09:36.736 [cefctrl] INFO: [client] Listen Port is 9695
done. (cefroute)
2026-01-23 16:09:36.743 [cefctrl] INFO: [client] Config directory is ./h2
2026-01-23 16:09:36.743 [cefctrl] INFO: [client] Local Socket Name is /tmp/cef_9695.2
2026-01-23 16:09:36.743 [cefctrl] INFO: [client] Listen Port is 9695
done. (cefroute)
2026-01-23 16:09:36.749 [cefctrl] INFO: [client] Config directory is ./h2
2026-01-23 16:09:36.750 [cefctrl] INFO: [client] Local Socket Name is /tmp/cef_9695.2
2026-01-23 16:09:36.750 [cefctrl] INFO: [client] Listen Port is 9695
done. (cefroute)
2026-01-23 16:09:36.756 [cefctrl] INFO: [client] Config directory is ./h3
2026-01-23 16:09:36.756 [cefctrl] INFO: [client] Local Socket Name is /tmp/cef_9695.3
2026-01-23 16:09:36.756 [cefctrl] INFO: [client] Listen Port is 9695
done. (cefroute)
2026-01-23 16:09:36.763 [cefctrl] INFO: [client] Config directory is ./h4
2026-01-23 16:09:36.763 [cefctrl] INFO: [client] Local Socket Name is /tmp/cef_9695.4
2026-01-23 16:09:36.763 [cefctrl] INFO: [client] Listen Port is 9695
done. (cefroute)
2026-01-23 16:09:36.769 [cefctrl] INFO: [client] Config directory is ./h4
2026-01-23 16:09:36.769 [cefctrl] INFO: [client] Local Socket Name is /tmp/cef_9695.4
2026-01-23 16:09:36.769 [cefctrl] INFO: [client] Listen Port is 9695
done. (cefroute)
2026-01-23 16:09:36.776 [cefctrl] INFO: [client] Config directory is ./h6
2026-01-23 16:09:36.776 [cefctrl] INFO: [client] Local Socket Name is /tmp/cef_9695.6
2026-01-23 16:09:36.776 [cefctrl] INFO: [client] Listen Port is 9695
done. (cefroute)
2026-01-23 16:09:36.782 [cefctrl] INFO: [client] Config directory is ./h6
2026-01-23 16:09:36.782 [cefctrl] INFO: [client] Local Socket Name is /tmp/cef_9695.6
2026-01-23 16:09:36.782 [cefctrl] INFO: [client] Listen Port is 9695
done. (cefroute)
2026-01-23 16:09:36.788 [cefctrl] INFO: [client] Config directory is ./h7
2026-01-23 16:09:36.788 [cefctrl] INFO: [client] Local Socket Name is /tmp/cef_9695.7
2026-01-23 16:09:36.788 [cefctrl] INFO: [client] Listen Port is 9695
done. (cefroute)
2026-01-23 16:09:36.794 [cefctrl] INFO: [client] Config directory is ./h7
2026-01-23 16:09:36.794 [cefctrl] INFO: [client] Local Socket Name is /tmp/cef_9695.7
2026-01-23 16:09:36.794 [cefctrl] INFO: [client] Listen Port is 9695
done. (cefroute)
2026-01-23 16:09:36.800 [cefctrl] INFO: [client] Config directory is ./h0
2026-01-23 16:09:36.800 [cefctrl] INFO: [client] Local Socket Name is /tmp/cef_9695.0
2026-01-23 16:09:36.800 [cefctrl] INFO: [client] Listen Port is 9695
done. (cefroute)
2026-01-23 16:09:36.807 [cefctrl] INFO: [client] Config directory is ./h0
2026-01-23 16:09:36.807 [cefctrl] INFO: [client] Local Socket Name is /tmp/cef_9695.0
2026-01-23 16:09:36.807 [cefctrl] INFO: [client] Listen Port is 9695
done. (cefroute)
2026-01-23 16:09:36.813 [cefctrl] INFO: [client] Config directory is ./h1
2026-01-23 16:09:36.813 [cefctrl] INFO: [client] Local Socket Name is /tmp/cef_9695.1
2026-01-23 16:09:36.813 [cefctrl] INFO: [client] Listen Port is 9695
done. (cefroute)
h2 command: ifconfig h2-eth0 192.168.1.3
h7 command: ifconfig h7-eth0 192.168.1.8
h0 command: ifconfig h0-eth0 192.168.2.1
h5 command: ifconfig h5-eth0 192.168.2.6
h1 command: ifconfig h1-eth0 192.168.3.2
h3 command: ifconfig h3-eth0 192.168.3.4
h4 command: ifconfig h4-eth0 192.168.4.5
h6 command: ifconfig h6-eth0 192.168.4.7
h6 command: ifconfig h6-eth1 192.168.5.7
h7 command: ifconfig h7-eth1 192.168.5.8
h2 command: ifconfig h2-eth1 192.168.6.3
h5 command: ifconfig h5-eth1 192.168.6.6
h0 command: ifconfig h0-eth1 192.168.7.1
h7 command: ifconfig h7-eth2 192.168.7.8
h1 command: ifconfig h1-eth1 192.168.8.2
h2 command: ifconfig h2-eth2 192.168.8.3
h4 command: ifconfig h4-eth1 192.168.9.5
h5 command: ifconfig h5-eth2 192.168.9.6
h0 command: ifconfig h0-eth2 192.168.10.1
h2 command: ifconfig h2-eth3 192.168.10.3
h2 command: ifconfig h2-eth4 192.168.11.3
h4 command: ifconfig h4-eth2 192.168.11.5
h2 command: ifconfig h2-eth5 192.168.12.3
h6 command: ifconfig h6-eth2 192.168.12.7
h1 command: csmgrdstart -d ./h1 > h1-csmgrd-log
h3 command: csmgrdstart -d ./h3 > h3-csmgrd-log
h5 command: csmgrdstart -d ./h5 > h5-csmgrd-log
h7 command: csmgrdstart -d ./h7 > h7-csmgrd-log
h0 command: cefnetdstart -d ./h0 > h0-cefnetd-log
h1 command: cefnetdstart -d ./h1 > h1-cefnetd-log
h2 command: cefnetdstart -d ./h2 > h2-cefnetd-log
h3 command: cefnetdstart -d ./h3 > h3-cefnetd-log
h4 command: cefnetdstart -d ./h4 > h4-cefnetd-log
h5 command: cefnetdstart -d ./h5 > h5-cefnetd-log
h6 command: cefnetdstart -d ./h6 > h6-cefnetd-log
h7 command: cefnetdstart -d ./h7 > h7-cefnetd-log
h1 command: cefroute add ccnx:/test/example1 udp 192.168.8.3 -d ./h1
h2 command: cefroute add ccnx:/test/example1 udp 192.168.10.1 -d ./h2
h2 command: cefroute add ccnx:/test/example1 udp 192.168.6.6 -d ./h2
h2 command: cefroute add ccnx:/test/example1 udp 192.168.1.8 -d ./h2
h3 command: cefroute add ccnx:/test/example1 udp 192.168.3.2 -d ./h3
h4 command: cefroute add ccnx:/test/example1 udp 192.168.11.3 -d ./h4
h4 command: cefroute add ccnx:/test/example1 udp 192.168.9.6 -d ./h4
h5 command: cefroute add ccnx:/test/example1 udp 192.168.2.1 -d ./h5
h5 command: cefroute add ccnx:/test/example1 udp 192.168.6.3 -d ./h5
h6 command: cefroute add ccnx:/test/example1 udp 192.168.12.3 -d ./h6
h6 command: cefroute add ccnx:/test/example1 udp 192.168.5.8 -d ./h6
h7 command: cefroute add ccnx:/test/example1 udp 192.168.7.1 -d ./h7
h7 command: cefroute add ccnx:/test/example1 udp 192.168.1.3 -d ./h7
h0 command: cefroute add ccnx:/test/example2 udp 192.168.10.3 -d ./h0
h0 command: cefroute add ccnx:/test/example2 udp 192.168.2.6 -d ./h0
h0 command: cefroute add ccnx:/test/example2 udp 192.168.7.8 -d ./h0
h2 command: cefroute add ccnx:/test/example2 udp 192.168.8.2 -d ./h2
h3 command: cefroute add ccnx:/test/example2 udp 192.168.3.2 -d ./h3
h4 command: cefroute add ccnx:/test/example2 udp 192.168.11.3 -d ./h4
h4 command: cefroute add ccnx:/test/example2 udp 192.168.9.6 -d ./h4
h4 command: cefroute add ccnx:/test/example2 udp 192.168.4.7 -d ./h4
h5 command: cefroute add ccnx:/test/example2 udp 192.168.2.1 -d ./h5
h5 command: cefroute add ccnx:/test/example2 udp 192.168.6.3 -d ./h5
h5 command: cefroute add ccnx:/test/example2 udp 192.168.9.5 -d ./h5
h6 command: cefroute add ccnx:/test/example2 udp 192.168.12.3 -d ./h6
h6 command: cefroute add ccnx:/test/example2 udp 192.168.4.5 -d ./h6
h6 command: cefroute add ccnx:/test/example2 udp 192.168.5.8 -d ./h6
h7 command: cefroute add ccnx:/test/example2 udp 192.168.7.1 -d ./h7
h7 command: cefroute add ccnx:/test/example2 udp 192.168.1.3 -d ./h7
h7 command: cefroute add ccnx:/test/example2 udp 192.168.5.7 -d ./h7
h0 command: cefroute add ccnx:/test/example3 udp 192.168.10.3 -d ./h0
h0 command: cefroute add ccnx:/test/example3 udp 192.168.2.6 -d ./h0
h0 command: cefroute add ccnx:/test/example3 udp 192.168.7.8 -d ./h0
h1 command: cefroute add ccnx:/test/example3 udp 192.168.8.3 -d ./h1
h3 command: cefroute add ccnx:/test/example3 udp 192.168.3.2 -d ./h3
h4 command: cefroute add ccnx:/test/example3 udp 192.168.11.3 -d ./h4
h4 command: cefroute add ccnx:/test/example3 udp 192.168.9.6 -d ./h4
h4 command: cefroute add ccnx:/test/example3 udp 192.168.4.7 -d ./h4
h5 command: cefroute add ccnx:/test/example3 udp 192.168.2.1 -d ./h5
h5 command: cefroute add ccnx:/test/example3 udp 192.168.6.3 -d ./h5
h5 command: cefroute add ccnx:/test/example3 udp 192.168.9.5 -d ./h5
h6 command: cefroute add ccnx:/test/example3 udp 192.168.12.3 -d ./h6
h6 command: cefroute add ccnx:/test/example3 udp 192.168.4.5 -d ./h6
h6 command: cefroute add ccnx:/test/example3 udp 192.168.5.8 -d ./h6
h7 command: cefroute add ccnx:/test/example3 udp 192.168.7.1 -d ./h7
h7 command: cefroute add ccnx:/test/example3 udp 192.168.1.3 -d ./h7
h7 command: cefroute add ccnx:/test/example3 udp 192.168.5.7 -d ./h7
h0 command: cefroute add ccnx:/test/example4 udp 192.168.10.3 -d ./h0
h0 command: cefroute add ccnx:/test/example4 udp 192.168.2.6 -d ./h0
h0 command: cefroute add ccnx:/test/example4 udp 192.168.7.8 -d ./h0
h1 command: cefroute add ccnx:/test/example4 udp 192.168.3.4 -d ./h1
h2 command: cefroute add ccnx:/test/example4 udp 192.168.8.2 -d ./h2
h4 command: cefroute add ccnx:/test/example4 udp 192.168.11.3 -d ./h4
h4 command: cefroute add ccnx:/test/example4 udp 192.168.9.6 -d ./h4
h4 command: cefroute add ccnx:/test/example4 udp 192.168.4.7 -d ./h4
h5 command: cefroute add ccnx:/test/example4 udp 192.168.2.1 -d ./h5
h5 command: cefroute add ccnx:/test/example4 udp 192.168.6.3 -d ./h5
h5 command: cefroute add ccnx:/test/example4 udp 192.168.9.5 -d ./h5
h6 command: cefroute add ccnx:/test/example4 udp 192.168.12.3 -d ./h6
h6 command: cefroute add ccnx:/test/example4 udp 192.168.4.5 -d ./h6
h6 command: cefroute add ccnx:/test/example4 udp 192.168.5.8 -d ./h6
h7 command: cefroute add ccnx:/test/example4 udp 192.168.7.1 -d ./h7
h7 command: cefroute add ccnx:/test/example4 udp 192.168.1.3 -d ./h7
h7 command: cefroute add ccnx:/test/example4 udp 192.168.5.7 -d ./h7
h0 command: cefroute add ccnx:/test/example5 udp 192.168.10.3 -d ./h0
h0 command: cefroute add ccnx:/test/example5 udp 192.168.2.6 -d ./h0
h1 command: cefroute add ccnx:/test/example5 udp 192.168.8.3 -d ./h1
h2 command: cefroute add ccnx:/test/example5 udp 192.168.11.5 -d ./h2
h2 command: cefroute add ccnx:/test/example5 udp 192.168.6.6 -d ./h2
h2 command: cefroute add ccnx:/test/example5 udp 192.168.12.7 -d ./h2
h3 command: cefroute add ccnx:/test/example5 udp 192.168.3.2 -d ./h3
h5 command: cefroute add ccnx:/test/example5 udp 192.168.2.1 -d ./h5
h5 command: cefroute add ccnx:/test/example5 udp 192.168.6.3 -d ./h5
h5 command: cefroute add ccnx:/test/example5 udp 192.168.9.5 -d ./h5
h6 command: cefroute add ccnx:/test/example5 udp 192.168.12.3 -d ./h6
h6 command: cefroute add ccnx:/test/example5 udp 192.168.4.5 -d ./h6
h7 command: cefroute add ccnx:/test/example5 udp 192.168.7.1 -d ./h7
h7 command: cefroute add ccnx:/test/example5 udp 192.168.1.3 -d ./h7
h7 command: cefroute add ccnx:/test/example5 udp 192.168.5.7 -d ./h7
h0 command: cefroute add ccnx:/test/example6 udp 192.168.10.3 -d ./h0
h0 command: cefroute add ccnx:/test/example6 udp 192.168.2.6 -d ./h0
h1 command: cefroute add ccnx:/test/example6 udp 192.168.8.3 -d ./h1
h2 command: cefroute add ccnx:/test/example6 udp 192.168.10.1 -d ./h2
h2 command: cefroute add ccnx:/test/example6 udp 192.168.11.5 -d ./h2
h2 command: cefroute add ccnx:/test/example6 udp 192.168.6.6 -d ./h2
h3 command: cefroute add ccnx:/test/example6 udp 192.168.3.2 -d ./h3
h4 command: cefroute add ccnx:/test/example6 udp 192.168.11.3 -d ./h4
h4 command: cefroute add ccnx:/test/example6 udp 192.168.9.6 -d ./h4
h6 command: cefroute add ccnx:/test/example6 udp 192.168.12.3 -d ./h6
h6 command: cefroute add ccnx:/test/example6 udp 192.168.4.5 -d ./h6
h7 command: cefroute add ccnx:/test/example6 udp 192.168.7.1 -d ./h7
h7 command: cefroute add ccnx:/test/example6 udp 192.168.1.3 -d ./h7
h0 command: cefroute add ccnx:/test/example7 udp 192.168.10.3 -d ./h0
h0 command: cefroute add ccnx:/test/example7 udp 192.168.7.8 -d ./h0
h1 command: cefroute add ccnx:/test/example7 udp 192.168.8.3 -d ./h1
h2 command: 2026-01-23 16:09:36.819 [cefctrl] INFO: [client] Config directory is ./h2
2026-01-23 16:09:36.819 [cefctrl] INFO: [client] Local Socket Name is /tmp/cef_9695.2
2026-01-23 16:09:36.819 [cefctrl] INFO: [client] Listen Port is 9695
done. (cefroute)
2026-01-23 16:09:36.825 [cefctrl] INFO: [client] Config directory is ./h2
2026-01-23 16:09:36.825 [cefctrl] INFO: [client] Local Socket Name is /tmp/cef_9695.2
2026-01-23 16:09:36.825 [cefctrl] INFO: [client] Listen Port is 9695
done. (cefroute)
2026-01-23 16:09:36.830 [cefctrl] INFO: [client] Config directory is ./h2
2026-01-23 16:09:36.831 [cefctrl] INFO: [client] Local Socket Name is /tmp/cef_9695.2
2026-01-23 16:09:36.831 [cefctrl] INFO: [client] Listen Port is 9695
done. (cefroute)
2026-01-23 16:09:36.837 [cefctrl] INFO: [client] Config directory is ./h3
2026-01-23 16:09:36.837 [cefctrl] INFO: [client] Local Socket Name is /tmp/cef_9695.3
2026-01-23 16:09:36.837 [cefctrl] INFO: [client] Listen Port is 9695
done. (cefroute)
2026-01-23 16:09:36.843 [cefctrl] INFO: [client] Config directory is ./h4
2026-01-23 16:09:36.843 [cefctrl] INFO: [client] Local Socket Name is /tmp/cef_9695.4
2026-01-23 16:09:36.843 [cefctrl] INFO: [client] Listen Port is 9695
done. (cefroute)
2026-01-23 16:09:36.849 [cefctrl] INFO: [client] Config directory is ./h4
2026-01-23 16:09:36.849 [cefctrl] INFO: [client] Local Socket Name is /tmp/cef_9695.4
2026-01-23 16:09:36.849 [cefctrl] INFO: [client] Listen Port is 9695
done. (cefroute)
2026-01-23 16:09:36.855 [cefctrl] INFO: [client] Config directory is ./h5
2026-01-23 16:09:36.855 [cefctrl] INFO: [client] Local Socket Name is /tmp/cef_9695.5
2026-01-23 16:09:36.855 [cefctrl] INFO: [client] Listen Port is 9695
done. (cefroute)
2026-01-23 16:09:36.861 [cefctrl] INFO: [client] Config directory is ./h5
2026-01-23 16:09:36.861 [cefctrl] INFO: [client] Local Socket Name is /tmp/cef_9695.5
2026-01-23 16:09:36.861 [cefctrl] INFO: [client] Listen Port is 9695
done. (cefroute)
2026-01-23 16:09:36.866 [cefctrl] INFO: [client] Config directory is ./h5
2026-01-23 16:09:36.866 [cefctrl] INFO: [client] Local Socket Name is /tmp/cef_9695.5
2026-01-23 16:09:36.866 [cefctrl] INFO: [client] Listen Port is 9695
done. (cefroute)
2026-01-23 16:09:36.872 [cefctrl] INFO: [client] Config directory is ./h7
2026-01-23 16:09:36.873 [cefctrl] INFO: [client] Local Socket Name is /tmp/cef_9695.7
2026-01-23 16:09:36.873 [cefctrl] INFO: [client] Listen Port is 9695
done. (cefroute)
2026-01-23 16:09:36.879 [cefctrl] INFO: [client] Config directory is ./h7
2026-01-23 16:09:36.879 [cefctrl] INFO: [client] Local Socket Name is /tmp/cef_9695.7
2026-01-23 16:09:36.879 [cefctrl] INFO: [client] Listen Port is 9695
done. (cefroute)
2026-01-23 16:09:36.884 [cefctrl] INFO: [client] Config directory is ./h7
2026-01-23 16:09:36.884 [cefctrl] INFO: [client] Local Socket Name is /tmp/cef_9695.7
2026-01-23 16:09:36.884 [cefctrl] INFO: [client] Listen Port is 9695
done. (cefroute)
2026-01-23 16:09:36.891 [cefctrl] INFO: [client] Config directory is ./h0
2026-01-23 16:09:36.891 [cefctrl] INFO: [client] Local Socket Name is /tmp/cef_9695.0
2026-01-23 16:09:36.891 [cefctrl] INFO: [client] Listen Port is 9695
done. (cefroute)
2026-01-23 16:09:36.897 [cefctrl] INFO: [client] Config directory is ./h0
2026-01-23 16:09:36.897 [cefctrl] INFO: [client] Local Socket Name is /tmp/cef_9695.0
2026-01-23 16:09:36.897 [cefctrl] INFO: [client] Listen Port is 9695
done. (cefroute)
2026-01-23 16:09:36.903 [cefctrl] INFO: [client] Config directory is ./h1
2026-01-23 16:09:36.903 [cefctrl] INFO: [client] Local Socket Name is /tmp/cef_9695.1
2026-01-23 16:09:36.903 [cefctrl] INFO: [client] Listen Port is 9695
done. (cefroute)
2026-01-23 16:09:36.909 [cefctrl] INFO: [client] Config directory is ./h2
2026-01-23 16:09:36.909 [cefctrl] INFO: [client] Local Socket Name is /tmp/cef_9695.2
2026-01-23 16:09:36.909 [cefctrl] INFO: [client] Listen Port is 9695
done. (cefroute)
2026-01-23 16:09:36.915 [cefctrl] INFO: [client] Config directory is ./h2
2026-01-23 16:09:36.915 [cefctrl] INFO: [client] Local Socket Name is /tmp/cef_9695.2
2026-01-23 16:09:36.915 [cefctrl] INFO: [client] Listen Port is 9695
done. (cefroute)
2026-01-23 16:09:36.920 [cefctrl] INFO: [client] Config directory is ./h2
2026-01-23 16:09:36.920 [cefctrl] INFO: [client] Local Socket Name is /tmp/cef_9695.2
2026-01-23 16:09:36.920 [cefctrl] INFO: [client] Listen Port is 9695
done. (cefroute)
2026-01-23 16:09:36.927 [cefctrl] INFO: [client] Config directory is ./h3
2026-01-23 16:09:36.927 [cefctrl] INFO: [client] Local Socket Name is /tmp/cef_9695.3
2026-01-23 16:09:36.927 [cefctrl] INFO: [client] Listen Port is 9695
done. (cefroute)
2026-01-23 16:09:36.934 [cefctrl] INFO: [client] Config directory is ./h4
2026-01-23 16:09:36.934 [cefctrl] INFO: [client] Local Socket Name is /tmp/cef_9695.4
2026-01-23 16:09:36.934 [cefctrl] INFO: [client] Listen Port is 9695
done. (cefroute)
2026-01-23 16:09:36.941 [cefctrl] INFO: [client] Config directory is ./h4
2026-01-23 16:09:36.941 [cefctrl] INFO: [client] Local Socket Name is /tmp/cef_9695.4
2026-01-23 16:09:36.941 [cefctrl] INFO: [client] Listen Port is 9695
done. (cefroute)
2026-01-23 16:09:36.947 [cefctrl] INFO: [client] Config directory is ./h5
2026-01-23 16:09:36.947 [cefctrl] INFO: [client] Local Socket Name is /tmp/cef_9695.5
2026-01-23 16:09:36.947 [cefctrl] INFO: [client] Listen Port is 9695
done. (cefroute)
2026-01-23 16:09:36.953 [cefctrl] INFO: [client] Config directory is ./h5
2026-01-23 16:09:36.953 [cefctrl] INFO: [client] Local Socket Name is /tmp/cef_9695.5
2026-01-23 16:09:36.953 [cefctrl] INFO: [client] Listen Port is 9695
done. (cefroute)
2026-01-23 16:09:36.959 [cefctrl] INFO: [client] Config directory is ./h6
2026-01-23 16:09:36.959 [cefctrl] INFO: [client] Local Socket Name is /tmp/cef_9695.6
2026-01-23 16:09:36.959 [cefctrl] INFO: [client] Listen Port is 9695
done. (cefroute)
2026-01-23 16:09:36.966 [cefctrl] INFO: [client] Config directory is ./h6
2026-01-23 16:09:36.966 [cefctrl] INFO: [client] Local Socket Name is /tmp/cef_9695.6
2026-01-23 16:09:36.966 [cefctrl] INFO: [client] Listen Port is 9695
done. (cefroute)

FIB status per host:
2026-01-23 16:09:36.973 [cefctrl] INFO: [client] Config directory is ./h0
2026-01-23 16:09:36.973 [cefctrl] INFO: [client] Local Socket Name is /tmp/cef_9695.0
2026-01-23 16:09:36.973 [cefctrl] INFO: [client] Listen Port is 9695
CCNx Version     : 1
Port             : 9695
Rx Interest      : 0 (RGL[0], SYM[0], SEL[0])
Tx Interest      : 0 (RGL[0], SYM[0], SEL[0])
Rx ContentObject : 0
Tx ContentObject : 0
Cache Mode       : None
FWD Strategy     : flooding
Interest Return  : Disabled
Faces : 9
  faceid =  35 : address = 192.168.2.6:9695 (udp)
  faceid =   4 : IPv4 Listen face (udp)
  faceid =   5 : IPv6 Listen face (udp)
  faceid =  37 : address = 192.168.7.8:9695 (udp)
  faceid =  33 : address = 192.168.10.3:9695 (udp)
  faceid =   6 : IPv4 Listen face (tcp)
  faceid =   7 : IPv6 Listen face (tcp)
  faceid =   0 : Local face
  faceid =  52 : Local face
FIB(App) :
  Entry is empty
FIB : 7
  ccnx:/test/example7
    Faces : 33 (-s-) RtCost=0 
            37 (-s-) RtCost=0 
  ccnx:/test/example2
    Faces : 33 (-s-) RtCost=0 
            35 (-s-) RtCost=0 
            37 (-s-) RtCost=0 
  ccnx:/test/example5
    Faces : 33 (-s-) RtCost=0 
            35 (-s-) RtCost=0 
  ccnx:/test/example4
    Faces : 33 (-s-) RtCost=0 
            35 (-s-) RtCost=0 
            37 (-s-) RtCost=0 
  ccnx:/test/example8
    Faces : 33 (-s-) RtCost=0 
            37 (-s-) RtCost=0 
  ccnx:/test/example6
    Faces : 33 (-s-) RtCost=0 
            35 (-s-) RtCost=0 
  ccnx:/test/example3
    Faces : 33 (-s-) RtCost=0 
            35 (-s-) RtCost=0 
            37 (-s-) RtCost=0 
PIT(App) :
  Entry is empty
PIT :
  Entry is empty
2026-01-23 16:09:37.190 [cefctrl] INFO: [client] Config directory is ./h1
2026-01-23 16:09:37.190 [cefctrl] INFO: [client] Local Socket Name is /tmp/cef_9695.1
2026-01-23 16:09:37.190 [cefctrl] INFO: [client] Listen Port is 9695
CCNx Version     : 1
Port             : 9695
Rx Interest      : 0 (RGL[0], SYM[0], SEL[0])
Tx Interest      : 0 (RGL[0], SYM[0], SEL[0])
Rx ContentObject : 0
Tx ContentObject : 0
Cache Mode       : Excache
FWD Strategy     : flooding
Interest Return  : Disabled
Faces : 8
  faceid =   4 : IPv4 Listen face (udp)
  faceid =  41 : Local face
  faceid =   5 : IPv6 Listen face (udp)
  faceid =   0 : Local face
  faceid =  33 : address = 192.168.8.3:9695 (udp)
  faceid =   6 : IPv4 Listen face (tcp)
  faceid =  36 : address = 192.168.3.4:9695 (udp)
  faceid =   7 : IPv6 Listen face (tcp)
FIB(App) :
  Entry is empty
FIB : 7
  ccnx:/test/example1
    Faces : 33 (-s-) RtCost=0 
  ccnx:/test/example7
    Faces : 33 (-s-) RtCost=0 
  ccnx:/test/example5
    Faces : 33 (-s-) RtCost=0 
  ccnx:/test/example4
    Faces : 36 (-s-) RtCost=0 
  ccnx:/test/example8
    Faces : 33 (-s-) RtCost=0 
  ccnx:/test/example6
    Faces : 33 (-s-) RtCost=0 
  ccnx:/test/example3
    Faces : 33 (-s-) RtCost=0 
PIT(App) :
  Entry is empty
PIT :
  Entry is empty
2026-01-23 16:09:37.406 [cefctrl] INFO: [client] Config directory is ./h2
2026-01-23 16:09:37.406 [cefctrl] INFO: [client] Local Socket Name is /tmp/cef_9695.2
2026-01-23 16:09:37.406 [cefctrl] INFO: [client] Listen Port is 9695
CCNx Version     : 1
Port             : 9695
Rx Interest      : 0 (RGL[0], SYM[0], SEL[0])
Tx Interest      : 0 (RGL[0], SYM[0], SEL[0])
Rx ContentObject : 0
Tx ContentObject : 0
Cache Mode       : Localcache
FWD Strategy     : flooding
Interest Return  : Disabled
Faces : 12
  faceid =   4 : IPv4 Listen face (udp)
  faceid =  33 : address = 192.168.10.1:9695 (udp)
  faceid =  35 : address = 192.168.6.6:9695 (udp)
  faceid =   0 : Local face
  faceid =  55 : Local face
  faceid =   5 : IPv6 Listen face (udp)
  faceid =  45 : address = 192.168.12.7:9695 (udp)
  faceid =  39 : address = 192.168.8.2:9695 (udp)
  faceid =  42 : address = 192.168.11.5:9695 (udp)
  faceid =   6 : IPv4 Listen face (tcp)
  faceid =  37 : address = 192.168.1.8:9695 (udp)
  faceid =   7 : IPv6 Listen face (tcp)
FIB(App) :
  Entry is empty
FIB : 7
  ccnx:/test/example1
    Faces : 33 (-s-) RtCost=0 
            35 (-s-) RtCost=0 
            37 (-s-) RtCost=0 
  ccnx:/test/example7
    Faces : 42 (-s-) RtCost=0 
            45 (-s-) RtCost=0 
            37 (-s-) RtCost=0 
  ccnx:/test/example2
    Faces : 39 (-s-) RtCost=0 
  ccnx:/test/example5
    Faces : 42 (-s-) RtCost=0 
            35 (-s-) RtCost=0 
            45 (-s-) RtCost=0 
  ccnx:/test/example4
    Faces : 39 (-s-) RtCost=0 
  ccnx:/test/example8
    Faces : 33 (-s-) RtCost=0 
            45 (-s-) RtCost=0 
            37 (-s-) RtCost=0 
  ccnx:/test/example6
    Faces : 33 (-s-) RtCost=0 
            42 (-s-) RtCost=0 
            35 (-s-) RtCost=0 
PIT(App) :
  Entry is empty
PIT :
  Entry is empty
2026-01-23 16:09:37.623 [cefctrl] INFO: [client] Config directory is ./h3
2026-01-23 16:09:37.623 [cefctrl] INFO: [client] Local Socket Name is /tmp/cef_9695.3
2026-01-23 16:09:37.623 [cefctrl] INFO: [client] Listen Port is 9695
CCNx Version     : 1
Port             : 9695
Rx Interest      : 0 (RGL[0], SYM[0], SEL[0])
Tx Interest      : 0 (RGL[0], SYM[0], SEL[0])
Rx ContentObject : 0
Tx ContentObject : 0
Cache Mode       : Excache
FWD Strategy     : flooding
Interest Return  : Disabled
Faces : 7
  faceid =   4 : IPv4 Listen face (udp)
  faceid =  40 : Local face
  faceid =  33 : address = 192.168.3.2:9695 (udp)
  faceid =   5 : IPv6 Listen face (udp)
  faceid =   0 : Local face
  faceid =   6 : IPv4 Listen face (tcp)
  faceid =   7 : IPv6 Listen face (tcp)
FIB(App) :
  Entry is empty
FIB : 7
  ccnx:/test/example1
    Faces : 33 (-s-) RtCost=0 
  ccnx:/test/example7
    Faces : 33 (-s-) RtCost=0 
  ccnx:/test/example2
    Faces : 33 (-s-) RtCost=0 
  ccnx:/test/example5
    Faces : 33 (-s-) RtCost=0 
  ccnx:/test/example8
    Faces : 33 (-s-) RtCost=0 
  ccnx:/test/example6
    Faces : 33 (-s-) RtCost=0 
  ccnx:/test/example3
    Faces : 33 (-s-) RtCost=0 
PIT(App) :
  Entry is empty
PIT :
  Entry is empty
2026-01-23 16:09:37.840 [cefctrl] INFO: [client] Config directory is ./h4
2026-01-23 16:09:37.840 [cefctrl] INFO: [client] Local Socket Name is /tmp/cef_9695.4
2026-01-23 16:09:37.840 [cefctrl] INFO: [client] Listen Port is 9695
CCNx Version     : 1
Port             : 9695
Rx Interest      : 0 (RGL[0], SYM[0], SEL[0])
Tx Interest      : 0 (RGL[0], SYM[0], SEL[0])
Rx ContentObject : 0
Tx ContentObject : 0
Cache Mode       : Localcache
FWD Strategy     : flooding
Interest Return  : Disabled
Faces : 9
  faceid =   0 : Local face
  faceid =   4 : IPv4 Listen face (udp)
  faceid =  39 : address = 192.168.4.7:9695 (udp)
  faceid =  35 : address = 192.168.9.6:9695 (udp)
  faceid =  52 : Local face
  faceid =   5 : IPv6 Listen face (udp)
  faceid =  33 : address = 192.168.11.3:9695 (udp)
  faceid =   6 : IPv4 Listen face (tcp)
  faceid =   7 : IPv6 Listen face (tcp)
FIB(App) :
  Entry is empty
FIB : 7
  ccnx:/test/example1
    Faces : 33 (-s-) RtCost=0 
            35 (-s-) RtCost=0 
  ccnx:/test/example7
    Faces : 33 (-s-) RtCost=0 
            39 (-s-) RtCost=0 
  ccnx:/test/example2
    Faces : 33 (-s-) RtCost=0 
            35 (-s-) RtCost=0 
            39 (-s-) RtCost=0 
  ccnx:/test/example4
    Faces : 33 (-s-) RtCost=0 
            35 (-s-) RtCost=0 
            39 (-s-) RtCost=0 
  ccnx:/test/example8
    Faces : 33 (-s-) RtCost=0 
            39 (-s-) RtCost=0 
  ccnx:/test/example6
    Faces : 33 (-s-) RtCost=0 
            35 (-s-) RtCost=0 
  ccnx:/test/example3
    Faces : 33 (-s-) RtCost=0 
            35 (-s-) RtCost=0 
            39 (-s-) RtCost=0 
PIT(App) :
  Entry is empty
PIT :
  Entry is empty
2026-01-23 16:09:38.057 [cefctrl] INFO: [client] Config directory is ./h5
2026-01-23 16:09:38.057 [cefctrl] INFO: [client] Local Socket Name is /tmp/cef_9695.5
2026-01-23 16:09:38.057 [cefctrl] INFO: [client] Listen Port is 9695
CCNx Version     : 1
Port             : 9695
Rx Interest      : 0 (RGL[0], SYM[0], SEL[0])
Tx Interest      : 0 (RGL[0], SYM[0], SEL[0])
Rx ContentObject : 0
Tx ContentObject : 0
Cache Mode       : Excache
FWD Strategy     : flooding
Interest Return  : Disabled
Faces : 9
  faceid =  39 : address = 192.168.9.5:9695 (udp)
  faceid =   4 : IPv4 Listen face (udp)
  faceid =   0 : Local face
  faceid =  54 : Local face
  faceid =   5 : IPv6 Listen face (udp)
  faceid =  35 : address = 192.168.6.3:9695 (udp)
  faceid =   6 : IPv4 Listen face (tcp)
  faceid =  33 : address = 192.168.2.1:9695 (udp)
  faceid =   7 : IPv6 Listen face (tcp)
FIB(App) :
  Entry is empty
FIB : 7
  ccnx:/test/example1
    Faces : 33 (-s-) RtCost=0 
            35 (-s-) RtCost=0 
  ccnx:/test/example7
    Faces : 33 (-s-) RtCost=0 
            35 (-s-) RtCost=0 
            39 (-s-) RtCost=0 
  ccnx:/test/example2
    Faces : 33 (-s-) RtCost=0 
            35 (-s-) RtCost=0 
            39 (-s-) RtCost=0 
  ccnx:/test/example5
    Faces : 33 (-s-) RtCost=0 
            35 (-s-) RtCost=0 
            39 (-s-) RtCost=0 
  ccnx:/test/example4
    Faces : 33 (-s-) RtCost=0 
            35 (-s-) RtCost=0 
            39 (-s-) RtCost=0 
  ccnx:/test/example8
    Faces : 33 (-s-) RtCost=0 
            35 (-s-) RtCost=0 
  ccnx:/test/example3
    Faces : 33 (-s-) RtCost=0 
            35 (-s-) RtCost=0 
            39 (-s-) RtCost=0 
PIT(App) :
  Entry is empty
PIT :
  Entry is empty
2026-01-23 16:09:38.274 [cefctrl] INFO: [client] Config directory is ./h6
2026-01-23 16:09:38.274 [cefctrl] INFO: [client] Local Socket Name is /tmp/cef_9695.6
2026-01-23 16:09:38.274 [cefctrl] INFO: [client] Listen Port is 9695
CCNx Version     : 1
Port             : 9695
Rx Interest      : 0 (RGL[0], SYM[0], SEL[0])
Tx Interest      : 0 (RGL[0], SYM[0], SEL[0])
Rx ContentObject : 0
Tx ContentObject : 0
Cache Mode       : Localcache
FWD Strategy     : flooding
Interest Return  : Disabled
Faces : 9
  faceid =  38 : address = 192.168.4.5:9695 (udp)
  faceid =   4 : IPv4 Listen face (udp)
  faceid =   0 : Local face
  faceid =  52 : Local face
  faceid =   5 : IPv6 Listen face (udp)
  faceid =   6 : IPv4 Listen face (tcp)
  faceid =  33 : address = 192.168.12.3:9695 (udp)
  faceid =  35 : address = 192.168.5.8:9695 (udp)
  faceid =   7 : IPv6 Listen face (tcp)
FIB(App) :
  Entry is empty
FIB : 7
  ccnx:/test/example1
    Faces : 33 (-s-) RtCost=0 
            35 (-s-) RtCost=0 
  ccnx:/test/example2
    Faces : 33 (-s-) RtCost=0 
            38 (-s-) RtCost=0 
            35 (-s-) RtCost=0 
  ccnx:/test/example5
    Faces : 33 (-s-) RtCost=0 
            38 (-s-) RtCost=0 
  ccnx:/test/example4
    Faces : 33 (-s-) RtCost=0 
            38 (-s-) RtCost=0 
            35 (-s-) RtCost=0 
  ccnx:/test/example8
    Faces : 33 (-s-) RtCost=0 
            35 (-s-) RtCost=0 
  ccnx:/test/example6
    Faces : 33 (-s-) RtCost=0 
            38 (-s-) RtCost=0 
  ccnx:/test/example3
    Faces : 33 (-s-) RtCost=0 
            38 (-s-) RtCost=0 
            35 (-s-) RtCost=0 
PIT(App) :
  Entry is empty
PIT :
  Entry is empty
2026-01-23 16:09:38.491 [cefctrl] INFO: [client] Config directory is ./h7
2026-01-23 16:09:38.491 [cefctrl] INFO: [client] Local Socket Name is /tmp/cef_9695.7
2026-01-23 16:09:38.491 [cefctrl] INFO: [client] Listen Port is 9695
CCNx Version     : 1
Port             : 9695
Rx Interest      : 0 (RGL[0], SYM[0], SEL[0])
Tx Interest      : 0 (RGL[0], SYM[0], SEL[0])
Rx ContentObject : 0
Tx ContentObject : 0
Cache Mode       : Excache
FWD Strategy     : flooding
Interest Return  : Disabled
Faces : 9
  faceid =  35 : address = 192.168.1.3:9695 (udp)
  faceid =   4 : IPv4 Listen face (udp)
  faceid =  54 : Local face
  faceid =   0 : Local face
  faceid =   5 : IPv6 Listen face (udp)
  faceid =  33 : address = 192.168.7.1:9695 (udp)
  faceid =   6 : IPv4 Listen face (tcp)
  faceid =   7 : IPv6 Listen face (tcp)
  faceid =  39 : address = 192.168.5.7:9695 (udp)
FIB(App) :
  Entry is empty
FIB : 7
  ccnx:/test/example1
    Faces : 33 (-s-) RtCost=0 
            35 (-s-) RtCost=0 
  ccnx:/test/example7
    Faces : 33 (-s-) RtCost=0 
            35 (-s-) RtCost=0 
            39 (-s-) RtCost=0 
  ccnx:/test/example2
    Faces : 33 (-s-) RtCost=0 
            35 (-s-) RtCost=0 
            39 (-s-) RtCost=0 
  ccnx:/test/example5
    Faces : 33 (-s-) RtCost=0 
            35 (-s-) RtCost=0 
            39 (-s-) RtCost=0 
  ccnx:/test/example4
    Faces : 33 (-s-) RtCost=0 
            35 (-s-) RtCost=0 
            39 (-s-) RtCost=0 
  ccnx:/test/example6
    Faces : 33 (-s-) RtCost=0 
            35 (-s-) RtCost=0 
  ccnx:/test/example3
    Faces : 33 (-s-) RtCost=0 
            35 (-s-) RtCost=0 
            39 (-s-) RtCost=0 
PIT(App) :
  Entry is empty
PIT :
  Entry is empty

Mesh links (host-switch-host):
h2-eth0 -- s0 -- h7-eth0 (subnet 1)
h0-eth0 -- s1 -- h5-eth0 (subnet 2)
h1-eth0 -- s2 -- h3-eth0 (subnet 3)
h4-eth0 -- s3 -- h6-eth0 (subnet 4)
h6-eth1 -- s4 -- h7-eth1 (subnet 5)
h2-eth1 -- s5 -- h5-eth1 (subnet 6)
h0-eth1 -- s6 -- h7-eth2 (subnet 7)
h1-eth1 -- s7 -- h2-eth2 (subnet 8)
h4-eth1 -- s8 -- h5-eth2 (subnet 9)
h0-eth2 -- s9 -- h2-eth3 (subnet 10)
h2-eth4 -- s10 -- h4-eth2 (subnet 11)
h2-eth5 -- s11 -- h6-eth2 (subnet 12)

[flap] down h5

[flap] up h5

[flap] down h2

[flap] up h2
hosts[ 0 ]: cefnetdstop -F -d ./h0 
hosts[ 1 ]: cefnetdstop -F -d ./h1 
hosts[ 2 ]: cefnetdstop -F -d ./h2 
hosts[ 3 ]: cefnetdstop -F -d ./h3 
hosts[ 4 ]: cefnetdstop -F -d ./h4 
hosts[ 5 ]: cefnetdstop -F -d ./h5 
hosts[ 6 ]: cefnetdstop -F -d ./h6 
hosts[ 7 ]: cefnetdstop -F -d ./h7 
hosts[ 1 ]: csmgrdstop -d ./h1 
hosts[ 3 ]: csmgrdstop -d ./h3 
hosts[ 5 ]: csmgrdstop -d ./h5 
hosts[ 7 ]: csmgrdstop -d ./h7 
*** Stopping 1 controllers
c0 
*** Stopping 24 links
........................
*** Stopping 12 switches
s0 s1 s2 s3 s4 s5 s6 s7 s8 s9 s10 s11 
*** Stopping 8 hosts
h0 h1 h2 h3 h4 h5 h6 h7 
*** Done
cefroute add ccnx:/test/example7 udp 192.168.11.5 -d ./h2
h2 command: cefroute add ccnx:/test/example7 udp 192.168.12.7 -d ./h2
h2 command: cefroute add ccnx:/test/example7 udp 192.168.1.8 -d ./h2
h3 command: cefroute add ccnx:/test/example7 udp 192.168.3.2 -d ./h3
h4 command: cefroute add ccnx:/test/example7 udp 192.168.11.3 -d ./h4
h4 command: cefroute add ccnx:/test/example7 udp 192.168.4.7 -d ./h4
h5 command: cefroute add ccnx:/test/example7 udp 192.168.2.1 -d ./h5
h5 command: cefroute add ccnx:/test/example7 udp 192.168.6.3 -d ./h5
h5 command: cefroute add ccnx:/test/example7 udp 192.168.9.5 -d ./h5
h7 command: cefroute add ccnx:/test/example7 udp 192.168.7.1 -d ./h7
h7 command: cefroute add ccnx:/test/example7 udp 192.168.1.3 -d ./h7
h7 command: cefroute add ccnx:/test/example7 udp 192.168.5.7 -d ./h7
h0 command: cefroute add ccnx:/test/example8 udp 192.168.10.3 -d ./h0
h0 command: cefroute add ccnx:/test/example8 udp 192.168.7.8 -d ./h0
h1 command: cefroute add ccnx:/test/example8 udp 192.168.8.3 -d ./h1
h2 command: cefroute add ccnx:/test/example8 udp 192.168.10.1 -d ./h2
h2 command: cefroute add ccnx:/test/example8 udp 192.168.12.7 -d ./h2
h2 command: cefroute add ccnx:/test/example8 udp 192.168.1.8 -d ./h2
h3 command: cefroute add ccnx:/test/example8 udp 192.168.3.2 -d ./h3
h4 command: cefroute add ccnx:/test/example8 udp 192.168.11.3 -d ./h4
h4 command: cefroute add ccnx:/test/example8 udp 192.168.4.7 -d ./h4
h5 command: cefroute add ccnx:/test/example8 udp 192.168.2.1 -d ./h5
h5 command: cefroute add ccnx:/test/example8 udp 192.168.6.3 -d ./h5
h6 command: cefroute add ccnx:/test/example8 udp 192.168.12.3 -d ./h6
h6 command: cefroute add ccnx:/test/example8 udp 192.168.5.8 -d ./h6
h0 command: cefstatus -d ./h0
h1 command: cefstatus -d ./h1
h2 command: cefstatus -d ./h2
h3 command: cefstatus -d ./h3
h4 command: cefstatus -d ./h4
h5 command: cefstatus -d ./h5
h6 command: cefstatus -d ./h6
h7 command: cefstatus -d ./h7
h7 command: cefputfile ccnx:/test/example8/test.py -f ./sample-putfile -t 3000 -e 3000 -d ./h7 > cefputfile_8_12_16_20_8_none.log
h5 command: cefgetfile ccnx:/test/example8/test.py -f ./recvfile_at_h5 -d ./h5 > cefgetfile_8_12_16_20_8_5_h5.log
h5 command: cefgetfile ccnx:/test/example8/test.py -f ./recvfile_at_h5 -d ./h5 > cefgetfile_8_12_16_20_8_5_h5.log
h2 command: cefgetfile ccnx:/test/example8/test.py -f ./recvfile_at_h2 -d ./h2 > cefgetfile_8_12_16_20_8_5_h2.log
h6 command: cefgetfile ccnx:/test/example8/test.py -f ./recvfile_at_h6 -d ./h6 > cefgetfile_8_12_16_20_8_2_h6.log
h2 command: cefgetfile ccnx:/test/example8/test.py -f ./recvfile_at_h2 -d ./h2 > cefgetfile_8_12_16_20_8_2_h2.log
