FIB status per host:
h0 command: cefstatus -d ./h0
2026-02-06 14:54:09.623 [cefctrl] INFO: [client] Config directory is ./h0
2026-02-06 14:54:09.623 [cefctrl] INFO: [client] Local Socket Name is /tmp/cef_9695.0
2026-02-06 14:54:09.623 [cefctrl] INFO: [client] Listen Port is 9695
CCNx Version     : 1
Port             : 9695
Rx Interest      : 0 (RGL[0], SYM[0], SEL[0])
Tx Interest      : 0 (RGL[0], SYM[0], SEL[0])
Rx ContentObject : 0
Tx ContentObject : 0
Cache Mode       : Localcache
FWD Strategy     : flooding
Interest Return  : Disabled
Faces : 14
  faceid =  40 : address = 192.168.1.15:9695 (udp)
  faceid =  36 : address = 192.168.1.9:9695 (udp)
  faceid =   4 : IPv4 Listen face (udp)
  faceid =  53 : Local face
  faceid =   5 : IPv6 Listen face (udp)
  faceid =  42 : address = 192.168.2.5:9695 (udp)
  faceid =  34 : address = 192.168.1.16:9695 (udp)
  faceid =  52 : address = 192.168.2.19:9695 (udp)
  faceid =  47 : address = 192.168.2.17:9695 (udp)
  faceid =   6 : IPv4 Listen face (tcp)
  faceid =  38 : address = 192.168.1.11:9695 (udp)
  faceid =   7 : IPv6 Listen face (tcp)
  faceid =   0 : Local face
  faceid =  50 : address = 192.168.2.13:9695 (udp)
FIB(App) :
  Entry is empty
FIB : 3
  ccnx:/test/data1
    Faces : 42 (-s-) RtCost=0
            40 (-s-) RtCost=0
            36 (-s-) RtCost=0
            38 (-s-) RtCost=0
  ccnx:/emergency/test2
    Faces : 47 (-s-) RtCost=0
            42 (-s-) RtCost=0
            50 (-s-) RtCost=0
            52 (-s-) RtCost=0
  ccnx:/emergency/test
    Faces : 34 (-s-) RtCost=0
            36 (-s-) RtCost=0
            38 (-s-) RtCost=0
            40 (-s-) RtCost=0
PIT(App) :
  Entry is empty
PIT :
  Entry is empty
h1 command: cefstatus -d ./h1
2026-02-06 14:54:09.840 [cefctrl] INFO: [client] Config directory is ./h1
2026-02-06 14:54:09.840 [cefctrl] INFO: [client] Local Socket Name is /tmp/cef_9695.1
2026-02-06 14:54:09.840 [cefctrl] INFO: [client] Listen Port is 9695
CCNx Version     : 1
Port             : 9695
Rx Interest      : 0 (RGL[0], SYM[0], SEL[0])
Tx Interest      : 0 (RGL[0], SYM[0], SEL[0])
Rx ContentObject : 0
Tx ContentObject : 0
Cache Mode       : Excache
FWD Strategy     : flooding
Interest Return  : Disabled
Faces : 8
  faceid =  36 : address = 192.168.5.18:9695 (udp)
  faceid =   4 : IPv4 Listen face (udp)
  faceid =  43 : Local face
  faceid =   5 : IPv6 Listen face (udp)
  faceid =   0 : Local face
  faceid =  34 : address = 192.168.5.9:9695 (udp)
  faceid =   6 : IPv4 Listen face (tcp)
  faceid =   7 : IPv6 Listen face (tcp)
FIB(App) :
  Entry is empty
FIB : 4
  ccnx:/test/data2
    Faces : 34 (-s-) RtCost=0
            36 (-s-) RtCost=0
  ccnx:/emergency/test2
    Faces : 34 (-s-) RtCost=0
            36 (-s-) RtCost=0
  ccnx:/emergency/test
    Faces : 34 (-s-) RtCost=0
            36 (-s-) RtCost=0
  ccnx:/test/data1
    Faces : 34 (-s-) RtCost=0
            36 (-s-) RtCost=0
PIT(App) :
  Entry is empty
PIT :
  Entry is empty
h2 command: cefstatus -d ./h2
2026-02-06 14:54:10.057 [cefctrl] INFO: [client] Config directory is ./h2
2026-02-06 14:54:10.057 [cefctrl] INFO: [client] Local Socket Name is /tmp/cef_9695.2
2026-02-06 14:54:10.057 [cefctrl] INFO: [client] Listen Port is 9695
CCNx Version     : 1
Port             : 9695
Rx Interest      : 0 (RGL[0], SYM[0], SEL[0])
Tx Interest      : 0 (RGL[0], SYM[0], SEL[0])
Rx ContentObject : 0
Tx ContentObject : 0
Cache Mode       : Localcache
FWD Strategy     : flooding
Interest Return  : Disabled
Faces : 8
  faceid =   4 : IPv4 Listen face (udp)
  faceid =   0 : Local face
  faceid =  41 : Local face
  faceid =   5 : IPv6 Listen face (udp)
  faceid =  36 : address = 192.168.6.16:9695 (udp)
  faceid =   6 : IPv4 Listen face (tcp)
  faceid =  34 : address = 192.168.6.8:9695 (udp)
  faceid =   7 : IPv6 Listen face (tcp)
FIB(App) :
  Entry is empty
FIB : 3
  ccnx:/test/data1
    Faces : 34 (-s-) RtCost=0
            36 (-s-) RtCost=0
  ccnx:/emergency/test2
    Faces : 34 (-s-) RtCost=0
            36 (-s-) RtCost=0
  ccnx:/test/data2
    Faces : 36 (-s-) RtCost=0
            34 (-s-) RtCost=0
PIT(App) :
  Entry is empty
PIT :
  Entry is empty
h3 command: cefstatus -d ./h3
2026-02-06 14:54:10.274 [cefctrl] INFO: [client] Config directory is ./h3
2026-02-06 14:54:10.274 [cefctrl] INFO: [client] Local Socket Name is /tmp/cef_9695.3
2026-02-06 14:54:10.274 [cefctrl] INFO: [client] Listen Port is 9695
CCNx Version     : 1
Port             : 9695
Rx Interest      : 0 (RGL[0], SYM[0], SEL[0])
Tx Interest      : 0 (RGL[0], SYM[0], SEL[0])
Rx ContentObject : 0
Tx ContentObject : 0
Cache Mode       : Localcache
FWD Strategy     : flooding
Interest Return  : Disabled
Faces : 7
  faceid =  34 : address = 192.168.7.17:9695 (udp)
  faceid =   4 : IPv4 Listen face (udp)
  faceid =  37 : Local face
  faceid =   5 : IPv6 Listen face (udp)
  faceid =   0 : Local face
  faceid =   6 : IPv4 Listen face (tcp)
  faceid =   7 : IPv6 Listen face (tcp)
FIB(App) :
  Entry is empty
FIB : 3
  ccnx:/test/data1
    Faces : 34 (-s-) RtCost=0
  ccnx:/emergency/test
    Faces : 34 (-s-) RtCost=0
  ccnx:/test/data2
    Faces : 34 (-s-) RtCost=0
PIT(App) :
  Entry is empty
PIT :
  Entry is empty
h4 command: cefstatus -d ./h4
2026-02-06 14:54:10.491 [cefctrl] INFO: [client] Config directory is ./h4
2026-02-06 14:54:10.491 [cefctrl] INFO: [client] Local Socket Name is /tmp/cef_9695.4
2026-02-06 14:54:10.491 [cefctrl] INFO: [client] Listen Port is 9695
CCNx Version     : 1
Port             : 9695
Rx Interest      : 0 (RGL[0], SYM[0], SEL[0])
Tx Interest      : 0 (RGL[0], SYM[0], SEL[0])
Rx ContentObject : 0
Tx ContentObject : 0
Cache Mode       : None
FWD Strategy     : flooding
Interest Return  : Disabled
Faces : 12
  faceid =   0 : Local face
  faceid =   4 : IPv4 Listen face (udp)
  faceid =  40 : address = 192.168.9.10:9695 (udp)
  faceid =  38 : address = 192.168.9.6:9695 (udp)
  faceid =   5 : IPv6 Listen face (udp)
  faceid =  36 : address = 192.168.2.19:9695 (udp)
  faceid =  47 : address = 192.168.2.17:9695 (udp)
  faceid =   6 : IPv4 Listen face (tcp)
  faceid =  34 : address = 192.168.2.1:9695 (udp)
  faceid =   7 : IPv6 Listen face (tcp)
  faceid =  45 : address = 192.168.2.13:9695 (udp)
  faceid =  55 : Local face
FIB(App) :
  Entry is empty
FIB : 4
  ccnx:/emergency/test
    Faces : 34 (-s-) RtCost=0
            36 (-s-) RtCost=0
            38 (-s-) RtCost=0
            40 (-s-) RtCost=0
  ccnx:/emergency/test2
    Faces : 47 (-s-) RtCost=0
            34 (-s-) RtCost=0
            45 (-s-) RtCost=0
            36 (-s-) RtCost=0
  ccnx:/test/data2
    Faces : 34 (-s-) RtCost=0
            45 (-s-) RtCost=0
            47 (-s-) RtCost=0
            36 (-s-) RtCost=0
  ccnx:/test/data1
    Faces : 40 (-s-) RtCost=0
            38 (-s-) RtCost=0
            34 (-s-) RtCost=0
            45 (-s-) RtCost=0
PIT(App) :
  Entry is empty
PIT :
  Entry is empty
h5 command: cefstatus -d ./h5
2026-02-06 14:54:10.708 [cefctrl] INFO: [client] Config directory is ./h5
2026-02-06 14:54:10.708 [cefctrl] INFO: [client] Local Socket Name is /tmp/cef_9695.5
2026-02-06 14:54:10.708 [cefctrl] INFO: [client] Listen Port is 9695
CCNx Version     : 1
Port             : 9695
Rx Interest      : 0 (RGL[0], SYM[0], SEL[0])
Tx Interest      : 0 (RGL[0], SYM[0], SEL[0])
Rx ContentObject : 0
Tx ContentObject : 0
Cache Mode       : Excache
FWD Strategy     : flooding
Interest Return  : Disabled
Faces : 11
  faceid =  38 : address = 192.168.9.5:9695 (udp)
  faceid =  36 : address = 192.168.4.20:9695 (udp)
  faceid =   4 : IPv4 Listen face (udp)
  faceid =  42 : address = 192.168.9.10:9695 (udp)
  faceid =  40 : address = 192.168.4.7:9695 (udp)
  faceid =   0 : Local face
  faceid =  54 : Local face
  faceid =   5 : IPv6 Listen face (udp)
  faceid =  34 : address = 192.168.4.11:9695 (udp)
  faceid =   6 : IPv4 Listen face (tcp)
  faceid =   7 : IPv6 Listen face (tcp)
FIB(App) :
  Entry is empty
FIB : 4
  ccnx:/test/data2
    Faces : 38 (-s-) RtCost=0
            34 (-s-) RtCost=0
            40 (-s-) RtCost=0
            42 (-s-) RtCost=0
  ccnx:/emergency/test2
    Faces : 38 (-s-) RtCost=0
            42 (-s-) RtCost=0
            34 (-s-) RtCost=0
            36 (-s-) RtCost=0
  ccnx:/emergency/test
    Faces : 34 (-s-) RtCost=0
            36 (-s-) RtCost=0
            38 (-s-) RtCost=0
            40 (-s-) RtCost=0
  ccnx:/test/data1
    Faces : 42 (-s-) RtCost=0
            38 (-s-) RtCost=0
            40 (-s-) RtCost=0
            34 (-s-) RtCost=0
PIT(App) :
  Entry is empty
PIT :
  Entry is empty
h6 command: cefstatus -d ./h6
2026-02-06 14:54:10.925 [cefctrl] INFO: [client] Config directory is ./h6
2026-02-06 14:54:10.925 [cefctrl] INFO: [client] Local Socket Name is /tmp/cef_9695.6
2026-02-06 14:54:10.925 [cefctrl] INFO: [client] Listen Port is 9695
CCNx Version     : 1
Port             : 9695
Rx Interest      : 0 (RGL[0], SYM[0], SEL[0])
Tx Interest      : 0 (RGL[0], SYM[0], SEL[0])
Rx ContentObject : 0
Tx ContentObject : 0
Cache Mode       : None
FWD Strategy     : flooding
Interest Return  : Disabled
Faces : 9
  faceid =  36 : address = 192.168.4.20:9695 (udp)
  faceid =   4 : IPv4 Listen face (udp)
  faceid =  38 : address = 192.168.4.6:9695 (udp)
  faceid =   0 : Local face
  faceid =   5 : IPv6 Listen face (udp)
  faceid =  34 : address = 192.168.4.11:9695 (udp)
  faceid =   6 : IPv4 Listen face (tcp)
  faceid =   7 : IPv6 Listen face (tcp)
  faceid =  48 : Local face
FIB(App) :
  Entry is empty
FIB : 4
  ccnx:/emergency/test
    Faces : 34 (-s-) RtCost=0
            36 (-s-) RtCost=0
            38 (-s-) RtCost=0
  ccnx:/emergency/test2
    Faces : 38 (-s-) RtCost=0
            34 (-s-) RtCost=0
            36 (-s-) RtCost=0
  ccnx:/test/data2
    Faces : 34 (-s-) RtCost=0
            38 (-s-) RtCost=0
            36 (-s-) RtCost=0
  ccnx:/test/data1
    Faces : 38 (-s-) RtCost=0
            34 (-s-) RtCost=0
            36 (-s-) RtCost=0
PIT(App) :
  Entry is empty
PIT :
  Entry is empty
h7 command: cefstatus -d ./h7
2026-02-06 14:54:11.142 [cefctrl] INFO: [client] Config directory is ./h7
2026-02-06 14:54:11.142 [cefctrl] INFO: [client] Local Socket Name is /tmp/cef_9695.7
2026-02-06 14:54:11.142 [cefctrl] INFO: [client] Listen Port is 9695
CCNx Version     : 1
Port             : 9695
Rx Interest      : 0 (RGL[0], SYM[0], SEL[0])
Tx Interest      : 0 (RGL[0], SYM[0], SEL[0])
Rx ContentObject : 0
Tx ContentObject : 0
Cache Mode       : Excache
FWD Strategy     : flooding
Interest Return  : Disabled
Faces : 12
  faceid =  38 : address = 192.168.8.12:9695 (udp)
  faceid =  45 : address = 192.168.8.18:9695 (udp)
  faceid =   4 : IPv4 Listen face (udp)
  faceid =  40 : address = 192.168.8.14:9695 (udp)
  faceid =  55 : Local face
  faceid =   0 : Local face
  faceid =   5 : IPv6 Listen face (udp)
  faceid =  34 : address = 192.168.6.3:9695 (udp)
  faceid =  36 : address = 192.168.6.16:9695 (udp)
  faceid =   6 : IPv4 Listen face (tcp)
  faceid =   7 : IPv6 Listen face (tcp)
  faceid =  47 : address = 192.168.8.19:9695 (udp)
FIB(App) :
  Entry is empty
FIB : 4
  ccnx:/test/data2
    Faces : 36 (-s-) RtCost=0
            47 (-s-) RtCost=0
            34 (-s-) RtCost=0
            38 (-s-) RtCost=0
  ccnx:/emergency/test2
    Faces : 47 (-s-) RtCost=0
            38 (-s-) RtCost=0
            40 (-s-) RtCost=0
            36 (-s-) RtCost=0
  ccnx:/emergency/test
    Faces : 34 (-s-) RtCost=0
            36 (-s-) RtCost=0
            38 (-s-) RtCost=0
            40 (-s-) RtCost=0
  ccnx:/test/data1
    Faces : 38 (-s-) RtCost=0
            40 (-s-) RtCost=0
            36 (-s-) RtCost=0
            45 (-s-) RtCost=0
PIT(App) :
  Entry is empty
PIT :
  Entry is empty
h8 command: cefstatus -d ./h8
2026-02-06 14:54:11.359 [cefctrl] INFO: [client] Config directory is ./h8
2026-02-06 14:54:11.359 [cefctrl] INFO: [client] Local Socket Name is /tmp/cef_9695.8
2026-02-06 14:54:11.359 [cefctrl] INFO: [client] Listen Port is 9695
CCNx Version     : 1
Port             : 9695
Rx Interest      : 0 (RGL[0], SYM[0], SEL[0])
Tx Interest      : 0 (RGL[0], SYM[0], SEL[0])
Rx ContentObject : 0
Tx ContentObject : 0
Cache Mode       : Localcache
FWD Strategy     : flooding
Interest Return  : Disabled
Faces : 10
  faceid =  40 : address = 192.168.1.15:9695 (udp)
  faceid =   4 : IPv4 Listen face (udp)
  faceid =  53 : Local face
  faceid =   5 : IPv6 Listen face (udp)
  faceid =  34 : address = 192.168.1.16:9695 (udp)
  faceid =  36 : address = 192.168.1.1:9695 (udp)
  faceid =   6 : IPv4 Listen face (tcp)
  faceid =  38 : address = 192.168.1.11:9695 (udp)
  faceid =   0 : Local face
  faceid =   7 : IPv6 Listen face (tcp)
FIB(App) :
  Entry is empty
FIB : 4
  ccnx:/test/data1
    Faces : 40 (-s-) RtCost=0
            36 (-s-) RtCost=0
            38 (-s-) RtCost=0
            34 (-s-) RtCost=0
  ccnx:/emergency/test2
    Faces : 36 (-s-) RtCost=0
            38 (-s-) RtCost=0
            40 (-s-) RtCost=0
            34 (-s-) RtCost=0
  ccnx:/emergency/test
    Faces : 34 (-s-) RtCost=0
            36 (-s-) RtCost=0
            38 (-s-) RtCost=0
            40 (-s-) RtCost=0
  ccnx:/test/data2
    Faces : 36 (-s-) RtCost=0
            38 (-s-) RtCost=0
            40 (-s-) RtCost=0
            34 (-s-) RtCost=0
PIT(App) :
  Entry is empty
PIT :
  Entry is empty
h9 command: cefstatus -d ./h9
2026-02-06 14:54:11.576 [cefctrl] INFO: [client] Config directory is ./h9
2026-02-06 14:54:11.576 [cefctrl] INFO: [client] Local Socket Name is /tmp/cef_9695.9
2026-02-06 14:54:11.576 [cefctrl] INFO: [client] Listen Port is 9695
CCNx Version     : 1
Port             : 9695
Rx Interest      : 0 (RGL[0], SYM[0], SEL[0])
Tx Interest      : 0 (RGL[0], SYM[0], SEL[0])
Rx ContentObject : 0
Tx ContentObject : 0
Cache Mode       : Localcache
FWD Strategy     : flooding
Interest Return  : Disabled
Faces : 11
  faceid =  40 : address = 192.168.9.5:9695 (udp)
  faceid =   4 : IPv4 Listen face (udp)
  faceid =  43 : address = 192.168.9.6:9695 (udp)
  faceid =  50 : Local face
  faceid =   5 : IPv6 Listen face (udp)
  faceid =  36 : address = 192.168.3.14:9695 (udp)
  faceid =   0 : Local face
  faceid =  34 : address = 192.168.3.12:9695 (udp)
  faceid =   6 : IPv4 Listen face (tcp)
  faceid =  38 : address = 192.168.3.15:9695 (udp)
  faceid =   7 : IPv6 Listen face (tcp)
FIB(App) :
  Entry is empty
FIB : 3
  ccnx:/emergency/test2
    Faces : 40 (-s-) RtCost=0
            43 (-s-) RtCost=0
            34 (-s-) RtCost=0
            36 (-s-) RtCost=0
  ccnx:/emergency/test
    Faces : 34 (-s-) RtCost=0
            36 (-s-) RtCost=0
            38 (-s-) RtCost=0
            40 (-s-) RtCost=0
  ccnx:/test/data2
    Faces : 40 (-s-) RtCost=0
            38 (-s-) RtCost=0
            43 (-s-) RtCost=0
            34 (-s-) RtCost=0
PIT(App) :
  Entry is empty
PIT :
  Entry is empty
h10 command: cefstatus -d ./h10
2026-02-06 14:54:11.793 [cefctrl] INFO: [client] Config directory is ./h10
2026-02-06 14:54:11.793 [cefctrl] INFO: [client] Local Socket Name is /tmp/cef_9695.10
2026-02-06 14:54:11.793 [cefctrl] INFO: [client] Listen Port is 9695
CCNx Version     : 1
Port             : 9695
Rx Interest      : 0 (RGL[0], SYM[0], SEL[0])
Tx Interest      : 0 (RGL[0], SYM[0], SEL[0])
Rx ContentObject : 0
Tx ContentObject : 0
Cache Mode       : None
FWD Strategy     : flooding
Interest Return  : Disabled
Faces : 12
  faceid =  40 : address = 192.168.1.15:9695 (udp)
  faceid =  38 : address = 192.168.1.9:9695 (udp)
  faceid =   4 : IPv4 Listen face (udp)
  faceid =  46 : address = 192.168.4.7:9695 (udp)
  faceid =  42 : address = 192.168.4.6:9695 (udp)
  faceid =   5 : IPv6 Listen face (udp)
  faceid =  34 : address = 192.168.1.16:9695 (udp)
  faceid =  36 : address = 192.168.1.1:9695 (udp)
  faceid =   6 : IPv4 Listen face (tcp)
  faceid =   7 : IPv6 Listen face (tcp)
  faceid =   0 : Local face
  faceid =  55 : Local face
FIB(App) :
  Entry is empty
FIB : 4
  ccnx:/emergency/test
    Faces : 34 (-s-) RtCost=0
            36 (-s-) RtCost=0
            38 (-s-) RtCost=0
            40 (-s-) RtCost=0
  ccnx:/emergency/test2
    Faces : 36 (-s-) RtCost=0
            42 (-s-) RtCost=0
            38 (-s-) RtCost=0
            40 (-s-) RtCost=0
  ccnx:/test/data2
    Faces : 36 (-s-) RtCost=0
            38 (-s-) RtCost=0
            40 (-s-) RtCost=0
            34 (-s-) RtCost=0
  ccnx:/test/data1
    Faces : 42 (-s-) RtCost=0
            40 (-s-) RtCost=0
            36 (-s-) RtCost=0
            46 (-s-) RtCost=0
PIT(App) :
  Entry is empty
PIT :
  Entry is empty
h11 command: cefstatus -d ./h11
2026-02-06 14:54:12.010 [cefctrl] INFO: [client] Config directory is ./h11
2026-02-06 14:54:12.010 [cefctrl] INFO: [client] Local Socket Name is /tmp/cef_9695.11
2026-02-06 14:54:12.010 [cefctrl] INFO: [client] Listen Port is 9695
CCNx Version     : 1
Port             : 9695
Rx Interest      : 0 (RGL[0], SYM[0], SEL[0])
Tx Interest      : 0 (RGL[0], SYM[0], SEL[0])
Rx ContentObject : 0
Tx ContentObject : 0
Cache Mode       : Excache
FWD Strategy     : flooding
Interest Return  : Disabled
Faces : 12
  faceid =  34 : address = 192.168.8.8:9695 (udp)
  faceid =   0 : Local face
  faceid =  40 : address = 192.168.8.18:9695 (udp)
  faceid =   4 : IPv4 Listen face (udp)
  faceid =  36 : address = 192.168.8.14:9695 (udp)
  faceid =  55 : Local face
  faceid =   5 : IPv6 Listen face (udp)
  faceid =   6 : IPv4 Listen face (tcp)
  faceid =  42 : address = 192.168.3.10:9695 (udp)
  faceid =  38 : address = 192.168.3.15:9695 (udp)
  faceid =   7 : IPv6 Listen face (tcp)
  faceid =  47 : address = 192.168.8.19:9695 (udp)
FIB(App) :
  Entry is empty
FIB : 4
  ccnx:/test/data2
    Faces : 38 (-s-) RtCost=0
            47 (-s-) RtCost=0
            34 (-s-) RtCost=0
            42 (-s-) RtCost=0
  ccnx:/emergency/test2
    Faces : 47 (-s-) RtCost=0
            34 (-s-) RtCost=0
            42 (-s-) RtCost=0
            36 (-s-) RtCost=0
  ccnx:/emergency/test
    Faces : 34 (-s-) RtCost=0
            36 (-s-) RtCost=0
            38 (-s-) RtCost=0
            40 (-s-) RtCost=0
  ccnx:/test/data1
    Faces : 42 (-s-) RtCost=0
            36 (-s-) RtCost=0
            38 (-s-) RtCost=0
            34 (-s-) RtCost=0
PIT(App) :
  Entry is empty
PIT :
  Entry is empty
h12 command: cefstatus -d ./h12
2026-02-06 14:54:12.227 [cefctrl] INFO: [client] Config directory is ./h12
2026-02-06 14:54:12.227 [cefctrl] INFO: [client] Local Socket Name is /tmp/cef_9695.12
2026-02-06 14:54:12.227 [cefctrl] INFO: [client] Listen Port is 9695
CCNx Version     : 1
Port             : 9695
Rx Interest      : 0 (RGL[0], SYM[0], SEL[0])
Tx Interest      : 0 (RGL[0], SYM[0], SEL[0])
Rx ContentObject : 0
Tx ContentObject : 0
Cache Mode       : None
FWD Strategy     : flooding
Interest Return  : Disabled
Faces : 10
  faceid =   4 : IPv4 Listen face (udp)
  faceid =   5 : IPv6 Listen face (udp)
  faceid =  38 : address = 192.168.2.5:9695 (udp)
  faceid =   0 : Local face
  faceid =  36 : address = 192.168.2.19:9695 (udp)
  faceid =  40 : address = 192.168.2.17:9695 (udp)
  faceid =   6 : IPv4 Listen face (tcp)
  faceid =  34 : address = 192.168.2.1:9695 (udp)
  faceid =   7 : IPv6 Listen face (tcp)
  faceid =  53 : Local face
FIB(App) :
  Entry is empty
FIB : 4
  ccnx:/emergency/test
    Faces : 34 (-s-) RtCost=0
            36 (-s-) RtCost=0
            38 (-s-) RtCost=0
            40 (-s-) RtCost=0
  ccnx:/emergency/test2
    Faces : 40 (-s-) RtCost=0
            34 (-s-) RtCost=0
            38 (-s-) RtCost=0
            36 (-s-) RtCost=0
  ccnx:/test/data2
    Faces : 34 (-s-) RtCost=0
            38 (-s-) RtCost=0
            40 (-s-) RtCost=0
            36 (-s-) RtCost=0
  ccnx:/test/data1
    Faces : 38 (-s-) RtCost=0
            34 (-s-) RtCost=0
            40 (-s-) RtCost=0
            36 (-s-) RtCost=0
PIT(App) :
  Entry is empty
PIT :
  Entry is empty
h13 command: cefstatus -d ./h13
2026-02-06 14:54:12.445 [cefctrl] INFO: [client] Config directory is ./h13
2026-02-06 14:54:12.445 [cefctrl] INFO: [client] Local Socket Name is /tmp/cef_9695.13
2026-02-06 14:54:12.445 [cefctrl] INFO: [client] Listen Port is 9695
CCNx Version     : 1
Port             : 9695
Rx Interest      : 0 (RGL[0], SYM[0], SEL[0])
Tx Interest      : 0 (RGL[0], SYM[0], SEL[0])
Rx ContentObject : 0
Tx ContentObject : 0
Cache Mode       : Excache
FWD Strategy     : flooding
Interest Return  : Disabled
Faces : 12
  faceid =  34 : address = 192.168.8.8:9695 (udp)
  faceid =  36 : address = 192.168.8.12:9695 (udp)
  faceid =  40 : address = 192.168.8.18:9695 (udp)
  faceid =   0 : Local face
  faceid =   4 : IPv4 Listen face (udp)
  faceid =  55 : Local face
  faceid =   5 : IPv6 Listen face (udp)
  faceid =   6 : IPv4 Listen face (tcp)
  faceid =  42 : address = 192.168.3.10:9695 (udp)
  faceid =  38 : address = 192.168.3.15:9695 (udp)
  faceid =   7 : IPv6 Listen face (tcp)
  faceid =  47 : address = 192.168.8.19:9695 (udp)
FIB(App) :
  Entry is empty
FIB : 4
  ccnx:/test/data2
    Faces : 38 (-s-) RtCost=0
            47 (-s-) RtCost=0
            34 (-s-) RtCost=0
            42 (-s-) RtCost=0
  ccnx:/emergency/test2
    Faces : 47 (-s-) RtCost=0
            34 (-s-) RtCost=0
            42 (-s-) RtCost=0
            36 (-s-) RtCost=0
  ccnx:/emergency/test
    Faces : 34 (-s-) RtCost=0
            36 (-s-) RtCost=0
            38 (-s-) RtCost=0
            40 (-s-) RtCost=0
  ccnx:/test/data1
    Faces : 42 (-s-) RtCost=0
            36 (-s-) RtCost=0
            38 (-s-) RtCost=0
            34 (-s-) RtCost=0
PIT(App) :
  Entry is empty
PIT :
  Entry is empty
h14 command: cefstatus -d ./h14
2026-02-06 14:54:12.661 [cefctrl] INFO: [client] Config directory is ./h14
2026-02-06 14:54:12.662 [cefctrl] INFO: [client] Local Socket Name is /tmp/cef_9695.14
2026-02-06 14:54:12.662 [cefctrl] INFO: [client] Listen Port is 9695
CCNx Version     : 1
Port             : 9695
Rx Interest      : 0 (RGL[0], SYM[0], SEL[0])
Tx Interest      : 0 (RGL[0], SYM[0], SEL[0])
Rx ContentObject : 0
Tx ContentObject : 0
Cache Mode       : None
FWD Strategy     : flooding
Interest Return  : Disabled
Faces : 13
  faceid =  38 : address = 192.168.1.9:9695 (udp)
  faceid =   0 : Local face
  faceid =   4 : IPv4 Listen face (udp)
  faceid =   5 : IPv6 Listen face (udp)
  faceid =  46 : address = 192.168.3.14:9695 (udp)
  faceid =  44 : address = 192.168.3.12:9695 (udp)
  faceid =  34 : address = 192.168.1.16:9695 (udp)
  faceid =  36 : address = 192.168.1.1:9695 (udp)
  faceid =   6 : IPv4 Listen face (tcp)
  faceid =  40 : address = 192.168.1.11:9695 (udp)
  faceid =  42 : address = 192.168.3.10:9695 (udp)
  faceid =   7 : IPv6 Listen face (tcp)
  faceid =  56 : Local face
FIB(App) :
  Entry is empty
FIB : 4
  ccnx:/emergency/test
    Faces : 34 (-s-) RtCost=0
            36 (-s-) RtCost=0
            38 (-s-) RtCost=0
            40 (-s-) RtCost=0
  ccnx:/emergency/test2
    Faces : 36 (-s-) RtCost=0
            38 (-s-) RtCost=0
            42 (-s-) RtCost=0
            40 (-s-) RtCost=0
  ccnx:/test/data2
    Faces : 36 (-s-) RtCost=0
            38 (-s-) RtCost=0
            40 (-s-) RtCost=0
            34 (-s-) RtCost=0
  ccnx:/test/data1
    Faces : 42 (-s-) RtCost=0
            44 (-s-) RtCost=0
            46 (-s-) RtCost=0
            36 (-s-) RtCost=0
PIT(App) :
  Entry is empty
PIT :
  Entry is empty
h15 command: cefstatus -d ./h15
2026-02-06 14:54:12.878 [cefctrl] INFO: [client] Config directory is ./h15
2026-02-06 14:54:12.879 [cefctrl] INFO: [client] Local Socket Name is /tmp/cef_9695.15
2026-02-06 14:54:12.879 [cefctrl] INFO: [client] Listen Port is 9695
CCNx Version     : 1
Port             : 9695
Rx Interest      : 0 (RGL[0], SYM[0], SEL[0])
Tx Interest      : 0 (RGL[0], SYM[0], SEL[0])
Rx ContentObject : 0
Tx ContentObject : 0
Cache Mode       : Excache
FWD Strategy     : flooding
Interest Return  : Disabled
Faces : 12
  faceid =  42 : address = 192.168.1.15:9695 (udp)
  faceid =  40 : address = 192.168.1.9:9695 (udp)
  faceid =   0 : Local face
  faceid =   4 : IPv4 Listen face (udp)
  faceid =  55 : Local face
  faceid =   5 : IPv6 Listen face (udp)
  faceid =  34 : address = 192.168.6.3:9695 (udp)
  faceid =  38 : address = 192.168.1.1:9695 (udp)
  faceid =   6 : IPv4 Listen face (tcp)
  faceid =  50 : address = 192.168.1.11:9695 (udp)
  faceid =  36 : address = 192.168.6.8:9695 (udp)
  faceid =   7 : IPv6 Listen face (tcp)
FIB(App) :
  Entry is empty
FIB : 4
  ccnx:/test/data2
    Faces : 38 (-s-) RtCost=0
            40 (-s-) RtCost=0
            50 (-s-) RtCost=0
            42 (-s-) RtCost=0
  ccnx:/emergency/test2
    Faces : 38 (-s-) RtCost=0
            36 (-s-) RtCost=0
            40 (-s-) RtCost=0
            50 (-s-) RtCost=0
  ccnx:/emergency/test
    Faces : 34 (-s-) RtCost=0
            36 (-s-) RtCost=0
            38 (-s-) RtCost=0
            40 (-s-) RtCost=0
  ccnx:/test/data1
    Faces : 42 (-s-) RtCost=0
            38 (-s-) RtCost=0
            36 (-s-) RtCost=0
            40 (-s-) RtCost=0
PIT(App) :
  Entry is empty
PIT :
  Entry is empty
h16 command: cefstatus -d ./h16
2026-02-06 14:54:13.095 [cefctrl] INFO: [client] Config directory is ./h16
2026-02-06 14:54:13.095 [cefctrl] INFO: [client] Local Socket Name is /tmp/cef_9695.16
2026-02-06 14:54:13.095 [cefctrl] INFO: [client] Listen Port is 9695
CCNx Version     : 1
Port             : 9695
Rx Interest      : 0 (RGL[0], SYM[0], SEL[0])
Tx Interest      : 0 (RGL[0], SYM[0], SEL[0])
Rx ContentObject : 0
Tx ContentObject : 0
Cache Mode       : None
FWD Strategy     : flooding
Interest Return  : Disabled
Faces : 11
  faceid =   0 : Local face
  faceid =   4 : IPv4 Listen face (udp)
  faceid =   5 : IPv6 Listen face (udp)
  faceid =  38 : address = 192.168.2.5:9695 (udp)
  faceid =  36 : address = 192.168.2.19:9695 (udp)
  faceid =   6 : IPv4 Listen face (tcp)
  faceid =  46 : address = 192.168.7.4:9695 (udp)
  faceid =  34 : address = 192.168.2.1:9695 (udp)
  faceid =   7 : IPv6 Listen face (tcp)
  faceid =  40 : address = 192.168.2.13:9695 (udp)
  faceid =  54 : Local face
FIB(App) :
  Entry is empty
FIB : 4
  ccnx:/emergency/test
    Faces : 34 (-s-) RtCost=0
            36 (-s-) RtCost=0
            38 (-s-) RtCost=0
            40 (-s-) RtCost=0
  ccnx:/emergency/test2
    Faces : 46 (-s-) RtCost=0
            34 (-s-) RtCost=0
            38 (-s-) RtCost=0
            40 (-s-) RtCost=0
  ccnx:/test/data2
    Faces : 34 (-s-) RtCost=0
            38 (-s-) RtCost=0
            40 (-s-) RtCost=0
            36 (-s-) RtCost=0
  ccnx:/test/data1
    Faces : 38 (-s-) RtCost=0
            34 (-s-) RtCost=0
            40 (-s-) RtCost=0
            36 (-s-) RtCost=0
PIT(App) :
  Entry is empty
PIT :
  Entry is empty
h17 command: cefstatus -d ./h17
2026-02-06 14:54:13.312 [cefctrl] INFO: [client] Config directory is ./h17
2026-02-06 14:54:13.312 [cefctrl] INFO: [client] Local Socket Name is /tmp/cef_9695.17
2026-02-06 14:54:13.312 [cefctrl] INFO: [client] Listen Port is 9695
CCNx Version     : 1
Port             : 9695
Rx Interest      : 0 (RGL[0], SYM[0], SEL[0])
Tx Interest      : 0 (RGL[0], SYM[0], SEL[0])
Rx ContentObject : 0
Tx ContentObject : 0
Cache Mode       : Excache
FWD Strategy     : flooding
Interest Return  : Disabled
Faces : 12
  faceid =  34 : address = 192.168.8.8:9695 (udp)
  faceid =  38 : address = 192.168.8.12:9695 (udp)
  faceid =   4 : IPv4 Listen face (udp)
  faceid =  40 : address = 192.168.8.14:9695 (udp)
  faceid =  55 : Local face
  faceid =   5 : IPv6 Listen face (udp)
  faceid =  36 : address = 192.168.5.9:9695 (udp)
  faceid =  53 : address = 192.168.5.2:9695 (udp)
  faceid =   6 : IPv4 Listen face (tcp)
  faceid =   0 : Local face
  faceid =   7 : IPv6 Listen face (tcp)
  faceid =  46 : address = 192.168.8.19:9695 (udp)
FIB(App) :
  Entry is empty
FIB : 4
  ccnx:/test/data2
    Faces : 36 (-s-) RtCost=0
            46 (-s-) RtCost=0
            53 (-s-) RtCost=0
            34 (-s-) RtCost=0
  ccnx:/emergency/test2
    Faces : 46 (-s-) RtCost=0
            34 (-s-) RtCost=0
            36 (-s-) RtCost=0
            38 (-s-) RtCost=0
  ccnx:/emergency/test
    Faces : 34 (-s-) RtCost=0
            36 (-s-) RtCost=0
            38 (-s-) RtCost=0
            40 (-s-) RtCost=0
  ccnx:/test/data1
    Faces : 38 (-s-) RtCost=0
            40 (-s-) RtCost=0
            34 (-s-) RtCost=0
            36 (-s-) RtCost=0
PIT(App) :
  Entry is empty
PIT :
  Entry is empty
h18 command: cefstatus -d ./h18
2026-02-06 14:54:13.530 [cefctrl] INFO: [client] Config directory is ./h18
2026-02-06 14:54:13.530 [cefctrl] INFO: [client] Local Socket Name is /tmp/cef_9695.18
2026-02-06 14:54:13.530 [cefctrl] INFO: [client] Listen Port is 9695
CCNx Version     : 1
Port             : 9695
Rx Interest      : 0 (RGL[0], SYM[0], SEL[0])
Tx Interest      : 0 (RGL[0], SYM[0], SEL[0])
Rx ContentObject : 0
Tx ContentObject : 0
Cache Mode       : None
FWD Strategy     : flooding
Interest Return  : Disabled
Faces : 13
  faceid =  34 : address = 192.168.8.8:9695 (udp)
  faceid =  38 : address = 192.168.8.12:9695 (udp)
  faceid =   4 : IPv4 Listen face (udp)
  faceid =   0 : Local face
  faceid =  40 : address = 192.168.8.14:9695 (udp)
  faceid =   5 : IPv6 Listen face (udp)
  faceid =  42 : address = 192.168.2.5:9695 (udp)
  faceid =  47 : address = 192.168.2.17:9695 (udp)
  faceid =   6 : IPv4 Listen face (tcp)
  faceid =  36 : address = 192.168.2.1:9695 (udp)
  faceid =   7 : IPv6 Listen face (tcp)
  faceid =  51 : address = 192.168.2.13:9695 (udp)
  faceid =  56 : Local face
FIB(App) :
  Entry is empty
FIB : 4
  ccnx:/emergency/test
    Faces : 34 (-s-) RtCost=0
            36 (-s-) RtCost=0
            38 (-s-) RtCost=0
            40 (-s-) RtCost=0
  ccnx:/emergency/test2
    Faces : 47 (-s-) RtCost=0
            36 (-s-) RtCost=0
            42 (-s-) RtCost=0
            51 (-s-) RtCost=0
  ccnx:/test/data2
    Faces : 36 (-s-) RtCost=0
            42 (-s-) RtCost=0
            51 (-s-) RtCost=0
            47 (-s-) RtCost=0
  ccnx:/test/data1
    Faces : 42 (-s-) RtCost=0
            38 (-s-) RtCost=0
            40 (-s-) RtCost=0
            36 (-s-) RtCost=0
PIT(App) :
  Entry is empty
PIT :
  Entry is empty
h19 command: cefstatus -d ./h19
2026-02-06 14:54:13.746 [cefctrl] INFO: [client] Config directory is ./h19
2026-02-06 14:54:13.746 [cefctrl] INFO: [client] Local Socket Name is /tmp/cef_9695.19
2026-02-06 14:54:13.746 [cefctrl] INFO: [client] Listen Port is 9695
CCNx Version     : 1
Port             : 9695
Rx Interest      : 0 (RGL[0], SYM[0], SEL[0])
Tx Interest      : 0 (RGL[0], SYM[0], SEL[0])
Rx ContentObject : 0
Tx ContentObject : 0
Cache Mode       : Excache
FWD Strategy     : flooding
Interest Return  : Disabled
Faces : 13
  faceid =  34 : address = 192.168.8.8:9695 (udp)
  faceid =  38 : address = 192.168.8.12:9695 (udp)
  faceid =   4 : IPv4 Listen face (udp)
  faceid =  46 : address = 192.168.4.7:9695 (udp)
  faceid =  40 : address = 192.168.8.14:9695 (udp)
  faceid =  42 : address = 192.168.4.6:9695 (udp)
  faceid =  56 : Local face
  faceid =   5 : IPv6 Listen face (udp)
  faceid =  36 : address = 192.168.4.11:9695 (udp)
  faceid =   0 : Local face
  faceid =   6 : IPv4 Listen face (tcp)
  faceid =   7 : IPv6 Listen face (tcp)
  faceid =  48 : address = 192.168.8.19:9695 (udp)
FIB(App) :
  Entry is empty
FIB : 4
  ccnx:/test/data2
    Faces : 36 (-s-) RtCost=0
            48 (-s-) RtCost=0
            42 (-s-) RtCost=0
            46 (-s-) RtCost=0
  ccnx:/emergency/test2
    Faces : 48 (-s-) RtCost=0
            42 (-s-) RtCost=0
            34 (-s-) RtCost=0
            36 (-s-) RtCost=0
  ccnx:/emergency/test
    Faces : 34 (-s-) RtCost=0
            36 (-s-) RtCost=0
            38 (-s-) RtCost=0
            40 (-s-) RtCost=0
  ccnx:/test/data1
    Faces : 42 (-s-) RtCost=0
            38 (-s-) RtCost=0
            40 (-s-) RtCost=0
            46 (-s-) RtCost=0
PIT(App) :
  Entry is empty
PIT :
  Entry is empty

Mesh topology (per-host tree view):
h0
|-- h4 (via s1)
|   |-- h5 (via s8)
|   `-- h9 (via s8)
|-- h8 (via s0)
|   |-- h1 (via s4)
|   `-- h17 (via s4)
|-- h10 (via s0)
|   |-- h6 (via s3)
|   `-- h19 (via s3)
|-- h12 (via s1)
|-- h14 (via s0)
|   |-- h11 (via s2)
|   `-- h13 (via s2)
|-- h15 (via s0)
|   |-- h2 (via s5)
|   `-- h7 (via s5)
|-- h16 (via s1)
|   `-- h3 (via s6)
`-- h18 (via s1)

h1
|-- h8 (via s4)
|   |-- h0 (via s0)
|   |   |-- h4 (via s1)
|   |   |-- h12 (via s1)
|   |   `-- h16 (via s1)
|   |       `-- h3 (via s6)
|   |-- h10 (via s0)
|   |   |-- h5 (via s3)
|   |   `-- h6 (via s3)
|   |-- h14 (via s0)
|   |   `-- h9 (via s2)
|   `-- h15 (via s0)
|       `-- h2 (via s5)
`-- h17 (via s4)
    |-- h7 (via s7)
    |-- h11 (via s7)
    |-- h13 (via s7)
    |-- h18 (via s7)
    `-- h19 (via s7)

h2
|-- h7 (via s5)
|   |-- h11 (via s7)
|   |   `-- h9 (via s2)
|   |-- h13 (via s7)
|   |-- h17 (via s7)
|   |   `-- h1 (via s4)
|   |-- h18 (via s7)
|   |   |-- h4 (via s1)
|   |   |-- h12 (via s1)
|   |   `-- h16 (via s1)
|   |       `-- h3 (via s6)
|   `-- h19 (via s7)
|       |-- h5 (via s3)
|       `-- h6 (via s3)
`-- h15 (via s5)
    |-- h0 (via s0)
    |-- h8 (via s0)
    |-- h10 (via s0)
    `-- h14 (via s0)

h3
`-- h16 (via s6)
    |-- h0 (via s1)
    |   |-- h8 (via s0)
    |   |   `-- h1 (via s4)
    |   |-- h10 (via s0)
    |   |   `-- h6 (via s3)
    |   |-- h14 (via s0)
    |   `-- h15 (via s0)
    |       `-- h2 (via s5)
    |-- h4 (via s1)
    |   |-- h5 (via s8)
    |   `-- h9 (via s8)
    |-- h12 (via s1)
    `-- h18 (via s1)
        |-- h7 (via s7)
        |-- h11 (via s7)
        |-- h13 (via s7)
        |-- h17 (via s7)
        `-- h19 (via s7)

h4
|-- h0 (via s1)
|   |-- h8 (via s0)
|   |   `-- h1 (via s4)
|   |-- h10 (via s0)
|   |-- h14 (via s0)
|   `-- h15 (via s0)
|       `-- h2 (via s5)
|-- h5 (via s8)
|   |-- h6 (via s3)
|   `-- h19 (via s3)
|-- h9 (via s8)
|   |-- h11 (via s2)
|   `-- h13 (via s2)
|-- h12 (via s1)
|-- h16 (via s1)
|   `-- h3 (via s6)
`-- h18 (via s1)
    |-- h7 (via s7)
    `-- h17 (via s7)

h5
|-- h4 (via s8)
|   |-- h0 (via s1)
|   |-- h12 (via s1)
|   |-- h16 (via s1)
|   |   `-- h3 (via s6)
|   `-- h18 (via s1)
|-- h6 (via s3)
|-- h9 (via s8)
|   |-- h11 (via s2)
|   |-- h13 (via s2)
|   `-- h14 (via s2)
|-- h10 (via s3)
|   |-- h8 (via s0)
|   |   `-- h1 (via s4)
|   `-- h15 (via s0)
|       `-- h2 (via s5)
`-- h19 (via s3)
    |-- h7 (via s7)
    `-- h17 (via s7)

h6
|-- h5 (via s3)
|   |-- h4 (via s8)
|   |   |-- h12 (via s1)
|   |   `-- h16 (via s1)
|   |       `-- h3 (via s6)
|   `-- h9 (via s8)
|-- h10 (via s3)
|   |-- h0 (via s0)
|   |-- h8 (via s0)
|   |   `-- h1 (via s4)
|   |-- h14 (via s0)
|   `-- h15 (via s0)
|       `-- h2 (via s5)
`-- h19 (via s3)
    |-- h7 (via s7)
    |-- h11 (via s7)
    |-- h13 (via s7)
    |-- h17 (via s7)
    `-- h18 (via s7)

h7
|-- h2 (via s5)
|-- h11 (via s7)
|   |-- h9 (via s2)
|   `-- h14 (via s2)
|-- h13 (via s7)
|-- h15 (via s5)
|   |-- h0 (via s0)
|   |-- h8 (via s0)
|   `-- h10 (via s0)
|-- h17 (via s7)
|   `-- h1 (via s4)
|-- h18 (via s7)
|   |-- h4 (via s1)
|   |-- h12 (via s1)
|   `-- h16 (via s1)
|       `-- h3 (via s6)
`-- h19 (via s7)
    |-- h5 (via s3)
    `-- h6 (via s3)

h8
|-- h0 (via s0)
|   |-- h4 (via s1)
|   |-- h12 (via s1)
|   |-- h16 (via s1)
|   |   `-- h3 (via s6)
|   `-- h18 (via s1)
|-- h1 (via s4)
|-- h10 (via s0)
|   |-- h5 (via s3)
|   |-- h6 (via s3)
|   `-- h19 (via s3)
|-- h14 (via s0)
|   |-- h9 (via s2)
|   |-- h11 (via s2)
|   `-- h13 (via s2)
|-- h15 (via s0)
|   |-- h2 (via s5)
|   `-- h7 (via s5)
`-- h17 (via s4)

h9
|-- h4 (via s8)
|   |-- h0 (via s1)
|   |-- h12 (via s1)
|   |-- h16 (via s1)
|   |   `-- h3 (via s6)
|   `-- h18 (via s1)
|-- h5 (via s8)
|   |-- h6 (via s3)
|   |-- h10 (via s3)
|   `-- h19 (via s3)
|-- h11 (via s2)
|   |-- h7 (via s7)
|   |   `-- h2 (via s5)
|   `-- h17 (via s7)
|       `-- h1 (via s4)
|-- h13 (via s2)
`-- h14 (via s2)
    |-- h8 (via s0)
    `-- h15 (via s0)

h10
|-- h0 (via s0)
|   |-- h4 (via s1)
|   |-- h12 (via s1)
|   |-- h16 (via s1)
|   |   `-- h3 (via s6)
|   `-- h18 (via s1)
|-- h5 (via s3)
|   `-- h9 (via s8)
|-- h6 (via s3)
|-- h8 (via s0)
|   |-- h1 (via s4)
|   `-- h17 (via s4)
|-- h14 (via s0)
|   |-- h11 (via s2)
|   `-- h13 (via s2)
|-- h15 (via s0)
|   |-- h2 (via s5)
|   `-- h7 (via s5)
`-- h19 (via s3)

h11
|-- h7 (via s7)
|   |-- h2 (via s5)
|   `-- h15 (via s5)
|-- h9 (via s2)
|   |-- h4 (via s8)
|   `-- h5 (via s8)
|-- h13 (via s7)
|-- h14 (via s2)
|   |-- h0 (via s0)
|   |-- h8 (via s0)
|   `-- h10 (via s0)
|-- h17 (via s7)
|   `-- h1 (via s4)
|-- h18 (via s7)
|   |-- h12 (via s1)
|   `-- h16 (via s1)
|       `-- h3 (via s6)
`-- h19 (via s7)
    `-- h6 (via s3)

h12
|-- h0 (via s1)
|   |-- h8 (via s0)
|   |   `-- h1 (via s4)
|   |-- h10 (via s0)
|   |   `-- h6 (via s3)
|   |-- h14 (via s0)
|   `-- h15 (via s0)
|       `-- h2 (via s5)
|-- h4 (via s1)
|   |-- h5 (via s8)
|   `-- h9 (via s8)
|-- h16 (via s1)
|   `-- h3 (via s6)
`-- h18 (via s1)
    |-- h7 (via s7)
    |-- h11 (via s7)
    |-- h13 (via s7)
    |-- h17 (via s7)
    `-- h19 (via s7)

h13
|-- h7 (via s7)
|   |-- h2 (via s5)
|   `-- h15 (via s5)
|-- h9 (via s2)
|   |-- h4 (via s8)
|   `-- h5 (via s8)
|-- h11 (via s7)
|-- h14 (via s2)
|   |-- h0 (via s0)
|   |-- h8 (via s0)
|   `-- h10 (via s0)
|-- h17 (via s7)
|   `-- h1 (via s4)
|-- h18 (via s7)
|   |-- h12 (via s1)
|   `-- h16 (via s1)
|       `-- h3 (via s6)
`-- h19 (via s7)
    `-- h6 (via s3)

h14
|-- h0 (via s0)
|   |-- h4 (via s1)
|   |-- h12 (via s1)
|   |-- h16 (via s1)
|   |   `-- h3 (via s6)
|   `-- h18 (via s1)
|-- h8 (via s0)
|   |-- h1 (via s4)
|   `-- h17 (via s4)
|-- h9 (via s2)
|   `-- h5 (via s8)
|-- h10 (via s0)
|   |-- h6 (via s3)
|   `-- h19 (via s3)
|-- h11 (via s2)
|   `-- h7 (via s7)
|-- h13 (via s2)
`-- h15 (via s0)
    `-- h2 (via s5)

h15
|-- h0 (via s0)
|   |-- h4 (via s1)
|   |-- h12 (via s1)
|   |-- h16 (via s1)
|   |   `-- h3 (via s6)
|   `-- h18 (via s1)
|-- h2 (via s5)
|-- h7 (via s5)
|   |-- h11 (via s7)
|   |-- h13 (via s7)
|   |-- h17 (via s7)
|   `-- h19 (via s7)
|-- h8 (via s0)
|   `-- h1 (via s4)
|-- h10 (via s0)
|   |-- h5 (via s3)
|   `-- h6 (via s3)
`-- h14 (via s0)
    `-- h9 (via s2)

h16
|-- h0 (via s1)
|   |-- h8 (via s0)
|   |   `-- h1 (via s4)
|   |-- h10 (via s0)
|   |   `-- h6 (via s3)
|   |-- h14 (via s0)
|   `-- h15 (via s0)
|       `-- h2 (via s5)
|-- h3 (via s6)
|-- h4 (via s1)
|   |-- h5 (via s8)
|   `-- h9 (via s8)
|-- h12 (via s1)
`-- h18 (via s1)
    |-- h7 (via s7)
    |-- h11 (via s7)
    |-- h13 (via s7)
    |-- h17 (via s7)
    `-- h19 (via s7)

h17
|-- h1 (via s4)
|-- h7 (via s7)
|   |-- h2 (via s5)
|   `-- h15 (via s5)
|-- h8 (via s4)
|   |-- h0 (via s0)
|   |-- h10 (via s0)
|   `-- h14 (via s0)
|-- h11 (via s7)
|   `-- h9 (via s2)
|-- h13 (via s7)
|-- h18 (via s7)
|   |-- h4 (via s1)
|   |-- h12 (via s1)
|   `-- h16 (via s1)
|       `-- h3 (via s6)
`-- h19 (via s7)
    |-- h5 (via s3)
    `-- h6 (via s3)

h18
|-- h0 (via s1)
|   |-- h8 (via s0)
|   |-- h10 (via s0)
|   |-- h14 (via s0)
|   `-- h15 (via s0)
|-- h4 (via s1)
|   |-- h5 (via s8)
|   `-- h9 (via s8)
|-- h7 (via s7)
|   `-- h2 (via s5)
|-- h11 (via s7)
|-- h12 (via s1)
|-- h13 (via s7)
|-- h16 (via s1)
|   `-- h3 (via s6)
|-- h17 (via s7)
|   `-- h1 (via s4)
`-- h19 (via s7)
    `-- h6 (via s3)

h19
|-- h5 (via s3)
|   |-- h4 (via s8)
|   `-- h9 (via s8)
|-- h6 (via s3)
|-- h7 (via s7)
|   |-- h2 (via s5)
|   `-- h15 (via s5)
|-- h10 (via s3)
|   |-- h0 (via s0)
|   |-- h8 (via s0)
|   `-- h14 (via s0)
|-- h11 (via s7)
|-- h13 (via s7)
|-- h17 (via s7)
|   `-- h1 (via s4)
`-- h18 (via s7)
    |-- h12 (via s1)
    `-- h16 (via s1)
        `-- h3 (via s6)

> - Topology view as a single figure (adjacency matrix)
Mesh topology (adjacency matrix; cell = switch):
    h0  h1  h2  h3  h4  h5  h6  h7  h8  h9  h10 h11 h12 h13 h14 h15 h16 h17 h18 h19
h0  .   .   .   .   s1  .   .   .   s0  .   s0  .   s1  .   s0  s0  s1  .   s1  .
h1  .   .   .   .   .   .   .   .   s4  .   .   .   .   .   .   .   .   s4  .   .
h2  .   .   .   .   .   .   .   s5  .   .   .   .   .   .   .   s5  .   .   .   .
h3  .   .   .   .   .   .   .   .   .   .   .   .   .   .   .   .   s6  .   .   .
h4  s1  .   .   .   .   s8  .   .   .   s8  .   .   s1  .   .   .   s1  .   s1  .
h5  .   .   .   .   s8  .   s3  .   .   s8  s3  .   .   .   .   .   .   .   .   s3
h6  .   .   .   .   .   s3  .   .   .   .   s3  .   .   .   .   .   .   .   .   s3
h7  .   .   s5  .   .   .   .   .   .   .   .   s7  .   s7  .   s5  .   s7  s7  s7
h8  s0  s4  .   .   .   .   .   .   .   .   s0  .   .   .   s0  s0  .   s4  .   .
h9  .   .   .   .   s8  s8  .   .   .   .   .   s2  .   s2  s2  .   .   .   .   .
h10 s0  .   .   .   .   s3  s3  .   s0  .   .   .   .   .   s0  s0  .   .   .   s3
h11 .   .   .   .   .   .   .   s7  .   s2  .   .   .   s7  s2  .   .   s7  s7  s7
h12 s1  .   .   .   s1  .   .   .   .   .   .   .   .   .   .   .   s1  .   s1  .
h13 .   .   .   .   .   .   .   s7  .   s2  .   s7  .   .   s2  .   .   s7  s7  s7
h14 s0  .   .   .   .   .   .   .   s0  s2  s0  s2  .   s2  .   s0  .   .   .   .
h15 s0  .   s5  .   .   .   .   s5  s0  .   s0  .   .   .   s0  .   .   .   .   .
h16 s1  .   .   s6  s1  .   .   .   .   .   .   .   s1  .   .   .   .   .   s1  .
h17 .   s4  .   .   .   .   .   s7  s4  .   .   s7  .   s7  .   .   .   .   s7  s7
h18 s1  .   .   .   s1  .   .   s7  .   .   .   s7  s1  s7  .   .   s1  s7  .   s7
h19 .   .   .   .   .   s3  s3  s7  .   .   s3  s7  .   s7  .   .   .   s7  s7  .

topology PNG saved to logs/ex3_seed42_20260206-1453/ex20_seed42.png
cache nodes: h0, h1, h2
h2 command: cefputfile ccnx:/emergency/test -f ./style.css -r 10 -e 5000 -t 5000 -d ./h2 > logs/ex3_seed42_20260206-1453/cefputfile_h2.log
h9 command: cefputfile ccnx:/test/data1 -f './disk IO.png' -e 3000 -t 3000 -d ./h9 > logs/ex3_seed42_20260206-1453/cefputfile_h9.log
h3 command: cefputfile ccnx:/emergency/test2 -f ./SN7100andSN770.jpg -r 4 -e 5000 -t 3000 -d ./h3 > logs/ex3_seed42_20260206-1453/cefputfile_h3.log
h0 command: cefputfile ccnx:/test/data2 -f ./link-audio.sh -e 3000 -t 3000 -d ./h0 > logs/ex3_seed42_20260206-1453/cefputfile_h0.log
h0 command: cefgetfile ccnx:/emergency/test2 -f logs/ex3_seed42_20260206-1453/recvfile_at_h0 -s 4 -d ./h0 > logs/ex3_seed42_20260206-1453/cefgetfile_seed42_downhosts12_idx0_h0.log
h6 command: cefgetfile ccnx:/test/data1 -f logs/ex3_seed42_20260206-1453/recvfile_at_h6 -o -d ./h6 > logs/ex3_seed42_20260206-1453/cefgetfile_seed42_downhosts11,12_idx1_h6.log
h11 command: cefgetfile ccnx:/emergency/test -f logs/ex3_seed42_20260206-1453/recvfile_at_h11 -d ./h11 > logs/ex3_seed42_20260206-1453/cefgetfile_seed42_downhosts11,12_idx2_h11.log
h16 command: cefgetfile ccnx:/emergency/test -f logs/ex3_seed42_20260206-1453/recvfile_at_h16 -d ./h16 > logs/ex3_seed42_20260206-1453/cefgetfile_seed42_downhosts8,16_idx3_h16.log
*** Starting CLI:
mininet> h19 cefsubfile ccnx:/emergency/test -f logs/ex3_seed42_20260206-1453/recvfile_at_h19 -d ./h19
[cefsubfile] Start
[cefsubfile] ERROR: The specified output directory does not exist..

Usage: cefsubfile

  cefsubfile uri [-f output_path] [-s pipeline] [-v_RI valid_algo] [-v_TD valid_algo] [-d config_file_dir] [-p port_num]

  uri                  Specify the URI.
  -f output_path       Specify directory path to output content
                       (When "-" is specified, output to stdout)
  -s pipeline          Number of pipeline
  -v_RI valid_algo     Specify the validation algorithm for Reflexive Interest (crc32c | rsa-sha256)
  -v_TD valid_algo     Specify the validation algorithm for Trgger Data (crc32c | rsa-sha256)
  -d config_file_dir   Configure file directory
  -p port_num          Port Number

mininet> h19 cefsubfile ccnx:/emergency/test -f - -d ./h19
[cefsubfile] Start
[cefsubfile] Parsing parameters ...OK
2026-02-06 14:56:54.111 [cefsubfile] INFO: [client] Config directory is ./h19
2026-02-06 14:56:54.111 [cefsubfile] INFO: [client] Local Socket Name is /tmp/cef_9695.19
2026-02-06 14:56:54.111 [cefsubfile] INFO: [client] Listen Port is 9695
[cefsubfile] Init Cefore Client package ... OK
[cefsubfile] Connect to cefnetd ... OK
[cefsubfile] Register fib entry to cefnetd ... OK (URI=ccnx:/emergency/test)
^C[cefsubfile] Catch the signal
[cefsubfile] Deregister fib entry from cefnetd ... OK (URI=ccnx:/emergency/test)
[cefsubfile] Unconnect to cefnetd ... OK
[cefsubfile] Terminate
mininet> h4 ping google.com
ping: google.com: Temporary failure in name resolution
mininet> h8 ping google.com
ping: google.com: Temporary failure in name resolution
mininet> h9 ping google.com
ping: google.com: Temporary failure in name resolution
mininet> h9 ip a
1: lo: <LOOPBACK,UP,LOWER_UP> mtu 65536 qdisc noqueue state UNKNOWN group default qlen 1000
    link/loopback 00:00:00:00:00:00 brd 00:00:00:00:00:00
    inet 127.0.0.1/8 scope host lo
       valid_lft forever preferred_lft forever
    inet6 ::1/128 scope host
       valid_lft forever preferred_lft forever
2: h9-eth0@if263: <BROADCAST,MULTICAST,UP,LOWER_UP> mtu 1500 qdisc noqueue state UP group default qlen 1000
    link/ether 72:c2:8f:a8:08:55 brd ff:ff:ff:ff:ff:ff link-netnsid 0
    inet 192.168.3.10/24 brd 192.168.3.255 scope global h9-eth0
       valid_lft forever preferred_lft forever
    inet6 fe80::70c2:8fff:fea8:855/64 scope link
       valid_lft forever preferred_lft forever
3: h9-eth1@if264: <BROADCAST,MULTICAST,UP,LOWER_UP> mtu 1500 qdisc noqueue state UP group default qlen 1000
    link/ether 96:7a:bf:f5:18:ea brd ff:ff:ff:ff:ff:ff link-netnsid 0
    inet 192.168.9.10/24 brd 192.168.9.255 scope global h9-eth1
       valid_lft forever preferred_lft forever
    inet6 fe80::947a:bfff:fef5:18ea/64 scope link
       valid_lft forever preferred_lft forever
mininet> s8 ip a
1: lo: <LOOPBACK,UP,LOWER_UP> mtu 65536 qdisc noqueue state UNKNOWN group default qlen 1000
    link/loopback 00:00:00:00:00:00 brd 00:00:00:00:00:00
    inet 127.0.0.1/8 scope host lo
       valid_lft forever preferred_lft forever
    inet6 ::1/128 scope host noprefixroute
       valid_lft forever preferred_lft forever
2: enp9s0f0np0: <NO-CARRIER,BROADCAST,MULTICAST,UP> mtu 1500 qdisc mq state DOWN group default qlen 1000
    link/ether 9c:7b:ef:40:b8:72 brd ff:ff:ff:ff:ff:ff
3: enp9s0f1np1: <NO-CARRIER,BROADCAST,MULTICAST,UP> mtu 1500 qdisc mq state DOWN group default qlen 1000
    link/ether 9c:7b:ef:40:b8:73 brd ff:ff:ff:ff:ff:ff
4: enp9s0f2np2: <NO-CARRIER,BROADCAST,MULTICAST,UP> mtu 1500 qdisc mq state DOWN group default qlen 1000
    link/ether 9c:7b:ef:40:b8:74 brd ff:ff:ff:ff:ff:ff
5: eno1: <BROADCAST,MULTICAST,UP,LOWER_UP> mtu 1500 qdisc fq_codel state UP group default qlen 1000
    link/ether 9c:7b:ef:40:b8:71 brd ff:ff:ff:ff:ff:ff
    altname enp0s31f6
    inet 133.243.146.210/24 brd 133.243.146.255 scope global dynamic noprefixroute eno1
       valid_lft 75153sec preferred_lft 75153sec
    inet6 fe80::9e7b:efff:fe40:b871/64 scope link
       valid_lft forever preferred_lft forever
6: enp33s0f0: <NO-CARRIER,BROADCAST,MULTICAST,UP> mtu 1500 qdisc mq state DOWN group default qlen 1000
    link/ether 90:e2:ba:02:96:20 brd ff:ff:ff:ff:ff:ff
7: enp153s0f0np0: <NO-CARRIER,BROADCAST,MULTICAST,UP> mtu 1500 qdisc mq state DOWN group default qlen 1000
    link/ether 64:9d:99:b1:4f:ea brd ff:ff:ff:ff:ff:ff
8: enp33s0f1: <NO-CARRIER,BROADCAST,MULTICAST,UP> mtu 1500 qdisc mq state DOWN group default qlen 1000
    link/ether 90:e2:ba:02:96:21 brd ff:ff:ff:ff:ff:ff
9: enp153s0f1np1: <NO-CARRIER,BROADCAST,MULTICAST,UP> mtu 1500 qdisc mq state DOWN group default qlen 1000
    link/ether 64:9d:99:b1:4f:eb brd ff:ff:ff:ff:ff:ff
10: enp153s0f2np2: <NO-CARRIER,BROADCAST,MULTICAST,UP> mtu 1500 qdisc mq state DOWN group default qlen 1000
    link/ether 64:9d:99:b1:4f:ec brd ff:ff:ff:ff:ff:ff
11: enp153s0f3np3: <NO-CARRIER,BROADCAST,MULTICAST,UP> mtu 1500 qdisc mq state DOWN group default qlen 1000
    link/ether 64:9d:99:b1:4f:ed brd ff:ff:ff:ff:ff:ff
12: wlxcce1d53e941f: <BROADCAST,MULTICAST> mtu 1500 qdisc noop state DOWN group default qlen 1000
    link/ether cc:e1:d5:3e:94:1f brd ff:ff:ff:ff:ff:ff
249: s0-eth1@if2: <BROADCAST,MULTICAST,UP,LOWER_UP> mtu 1500 qdisc noqueue master ovs-system state UP group default qlen 1000
    link/ether 32:04:8f:f2:27:03 brd ff:ff:ff:ff:ff:ff link-netnsid 0
    inet6 fe80::3004:8fff:fef2:2703/64 scope link
       valid_lft forever preferred_lft forever
250: s1-eth1@if3: <BROADCAST,MULTICAST,UP,LOWER_UP> mtu 1500 qdisc noqueue master ovs-system state UP group default qlen 1000
    link/ether 1e:b3:3c:db:1a:9a brd ff:ff:ff:ff:ff:ff link-netnsid 0
    inet6 fe80::1cb3:3cff:fedb:1a9a/64 scope link
       valid_lft forever preferred_lft forever
251: s4-eth1@if2: <BROADCAST,MULTICAST,UP,LOWER_UP> mtu 1500 qdisc noqueue master ovs-system state UP group default qlen 1000
    link/ether 6e:93:21:17:ad:96 brd ff:ff:ff:ff:ff:ff link-netnsid 1
    inet6 fe80::6c93:21ff:fe17:ad96/64 scope link
       valid_lft forever preferred_lft forever
252: s5-eth1@if2: <BROADCAST,MULTICAST,UP,LOWER_UP> mtu 1500 qdisc noqueue master ovs-system state UP group default qlen 1000
    link/ether 62:00:3c:93:45:be brd ff:ff:ff:ff:ff:ff link-netnsid 2
    inet6 fe80::6000:3cff:fe93:45be/64 scope link
       valid_lft forever preferred_lft forever
253: s6-eth1@if2: <BROADCAST,MULTICAST,UP,LOWER_UP> mtu 1500 qdisc noqueue master ovs-system state UP group default qlen 1000
    link/ether 82:c6:d7:58:63:bf brd ff:ff:ff:ff:ff:ff link-netnsid 3
    inet6 fe80::80c6:d7ff:fe58:63bf/64 scope link
       valid_lft forever preferred_lft forever
254: s1-eth2@if2: <BROADCAST,MULTICAST> mtu 1500 qdisc noqueue master ovs-system state DOWN group default qlen 1000
    link/ether 16:10:74:be:3c:da brd ff:ff:ff:ff:ff:ff link-netnsid 4
255: s8-eth1@if3: <BROADCAST,MULTICAST> mtu 1500 qdisc noqueue master ovs-system state DOWN group default qlen 1000
    link/ether aa:42:dd:b3:fb:4f brd ff:ff:ff:ff:ff:ff link-netnsid 4
256: s3-eth1@if2: <BROADCAST,MULTICAST,UP,LOWER_UP> mtu 1500 qdisc noqueue master ovs-system state UP group default qlen 1000
    link/ether 3e:ba:f5:6a:7b:af brd ff:ff:ff:ff:ff:ff link-netnsid 5
    inet6 fe80::3cba:f5ff:fe6a:7baf/64 scope link
       valid_lft forever preferred_lft forever
257: s8-eth2@if3: <BROADCAST,MULTICAST,UP,LOWER_UP> mtu 1500 qdisc noqueue master ovs-system state UP group default qlen 1000
    link/ether 46:a6:18:aa:0d:86 brd ff:ff:ff:ff:ff:ff link-netnsid 5
    inet6 fe80::44a6:18ff:feaa:d86/64 scope link
       valid_lft forever preferred_lft forever
258: s3-eth2@if2: <BROADCAST,MULTICAST,UP,LOWER_UP> mtu 1500 qdisc noqueue master ovs-system state UP group default qlen 1000
    link/ether 7e:a2:c2:36:23:19 brd ff:ff:ff:ff:ff:ff link-netnsid 6
    inet6 fe80::7ca2:c2ff:fe36:2319/64 scope link
       valid_lft forever preferred_lft forever
259: s5-eth2@if2: <BROADCAST,MULTICAST> mtu 1500 qdisc noqueue master ovs-system state DOWN group default qlen 1000
    link/ether c6:37:95:12:78:bb brd ff:ff:ff:ff:ff:ff link-netnsid 7
260: s7-eth1@if3: <BROADCAST,MULTICAST> mtu 1500 qdisc noqueue master ovs-system state DOWN group default qlen 1000
    link/ether 9a:07:44:b1:f8:6e brd ff:ff:ff:ff:ff:ff link-netnsid 7
261: s0-eth2@if2: <BROADCAST,MULTICAST,UP,LOWER_UP> mtu 1500 qdisc noqueue master ovs-system state UP group default qlen 1000
    link/ether 56:82:c5:93:c2:32 brd ff:ff:ff:ff:ff:ff link-netnsid 8
    inet6 fe80::5482:c5ff:fe93:c232/64 scope link
       valid_lft forever preferred_lft forever
262: s4-eth2@if3: <BROADCAST,MULTICAST,UP,LOWER_UP> mtu 1500 qdisc noqueue master ovs-system state UP group default qlen 1000
    link/ether 06:13:9e:8a:2d:65 brd ff:ff:ff:ff:ff:ff link-netnsid 8
    inet6 fe80::413:9eff:fe8a:2d65/64 scope link
       valid_lft forever preferred_lft forever
263: s2-eth1@if2: <BROADCAST,MULTICAST,UP,LOWER_UP> mtu 1500 qdisc noqueue master ovs-system state UP group default qlen 1000
    link/ether d2:7f:e0:85:4a:94 brd ff:ff:ff:ff:ff:ff link-netnsid 9
    inet6 fe80::d07f:e0ff:fe85:4a94/64 scope link
       valid_lft forever preferred_lft forever
264: s8-eth3@if3: <BROADCAST,MULTICAST,UP,LOWER_UP> mtu 1500 qdisc noqueue master ovs-system state UP group default qlen 1000
    link/ether 2e:d2:8a:09:5e:00 brd ff:ff:ff:ff:ff:ff link-netnsid 9
    inet6 fe80::2cd2:8aff:fe09:5e00/64 scope link
       valid_lft forever preferred_lft forever
265: s0-eth3@if2: <BROADCAST,MULTICAST,UP,LOWER_UP> mtu 1500 qdisc noqueue master ovs-system state UP group default qlen 1000
    link/ether ce:0e:55:d2:ee:d7 brd ff:ff:ff:ff:ff:ff link-netnsid 10
    inet6 fe80::cc0e:55ff:fed2:eed7/64 scope link
       valid_lft forever preferred_lft forever
266: s3-eth3@if3: <BROADCAST,MULTICAST,UP,LOWER_UP> mtu 1500 qdisc noqueue master ovs-system state UP group default qlen 1000
    link/ether 8e:47:6f:ad:5a:2b brd ff:ff:ff:ff:ff:ff link-netnsid 10
    inet6 fe80::8c47:6fff:fead:5a2b/64 scope link
       valid_lft forever preferred_lft forever
267: s2-eth2@if2: <BROADCAST,MULTICAST,UP,LOWER_UP> mtu 1500 qdisc noqueue master ovs-system state UP group default qlen 1000
    link/ether e2:c4:67:d0:76:59 brd ff:ff:ff:ff:ff:ff link-netnsid 11
    inet6 fe80::e0c4:67ff:fed0:7659/64 scope link
       valid_lft forever preferred_lft forever
268: s7-eth2@if3: <BROADCAST,MULTICAST,UP,LOWER_UP> mtu 1500 qdisc noqueue master ovs-system state UP group default qlen 1000
    link/ether 3a:6e:3c:19:5e:6b brd ff:ff:ff:ff:ff:ff link-netnsid 11
    inet6 fe80::386e:3cff:fe19:5e6b/64 scope link
       valid_lft forever preferred_lft forever
269: s1-eth3@if2: <BROADCAST,MULTICAST,UP,LOWER_UP> mtu 1500 qdisc noqueue master ovs-system state UP group default qlen 1000
    link/ether 6a:d1:e8:21:14:c7 brd ff:ff:ff:ff:ff:ff link-netnsid 12
    inet6 fe80::68d1:e8ff:fe21:14c7/64 scope link
       valid_lft forever preferred_lft forever
270: s2-eth3@if2: <BROADCAST,MULTICAST,UP,LOWER_UP> mtu 1500 qdisc noqueue master ovs-system state UP group default qlen 1000
    link/ether b6:9c:57:40:8e:5f brd ff:ff:ff:ff:ff:ff link-netnsid 13
    inet6 fe80::b49c:57ff:fe40:8e5f/64 scope link
       valid_lft forever preferred_lft forever
271: s7-eth3@if3: <BROADCAST,MULTICAST,UP,LOWER_UP> mtu 1500 qdisc noqueue master ovs-system state UP group default qlen 1000
    link/ether ca:65:be:4d:7f:6b brd ff:ff:ff:ff:ff:ff link-netnsid 13
    inet6 fe80::c865:beff:fe4d:7f6b/64 scope link
       valid_lft forever preferred_lft forever
272: s0-eth4@if2: <BROADCAST,MULTICAST,UP,LOWER_UP> mtu 1500 qdisc noqueue master ovs-system state UP group default qlen 1000
    link/ether ca:c3:a6:52:8c:c1 brd ff:ff:ff:ff:ff:ff link-netnsid 14
    inet6 fe80::c8c3:a6ff:fe52:8cc1/64 scope link
       valid_lft forever preferred_lft forever
273: s2-eth4@if3: <BROADCAST,MULTICAST,UP,LOWER_UP> mtu 1500 qdisc noqueue master ovs-system state UP group default qlen 1000
    link/ether ca:11:2c:18:f8:fd brd ff:ff:ff:ff:ff:ff link-netnsid 14
    inet6 fe80::c811:2cff:fe18:f8fd/64 scope link
       valid_lft forever preferred_lft forever
274: s0-eth5@if2: <BROADCAST,MULTICAST,UP,LOWER_UP> mtu 1500 qdisc noqueue master ovs-system state UP group default qlen 1000
    link/ether 46:3f:cf:e4:4c:11 brd ff:ff:ff:ff:ff:ff link-netnsid 15
    inet6 fe80::443f:cfff:fee4:4c11/64 scope link
       valid_lft forever preferred_lft forever
275: s5-eth3@if3: <BROADCAST,MULTICAST,UP,LOWER_UP> mtu 1500 qdisc noqueue master ovs-system state UP group default qlen 1000
    link/ether 62:8f:3d:f5:54:41 brd ff:ff:ff:ff:ff:ff link-netnsid 15
    inet6 fe80::608f:3dff:fef5:5441/64 scope link
       valid_lft forever preferred_lft forever
276: s1-eth4@if2: <BROADCAST,MULTICAST,UP,LOWER_UP> mtu 1500 qdisc noqueue master ovs-system state UP group default qlen 1000
    link/ether 6e:a4:6f:0a:32:06 brd ff:ff:ff:ff:ff:ff link-netnsid 16
    inet6 fe80::6ca4:6fff:fe0a:3206/64 scope link
       valid_lft forever preferred_lft forever
277: s6-eth2@if3: <BROADCAST,MULTICAST,UP,LOWER_UP> mtu 1500 qdisc noqueue master ovs-system state UP group default qlen 1000
    link/ether 8a:3d:1d:78:1d:ab brd ff:ff:ff:ff:ff:ff link-netnsid 16
    inet6 fe80::883d:1dff:fe78:1dab/64 scope link
       valid_lft forever preferred_lft forever
278: s4-eth3@if2: <BROADCAST,MULTICAST,UP,LOWER_UP> mtu 1500 qdisc noqueue master ovs-system state UP group default qlen 1000
    link/ether f6:e6:7d:6a:03:3d brd ff:ff:ff:ff:ff:ff link-netnsid 17
    inet6 fe80::f4e6:7dff:fe6a:33d/64 scope link
       valid_lft forever preferred_lft forever
279: s7-eth4@if3: <BROADCAST,MULTICAST,UP,LOWER_UP> mtu 1500 qdisc noqueue master ovs-system state UP group default qlen 1000
    link/ether 86:39:e4:b7:12:2a brd ff:ff:ff:ff:ff:ff link-netnsid 17
    inet6 fe80::8439:e4ff:feb7:122a/64 scope link
       valid_lft forever preferred_lft forever
280: s1-eth5@if2: <BROADCAST,MULTICAST> mtu 1500 qdisc noqueue master ovs-system state DOWN group default qlen 1000
    link/ether ce:b8:11:e3:d1:f1 brd ff:ff:ff:ff:ff:ff link-netnsid 18
281: s7-eth5@if3: <BROADCAST,MULTICAST> mtu 1500 qdisc noqueue master ovs-system state DOWN group default qlen 1000
    link/ether 26:c2:22:79:0a:7f brd ff:ff:ff:ff:ff:ff link-netnsid 18
282: s3-eth4@if2: <BROADCAST,MULTICAST,UP,LOWER_UP> mtu 1500 qdisc noqueue master ovs-system state UP group default qlen 1000
    link/ether 66:23:d0:03:5c:d3 brd ff:ff:ff:ff:ff:ff link-netnsid 19
    inet6 fe80::6423:d0ff:fe03:5cd3/64 scope link
       valid_lft forever preferred_lft forever
283: s7-eth6@if3: <BROADCAST,MULTICAST,UP,LOWER_UP> mtu 1500 qdisc noqueue master ovs-system state UP group default qlen 1000
    link/ether 96:b6:ca:37:25:15 brd ff:ff:ff:ff:ff:ff link-netnsid 19
    inet6 fe80::94b6:caff:fe37:2515/64 scope link
       valid_lft forever preferred_lft forever
284: ovs-system: <BROADCAST,MULTICAST> mtu 1500 qdisc noop state DOWN group default qlen 1000
    link/ether c6:b3:52:46:c3:16 brd ff:ff:ff:ff:ff:ff
285: s6: <BROADCAST,MULTICAST> mtu 1500 qdisc noop state DOWN group default qlen 1000
    link/ether 4e:34:0f:c3:ef:4c brd ff:ff:ff:ff:ff:ff
286: s1: <BROADCAST,MULTICAST> mtu 1500 qdisc noop state DOWN group default qlen 1000
    link/ether 1e:82:f8:44:ba:4a brd ff:ff:ff:ff:ff:ff
287: s0: <BROADCAST,MULTICAST> mtu 1500 qdisc noop state DOWN group default qlen 1000
    link/ether 46:49:20:31:c2:42 brd ff:ff:ff:ff:ff:ff
288: s3: <BROADCAST,MULTICAST> mtu 1500 qdisc noop state DOWN group default qlen 1000
    link/ether 4a:07:76:fe:a5:4c brd ff:ff:ff:ff:ff:ff
289: s8: <BROADCAST,MULTICAST> mtu 1500 qdisc noop state DOWN group default qlen 1000
    link/ether de:97:eb:f3:23:47 brd ff:ff:ff:ff:ff:ff
290: s2: <BROADCAST,MULTICAST> mtu 1500 qdisc noop state DOWN group default qlen 1000
    link/ether b2:f1:d3:39:d9:4a brd ff:ff:ff:ff:ff:ff
291: s7: <BROADCAST,MULTICAST> mtu 1500 qdisc noop state DOWN group default qlen 1000
    link/ether 86:1b:c3:b6:86:4e brd ff:ff:ff:ff:ff:ff
292: s4: <BROADCAST,MULTICAST> mtu 1500 qdisc noop state DOWN group default qlen 1000
    link/ether 8a:9b:77:66:e8:45 brd ff:ff:ff:ff:ff:ff
293: s5: <BROADCAST,MULTICAST> mtu 1500 qdisc noop state DOWN group default qlen 1000
    link/ether e6:58:11:f1:25:47 brd ff:ff:ff:ff:ff:ff
294: s8-eth4@root-eth0: <BROADCAST,MULTICAST,UP,LOWER_UP> mtu 1500 qdisc noqueue state UP group default qlen 1000
    link/ether 52:f5:f1:69:d6:63 brd ff:ff:ff:ff:ff:ff
    inet6 fe80::50f5:f1ff:fe69:d663/64 scope link
       valid_lft forever preferred_lft forever
295: root-eth0@s8-eth4: <BROADCAST,MULTICAST,UP,LOWER_UP> mtu 1500 qdisc noqueue state UP group default qlen 1000
    link/ether 16:75:38:b9:13:8d brd ff:ff:ff:ff:ff:ff
    inet 192.168.9.254/24 brd 192.168.9.255 scope global root-eth0
       valid_lft forever preferred_lft forever
    inet6 fe80::1475:38ff:feb9:138d/64 scope link
       valid_lft forever preferred_lft forever
mininet>
mininet> s3 ip a
1: lo: <LOOPBACK,UP,LOWER_UP> mtu 65536 qdisc noqueue state UNKNOWN group default qlen 1000
    link/loopback 00:00:00:00:00:00 brd 00:00:00:00:00:00
    inet 127.0.0.1/8 scope host lo
       valid_lft forever preferred_lft forever
    inet6 ::1/128 scope host noprefixroute
       valid_lft forever preferred_lft forever
2: enp9s0f0np0: <NO-CARRIER,BROADCAST,MULTICAST,UP> mtu 1500 qdisc mq state DOWN group default qlen 1000
    link/ether 9c:7b:ef:40:b8:72 brd ff:ff:ff:ff:ff:ff
3: enp9s0f1np1: <NO-CARRIER,BROADCAST,MULTICAST,UP> mtu 1500 qdisc mq state DOWN group default qlen 1000
    link/ether 9c:7b:ef:40:b8:73 brd ff:ff:ff:ff:ff:ff
4: enp9s0f2np2: <NO-CARRIER,BROADCAST,MULTICAST,UP> mtu 1500 qdisc mq state DOWN group default qlen 1000
    link/ether 9c:7b:ef:40:b8:74 brd ff:ff:ff:ff:ff:ff
5: eno1: <BROADCAST,MULTICAST,UP,LOWER_UP> mtu 1500 qdisc fq_codel state UP group default qlen 1000
    link/ether 9c:7b:ef:40:b8:71 brd ff:ff:ff:ff:ff:ff
    altname enp0s31f6
    inet 133.243.146.210/24 brd 133.243.146.255 scope global dynamic noprefixroute eno1
       valid_lft 72930sec preferred_lft 72930sec
    inet6 fe80::9e7b:efff:fe40:b871/64 scope link
       valid_lft forever preferred_lft forever
6: enp33s0f0: <NO-CARRIER,BROADCAST,MULTICAST,UP> mtu 1500 qdisc mq state DOWN group default qlen 1000
    link/ether 90:e2:ba:02:96:20 brd ff:ff:ff:ff:ff:ff
7: enp153s0f0np0: <NO-CARRIER,BROADCAST,MULTICAST,UP> mtu 1500 qdisc mq state DOWN group default qlen 1000
    link/ether 64:9d:99:b1:4f:ea brd ff:ff:ff:ff:ff:ff
8: enp33s0f1: <NO-CARRIER,BROADCAST,MULTICAST,UP> mtu 1500 qdisc mq state DOWN group default qlen 1000
    link/ether 90:e2:ba:02:96:21 brd ff:ff:ff:ff:ff:ff
9: enp153s0f1np1: <NO-CARRIER,BROADCAST,MULTICAST,UP> mtu 1500 qdisc mq state DOWN group default qlen 1000
    link/ether 64:9d:99:b1:4f:eb brd ff:ff:ff:ff:ff:ff
10: enp153s0f2np2: <NO-CARRIER,BROADCAST,MULTICAST,UP> mtu 1500 qdisc mq state DOWN group default qlen 1000
    link/ether 64:9d:99:b1:4f:ec brd ff:ff:ff:ff:ff:ff
11: enp153s0f3np3: <NO-CARRIER,BROADCAST,MULTICAST,UP> mtu 1500 qdisc mq state DOWN group default qlen 1000
    link/ether 64:9d:99:b1:4f:ed brd ff:ff:ff:ff:ff:ff
12: wlxcce1d53e941f: <BROADCAST,MULTICAST> mtu 1500 qdisc noop state DOWN group default qlen 1000
    link/ether cc:e1:d5:3e:94:1f brd ff:ff:ff:ff:ff:ff
249: s0-eth1@if2: <BROADCAST,MULTICAST,UP,LOWER_UP> mtu 1500 qdisc noqueue master ovs-system state UP group default qlen 1000
    link/ether 32:04:8f:f2:27:03 brd ff:ff:ff:ff:ff:ff link-netnsid 0
    inet6 fe80::3004:8fff:fef2:2703/64 scope link
       valid_lft forever preferred_lft forever
250: s1-eth1@if3: <BROADCAST,MULTICAST,UP,LOWER_UP> mtu 1500 qdisc noqueue master ovs-system state UP group default qlen 1000
    link/ether 1e:b3:3c:db:1a:9a brd ff:ff:ff:ff:ff:ff link-netnsid 0
    inet6 fe80::1cb3:3cff:fedb:1a9a/64 scope link
       valid_lft forever preferred_lft forever
251: s4-eth1@if2: <BROADCAST,MULTICAST,UP,LOWER_UP> mtu 1500 qdisc noqueue master ovs-system state UP group default qlen 1000
    link/ether 6e:93:21:17:ad:96 brd ff:ff:ff:ff:ff:ff link-netnsid 1
    inet6 fe80::6c93:21ff:fe17:ad96/64 scope link
       valid_lft forever preferred_lft forever
252: s5-eth1@if2: <BROADCAST,MULTICAST,UP,LOWER_UP> mtu 1500 qdisc noqueue master ovs-system state UP group default qlen 1000
    link/ether 62:00:3c:93:45:be brd ff:ff:ff:ff:ff:ff link-netnsid 2
    inet6 fe80::6000:3cff:fe93:45be/64 scope link
       valid_lft forever preferred_lft forever
253: s6-eth1@if2: <BROADCAST,MULTICAST,UP,LOWER_UP> mtu 1500 qdisc noqueue master ovs-system state UP group default qlen 1000
    link/ether 82:c6:d7:58:63:bf brd ff:ff:ff:ff:ff:ff link-netnsid 3
    inet6 fe80::80c6:d7ff:fe58:63bf/64 scope link
       valid_lft forever preferred_lft forever
254: s1-eth2@if2: <BROADCAST,MULTICAST,UP,LOWER_UP> mtu 1500 qdisc noqueue master ovs-system state UP group default qlen 1000
    link/ether 16:10:74:be:3c:da brd ff:ff:ff:ff:ff:ff link-netnsid 4
    inet6 fe80::1410:74ff:febe:3cda/64 scope link
       valid_lft forever preferred_lft forever
255: s8-eth1@if3: <BROADCAST,MULTICAST,UP,LOWER_UP> mtu 1500 qdisc noqueue master ovs-system state UP group default qlen 1000
    link/ether aa:42:dd:b3:fb:4f brd ff:ff:ff:ff:ff:ff link-netnsid 4
    inet6 fe80::a842:ddff:feb3:fb4f/64 scope link
       valid_lft forever preferred_lft forever
256: s3-eth1@if2: <BROADCAST,MULTICAST,UP,LOWER_UP> mtu 1500 qdisc noqueue master ovs-system state UP group default qlen 1000
    link/ether 3e:ba:f5:6a:7b:af brd ff:ff:ff:ff:ff:ff link-netnsid 5
    inet6 fe80::3cba:f5ff:fe6a:7baf/64 scope link
       valid_lft forever preferred_lft forever
257: s8-eth2@if3: <BROADCAST,MULTICAST,UP,LOWER_UP> mtu 1500 qdisc noqueue master ovs-system state UP group default qlen 1000
    link/ether 46:a6:18:aa:0d:86 brd ff:ff:ff:ff:ff:ff link-netnsid 5
    inet6 fe80::44a6:18ff:feaa:d86/64 scope link
       valid_lft forever preferred_lft forever
258: s3-eth2@if2: <BROADCAST,MULTICAST> mtu 1500 qdisc noqueue master ovs-system state DOWN group default qlen 1000
    link/ether 7e:a2:c2:36:23:19 brd ff:ff:ff:ff:ff:ff link-netnsid 6
259: s5-eth2@if2: <BROADCAST,MULTICAST,UP,LOWER_UP> mtu 1500 qdisc noqueue master ovs-system state UP group default qlen 1000
    link/ether c6:37:95:12:78:bb brd ff:ff:ff:ff:ff:ff link-netnsid 7
    inet6 fe80::c437:95ff:fe12:78bb/64 scope link
       valid_lft forever preferred_lft forever
260: s7-eth1@if3: <BROADCAST,MULTICAST,UP,LOWER_UP> mtu 1500 qdisc noqueue master ovs-system state UP group default qlen 1000
    link/ether 9a:07:44:b1:f8:6e brd ff:ff:ff:ff:ff:ff link-netnsid 7
    inet6 fe80::9807:44ff:feb1:f86e/64 scope link
       valid_lft forever preferred_lft forever
261: s0-eth2@if2: <BROADCAST,MULTICAST,UP,LOWER_UP> mtu 1500 qdisc noqueue master ovs-system state UP group default qlen 1000
    link/ether 56:82:c5:93:c2:32 brd ff:ff:ff:ff:ff:ff link-netnsid 8
    inet6 fe80::5482:c5ff:fe93:c232/64 scope link
       valid_lft forever preferred_lft forever
262: s4-eth2@if3: <BROADCAST,MULTICAST,UP,LOWER_UP> mtu 1500 qdisc noqueue master ovs-system state UP group default qlen 1000
    link/ether 06:13:9e:8a:2d:65 brd ff:ff:ff:ff:ff:ff link-netnsid 8
    inet6 fe80::413:9eff:fe8a:2d65/64 scope link
       valid_lft forever preferred_lft forever
263: s2-eth1@if2: <BROADCAST,MULTICAST,UP,LOWER_UP> mtu 1500 qdisc noqueue master ovs-system state UP group default qlen 1000
    link/ether d2:7f:e0:85:4a:94 brd ff:ff:ff:ff:ff:ff link-netnsid 9
    inet6 fe80::d07f:e0ff:fe85:4a94/64 scope link
       valid_lft forever preferred_lft forever
264: s8-eth3@if3: <BROADCAST,MULTICAST,UP,LOWER_UP> mtu 1500 qdisc noqueue master ovs-system state UP group default qlen 1000
    link/ether 2e:d2:8a:09:5e:00 brd ff:ff:ff:ff:ff:ff link-netnsid 9
    inet6 fe80::2cd2:8aff:fe09:5e00/64 scope link
       valid_lft forever preferred_lft forever
265: s0-eth3@if2: <BROADCAST,MULTICAST,UP,LOWER_UP> mtu 1500 qdisc noqueue master ovs-system state UP group default qlen 1000
    link/ether ce:0e:55:d2:ee:d7 brd ff:ff:ff:ff:ff:ff link-netnsid 10
    inet6 fe80::cc0e:55ff:fed2:eed7/64 scope link
       valid_lft forever preferred_lft forever
266: s3-eth3@if3: <BROADCAST,MULTICAST,UP,LOWER_UP> mtu 1500 qdisc noqueue master ovs-system state UP group default qlen 1000
    link/ether 8e:47:6f:ad:5a:2b brd ff:ff:ff:ff:ff:ff link-netnsid 10
    inet6 fe80::8c47:6fff:fead:5a2b/64 scope link
       valid_lft forever preferred_lft forever
267: s2-eth2@if2: <BROADCAST,MULTICAST,UP,LOWER_UP> mtu 1500 qdisc noqueue master ovs-system state UP group default qlen 1000
    link/ether e2:c4:67:d0:76:59 brd ff:ff:ff:ff:ff:ff link-netnsid 11
    inet6 fe80::e0c4:67ff:fed0:7659/64 scope link
       valid_lft forever preferred_lft forever
268: s7-eth2@if3: <BROADCAST,MULTICAST,UP,LOWER_UP> mtu 1500 qdisc noqueue master ovs-system state UP group default qlen 1000
    link/ether 3a:6e:3c:19:5e:6b brd ff:ff:ff:ff:ff:ff link-netnsid 11
    inet6 fe80::386e:3cff:fe19:5e6b/64 scope link
       valid_lft forever preferred_lft forever
269: s1-eth3@if2: <BROADCAST,MULTICAST,UP,LOWER_UP> mtu 1500 qdisc noqueue master ovs-system state UP group default qlen 1000
    link/ether 6a:d1:e8:21:14:c7 brd ff:ff:ff:ff:ff:ff link-netnsid 12
    inet6 fe80::68d1:e8ff:fe21:14c7/64 scope link
       valid_lft forever preferred_lft forever
270: s2-eth3@if2: <BROADCAST,MULTICAST,UP,LOWER_UP> mtu 1500 qdisc noqueue master ovs-system state UP group default qlen 1000
    link/ether b6:9c:57:40:8e:5f brd ff:ff:ff:ff:ff:ff link-netnsid 13
    inet6 fe80::b49c:57ff:fe40:8e5f/64 scope link
       valid_lft forever preferred_lft forever
271: s7-eth3@if3: <BROADCAST,MULTICAST,UP,LOWER_UP> mtu 1500 qdisc noqueue master ovs-system state UP group default qlen 1000
    link/ether ca:65:be:4d:7f:6b brd ff:ff:ff:ff:ff:ff link-netnsid 13
    inet6 fe80::c865:beff:fe4d:7f6b/64 scope link
       valid_lft forever preferred_lft forever
272: s0-eth4@if2: <BROADCAST,MULTICAST,UP,LOWER_UP> mtu 1500 qdisc noqueue master ovs-system state UP group default qlen 1000
    link/ether ca:c3:a6:52:8c:c1 brd ff:ff:ff:ff:ff:ff link-netnsid 14
    inet6 fe80::c8c3:a6ff:fe52:8cc1/64 scope link
       valid_lft forever preferred_lft forever
273: s2-eth4@if3: <BROADCAST,MULTICAST,UP,LOWER_UP> mtu 1500 qdisc noqueue master ovs-system state UP group default qlen 1000
    link/ether ca:11:2c:18:f8:fd brd ff:ff:ff:ff:ff:ff link-netnsid 14
    inet6 fe80::c811:2cff:fe18:f8fd/64 scope link
       valid_lft forever preferred_lft forever
274: s0-eth5@if2: <BROADCAST,MULTICAST,UP,LOWER_UP> mtu 1500 qdisc noqueue master ovs-system state UP group default qlen 1000
    link/ether 46:3f:cf:e4:4c:11 brd ff:ff:ff:ff:ff:ff link-netnsid 15
    inet6 fe80::443f:cfff:fee4:4c11/64 scope link
       valid_lft forever preferred_lft forever
275: s5-eth3@if3: <BROADCAST,MULTICAST,UP,LOWER_UP> mtu 1500 qdisc noqueue master ovs-system state UP group default qlen 1000
    link/ether 62:8f:3d:f5:54:41 brd ff:ff:ff:ff:ff:ff link-netnsid 15
    inet6 fe80::608f:3dff:fef5:5441/64 scope link
       valid_lft forever preferred_lft forever
276: s1-eth4@if2: <BROADCAST,MULTICAST> mtu 1500 qdisc noqueue master ovs-system state DOWN group default qlen 1000
    link/ether 6e:a4:6f:0a:32:06 brd ff:ff:ff:ff:ff:ff link-netnsid 16
277: s6-eth2@if3: <BROADCAST,MULTICAST> mtu 1500 qdisc noqueue master ovs-system state DOWN group default qlen 1000
    link/ether 8a:3d:1d:78:1d:ab brd ff:ff:ff:ff:ff:ff link-netnsid 16
278: s4-eth3@if2: <BROADCAST,MULTICAST> mtu 1500 qdisc noqueue master ovs-system state DOWN group default qlen 1000
    link/ether f6:e6:7d:6a:03:3d brd ff:ff:ff:ff:ff:ff link-netnsid 17
279: s7-eth4@if3: <BROADCAST,MULTICAST> mtu 1500 qdisc noqueue master ovs-system state DOWN group default qlen 1000
    link/ether 86:39:e4:b7:12:2a brd ff:ff:ff:ff:ff:ff link-netnsid 17
280: s1-eth5@if2: <BROADCAST,MULTICAST,UP,LOWER_UP> mtu 1500 qdisc noqueue master ovs-system state UP group default qlen 1000
    link/ether ce:b8:11:e3:d1:f1 brd ff:ff:ff:ff:ff:ff link-netnsid 18
    inet6 fe80::ccb8:11ff:fee3:d1f1/64 scope link
       valid_lft forever preferred_lft forever
281: s7-eth5@if3: <BROADCAST,MULTICAST,UP,LOWER_UP> mtu 1500 qdisc noqueue master ovs-system state UP group default qlen 1000
    link/ether 26:c2:22:79:0a:7f brd ff:ff:ff:ff:ff:ff link-netnsid 18
    inet6 fe80::24c2:22ff:fe79:a7f/64 scope link
       valid_lft forever preferred_lft forever
282: s3-eth4@if2: <BROADCAST,MULTICAST,UP,LOWER_UP> mtu 1500 qdisc noqueue master ovs-system state UP group default qlen 1000
    link/ether 66:23:d0:03:5c:d3 brd ff:ff:ff:ff:ff:ff link-netnsid 19
    inet6 fe80::6423:d0ff:fe03:5cd3/64 scope link
       valid_lft forever preferred_lft forever
283: s7-eth6@if3: <BROADCAST,MULTICAST,UP,LOWER_UP> mtu 1500 qdisc noqueue master ovs-system state UP group default qlen 1000
    link/ether 96:b6:ca:37:25:15 brd ff:ff:ff:ff:ff:ff link-netnsid 19
    inet6 fe80::94b6:caff:fe37:2515/64 scope link
       valid_lft forever preferred_lft forever
284: ovs-system: <BROADCAST,MULTICAST> mtu 1500 qdisc noop state DOWN group default qlen 1000
    link/ether c6:b3:52:46:c3:16 brd ff:ff:ff:ff:ff:ff
285: s6: <BROADCAST,MULTICAST> mtu 1500 qdisc noop state DOWN group default qlen 1000
    link/ether 4e:34:0f:c3:ef:4c brd ff:ff:ff:ff:ff:ff
286: s1: <BROADCAST,MULTICAST> mtu 1500 qdisc noop state DOWN group default qlen 1000
    link/ether 1e:82:f8:44:ba:4a brd ff:ff:ff:ff:ff:ff
287: s0: <BROADCAST,MULTICAST> mtu 1500 qdisc noop state DOWN group default qlen 1000
    link/ether 46:49:20:31:c2:42 brd ff:ff:ff:ff:ff:ff
288: s3: <BROADCAST,MULTICAST> mtu 1500 qdisc noop state DOWN group default qlen 1000
    link/ether 4a:07:76:fe:a5:4c brd ff:ff:ff:ff:ff:ff
289: s8: <BROADCAST,MULTICAST> mtu 1500 qdisc noop state DOWN group default qlen 1000
    link/ether de:97:eb:f3:23:47 brd ff:ff:ff:ff:ff:ff
290: s2: <BROADCAST,MULTICAST> mtu 1500 qdisc noop state DOWN group default qlen 1000
    link/ether b2:f1:d3:39:d9:4a brd ff:ff:ff:ff:ff:ff
291: s7: <BROADCAST,MULTICAST> mtu 1500 qdisc noop state DOWN group default qlen 1000
    link/ether 86:1b:c3:b6:86:4e brd ff:ff:ff:ff:ff:ff
292: s4: <BROADCAST,MULTICAST> mtu 1500 qdisc noop state DOWN group default qlen 1000
    link/ether 8a:9b:77:66:e8:45 brd ff:ff:ff:ff:ff:ff
293: s5: <BROADCAST,MULTICAST> mtu 1500 qdisc noop state DOWN group default qlen 1000
    link/ether e6:58:11:f1:25:47 brd ff:ff:ff:ff:ff:ff
294: s8-eth4@root-eth0: <BROADCAST,MULTICAST,UP,LOWER_UP> mtu 1500 qdisc noqueue state UP group default qlen 1000
    link/ether 52:f5:f1:69:d6:63 brd ff:ff:ff:ff:ff:ff
    inet6 fe80::50f5:f1ff:fe69:d663/64 scope link
       valid_lft forever preferred_lft forever
295: root-eth0@s8-eth4: <BROADCAST,MULTICAST,UP,LOWER_UP> mtu 1500 qdisc noqueue state UP group default qlen 1000
    link/ether 16:75:38:b9:13:8d brd ff:ff:ff:ff:ff:ff
    inet 192.168.9.254/24 brd 192.168.9.255 scope global root-eth0
       valid_lft forever preferred_lft forever
    inet6 fe80::1475:38ff:feb9:138d/64 scope link
       valid_lft forever preferred_lft forever
mininet> exit
hosts[ 0 ]: cefnetdstop -F -d ./h0
hosts[ 1 ]: cefnetdstop -F -d ./h1
hosts[ 2 ]: cefnetdstop -F -d ./h2
hosts[ 3 ]: cefnetdstop -F -d ./h3
hosts[ 4 ]: cefnetdstop -F -d ./h4
hosts[ 5 ]: cefnetdstop -F -d ./h5
hosts[ 6 ]: cefnetdstop -F -d ./h6
hosts[ 7 ]: cefnetdstop -F -d ./h7
hosts[ 8 ]: cefnetdstop -F -d ./h8
hosts[ 9 ]: cefnetdstop -F -d ./h9
hosts[ 10 ]: cefnetdstop -F -d ./h10
hosts[ 11 ]: cefnetdstop -F -d ./h11
hosts[ 12 ]: cefnetdstop -F -d ./h12
hosts[ 13 ]: cefnetdstop -F -d ./h13
hosts[ 14 ]: cefnetdstop -F -d ./h14
hosts[ 15 ]: cefnetdstop -F -d ./h15
hosts[ 16 ]: cefnetdstop -F -d ./h16
hosts[ 17 ]: cefnetdstop -F -d ./h17
hosts[ 18 ]: cefnetdstop -F -d ./h18
hosts[ 19 ]: cefnetdstop -F -d ./h19
hosts[ 1 ]: csmgrdstop -d ./h1
hosts[ 3 ]: csmgrdstop -d ./h3
hosts[ 5 ]: csmgrdstop -d ./h5
hosts[ 7 ]: csmgrdstop -d ./h7
hosts[ 9 ]: csmgrdstop -d ./h9
hosts[ 11 ]: csmgrdstop -d ./h11
hosts[ 13 ]: csmgrdstop -d ./h13
hosts[ 15 ]: csmgrdstop -d ./h15
hosts[ 17 ]: csmgrdstop -d ./h17
hosts[ 19 ]: csmgrdstop -d ./h19
*** Removing route: sysctl -w net.ipv4.conf.all.proxy_arp=0
*** Removing route: sysctl -w net.ipv4.conf.root-eth0.proxy_arp=0
*** Removing route: iptables -D FORWARD -i eno1 -o root-eth0 -d 192.168.0.0/16 -m state --state RELATED,ESTABLISHED -j ACCEPT
*** Removing route: iptables -D FORWARD -i root-eth0 -o eno1 -s 192.168.0.0/16 -j ACCEPT
*** Removing route: iptables -t nat -D POSTROUTING -s 192.168.0.0/16 -o eno1 -j MASQUERADE
*** Removing route: ip route del default
*** Removing route: ip route del default
*** Removing route: ovs-ofctl del-flows s8 --strict priority=0
*** Removing route: route del -net 192.168.0.0/16
*** Stopping 1 controllers
c0
*** Stopping 36 links
....................................
*** Stopping 9 switches
s0 s1 s2 s3 s4 s5 s6 s7 s8
*** Stopping 20 hosts
h0 h1 h2 h3 h4 h5 h6 h7 h8 h9 h10 h11 h12 h13 h14 h15 h16 h17 h18 h19
*** Done
*** Removing excess controllers/ofprotocols/ofdatapaths/pings/noxes
killall controller ofprotocol ofdatapath ping nox_corelt-nox_core ovs-openflowd ovs-controllerovs-testcontroller udpbwtest mnexec ivs ryu-manager 2> /dev/null
killall -9 controller ofprotocol ofdatapath ping nox_corelt-nox_core ovs-openflowd ovs-controllerovs-testcontroller udpbwtest mnexec ivs ryu-manager 2> /dev/null
pkill -9 -f "sudo mnexec"
*** Removing junk from /tmp
rm -f /tmp/vconn* /tmp/vlogs* /tmp/*.out /tmp/*.log
*** Removing old X11 tunnels
*** Removing excess kernel datapaths
ps ax | egrep -o 'dp[0-9]+' | sed 's/dp/nl:/'
***  Removing OVS datapaths
ovs-vsctl --timeout=1 list-br
ovs-vsctl --timeout=1 list-br
*** Removing all links of the pattern foo-ethX
ip link show | egrep -o '([-_.[:alnum:]]+-eth[[:digit:]]+)'
ip link show
*** Killing stale mininet node processes
pkill -9 -f mininet:
*** Shutting down stale tunnels
pkill -9 -f Tunnel=Ethernet
pkill -9 -f .ssh/mn
rm -f ~/.ssh/mn/*
*** Cleanup complete.
