Mesh topology (per-host tree view):
h0
|-- h4 (via s1)
|   |-- h5 (via s8)
|   `-- h9 (via s8)
|-- h8 (via s0)
|   |-- h1 (via s4)
|   `-- h17 (via s4)
|-- h10 (via s0)
|   |-- h6 (via s3)
|   `-- h19 (via s3)
|-- h12 (via s1)
|-- h14 (via s0)
|   |-- h11 (via s2)
|   `-- h13 (via s2)
|-- h15 (via s0)
|   |-- h2 (via s5)
|   `-- h7 (via s5)
|-- h16 (via s1)
|   `-- h3 (via s6)
`-- h18 (via s1)

h1
|-- h8 (via s4)
|   |-- h0 (via s0)
|   |   |-- h4 (via s1)
|   |   |-- h12 (via s1)
|   |   `-- h16 (via s1)
|   |       `-- h3 (via s6)
|   |-- h10 (via s0)
|   |   |-- h5 (via s3)
|   |   `-- h6 (via s3)
|   |-- h14 (via s0)
|   |   `-- h9 (via s2)
|   `-- h15 (via s0)
|       `-- h2 (via s5)
`-- h17 (via s4)
    |-- h7 (via s7)
    |-- h11 (via s7)
    |-- h13 (via s7)
    |-- h18 (via s7)
    `-- h19 (via s7)

h2
|-- h7 (via s5)
|   |-- h11 (via s7)
|   |   `-- h9 (via s2)
|   |-- h13 (via s7)
|   |-- h17 (via s7)
|   |   `-- h1 (via s4)
|   |-- h18 (via s7)
|   |   |-- h4 (via s1)
|   |   |-- h12 (via s1)
|   |   `-- h16 (via s1)
|   |       `-- h3 (via s6)
|   `-- h19 (via s7)
|       |-- h5 (via s3)
|       `-- h6 (via s3)
`-- h15 (via s5)
    |-- h0 (via s0)
    |-- h8 (via s0)
    |-- h10 (via s0)
    `-- h14 (via s0)

h3
`-- h16 (via s6)
    |-- h0 (via s1)
    |   |-- h8 (via s0)
    |   |   `-- h1 (via s4)
    |   |-- h10 (via s0)
    |   |   `-- h6 (via s3)
    |   |-- h14 (via s0)
    |   `-- h15 (via s0)
    |       `-- h2 (via s5)
    |-- h4 (via s1)
    |   |-- h5 (via s8)
    |   `-- h9 (via s8)
    |-- h12 (via s1)
    `-- h18 (via s1)
        |-- h7 (via s7)
        |-- h11 (via s7)
        |-- h13 (via s7)
        |-- h17 (via s7)
        `-- h19 (via s7)

h4
|-- h0 (via s1)
|   |-- h8 (via s0)
|   |   `-- h1 (via s4)
|   |-- h10 (via s0)
|   |-- h14 (via s0)
|   `-- h15 (via s0)
|       `-- h2 (via s5)
|-- h5 (via s8)
|   |-- h6 (via s3)
|   `-- h19 (via s3)
|-- h9 (via s8)
|   |-- h11 (via s2)
|   `-- h13 (via s2)
|-- h12 (via s1)
|-- h16 (via s1)
|   `-- h3 (via s6)
`-- h18 (via s1)
    |-- h7 (via s7)
    `-- h17 (via s7)

h5
|-- h4 (via s8)
|   |-- h0 (via s1)
|   |-- h12 (via s1)
|   |-- h16 (via s1)
|   |   `-- h3 (via s6)
|   `-- h18 (via s1)
|-- h6 (via s3)
|-- h9 (via s8)
|   |-- h11 (via s2)
|   |-- h13 (via s2)
|   `-- h14 (via s2)
|-- h10 (via s3)
|   |-- h8 (via s0)
|   |   `-- h1 (via s4)
|   `-- h15 (via s0)
|       `-- h2 (via s5)
`-- h19 (via s3)
    |-- h7 (via s7)
    `-- h17 (via s7)

h6
|-- h5 (via s3)
|   |-- h4 (via s8)
|   |   |-- h12 (via s1)
|   |   `-- h16 (via s1)
|   |       `-- h3 (via s6)
|   `-- h9 (via s8)
|-- h10 (via s3)
|   |-- h0 (via s0)
|   |-- h8 (via s0)
|   |   `-- h1 (via s4)
|   |-- h14 (via s0)
|   `-- h15 (via s0)
|       `-- h2 (via s5)
`-- h19 (via s3)
    |-- h7 (via s7)
    |-- h11 (via s7)
    |-- h13 (via s7)
    |-- h17 (via s7)
    `-- h18 (via s7)

h7
|-- h2 (via s5)
|-- h11 (via s7)
|   |-- h9 (via s2)
|   `-- h14 (via s2)
|-- h13 (via s7)
|-- h15 (via s5)
|   |-- h0 (via s0)
|   |-- h8 (via s0)
|   `-- h10 (via s0)
|-- h17 (via s7)
|   `-- h1 (via s4)
|-- h18 (via s7)
|   |-- h4 (via s1)
|   |-- h12 (via s1)
|   `-- h16 (via s1)
|       `-- h3 (via s6)
`-- h19 (via s7)
    |-- h5 (via s3)
    `-- h6 (via s3)

h8
|-- h0 (via s0)
|   |-- h4 (via s1)
|   |-- h12 (via s1)
|   |-- h16 (via s1)
|   |   `-- h3 (via s6)
|   `-- h18 (via s1)
|-- h1 (via s4)
|-- h10 (via s0)
|   |-- h5 (via s3)
|   |-- h6 (via s3)
|   `-- h19 (via s3)
|-- h14 (via s0)
|   |-- h9 (via s2)
|   |-- h11 (via s2)
|   `-- h13 (via s2)
|-- h15 (via s0)
|   |-- h2 (via s5)
|   `-- h7 (via s5)
`-- h17 (via s4)

h9
|-- h4 (via s8)
|   |-- h0 (via s1)
|   |-- h12 (via s1)
|   |-- h16 (via s1)
|   |   `-- h3 (via s6)
|   `-- h18 (via s1)
|-- h5 (via s8)
|   |-- h6 (via s3)
|   |-- h10 (via s3)
|   `-- h19 (via s3)
|-- h11 (via s2)
|   |-- h7 (via s7)
|   |   `-- h2 (via s5)
|   `-- h17 (via s7)
|       `-- h1 (via s4)
|-- h13 (via s2)
`-- h14 (via s2)
    |-- h8 (via s0)
    `-- h15 (via s0)

h10
|-- h0 (via s0)
|   |-- h4 (via s1)
|   |-- h12 (via s1)
|   |-- h16 (via s1)
|   |   `-- h3 (via s6)
|   `-- h18 (via s1)
|-- h5 (via s3)
|   `-- h9 (via s8)
|-- h6 (via s3)
|-- h8 (via s0)
|   |-- h1 (via s4)
|   `-- h17 (via s4)
|-- h14 (via s0)
|   |-- h11 (via s2)
|   `-- h13 (via s2)
|-- h15 (via s0)
|   |-- h2 (via s5)
|   `-- h7 (via s5)
`-- h19 (via s3)

h11
|-- h7 (via s7)
|   |-- h2 (via s5)
|   `-- h15 (via s5)
|-- h9 (via s2)
|   |-- h4 (via s8)
|   `-- h5 (via s8)
|-- h13 (via s7)
|-- h14 (via s2)
|   |-- h0 (via s0)
|   |-- h8 (via s0)
|   `-- h10 (via s0)
|-- h17 (via s7)
|   `-- h1 (via s4)
|-- h18 (via s7)
|   |-- h12 (via s1)
|   `-- h16 (via s1)
|       `-- h3 (via s6)
`-- h19 (via s7)
    `-- h6 (via s3)

h12
|-- h0 (via s1)
|   |-- h8 (via s0)
|   |   `-- h1 (via s4)
|   |-- h10 (via s0)
|   |   `-- h6 (via s3)
|   |-- h14 (via s0)
|   `-- h15 (via s0)
|       `-- h2 (via s5)
|-- h4 (via s1)
|   |-- h5 (via s8)
|   `-- h9 (via s8)
|-- h16 (via s1)
|   `-- h3 (via s6)
`-- h18 (via s1)
    |-- h7 (via s7)
    |-- h11 (via s7)
    |-- h13 (via s7)
    |-- h17 (via s7)
    `-- h19 (via s7)

h13
|-- h7 (via s7)
|   |-- h2 (via s5)
|   `-- h15 (via s5)
|-- h9 (via s2)
|   |-- h4 (via s8)
|   `-- h5 (via s8)
|-- h11 (via s7)
|-- h14 (via s2)
|   |-- h0 (via s0)
|   |-- h8 (via s0)
|   `-- h10 (via s0)
|-- h17 (via s7)
|   `-- h1 (via s4)
|-- h18 (via s7)
|   |-- h12 (via s1)
|   `-- h16 (via s1)
|       `-- h3 (via s6)
`-- h19 (via s7)
    `-- h6 (via s3)

h14
|-- h0 (via s0)
|   |-- h4 (via s1)
|   |-- h12 (via s1)
|   |-- h16 (via s1)
|   |   `-- h3 (via s6)
|   `-- h18 (via s1)
|-- h8 (via s0)
|   |-- h1 (via s4)
|   `-- h17 (via s4)
|-- h9 (via s2)
|   `-- h5 (via s8)
|-- h10 (via s0)
|   |-- h6 (via s3)
|   `-- h19 (via s3)
|-- h11 (via s2)
|   `-- h7 (via s7)
|-- h13 (via s2)
`-- h15 (via s0)
    `-- h2 (via s5)

h15
|-- h0 (via s0)
|   |-- h4 (via s1)
|   |-- h12 (via s1)
|   |-- h16 (via s1)
|   |   `-- h3 (via s6)
|   `-- h18 (via s1)
|-- h2 (via s5)
|-- h7 (via s5)
|   |-- h11 (via s7)
|   |-- h13 (via s7)
|   |-- h17 (via s7)
|   `-- h19 (via s7)
|-- h8 (via s0)
|   `-- h1 (via s4)
|-- h10 (via s0)
|   |-- h5 (via s3)
|   `-- h6 (via s3)
`-- h14 (via s0)
    `-- h9 (via s2)

h16
|-- h0 (via s1)
|   |-- h8 (via s0)
|   |   `-- h1 (via s4)
|   |-- h10 (via s0)
|   |   `-- h6 (via s3)
|   |-- h14 (via s0)
|   `-- h15 (via s0)
|       `-- h2 (via s5)
|-- h3 (via s6)
|-- h4 (via s1)
|   |-- h5 (via s8)
|   `-- h9 (via s8)
|-- h12 (via s1)
`-- h18 (via s1)
    |-- h7 (via s7)
    |-- h11 (via s7)
    |-- h13 (via s7)
    |-- h17 (via s7)
    `-- h19 (via s7)

h17
|-- h1 (via s4)
|-- h7 (via s7)
|   |-- h2 (via s5)
|   `-- h15 (via s5)
|-- h8 (via s4)
|   |-- h0 (via s0)
|   |-- h10 (via s0)
|   `-- h14 (via s0)
|-- h11 (via s7)
|   `-- h9 (via s2)
|-- h13 (via s7)
|-- h18 (via s7)
|   |-- h4 (via s1)
|   |-- h12 (via s1)
|   `-- h16 (via s1)
|       `-- h3 (via s6)
`-- h19 (via s7)
    |-- h5 (via s3)
    `-- h6 (via s3)

h18
|-- h0 (via s1)
|   |-- h8 (via s0)
|   |-- h10 (via s0)
|   |-- h14 (via s0)
|   `-- h15 (via s0)
|-- h4 (via s1)
|   |-- h5 (via s8)
|   `-- h9 (via s8)
|-- h7 (via s7)
|   `-- h2 (via s5)
|-- h11 (via s7)
|-- h12 (via s1)
|-- h13 (via s7)
|-- h16 (via s1)
|   `-- h3 (via s6)
|-- h17 (via s7)
|   `-- h1 (via s4)
`-- h19 (via s7)
    `-- h6 (via s3)

h19
|-- h5 (via s3)
|   |-- h4 (via s8)
|   `-- h9 (via s8)
|-- h6 (via s3)
|-- h7 (via s7)
|   |-- h2 (via s5)
|   `-- h15 (via s5)
|-- h10 (via s3)
|   |-- h0 (via s0)
|   |-- h8 (via s0)
|   `-- h14 (via s0)
|-- h11 (via s7)
|-- h13 (via s7)
|-- h17 (via s7)
|   `-- h1 (via s4)
`-- h18 (via s7)
    |-- h12 (via s1)
    `-- h16 (via s1)
        `-- h3 (via s6)

> - Topology view as a single figure (adjacency matrix)
Mesh topology (adjacency matrix; cell = switch):
    h0  h1  h2  h3  h4  h5  h6  h7  h8  h9  h10 h11 h12 h13 h14 h15 h16 h17 h18 h19
h0  .   .   .   .   s1  .   .   .   s0  .   s0  .   s1  .   s0  s0  s1  .   s1  .
h1  .   .   .   .   .   .   .   .   s4  .   .   .   .   .   .   .   .   s4  .   .
h2  .   .   .   .   .   .   .   s5  .   .   .   .   .   .   .   s5  .   .   .   .
h3  .   .   .   .   .   .   .   .   .   .   .   .   .   .   .   .   s6  .   .   .
h4  s1  .   .   .   .   s8  .   .   .   s8  .   .   s1  .   .   .   s1  .   s1  .
h5  .   .   .   .   s8  .   s3  .   .   s8  s3  .   .   .   .   .   .   .   .   s3
h6  .   .   .   .   .   s3  .   .   .   .   s3  .   .   .   .   .   .   .   .   s3
h7  .   .   s5  .   .   .   .   .   .   .   .   s7  .   s7  .   s5  .   s7  s7  s7
h8  s0  s4  .   .   .   .   .   .   .   .   s0  .   .   .   s0  s0  .   s4  .   .
h9  .   .   .   .   s8  s8  .   .   .   .   .   s2  .   s2  s2  .   .   .   .   .
h10 s0  .   .   .   .   s3  s3  .   s0  .   .   .   .   .   s0  s0  .   .   .   s3
h11 .   .   .   .   .   .   .   s7  .   s2  .   .   .   s7  s2  .   .   s7  s7  s7
h12 s1  .   .   .   s1  .   .   .   .   .   .   .   .   .   .   .   s1  .   s1  .
h13 .   .   .   .   .   .   .   s7  .   s2  .   s7  .   .   s2  .   .   s7  s7  s7
h14 s0  .   .   .   .   .   .   .   s0  s2  s0  s2  .   s2  .   s0  .   .   .   .
h15 s0  .   s5  .   .   .   .   s5  s0  .   s0  .   .   .   s0  .   .   .   .   .
h16 s1  .   .   s6  s1  .   .   .   .   .   .   .   s1  .   .   .   .   .   s1  .
h17 .   s4  .   .   .   .   .   s7  s4  .   .   s7  .   s7  .   .   .   .   s7  s7
h18 s1  .   .   .   s1  .   .   s7  .   .   .   s7  s1  s7  .   .   s1  s7  .   s7
h19 .   .   .   .   .   s3  s3  s7  .   .   s3  s7  .   s7  .   .   .   s7  s7  .

topology PNG saved to logs/ex3_seed42_20260206-1400/ex20_seed42.png
cache nodes: h0, h1, h2
h2 command: cefputfile ccnx:/emergency/test -f ./style.css -r 10 -e 5000 -t 5000 -d ./h2 > logs/ex3_seed42_20260206-1400/cefputfile_h2.log
h9 command: cefputfile ccnx:/test/data1 -f './disk IO.png' -e 3000 -t 3000 -d ./h9 > logs/ex3_seed42_20260206-1400/cefputfile_h9.log
h3 command: cefputfile ccnx:/emergency/test2 -f ./SN7100andSN770.jpg -r 4 -e 5000 -t 3000 -d ./h3 > logs/ex3_seed42_20260206-1400/cefputfile_h3.log
h0 command: cefputfile ccnx:/test/data2 -f ./link-audio.sh -e 3000 -t 3000 -d ./h0 > logs/ex3_seed42_20260206-1400/cefputfile_h0.log
h0 command: cefgetfile ccnx:/emergency/test2 -f logs/ex3_seed42_20260206-1400/recvfile_at_h0 -s 4 -d ./h0 > logs/ex3_seed42_20260206-1400/cefgetfile_seed42_downhosts12_idx0_h0.log
h6 command: cefgetfile ccnx:/test/data1 -f logs/ex3_seed42_20260206-1400/recvfile_at_h6 -o -d ./h6 > logs/ex3_seed42_20260206-1400/cefgetfile_seed42_downhosts11,12_idx1_h6.log
h11 command: cefgetfile ccnx:/emergency/test -f logs/ex3_seed42_20260206-1400/recvfile_at_h11 -d ./h11 > logs/ex3_seed42_20260206-1400/cefgetfile_seed42_downhosts11,12_idx2_h11.log
h16 command: cefgetfile ccnx:/emergency/test -f logs/ex3_seed42_20260206-1400/recvfile_at_h16 -d ./h16 > logs/ex3_seed42_20260206-1400/cefgetfile_seed42_downhosts8,16_idx3_h16.log
*** Starting CLI:
mininet> h4 ping google.com
ping: google.com: Temporary failure in name resolution
mininet> s8 ping google.com
PING google.com (142.250.199.142) 56(84) bytes of data.
64 bytes from lcnrta-bd-in-f14.1e100.net (142.250.199.142): icmp_seq=1 ttl=119 time=1.42 ms
64 bytes from lcnrta-bd-in-f14.1e100.net (142.250.199.142): icmp_seq=2 ttl=119 time=1.41 ms
64 bytes from lcnrta-bd-in-f14.1e100.net (142.250.199.142): icmp_seq=3 ttl=119 time=1.47 ms
^C
--- google.com ping statistics ---
3 packets transmitted, 3 received, 0% packet loss, time 2002ms
rtt min/avg/max/mdev = 1.413/1.432/1.465/0.023 ms
mininet> h5 ping google.com
ping: google.com: Temporary failure in name resolution
mininet> h9 ping google.com
ping: google.com: Temporary failure in name resolution
mininet> s2 ping google.com
PING google.com (142.250.199.142) 56(84) bytes of data.
64 bytes from lcnrta-bd-in-f14.1e100.net (142.250.199.142): icmp_seq=1 ttl=119 time=1.43 ms
64 bytes from lcnrta-bd-in-f14.1e100.net (142.250.199.142): icmp_seq=2 ttl=119 time=1.40 ms
^C
--- google.com ping statistics ---
2 packets transmitted, 2 received, 0% packet loss, time 1001ms
rtt min/avg/max/mdev = 1.396/1.415/1.434/0.019 ms
mininet> s1 ping google.com
PING google.com (142.250.199.142) 56(84) bytes of data.
64 bytes from lcnrta-bd-in-f14.1e100.net (142.250.199.142): icmp_seq=1 ttl=119 time=1.44 ms
64 bytes from lcnrta-bd-in-f14.1e100.net (142.250.199.142): icmp_seq=2 ttl=119 time=1.46 ms
^C
--- google.com ping statistics ---
2 packets transmitted, 2 received, 0% packet loss, time 1001ms
rtt min/avg/max/mdev = 1.444/1.450/1.456/0.006 ms
mininet> s5 ping google.com
PING google.com (142.250.194.78) 56(84) bytes of data.
64 bytes from del12s03-in-f14.1e100.net (142.250.194.78): icmp_seq=1 ttl=119 time=1.61 ms
64 bytes from del12s03-in-f14.1e100.net (142.250.194.78): icmp_seq=2 ttl=119 time=1.60 ms
64 bytes from del12s03-in-f14.1e100.net (142.250.194.78): icmp_seq=3 ttl=119 time=1.58 ms
^C
--- google.com ping statistics ---
3 packets transmitted, 3 received, 0% packet loss, time 2002ms
rtt min/avg/max/mdev = 1.576/1.596/1.614/0.015 ms
mininet> exit
hosts[ 0 ]: cefnetdstop -F -d ./h0
hosts[ 1 ]: cefnetdstop -F -d ./h1
hosts[ 2 ]: cefnetdstop -F -d ./h2
hosts[ 3 ]: cefnetdstop -F -d ./h3
hosts[ 4 ]: cefnetdstop -F -d ./h4
hosts[ 5 ]: cefnetdstop -F -d ./h5
hosts[ 6 ]: cefnetdstop -F -d ./h6
hosts[ 7 ]: cefnetdstop -F -d ./h7
hosts[ 8 ]: cefnetdstop -F -d ./h8
hosts[ 9 ]: cefnetdstop -F -d ./h9
hosts[ 10 ]: cefnetdstop -F -d ./h10
hosts[ 11 ]: cefnetdstop -F -d ./h11
hosts[ 12 ]: cefnetdstop -F -d ./h12
hosts[ 13 ]: cefnetdstop -F -d ./h13
hosts[ 14 ]: cefnetdstop -F -d ./h14
hosts[ 15 ]: cefnetdstop -F -d ./h15
hosts[ 16 ]: cefnetdstop -F -d ./h16
hosts[ 17 ]: cefnetdstop -F -d ./h17
hosts[ 18 ]: cefnetdstop -F -d ./h18
hosts[ 19 ]: cefnetdstop -F -d ./h19
hosts[ 1 ]: csmgrdstop -d ./h1
hosts[ 3 ]: csmgrdstop -d ./h3
hosts[ 5 ]: csmgrdstop -d ./h5
hosts[ 7 ]: csmgrdstop -d ./h7
hosts[ 9 ]: csmgrdstop -d ./h9
hosts[ 11 ]: csmgrdstop -d ./h11
hosts[ 13 ]: csmgrdstop -d ./h13
hosts[ 15 ]: csmgrdstop -d ./h15
hosts[ 17 ]: csmgrdstop -d ./h17
hosts[ 19 ]: csmgrdstop -d ./h19
*** Removing route: sysctl -w net.ipv4.conf.all.proxy_arp=0
*** Removing route: sysctl -w net.ipv4.conf.root-eth0.proxy_arp=0
*** Removing route: iptables -D FORWARD -i eno1 -o root-eth0 -d 192.168.0.0/16 -m state --state RELATED,ESTABLISHED -j ACCEPT
*** Removing route: iptables -D FORWARD -i root-eth0 -o eno1 -s 192.168.0.0/16 -j ACCEPT
*** Removing route: iptables -t nat -D POSTROUTING -s 192.168.0.0/16 -o eno1 -j MASQUERADE
*** Removing route: ip route del default
*** Removing route: route del -net 192.168.0.0/16
*** Stopping 1 controllers
c0
*** Stopping 36 links
....................................
*** Stopping 9 switches
s0 s1 s2 s3 s4 s5 s6 s7 s8
*** Stopping 20 hosts
h0 h1 h2 h3 h4 h5 h6 h7 h8 h9 h10 h11 h12 h13 h14 h15 h16 h17 h18 h19
*** Done
*** Removing excess controllers/ofprotocols/ofdatapaths/pings/noxes
killall controller ofprotocol ofdatapath ping nox_corelt-nox_core ovs-openflowd ovs-controllerovs-testcontroller udpbwtest mnexec ivs ryu-manager 2> /dev/null
killall -9 controller ofprotocol ofdatapath ping nox_corelt-nox_core ovs-openflowd ovs-controllerovs-testcontroller udpbwtest mnexec ivs ryu-manager 2> /dev/null
pkill -9 -f "sudo mnexec"
*** Removing junk from /tmp
rm -f /tmp/vconn* /tmp/vlogs* /tmp/*.out /tmp/*.log
*** Removing old X11 tunnels
*** Removing excess kernel datapaths
ps ax | egrep -o 'dp[0-9]+' | sed 's/dp/nl:/'
***  Removing OVS datapaths
ovs-vsctl --timeout=1 list-br
ovs-vsctl --timeout=1 list-br
*** Removing all links of the pattern foo-ethX
ip link show | egrep -o '([-_.[:alnum:]]+-eth[[:digit:]]+)'
ip link show
*** Killing stale mininet node processes
pkill -9 -f mininet:
*** Shutting down stale tunnels
pkill -9 -f Tunnel=Ethernet
pkill -9 -f .ssh/mn
rm -f ~/.ssh/mn/*
*** Cleanup complete.
