[cefgetfile] Start
[cefgetfile] Parsing parameters ...OK
2026-01-29 17:22:26.364 [cefgetfile] INFO: [client] Config directory is ./h4
2026-01-29 17:22:26.364 [cefgetfile] INFO: [client] Local Socket Name is /tmp/cef_9695.4
2026-01-29 17:22:26.364 [cefgetfile] INFO: [client] Listen Port is 9695
[cefgetfile] Init Cefore Client package ... OK
[cefgetfile] Conversion from URI into Name ... OK
[cefgetfile] Checking the output file ... OK
[cefgetfile] Connect to cefnetd ... OK
[cefgetfile] URI=ccnx:/test/experiment/content9
[cefgetfile] Start sending Interests
[cefgetfile] Completed to get all the chunks.
[cefgetfile] Unconnect to cefnetd ... OK
[cefgetfile] Terminate
[cefgetfile] Rx Frames (All)           = 424
[cefgetfile] Rx Frames (ContentObject) = 424
[cefgetfile] Rx Bytes (All)            = 451198
[cefgetfile] Rx Bytes (ContentObject)  = 433390
[cefgetfile] Duration                  = 0.116 sec
[cefgetfile] Throughput                = 31316611 bps
[cefgetfile] Goodput                   = 30080599 bps
[cefgetfile] Jitter (Ave)              = 271 us
[cefgetfile] Jitter (Max)              = 4900 us
[cefgetfile] Jitter (Var)              = 256431 us
