[cefgetfile] Start
[cefgetfile] Parsing parameters ...OK
2026-02-18 17:19:07.366 [cefgetfile] INFO: [client] Config directory is ./h6
2026-02-18 17:19:07.366 [cefgetfile] INFO: [client] Local Socket Name is /tmp/cef_9695.6
2026-02-18 17:19:07.366 [cefgetfile] INFO: [client] Listen Port is 9695
[cefgetfile] Init Cefore Client package ... OK
[cefgetfile] Conversion from URI into Name ... OK
[cefgetfile] Checking the output file ... OK
[cefgetfile] Connect to cefnetd ... OK
[cefgetfile] URI=ccnx:/video/stream/content1
[cefgetfile] Start sending Interests
[cefgetfile] Completed to get all the chunks.
[cefgetfile] Unconnect to cefnetd ... OK
[cefgetfile] Terminate
[cefgetfile] Rx Frames (All)           = 581
[cefgetfile] Rx Frames (ContentObject) = 581
[cefgetfile] Rx Bytes (All)            = 617433
[cefgetfile] Rx Bytes (ContentObject)  = 594774
[cefgetfile] Duration                  = 0.294 sec
[cefgetfile] Throughput                = 16870906 bps
[cefgetfile] Goodput                   = 16251765 bps
[cefgetfile] Jitter (Ave)              = 503 us
[cefgetfile] Jitter (Max)              = 87159 us
[cefgetfile] Jitter (Var)              = 13163486 us
