[cefgetfile] Start
[cefgetfile] Parsing parameters ...OK
2026-02-06 14:01:10.765 [cefgetfile] INFO: [client] Config directory is ./h0
2026-02-06 14:01:10.766 [cefgetfile] INFO: [client] Local Socket Name is /tmp/cef_9695.0
2026-02-06 14:01:10.766 [cefgetfile] INFO: [client] Listen Port is 9695
[cefgetfile] Init Cefore Client package ... OK
[cefgetfile] Conversion from URI into Name ... OK
[cefgetfile] Checking the output file ... OK
[cefgetfile] Connect to cefnetd ... OK
[cefgetfile] URI=ccnx:/emergency/test2
[cefgetfile] Start sending Interests
[cefgetfile] Completed to get all the chunks.
[cefgetfile] Unconnect to cefnetd ... OK
[cefgetfile] Terminate
[cefgetfile] Rx Frames (All)           = 581
[cefgetfile] Rx Frames (ContentObject) = 581
[cefgetfile] Rx Bytes (All)            = 612204
[cefgetfile] Rx Bytes (ContentObject)  = 594774
[cefgetfile] Duration                  = 1.234 sec
[cefgetfile] Throughput                = 3971330 bps
[cefgetfile] Goodput                   = 3858263 bps
[cefgetfile] Jitter (Ave)              = 2122 us
[cefgetfile] Jitter (Max)              = 98527 us
[cefgetfile] Jitter (Var)              = 28485587 us
