[cefgetfile] Start
[cefgetfile] Parsing parameters ...OK
2026-03-17 16:17:49.606 [cefgetfile] INFO: [client] Config directory is ./h0
2026-03-17 16:17:49.606 [cefgetfile] INFO: [client] Local Socket Name is /tmp/cef_9695.0
2026-03-17 16:17:49.606 [cefgetfile] INFO: [client] Listen Port is 9695
[cefgetfile] Init Cefore Client package ... OK
[cefgetfile] Conversion from URI into Name ... OK
[cefgetfile] Checking the output file ... OK
[cefgetfile] Connect to cefnetd ... OK
[cefgetfile] URI=ccnx:/test/sample
[cefgetfile] Start sending Interests
2026-03-17 16:17:49.616 [cefgetfile] WARNING: Unknown VALIDATION_ALG:type=2, length=0
2026-03-17 16:17:49.616 [cefgetfile] WARNING: Unknown VALIDATION_ALG:type=2, length=0
2026-03-17 16:17:49.616 [cefgetfile] WARNING: Unknown VALIDATION_ALG:type=2, length=0
2026-03-17 16:17:49.616 [cefgetfile] WARNING: Unknown VALIDATION_ALG:type=2, length=0
2026-03-17 16:17:49.616 [cefgetfile] WARNING: Unknown VALIDATION_ALG:type=2, length=0
2026-03-17 16:17:49.616 [cefgetfile] WARNING: Unknown VALIDATION_ALG:type=2, length=0
2026-03-17 16:17:49.616 [cefgetfile] WARNING: Unknown VALIDATION_ALG:type=2, length=0
2026-03-17 16:17:49.616 [cefgetfile] WARNING: Unknown VALIDATION_ALG:type=2, length=0
2026-03-17 16:17:49.616 [cefgetfile] WARNING: Unknown VALIDATION_ALG:type=2, length=0
2026-03-17 16:17:49.617 [cefgetfile] WARNING: Unknown VALIDATION_ALG:type=2, length=0
2026-03-17 16:17:49.617 [cefgetfile] WARNING: Unknown VALIDATION_ALG:type=2, length=0
2026-03-17 16:17:49.617 [cefgetfile] WARNING: Unknown VALIDATION_ALG:type=2, length=0
2026-03-17 16:17:49.617 [cefgetfile] WARNING: Unknown VALIDATION_ALG:type=2, length=0
2026-03-17 16:17:49.617 [cefgetfile] WARNING: Unknown VALIDATION_ALG:type=2, length=0
2026-03-17 16:17:49.617 [cefgetfile] WARNING: Unknown VALIDATION_ALG:type=2, length=0
2026-03-17 16:17:49.617 [cefgetfile] WARNING: Unknown VALIDATION_ALG:type=2, length=0
2026-03-17 16:17:49.617 [cefgetfile] WARNING: Unknown VALIDATION_ALG:type=2, length=0
2026-03-17 16:17:49.617 [cefgetfile] WARNING: Unknown VALIDATION_ALG:type=2, length=0
2026-03-17 16:17:49.617 [cefgetfile] WARNING: Unknown VALIDATION_ALG:type=2, length=0
2026-03-17 16:17:49.617 [cefgetfile] WARNING: Unknown VALIDATION_ALG:type=2, length=0
2026-03-17 16:17:49.618 [cefgetfile] WARNING: Unknown VALIDATION_ALG:type=2, length=0
2026-03-17 16:17:49.618 [cefgetfile] WARNING: Unknown VALIDATION_ALG:type=2, length=0
2026-03-17 16:17:49.618 [cefgetfile] WARNING: Unknown VALIDATION_ALG:type=2, length=0
2026-03-17 16:17:49.618 [cefgetfile] WARNING: Unknown VALIDATION_ALG:type=2, length=0
2026-03-17 16:17:49.618 [cefgetfile] WARNING: Unknown VALIDATION_ALG:type=2, length=0
2026-03-17 16:17:49.618 [cefgetfile] WARNING: Unknown VALIDATION_ALG:type=2, length=0
2026-03-17 16:17:49.618 [cefgetfile] WARNING: Unknown VALIDATION_ALG:type=2, length=0
2026-03-17 16:17:49.618 [cefgetfile] WARNING: Unknown VALIDATION_ALG:type=2, length=0
2026-03-17 16:17:49.618 [cefgetfile] WARNING: Unknown VALIDATION_ALG:type=2, length=0
2026-03-17 16:17:49.618 [cefgetfile] WARNING: Unknown VALIDATION_ALG:type=2, length=0
2026-03-17 16:17:49.618 [cefgetfile] WARNING: Unknown VALIDATION_ALG:type=2, length=0
2026-03-17 16:17:49.618 [cefgetfile] WARNING: Unknown VALIDATION_ALG:type=2, length=0
2026-03-17 16:17:49.618 [cefgetfile] WARNING: Unknown VALIDATION_ALG:type=2, length=0
2026-03-17 16:17:49.619 [cefgetfile] WARNING: Unknown VALIDATION_ALG:type=2, length=0
2026-03-17 16:17:49.619 [cefgetfile] WARNING: Unknown VALIDATION_ALG:type=2, length=0
2026-03-17 16:17:49.619 [cefgetfile] WARNING: Unknown VALIDATION_ALG:type=2, length=0
2026-03-17 16:17:49.619 [cefgetfile] WARNING: Unknown VALIDATION_ALG:type=2, length=0
2026-03-17 16:17:49.619 [cefgetfile] WARNING: Unknown VALIDATION_ALG:type=2, length=0
2026-03-17 16:17:49.619 [cefgetfile] WARNING: Unknown VALIDATION_ALG:type=2, length=0
2026-03-17 16:17:49.619 [cefgetfile] WARNING: Unknown VALIDATION_ALG:type=2, length=0
2026-03-17 16:17:49.619 [cefgetfile] WARNING: Unknown VALIDATION_ALG:type=2, length=0
2026-03-17 16:17:49.619 [cefgetfile] WARNING: Unknown VALIDATION_ALG:type=2, length=0
2026-03-17 16:17:49.620 [cefgetfile] WARNING: Unknown VALIDATION_ALG:type=2, length=0
2026-03-17 16:17:49.620 [cefgetfile] WARNING: Unknown VALIDATION_ALG:type=2, length=0
2026-03-17 16:17:49.620 [cefgetfile] WARNING: Unknown VALIDATION_ALG:type=2, length=0
2026-03-17 16:17:49.620 [cefgetfile] WARNING: Unknown VALIDATION_ALG:type=2, length=0
2026-03-17 16:17:49.620 [cefgetfile] WARNING: Unknown VALIDATION_ALG:type=2, length=0
2026-03-17 16:17:49.620 [cefgetfile] WARNING: Unknown VALIDATION_ALG:type=2, length=0
2026-03-17 16:17:49.620 [cefgetfile] WARNING: Unknown VALIDATION_ALG:type=2, length=0
2026-03-17 16:17:49.620 [cefgetfile] WARNING: Unknown VALIDATION_ALG:type=2, length=0
2026-03-17 16:17:49.620 [cefgetfile] WARNING: Unknown VALIDATION_ALG:type=2, length=0
2026-03-17 16:17:49.620 [cefgetfile] WARNING: Unknown VALIDATION_ALG:type=2, length=0
2026-03-17 16:17:49.620 [cefgetfile] WARNING: Unknown VALIDATION_ALG:type=2, length=0
2026-03-17 16:17:49.620 [cefgetfile] WARNING: Unknown VALIDATION_ALG:type=2, length=0
2026-03-17 16:17:49.621 [cefgetfile] WARNING: Unknown VALIDATION_ALG:type=2, length=0
2026-03-17 16:17:49.621 [cefgetfile] WARNING: Unknown VALIDATION_ALG:type=2, length=0
2026-03-17 16:17:49.621 [cefgetfile] WARNING: Unknown VALIDATION_ALG:type=2, length=0
2026-03-17 16:17:49.621 [cefgetfile] WARNING: Unknown VALIDATION_ALG:type=2, length=0
2026-03-17 16:17:49.621 [cefgetfile] WARNING: Unknown VALIDATION_ALG:type=2, length=0
2026-03-17 16:17:49.621 [cefgetfile] WARNING: Unknown VALIDATION_ALG:type=2, length=0
2026-03-17 16:17:49.621 [cefgetfile] WARNING: Unknown VALIDATION_ALG:type=2, length=0
2026-03-17 16:17:49.621 [cefgetfile] WARNING: Unknown VALIDATION_ALG:type=2, length=0
2026-03-17 16:17:49.621 [cefgetfile] WARNING: Unknown VALIDATION_ALG:type=2, length=0
2026-03-17 16:17:49.621 [cefgetfile] WARNING: Unknown VALIDATION_ALG:type=2, length=0
2026-03-17 16:17:49.621 [cefgetfile] WARNING: Unknown VALIDATION_ALG:type=2, length=0
2026-03-17 16:17:49.621 [cefgetfile] WARNING: Unknown VALIDATION_ALG:type=2, length=0
2026-03-17 16:17:49.621 [cefgetfile] WARNING: Unknown VALIDATION_ALG:type=2, length=0
2026-03-17 16:17:49.622 [cefgetfile] WARNING: Unknown VALIDATION_ALG:type=2, length=0
2026-03-17 16:17:49.622 [cefgetfile] WARNING: Unknown VALIDATION_ALG:type=2, length=0
2026-03-17 16:17:49.622 [cefgetfile] WARNING: Unknown VALIDATION_ALG:type=2, length=0
2026-03-17 16:17:49.622 [cefgetfile] WARNING: Unknown VALIDATION_ALG:type=2, length=0
2026-03-17 16:17:49.622 [cefgetfile] WARNING: Unknown VALIDATION_ALG:type=2, length=0
2026-03-17 16:17:49.622 [cefgetfile] WARNING: Unknown VALIDATION_ALG:type=2, length=0
2026-03-17 16:17:49.622 [cefgetfile] WARNING: Unknown VALIDATION_ALG:type=2, length=0
2026-03-17 16:17:49.622 [cefgetfile] WARNING: Unknown VALIDATION_ALG:type=2, length=0
2026-03-17 16:17:49.623 [cefgetfile] WARNING: Unknown VALIDATION_ALG:type=2, length=0
2026-03-17 16:17:49.623 [cefgetfile] WARNING: Unknown VALIDATION_ALG:type=2, length=0
2026-03-17 16:17:49.623 [cefgetfile] WARNING: Unknown VALIDATION_ALG:type=2, length=0
2026-03-17 16:17:49.623 [cefgetfile] WARNING: Unknown VALIDATION_ALG:type=2, length=0
2026-03-17 16:17:49.623 [cefgetfile] WARNING: Unknown VALIDATION_ALG:type=2, length=0
2026-03-17 16:17:49.623 [cefgetfile] WARNING: Unknown VALIDATION_ALG:type=2, length=0
2026-03-17 16:17:49.623 [cefgetfile] WARNING: Unknown VALIDATION_ALG:type=2, length=0
2026-03-17 16:17:49.623 [cefgetfile] WARNING: Unknown VALIDATION_ALG:type=2, length=0
2026-03-17 16:17:49.623 [cefgetfile] WARNING: Unknown VALIDATION_ALG:type=2, length=0
2026-03-17 16:17:49.623 [cefgetfile] WARNING: Unknown VALIDATION_ALG:type=2, length=0
2026-03-17 16:17:49.623 [cefgetfile] WARNING: Unknown VALIDATION_ALG:type=2, length=0
2026-03-17 16:17:49.623 [cefgetfile] WARNING: Unknown VALIDATION_ALG:type=2, length=0
2026-03-17 16:17:49.623 [cefgetfile] WARNING: Unknown VALIDATION_ALG:type=2, length=0
2026-03-17 16:17:49.624 [cefgetfile] WARNING: Unknown VALIDATION_ALG:type=2, length=0
2026-03-17 16:17:49.624 [cefgetfile] WARNING: Unknown VALIDATION_ALG:type=2, length=0
2026-03-17 16:17:49.624 [cefgetfile] WARNING: Unknown VALIDATION_ALG:type=2, length=0
2026-03-17 16:17:49.624 [cefgetfile] WARNING: Unknown VALIDATION_ALG:type=2, length=0
2026-03-17 16:17:49.624 [cefgetfile] WARNING: Unknown VALIDATION_ALG:type=2, length=0
2026-03-17 16:17:49.624 [cefgetfile] WARNING: Unknown VALIDATION_ALG:type=2, length=0
2026-03-17 16:17:49.624 [cefgetfile] WARNING: Unknown VALIDATION_ALG:type=2, length=0
2026-03-17 16:17:49.624 [cefgetfile] WARNING: Unknown VALIDATION_ALG:type=2, length=0
2026-03-17 16:17:49.624 [cefgetfile] WARNING: Unknown VALIDATION_ALG:type=2, length=0
2026-03-17 16:17:49.624 [cefgetfile] WARNING: Unknown VALIDATION_ALG:type=2, length=0
2026-03-17 16:17:49.624 [cefgetfile] WARNING: Unknown VALIDATION_ALG:type=2, length=0
2026-03-17 16:17:49.624 [cefgetfile] WARNING: Unknown VALIDATION_ALG:type=2, length=0
2026-03-17 16:17:49.625 [cefgetfile] WARNING: Unknown VALIDATION_ALG:type=2, length=0
2026-03-17 16:17:49.625 [cefgetfile] WARNING: Unknown VALIDATION_ALG:type=2, length=0
2026-03-17 16:17:49.625 [cefgetfile] WARNING: Unknown VALIDATION_ALG:type=2, length=0
2026-03-17 16:17:49.625 [cefgetfile] WARNING: Unknown VALIDATION_ALG:type=2, length=0
2026-03-17 16:17:49.625 [cefgetfile] WARNING: Unknown VALIDATION_ALG:type=2, length=0
2026-03-17 16:17:49.625 [cefgetfile] WARNING: Unknown VALIDATION_ALG:type=2, length=0
2026-03-17 16:17:49.625 [cefgetfile] WARNING: Unknown VALIDATION_ALG:type=2, length=0
2026-03-17 16:17:49.625 [cefgetfile] WARNING: Unknown VALIDATION_ALG:type=2, length=0
2026-03-17 16:17:49.626 [cefgetfile] WARNING: Unknown VALIDATION_ALG:type=2, length=0
2026-03-17 16:17:49.626 [cefgetfile] WARNING: Unknown VALIDATION_ALG:type=2, length=0
2026-03-17 16:17:49.626 [cefgetfile] WARNING: Unknown VALIDATION_ALG:type=2, length=0
2026-03-17 16:17:49.626 [cefgetfile] WARNING: Unknown VALIDATION_ALG:type=2, length=0
2026-03-17 16:17:49.626 [cefgetfile] WARNING: Unknown VALIDATION_ALG:type=2, length=0
2026-03-17 16:17:49.626 [cefgetfile] WARNING: Unknown VALIDATION_ALG:type=2, length=0
2026-03-17 16:17:49.626 [cefgetfile] WARNING: Unknown VALIDATION_ALG:type=2, length=0
2026-03-17 16:17:49.626 [cefgetfile] WARNING: Unknown VALIDATION_ALG:type=2, length=0
2026-03-17 16:17:49.626 [cefgetfile] WARNING: Unknown VALIDATION_ALG:type=2, length=0
2026-03-17 16:17:49.626 [cefgetfile] WARNING: Unknown VALIDATION_ALG:type=2, length=0
2026-03-17 16:17:49.626 [cefgetfile] WARNING: Unknown VALIDATION_ALG:type=2, length=0
2026-03-17 16:17:49.626 [cefgetfile] WARNING: Unknown VALIDATION_ALG:type=2, length=0
2026-03-17 16:17:49.627 [cefgetfile] WARNING: Unknown VALIDATION_ALG:type=2, length=0
2026-03-17 16:17:49.627 [cefgetfile] WARNING: Unknown VALIDATION_ALG:type=2, length=0
2026-03-17 16:17:49.627 [cefgetfile] WARNING: Unknown VALIDATION_ALG:type=2, length=0
2026-03-17 16:17:49.627 [cefgetfile] WARNING: Unknown VALIDATION_ALG:type=2, length=0
2026-03-17 16:17:49.627 [cefgetfile] WARNING: Unknown VALIDATION_ALG:type=2, length=0
2026-03-17 16:17:49.627 [cefgetfile] WARNING: Unknown VALIDATION_ALG:type=2, length=0
2026-03-17 16:17:49.627 [cefgetfile] WARNING: Unknown VALIDATION_ALG:type=2, length=0
2026-03-17 16:17:49.627 [cefgetfile] WARNING: Unknown VALIDATION_ALG:type=2, length=0
2026-03-17 16:17:49.627 [cefgetfile] WARNING: Unknown VALIDATION_ALG:type=2, length=0
2026-03-17 16:17:49.627 [cefgetfile] WARNING: Unknown VALIDATION_ALG:type=2, length=0
2026-03-17 16:17:49.627 [cefgetfile] WARNING: Unknown VALIDATION_ALG:type=2, length=0
2026-03-17 16:17:49.628 [cefgetfile] WARNING: Unknown VALIDATION_ALG:type=2, length=0
2026-03-17 16:17:49.628 [cefgetfile] WARNING: Unknown VALIDATION_ALG:type=2, length=0
2026-03-17 16:17:49.628 [cefgetfile] WARNING: Unknown VALIDATION_ALG:type=2, length=0
2026-03-17 16:17:49.628 [cefgetfile] WARNING: Unknown VALIDATION_ALG:type=2, length=0
2026-03-17 16:17:49.628 [cefgetfile] WARNING: Unknown VALIDATION_ALG:type=2, length=0
2026-03-17 16:17:49.628 [cefgetfile] WARNING: Unknown VALIDATION_ALG:type=2, length=0
2026-03-17 16:17:49.628 [cefgetfile] WARNING: Unknown VALIDATION_ALG:type=2, length=0
2026-03-17 16:17:49.628 [cefgetfile] WARNING: Unknown VALIDATION_ALG:type=2, length=0
2026-03-17 16:17:49.628 [cefgetfile] WARNING: Unknown VALIDATION_ALG:type=2, length=0
2026-03-17 16:17:49.629 [cefgetfile] WARNING: Unknown VALIDATION_ALG:type=2, length=0
2026-03-17 16:17:49.629 [cefgetfile] WARNING: Unknown VALIDATION_ALG:type=2, length=0
2026-03-17 16:17:49.629 [cefgetfile] WARNING: Unknown VALIDATION_ALG:type=2, length=0
2026-03-17 16:17:49.629 [cefgetfile] WARNING: Unknown VALIDATION_ALG:type=2, length=0
2026-03-17 16:17:49.629 [cefgetfile] WARNING: Unknown VALIDATION_ALG:type=2, length=0
2026-03-17 16:17:49.629 [cefgetfile] WARNING: Unknown VALIDATION_ALG:type=2, length=0
2026-03-17 16:17:49.629 [cefgetfile] WARNING: Unknown VALIDATION_ALG:type=2, length=0
2026-03-17 16:17:49.629 [cefgetfile] WARNING: Unknown VALIDATION_ALG:type=2, length=0
2026-03-17 16:17:49.629 [cefgetfile] WARNING: Unknown VALIDATION_ALG:type=2, length=0
2026-03-17 16:17:49.629 [cefgetfile] WARNING: Unknown VALIDATION_ALG:type=2, length=0
2026-03-17 16:17:49.629 [cefgetfile] WARNING: Unknown VALIDATION_ALG:type=2, length=0
2026-03-17 16:17:49.629 [cefgetfile] WARNING: Unknown VALIDATION_ALG:type=2, length=0
2026-03-17 16:17:49.629 [cefgetfile] WARNING: Unknown VALIDATION_ALG:type=2, length=0
2026-03-17 16:17:49.630 [cefgetfile] WARNING: Unknown VALIDATION_ALG:type=2, length=0
2026-03-17 16:17:49.630 [cefgetfile] WARNING: Unknown VALIDATION_ALG:type=2, length=0
2026-03-17 16:17:49.630 [cefgetfile] WARNING: Unknown VALIDATION_ALG:type=2, length=0
2026-03-17 16:17:49.630 [cefgetfile] WARNING: Unknown VALIDATION_ALG:type=2, length=0
2026-03-17 16:17:49.630 [cefgetfile] WARNING: Unknown VALIDATION_ALG:type=2, length=0
2026-03-17 16:17:49.630 [cefgetfile] WARNING: Unknown VALIDATION_ALG:type=2, length=0
2026-03-17 16:17:49.630 [cefgetfile] WARNING: Unknown VALIDATION_ALG:type=2, length=0
2026-03-17 16:17:49.630 [cefgetfile] WARNING: Unknown VALIDATION_ALG:type=2, length=0
2026-03-17 16:17:49.630 [cefgetfile] WARNING: Unknown VALIDATION_ALG:type=2, length=0
2026-03-17 16:17:49.630 [cefgetfile] WARNING: Unknown VALIDATION_ALG:type=2, length=0
2026-03-17 16:17:49.631 [cefgetfile] WARNING: Unknown VALIDATION_ALG:type=2, length=0
2026-03-17 16:17:49.631 [cefgetfile] WARNING: Unknown VALIDATION_ALG:type=2, length=0
2026-03-17 16:17:49.631 [cefgetfile] WARNING: Unknown VALIDATION_ALG:type=2, length=0
2026-03-17 16:17:49.631 [cefgetfile] WARNING: Unknown VALIDATION_ALG:type=2, length=0
2026-03-17 16:17:49.631 [cefgetfile] WARNING: Unknown VALIDATION_ALG:type=2, length=0
2026-03-17 16:17:49.631 [cefgetfile] WARNING: Unknown VALIDATION_ALG:type=2, length=0
2026-03-17 16:17:49.631 [cefgetfile] WARNING: Unknown VALIDATION_ALG:type=2, length=0
2026-03-17 16:17:49.631 [cefgetfile] WARNING: Unknown VALIDATION_ALG:type=2, length=0
2026-03-17 16:17:49.631 [cefgetfile] WARNING: Unknown VALIDATION_ALG:type=2, length=0
2026-03-17 16:17:49.631 [cefgetfile] WARNING: Unknown VALIDATION_ALG:type=2, length=0
2026-03-17 16:17:49.631 [cefgetfile] WARNING: Unknown VALIDATION_ALG:type=2, length=0
2026-03-17 16:17:49.632 [cefgetfile] WARNING: Unknown VALIDATION_ALG:type=2, length=0
2026-03-17 16:17:49.632 [cefgetfile] WARNING: Unknown VALIDATION_ALG:type=2, length=0
2026-03-17 16:17:49.632 [cefgetfile] WARNING: Unknown VALIDATION_ALG:type=2, length=0
2026-03-17 16:17:49.632 [cefgetfile] WARNING: Unknown VALIDATION_ALG:type=2, length=0
2026-03-17 16:17:49.632 [cefgetfile] WARNING: Unknown VALIDATION_ALG:type=2, length=0
2026-03-17 16:17:49.632 [cefgetfile] WARNING: Unknown VALIDATION_ALG:type=2, length=0
2026-03-17 16:17:49.632 [cefgetfile] WARNING: Unknown VALIDATION_ALG:type=2, length=0
2026-03-17 16:17:49.632 [cefgetfile] WARNING: Unknown VALIDATION_ALG:type=2, length=0
2026-03-17 16:17:49.632 [cefgetfile] WARNING: Unknown VALIDATION_ALG:type=2, length=0
2026-03-17 16:17:49.632 [cefgetfile] WARNING: Unknown VALIDATION_ALG:type=2, length=0
2026-03-17 16:17:49.632 [cefgetfile] WARNING: Unknown VALIDATION_ALG:type=2, length=0
2026-03-17 16:17:49.632 [cefgetfile] WARNING: Unknown VALIDATION_ALG:type=2, length=0
2026-03-17 16:17:49.632 [cefgetfile] WARNING: Unknown VALIDATION_ALG:type=2, length=0
2026-03-17 16:17:49.633 [cefgetfile] WARNING: Unknown VALIDATION_ALG:type=2, length=0
2026-03-17 16:17:49.633 [cefgetfile] WARNING: Unknown VALIDATION_ALG:type=2, length=0
2026-03-17 16:17:49.633 [cefgetfile] WARNING: Unknown VALIDATION_ALG:type=2, length=0
2026-03-17 16:17:49.633 [cefgetfile] WARNING: Unknown VALIDATION_ALG:type=2, length=0
2026-03-17 16:17:49.633 [cefgetfile] WARNING: Unknown VALIDATION_ALG:type=2, length=0
2026-03-17 16:17:49.633 [cefgetfile] WARNING: Unknown VALIDATION_ALG:type=2, length=0
2026-03-17 16:17:49.633 [cefgetfile] WARNING: Unknown VALIDATION_ALG:type=2, length=0
2026-03-17 16:17:49.633 [cefgetfile] WARNING: Unknown VALIDATION_ALG:type=2, length=0
2026-03-17 16:17:49.634 [cefgetfile] WARNING: Unknown VALIDATION_ALG:type=2, length=0
2026-03-17 16:17:49.634 [cefgetfile] WARNING: Unknown VALIDATION_ALG:type=2, length=0
2026-03-17 16:17:49.634 [cefgetfile] WARNING: Unknown VALIDATION_ALG:type=2, length=0
2026-03-17 16:17:49.634 [cefgetfile] WARNING: Unknown VALIDATION_ALG:type=2, length=0
2026-03-17 16:17:49.634 [cefgetfile] WARNING: Unknown VALIDATION_ALG:type=2, length=0
2026-03-17 16:17:49.634 [cefgetfile] WARNING: Unknown VALIDATION_ALG:type=2, length=0
2026-03-17 16:17:49.634 [cefgetfile] WARNING: Unknown VALIDATION_ALG:type=2, length=0
2026-03-17 16:17:49.634 [cefgetfile] WARNING: Unknown VALIDATION_ALG:type=2, length=0
2026-03-17 16:17:49.634 [cefgetfile] WARNING: Unknown VALIDATION_ALG:type=2, length=0
2026-03-17 16:17:49.634 [cefgetfile] WARNING: Unknown VALIDATION_ALG:type=2, length=0
2026-03-17 16:17:49.634 [cefgetfile] WARNING: Unknown VALIDATION_ALG:type=2, length=0
2026-03-17 16:17:49.634 [cefgetfile] WARNING: Unknown VALIDATION_ALG:type=2, length=0
2026-03-17 16:17:49.634 [cefgetfile] WARNING: Unknown VALIDATION_ALG:type=2, length=0
2026-03-17 16:17:49.635 [cefgetfile] WARNING: Unknown VALIDATION_ALG:type=2, length=0
2026-03-17 16:17:49.635 [cefgetfile] WARNING: Unknown VALIDATION_ALG:type=2, length=0
2026-03-17 16:17:49.635 [cefgetfile] WARNING: Unknown VALIDATION_ALG:type=2, length=0
2026-03-17 16:17:49.635 [cefgetfile] WARNING: Unknown VALIDATION_ALG:type=2, length=0
2026-03-17 16:17:49.635 [cefgetfile] WARNING: Unknown VALIDATION_ALG:type=2, length=0
2026-03-17 16:17:49.635 [cefgetfile] WARNING: Unknown VALIDATION_ALG:type=2, length=0
2026-03-17 16:17:49.635 [cefgetfile] WARNING: Unknown VALIDATION_ALG:type=2, length=0
2026-03-17 16:17:49.635 [cefgetfile] WARNING: Unknown VALIDATION_ALG:type=2, length=0
2026-03-17 16:17:49.635 [cefgetfile] WARNING: Unknown VALIDATION_ALG:type=2, length=0
2026-03-17 16:17:49.635 [cefgetfile] WARNING: Unknown VALIDATION_ALG:type=2, length=0
2026-03-17 16:17:49.635 [cefgetfile] WARNING: Unknown VALIDATION_ALG:type=2, length=0
2026-03-17 16:17:49.635 [cefgetfile] WARNING: Unknown VALIDATION_ALG:type=2, length=0
2026-03-17 16:17:49.636 [cefgetfile] WARNING: Unknown VALIDATION_ALG:type=2, length=0
2026-03-17 16:17:49.636 [cefgetfile] WARNING: Unknown VALIDATION_ALG:type=2, length=0
2026-03-17 16:17:49.636 [cefgetfile] WARNING: Unknown VALIDATION_ALG:type=2, length=0
2026-03-17 16:17:49.636 [cefgetfile] WARNING: Unknown VALIDATION_ALG:type=2, length=0
2026-03-17 16:17:49.636 [cefgetfile] WARNING: Unknown VALIDATION_ALG:type=2, length=0
2026-03-17 16:17:49.636 [cefgetfile] WARNING: Unknown VALIDATION_ALG:type=2, length=0
2026-03-17 16:17:49.636 [cefgetfile] WARNING: Unknown VALIDATION_ALG:type=2, length=0
2026-03-17 16:17:49.636 [cefgetfile] WARNING: Unknown VALIDATION_ALG:type=2, length=0
2026-03-17 16:17:49.636 [cefgetfile] WARNING: Unknown VALIDATION_ALG:type=2, length=0
2026-03-17 16:17:49.637 [cefgetfile] WARNING: Unknown VALIDATION_ALG:type=2, length=0
2026-03-17 16:17:49.637 [cefgetfile] WARNING: Unknown VALIDATION_ALG:type=2, length=0
2026-03-17 16:17:49.637 [cefgetfile] WARNING: Unknown VALIDATION_ALG:type=2, length=0
2026-03-17 16:17:49.637 [cefgetfile] WARNING: Unknown VALIDATION_ALG:type=2, length=0
2026-03-17 16:17:49.637 [cefgetfile] WARNING: Unknown VALIDATION_ALG:type=2, length=0
2026-03-17 16:17:49.637 [cefgetfile] WARNING: Unknown VALIDATION_ALG:type=2, length=0
2026-03-17 16:17:49.637 [cefgetfile] WARNING: Unknown VALIDATION_ALG:type=2, length=0
2026-03-17 16:17:49.637 [cefgetfile] WARNING: Unknown VALIDATION_ALG:type=2, length=0
2026-03-17 16:17:49.637 [cefgetfile] WARNING: Unknown VALIDATION_ALG:type=2, length=0
2026-03-17 16:17:49.637 [cefgetfile] WARNING: Unknown VALIDATION_ALG:type=2, length=0
2026-03-17 16:17:49.637 [cefgetfile] WARNING: Unknown VALIDATION_ALG:type=2, length=0
2026-03-17 16:17:49.637 [cefgetfile] WARNING: Unknown VALIDATION_ALG:type=2, length=0
2026-03-17 16:17:49.637 [cefgetfile] WARNING: Unknown VALIDATION_ALG:type=2, length=0
2026-03-17 16:17:49.638 [cefgetfile] WARNING: Unknown VALIDATION_ALG:type=2, length=0
2026-03-17 16:17:49.638 [cefgetfile] WARNING: Unknown VALIDATION_ALG:type=2, length=0
2026-03-17 16:17:49.638 [cefgetfile] WARNING: Unknown VALIDATION_ALG:type=2, length=0
2026-03-17 16:17:49.638 [cefgetfile] WARNING: Unknown VALIDATION_ALG:type=2, length=0
2026-03-17 16:17:49.638 [cefgetfile] WARNING: Unknown VALIDATION_ALG:type=2, length=0
2026-03-17 16:17:49.638 [cefgetfile] WARNING: Unknown VALIDATION_ALG:type=2, length=0
2026-03-17 16:17:49.638 [cefgetfile] WARNING: Unknown VALIDATION_ALG:type=2, length=0
2026-03-17 16:17:49.638 [cefgetfile] WARNING: Unknown VALIDATION_ALG:type=2, length=0
2026-03-17 16:17:49.638 [cefgetfile] WARNING: Unknown VALIDATION_ALG:type=2, length=0
2026-03-17 16:17:49.638 [cefgetfile] WARNING: Unknown VALIDATION_ALG:type=2, length=0
2026-03-17 16:17:49.638 [cefgetfile] WARNING: Unknown VALIDATION_ALG:type=2, length=0
2026-03-17 16:17:49.638 [cefgetfile] WARNING: Unknown VALIDATION_ALG:type=2, length=0
2026-03-17 16:17:49.638 [cefgetfile] WARNING: Unknown VALIDATION_ALG:type=2, length=0
2026-03-17 16:17:49.639 [cefgetfile] WARNING: Unknown VALIDATION_ALG:type=2, length=0
2026-03-17 16:17:49.639 [cefgetfile] WARNING: Unknown VALIDATION_ALG:type=2, length=0
2026-03-17 16:17:49.639 [cefgetfile] WARNING: Unknown VALIDATION_ALG:type=2, length=0
2026-03-17 16:17:49.639 [cefgetfile] WARNING: Unknown VALIDATION_ALG:type=2, length=0
2026-03-17 16:17:49.639 [cefgetfile] WARNING: Unknown VALIDATION_ALG:type=2, length=0
2026-03-17 16:17:49.639 [cefgetfile] WARNING: Unknown VALIDATION_ALG:type=2, length=0
2026-03-17 16:17:49.639 [cefgetfile] WARNING: Unknown VALIDATION_ALG:type=2, length=0
2026-03-17 16:17:49.639 [cefgetfile] WARNING: Unknown VALIDATION_ALG:type=2, length=0
2026-03-17 16:17:49.640 [cefgetfile] WARNING: Unknown VALIDATION_ALG:type=2, length=0
2026-03-17 16:17:49.640 [cefgetfile] WARNING: Unknown VALIDATION_ALG:type=2, length=0
2026-03-17 16:17:49.640 [cefgetfile] WARNING: Unknown VALIDATION_ALG:type=2, length=0
2026-03-17 16:17:49.640 [cefgetfile] WARNING: Unknown VALIDATION_ALG:type=2, length=0
2026-03-17 16:17:49.640 [cefgetfile] WARNING: Unknown VALIDATION_ALG:type=2, length=0
2026-03-17 16:17:49.640 [cefgetfile] WARNING: Unknown VALIDATION_ALG:type=2, length=0
2026-03-17 16:17:49.640 [cefgetfile] WARNING: Unknown VALIDATION_ALG:type=2, length=0
2026-03-17 16:17:49.640 [cefgetfile] WARNING: Unknown VALIDATION_ALG:type=2, length=0
2026-03-17 16:17:49.640 [cefgetfile] WARNING: Unknown VALIDATION_ALG:type=2, length=0
2026-03-17 16:17:49.640 [cefgetfile] WARNING: Unknown VALIDATION_ALG:type=2, length=0
2026-03-17 16:17:49.640 [cefgetfile] WARNING: Unknown VALIDATION_ALG:type=2, length=0
2026-03-17 16:17:49.640 [cefgetfile] WARNING: Unknown VALIDATION_ALG:type=2, length=0
2026-03-17 16:17:49.640 [cefgetfile] WARNING: Unknown VALIDATION_ALG:type=2, length=0
2026-03-17 16:17:49.641 [cefgetfile] WARNING: Unknown VALIDATION_ALG:type=2, length=0
2026-03-17 16:17:49.641 [cefgetfile] WARNING: Unknown VALIDATION_ALG:type=2, length=0
2026-03-17 16:17:49.641 [cefgetfile] WARNING: Unknown VALIDATION_ALG:type=2, length=0
2026-03-17 16:17:49.641 [cefgetfile] WARNING: Unknown VALIDATION_ALG:type=2, length=0
2026-03-17 16:17:49.641 [cefgetfile] WARNING: Unknown VALIDATION_ALG:type=2, length=0
2026-03-17 16:17:49.641 [cefgetfile] WARNING: Unknown VALIDATION_ALG:type=2, length=0
2026-03-17 16:17:49.641 [cefgetfile] WARNING: Unknown VALIDATION_ALG:type=2, length=0
2026-03-17 16:17:49.641 [cefgetfile] WARNING: Unknown VALIDATION_ALG:type=2, length=0
2026-03-17 16:17:49.641 [cefgetfile] WARNING: Unknown VALIDATION_ALG:type=2, length=0
2026-03-17 16:17:49.641 [cefgetfile] WARNING: Unknown VALIDATION_ALG:type=2, length=0
2026-03-17 16:17:49.641 [cefgetfile] WARNING: Unknown VALIDATION_ALG:type=2, length=0
2026-03-17 16:17:49.641 [cefgetfile] WARNING: Unknown VALIDATION_ALG:type=2, length=0
2026-03-17 16:17:49.641 [cefgetfile] WARNING: Unknown VALIDATION_ALG:type=2, length=0
2026-03-17 16:17:49.641 [cefgetfile] WARNING: Unknown VALIDATION_ALG:type=2, length=0
2026-03-17 16:17:49.642 [cefgetfile] WARNING: Unknown VALIDATION_ALG:type=2, length=0
2026-03-17 16:17:49.642 [cefgetfile] WARNING: Unknown VALIDATION_ALG:type=2, length=0
2026-03-17 16:17:49.642 [cefgetfile] WARNING: Unknown VALIDATION_ALG:type=2, length=0
2026-03-17 16:17:49.642 [cefgetfile] WARNING: Unknown VALIDATION_ALG:type=2, length=0
2026-03-17 16:17:49.642 [cefgetfile] WARNING: Unknown VALIDATION_ALG:type=2, length=0
2026-03-17 16:17:49.642 [cefgetfile] WARNING: Unknown VALIDATION_ALG:type=2, length=0
2026-03-17 16:17:49.643 [cefgetfile] WARNING: Unknown VALIDATION_ALG:type=2, length=0
2026-03-17 16:17:49.643 [cefgetfile] WARNING: Unknown VALIDATION_ALG:type=2, length=0
2026-03-17 16:17:49.643 [cefgetfile] WARNING: Unknown VALIDATION_ALG:type=2, length=0
2026-03-17 16:17:49.643 [cefgetfile] WARNING: Unknown VALIDATION_ALG:type=2, length=0
2026-03-17 16:17:49.643 [cefgetfile] WARNING: Unknown VALIDATION_ALG:type=2, length=0
2026-03-17 16:17:49.643 [cefgetfile] WARNING: Unknown VALIDATION_ALG:type=2, length=0
2026-03-17 16:17:49.643 [cefgetfile] WARNING: Unknown VALIDATION_ALG:type=2, length=0
2026-03-17 16:17:49.643 [cefgetfile] WARNING: Unknown VALIDATION_ALG:type=2, length=0
2026-03-17 16:17:49.643 [cefgetfile] WARNING: Unknown VALIDATION_ALG:type=2, length=0
2026-03-17 16:17:49.643 [cefgetfile] WARNING: Unknown VALIDATION_ALG:type=2, length=0
2026-03-17 16:17:49.643 [cefgetfile] WARNING: Unknown VALIDATION_ALG:type=2, length=0
2026-03-17 16:17:49.643 [cefgetfile] WARNING: Unknown VALIDATION_ALG:type=2, length=0
2026-03-17 16:17:49.644 [cefgetfile] WARNING: Unknown VALIDATION_ALG:type=2, length=0
2026-03-17 16:17:49.644 [cefgetfile] WARNING: Unknown VALIDATION_ALG:type=2, length=0
2026-03-17 16:17:49.644 [cefgetfile] WARNING: Unknown VALIDATION_ALG:type=2, length=0
2026-03-17 16:17:49.644 [cefgetfile] WARNING: Unknown VALIDATION_ALG:type=2, length=0
2026-03-17 16:17:49.644 [cefgetfile] WARNING: Unknown VALIDATION_ALG:type=2, length=0
2026-03-17 16:17:49.644 [cefgetfile] WARNING: Unknown VALIDATION_ALG:type=2, length=0
2026-03-17 16:17:49.644 [cefgetfile] WARNING: Unknown VALIDATION_ALG:type=2, length=0
2026-03-17 16:17:49.644 [cefgetfile] WARNING: Unknown VALIDATION_ALG:type=2, length=0
2026-03-17 16:17:49.644 [cefgetfile] WARNING: Unknown VALIDATION_ALG:type=2, length=0
2026-03-17 16:17:49.644 [cefgetfile] WARNING: Unknown VALIDATION_ALG:type=2, length=0
2026-03-17 16:17:49.644 [cefgetfile] WARNING: Unknown VALIDATION_ALG:type=2, length=0
2026-03-17 16:17:49.644 [cefgetfile] WARNING: Unknown VALIDATION_ALG:type=2, length=0
2026-03-17 16:17:49.645 [cefgetfile] WARNING: Unknown VALIDATION_ALG:type=2, length=0
2026-03-17 16:17:49.645 [cefgetfile] WARNING: Unknown VALIDATION_ALG:type=2, length=0
2026-03-17 16:17:49.645 [cefgetfile] WARNING: Unknown VALIDATION_ALG:type=2, length=0
2026-03-17 16:17:49.645 [cefgetfile] WARNING: Unknown VALIDATION_ALG:type=2, length=0
2026-03-17 16:17:49.645 [cefgetfile] WARNING: Unknown VALIDATION_ALG:type=2, length=0
2026-03-17 16:17:49.645 [cefgetfile] WARNING: Unknown VALIDATION_ALG:type=2, length=0
2026-03-17 16:17:49.645 [cefgetfile] WARNING: Unknown VALIDATION_ALG:type=2, length=0
2026-03-17 16:17:49.645 [cefgetfile] WARNING: Unknown VALIDATION_ALG:type=2, length=0
2026-03-17 16:17:49.646 [cefgetfile] WARNING: Unknown VALIDATION_ALG:type=2, length=0
2026-03-17 16:17:49.646 [cefgetfile] WARNING: Unknown VALIDATION_ALG:type=2, length=0
2026-03-17 16:17:49.646 [cefgetfile] WARNING: Unknown VALIDATION_ALG:type=2, length=0
2026-03-17 16:17:49.646 [cefgetfile] WARNING: Unknown VALIDATION_ALG:type=2, length=0
2026-03-17 16:17:49.646 [cefgetfile] WARNING: Unknown VALIDATION_ALG:type=2, length=0
2026-03-17 16:17:49.646 [cefgetfile] WARNING: Unknown VALIDATION_ALG:type=2, length=0
2026-03-17 16:17:49.646 [cefgetfile] WARNING: Unknown VALIDATION_ALG:type=2, length=0
2026-03-17 16:17:49.646 [cefgetfile] WARNING: Unknown VALIDATION_ALG:type=2, length=0
2026-03-17 16:17:49.646 [cefgetfile] WARNING: Unknown VALIDATION_ALG:type=2, length=0
2026-03-17 16:17:49.646 [cefgetfile] WARNING: Unknown VALIDATION_ALG:type=2, length=0
2026-03-17 16:17:49.646 [cefgetfile] WARNING: Unknown VALIDATION_ALG:type=2, length=0
2026-03-17 16:17:49.646 [cefgetfile] WARNING: Unknown VALIDATION_ALG:type=2, length=0
2026-03-17 16:17:49.646 [cefgetfile] WARNING: Unknown VALIDATION_ALG:type=2, length=0
2026-03-17 16:17:49.647 [cefgetfile] WARNING: Unknown VALIDATION_ALG:type=2, length=0
2026-03-17 16:17:49.647 [cefgetfile] WARNING: Unknown VALIDATION_ALG:type=2, length=0
2026-03-17 16:17:49.647 [cefgetfile] WARNING: Unknown VALIDATION_ALG:type=2, length=0
2026-03-17 16:17:49.647 [cefgetfile] WARNING: Unknown VALIDATION_ALG:type=2, length=0
2026-03-17 16:17:49.647 [cefgetfile] WARNING: Unknown VALIDATION_ALG:type=2, length=0
2026-03-17 16:17:49.647 [cefgetfile] WARNING: Unknown VALIDATION_ALG:type=2, length=0
2026-03-17 16:17:49.647 [cefgetfile] WARNING: Unknown VALIDATION_ALG:type=2, length=0
2026-03-17 16:17:49.647 [cefgetfile] WARNING: Unknown VALIDATION_ALG:type=2, length=0
2026-03-17 16:17:49.647 [cefgetfile] WARNING: Unknown VALIDATION_ALG:type=2, length=0
2026-03-17 16:17:49.647 [cefgetfile] WARNING: Unknown VALIDATION_ALG:type=2, length=0
2026-03-17 16:17:49.647 [cefgetfile] WARNING: Unknown VALIDATION_ALG:type=2, length=0
2026-03-17 16:17:49.647 [cefgetfile] WARNING: Unknown VALIDATION_ALG:type=2, length=0
2026-03-17 16:17:49.647 [cefgetfile] WARNING: Unknown VALIDATION_ALG:type=2, length=0
2026-03-17 16:17:49.648 [cefgetfile] WARNING: Unknown VALIDATION_ALG:type=2, length=0
2026-03-17 16:17:49.648 [cefgetfile] WARNING: Unknown VALIDATION_ALG:type=2, length=0
2026-03-17 16:17:49.648 [cefgetfile] WARNING: Unknown VALIDATION_ALG:type=2, length=0
2026-03-17 16:17:49.648 [cefgetfile] WARNING: Unknown VALIDATION_ALG:type=2, length=0
2026-03-17 16:17:49.648 [cefgetfile] WARNING: Unknown VALIDATION_ALG:type=2, length=0
2026-03-17 16:17:49.648 [cefgetfile] WARNING: Unknown VALIDATION_ALG:type=2, length=0
2026-03-17 16:17:49.648 [cefgetfile] WARNING: Unknown VALIDATION_ALG:type=2, length=0
2026-03-17 16:17:49.648 [cefgetfile] WARNING: Unknown VALIDATION_ALG:type=2, length=0
2026-03-17 16:17:49.649 [cefgetfile] WARNING: Unknown VALIDATION_ALG:type=2, length=0
2026-03-17 16:17:49.649 [cefgetfile] WARNING: Unknown VALIDATION_ALG:type=2, length=0
2026-03-17 16:17:49.649 [cefgetfile] WARNING: Unknown VALIDATION_ALG:type=2, length=0
2026-03-17 16:17:49.649 [cefgetfile] WARNING: Unknown VALIDATION_ALG:type=2, length=0
2026-03-17 16:17:49.649 [cefgetfile] WARNING: Unknown VALIDATION_ALG:type=2, length=0
2026-03-17 16:17:49.649 [cefgetfile] WARNING: Unknown VALIDATION_ALG:type=2, length=0
2026-03-17 16:17:49.649 [cefgetfile] WARNING: Unknown VALIDATION_ALG:type=2, length=0
2026-03-17 16:17:49.649 [cefgetfile] WARNING: Unknown VALIDATION_ALG:type=2, length=0
2026-03-17 16:17:49.649 [cefgetfile] WARNING: Unknown VALIDATION_ALG:type=2, length=0
2026-03-17 16:17:49.649 [cefgetfile] WARNING: Unknown VALIDATION_ALG:type=2, length=0
2026-03-17 16:17:49.649 [cefgetfile] WARNING: Unknown VALIDATION_ALG:type=2, length=0
2026-03-17 16:17:49.649 [cefgetfile] WARNING: Unknown VALIDATION_ALG:type=2, length=0
2026-03-17 16:17:49.649 [cefgetfile] WARNING: Unknown VALIDATION_ALG:type=2, length=0
2026-03-17 16:17:49.650 [cefgetfile] WARNING: Unknown VALIDATION_ALG:type=2, length=0
2026-03-17 16:17:49.650 [cefgetfile] WARNING: Unknown VALIDATION_ALG:type=2, length=0
2026-03-17 16:17:49.650 [cefgetfile] WARNING: Unknown VALIDATION_ALG:type=2, length=0
2026-03-17 16:17:49.650 [cefgetfile] WARNING: Unknown VALIDATION_ALG:type=2, length=0
2026-03-17 16:17:49.650 [cefgetfile] WARNING: Unknown VALIDATION_ALG:type=2, length=0
2026-03-17 16:17:49.650 [cefgetfile] WARNING: Unknown VALIDATION_ALG:type=2, length=0
2026-03-17 16:17:49.650 [cefgetfile] WARNING: Unknown VALIDATION_ALG:type=2, length=0
2026-03-17 16:17:49.650 [cefgetfile] WARNING: Unknown VALIDATION_ALG:type=2, length=0
2026-03-17 16:17:49.650 [cefgetfile] WARNING: Unknown VALIDATION_ALG:type=2, length=0
2026-03-17 16:17:49.650 [cefgetfile] WARNING: Unknown VALIDATION_ALG:type=2, length=0
2026-03-17 16:17:49.650 [cefgetfile] WARNING: Unknown VALIDATION_ALG:type=2, length=0
2026-03-17 16:17:49.651 [cefgetfile] WARNING: Unknown VALIDATION_ALG:type=2, length=0
2026-03-17 16:17:49.651 [cefgetfile] WARNING: Unknown VALIDATION_ALG:type=2, length=0
2026-03-17 16:17:49.651 [cefgetfile] WARNING: Unknown VALIDATION_ALG:type=2, length=0
2026-03-17 16:17:49.651 [cefgetfile] WARNING: Unknown VALIDATION_ALG:type=2, length=0
2026-03-17 16:17:49.651 [cefgetfile] WARNING: Unknown VALIDATION_ALG:type=2, length=0
2026-03-17 16:17:49.651 [cefgetfile] WARNING: Unknown VALIDATION_ALG:type=2, length=0
2026-03-17 16:17:49.651 [cefgetfile] WARNING: Unknown VALIDATION_ALG:type=2, length=0
2026-03-17 16:17:49.651 [cefgetfile] WARNING: Unknown VALIDATION_ALG:type=2, length=0
2026-03-17 16:17:49.651 [cefgetfile] WARNING: Unknown VALIDATION_ALG:type=2, length=0
2026-03-17 16:17:49.651 [cefgetfile] WARNING: Unknown VALIDATION_ALG:type=2, length=0
2026-03-17 16:17:49.652 [cefgetfile] WARNING: Unknown VALIDATION_ALG:type=2, length=0
2026-03-17 16:17:49.652 [cefgetfile] WARNING: Unknown VALIDATION_ALG:type=2, length=0
2026-03-17 16:17:49.652 [cefgetfile] WARNING: Unknown VALIDATION_ALG:type=2, length=0
2026-03-17 16:17:49.652 [cefgetfile] WARNING: Unknown VALIDATION_ALG:type=2, length=0
2026-03-17 16:17:49.652 [cefgetfile] WARNING: Unknown VALIDATION_ALG:type=2, length=0
2026-03-17 16:17:49.652 [cefgetfile] WARNING: Unknown VALIDATION_ALG:type=2, length=0
2026-03-17 16:17:49.652 [cefgetfile] WARNING: Unknown VALIDATION_ALG:type=2, length=0
2026-03-17 16:17:49.652 [cefgetfile] WARNING: Unknown VALIDATION_ALG:type=2, length=0
2026-03-17 16:17:49.652 [cefgetfile] WARNING: Unknown VALIDATION_ALG:type=2, length=0
2026-03-17 16:17:49.652 [cefgetfile] WARNING: Unknown VALIDATION_ALG:type=2, length=0
2026-03-17 16:17:49.652 [cefgetfile] WARNING: Unknown VALIDATION_ALG:type=2, length=0
2026-03-17 16:17:49.652 [cefgetfile] WARNING: Unknown VALIDATION_ALG:type=2, length=0
2026-03-17 16:17:49.652 [cefgetfile] WARNING: Unknown VALIDATION_ALG:type=2, length=0
2026-03-17 16:17:49.653 [cefgetfile] WARNING: Unknown VALIDATION_ALG:type=2, length=0
2026-03-17 16:17:49.653 [cefgetfile] WARNING: Unknown VALIDATION_ALG:type=2, length=0
2026-03-17 16:17:49.653 [cefgetfile] WARNING: Unknown VALIDATION_ALG:type=2, length=0
2026-03-17 16:17:49.653 [cefgetfile] WARNING: Unknown VALIDATION_ALG:type=2, length=0
2026-03-17 16:17:49.653 [cefgetfile] WARNING: Unknown VALIDATION_ALG:type=2, length=0
2026-03-17 16:17:49.653 [cefgetfile] WARNING: Unknown VALIDATION_ALG:type=2, length=0
2026-03-17 16:17:49.653 [cefgetfile] WARNING: Unknown VALIDATION_ALG:type=2, length=0
2026-03-17 16:17:49.653 [cefgetfile] WARNING: Unknown VALIDATION_ALG:type=2, length=0
2026-03-17 16:17:49.653 [cefgetfile] WARNING: Unknown VALIDATION_ALG:type=2, length=0
2026-03-17 16:17:49.654 [cefgetfile] WARNING: Unknown VALIDATION_ALG:type=2, length=0
2026-03-17 16:17:49.654 [cefgetfile] WARNING: Unknown VALIDATION_ALG:type=2, length=0
2026-03-17 16:17:49.654 [cefgetfile] WARNING: Unknown VALIDATION_ALG:type=2, length=0
2026-03-17 16:17:49.654 [cefgetfile] WARNING: Unknown VALIDATION_ALG:type=2, length=0
2026-03-17 16:17:49.654 [cefgetfile] WARNING: Unknown VALIDATION_ALG:type=2, length=0
2026-03-17 16:17:49.654 [cefgetfile] WARNING: Unknown VALIDATION_ALG:type=2, length=0
[cefgetfile] Completed to get all the chunks.
[cefgetfile] Unconnect to cefnetd ... OK
[cefgetfile] Terminate
[cefgetfile] Rx Frames (All)           = 424
[cefgetfile] Rx Frames (ContentObject) = 424
[cefgetfile] Rx Bytes (All)            = 444414
[cefgetfile] Rx Bytes (ContentObject)  = 433390
[cefgetfile] Duration                  = 0.040 sec
[cefgetfile] Throughput                = 90376267 bps
[cefgetfile] Goodput                   = 88134421 bps
[cefgetfile] Jitter (Ave)              = 92 us
[cefgetfile] Jitter (Max)              = 1764 us
[cefgetfile] Jitter (Var)              = 11297 us
