[cefgetfile] Start
[cefgetfile] Parsing parameters ...OK
2026-03-17 16:17:54.932 [cefgetfile] INFO: [client] Config directory is ./h0
2026-03-17 16:17:54.932 [cefgetfile] INFO: [client] Local Socket Name is /tmp/cef_9695.0
2026-03-17 16:17:54.932 [cefgetfile] INFO: [client] Listen Port is 9695
[cefgetfile] Init Cefore Client package ... OK
[cefgetfile] Conversion from URI into Name ... OK
[cefgetfile] Checking the output file ... OK
[cefgetfile] Connect to cefnetd ... OK
[cefgetfile] URI=ccnx:/test/sample
[cefgetfile] Start sending Interests
2026-03-17 16:17:54.942 [cefgetfile] WARNING: Unknown VALIDATION_ALG:type=2, length=0
2026-03-17 16:17:54.942 [cefgetfile] WARNING: Unknown VALIDATION_ALG:type=2, length=0
2026-03-17 16:17:54.942 [cefgetfile] WARNING: Unknown VALIDATION_ALG:type=2, length=0
2026-03-17 16:17:54.942 [cefgetfile] WARNING: Unknown VALIDATION_ALG:type=2, length=0
2026-03-17 16:17:54.942 [cefgetfile] WARNING: Unknown VALIDATION_ALG:type=2, length=0
2026-03-17 16:17:54.943 [cefgetfile] WARNING: Unknown VALIDATION_ALG:type=2, length=0
2026-03-17 16:17:54.943 [cefgetfile] WARNING: Unknown VALIDATION_ALG:type=2, length=0
2026-03-17 16:17:54.943 [cefgetfile] WARNING: Unknown VALIDATION_ALG:type=2, length=0
2026-03-17 16:17:54.943 [cefgetfile] WARNING: Unknown VALIDATION_ALG:type=2, length=0
2026-03-17 16:17:54.943 [cefgetfile] WARNING: Unknown VALIDATION_ALG:type=2, length=0
2026-03-17 16:17:54.943 [cefgetfile] WARNING: Unknown VALIDATION_ALG:type=2, length=0
2026-03-17 16:17:54.943 [cefgetfile] WARNING: Unknown VALIDATION_ALG:type=2, length=0
2026-03-17 16:17:54.943 [cefgetfile] WARNING: Unknown VALIDATION_ALG:type=2, length=0
2026-03-17 16:17:54.943 [cefgetfile] WARNING: Unknown VALIDATION_ALG:type=2, length=0
2026-03-17 16:17:54.943 [cefgetfile] WARNING: Unknown VALIDATION_ALG:type=2, length=0
2026-03-17 16:17:54.944 [cefgetfile] WARNING: Unknown VALIDATION_ALG:type=2, length=0
2026-03-17 16:17:54.944 [cefgetfile] WARNING: Unknown VALIDATION_ALG:type=2, length=0
2026-03-17 16:17:54.944 [cefgetfile] WARNING: Unknown VALIDATION_ALG:type=2, length=0
2026-03-17 16:17:54.944 [cefgetfile] WARNING: Unknown VALIDATION_ALG:type=2, length=0
2026-03-17 16:17:54.944 [cefgetfile] WARNING: Unknown VALIDATION_ALG:type=2, length=0
2026-03-17 16:17:54.945 [cefgetfile] WARNING: Unknown VALIDATION_ALG:type=2, length=0
2026-03-17 16:17:54.945 [cefgetfile] WARNING: Unknown VALIDATION_ALG:type=2, length=0
2026-03-17 16:17:54.945 [cefgetfile] WARNING: Unknown VALIDATION_ALG:type=2, length=0
2026-03-17 16:17:54.945 [cefgetfile] WARNING: Unknown VALIDATION_ALG:type=2, length=0
2026-03-17 16:17:54.945 [cefgetfile] WARNING: Unknown VALIDATION_ALG:type=2, length=0
2026-03-17 16:17:54.945 [cefgetfile] WARNING: Unknown VALIDATION_ALG:type=2, length=0
2026-03-17 16:17:54.945 [cefgetfile] WARNING: Unknown VALIDATION_ALG:type=2, length=0
2026-03-17 16:17:54.945 [cefgetfile] WARNING: Unknown VALIDATION_ALG:type=2, length=0
2026-03-17 16:17:54.946 [cefgetfile] WARNING: Unknown VALIDATION_ALG:type=2, length=0
2026-03-17 16:17:54.946 [cefgetfile] WARNING: Unknown VALIDATION_ALG:type=2, length=0
2026-03-17 16:17:54.946 [cefgetfile] WARNING: Unknown VALIDATION_ALG:type=2, length=0
2026-03-17 16:17:54.946 [cefgetfile] WARNING: Unknown VALIDATION_ALG:type=2, length=0
2026-03-17 16:17:54.946 [cefgetfile] WARNING: Unknown VALIDATION_ALG:type=2, length=0
2026-03-17 16:17:54.946 [cefgetfile] WARNING: Unknown VALIDATION_ALG:type=2, length=0
2026-03-17 16:17:54.946 [cefgetfile] WARNING: Unknown VALIDATION_ALG:type=2, length=0
2026-03-17 16:17:54.947 [cefgetfile] WARNING: Unknown VALIDATION_ALG:type=2, length=0
2026-03-17 16:17:54.947 [cefgetfile] WARNING: Unknown VALIDATION_ALG:type=2, length=0
2026-03-17 16:17:54.947 [cefgetfile] WARNING: Unknown VALIDATION_ALG:type=2, length=0
2026-03-17 16:17:54.947 [cefgetfile] WARNING: Unknown VALIDATION_ALG:type=2, length=0
2026-03-17 16:17:54.947 [cefgetfile] WARNING: Unknown VALIDATION_ALG:type=2, length=0
2026-03-17 16:17:54.947 [cefgetfile] WARNING: Unknown VALIDATION_ALG:type=2, length=0
2026-03-17 16:17:54.947 [cefgetfile] WARNING: Unknown VALIDATION_ALG:type=2, length=0
2026-03-17 16:17:54.947 [cefgetfile] WARNING: Unknown VALIDATION_ALG:type=2, length=0
2026-03-17 16:17:54.948 [cefgetfile] WARNING: Unknown VALIDATION_ALG:type=2, length=0
2026-03-17 16:17:54.948 [cefgetfile] WARNING: Unknown VALIDATION_ALG:type=2, length=0
2026-03-17 16:17:54.948 [cefgetfile] WARNING: Unknown VALIDATION_ALG:type=2, length=0
2026-03-17 16:17:54.948 [cefgetfile] WARNING: Unknown VALIDATION_ALG:type=2, length=0
2026-03-17 16:17:54.949 [cefgetfile] WARNING: Unknown VALIDATION_ALG:type=2, length=0
2026-03-17 16:17:54.949 [cefgetfile] WARNING: Unknown VALIDATION_ALG:type=2, length=0
2026-03-17 16:17:54.949 [cefgetfile] WARNING: Unknown VALIDATION_ALG:type=2, length=0
2026-03-17 16:17:54.949 [cefgetfile] WARNING: Unknown VALIDATION_ALG:type=2, length=0
2026-03-17 16:17:54.949 [cefgetfile] WARNING: Unknown VALIDATION_ALG:type=2, length=0
2026-03-17 16:17:54.949 [cefgetfile] WARNING: Unknown VALIDATION_ALG:type=2, length=0
2026-03-17 16:17:54.949 [cefgetfile] WARNING: Unknown VALIDATION_ALG:type=2, length=0
2026-03-17 16:17:54.950 [cefgetfile] WARNING: Unknown VALIDATION_ALG:type=2, length=0
2026-03-17 16:17:54.950 [cefgetfile] WARNING: Unknown VALIDATION_ALG:type=2, length=0
2026-03-17 16:17:54.950 [cefgetfile] WARNING: Unknown VALIDATION_ALG:type=2, length=0
2026-03-17 16:17:54.950 [cefgetfile] WARNING: Unknown VALIDATION_ALG:type=2, length=0
2026-03-17 16:17:54.950 [cefgetfile] WARNING: Unknown VALIDATION_ALG:type=2, length=0
2026-03-17 16:17:54.950 [cefgetfile] WARNING: Unknown VALIDATION_ALG:type=2, length=0
2026-03-17 16:17:54.950 [cefgetfile] WARNING: Unknown VALIDATION_ALG:type=2, length=0
2026-03-17 16:17:54.950 [cefgetfile] WARNING: Unknown VALIDATION_ALG:type=2, length=0
2026-03-17 16:17:54.951 [cefgetfile] WARNING: Unknown VALIDATION_ALG:type=2, length=0
2026-03-17 16:17:54.951 [cefgetfile] WARNING: Unknown VALIDATION_ALG:type=2, length=0
2026-03-17 16:17:54.951 [cefgetfile] WARNING: Unknown VALIDATION_ALG:type=2, length=0
2026-03-17 16:17:54.951 [cefgetfile] WARNING: Unknown VALIDATION_ALG:type=2, length=0
2026-03-17 16:17:54.951 [cefgetfile] WARNING: Unknown VALIDATION_ALG:type=2, length=0
2026-03-17 16:17:54.951 [cefgetfile] WARNING: Unknown VALIDATION_ALG:type=2, length=0
2026-03-17 16:17:54.951 [cefgetfile] WARNING: Unknown VALIDATION_ALG:type=2, length=0
2026-03-17 16:17:54.951 [cefgetfile] WARNING: Unknown VALIDATION_ALG:type=2, length=0
2026-03-17 16:17:54.952 [cefgetfile] WARNING: Unknown VALIDATION_ALG:type=2, length=0
2026-03-17 16:17:54.952 [cefgetfile] WARNING: Unknown VALIDATION_ALG:type=2, length=0
2026-03-17 16:17:54.952 [cefgetfile] WARNING: Unknown VALIDATION_ALG:type=2, length=0
2026-03-17 16:17:54.952 [cefgetfile] WARNING: Unknown VALIDATION_ALG:type=2, length=0
2026-03-17 16:17:54.952 [cefgetfile] WARNING: Unknown VALIDATION_ALG:type=2, length=0
2026-03-17 16:17:54.952 [cefgetfile] WARNING: Unknown VALIDATION_ALG:type=2, length=0
2026-03-17 16:17:54.952 [cefgetfile] WARNING: Unknown VALIDATION_ALG:type=2, length=0
2026-03-17 16:17:54.952 [cefgetfile] WARNING: Unknown VALIDATION_ALG:type=2, length=0
2026-03-17 16:17:54.953 [cefgetfile] WARNING: Unknown VALIDATION_ALG:type=2, length=0
2026-03-17 16:17:54.953 [cefgetfile] WARNING: Unknown VALIDATION_ALG:type=2, length=0
2026-03-17 16:17:54.953 [cefgetfile] WARNING: Unknown VALIDATION_ALG:type=2, length=0
2026-03-17 16:17:54.953 [cefgetfile] WARNING: Unknown VALIDATION_ALG:type=2, length=0
2026-03-17 16:17:54.954 [cefgetfile] WARNING: Unknown VALIDATION_ALG:type=2, length=0
2026-03-17 16:17:54.954 [cefgetfile] WARNING: Unknown VALIDATION_ALG:type=2, length=0
2026-03-17 16:17:54.954 [cefgetfile] WARNING: Unknown VALIDATION_ALG:type=2, length=0
2026-03-17 16:17:54.954 [cefgetfile] WARNING: Unknown VALIDATION_ALG:type=2, length=0
2026-03-17 16:17:54.954 [cefgetfile] WARNING: Unknown VALIDATION_ALG:type=2, length=0
2026-03-17 16:17:54.954 [cefgetfile] WARNING: Unknown VALIDATION_ALG:type=2, length=0
2026-03-17 16:17:54.954 [cefgetfile] WARNING: Unknown VALIDATION_ALG:type=2, length=0
2026-03-17 16:17:54.954 [cefgetfile] WARNING: Unknown VALIDATION_ALG:type=2, length=0
2026-03-17 16:17:54.955 [cefgetfile] WARNING: Unknown VALIDATION_ALG:type=2, length=0
2026-03-17 16:17:54.955 [cefgetfile] WARNING: Unknown VALIDATION_ALG:type=2, length=0
2026-03-17 16:17:54.955 [cefgetfile] WARNING: Unknown VALIDATION_ALG:type=2, length=0
2026-03-17 16:17:54.955 [cefgetfile] WARNING: Unknown VALIDATION_ALG:type=2, length=0
2026-03-17 16:17:54.955 [cefgetfile] WARNING: Unknown VALIDATION_ALG:type=2, length=0
2026-03-17 16:17:54.955 [cefgetfile] WARNING: Unknown VALIDATION_ALG:type=2, length=0
2026-03-17 16:17:54.955 [cefgetfile] WARNING: Unknown VALIDATION_ALG:type=2, length=0
2026-03-17 16:17:54.956 [cefgetfile] WARNING: Unknown VALIDATION_ALG:type=2, length=0
2026-03-17 16:17:54.956 [cefgetfile] WARNING: Unknown VALIDATION_ALG:type=2, length=0
2026-03-17 16:17:54.956 [cefgetfile] WARNING: Unknown VALIDATION_ALG:type=2, length=0
2026-03-17 16:17:54.956 [cefgetfile] WARNING: Unknown VALIDATION_ALG:type=2, length=0
2026-03-17 16:17:54.956 [cefgetfile] WARNING: Unknown VALIDATION_ALG:type=2, length=0
2026-03-17 16:17:54.956 [cefgetfile] WARNING: Unknown VALIDATION_ALG:type=2, length=0
2026-03-17 16:17:54.956 [cefgetfile] WARNING: Unknown VALIDATION_ALG:type=2, length=0
2026-03-17 16:17:54.956 [cefgetfile] WARNING: Unknown VALIDATION_ALG:type=2, length=0
2026-03-17 16:17:54.957 [cefgetfile] WARNING: Unknown VALIDATION_ALG:type=2, length=0
2026-03-17 16:17:54.957 [cefgetfile] WARNING: Unknown VALIDATION_ALG:type=2, length=0
2026-03-17 16:17:54.957 [cefgetfile] WARNING: Unknown VALIDATION_ALG:type=2, length=0
2026-03-17 16:17:54.957 [cefgetfile] WARNING: Unknown VALIDATION_ALG:type=2, length=0
2026-03-17 16:17:54.957 [cefgetfile] WARNING: Unknown VALIDATION_ALG:type=2, length=0
2026-03-17 16:17:54.958 [cefgetfile] WARNING: Unknown VALIDATION_ALG:type=2, length=0
2026-03-17 16:17:54.958 [cefgetfile] WARNING: Unknown VALIDATION_ALG:type=2, length=0
2026-03-17 16:17:54.958 [cefgetfile] WARNING: Unknown VALIDATION_ALG:type=2, length=0
2026-03-17 16:17:54.958 [cefgetfile] WARNING: Unknown VALIDATION_ALG:type=2, length=0
2026-03-17 16:17:54.958 [cefgetfile] WARNING: Unknown VALIDATION_ALG:type=2, length=0
2026-03-17 16:17:54.958 [cefgetfile] WARNING: Unknown VALIDATION_ALG:type=2, length=0
2026-03-17 16:17:54.959 [cefgetfile] WARNING: Unknown VALIDATION_ALG:type=2, length=0
2026-03-17 16:17:54.959 [cefgetfile] WARNING: Unknown VALIDATION_ALG:type=2, length=0
2026-03-17 16:17:54.959 [cefgetfile] WARNING: Unknown VALIDATION_ALG:type=2, length=0
2026-03-17 16:17:54.959 [cefgetfile] WARNING: Unknown VALIDATION_ALG:type=2, length=0
2026-03-17 16:17:54.959 [cefgetfile] WARNING: Unknown VALIDATION_ALG:type=2, length=0
2026-03-17 16:17:54.959 [cefgetfile] WARNING: Unknown VALIDATION_ALG:type=2, length=0
2026-03-17 16:17:54.959 [cefgetfile] WARNING: Unknown VALIDATION_ALG:type=2, length=0
2026-03-17 16:17:54.960 [cefgetfile] WARNING: Unknown VALIDATION_ALG:type=2, length=0
2026-03-17 16:17:54.960 [cefgetfile] WARNING: Unknown VALIDATION_ALG:type=2, length=0
2026-03-17 16:17:54.960 [cefgetfile] WARNING: Unknown VALIDATION_ALG:type=2, length=0
2026-03-17 16:17:54.960 [cefgetfile] WARNING: Unknown VALIDATION_ALG:type=2, length=0
2026-03-17 16:17:54.960 [cefgetfile] WARNING: Unknown VALIDATION_ALG:type=2, length=0
2026-03-17 16:17:54.960 [cefgetfile] WARNING: Unknown VALIDATION_ALG:type=2, length=0
2026-03-17 16:17:54.960 [cefgetfile] WARNING: Unknown VALIDATION_ALG:type=2, length=0
2026-03-17 16:17:54.961 [cefgetfile] WARNING: Unknown VALIDATION_ALG:type=2, length=0
2026-03-17 16:17:54.961 [cefgetfile] WARNING: Unknown VALIDATION_ALG:type=2, length=0
2026-03-17 16:17:54.961 [cefgetfile] WARNING: Unknown VALIDATION_ALG:type=2, length=0
2026-03-17 16:17:54.961 [cefgetfile] WARNING: Unknown VALIDATION_ALG:type=2, length=0
2026-03-17 16:17:54.961 [cefgetfile] WARNING: Unknown VALIDATION_ALG:type=2, length=0
2026-03-17 16:17:54.961 [cefgetfile] WARNING: Unknown VALIDATION_ALG:type=2, length=0
2026-03-17 16:17:54.961 [cefgetfile] WARNING: Unknown VALIDATION_ALG:type=2, length=0
2026-03-17 16:17:54.962 [cefgetfile] WARNING: Unknown VALIDATION_ALG:type=2, length=0
2026-03-17 16:17:54.962 [cefgetfile] WARNING: Unknown VALIDATION_ALG:type=2, length=0
2026-03-17 16:17:54.962 [cefgetfile] WARNING: Unknown VALIDATION_ALG:type=2, length=0
2026-03-17 16:17:54.962 [cefgetfile] WARNING: Unknown VALIDATION_ALG:type=2, length=0
2026-03-17 16:17:54.962 [cefgetfile] WARNING: Unknown VALIDATION_ALG:type=2, length=0
2026-03-17 16:17:54.962 [cefgetfile] WARNING: Unknown VALIDATION_ALG:type=2, length=0
2026-03-17 16:17:54.963 [cefgetfile] WARNING: Unknown VALIDATION_ALG:type=2, length=0
2026-03-17 16:17:54.963 [cefgetfile] WARNING: Unknown VALIDATION_ALG:type=2, length=0
2026-03-17 16:17:54.963 [cefgetfile] WARNING: Unknown VALIDATION_ALG:type=2, length=0
2026-03-17 16:17:54.963 [cefgetfile] WARNING: Unknown VALIDATION_ALG:type=2, length=0
2026-03-17 16:17:54.963 [cefgetfile] WARNING: Unknown VALIDATION_ALG:type=2, length=0
2026-03-17 16:17:54.963 [cefgetfile] WARNING: Unknown VALIDATION_ALG:type=2, length=0
2026-03-17 16:17:54.963 [cefgetfile] WARNING: Unknown VALIDATION_ALG:type=2, length=0
2026-03-17 16:17:54.964 [cefgetfile] WARNING: Unknown VALIDATION_ALG:type=2, length=0
2026-03-17 16:17:54.964 [cefgetfile] WARNING: Unknown VALIDATION_ALG:type=2, length=0
2026-03-17 16:17:54.964 [cefgetfile] WARNING: Unknown VALIDATION_ALG:type=2, length=0
2026-03-17 16:17:54.964 [cefgetfile] WARNING: Unknown VALIDATION_ALG:type=2, length=0
2026-03-17 16:17:54.964 [cefgetfile] WARNING: Unknown VALIDATION_ALG:type=2, length=0
2026-03-17 16:17:54.964 [cefgetfile] WARNING: Unknown VALIDATION_ALG:type=2, length=0
2026-03-17 16:17:54.964 [cefgetfile] WARNING: Unknown VALIDATION_ALG:type=2, length=0
2026-03-17 16:17:54.965 [cefgetfile] WARNING: Unknown VALIDATION_ALG:type=2, length=0
2026-03-17 16:17:54.965 [cefgetfile] WARNING: Unknown VALIDATION_ALG:type=2, length=0
2026-03-17 16:17:54.965 [cefgetfile] WARNING: Unknown VALIDATION_ALG:type=2, length=0
2026-03-17 16:17:54.965 [cefgetfile] WARNING: Unknown VALIDATION_ALG:type=2, length=0
2026-03-17 16:17:54.965 [cefgetfile] WARNING: Unknown VALIDATION_ALG:type=2, length=0
2026-03-17 16:17:54.965 [cefgetfile] WARNING: Unknown VALIDATION_ALG:type=2, length=0
2026-03-17 16:17:54.965 [cefgetfile] WARNING: Unknown VALIDATION_ALG:type=2, length=0
2026-03-17 16:17:54.965 [cefgetfile] WARNING: Unknown VALIDATION_ALG:type=2, length=0
2026-03-17 16:17:54.966 [cefgetfile] WARNING: Unknown VALIDATION_ALG:type=2, length=0
2026-03-17 16:17:54.966 [cefgetfile] WARNING: Unknown VALIDATION_ALG:type=2, length=0
2026-03-17 16:17:54.966 [cefgetfile] WARNING: Unknown VALIDATION_ALG:type=2, length=0
2026-03-17 16:17:54.966 [cefgetfile] WARNING: Unknown VALIDATION_ALG:type=2, length=0
2026-03-17 16:17:54.966 [cefgetfile] WARNING: Unknown VALIDATION_ALG:type=2, length=0
2026-03-17 16:17:54.966 [cefgetfile] WARNING: Unknown VALIDATION_ALG:type=2, length=0
2026-03-17 16:17:54.966 [cefgetfile] WARNING: Unknown VALIDATION_ALG:type=2, length=0
2026-03-17 16:17:54.967 [cefgetfile] WARNING: Unknown VALIDATION_ALG:type=2, length=0
2026-03-17 16:17:54.967 [cefgetfile] WARNING: Unknown VALIDATION_ALG:type=2, length=0
2026-03-17 16:17:54.967 [cefgetfile] WARNING: Unknown VALIDATION_ALG:type=2, length=0
2026-03-17 16:17:54.967 [cefgetfile] WARNING: Unknown VALIDATION_ALG:type=2, length=0
2026-03-17 16:17:54.967 [cefgetfile] WARNING: Unknown VALIDATION_ALG:type=2, length=0
2026-03-17 16:17:54.968 [cefgetfile] WARNING: Unknown VALIDATION_ALG:type=2, length=0
2026-03-17 16:17:54.968 [cefgetfile] WARNING: Unknown VALIDATION_ALG:type=2, length=0
2026-03-17 16:17:54.968 [cefgetfile] WARNING: Unknown VALIDATION_ALG:type=2, length=0
2026-03-17 16:17:54.968 [cefgetfile] WARNING: Unknown VALIDATION_ALG:type=2, length=0
2026-03-17 16:17:54.968 [cefgetfile] WARNING: Unknown VALIDATION_ALG:type=2, length=0
2026-03-17 16:17:54.968 [cefgetfile] WARNING: Unknown VALIDATION_ALG:type=2, length=0
2026-03-17 16:17:54.968 [cefgetfile] WARNING: Unknown VALIDATION_ALG:type=2, length=0
2026-03-17 16:17:54.969 [cefgetfile] WARNING: Unknown VALIDATION_ALG:type=2, length=0
2026-03-17 16:17:54.969 [cefgetfile] WARNING: Unknown VALIDATION_ALG:type=2, length=0
2026-03-17 16:17:54.969 [cefgetfile] WARNING: Unknown VALIDATION_ALG:type=2, length=0
2026-03-17 16:17:54.969 [cefgetfile] WARNING: Unknown VALIDATION_ALG:type=2, length=0
2026-03-17 16:17:54.969 [cefgetfile] WARNING: Unknown VALIDATION_ALG:type=2, length=0
2026-03-17 16:17:54.969 [cefgetfile] WARNING: Unknown VALIDATION_ALG:type=2, length=0
2026-03-17 16:17:54.969 [cefgetfile] WARNING: Unknown VALIDATION_ALG:type=2, length=0
2026-03-17 16:17:54.969 [cefgetfile] WARNING: Unknown VALIDATION_ALG:type=2, length=0
2026-03-17 16:17:54.970 [cefgetfile] WARNING: Unknown VALIDATION_ALG:type=2, length=0
2026-03-17 16:17:54.970 [cefgetfile] WARNING: Unknown VALIDATION_ALG:type=2, length=0
2026-03-17 16:17:54.970 [cefgetfile] WARNING: Unknown VALIDATION_ALG:type=2, length=0
2026-03-17 16:17:54.970 [cefgetfile] WARNING: Unknown VALIDATION_ALG:type=2, length=0
2026-03-17 16:17:54.970 [cefgetfile] WARNING: Unknown VALIDATION_ALG:type=2, length=0
2026-03-17 16:17:54.970 [cefgetfile] WARNING: Unknown VALIDATION_ALG:type=2, length=0
2026-03-17 16:17:54.970 [cefgetfile] WARNING: Unknown VALIDATION_ALG:type=2, length=0
2026-03-17 16:17:54.971 [cefgetfile] WARNING: Unknown VALIDATION_ALG:type=2, length=0
2026-03-17 16:17:54.971 [cefgetfile] WARNING: Unknown VALIDATION_ALG:type=2, length=0
2026-03-17 16:17:54.971 [cefgetfile] WARNING: Unknown VALIDATION_ALG:type=2, length=0
2026-03-17 16:17:54.971 [cefgetfile] WARNING: Unknown VALIDATION_ALG:type=2, length=0
2026-03-17 16:17:54.971 [cefgetfile] WARNING: Unknown VALIDATION_ALG:type=2, length=0
2026-03-17 16:17:54.971 [cefgetfile] WARNING: Unknown VALIDATION_ALG:type=2, length=0
2026-03-17 16:17:54.971 [cefgetfile] WARNING: Unknown VALIDATION_ALG:type=2, length=0
2026-03-17 16:17:54.972 [cefgetfile] WARNING: Unknown VALIDATION_ALG:type=2, length=0
2026-03-17 16:17:54.972 [cefgetfile] WARNING: Unknown VALIDATION_ALG:type=2, length=0
2026-03-17 16:17:54.972 [cefgetfile] WARNING: Unknown VALIDATION_ALG:type=2, length=0
2026-03-17 16:17:54.972 [cefgetfile] WARNING: Unknown VALIDATION_ALG:type=2, length=0
2026-03-17 16:17:54.972 [cefgetfile] WARNING: Unknown VALIDATION_ALG:type=2, length=0
2026-03-17 16:17:54.972 [cefgetfile] WARNING: Unknown VALIDATION_ALG:type=2, length=0
2026-03-17 16:17:54.973 [cefgetfile] WARNING: Unknown VALIDATION_ALG:type=2, length=0
2026-03-17 16:17:54.973 [cefgetfile] WARNING: Unknown VALIDATION_ALG:type=2, length=0
2026-03-17 16:17:54.973 [cefgetfile] WARNING: Unknown VALIDATION_ALG:type=2, length=0
2026-03-17 16:17:54.973 [cefgetfile] WARNING: Unknown VALIDATION_ALG:type=2, length=0
2026-03-17 16:17:54.973 [cefgetfile] WARNING: Unknown VALIDATION_ALG:type=2, length=0
2026-03-17 16:17:54.973 [cefgetfile] WARNING: Unknown VALIDATION_ALG:type=2, length=0
2026-03-17 16:17:54.973 [cefgetfile] WARNING: Unknown VALIDATION_ALG:type=2, length=0
2026-03-17 16:17:54.974 [cefgetfile] WARNING: Unknown VALIDATION_ALG:type=2, length=0
2026-03-17 16:17:54.974 [cefgetfile] WARNING: Unknown VALIDATION_ALG:type=2, length=0
2026-03-17 16:17:54.974 [cefgetfile] WARNING: Unknown VALIDATION_ALG:type=2, length=0
2026-03-17 16:17:54.974 [cefgetfile] WARNING: Unknown VALIDATION_ALG:type=2, length=0
2026-03-17 16:17:54.974 [cefgetfile] WARNING: Unknown VALIDATION_ALG:type=2, length=0
2026-03-17 16:17:54.974 [cefgetfile] WARNING: Unknown VALIDATION_ALG:type=2, length=0
2026-03-17 16:17:54.974 [cefgetfile] WARNING: Unknown VALIDATION_ALG:type=2, length=0
2026-03-17 16:17:54.974 [cefgetfile] WARNING: Unknown VALIDATION_ALG:type=2, length=0
2026-03-17 16:17:54.975 [cefgetfile] WARNING: Unknown VALIDATION_ALG:type=2, length=0
2026-03-17 16:17:54.975 [cefgetfile] WARNING: Unknown VALIDATION_ALG:type=2, length=0
2026-03-17 16:17:54.975 [cefgetfile] WARNING: Unknown VALIDATION_ALG:type=2, length=0
2026-03-17 16:17:54.975 [cefgetfile] WARNING: Unknown VALIDATION_ALG:type=2, length=0
2026-03-17 16:17:54.975 [cefgetfile] WARNING: Unknown VALIDATION_ALG:type=2, length=0
2026-03-17 16:17:54.975 [cefgetfile] WARNING: Unknown VALIDATION_ALG:type=2, length=0
2026-03-17 16:17:54.975 [cefgetfile] WARNING: Unknown VALIDATION_ALG:type=2, length=0
2026-03-17 16:17:54.975 [cefgetfile] WARNING: Unknown VALIDATION_ALG:type=2, length=0
2026-03-17 16:17:54.976 [cefgetfile] WARNING: Unknown VALIDATION_ALG:type=2, length=0
2026-03-17 16:17:54.976 [cefgetfile] WARNING: Unknown VALIDATION_ALG:type=2, length=0
2026-03-17 16:17:54.976 [cefgetfile] WARNING: Unknown VALIDATION_ALG:type=2, length=0
2026-03-17 16:17:54.976 [cefgetfile] WARNING: Unknown VALIDATION_ALG:type=2, length=0
2026-03-17 16:17:54.977 [cefgetfile] WARNING: Unknown VALIDATION_ALG:type=2, length=0
2026-03-17 16:17:54.977 [cefgetfile] WARNING: Unknown VALIDATION_ALG:type=2, length=0
2026-03-17 16:17:54.977 [cefgetfile] WARNING: Unknown VALIDATION_ALG:type=2, length=0
2026-03-17 16:17:54.977 [cefgetfile] WARNING: Unknown VALIDATION_ALG:type=2, length=0
2026-03-17 16:17:54.977 [cefgetfile] WARNING: Unknown VALIDATION_ALG:type=2, length=0
2026-03-17 16:17:54.977 [cefgetfile] WARNING: Unknown VALIDATION_ALG:type=2, length=0
2026-03-17 16:17:54.977 [cefgetfile] WARNING: Unknown VALIDATION_ALG:type=2, length=0
2026-03-17 16:17:54.977 [cefgetfile] WARNING: Unknown VALIDATION_ALG:type=2, length=0
2026-03-17 16:17:54.978 [cefgetfile] WARNING: Unknown VALIDATION_ALG:type=2, length=0
2026-03-17 16:17:54.978 [cefgetfile] WARNING: Unknown VALIDATION_ALG:type=2, length=0
2026-03-17 16:17:54.978 [cefgetfile] WARNING: Unknown VALIDATION_ALG:type=2, length=0
2026-03-17 16:17:54.978 [cefgetfile] WARNING: Unknown VALIDATION_ALG:type=2, length=0
2026-03-17 16:17:54.978 [cefgetfile] WARNING: Unknown VALIDATION_ALG:type=2, length=0
2026-03-17 16:17:54.978 [cefgetfile] WARNING: Unknown VALIDATION_ALG:type=2, length=0
2026-03-17 16:17:54.978 [cefgetfile] WARNING: Unknown VALIDATION_ALG:type=2, length=0
2026-03-17 16:17:54.978 [cefgetfile] WARNING: Unknown VALIDATION_ALG:type=2, length=0
2026-03-17 16:17:54.979 [cefgetfile] WARNING: Unknown VALIDATION_ALG:type=2, length=0
2026-03-17 16:17:54.979 [cefgetfile] WARNING: Unknown VALIDATION_ALG:type=2, length=0
2026-03-17 16:17:54.979 [cefgetfile] WARNING: Unknown VALIDATION_ALG:type=2, length=0
2026-03-17 16:17:54.979 [cefgetfile] WARNING: Unknown VALIDATION_ALG:type=2, length=0
2026-03-17 16:17:54.979 [cefgetfile] WARNING: Unknown VALIDATION_ALG:type=2, length=0
2026-03-17 16:17:54.979 [cefgetfile] WARNING: Unknown VALIDATION_ALG:type=2, length=0
2026-03-17 16:17:54.979 [cefgetfile] WARNING: Unknown VALIDATION_ALG:type=2, length=0
2026-03-17 16:17:54.980 [cefgetfile] WARNING: Unknown VALIDATION_ALG:type=2, length=0
2026-03-17 16:17:54.980 [cefgetfile] WARNING: Unknown VALIDATION_ALG:type=2, length=0
2026-03-17 16:17:54.980 [cefgetfile] WARNING: Unknown VALIDATION_ALG:type=2, length=0
2026-03-17 16:17:54.980 [cefgetfile] WARNING: Unknown VALIDATION_ALG:type=2, length=0
2026-03-17 16:17:54.980 [cefgetfile] WARNING: Unknown VALIDATION_ALG:type=2, length=0
2026-03-17 16:17:54.980 [cefgetfile] WARNING: Unknown VALIDATION_ALG:type=2, length=0
2026-03-17 16:17:54.980 [cefgetfile] WARNING: Unknown VALIDATION_ALG:type=2, length=0
2026-03-17 16:17:54.980 [cefgetfile] WARNING: Unknown VALIDATION_ALG:type=2, length=0
2026-03-17 16:17:54.981 [cefgetfile] WARNING: Unknown VALIDATION_ALG:type=2, length=0
2026-03-17 16:17:54.981 [cefgetfile] WARNING: Unknown VALIDATION_ALG:type=2, length=0
2026-03-17 16:17:54.981 [cefgetfile] WARNING: Unknown VALIDATION_ALG:type=2, length=0
2026-03-17 16:17:54.981 [cefgetfile] WARNING: Unknown VALIDATION_ALG:type=2, length=0
2026-03-17 16:17:54.982 [cefgetfile] WARNING: Unknown VALIDATION_ALG:type=2, length=0
2026-03-17 16:17:54.982 [cefgetfile] WARNING: Unknown VALIDATION_ALG:type=2, length=0
2026-03-17 16:17:54.982 [cefgetfile] WARNING: Unknown VALIDATION_ALG:type=2, length=0
2026-03-17 16:17:54.982 [cefgetfile] WARNING: Unknown VALIDATION_ALG:type=2, length=0
2026-03-17 16:17:54.982 [cefgetfile] WARNING: Unknown VALIDATION_ALG:type=2, length=0
2026-03-17 16:17:54.982 [cefgetfile] WARNING: Unknown VALIDATION_ALG:type=2, length=0
2026-03-17 16:17:54.982 [cefgetfile] WARNING: Unknown VALIDATION_ALG:type=2, length=0
2026-03-17 16:17:54.982 [cefgetfile] WARNING: Unknown VALIDATION_ALG:type=2, length=0
2026-03-17 16:17:54.983 [cefgetfile] WARNING: Unknown VALIDATION_ALG:type=2, length=0
2026-03-17 16:17:54.983 [cefgetfile] WARNING: Unknown VALIDATION_ALG:type=2, length=0
2026-03-17 16:17:54.983 [cefgetfile] WARNING: Unknown VALIDATION_ALG:type=2, length=0
2026-03-17 16:17:54.983 [cefgetfile] WARNING: Unknown VALIDATION_ALG:type=2, length=0
2026-03-17 16:17:54.983 [cefgetfile] WARNING: Unknown VALIDATION_ALG:type=2, length=0
2026-03-17 16:17:54.983 [cefgetfile] WARNING: Unknown VALIDATION_ALG:type=2, length=0
2026-03-17 16:17:54.983 [cefgetfile] WARNING: Unknown VALIDATION_ALG:type=2, length=0
2026-03-17 16:17:54.983 [cefgetfile] WARNING: Unknown VALIDATION_ALG:type=2, length=0
2026-03-17 16:17:54.984 [cefgetfile] WARNING: Unknown VALIDATION_ALG:type=2, length=0
2026-03-17 16:17:54.984 [cefgetfile] WARNING: Unknown VALIDATION_ALG:type=2, length=0
2026-03-17 16:17:54.984 [cefgetfile] WARNING: Unknown VALIDATION_ALG:type=2, length=0
2026-03-17 16:17:54.984 [cefgetfile] WARNING: Unknown VALIDATION_ALG:type=2, length=0
2026-03-17 16:17:54.984 [cefgetfile] WARNING: Unknown VALIDATION_ALG:type=2, length=0
2026-03-17 16:17:54.985 [cefgetfile] WARNING: Unknown VALIDATION_ALG:type=2, length=0
2026-03-17 16:17:54.985 [cefgetfile] WARNING: Unknown VALIDATION_ALG:type=2, length=0
2026-03-17 16:17:54.985 [cefgetfile] WARNING: Unknown VALIDATION_ALG:type=2, length=0
2026-03-17 16:17:54.985 [cefgetfile] WARNING: Unknown VALIDATION_ALG:type=2, length=0
2026-03-17 16:17:54.985 [cefgetfile] WARNING: Unknown VALIDATION_ALG:type=2, length=0
2026-03-17 16:17:54.985 [cefgetfile] WARNING: Unknown VALIDATION_ALG:type=2, length=0
2026-03-17 16:17:54.986 [cefgetfile] WARNING: Unknown VALIDATION_ALG:type=2, length=0
2026-03-17 16:17:54.986 [cefgetfile] WARNING: Unknown VALIDATION_ALG:type=2, length=0
2026-03-17 16:17:54.986 [cefgetfile] WARNING: Unknown VALIDATION_ALG:type=2, length=0
2026-03-17 16:17:54.986 [cefgetfile] WARNING: Unknown VALIDATION_ALG:type=2, length=0
2026-03-17 16:17:54.986 [cefgetfile] WARNING: Unknown VALIDATION_ALG:type=2, length=0
2026-03-17 16:17:54.987 [cefgetfile] WARNING: Unknown VALIDATION_ALG:type=2, length=0
2026-03-17 16:17:54.987 [cefgetfile] WARNING: Unknown VALIDATION_ALG:type=2, length=0
2026-03-17 16:17:54.987 [cefgetfile] WARNING: Unknown VALIDATION_ALG:type=2, length=0
2026-03-17 16:17:54.987 [cefgetfile] WARNING: Unknown VALIDATION_ALG:type=2, length=0
2026-03-17 16:17:54.987 [cefgetfile] WARNING: Unknown VALIDATION_ALG:type=2, length=0
2026-03-17 16:17:54.987 [cefgetfile] WARNING: Unknown VALIDATION_ALG:type=2, length=0
2026-03-17 16:17:54.987 [cefgetfile] WARNING: Unknown VALIDATION_ALG:type=2, length=0
2026-03-17 16:17:54.987 [cefgetfile] WARNING: Unknown VALIDATION_ALG:type=2, length=0
2026-03-17 16:17:54.988 [cefgetfile] WARNING: Unknown VALIDATION_ALG:type=2, length=0
2026-03-17 16:17:54.988 [cefgetfile] WARNING: Unknown VALIDATION_ALG:type=2, length=0
2026-03-17 16:17:54.988 [cefgetfile] WARNING: Unknown VALIDATION_ALG:type=2, length=0
2026-03-17 16:17:54.988 [cefgetfile] WARNING: Unknown VALIDATION_ALG:type=2, length=0
2026-03-17 16:17:54.988 [cefgetfile] WARNING: Unknown VALIDATION_ALG:type=2, length=0
2026-03-17 16:17:54.988 [cefgetfile] WARNING: Unknown VALIDATION_ALG:type=2, length=0
2026-03-17 16:17:54.988 [cefgetfile] WARNING: Unknown VALIDATION_ALG:type=2, length=0
2026-03-17 16:17:54.989 [cefgetfile] WARNING: Unknown VALIDATION_ALG:type=2, length=0
2026-03-17 16:17:54.989 [cefgetfile] WARNING: Unknown VALIDATION_ALG:type=2, length=0
2026-03-17 16:17:54.989 [cefgetfile] WARNING: Unknown VALIDATION_ALG:type=2, length=0
2026-03-17 16:17:54.989 [cefgetfile] WARNING: Unknown VALIDATION_ALG:type=2, length=0
2026-03-17 16:17:54.989 [cefgetfile] WARNING: Unknown VALIDATION_ALG:type=2, length=0
2026-03-17 16:17:54.989 [cefgetfile] WARNING: Unknown VALIDATION_ALG:type=2, length=0
2026-03-17 16:17:54.989 [cefgetfile] WARNING: Unknown VALIDATION_ALG:type=2, length=0
2026-03-17 16:17:54.989 [cefgetfile] WARNING: Unknown VALIDATION_ALG:type=2, length=0
2026-03-17 16:17:54.990 [cefgetfile] WARNING: Unknown VALIDATION_ALG:type=2, length=0
2026-03-17 16:17:54.990 [cefgetfile] WARNING: Unknown VALIDATION_ALG:type=2, length=0
2026-03-17 16:17:54.990 [cefgetfile] WARNING: Unknown VALIDATION_ALG:type=2, length=0
2026-03-17 16:17:54.990 [cefgetfile] WARNING: Unknown VALIDATION_ALG:type=2, length=0
2026-03-17 16:17:54.991 [cefgetfile] WARNING: Unknown VALIDATION_ALG:type=2, length=0
2026-03-17 16:17:54.991 [cefgetfile] WARNING: Unknown VALIDATION_ALG:type=2, length=0
2026-03-17 16:17:54.991 [cefgetfile] WARNING: Unknown VALIDATION_ALG:type=2, length=0
2026-03-17 16:17:54.991 [cefgetfile] WARNING: Unknown VALIDATION_ALG:type=2, length=0
2026-03-17 16:17:54.991 [cefgetfile] WARNING: Unknown VALIDATION_ALG:type=2, length=0
2026-03-17 16:17:54.991 [cefgetfile] WARNING: Unknown VALIDATION_ALG:type=2, length=0
2026-03-17 16:17:54.991 [cefgetfile] WARNING: Unknown VALIDATION_ALG:type=2, length=0
2026-03-17 16:17:54.991 [cefgetfile] WARNING: Unknown VALIDATION_ALG:type=2, length=0
2026-03-17 16:17:54.992 [cefgetfile] WARNING: Unknown VALIDATION_ALG:type=2, length=0
2026-03-17 16:17:54.992 [cefgetfile] WARNING: Unknown VALIDATION_ALG:type=2, length=0
2026-03-17 16:17:54.992 [cefgetfile] WARNING: Unknown VALIDATION_ALG:type=2, length=0
2026-03-17 16:17:54.992 [cefgetfile] WARNING: Unknown VALIDATION_ALG:type=2, length=0
2026-03-17 16:17:54.992 [cefgetfile] WARNING: Unknown VALIDATION_ALG:type=2, length=0
2026-03-17 16:17:54.992 [cefgetfile] WARNING: Unknown VALIDATION_ALG:type=2, length=0
2026-03-17 16:17:54.992 [cefgetfile] WARNING: Unknown VALIDATION_ALG:type=2, length=0
2026-03-17 16:17:54.992 [cefgetfile] WARNING: Unknown VALIDATION_ALG:type=2, length=0
2026-03-17 16:17:54.993 [cefgetfile] WARNING: Unknown VALIDATION_ALG:type=2, length=0
2026-03-17 16:17:54.993 [cefgetfile] WARNING: Unknown VALIDATION_ALG:type=2, length=0
2026-03-17 16:17:54.993 [cefgetfile] WARNING: Unknown VALIDATION_ALG:type=2, length=0
2026-03-17 16:17:54.993 [cefgetfile] WARNING: Unknown VALIDATION_ALG:type=2, length=0
2026-03-17 16:17:54.993 [cefgetfile] WARNING: Unknown VALIDATION_ALG:type=2, length=0
2026-03-17 16:17:54.993 [cefgetfile] WARNING: Unknown VALIDATION_ALG:type=2, length=0
2026-03-17 16:17:54.993 [cefgetfile] WARNING: Unknown VALIDATION_ALG:type=2, length=0
2026-03-17 16:17:54.993 [cefgetfile] WARNING: Unknown VALIDATION_ALG:type=2, length=0
2026-03-17 16:17:54.994 [cefgetfile] WARNING: Unknown VALIDATION_ALG:type=2, length=0
2026-03-17 16:17:54.994 [cefgetfile] WARNING: Unknown VALIDATION_ALG:type=2, length=0
2026-03-17 16:17:54.994 [cefgetfile] WARNING: Unknown VALIDATION_ALG:type=2, length=0
2026-03-17 16:17:54.994 [cefgetfile] WARNING: Unknown VALIDATION_ALG:type=2, length=0
2026-03-17 16:17:54.994 [cefgetfile] WARNING: Unknown VALIDATION_ALG:type=2, length=0
2026-03-17 16:17:54.994 [cefgetfile] WARNING: Unknown VALIDATION_ALG:type=2, length=0
2026-03-17 16:17:54.994 [cefgetfile] WARNING: Unknown VALIDATION_ALG:type=2, length=0
2026-03-17 16:17:54.995 [cefgetfile] WARNING: Unknown VALIDATION_ALG:type=2, length=0
2026-03-17 16:17:54.995 [cefgetfile] WARNING: Unknown VALIDATION_ALG:type=2, length=0
2026-03-17 16:17:54.995 [cefgetfile] WARNING: Unknown VALIDATION_ALG:type=2, length=0
2026-03-17 16:17:54.995 [cefgetfile] WARNING: Unknown VALIDATION_ALG:type=2, length=0
2026-03-17 16:17:54.995 [cefgetfile] WARNING: Unknown VALIDATION_ALG:type=2, length=0
2026-03-17 16:17:54.996 [cefgetfile] WARNING: Unknown VALIDATION_ALG:type=2, length=0
2026-03-17 16:17:54.996 [cefgetfile] WARNING: Unknown VALIDATION_ALG:type=2, length=0
2026-03-17 16:17:54.996 [cefgetfile] WARNING: Unknown VALIDATION_ALG:type=2, length=0
2026-03-17 16:17:54.996 [cefgetfile] WARNING: Unknown VALIDATION_ALG:type=2, length=0
2026-03-17 16:17:54.996 [cefgetfile] WARNING: Unknown VALIDATION_ALG:type=2, length=0
2026-03-17 16:17:54.996 [cefgetfile] WARNING: Unknown VALIDATION_ALG:type=2, length=0
2026-03-17 16:17:54.996 [cefgetfile] WARNING: Unknown VALIDATION_ALG:type=2, length=0
2026-03-17 16:17:54.997 [cefgetfile] WARNING: Unknown VALIDATION_ALG:type=2, length=0
2026-03-17 16:17:54.997 [cefgetfile] WARNING: Unknown VALIDATION_ALG:type=2, length=0
2026-03-17 16:17:54.997 [cefgetfile] WARNING: Unknown VALIDATION_ALG:type=2, length=0
2026-03-17 16:17:54.997 [cefgetfile] WARNING: Unknown VALIDATION_ALG:type=2, length=0
2026-03-17 16:17:54.997 [cefgetfile] WARNING: Unknown VALIDATION_ALG:type=2, length=0
2026-03-17 16:17:54.997 [cefgetfile] WARNING: Unknown VALIDATION_ALG:type=2, length=0
2026-03-17 16:17:54.997 [cefgetfile] WARNING: Unknown VALIDATION_ALG:type=2, length=0
2026-03-17 16:17:54.997 [cefgetfile] WARNING: Unknown VALIDATION_ALG:type=2, length=0
2026-03-17 16:17:54.998 [cefgetfile] WARNING: Unknown VALIDATION_ALG:type=2, length=0
2026-03-17 16:17:54.998 [cefgetfile] WARNING: Unknown VALIDATION_ALG:type=2, length=0
2026-03-17 16:17:54.998 [cefgetfile] WARNING: Unknown VALIDATION_ALG:type=2, length=0
2026-03-17 16:17:54.998 [cefgetfile] WARNING: Unknown VALIDATION_ALG:type=2, length=0
2026-03-17 16:17:54.998 [cefgetfile] WARNING: Unknown VALIDATION_ALG:type=2, length=0
2026-03-17 16:17:54.998 [cefgetfile] WARNING: Unknown VALIDATION_ALG:type=2, length=0
2026-03-17 16:17:54.998 [cefgetfile] WARNING: Unknown VALIDATION_ALG:type=2, length=0
2026-03-17 16:17:54.998 [cefgetfile] WARNING: Unknown VALIDATION_ALG:type=2, length=0
2026-03-17 16:17:54.999 [cefgetfile] WARNING: Unknown VALIDATION_ALG:type=2, length=0
2026-03-17 16:17:54.999 [cefgetfile] WARNING: Unknown VALIDATION_ALG:type=2, length=0
2026-03-17 16:17:54.999 [cefgetfile] WARNING: Unknown VALIDATION_ALG:type=2, length=0
2026-03-17 16:17:54.999 [cefgetfile] WARNING: Unknown VALIDATION_ALG:type=2, length=0
2026-03-17 16:17:54.999 [cefgetfile] WARNING: Unknown VALIDATION_ALG:type=2, length=0
2026-03-17 16:17:54.000 [cefgetfile] WARNING: Unknown VALIDATION_ALG:type=2, length=0
2026-03-17 16:17:54.000 [cefgetfile] WARNING: Unknown VALIDATION_ALG:type=2, length=0
2026-03-17 16:17:54.000 [cefgetfile] WARNING: Unknown VALIDATION_ALG:type=2, length=0
2026-03-17 16:17:54.000 [cefgetfile] WARNING: Unknown VALIDATION_ALG:type=2, length=0
2026-03-17 16:17:54.000 [cefgetfile] WARNING: Unknown VALIDATION_ALG:type=2, length=0
2026-03-17 16:17:54.000 [cefgetfile] WARNING: Unknown VALIDATION_ALG:type=2, length=0
2026-03-17 16:17:54.000 [cefgetfile] WARNING: Unknown VALIDATION_ALG:type=2, length=0
2026-03-17 16:17:54.001 [cefgetfile] WARNING: Unknown VALIDATION_ALG:type=2, length=0
2026-03-17 16:17:54.001 [cefgetfile] WARNING: Unknown VALIDATION_ALG:type=2, length=0
2026-03-17 16:17:54.001 [cefgetfile] WARNING: Unknown VALIDATION_ALG:type=2, length=0
2026-03-17 16:17:54.001 [cefgetfile] WARNING: Unknown VALIDATION_ALG:type=2, length=0
2026-03-17 16:17:54.001 [cefgetfile] WARNING: Unknown VALIDATION_ALG:type=2, length=0
2026-03-17 16:17:54.001 [cefgetfile] WARNING: Unknown VALIDATION_ALG:type=2, length=0
2026-03-17 16:17:54.001 [cefgetfile] WARNING: Unknown VALIDATION_ALG:type=2, length=0
2026-03-17 16:17:54.001 [cefgetfile] WARNING: Unknown VALIDATION_ALG:type=2, length=0
2026-03-17 16:17:54.002 [cefgetfile] WARNING: Unknown VALIDATION_ALG:type=2, length=0
2026-03-17 16:17:54.002 [cefgetfile] WARNING: Unknown VALIDATION_ALG:type=2, length=0
2026-03-17 16:17:54.002 [cefgetfile] WARNING: Unknown VALIDATION_ALG:type=2, length=0
2026-03-17 16:17:54.002 [cefgetfile] WARNING: Unknown VALIDATION_ALG:type=2, length=0
2026-03-17 16:17:54.002 [cefgetfile] WARNING: Unknown VALIDATION_ALG:type=2, length=0
2026-03-17 16:17:54.002 [cefgetfile] WARNING: Unknown VALIDATION_ALG:type=2, length=0
2026-03-17 16:17:54.002 [cefgetfile] WARNING: Unknown VALIDATION_ALG:type=2, length=0
2026-03-17 16:17:54.003 [cefgetfile] WARNING: Unknown VALIDATION_ALG:type=2, length=0
2026-03-17 16:17:54.003 [cefgetfile] WARNING: Unknown VALIDATION_ALG:type=2, length=0
2026-03-17 16:17:54.003 [cefgetfile] WARNING: Unknown VALIDATION_ALG:type=2, length=0
2026-03-17 16:17:54.003 [cefgetfile] WARNING: Unknown VALIDATION_ALG:type=2, length=0
2026-03-17 16:17:54.003 [cefgetfile] WARNING: Unknown VALIDATION_ALG:type=2, length=0
[cefgetfile] Completed to get all the chunks.
[cefgetfile] Unconnect to cefnetd ... OK
[cefgetfile] Terminate
[cefgetfile] Rx Frames (All)           = 424
[cefgetfile] Rx Frames (ContentObject) = 424
[cefgetfile] Rx Bytes (All)            = 444414
[cefgetfile] Rx Bytes (ContentObject)  = 433390
[cefgetfile] Duration                  = 0.063 sec
[cefgetfile] Throughput                = 57197979 bps
[cefgetfile] Goodput                   = 55779143 bps
[cefgetfile] Jitter (Ave)              = 146 us
[cefgetfile] Jitter (Max)              = 1645 us
[cefgetfile] Jitter (Var)              = 11259 us
