[cefgetfile] Start
[cefgetfile] Parsing parameters ...OK
2026-03-17 16:18:36.968 [cefgetfile] INFO: [client] Config directory is ./h0
2026-03-17 16:18:36.968 [cefgetfile] INFO: [client] Local Socket Name is /tmp/cef_9695.0
2026-03-17 16:18:36.968 [cefgetfile] INFO: [client] Listen Port is 9695
[cefgetfile] Init Cefore Client package ... OK
[cefgetfile] Conversion from URI into Name ... OK
[cefgetfile] Checking the output file ... OK
[cefgetfile] Connect to cefnetd ... OK
[cefgetfile] URI=ccnx:/test/sample
[cefgetfile] Start sending Interests
2026-03-17 16:18:36.979 [cefgetfile] WARNING: Unknown VALIDATION_ALG:type=2, length=0
2026-03-17 16:18:36.979 [cefgetfile] WARNING: Unknown VALIDATION_ALG:type=2, length=0
2026-03-17 16:18:36.979 [cefgetfile] WARNING: Unknown VALIDATION_ALG:type=2, length=0
2026-03-17 16:18:36.979 [cefgetfile] WARNING: Unknown VALIDATION_ALG:type=2, length=0
2026-03-17 16:18:36.979 [cefgetfile] WARNING: Unknown VALIDATION_ALG:type=2, length=0
2026-03-17 16:18:36.979 [cefgetfile] WARNING: Unknown VALIDATION_ALG:type=2, length=0
2026-03-17 16:18:36.979 [cefgetfile] WARNING: Unknown VALIDATION_ALG:type=2, length=0
2026-03-17 16:18:36.979 [cefgetfile] WARNING: Unknown VALIDATION_ALG:type=2, length=0
2026-03-17 16:18:36.979 [cefgetfile] WARNING: Unknown VALIDATION_ALG:type=2, length=0
2026-03-17 16:18:36.979 [cefgetfile] WARNING: Unknown VALIDATION_ALG:type=2, length=0
2026-03-17 16:18:36.979 [cefgetfile] WARNING: Unknown VALIDATION_ALG:type=2, length=0
2026-03-17 16:18:36.979 [cefgetfile] WARNING: Unknown VALIDATION_ALG:type=2, length=0
2026-03-17 16:18:36.980 [cefgetfile] WARNING: Unknown VALIDATION_ALG:type=2, length=0
2026-03-17 16:18:36.980 [cefgetfile] WARNING: Unknown VALIDATION_ALG:type=2, length=0
2026-03-17 16:18:36.980 [cefgetfile] WARNING: Unknown VALIDATION_ALG:type=2, length=0
2026-03-17 16:18:36.980 [cefgetfile] WARNING: Unknown VALIDATION_ALG:type=2, length=0
2026-03-17 16:18:36.980 [cefgetfile] WARNING: Unknown VALIDATION_ALG:type=2, length=0
2026-03-17 16:18:36.980 [cefgetfile] WARNING: Unknown VALIDATION_ALG:type=2, length=0
2026-03-17 16:18:36.980 [cefgetfile] WARNING: Unknown VALIDATION_ALG:type=2, length=0
2026-03-17 16:18:36.981 [cefgetfile] WARNING: Unknown VALIDATION_ALG:type=2, length=0
2026-03-17 16:18:36.981 [cefgetfile] WARNING: Unknown VALIDATION_ALG:type=2, length=0
2026-03-17 16:18:36.981 [cefgetfile] WARNING: Unknown VALIDATION_ALG:type=2, length=0
2026-03-17 16:18:36.981 [cefgetfile] WARNING: Unknown VALIDATION_ALG:type=2, length=0
2026-03-17 16:18:36.981 [cefgetfile] WARNING: Unknown VALIDATION_ALG:type=2, length=0
2026-03-17 16:18:36.981 [cefgetfile] WARNING: Unknown VALIDATION_ALG:type=2, length=0
2026-03-17 16:18:36.981 [cefgetfile] WARNING: Unknown VALIDATION_ALG:type=2, length=0
2026-03-17 16:18:36.981 [cefgetfile] WARNING: Unknown VALIDATION_ALG:type=2, length=0
2026-03-17 16:18:36.982 [cefgetfile] WARNING: Unknown VALIDATION_ALG:type=2, length=0
2026-03-17 16:18:36.982 [cefgetfile] WARNING: Unknown VALIDATION_ALG:type=2, length=0
2026-03-17 16:18:36.982 [cefgetfile] WARNING: Unknown VALIDATION_ALG:type=2, length=0
2026-03-17 16:18:36.982 [cefgetfile] WARNING: Unknown VALIDATION_ALG:type=2, length=0
2026-03-17 16:18:36.982 [cefgetfile] WARNING: Unknown VALIDATION_ALG:type=2, length=0
2026-03-17 16:18:36.982 [cefgetfile] WARNING: Unknown VALIDATION_ALG:type=2, length=0
2026-03-17 16:18:36.982 [cefgetfile] WARNING: Unknown VALIDATION_ALG:type=2, length=0
2026-03-17 16:18:36.982 [cefgetfile] WARNING: Unknown VALIDATION_ALG:type=2, length=0
2026-03-17 16:18:36.983 [cefgetfile] WARNING: Unknown VALIDATION_ALG:type=2, length=0
2026-03-17 16:18:36.983 [cefgetfile] WARNING: Unknown VALIDATION_ALG:type=2, length=0
2026-03-17 16:18:36.983 [cefgetfile] WARNING: Unknown VALIDATION_ALG:type=2, length=0
2026-03-17 16:18:36.983 [cefgetfile] WARNING: Unknown VALIDATION_ALG:type=2, length=0
2026-03-17 16:18:36.983 [cefgetfile] WARNING: Unknown VALIDATION_ALG:type=2, length=0
2026-03-17 16:18:36.983 [cefgetfile] WARNING: Unknown VALIDATION_ALG:type=2, length=0
2026-03-17 16:18:36.983 [cefgetfile] WARNING: Unknown VALIDATION_ALG:type=2, length=0
2026-03-17 16:18:36.983 [cefgetfile] WARNING: Unknown VALIDATION_ALG:type=2, length=0
2026-03-17 16:18:36.984 [cefgetfile] WARNING: Unknown VALIDATION_ALG:type=2, length=0
2026-03-17 16:18:36.984 [cefgetfile] WARNING: Unknown VALIDATION_ALG:type=2, length=0
2026-03-17 16:18:36.984 [cefgetfile] WARNING: Unknown VALIDATION_ALG:type=2, length=0
2026-03-17 16:18:36.984 [cefgetfile] WARNING: Unknown VALIDATION_ALG:type=2, length=0
2026-03-17 16:18:36.984 [cefgetfile] WARNING: Unknown VALIDATION_ALG:type=2, length=0
2026-03-17 16:18:36.984 [cefgetfile] WARNING: Unknown VALIDATION_ALG:type=2, length=0
2026-03-17 16:18:36.984 [cefgetfile] WARNING: Unknown VALIDATION_ALG:type=2, length=0
2026-03-17 16:18:36.985 [cefgetfile] WARNING: Unknown VALIDATION_ALG:type=2, length=0
2026-03-17 16:18:36.985 [cefgetfile] WARNING: Unknown VALIDATION_ALG:type=2, length=0
2026-03-17 16:18:36.985 [cefgetfile] WARNING: Unknown VALIDATION_ALG:type=2, length=0
2026-03-17 16:18:36.985 [cefgetfile] WARNING: Unknown VALIDATION_ALG:type=2, length=0
2026-03-17 16:18:36.985 [cefgetfile] WARNING: Unknown VALIDATION_ALG:type=2, length=0
2026-03-17 16:18:36.985 [cefgetfile] WARNING: Unknown VALIDATION_ALG:type=2, length=0
2026-03-17 16:18:36.985 [cefgetfile] WARNING: Unknown VALIDATION_ALG:type=2, length=0
2026-03-17 16:18:36.985 [cefgetfile] WARNING: Unknown VALIDATION_ALG:type=2, length=0
2026-03-17 16:18:36.986 [cefgetfile] WARNING: Unknown VALIDATION_ALG:type=2, length=0
2026-03-17 16:18:36.986 [cefgetfile] WARNING: Unknown VALIDATION_ALG:type=2, length=0
2026-03-17 16:18:36.986 [cefgetfile] WARNING: Unknown VALIDATION_ALG:type=2, length=0
2026-03-17 16:18:36.986 [cefgetfile] WARNING: Unknown VALIDATION_ALG:type=2, length=0
2026-03-17 16:18:36.986 [cefgetfile] WARNING: Unknown VALIDATION_ALG:type=2, length=0
2026-03-17 16:18:36.986 [cefgetfile] WARNING: Unknown VALIDATION_ALG:type=2, length=0
2026-03-17 16:18:36.986 [cefgetfile] WARNING: Unknown VALIDATION_ALG:type=2, length=0
2026-03-17 16:18:36.986 [cefgetfile] WARNING: Unknown VALIDATION_ALG:type=2, length=0
2026-03-17 16:18:36.987 [cefgetfile] WARNING: Unknown VALIDATION_ALG:type=2, length=0
2026-03-17 16:18:36.987 [cefgetfile] WARNING: Unknown VALIDATION_ALG:type=2, length=0
2026-03-17 16:18:36.987 [cefgetfile] WARNING: Unknown VALIDATION_ALG:type=2, length=0
2026-03-17 16:18:36.987 [cefgetfile] WARNING: Unknown VALIDATION_ALG:type=2, length=0
2026-03-17 16:18:36.987 [cefgetfile] WARNING: Unknown VALIDATION_ALG:type=2, length=0
2026-03-17 16:18:36.987 [cefgetfile] WARNING: Unknown VALIDATION_ALG:type=2, length=0
2026-03-17 16:18:36.987 [cefgetfile] WARNING: Unknown VALIDATION_ALG:type=2, length=0
2026-03-17 16:18:36.988 [cefgetfile] WARNING: Unknown VALIDATION_ALG:type=2, length=0
2026-03-17 16:18:36.988 [cefgetfile] WARNING: Unknown VALIDATION_ALG:type=2, length=0
2026-03-17 16:18:36.988 [cefgetfile] WARNING: Unknown VALIDATION_ALG:type=2, length=0
2026-03-17 16:18:36.988 [cefgetfile] WARNING: Unknown VALIDATION_ALG:type=2, length=0
2026-03-17 16:18:36.988 [cefgetfile] WARNING: Unknown VALIDATION_ALG:type=2, length=0
2026-03-17 16:18:36.988 [cefgetfile] WARNING: Unknown VALIDATION_ALG:type=2, length=0
2026-03-17 16:18:36.988 [cefgetfile] WARNING: Unknown VALIDATION_ALG:type=2, length=0
2026-03-17 16:18:36.989 [cefgetfile] WARNING: Unknown VALIDATION_ALG:type=2, length=0
2026-03-17 16:18:36.989 [cefgetfile] WARNING: Unknown VALIDATION_ALG:type=2, length=0
2026-03-17 16:18:36.989 [cefgetfile] WARNING: Unknown VALIDATION_ALG:type=2, length=0
2026-03-17 16:18:36.989 [cefgetfile] WARNING: Unknown VALIDATION_ALG:type=2, length=0
2026-03-17 16:18:36.989 [cefgetfile] WARNING: Unknown VALIDATION_ALG:type=2, length=0
2026-03-17 16:18:36.989 [cefgetfile] WARNING: Unknown VALIDATION_ALG:type=2, length=0
2026-03-17 16:18:36.989 [cefgetfile] WARNING: Unknown VALIDATION_ALG:type=2, length=0
2026-03-17 16:18:36.989 [cefgetfile] WARNING: Unknown VALIDATION_ALG:type=2, length=0
2026-03-17 16:18:36.990 [cefgetfile] WARNING: Unknown VALIDATION_ALG:type=2, length=0
2026-03-17 16:18:36.990 [cefgetfile] WARNING: Unknown VALIDATION_ALG:type=2, length=0
2026-03-17 16:18:36.990 [cefgetfile] WARNING: Unknown VALIDATION_ALG:type=2, length=0
2026-03-17 16:18:36.990 [cefgetfile] WARNING: Unknown VALIDATION_ALG:type=2, length=0
2026-03-17 16:18:36.990 [cefgetfile] WARNING: Unknown VALIDATION_ALG:type=2, length=0
2026-03-17 16:18:36.990 [cefgetfile] WARNING: Unknown VALIDATION_ALG:type=2, length=0
2026-03-17 16:18:36.990 [cefgetfile] WARNING: Unknown VALIDATION_ALG:type=2, length=0
2026-03-17 16:18:36.990 [cefgetfile] WARNING: Unknown VALIDATION_ALG:type=2, length=0
2026-03-17 16:18:36.991 [cefgetfile] WARNING: Unknown VALIDATION_ALG:type=2, length=0
2026-03-17 16:18:36.991 [cefgetfile] WARNING: Unknown VALIDATION_ALG:type=2, length=0
2026-03-17 16:18:36.991 [cefgetfile] WARNING: Unknown VALIDATION_ALG:type=2, length=0
2026-03-17 16:18:36.991 [cefgetfile] WARNING: Unknown VALIDATION_ALG:type=2, length=0
2026-03-17 16:18:36.991 [cefgetfile] WARNING: Unknown VALIDATION_ALG:type=2, length=0
2026-03-17 16:18:36.991 [cefgetfile] WARNING: Unknown VALIDATION_ALG:type=2, length=0
2026-03-17 16:18:36.991 [cefgetfile] WARNING: Unknown VALIDATION_ALG:type=2, length=0
2026-03-17 16:18:36.991 [cefgetfile] WARNING: Unknown VALIDATION_ALG:type=2, length=0
2026-03-17 16:18:36.992 [cefgetfile] WARNING: Unknown VALIDATION_ALG:type=2, length=0
2026-03-17 16:18:36.992 [cefgetfile] WARNING: Unknown VALIDATION_ALG:type=2, length=0
2026-03-17 16:18:36.992 [cefgetfile] WARNING: Unknown VALIDATION_ALG:type=2, length=0
2026-03-17 16:18:36.992 [cefgetfile] WARNING: Unknown VALIDATION_ALG:type=2, length=0
2026-03-17 16:18:36.992 [cefgetfile] WARNING: Unknown VALIDATION_ALG:type=2, length=0
2026-03-17 16:18:36.992 [cefgetfile] WARNING: Unknown VALIDATION_ALG:type=2, length=0
2026-03-17 16:18:36.993 [cefgetfile] WARNING: Unknown VALIDATION_ALG:type=2, length=0
2026-03-17 16:18:36.993 [cefgetfile] WARNING: Unknown VALIDATION_ALG:type=2, length=0
2026-03-17 16:18:36.993 [cefgetfile] WARNING: Unknown VALIDATION_ALG:type=2, length=0
2026-03-17 16:18:36.993 [cefgetfile] WARNING: Unknown VALIDATION_ALG:type=2, length=0
2026-03-17 16:18:36.993 [cefgetfile] WARNING: Unknown VALIDATION_ALG:type=2, length=0
2026-03-17 16:18:36.993 [cefgetfile] WARNING: Unknown VALIDATION_ALG:type=2, length=0
2026-03-17 16:18:36.993 [cefgetfile] WARNING: Unknown VALIDATION_ALG:type=2, length=0
2026-03-17 16:18:36.993 [cefgetfile] WARNING: Unknown VALIDATION_ALG:type=2, length=0
2026-03-17 16:18:36.994 [cefgetfile] WARNING: Unknown VALIDATION_ALG:type=2, length=0
2026-03-17 16:18:36.994 [cefgetfile] WARNING: Unknown VALIDATION_ALG:type=2, length=0
2026-03-17 16:18:36.994 [cefgetfile] WARNING: Unknown VALIDATION_ALG:type=2, length=0
2026-03-17 16:18:36.994 [cefgetfile] WARNING: Unknown VALIDATION_ALG:type=2, length=0
2026-03-17 16:18:36.994 [cefgetfile] WARNING: Unknown VALIDATION_ALG:type=2, length=0
2026-03-17 16:18:36.994 [cefgetfile] WARNING: Unknown VALIDATION_ALG:type=2, length=0
2026-03-17 16:18:36.994 [cefgetfile] WARNING: Unknown VALIDATION_ALG:type=2, length=0
2026-03-17 16:18:36.995 [cefgetfile] WARNING: Unknown VALIDATION_ALG:type=2, length=0
2026-03-17 16:18:36.995 [cefgetfile] WARNING: Unknown VALIDATION_ALG:type=2, length=0
2026-03-17 16:18:36.995 [cefgetfile] WARNING: Unknown VALIDATION_ALG:type=2, length=0
2026-03-17 16:18:36.995 [cefgetfile] WARNING: Unknown VALIDATION_ALG:type=2, length=0
2026-03-17 16:18:36.995 [cefgetfile] WARNING: Unknown VALIDATION_ALG:type=2, length=0
2026-03-17 16:18:36.995 [cefgetfile] WARNING: Unknown VALIDATION_ALG:type=2, length=0
2026-03-17 16:18:36.995 [cefgetfile] WARNING: Unknown VALIDATION_ALG:type=2, length=0
2026-03-17 16:18:36.995 [cefgetfile] WARNING: Unknown VALIDATION_ALG:type=2, length=0
2026-03-17 16:18:36.996 [cefgetfile] WARNING: Unknown VALIDATION_ALG:type=2, length=0
2026-03-17 16:18:36.996 [cefgetfile] WARNING: Unknown VALIDATION_ALG:type=2, length=0
2026-03-17 16:18:36.996 [cefgetfile] WARNING: Unknown VALIDATION_ALG:type=2, length=0
2026-03-17 16:18:36.996 [cefgetfile] WARNING: Unknown VALIDATION_ALG:type=2, length=0
2026-03-17 16:18:36.996 [cefgetfile] WARNING: Unknown VALIDATION_ALG:type=2, length=0
2026-03-17 16:18:36.996 [cefgetfile] WARNING: Unknown VALIDATION_ALG:type=2, length=0
2026-03-17 16:18:36.996 [cefgetfile] WARNING: Unknown VALIDATION_ALG:type=2, length=0
2026-03-17 16:18:36.996 [cefgetfile] WARNING: Unknown VALIDATION_ALG:type=2, length=0
2026-03-17 16:18:36.997 [cefgetfile] WARNING: Unknown VALIDATION_ALG:type=2, length=0
2026-03-17 16:18:36.997 [cefgetfile] WARNING: Unknown VALIDATION_ALG:type=2, length=0
2026-03-17 16:18:36.997 [cefgetfile] WARNING: Unknown VALIDATION_ALG:type=2, length=0
2026-03-17 16:18:36.997 [cefgetfile] WARNING: Unknown VALIDATION_ALG:type=2, length=0
2026-03-17 16:18:36.997 [cefgetfile] WARNING: Unknown VALIDATION_ALG:type=2, length=0
2026-03-17 16:18:36.997 [cefgetfile] WARNING: Unknown VALIDATION_ALG:type=2, length=0
2026-03-17 16:18:36.997 [cefgetfile] WARNING: Unknown VALIDATION_ALG:type=2, length=0
2026-03-17 16:18:36.998 [cefgetfile] WARNING: Unknown VALIDATION_ALG:type=2, length=0
2026-03-17 16:18:36.998 [cefgetfile] WARNING: Unknown VALIDATION_ALG:type=2, length=0
2026-03-17 16:18:36.998 [cefgetfile] WARNING: Unknown VALIDATION_ALG:type=2, length=0
2026-03-17 16:18:36.998 [cefgetfile] WARNING: Unknown VALIDATION_ALG:type=2, length=0
2026-03-17 16:18:36.998 [cefgetfile] WARNING: Unknown VALIDATION_ALG:type=2, length=0
2026-03-17 16:18:36.998 [cefgetfile] WARNING: Unknown VALIDATION_ALG:type=2, length=0
2026-03-17 16:18:36.998 [cefgetfile] WARNING: Unknown VALIDATION_ALG:type=2, length=0
2026-03-17 16:18:36.998 [cefgetfile] WARNING: Unknown VALIDATION_ALG:type=2, length=0
2026-03-17 16:18:36.999 [cefgetfile] WARNING: Unknown VALIDATION_ALG:type=2, length=0
2026-03-17 16:18:36.999 [cefgetfile] WARNING: Unknown VALIDATION_ALG:type=2, length=0
2026-03-17 16:18:36.999 [cefgetfile] WARNING: Unknown VALIDATION_ALG:type=2, length=0
2026-03-17 16:18:36.999 [cefgetfile] WARNING: Unknown VALIDATION_ALG:type=2, length=0
2026-03-17 16:18:36.999 [cefgetfile] WARNING: Unknown VALIDATION_ALG:type=2, length=0
2026-03-17 16:18:36.999 [cefgetfile] WARNING: Unknown VALIDATION_ALG:type=2, length=0
2026-03-17 16:18:36.999 [cefgetfile] WARNING: Unknown VALIDATION_ALG:type=2, length=0
2026-03-17 16:18:36.999 [cefgetfile] WARNING: Unknown VALIDATION_ALG:type=2, length=0
2026-03-17 16:18:36.000 [cefgetfile] WARNING: Unknown VALIDATION_ALG:type=2, length=0
2026-03-17 16:18:36.000 [cefgetfile] WARNING: Unknown VALIDATION_ALG:type=2, length=0
2026-03-17 16:18:36.000 [cefgetfile] WARNING: Unknown VALIDATION_ALG:type=2, length=0
2026-03-17 16:18:36.000 [cefgetfile] WARNING: Unknown VALIDATION_ALG:type=2, length=0
2026-03-17 16:18:36.000 [cefgetfile] WARNING: Unknown VALIDATION_ALG:type=2, length=0
2026-03-17 16:18:36.000 [cefgetfile] WARNING: Unknown VALIDATION_ALG:type=2, length=0
2026-03-17 16:18:36.000 [cefgetfile] WARNING: Unknown VALIDATION_ALG:type=2, length=0
2026-03-17 16:18:36.000 [cefgetfile] WARNING: Unknown VALIDATION_ALG:type=2, length=0
2026-03-17 16:18:36.001 [cefgetfile] WARNING: Unknown VALIDATION_ALG:type=2, length=0
2026-03-17 16:18:36.001 [cefgetfile] WARNING: Unknown VALIDATION_ALG:type=2, length=0
2026-03-17 16:18:36.001 [cefgetfile] WARNING: Unknown VALIDATION_ALG:type=2, length=0
2026-03-17 16:18:36.001 [cefgetfile] WARNING: Unknown VALIDATION_ALG:type=2, length=0
2026-03-17 16:18:36.001 [cefgetfile] WARNING: Unknown VALIDATION_ALG:type=2, length=0
2026-03-17 16:18:36.001 [cefgetfile] WARNING: Unknown VALIDATION_ALG:type=2, length=0
2026-03-17 16:18:36.001 [cefgetfile] WARNING: Unknown VALIDATION_ALG:type=2, length=0
2026-03-17 16:18:36.002 [cefgetfile] WARNING: Unknown VALIDATION_ALG:type=2, length=0
2026-03-17 16:18:36.002 [cefgetfile] WARNING: Unknown VALIDATION_ALG:type=2, length=0
2026-03-17 16:18:36.002 [cefgetfile] WARNING: Unknown VALIDATION_ALG:type=2, length=0
2026-03-17 16:18:36.002 [cefgetfile] WARNING: Unknown VALIDATION_ALG:type=2, length=0
2026-03-17 16:18:36.002 [cefgetfile] WARNING: Unknown VALIDATION_ALG:type=2, length=0
2026-03-17 16:18:36.002 [cefgetfile] WARNING: Unknown VALIDATION_ALG:type=2, length=0
2026-03-17 16:18:36.002 [cefgetfile] WARNING: Unknown VALIDATION_ALG:type=2, length=0
2026-03-17 16:18:36.002 [cefgetfile] WARNING: Unknown VALIDATION_ALG:type=2, length=0
2026-03-17 16:18:36.002 [cefgetfile] WARNING: Unknown VALIDATION_ALG:type=2, length=0
2026-03-17 16:18:36.003 [cefgetfile] WARNING: Unknown VALIDATION_ALG:type=2, length=0
2026-03-17 16:18:36.003 [cefgetfile] WARNING: Unknown VALIDATION_ALG:type=2, length=0
2026-03-17 16:18:36.003 [cefgetfile] WARNING: Unknown VALIDATION_ALG:type=2, length=0
2026-03-17 16:18:36.003 [cefgetfile] WARNING: Unknown VALIDATION_ALG:type=2, length=0
2026-03-17 16:18:36.003 [cefgetfile] WARNING: Unknown VALIDATION_ALG:type=2, length=0
2026-03-17 16:18:36.003 [cefgetfile] WARNING: Unknown VALIDATION_ALG:type=2, length=0
2026-03-17 16:18:36.003 [cefgetfile] WARNING: Unknown VALIDATION_ALG:type=2, length=0
2026-03-17 16:18:36.004 [cefgetfile] WARNING: Unknown VALIDATION_ALG:type=2, length=0
2026-03-17 16:18:36.004 [cefgetfile] WARNING: Unknown VALIDATION_ALG:type=2, length=0
2026-03-17 16:18:36.004 [cefgetfile] WARNING: Unknown VALIDATION_ALG:type=2, length=0
2026-03-17 16:18:37.004 [cefgetfile] WARNING: Unknown VALIDATION_ALG:type=2, length=0
2026-03-17 16:18:37.004 [cefgetfile] WARNING: Unknown VALIDATION_ALG:type=2, length=0
2026-03-17 16:18:37.004 [cefgetfile] WARNING: Unknown VALIDATION_ALG:type=2, length=0
2026-03-17 16:18:37.004 [cefgetfile] WARNING: Unknown VALIDATION_ALG:type=2, length=0
2026-03-17 16:18:37.005 [cefgetfile] WARNING: Unknown VALIDATION_ALG:type=2, length=0
2026-03-17 16:18:37.005 [cefgetfile] WARNING: Unknown VALIDATION_ALG:type=2, length=0
2026-03-17 16:18:37.005 [cefgetfile] WARNING: Unknown VALIDATION_ALG:type=2, length=0
2026-03-17 16:18:37.005 [cefgetfile] WARNING: Unknown VALIDATION_ALG:type=2, length=0
2026-03-17 16:18:37.005 [cefgetfile] WARNING: Unknown VALIDATION_ALG:type=2, length=0
2026-03-17 16:18:37.005 [cefgetfile] WARNING: Unknown VALIDATION_ALG:type=2, length=0
2026-03-17 16:18:37.005 [cefgetfile] WARNING: Unknown VALIDATION_ALG:type=2, length=0
2026-03-17 16:18:37.005 [cefgetfile] WARNING: Unknown VALIDATION_ALG:type=2, length=0
2026-03-17 16:18:37.006 [cefgetfile] WARNING: Unknown VALIDATION_ALG:type=2, length=0
2026-03-17 16:18:37.006 [cefgetfile] WARNING: Unknown VALIDATION_ALG:type=2, length=0
2026-03-17 16:18:37.006 [cefgetfile] WARNING: Unknown VALIDATION_ALG:type=2, length=0
2026-03-17 16:18:37.006 [cefgetfile] WARNING: Unknown VALIDATION_ALG:type=2, length=0
2026-03-17 16:18:37.006 [cefgetfile] WARNING: Unknown VALIDATION_ALG:type=2, length=0
2026-03-17 16:18:37.006 [cefgetfile] WARNING: Unknown VALIDATION_ALG:type=2, length=0
2026-03-17 16:18:37.006 [cefgetfile] WARNING: Unknown VALIDATION_ALG:type=2, length=0
2026-03-17 16:18:37.006 [cefgetfile] WARNING: Unknown VALIDATION_ALG:type=2, length=0
2026-03-17 16:18:37.007 [cefgetfile] WARNING: Unknown VALIDATION_ALG:type=2, length=0
2026-03-17 16:18:37.007 [cefgetfile] WARNING: Unknown VALIDATION_ALG:type=2, length=0
2026-03-17 16:18:37.007 [cefgetfile] WARNING: Unknown VALIDATION_ALG:type=2, length=0
2026-03-17 16:18:37.007 [cefgetfile] WARNING: Unknown VALIDATION_ALG:type=2, length=0
2026-03-17 16:18:37.007 [cefgetfile] WARNING: Unknown VALIDATION_ALG:type=2, length=0
2026-03-17 16:18:37.007 [cefgetfile] WARNING: Unknown VALIDATION_ALG:type=2, length=0
2026-03-17 16:18:37.007 [cefgetfile] WARNING: Unknown VALIDATION_ALG:type=2, length=0
2026-03-17 16:18:37.007 [cefgetfile] WARNING: Unknown VALIDATION_ALG:type=2, length=0
2026-03-17 16:18:37.008 [cefgetfile] WARNING: Unknown VALIDATION_ALG:type=2, length=0
2026-03-17 16:18:37.008 [cefgetfile] WARNING: Unknown VALIDATION_ALG:type=2, length=0
2026-03-17 16:18:37.008 [cefgetfile] WARNING: Unknown VALIDATION_ALG:type=2, length=0
2026-03-17 16:18:37.008 [cefgetfile] WARNING: Unknown VALIDATION_ALG:type=2, length=0
2026-03-17 16:18:37.008 [cefgetfile] WARNING: Unknown VALIDATION_ALG:type=2, length=0
2026-03-17 16:18:37.008 [cefgetfile] WARNING: Unknown VALIDATION_ALG:type=2, length=0
2026-03-17 16:18:37.008 [cefgetfile] WARNING: Unknown VALIDATION_ALG:type=2, length=0
2026-03-17 16:18:37.008 [cefgetfile] WARNING: Unknown VALIDATION_ALG:type=2, length=0
2026-03-17 16:18:37.009 [cefgetfile] WARNING: Unknown VALIDATION_ALG:type=2, length=0
2026-03-17 16:18:37.009 [cefgetfile] WARNING: Unknown VALIDATION_ALG:type=2, length=0
2026-03-17 16:18:37.009 [cefgetfile] WARNING: Unknown VALIDATION_ALG:type=2, length=0
2026-03-17 16:18:37.009 [cefgetfile] WARNING: Unknown VALIDATION_ALG:type=2, length=0
2026-03-17 16:18:37.009 [cefgetfile] WARNING: Unknown VALIDATION_ALG:type=2, length=0
2026-03-17 16:18:37.009 [cefgetfile] WARNING: Unknown VALIDATION_ALG:type=2, length=0
2026-03-17 16:18:37.009 [cefgetfile] WARNING: Unknown VALIDATION_ALG:type=2, length=0
2026-03-17 16:18:37.009 [cefgetfile] WARNING: Unknown VALIDATION_ALG:type=2, length=0
2026-03-17 16:18:37.010 [cefgetfile] WARNING: Unknown VALIDATION_ALG:type=2, length=0
2026-03-17 16:18:37.010 [cefgetfile] WARNING: Unknown VALIDATION_ALG:type=2, length=0
2026-03-17 16:18:37.010 [cefgetfile] WARNING: Unknown VALIDATION_ALG:type=2, length=0
2026-03-17 16:18:37.010 [cefgetfile] WARNING: Unknown VALIDATION_ALG:type=2, length=0
2026-03-17 16:18:37.010 [cefgetfile] WARNING: Unknown VALIDATION_ALG:type=2, length=0
2026-03-17 16:18:37.010 [cefgetfile] WARNING: Unknown VALIDATION_ALG:type=2, length=0
2026-03-17 16:18:37.010 [cefgetfile] WARNING: Unknown VALIDATION_ALG:type=2, length=0
2026-03-17 16:18:37.011 [cefgetfile] WARNING: Unknown VALIDATION_ALG:type=2, length=0
2026-03-17 16:18:37.011 [cefgetfile] WARNING: Unknown VALIDATION_ALG:type=2, length=0
2026-03-17 16:18:37.011 [cefgetfile] WARNING: Unknown VALIDATION_ALG:type=2, length=0
2026-03-17 16:18:37.011 [cefgetfile] WARNING: Unknown VALIDATION_ALG:type=2, length=0
2026-03-17 16:18:37.011 [cefgetfile] WARNING: Unknown VALIDATION_ALG:type=2, length=0
2026-03-17 16:18:37.011 [cefgetfile] WARNING: Unknown VALIDATION_ALG:type=2, length=0
2026-03-17 16:18:37.011 [cefgetfile] WARNING: Unknown VALIDATION_ALG:type=2, length=0
2026-03-17 16:18:37.011 [cefgetfile] WARNING: Unknown VALIDATION_ALG:type=2, length=0
2026-03-17 16:18:37.012 [cefgetfile] WARNING: Unknown VALIDATION_ALG:type=2, length=0
2026-03-17 16:18:37.012 [cefgetfile] WARNING: Unknown VALIDATION_ALG:type=2, length=0
2026-03-17 16:18:37.012 [cefgetfile] WARNING: Unknown VALIDATION_ALG:type=2, length=0
2026-03-17 16:18:37.012 [cefgetfile] WARNING: Unknown VALIDATION_ALG:type=2, length=0
2026-03-17 16:18:37.012 [cefgetfile] WARNING: Unknown VALIDATION_ALG:type=2, length=0
2026-03-17 16:18:37.012 [cefgetfile] WARNING: Unknown VALIDATION_ALG:type=2, length=0
2026-03-17 16:18:37.012 [cefgetfile] WARNING: Unknown VALIDATION_ALG:type=2, length=0
2026-03-17 16:18:37.012 [cefgetfile] WARNING: Unknown VALIDATION_ALG:type=2, length=0
2026-03-17 16:18:37.013 [cefgetfile] WARNING: Unknown VALIDATION_ALG:type=2, length=0
2026-03-17 16:18:37.013 [cefgetfile] WARNING: Unknown VALIDATION_ALG:type=2, length=0
2026-03-17 16:18:37.013 [cefgetfile] WARNING: Unknown VALIDATION_ALG:type=2, length=0
2026-03-17 16:18:37.013 [cefgetfile] WARNING: Unknown VALIDATION_ALG:type=2, length=0
2026-03-17 16:18:37.013 [cefgetfile] WARNING: Unknown VALIDATION_ALG:type=2, length=0
2026-03-17 16:18:37.013 [cefgetfile] WARNING: Unknown VALIDATION_ALG:type=2, length=0
2026-03-17 16:18:37.013 [cefgetfile] WARNING: Unknown VALIDATION_ALG:type=2, length=0
2026-03-17 16:18:37.013 [cefgetfile] WARNING: Unknown VALIDATION_ALG:type=2, length=0
2026-03-17 16:18:37.014 [cefgetfile] WARNING: Unknown VALIDATION_ALG:type=2, length=0
2026-03-17 16:18:37.014 [cefgetfile] WARNING: Unknown VALIDATION_ALG:type=2, length=0
2026-03-17 16:18:37.014 [cefgetfile] WARNING: Unknown VALIDATION_ALG:type=2, length=0
2026-03-17 16:18:37.014 [cefgetfile] WARNING: Unknown VALIDATION_ALG:type=2, length=0
2026-03-17 16:18:37.014 [cefgetfile] WARNING: Unknown VALIDATION_ALG:type=2, length=0
2026-03-17 16:18:37.014 [cefgetfile] WARNING: Unknown VALIDATION_ALG:type=2, length=0
2026-03-17 16:18:37.014 [cefgetfile] WARNING: Unknown VALIDATION_ALG:type=2, length=0
2026-03-17 16:18:37.014 [cefgetfile] WARNING: Unknown VALIDATION_ALG:type=2, length=0
2026-03-17 16:18:37.015 [cefgetfile] WARNING: Unknown VALIDATION_ALG:type=2, length=0
2026-03-17 16:18:37.015 [cefgetfile] WARNING: Unknown VALIDATION_ALG:type=2, length=0
2026-03-17 16:18:37.015 [cefgetfile] WARNING: Unknown VALIDATION_ALG:type=2, length=0
2026-03-17 16:18:37.015 [cefgetfile] WARNING: Unknown VALIDATION_ALG:type=2, length=0
2026-03-17 16:18:37.015 [cefgetfile] WARNING: Unknown VALIDATION_ALG:type=2, length=0
2026-03-17 16:18:37.015 [cefgetfile] WARNING: Unknown VALIDATION_ALG:type=2, length=0
2026-03-17 16:18:37.015 [cefgetfile] WARNING: Unknown VALIDATION_ALG:type=2, length=0
2026-03-17 16:18:37.015 [cefgetfile] WARNING: Unknown VALIDATION_ALG:type=2, length=0
2026-03-17 16:18:37.016 [cefgetfile] WARNING: Unknown VALIDATION_ALG:type=2, length=0
2026-03-17 16:18:37.016 [cefgetfile] WARNING: Unknown VALIDATION_ALG:type=2, length=0
2026-03-17 16:18:37.016 [cefgetfile] WARNING: Unknown VALIDATION_ALG:type=2, length=0
2026-03-17 16:18:37.016 [cefgetfile] WARNING: Unknown VALIDATION_ALG:type=2, length=0
2026-03-17 16:18:37.016 [cefgetfile] WARNING: Unknown VALIDATION_ALG:type=2, length=0
2026-03-17 16:18:37.016 [cefgetfile] WARNING: Unknown VALIDATION_ALG:type=2, length=0
2026-03-17 16:18:37.017 [cefgetfile] WARNING: Unknown VALIDATION_ALG:type=2, length=0
2026-03-17 16:18:37.017 [cefgetfile] WARNING: Unknown VALIDATION_ALG:type=2, length=0
2026-03-17 16:18:37.017 [cefgetfile] WARNING: Unknown VALIDATION_ALG:type=2, length=0
2026-03-17 16:18:37.017 [cefgetfile] WARNING: Unknown VALIDATION_ALG:type=2, length=0
2026-03-17 16:18:37.017 [cefgetfile] WARNING: Unknown VALIDATION_ALG:type=2, length=0
2026-03-17 16:18:37.017 [cefgetfile] WARNING: Unknown VALIDATION_ALG:type=2, length=0
2026-03-17 16:18:37.017 [cefgetfile] WARNING: Unknown VALIDATION_ALG:type=2, length=0
2026-03-17 16:18:37.018 [cefgetfile] WARNING: Unknown VALIDATION_ALG:type=2, length=0
2026-03-17 16:18:37.018 [cefgetfile] WARNING: Unknown VALIDATION_ALG:type=2, length=0
2026-03-17 16:18:37.018 [cefgetfile] WARNING: Unknown VALIDATION_ALG:type=2, length=0
2026-03-17 16:18:37.018 [cefgetfile] WARNING: Unknown VALIDATION_ALG:type=2, length=0
2026-03-17 16:18:37.018 [cefgetfile] WARNING: Unknown VALIDATION_ALG:type=2, length=0
2026-03-17 16:18:37.018 [cefgetfile] WARNING: Unknown VALIDATION_ALG:type=2, length=0
2026-03-17 16:18:37.018 [cefgetfile] WARNING: Unknown VALIDATION_ALG:type=2, length=0
2026-03-17 16:18:37.019 [cefgetfile] WARNING: Unknown VALIDATION_ALG:type=2, length=0
2026-03-17 16:18:37.019 [cefgetfile] WARNING: Unknown VALIDATION_ALG:type=2, length=0
2026-03-17 16:18:37.019 [cefgetfile] WARNING: Unknown VALIDATION_ALG:type=2, length=0
2026-03-17 16:18:37.019 [cefgetfile] WARNING: Unknown VALIDATION_ALG:type=2, length=0
2026-03-17 16:18:37.019 [cefgetfile] WARNING: Unknown VALIDATION_ALG:type=2, length=0
2026-03-17 16:18:37.019 [cefgetfile] WARNING: Unknown VALIDATION_ALG:type=2, length=0
2026-03-17 16:18:37.019 [cefgetfile] WARNING: Unknown VALIDATION_ALG:type=2, length=0
2026-03-17 16:18:37.019 [cefgetfile] WARNING: Unknown VALIDATION_ALG:type=2, length=0
2026-03-17 16:18:37.020 [cefgetfile] WARNING: Unknown VALIDATION_ALG:type=2, length=0
2026-03-17 16:18:37.020 [cefgetfile] WARNING: Unknown VALIDATION_ALG:type=2, length=0
2026-03-17 16:18:37.020 [cefgetfile] WARNING: Unknown VALIDATION_ALG:type=2, length=0
2026-03-17 16:18:37.020 [cefgetfile] WARNING: Unknown VALIDATION_ALG:type=2, length=0
2026-03-17 16:18:37.020 [cefgetfile] WARNING: Unknown VALIDATION_ALG:type=2, length=0
2026-03-17 16:18:37.020 [cefgetfile] WARNING: Unknown VALIDATION_ALG:type=2, length=0
2026-03-17 16:18:37.020 [cefgetfile] WARNING: Unknown VALIDATION_ALG:type=2, length=0
2026-03-17 16:18:37.020 [cefgetfile] WARNING: Unknown VALIDATION_ALG:type=2, length=0
2026-03-17 16:18:37.021 [cefgetfile] WARNING: Unknown VALIDATION_ALG:type=2, length=0
2026-03-17 16:18:37.021 [cefgetfile] WARNING: Unknown VALIDATION_ALG:type=2, length=0
2026-03-17 16:18:37.021 [cefgetfile] WARNING: Unknown VALIDATION_ALG:type=2, length=0
2026-03-17 16:18:37.021 [cefgetfile] WARNING: Unknown VALIDATION_ALG:type=2, length=0
2026-03-17 16:18:37.021 [cefgetfile] WARNING: Unknown VALIDATION_ALG:type=2, length=0
2026-03-17 16:18:37.021 [cefgetfile] WARNING: Unknown VALIDATION_ALG:type=2, length=0
2026-03-17 16:18:37.021 [cefgetfile] WARNING: Unknown VALIDATION_ALG:type=2, length=0
2026-03-17 16:18:37.022 [cefgetfile] WARNING: Unknown VALIDATION_ALG:type=2, length=0
2026-03-17 16:18:37.022 [cefgetfile] WARNING: Unknown VALIDATION_ALG:type=2, length=0
2026-03-17 16:18:37.022 [cefgetfile] WARNING: Unknown VALIDATION_ALG:type=2, length=0
2026-03-17 16:18:37.022 [cefgetfile] WARNING: Unknown VALIDATION_ALG:type=2, length=0
2026-03-17 16:18:37.022 [cefgetfile] WARNING: Unknown VALIDATION_ALG:type=2, length=0
2026-03-17 16:18:37.022 [cefgetfile] WARNING: Unknown VALIDATION_ALG:type=2, length=0
2026-03-17 16:18:37.022 [cefgetfile] WARNING: Unknown VALIDATION_ALG:type=2, length=0
2026-03-17 16:18:37.022 [cefgetfile] WARNING: Unknown VALIDATION_ALG:type=2, length=0
2026-03-17 16:18:37.023 [cefgetfile] WARNING: Unknown VALIDATION_ALG:type=2, length=0
2026-03-17 16:18:37.023 [cefgetfile] WARNING: Unknown VALIDATION_ALG:type=2, length=0
2026-03-17 16:18:37.023 [cefgetfile] WARNING: Unknown VALIDATION_ALG:type=2, length=0
2026-03-17 16:18:37.023 [cefgetfile] WARNING: Unknown VALIDATION_ALG:type=2, length=0
2026-03-17 16:18:37.023 [cefgetfile] WARNING: Unknown VALIDATION_ALG:type=2, length=0
2026-03-17 16:18:37.023 [cefgetfile] WARNING: Unknown VALIDATION_ALG:type=2, length=0
2026-03-17 16:18:37.023 [cefgetfile] WARNING: Unknown VALIDATION_ALG:type=2, length=0
2026-03-17 16:18:37.024 [cefgetfile] WARNING: Unknown VALIDATION_ALG:type=2, length=0
2026-03-17 16:18:37.024 [cefgetfile] WARNING: Unknown VALIDATION_ALG:type=2, length=0
2026-03-17 16:18:37.024 [cefgetfile] WARNING: Unknown VALIDATION_ALG:type=2, length=0
2026-03-17 16:18:37.024 [cefgetfile] WARNING: Unknown VALIDATION_ALG:type=2, length=0
2026-03-17 16:18:37.024 [cefgetfile] WARNING: Unknown VALIDATION_ALG:type=2, length=0
2026-03-17 16:18:37.024 [cefgetfile] WARNING: Unknown VALIDATION_ALG:type=2, length=0
2026-03-17 16:18:37.024 [cefgetfile] WARNING: Unknown VALIDATION_ALG:type=2, length=0
2026-03-17 16:18:37.024 [cefgetfile] WARNING: Unknown VALIDATION_ALG:type=2, length=0
2026-03-17 16:18:37.025 [cefgetfile] WARNING: Unknown VALIDATION_ALG:type=2, length=0
2026-03-17 16:18:37.025 [cefgetfile] WARNING: Unknown VALIDATION_ALG:type=2, length=0
2026-03-17 16:18:37.025 [cefgetfile] WARNING: Unknown VALIDATION_ALG:type=2, length=0
2026-03-17 16:18:37.025 [cefgetfile] WARNING: Unknown VALIDATION_ALG:type=2, length=0
2026-03-17 16:18:37.025 [cefgetfile] WARNING: Unknown VALIDATION_ALG:type=2, length=0
2026-03-17 16:18:37.025 [cefgetfile] WARNING: Unknown VALIDATION_ALG:type=2, length=0
2026-03-17 16:18:37.025 [cefgetfile] WARNING: Unknown VALIDATION_ALG:type=2, length=0
2026-03-17 16:18:37.025 [cefgetfile] WARNING: Unknown VALIDATION_ALG:type=2, length=0
2026-03-17 16:18:37.026 [cefgetfile] WARNING: Unknown VALIDATION_ALG:type=2, length=0
2026-03-17 16:18:37.026 [cefgetfile] WARNING: Unknown VALIDATION_ALG:type=2, length=0
2026-03-17 16:18:37.026 [cefgetfile] WARNING: Unknown VALIDATION_ALG:type=2, length=0
2026-03-17 16:18:37.026 [cefgetfile] WARNING: Unknown VALIDATION_ALG:type=2, length=0
2026-03-17 16:18:37.026 [cefgetfile] WARNING: Unknown VALIDATION_ALG:type=2, length=0
2026-03-17 16:18:37.026 [cefgetfile] WARNING: Unknown VALIDATION_ALG:type=2, length=0
2026-03-17 16:18:37.026 [cefgetfile] WARNING: Unknown VALIDATION_ALG:type=2, length=0
2026-03-17 16:18:37.026 [cefgetfile] WARNING: Unknown VALIDATION_ALG:type=2, length=0
2026-03-17 16:18:37.027 [cefgetfile] WARNING: Unknown VALIDATION_ALG:type=2, length=0
2026-03-17 16:18:37.027 [cefgetfile] WARNING: Unknown VALIDATION_ALG:type=2, length=0
2026-03-17 16:18:37.027 [cefgetfile] WARNING: Unknown VALIDATION_ALG:type=2, length=0
2026-03-17 16:18:37.027 [cefgetfile] WARNING: Unknown VALIDATION_ALG:type=2, length=0
2026-03-17 16:18:37.027 [cefgetfile] WARNING: Unknown VALIDATION_ALG:type=2, length=0
2026-03-17 16:18:37.027 [cefgetfile] WARNING: Unknown VALIDATION_ALG:type=2, length=0
2026-03-17 16:18:37.027 [cefgetfile] WARNING: Unknown VALIDATION_ALG:type=2, length=0
2026-03-17 16:18:37.027 [cefgetfile] WARNING: Unknown VALIDATION_ALG:type=2, length=0
2026-03-17 16:18:37.028 [cefgetfile] WARNING: Unknown VALIDATION_ALG:type=2, length=0
2026-03-17 16:18:37.028 [cefgetfile] WARNING: Unknown VALIDATION_ALG:type=2, length=0
2026-03-17 16:18:37.028 [cefgetfile] WARNING: Unknown VALIDATION_ALG:type=2, length=0
2026-03-17 16:18:37.028 [cefgetfile] WARNING: Unknown VALIDATION_ALG:type=2, length=0
2026-03-17 16:18:37.028 [cefgetfile] WARNING: Unknown VALIDATION_ALG:type=2, length=0
2026-03-17 16:18:37.028 [cefgetfile] WARNING: Unknown VALIDATION_ALG:type=2, length=0
2026-03-17 16:18:37.028 [cefgetfile] WARNING: Unknown VALIDATION_ALG:type=2, length=0
2026-03-17 16:18:37.029 [cefgetfile] WARNING: Unknown VALIDATION_ALG:type=2, length=0
2026-03-17 16:18:37.029 [cefgetfile] WARNING: Unknown VALIDATION_ALG:type=2, length=0
2026-03-17 16:18:37.029 [cefgetfile] WARNING: Unknown VALIDATION_ALG:type=2, length=0
2026-03-17 16:18:37.029 [cefgetfile] WARNING: Unknown VALIDATION_ALG:type=2, length=0
2026-03-17 16:18:37.029 [cefgetfile] WARNING: Unknown VALIDATION_ALG:type=2, length=0
2026-03-17 16:18:37.029 [cefgetfile] WARNING: Unknown VALIDATION_ALG:type=2, length=0
2026-03-17 16:18:37.029 [cefgetfile] WARNING: Unknown VALIDATION_ALG:type=2, length=0
2026-03-17 16:18:37.029 [cefgetfile] WARNING: Unknown VALIDATION_ALG:type=2, length=0
2026-03-17 16:18:37.030 [cefgetfile] WARNING: Unknown VALIDATION_ALG:type=2, length=0
2026-03-17 16:18:37.030 [cefgetfile] WARNING: Unknown VALIDATION_ALG:type=2, length=0
2026-03-17 16:18:37.030 [cefgetfile] WARNING: Unknown VALIDATION_ALG:type=2, length=0
2026-03-17 16:18:37.030 [cefgetfile] WARNING: Unknown VALIDATION_ALG:type=2, length=0
2026-03-17 16:18:37.030 [cefgetfile] WARNING: Unknown VALIDATION_ALG:type=2, length=0
2026-03-17 16:18:37.030 [cefgetfile] WARNING: Unknown VALIDATION_ALG:type=2, length=0
2026-03-17 16:18:37.030 [cefgetfile] WARNING: Unknown VALIDATION_ALG:type=2, length=0
2026-03-17 16:18:37.030 [cefgetfile] WARNING: Unknown VALIDATION_ALG:type=2, length=0
2026-03-17 16:18:37.031 [cefgetfile] WARNING: Unknown VALIDATION_ALG:type=2, length=0
2026-03-17 16:18:37.031 [cefgetfile] WARNING: Unknown VALIDATION_ALG:type=2, length=0
2026-03-17 16:18:37.031 [cefgetfile] WARNING: Unknown VALIDATION_ALG:type=2, length=0
2026-03-17 16:18:37.031 [cefgetfile] WARNING: Unknown VALIDATION_ALG:type=2, length=0
2026-03-17 16:18:37.031 [cefgetfile] WARNING: Unknown VALIDATION_ALG:type=2, length=0
2026-03-17 16:18:37.031 [cefgetfile] WARNING: Unknown VALIDATION_ALG:type=2, length=0
2026-03-17 16:18:37.031 [cefgetfile] WARNING: Unknown VALIDATION_ALG:type=2, length=0
2026-03-17 16:18:37.031 [cefgetfile] WARNING: Unknown VALIDATION_ALG:type=2, length=0
2026-03-17 16:18:37.032 [cefgetfile] WARNING: Unknown VALIDATION_ALG:type=2, length=0
2026-03-17 16:18:37.032 [cefgetfile] WARNING: Unknown VALIDATION_ALG:type=2, length=0
2026-03-17 16:18:37.032 [cefgetfile] WARNING: Unknown VALIDATION_ALG:type=2, length=0
2026-03-17 16:18:37.032 [cefgetfile] WARNING: Unknown VALIDATION_ALG:type=2, length=0
2026-03-17 16:18:37.032 [cefgetfile] WARNING: Unknown VALIDATION_ALG:type=2, length=0
2026-03-17 16:18:37.032 [cefgetfile] WARNING: Unknown VALIDATION_ALG:type=2, length=0
2026-03-17 16:18:37.032 [cefgetfile] WARNING: Unknown VALIDATION_ALG:type=2, length=0
2026-03-17 16:18:37.032 [cefgetfile] WARNING: Unknown VALIDATION_ALG:type=2, length=0
2026-03-17 16:18:37.033 [cefgetfile] WARNING: Unknown VALIDATION_ALG:type=2, length=0
2026-03-17 16:18:37.033 [cefgetfile] WARNING: Unknown VALIDATION_ALG:type=2, length=0
2026-03-17 16:18:37.033 [cefgetfile] WARNING: Unknown VALIDATION_ALG:type=2, length=0
2026-03-17 16:18:37.033 [cefgetfile] WARNING: Unknown VALIDATION_ALG:type=2, length=0
2026-03-17 16:18:37.033 [cefgetfile] WARNING: Unknown VALIDATION_ALG:type=2, length=0
2026-03-17 16:18:37.033 [cefgetfile] WARNING: Unknown VALIDATION_ALG:type=2, length=0
[cefgetfile] Completed to get all the chunks.
[cefgetfile] Unconnect to cefnetd ... OK
[cefgetfile] Terminate
[cefgetfile] Rx Frames (All)           = 424
[cefgetfile] Rx Frames (ContentObject) = 424
[cefgetfile] Rx Bytes (All)            = 444414
[cefgetfile] Rx Bytes (ContentObject)  = 433390
[cefgetfile] Duration                  = 0.057 sec
[cefgetfile] Throughput                = 63193188 bps
[cefgetfile] Goodput                   = 61625637 bps
[cefgetfile] Jitter (Ave)              = 132 us
[cefgetfile] Jitter (Max)              = 1813 us
[cefgetfile] Jitter (Var)              = 8045 us
