[cefgetfile] Start
[cefgetfile] Parsing parameters ...OK
2026-01-30 11:45:10.905 [cefgetfile] INFO: [client] Config directory is ./h0
2026-01-30 11:45:10.905 [cefgetfile] INFO: [client] Local Socket Name is /tmp/cef_9695.0
2026-01-30 11:45:10.905 [cefgetfile] INFO: [client] Listen Port is 9695
[cefgetfile] Init Cefore Client package ... OK
[cefgetfile] Conversion from URI into Name ... OK
[cefgetfile] Checking the output file ... OK
[cefgetfile] Connect to cefnetd ... OK
[cefgetfile] URI=ccnx:/test/experiment/content9
[cefgetfile] Start sending Interests
[cefgetfile] Completed to get all the chunks.
[cefgetfile] Unconnect to cefnetd ... OK
[cefgetfile] Terminate
[cefgetfile] Rx Frames (All)           = 424
[cefgetfile] Rx Frames (ContentObject) = 424
[cefgetfile] Rx Bytes (All)            = 451198
[cefgetfile] Rx Bytes (ContentObject)  = 433390
[cefgetfile] Duration                  = 0.220 sec
[cefgetfile] Throughput                = 16439705 bps
[cefgetfile] Goodput                   = 15790859 bps
[cefgetfile] Jitter (Ave)              = 517 us
[cefgetfile] Jitter (Max)              = 6865 us
[cefgetfile] Jitter (Var)              = 639394 us
