[cefgetfile] Start
[cefgetfile] Parsing parameters ...OK
2026-01-30 11:42:53.040 [cefgetfile] INFO: [client] Config directory is ./h6
2026-01-30 11:42:53.041 [cefgetfile] INFO: [client] Local Socket Name is /tmp/cef_9695.6
2026-01-30 11:42:53.041 [cefgetfile] INFO: [client] Listen Port is 9695
[cefgetfile] Init Cefore Client package ... OK
[cefgetfile] Conversion from URI into Name ... OK
[cefgetfile] Checking the output file ... OK
[cefgetfile] Connect to cefnetd ... OK
[cefgetfile] URI=ccnx:/test/experiment/content6
[cefgetfile] Start sending Interests
[cefgetfile] Completed to get all the chunks.
[cefgetfile] Unconnect to cefnetd ... OK
[cefgetfile] Terminate
[cefgetfile] Rx Frames (All)           = 424
[cefgetfile] Rx Frames (ContentObject) = 424
[cefgetfile] Rx Bytes (All)            = 451198
[cefgetfile] Rx Bytes (ContentObject)  = 433390
[cefgetfile] Duration                  = 0.064 sec
[cefgetfile] Throughput                = 57091990 bps
[cefgetfile] Goodput                   = 54838668 bps
[cefgetfile] Jitter (Ave)              = 149 us
[cefgetfile] Jitter (Max)              = 5413 us
[cefgetfile] Jitter (Var)              = 69788 us
