[cefgetfile] Start
[cefgetfile] Parsing parameters ...OK
2026-01-30 11:41:04.597 [cefgetfile] INFO: [client] Config directory is ./h6
2026-01-30 11:41:04.597 [cefgetfile] INFO: [client] Local Socket Name is /tmp/cef_9695.6
2026-01-30 11:41:04.597 [cefgetfile] INFO: [client] Listen Port is 9695
[cefgetfile] Init Cefore Client package ... OK
[cefgetfile] Conversion from URI into Name ... OK
[cefgetfile] Checking the output file ... OK
[cefgetfile] Connect to cefnetd ... OK
[cefgetfile] URI=ccnx:/test/experiment/content2
[cefgetfile] Start sending Interests
[cefgetfile] Completed to get all the chunks.
[cefgetfile] Unconnect to cefnetd ... OK
[cefgetfile] Terminate
[cefgetfile] Rx Frames (All)           = 424
[cefgetfile] Rx Frames (ContentObject) = 424
[cefgetfile] Rx Bytes (All)            = 451198
[cefgetfile] Rx Bytes (ContentObject)  = 433390
[cefgetfile] Duration                  = 0.237 sec
[cefgetfile] Throughput                = 15303601 bps
[cefgetfile] Goodput                   = 14699595 bps
[cefgetfile] Jitter (Ave)              = 556 us
[cefgetfile] Jitter (Max)              = 80761 us
[cefgetfile] Jitter (Var)              = 15477915 us
