[cefgetfile] Start
[cefgetfile] Parsing parameters ...OK
2026-03-17 16:18:29.457 [cefgetfile] INFO: [client] Config directory is ./h0
2026-03-17 16:18:29.457 [cefgetfile] INFO: [client] Local Socket Name is /tmp/cef_9695.0
2026-03-17 16:18:29.457 [cefgetfile] INFO: [client] Listen Port is 9695
[cefgetfile] Init Cefore Client package ... OK
[cefgetfile] Conversion from URI into Name ... OK
[cefgetfile] Checking the output file ... OK
[cefgetfile] Connect to cefnetd ... OK
[cefgetfile] URI=ccnx:/test/sample
[cefgetfile] Start sending Interests
2026-03-17 16:18:29.468 [cefgetfile] WARNING: Unknown VALIDATION_ALG:type=2, length=0
2026-03-17 16:18:29.468 [cefgetfile] WARNING: Unknown VALIDATION_ALG:type=2, length=0
2026-03-17 16:18:29.468 [cefgetfile] WARNING: Unknown VALIDATION_ALG:type=2, length=0
2026-03-17 16:18:29.468 [cefgetfile] WARNING: Unknown VALIDATION_ALG:type=2, length=0
2026-03-17 16:18:29.468 [cefgetfile] WARNING: Unknown VALIDATION_ALG:type=2, length=0
2026-03-17 16:18:29.468 [cefgetfile] WARNING: Unknown VALIDATION_ALG:type=2, length=0
2026-03-17 16:18:29.468 [cefgetfile] WARNING: Unknown VALIDATION_ALG:type=2, length=0
2026-03-17 16:18:29.468 [cefgetfile] WARNING: Unknown VALIDATION_ALG:type=2, length=0
2026-03-17 16:18:29.468 [cefgetfile] WARNING: Unknown VALIDATION_ALG:type=2, length=0
2026-03-17 16:18:29.468 [cefgetfile] WARNING: Unknown VALIDATION_ALG:type=2, length=0
2026-03-17 16:18:29.468 [cefgetfile] WARNING: Unknown VALIDATION_ALG:type=2, length=0
2026-03-17 16:18:29.468 [cefgetfile] WARNING: Unknown VALIDATION_ALG:type=2, length=0
2026-03-17 16:18:29.468 [cefgetfile] WARNING: Unknown VALIDATION_ALG:type=2, length=0
2026-03-17 16:18:29.469 [cefgetfile] WARNING: Unknown VALIDATION_ALG:type=2, length=0
2026-03-17 16:18:29.469 [cefgetfile] WARNING: Unknown VALIDATION_ALG:type=2, length=0
2026-03-17 16:18:29.469 [cefgetfile] WARNING: Unknown VALIDATION_ALG:type=2, length=0
2026-03-17 16:18:29.469 [cefgetfile] WARNING: Unknown VALIDATION_ALG:type=2, length=0
2026-03-17 16:18:29.469 [cefgetfile] WARNING: Unknown VALIDATION_ALG:type=2, length=0
2026-03-17 16:18:29.469 [cefgetfile] WARNING: Unknown VALIDATION_ALG:type=2, length=0
2026-03-17 16:18:29.469 [cefgetfile] WARNING: Unknown VALIDATION_ALG:type=2, length=0
2026-03-17 16:18:29.469 [cefgetfile] WARNING: Unknown VALIDATION_ALG:type=2, length=0
2026-03-17 16:18:29.469 [cefgetfile] WARNING: Unknown VALIDATION_ALG:type=2, length=0
2026-03-17 16:18:29.470 [cefgetfile] WARNING: Unknown VALIDATION_ALG:type=2, length=0
2026-03-17 16:18:29.470 [cefgetfile] WARNING: Unknown VALIDATION_ALG:type=2, length=0
2026-03-17 16:18:29.470 [cefgetfile] WARNING: Unknown VALIDATION_ALG:type=2, length=0
2026-03-17 16:18:29.470 [cefgetfile] WARNING: Unknown VALIDATION_ALG:type=2, length=0
2026-03-17 16:18:29.470 [cefgetfile] WARNING: Unknown VALIDATION_ALG:type=2, length=0
2026-03-17 16:18:29.470 [cefgetfile] WARNING: Unknown VALIDATION_ALG:type=2, length=0
2026-03-17 16:18:29.470 [cefgetfile] WARNING: Unknown VALIDATION_ALG:type=2, length=0
2026-03-17 16:18:29.470 [cefgetfile] WARNING: Unknown VALIDATION_ALG:type=2, length=0
2026-03-17 16:18:29.471 [cefgetfile] WARNING: Unknown VALIDATION_ALG:type=2, length=0
2026-03-17 16:18:29.471 [cefgetfile] WARNING: Unknown VALIDATION_ALG:type=2, length=0
2026-03-17 16:18:29.471 [cefgetfile] WARNING: Unknown VALIDATION_ALG:type=2, length=0
2026-03-17 16:18:29.471 [cefgetfile] WARNING: Unknown VALIDATION_ALG:type=2, length=0
2026-03-17 16:18:29.471 [cefgetfile] WARNING: Unknown VALIDATION_ALG:type=2, length=0
2026-03-17 16:18:29.471 [cefgetfile] WARNING: Unknown VALIDATION_ALG:type=2, length=0
2026-03-17 16:18:29.471 [cefgetfile] WARNING: Unknown VALIDATION_ALG:type=2, length=0
2026-03-17 16:18:29.471 [cefgetfile] WARNING: Unknown VALIDATION_ALG:type=2, length=0
2026-03-17 16:18:29.472 [cefgetfile] WARNING: Unknown VALIDATION_ALG:type=2, length=0
2026-03-17 16:18:29.472 [cefgetfile] WARNING: Unknown VALIDATION_ALG:type=2, length=0
2026-03-17 16:18:29.472 [cefgetfile] WARNING: Unknown VALIDATION_ALG:type=2, length=0
2026-03-17 16:18:29.472 [cefgetfile] WARNING: Unknown VALIDATION_ALG:type=2, length=0
2026-03-17 16:18:29.472 [cefgetfile] WARNING: Unknown VALIDATION_ALG:type=2, length=0
2026-03-17 16:18:29.472 [cefgetfile] WARNING: Unknown VALIDATION_ALG:type=2, length=0
2026-03-17 16:18:29.472 [cefgetfile] WARNING: Unknown VALIDATION_ALG:type=2, length=0
2026-03-17 16:18:29.473 [cefgetfile] WARNING: Unknown VALIDATION_ALG:type=2, length=0
2026-03-17 16:18:29.473 [cefgetfile] WARNING: Unknown VALIDATION_ALG:type=2, length=0
2026-03-17 16:18:29.473 [cefgetfile] WARNING: Unknown VALIDATION_ALG:type=2, length=0
2026-03-17 16:18:29.473 [cefgetfile] WARNING: Unknown VALIDATION_ALG:type=2, length=0
2026-03-17 16:18:29.473 [cefgetfile] WARNING: Unknown VALIDATION_ALG:type=2, length=0
2026-03-17 16:18:29.473 [cefgetfile] WARNING: Unknown VALIDATION_ALG:type=2, length=0
2026-03-17 16:18:29.473 [cefgetfile] WARNING: Unknown VALIDATION_ALG:type=2, length=0
2026-03-17 16:18:29.474 [cefgetfile] WARNING: Unknown VALIDATION_ALG:type=2, length=0
2026-03-17 16:18:29.474 [cefgetfile] WARNING: Unknown VALIDATION_ALG:type=2, length=0
2026-03-17 16:18:29.474 [cefgetfile] WARNING: Unknown VALIDATION_ALG:type=2, length=0
2026-03-17 16:18:29.474 [cefgetfile] WARNING: Unknown VALIDATION_ALG:type=2, length=0
2026-03-17 16:18:29.474 [cefgetfile] WARNING: Unknown VALIDATION_ALG:type=2, length=0
2026-03-17 16:18:29.474 [cefgetfile] WARNING: Unknown VALIDATION_ALG:type=2, length=0
2026-03-17 16:18:29.474 [cefgetfile] WARNING: Unknown VALIDATION_ALG:type=2, length=0
2026-03-17 16:18:29.474 [cefgetfile] WARNING: Unknown VALIDATION_ALG:type=2, length=0
2026-03-17 16:18:29.474 [cefgetfile] WARNING: Unknown VALIDATION_ALG:type=2, length=0
2026-03-17 16:18:29.475 [cefgetfile] WARNING: Unknown VALIDATION_ALG:type=2, length=0
2026-03-17 16:18:29.475 [cefgetfile] WARNING: Unknown VALIDATION_ALG:type=2, length=0
2026-03-17 16:18:29.475 [cefgetfile] WARNING: Unknown VALIDATION_ALG:type=2, length=0
2026-03-17 16:18:29.475 [cefgetfile] WARNING: Unknown VALIDATION_ALG:type=2, length=0
2026-03-17 16:18:29.475 [cefgetfile] WARNING: Unknown VALIDATION_ALG:type=2, length=0
2026-03-17 16:18:29.475 [cefgetfile] WARNING: Unknown VALIDATION_ALG:type=2, length=0
2026-03-17 16:18:29.475 [cefgetfile] WARNING: Unknown VALIDATION_ALG:type=2, length=0
2026-03-17 16:18:29.476 [cefgetfile] WARNING: Unknown VALIDATION_ALG:type=2, length=0
2026-03-17 16:18:29.476 [cefgetfile] WARNING: Unknown VALIDATION_ALG:type=2, length=0
2026-03-17 16:18:29.476 [cefgetfile] WARNING: Unknown VALIDATION_ALG:type=2, length=0
2026-03-17 16:18:29.476 [cefgetfile] WARNING: Unknown VALIDATION_ALG:type=2, length=0
2026-03-17 16:18:29.476 [cefgetfile] WARNING: Unknown VALIDATION_ALG:type=2, length=0
2026-03-17 16:18:29.476 [cefgetfile] WARNING: Unknown VALIDATION_ALG:type=2, length=0
2026-03-17 16:18:29.476 [cefgetfile] WARNING: Unknown VALIDATION_ALG:type=2, length=0
2026-03-17 16:18:29.476 [cefgetfile] WARNING: Unknown VALIDATION_ALG:type=2, length=0
2026-03-17 16:18:29.477 [cefgetfile] WARNING: Unknown VALIDATION_ALG:type=2, length=0
2026-03-17 16:18:29.477 [cefgetfile] WARNING: Unknown VALIDATION_ALG:type=2, length=0
2026-03-17 16:18:29.477 [cefgetfile] WARNING: Unknown VALIDATION_ALG:type=2, length=0
2026-03-17 16:18:29.477 [cefgetfile] WARNING: Unknown VALIDATION_ALG:type=2, length=0
2026-03-17 16:18:29.477 [cefgetfile] WARNING: Unknown VALIDATION_ALG:type=2, length=0
2026-03-17 16:18:29.477 [cefgetfile] WARNING: Unknown VALIDATION_ALG:type=2, length=0
2026-03-17 16:18:29.477 [cefgetfile] WARNING: Unknown VALIDATION_ALG:type=2, length=0
2026-03-17 16:18:29.477 [cefgetfile] WARNING: Unknown VALIDATION_ALG:type=2, length=0
2026-03-17 16:18:29.478 [cefgetfile] WARNING: Unknown VALIDATION_ALG:type=2, length=0
2026-03-17 16:18:29.478 [cefgetfile] WARNING: Unknown VALIDATION_ALG:type=2, length=0
2026-03-17 16:18:29.478 [cefgetfile] WARNING: Unknown VALIDATION_ALG:type=2, length=0
2026-03-17 16:18:29.478 [cefgetfile] WARNING: Unknown VALIDATION_ALG:type=2, length=0
2026-03-17 16:18:29.478 [cefgetfile] WARNING: Unknown VALIDATION_ALG:type=2, length=0
2026-03-17 16:18:29.478 [cefgetfile] WARNING: Unknown VALIDATION_ALG:type=2, length=0
2026-03-17 16:18:29.478 [cefgetfile] WARNING: Unknown VALIDATION_ALG:type=2, length=0
2026-03-17 16:18:29.479 [cefgetfile] WARNING: Unknown VALIDATION_ALG:type=2, length=0
2026-03-17 16:18:29.479 [cefgetfile] WARNING: Unknown VALIDATION_ALG:type=2, length=0
2026-03-17 16:18:29.479 [cefgetfile] WARNING: Unknown VALIDATION_ALG:type=2, length=0
2026-03-17 16:18:29.479 [cefgetfile] WARNING: Unknown VALIDATION_ALG:type=2, length=0
2026-03-17 16:18:29.479 [cefgetfile] WARNING: Unknown VALIDATION_ALG:type=2, length=0
2026-03-17 16:18:29.479 [cefgetfile] WARNING: Unknown VALIDATION_ALG:type=2, length=0
2026-03-17 16:18:29.479 [cefgetfile] WARNING: Unknown VALIDATION_ALG:type=2, length=0
2026-03-17 16:18:29.479 [cefgetfile] WARNING: Unknown VALIDATION_ALG:type=2, length=0
2026-03-17 16:18:29.480 [cefgetfile] WARNING: Unknown VALIDATION_ALG:type=2, length=0
2026-03-17 16:18:29.480 [cefgetfile] WARNING: Unknown VALIDATION_ALG:type=2, length=0
2026-03-17 16:18:29.480 [cefgetfile] WARNING: Unknown VALIDATION_ALG:type=2, length=0
2026-03-17 16:18:29.480 [cefgetfile] WARNING: Unknown VALIDATION_ALG:type=2, length=0
2026-03-17 16:18:29.480 [cefgetfile] WARNING: Unknown VALIDATION_ALG:type=2, length=0
2026-03-17 16:18:29.480 [cefgetfile] WARNING: Unknown VALIDATION_ALG:type=2, length=0
2026-03-17 16:18:29.480 [cefgetfile] WARNING: Unknown VALIDATION_ALG:type=2, length=0
2026-03-17 16:18:29.480 [cefgetfile] WARNING: Unknown VALIDATION_ALG:type=2, length=0
2026-03-17 16:18:29.481 [cefgetfile] WARNING: Unknown VALIDATION_ALG:type=2, length=0
2026-03-17 16:18:29.481 [cefgetfile] WARNING: Unknown VALIDATION_ALG:type=2, length=0
2026-03-17 16:18:29.481 [cefgetfile] WARNING: Unknown VALIDATION_ALG:type=2, length=0
2026-03-17 16:18:29.481 [cefgetfile] WARNING: Unknown VALIDATION_ALG:type=2, length=0
2026-03-17 16:18:29.481 [cefgetfile] WARNING: Unknown VALIDATION_ALG:type=2, length=0
2026-03-17 16:18:29.481 [cefgetfile] WARNING: Unknown VALIDATION_ALG:type=2, length=0
2026-03-17 16:18:29.481 [cefgetfile] WARNING: Unknown VALIDATION_ALG:type=2, length=0
2026-03-17 16:18:29.482 [cefgetfile] WARNING: Unknown VALIDATION_ALG:type=2, length=0
2026-03-17 16:18:29.482 [cefgetfile] WARNING: Unknown VALIDATION_ALG:type=2, length=0
2026-03-17 16:18:29.482 [cefgetfile] WARNING: Unknown VALIDATION_ALG:type=2, length=0
2026-03-17 16:18:29.482 [cefgetfile] WARNING: Unknown VALIDATION_ALG:type=2, length=0
2026-03-17 16:18:29.482 [cefgetfile] WARNING: Unknown VALIDATION_ALG:type=2, length=0
2026-03-17 16:18:29.482 [cefgetfile] WARNING: Unknown VALIDATION_ALG:type=2, length=0
2026-03-17 16:18:29.483 [cefgetfile] WARNING: Unknown VALIDATION_ALG:type=2, length=0
2026-03-17 16:18:29.483 [cefgetfile] WARNING: Unknown VALIDATION_ALG:type=2, length=0
2026-03-17 16:18:29.483 [cefgetfile] WARNING: Unknown VALIDATION_ALG:type=2, length=0
2026-03-17 16:18:29.483 [cefgetfile] WARNING: Unknown VALIDATION_ALG:type=2, length=0
2026-03-17 16:18:29.483 [cefgetfile] WARNING: Unknown VALIDATION_ALG:type=2, length=0
2026-03-17 16:18:29.483 [cefgetfile] WARNING: Unknown VALIDATION_ALG:type=2, length=0
2026-03-17 16:18:29.483 [cefgetfile] WARNING: Unknown VALIDATION_ALG:type=2, length=0
2026-03-17 16:18:29.484 [cefgetfile] WARNING: Unknown VALIDATION_ALG:type=2, length=0
2026-03-17 16:18:29.484 [cefgetfile] WARNING: Unknown VALIDATION_ALG:type=2, length=0
2026-03-17 16:18:29.484 [cefgetfile] WARNING: Unknown VALIDATION_ALG:type=2, length=0
2026-03-17 16:18:29.484 [cefgetfile] WARNING: Unknown VALIDATION_ALG:type=2, length=0
2026-03-17 16:18:29.484 [cefgetfile] WARNING: Unknown VALIDATION_ALG:type=2, length=0
2026-03-17 16:18:29.484 [cefgetfile] WARNING: Unknown VALIDATION_ALG:type=2, length=0
2026-03-17 16:18:29.484 [cefgetfile] WARNING: Unknown VALIDATION_ALG:type=2, length=0
2026-03-17 16:18:29.485 [cefgetfile] WARNING: Unknown VALIDATION_ALG:type=2, length=0
2026-03-17 16:18:29.485 [cefgetfile] WARNING: Unknown VALIDATION_ALG:type=2, length=0
2026-03-17 16:18:29.485 [cefgetfile] WARNING: Unknown VALIDATION_ALG:type=2, length=0
2026-03-17 16:18:29.485 [cefgetfile] WARNING: Unknown VALIDATION_ALG:type=2, length=0
2026-03-17 16:18:29.485 [cefgetfile] WARNING: Unknown VALIDATION_ALG:type=2, length=0
2026-03-17 16:18:29.485 [cefgetfile] WARNING: Unknown VALIDATION_ALG:type=2, length=0
2026-03-17 16:18:29.485 [cefgetfile] WARNING: Unknown VALIDATION_ALG:type=2, length=0
2026-03-17 16:18:29.485 [cefgetfile] WARNING: Unknown VALIDATION_ALG:type=2, length=0
2026-03-17 16:18:29.486 [cefgetfile] WARNING: Unknown VALIDATION_ALG:type=2, length=0
2026-03-17 16:18:29.486 [cefgetfile] WARNING: Unknown VALIDATION_ALG:type=2, length=0
2026-03-17 16:18:29.486 [cefgetfile] WARNING: Unknown VALIDATION_ALG:type=2, length=0
2026-03-17 16:18:29.486 [cefgetfile] WARNING: Unknown VALIDATION_ALG:type=2, length=0
2026-03-17 16:18:29.486 [cefgetfile] WARNING: Unknown VALIDATION_ALG:type=2, length=0
2026-03-17 16:18:29.486 [cefgetfile] WARNING: Unknown VALIDATION_ALG:type=2, length=0
2026-03-17 16:18:29.486 [cefgetfile] WARNING: Unknown VALIDATION_ALG:type=2, length=0
2026-03-17 16:18:29.487 [cefgetfile] WARNING: Unknown VALIDATION_ALG:type=2, length=0
2026-03-17 16:18:29.487 [cefgetfile] WARNING: Unknown VALIDATION_ALG:type=2, length=0
2026-03-17 16:18:29.487 [cefgetfile] WARNING: Unknown VALIDATION_ALG:type=2, length=0
2026-03-17 16:18:29.487 [cefgetfile] WARNING: Unknown VALIDATION_ALG:type=2, length=0
2026-03-17 16:18:29.487 [cefgetfile] WARNING: Unknown VALIDATION_ALG:type=2, length=0
2026-03-17 16:18:29.487 [cefgetfile] WARNING: Unknown VALIDATION_ALG:type=2, length=0
2026-03-17 16:18:29.487 [cefgetfile] WARNING: Unknown VALIDATION_ALG:type=2, length=0
2026-03-17 16:18:29.487 [cefgetfile] WARNING: Unknown VALIDATION_ALG:type=2, length=0
2026-03-17 16:18:29.488 [cefgetfile] WARNING: Unknown VALIDATION_ALG:type=2, length=0
2026-03-17 16:18:29.488 [cefgetfile] WARNING: Unknown VALIDATION_ALG:type=2, length=0
2026-03-17 16:18:29.488 [cefgetfile] WARNING: Unknown VALIDATION_ALG:type=2, length=0
2026-03-17 16:18:29.488 [cefgetfile] WARNING: Unknown VALIDATION_ALG:type=2, length=0
2026-03-17 16:18:29.488 [cefgetfile] WARNING: Unknown VALIDATION_ALG:type=2, length=0
2026-03-17 16:18:29.488 [cefgetfile] WARNING: Unknown VALIDATION_ALG:type=2, length=0
2026-03-17 16:18:29.488 [cefgetfile] WARNING: Unknown VALIDATION_ALG:type=2, length=0
2026-03-17 16:18:29.488 [cefgetfile] WARNING: Unknown VALIDATION_ALG:type=2, length=0
2026-03-17 16:18:29.489 [cefgetfile] WARNING: Unknown VALIDATION_ALG:type=2, length=0
2026-03-17 16:18:29.489 [cefgetfile] WARNING: Unknown VALIDATION_ALG:type=2, length=0
2026-03-17 16:18:29.489 [cefgetfile] WARNING: Unknown VALIDATION_ALG:type=2, length=0
2026-03-17 16:18:29.489 [cefgetfile] WARNING: Unknown VALIDATION_ALG:type=2, length=0
2026-03-17 16:18:29.489 [cefgetfile] WARNING: Unknown VALIDATION_ALG:type=2, length=0
2026-03-17 16:18:29.489 [cefgetfile] WARNING: Unknown VALIDATION_ALG:type=2, length=0
2026-03-17 16:18:29.489 [cefgetfile] WARNING: Unknown VALIDATION_ALG:type=2, length=0
2026-03-17 16:18:29.489 [cefgetfile] WARNING: Unknown VALIDATION_ALG:type=2, length=0
2026-03-17 16:18:29.490 [cefgetfile] WARNING: Unknown VALIDATION_ALG:type=2, length=0
2026-03-17 16:18:29.490 [cefgetfile] WARNING: Unknown VALIDATION_ALG:type=2, length=0
2026-03-17 16:18:29.490 [cefgetfile] WARNING: Unknown VALIDATION_ALG:type=2, length=0
2026-03-17 16:18:29.490 [cefgetfile] WARNING: Unknown VALIDATION_ALG:type=2, length=0
2026-03-17 16:18:29.490 [cefgetfile] WARNING: Unknown VALIDATION_ALG:type=2, length=0
2026-03-17 16:18:29.490 [cefgetfile] WARNING: Unknown VALIDATION_ALG:type=2, length=0
2026-03-17 16:18:29.490 [cefgetfile] WARNING: Unknown VALIDATION_ALG:type=2, length=0
2026-03-17 16:18:29.491 [cefgetfile] WARNING: Unknown VALIDATION_ALG:type=2, length=0
2026-03-17 16:18:29.491 [cefgetfile] WARNING: Unknown VALIDATION_ALG:type=2, length=0
2026-03-17 16:18:29.491 [cefgetfile] WARNING: Unknown VALIDATION_ALG:type=2, length=0
2026-03-17 16:18:29.491 [cefgetfile] WARNING: Unknown VALIDATION_ALG:type=2, length=0
2026-03-17 16:18:29.491 [cefgetfile] WARNING: Unknown VALIDATION_ALG:type=2, length=0
2026-03-17 16:18:29.491 [cefgetfile] WARNING: Unknown VALIDATION_ALG:type=2, length=0
2026-03-17 16:18:29.491 [cefgetfile] WARNING: Unknown VALIDATION_ALG:type=2, length=0
2026-03-17 16:18:29.491 [cefgetfile] WARNING: Unknown VALIDATION_ALG:type=2, length=0
2026-03-17 16:18:29.492 [cefgetfile] WARNING: Unknown VALIDATION_ALG:type=2, length=0
2026-03-17 16:18:29.492 [cefgetfile] WARNING: Unknown VALIDATION_ALG:type=2, length=0
2026-03-17 16:18:29.492 [cefgetfile] WARNING: Unknown VALIDATION_ALG:type=2, length=0
2026-03-17 16:18:29.492 [cefgetfile] WARNING: Unknown VALIDATION_ALG:type=2, length=0
2026-03-17 16:18:29.492 [cefgetfile] WARNING: Unknown VALIDATION_ALG:type=2, length=0
2026-03-17 16:18:29.492 [cefgetfile] WARNING: Unknown VALIDATION_ALG:type=2, length=0
2026-03-17 16:18:29.492 [cefgetfile] WARNING: Unknown VALIDATION_ALG:type=2, length=0
2026-03-17 16:18:29.493 [cefgetfile] WARNING: Unknown VALIDATION_ALG:type=2, length=0
2026-03-17 16:18:29.493 [cefgetfile] WARNING: Unknown VALIDATION_ALG:type=2, length=0
2026-03-17 16:18:29.493 [cefgetfile] WARNING: Unknown VALIDATION_ALG:type=2, length=0
2026-03-17 16:18:29.493 [cefgetfile] WARNING: Unknown VALIDATION_ALG:type=2, length=0
2026-03-17 16:18:29.493 [cefgetfile] WARNING: Unknown VALIDATION_ALG:type=2, length=0
2026-03-17 16:18:29.493 [cefgetfile] WARNING: Unknown VALIDATION_ALG:type=2, length=0
2026-03-17 16:18:29.493 [cefgetfile] WARNING: Unknown VALIDATION_ALG:type=2, length=0
2026-03-17 16:18:29.493 [cefgetfile] WARNING: Unknown VALIDATION_ALG:type=2, length=0
2026-03-17 16:18:29.494 [cefgetfile] WARNING: Unknown VALIDATION_ALG:type=2, length=0
2026-03-17 16:18:29.494 [cefgetfile] WARNING: Unknown VALIDATION_ALG:type=2, length=0
2026-03-17 16:18:29.494 [cefgetfile] WARNING: Unknown VALIDATION_ALG:type=2, length=0
2026-03-17 16:18:29.494 [cefgetfile] WARNING: Unknown VALIDATION_ALG:type=2, length=0
2026-03-17 16:18:29.494 [cefgetfile] WARNING: Unknown VALIDATION_ALG:type=2, length=0
2026-03-17 16:18:29.494 [cefgetfile] WARNING: Unknown VALIDATION_ALG:type=2, length=0
2026-03-17 16:18:29.494 [cefgetfile] WARNING: Unknown VALIDATION_ALG:type=2, length=0
2026-03-17 16:18:29.494 [cefgetfile] WARNING: Unknown VALIDATION_ALG:type=2, length=0
2026-03-17 16:18:29.495 [cefgetfile] WARNING: Unknown VALIDATION_ALG:type=2, length=0
2026-03-17 16:18:29.495 [cefgetfile] WARNING: Unknown VALIDATION_ALG:type=2, length=0
2026-03-17 16:18:29.495 [cefgetfile] WARNING: Unknown VALIDATION_ALG:type=2, length=0
2026-03-17 16:18:29.495 [cefgetfile] WARNING: Unknown VALIDATION_ALG:type=2, length=0
2026-03-17 16:18:29.495 [cefgetfile] WARNING: Unknown VALIDATION_ALG:type=2, length=0
2026-03-17 16:18:29.495 [cefgetfile] WARNING: Unknown VALIDATION_ALG:type=2, length=0
2026-03-17 16:18:29.495 [cefgetfile] WARNING: Unknown VALIDATION_ALG:type=2, length=0
2026-03-17 16:18:29.496 [cefgetfile] WARNING: Unknown VALIDATION_ALG:type=2, length=0
2026-03-17 16:18:29.496 [cefgetfile] WARNING: Unknown VALIDATION_ALG:type=2, length=0
2026-03-17 16:18:29.496 [cefgetfile] WARNING: Unknown VALIDATION_ALG:type=2, length=0
2026-03-17 16:18:29.496 [cefgetfile] WARNING: Unknown VALIDATION_ALG:type=2, length=0
2026-03-17 16:18:29.496 [cefgetfile] WARNING: Unknown VALIDATION_ALG:type=2, length=0
2026-03-17 16:18:29.496 [cefgetfile] WARNING: Unknown VALIDATION_ALG:type=2, length=0
2026-03-17 16:18:29.496 [cefgetfile] WARNING: Unknown VALIDATION_ALG:type=2, length=0
2026-03-17 16:18:29.496 [cefgetfile] WARNING: Unknown VALIDATION_ALG:type=2, length=0
2026-03-17 16:18:29.497 [cefgetfile] WARNING: Unknown VALIDATION_ALG:type=2, length=0
2026-03-17 16:18:29.497 [cefgetfile] WARNING: Unknown VALIDATION_ALG:type=2, length=0
2026-03-17 16:18:29.497 [cefgetfile] WARNING: Unknown VALIDATION_ALG:type=2, length=0
2026-03-17 16:18:29.497 [cefgetfile] WARNING: Unknown VALIDATION_ALG:type=2, length=0
2026-03-17 16:18:29.497 [cefgetfile] WARNING: Unknown VALIDATION_ALG:type=2, length=0
2026-03-17 16:18:29.497 [cefgetfile] WARNING: Unknown VALIDATION_ALG:type=2, length=0
2026-03-17 16:18:29.497 [cefgetfile] WARNING: Unknown VALIDATION_ALG:type=2, length=0
2026-03-17 16:18:29.497 [cefgetfile] WARNING: Unknown VALIDATION_ALG:type=2, length=0
2026-03-17 16:18:29.498 [cefgetfile] WARNING: Unknown VALIDATION_ALG:type=2, length=0
2026-03-17 16:18:29.498 [cefgetfile] WARNING: Unknown VALIDATION_ALG:type=2, length=0
2026-03-17 16:18:29.498 [cefgetfile] WARNING: Unknown VALIDATION_ALG:type=2, length=0
2026-03-17 16:18:29.498 [cefgetfile] WARNING: Unknown VALIDATION_ALG:type=2, length=0
2026-03-17 16:18:29.498 [cefgetfile] WARNING: Unknown VALIDATION_ALG:type=2, length=0
2026-03-17 16:18:29.498 [cefgetfile] WARNING: Unknown VALIDATION_ALG:type=2, length=0
2026-03-17 16:18:29.498 [cefgetfile] WARNING: Unknown VALIDATION_ALG:type=2, length=0
2026-03-17 16:18:29.498 [cefgetfile] WARNING: Unknown VALIDATION_ALG:type=2, length=0
2026-03-17 16:18:29.499 [cefgetfile] WARNING: Unknown VALIDATION_ALG:type=2, length=0
2026-03-17 16:18:29.499 [cefgetfile] WARNING: Unknown VALIDATION_ALG:type=2, length=0
2026-03-17 16:18:29.499 [cefgetfile] WARNING: Unknown VALIDATION_ALG:type=2, length=0
2026-03-17 16:18:29.499 [cefgetfile] WARNING: Unknown VALIDATION_ALG:type=2, length=0
2026-03-17 16:18:29.499 [cefgetfile] WARNING: Unknown VALIDATION_ALG:type=2, length=0
2026-03-17 16:18:29.499 [cefgetfile] WARNING: Unknown VALIDATION_ALG:type=2, length=0
2026-03-17 16:18:29.499 [cefgetfile] WARNING: Unknown VALIDATION_ALG:type=2, length=0
2026-03-17 16:18:29.500 [cefgetfile] WARNING: Unknown VALIDATION_ALG:type=2, length=0
2026-03-17 16:18:29.500 [cefgetfile] WARNING: Unknown VALIDATION_ALG:type=2, length=0
2026-03-17 16:18:29.500 [cefgetfile] WARNING: Unknown VALIDATION_ALG:type=2, length=0
2026-03-17 16:18:29.500 [cefgetfile] WARNING: Unknown VALIDATION_ALG:type=2, length=0
2026-03-17 16:18:29.500 [cefgetfile] WARNING: Unknown VALIDATION_ALG:type=2, length=0
2026-03-17 16:18:29.500 [cefgetfile] WARNING: Unknown VALIDATION_ALG:type=2, length=0
2026-03-17 16:18:29.500 [cefgetfile] WARNING: Unknown VALIDATION_ALG:type=2, length=0
2026-03-17 16:18:29.500 [cefgetfile] WARNING: Unknown VALIDATION_ALG:type=2, length=0
2026-03-17 16:18:29.501 [cefgetfile] WARNING: Unknown VALIDATION_ALG:type=2, length=0
2026-03-17 16:18:29.501 [cefgetfile] WARNING: Unknown VALIDATION_ALG:type=2, length=0
2026-03-17 16:18:29.501 [cefgetfile] WARNING: Unknown VALIDATION_ALG:type=2, length=0
2026-03-17 16:18:29.501 [cefgetfile] WARNING: Unknown VALIDATION_ALG:type=2, length=0
2026-03-17 16:18:29.501 [cefgetfile] WARNING: Unknown VALIDATION_ALG:type=2, length=0
2026-03-17 16:18:29.501 [cefgetfile] WARNING: Unknown VALIDATION_ALG:type=2, length=0
2026-03-17 16:18:29.501 [cefgetfile] WARNING: Unknown VALIDATION_ALG:type=2, length=0
2026-03-17 16:18:29.501 [cefgetfile] WARNING: Unknown VALIDATION_ALG:type=2, length=0
2026-03-17 16:18:29.502 [cefgetfile] WARNING: Unknown VALIDATION_ALG:type=2, length=0
2026-03-17 16:18:29.502 [cefgetfile] WARNING: Unknown VALIDATION_ALG:type=2, length=0
2026-03-17 16:18:29.502 [cefgetfile] WARNING: Unknown VALIDATION_ALG:type=2, length=0
2026-03-17 16:18:29.502 [cefgetfile] WARNING: Unknown VALIDATION_ALG:type=2, length=0
2026-03-17 16:18:29.502 [cefgetfile] WARNING: Unknown VALIDATION_ALG:type=2, length=0
2026-03-17 16:18:29.502 [cefgetfile] WARNING: Unknown VALIDATION_ALG:type=2, length=0
2026-03-17 16:18:29.502 [cefgetfile] WARNING: Unknown VALIDATION_ALG:type=2, length=0
2026-03-17 16:18:29.502 [cefgetfile] WARNING: Unknown VALIDATION_ALG:type=2, length=0
2026-03-17 16:18:29.503 [cefgetfile] WARNING: Unknown VALIDATION_ALG:type=2, length=0
2026-03-17 16:18:29.503 [cefgetfile] WARNING: Unknown VALIDATION_ALG:type=2, length=0
2026-03-17 16:18:29.503 [cefgetfile] WARNING: Unknown VALIDATION_ALG:type=2, length=0
2026-03-17 16:18:29.503 [cefgetfile] WARNING: Unknown VALIDATION_ALG:type=2, length=0
2026-03-17 16:18:29.503 [cefgetfile] WARNING: Unknown VALIDATION_ALG:type=2, length=0
2026-03-17 16:18:29.503 [cefgetfile] WARNING: Unknown VALIDATION_ALG:type=2, length=0
2026-03-17 16:18:29.503 [cefgetfile] WARNING: Unknown VALIDATION_ALG:type=2, length=0
2026-03-17 16:18:29.503 [cefgetfile] WARNING: Unknown VALIDATION_ALG:type=2, length=0
2026-03-17 16:18:29.504 [cefgetfile] WARNING: Unknown VALIDATION_ALG:type=2, length=0
2026-03-17 16:18:29.504 [cefgetfile] WARNING: Unknown VALIDATION_ALG:type=2, length=0
2026-03-17 16:18:29.504 [cefgetfile] WARNING: Unknown VALIDATION_ALG:type=2, length=0
2026-03-17 16:18:29.504 [cefgetfile] WARNING: Unknown VALIDATION_ALG:type=2, length=0
2026-03-17 16:18:29.504 [cefgetfile] WARNING: Unknown VALIDATION_ALG:type=2, length=0
2026-03-17 16:18:29.504 [cefgetfile] WARNING: Unknown VALIDATION_ALG:type=2, length=0
2026-03-17 16:18:29.504 [cefgetfile] WARNING: Unknown VALIDATION_ALG:type=2, length=0
2026-03-17 16:18:29.504 [cefgetfile] WARNING: Unknown VALIDATION_ALG:type=2, length=0
2026-03-17 16:18:29.505 [cefgetfile] WARNING: Unknown VALIDATION_ALG:type=2, length=0
2026-03-17 16:18:29.505 [cefgetfile] WARNING: Unknown VALIDATION_ALG:type=2, length=0
2026-03-17 16:18:29.505 [cefgetfile] WARNING: Unknown VALIDATION_ALG:type=2, length=0
2026-03-17 16:18:29.505 [cefgetfile] WARNING: Unknown VALIDATION_ALG:type=2, length=0
2026-03-17 16:18:29.505 [cefgetfile] WARNING: Unknown VALIDATION_ALG:type=2, length=0
2026-03-17 16:18:29.505 [cefgetfile] WARNING: Unknown VALIDATION_ALG:type=2, length=0
2026-03-17 16:18:29.506 [cefgetfile] WARNING: Unknown VALIDATION_ALG:type=2, length=0
2026-03-17 16:18:29.506 [cefgetfile] WARNING: Unknown VALIDATION_ALG:type=2, length=0
2026-03-17 16:18:29.506 [cefgetfile] WARNING: Unknown VALIDATION_ALG:type=2, length=0
2026-03-17 16:18:29.506 [cefgetfile] WARNING: Unknown VALIDATION_ALG:type=2, length=0
2026-03-17 16:18:29.506 [cefgetfile] WARNING: Unknown VALIDATION_ALG:type=2, length=0
2026-03-17 16:18:29.506 [cefgetfile] WARNING: Unknown VALIDATION_ALG:type=2, length=0
2026-03-17 16:18:29.506 [cefgetfile] WARNING: Unknown VALIDATION_ALG:type=2, length=0
2026-03-17 16:18:29.506 [cefgetfile] WARNING: Unknown VALIDATION_ALG:type=2, length=0
2026-03-17 16:18:29.507 [cefgetfile] WARNING: Unknown VALIDATION_ALG:type=2, length=0
2026-03-17 16:18:29.507 [cefgetfile] WARNING: Unknown VALIDATION_ALG:type=2, length=0
2026-03-17 16:18:29.507 [cefgetfile] WARNING: Unknown VALIDATION_ALG:type=2, length=0
2026-03-17 16:18:29.507 [cefgetfile] WARNING: Unknown VALIDATION_ALG:type=2, length=0
2026-03-17 16:18:29.507 [cefgetfile] WARNING: Unknown VALIDATION_ALG:type=2, length=0
2026-03-17 16:18:29.507 [cefgetfile] WARNING: Unknown VALIDATION_ALG:type=2, length=0
2026-03-17 16:18:29.507 [cefgetfile] WARNING: Unknown VALIDATION_ALG:type=2, length=0
2026-03-17 16:18:29.508 [cefgetfile] WARNING: Unknown VALIDATION_ALG:type=2, length=0
2026-03-17 16:18:29.508 [cefgetfile] WARNING: Unknown VALIDATION_ALG:type=2, length=0
2026-03-17 16:18:29.508 [cefgetfile] WARNING: Unknown VALIDATION_ALG:type=2, length=0
2026-03-17 16:18:29.508 [cefgetfile] WARNING: Unknown VALIDATION_ALG:type=2, length=0
2026-03-17 16:18:29.508 [cefgetfile] WARNING: Unknown VALIDATION_ALG:type=2, length=0
2026-03-17 16:18:29.508 [cefgetfile] WARNING: Unknown VALIDATION_ALG:type=2, length=0
2026-03-17 16:18:29.508 [cefgetfile] WARNING: Unknown VALIDATION_ALG:type=2, length=0
2026-03-17 16:18:29.509 [cefgetfile] WARNING: Unknown VALIDATION_ALG:type=2, length=0
2026-03-17 16:18:29.509 [cefgetfile] WARNING: Unknown VALIDATION_ALG:type=2, length=0
2026-03-17 16:18:29.509 [cefgetfile] WARNING: Unknown VALIDATION_ALG:type=2, length=0
2026-03-17 16:18:29.509 [cefgetfile] WARNING: Unknown VALIDATION_ALG:type=2, length=0
2026-03-17 16:18:29.509 [cefgetfile] WARNING: Unknown VALIDATION_ALG:type=2, length=0
2026-03-17 16:18:29.509 [cefgetfile] WARNING: Unknown VALIDATION_ALG:type=2, length=0
2026-03-17 16:18:29.509 [cefgetfile] WARNING: Unknown VALIDATION_ALG:type=2, length=0
2026-03-17 16:18:29.509 [cefgetfile] WARNING: Unknown VALIDATION_ALG:type=2, length=0
2026-03-17 16:18:29.510 [cefgetfile] WARNING: Unknown VALIDATION_ALG:type=2, length=0
2026-03-17 16:18:29.510 [cefgetfile] WARNING: Unknown VALIDATION_ALG:type=2, length=0
2026-03-17 16:18:29.510 [cefgetfile] WARNING: Unknown VALIDATION_ALG:type=2, length=0
2026-03-17 16:18:29.510 [cefgetfile] WARNING: Unknown VALIDATION_ALG:type=2, length=0
2026-03-17 16:18:29.510 [cefgetfile] WARNING: Unknown VALIDATION_ALG:type=2, length=0
2026-03-17 16:18:29.510 [cefgetfile] WARNING: Unknown VALIDATION_ALG:type=2, length=0
2026-03-17 16:18:29.510 [cefgetfile] WARNING: Unknown VALIDATION_ALG:type=2, length=0
2026-03-17 16:18:29.511 [cefgetfile] WARNING: Unknown VALIDATION_ALG:type=2, length=0
2026-03-17 16:18:29.511 [cefgetfile] WARNING: Unknown VALIDATION_ALG:type=2, length=0
2026-03-17 16:18:29.511 [cefgetfile] WARNING: Unknown VALIDATION_ALG:type=2, length=0
2026-03-17 16:18:29.511 [cefgetfile] WARNING: Unknown VALIDATION_ALG:type=2, length=0
2026-03-17 16:18:29.511 [cefgetfile] WARNING: Unknown VALIDATION_ALG:type=2, length=0
2026-03-17 16:18:29.511 [cefgetfile] WARNING: Unknown VALIDATION_ALG:type=2, length=0
2026-03-17 16:18:29.511 [cefgetfile] WARNING: Unknown VALIDATION_ALG:type=2, length=0
2026-03-17 16:18:29.511 [cefgetfile] WARNING: Unknown VALIDATION_ALG:type=2, length=0
2026-03-17 16:18:29.512 [cefgetfile] WARNING: Unknown VALIDATION_ALG:type=2, length=0
2026-03-17 16:18:29.512 [cefgetfile] WARNING: Unknown VALIDATION_ALG:type=2, length=0
2026-03-17 16:18:29.512 [cefgetfile] WARNING: Unknown VALIDATION_ALG:type=2, length=0
2026-03-17 16:18:29.512 [cefgetfile] WARNING: Unknown VALIDATION_ALG:type=2, length=0
2026-03-17 16:18:29.512 [cefgetfile] WARNING: Unknown VALIDATION_ALG:type=2, length=0
2026-03-17 16:18:29.512 [cefgetfile] WARNING: Unknown VALIDATION_ALG:type=2, length=0
2026-03-17 16:18:29.512 [cefgetfile] WARNING: Unknown VALIDATION_ALG:type=2, length=0
2026-03-17 16:18:29.513 [cefgetfile] WARNING: Unknown VALIDATION_ALG:type=2, length=0
2026-03-17 16:18:29.513 [cefgetfile] WARNING: Unknown VALIDATION_ALG:type=2, length=0
2026-03-17 16:18:29.513 [cefgetfile] WARNING: Unknown VALIDATION_ALG:type=2, length=0
2026-03-17 16:18:29.513 [cefgetfile] WARNING: Unknown VALIDATION_ALG:type=2, length=0
2026-03-17 16:18:29.513 [cefgetfile] WARNING: Unknown VALIDATION_ALG:type=2, length=0
2026-03-17 16:18:29.513 [cefgetfile] WARNING: Unknown VALIDATION_ALG:type=2, length=0
2026-03-17 16:18:29.513 [cefgetfile] WARNING: Unknown VALIDATION_ALG:type=2, length=0
2026-03-17 16:18:29.513 [cefgetfile] WARNING: Unknown VALIDATION_ALG:type=2, length=0
2026-03-17 16:18:29.514 [cefgetfile] WARNING: Unknown VALIDATION_ALG:type=2, length=0
2026-03-17 16:18:29.514 [cefgetfile] WARNING: Unknown VALIDATION_ALG:type=2, length=0
2026-03-17 16:18:29.514 [cefgetfile] WARNING: Unknown VALIDATION_ALG:type=2, length=0
2026-03-17 16:18:29.514 [cefgetfile] WARNING: Unknown VALIDATION_ALG:type=2, length=0
2026-03-17 16:18:29.514 [cefgetfile] WARNING: Unknown VALIDATION_ALG:type=2, length=0
2026-03-17 16:18:29.514 [cefgetfile] WARNING: Unknown VALIDATION_ALG:type=2, length=0
2026-03-17 16:18:29.514 [cefgetfile] WARNING: Unknown VALIDATION_ALG:type=2, length=0
2026-03-17 16:18:29.514 [cefgetfile] WARNING: Unknown VALIDATION_ALG:type=2, length=0
2026-03-17 16:18:29.515 [cefgetfile] WARNING: Unknown VALIDATION_ALG:type=2, length=0
2026-03-17 16:18:29.515 [cefgetfile] WARNING: Unknown VALIDATION_ALG:type=2, length=0
2026-03-17 16:18:29.515 [cefgetfile] WARNING: Unknown VALIDATION_ALG:type=2, length=0
2026-03-17 16:18:29.515 [cefgetfile] WARNING: Unknown VALIDATION_ALG:type=2, length=0
2026-03-17 16:18:29.515 [cefgetfile] WARNING: Unknown VALIDATION_ALG:type=2, length=0
2026-03-17 16:18:29.515 [cefgetfile] WARNING: Unknown VALIDATION_ALG:type=2, length=0
2026-03-17 16:18:29.515 [cefgetfile] WARNING: Unknown VALIDATION_ALG:type=2, length=0
2026-03-17 16:18:29.515 [cefgetfile] WARNING: Unknown VALIDATION_ALG:type=2, length=0
2026-03-17 16:18:29.516 [cefgetfile] WARNING: Unknown VALIDATION_ALG:type=2, length=0
2026-03-17 16:18:29.516 [cefgetfile] WARNING: Unknown VALIDATION_ALG:type=2, length=0
2026-03-17 16:18:29.516 [cefgetfile] WARNING: Unknown VALIDATION_ALG:type=2, length=0
2026-03-17 16:18:29.516 [cefgetfile] WARNING: Unknown VALIDATION_ALG:type=2, length=0
2026-03-17 16:18:29.516 [cefgetfile] WARNING: Unknown VALIDATION_ALG:type=2, length=0
2026-03-17 16:18:29.516 [cefgetfile] WARNING: Unknown VALIDATION_ALG:type=2, length=0
2026-03-17 16:18:29.516 [cefgetfile] WARNING: Unknown VALIDATION_ALG:type=2, length=0
2026-03-17 16:18:29.516 [cefgetfile] WARNING: Unknown VALIDATION_ALG:type=2, length=0
2026-03-17 16:18:29.517 [cefgetfile] WARNING: Unknown VALIDATION_ALG:type=2, length=0
2026-03-17 16:18:29.517 [cefgetfile] WARNING: Unknown VALIDATION_ALG:type=2, length=0
2026-03-17 16:18:29.517 [cefgetfile] WARNING: Unknown VALIDATION_ALG:type=2, length=0
2026-03-17 16:18:29.517 [cefgetfile] WARNING: Unknown VALIDATION_ALG:type=2, length=0
2026-03-17 16:18:29.517 [cefgetfile] WARNING: Unknown VALIDATION_ALG:type=2, length=0
2026-03-17 16:18:29.517 [cefgetfile] WARNING: Unknown VALIDATION_ALG:type=2, length=0
2026-03-17 16:18:29.517 [cefgetfile] WARNING: Unknown VALIDATION_ALG:type=2, length=0
2026-03-17 16:18:29.517 [cefgetfile] WARNING: Unknown VALIDATION_ALG:type=2, length=0
2026-03-17 16:18:29.518 [cefgetfile] WARNING: Unknown VALIDATION_ALG:type=2, length=0
2026-03-17 16:18:29.518 [cefgetfile] WARNING: Unknown VALIDATION_ALG:type=2, length=0
2026-03-17 16:18:29.518 [cefgetfile] WARNING: Unknown VALIDATION_ALG:type=2, length=0
2026-03-17 16:18:29.518 [cefgetfile] WARNING: Unknown VALIDATION_ALG:type=2, length=0
2026-03-17 16:18:29.518 [cefgetfile] WARNING: Unknown VALIDATION_ALG:type=2, length=0
2026-03-17 16:18:29.518 [cefgetfile] WARNING: Unknown VALIDATION_ALG:type=2, length=0
2026-03-17 16:18:29.518 [cefgetfile] WARNING: Unknown VALIDATION_ALG:type=2, length=0
2026-03-17 16:18:29.518 [cefgetfile] WARNING: Unknown VALIDATION_ALG:type=2, length=0
2026-03-17 16:18:29.519 [cefgetfile] WARNING: Unknown VALIDATION_ALG:type=2, length=0
2026-03-17 16:18:29.519 [cefgetfile] WARNING: Unknown VALIDATION_ALG:type=2, length=0
2026-03-17 16:18:29.519 [cefgetfile] WARNING: Unknown VALIDATION_ALG:type=2, length=0
2026-03-17 16:18:29.519 [cefgetfile] WARNING: Unknown VALIDATION_ALG:type=2, length=0
2026-03-17 16:18:29.519 [cefgetfile] WARNING: Unknown VALIDATION_ALG:type=2, length=0
2026-03-17 16:18:29.519 [cefgetfile] WARNING: Unknown VALIDATION_ALG:type=2, length=0
2026-03-17 16:18:29.519 [cefgetfile] WARNING: Unknown VALIDATION_ALG:type=2, length=0
2026-03-17 16:18:29.519 [cefgetfile] WARNING: Unknown VALIDATION_ALG:type=2, length=0
2026-03-17 16:18:29.519 [cefgetfile] WARNING: Unknown VALIDATION_ALG:type=2, length=0
2026-03-17 16:18:29.520 [cefgetfile] WARNING: Unknown VALIDATION_ALG:type=2, length=0
2026-03-17 16:18:29.520 [cefgetfile] WARNING: Unknown VALIDATION_ALG:type=2, length=0
2026-03-17 16:18:29.520 [cefgetfile] WARNING: Unknown VALIDATION_ALG:type=2, length=0
2026-03-17 16:18:29.520 [cefgetfile] WARNING: Unknown VALIDATION_ALG:type=2, length=0
2026-03-17 16:18:29.520 [cefgetfile] WARNING: Unknown VALIDATION_ALG:type=2, length=0
2026-03-17 16:18:29.520 [cefgetfile] WARNING: Unknown VALIDATION_ALG:type=2, length=0
2026-03-17 16:18:29.520 [cefgetfile] WARNING: Unknown VALIDATION_ALG:type=2, length=0
2026-03-17 16:18:29.520 [cefgetfile] WARNING: Unknown VALIDATION_ALG:type=2, length=0
2026-03-17 16:18:29.520 [cefgetfile] WARNING: Unknown VALIDATION_ALG:type=2, length=0
2026-03-17 16:18:29.520 [cefgetfile] WARNING: Unknown VALIDATION_ALG:type=2, length=0
2026-03-17 16:18:29.520 [cefgetfile] WARNING: Unknown VALIDATION_ALG:type=2, length=0
2026-03-17 16:18:29.521 [cefgetfile] WARNING: Unknown VALIDATION_ALG:type=2, length=0
2026-03-17 16:18:29.521 [cefgetfile] WARNING: Unknown VALIDATION_ALG:type=2, length=0
2026-03-17 16:18:29.521 [cefgetfile] WARNING: Unknown VALIDATION_ALG:type=2, length=0
2026-03-17 16:18:29.521 [cefgetfile] WARNING: Unknown VALIDATION_ALG:type=2, length=0
2026-03-17 16:18:29.521 [cefgetfile] WARNING: Unknown VALIDATION_ALG:type=2, length=0
2026-03-17 16:18:29.521 [cefgetfile] WARNING: Unknown VALIDATION_ALG:type=2, length=0
2026-03-17 16:18:29.521 [cefgetfile] WARNING: Unknown VALIDATION_ALG:type=2, length=0
2026-03-17 16:18:29.521 [cefgetfile] WARNING: Unknown VALIDATION_ALG:type=2, length=0
2026-03-17 16:18:29.521 [cefgetfile] WARNING: Unknown VALIDATION_ALG:type=2, length=0
[cefgetfile] Completed to get all the chunks.
[cefgetfile] Unconnect to cefnetd ... OK
[cefgetfile] Terminate
[cefgetfile] Rx Frames (All)           = 424
[cefgetfile] Rx Frames (ContentObject) = 424
[cefgetfile] Rx Bytes (All)            = 444414
[cefgetfile] Rx Bytes (ContentObject)  = 433390
[cefgetfile] Duration                  = 0.056 sec
[cefgetfile] Throughput                = 64591537 bps
[cefgetfile] Goodput                   = 62989299 bps
[cefgetfile] Jitter (Ave)              = 129 us
[cefgetfile] Jitter (Max)              = 1733 us
[cefgetfile] Jitter (Var)              = 7599 us
