[cefgetfile] Start
[cefgetfile] Parsing parameters ...OK
2026-01-30 11:41:44.871 [cefgetfile] INFO: [client] Config directory is ./h0
2026-01-30 11:41:44.871 [cefgetfile] INFO: [client] Local Socket Name is /tmp/cef_9695.0
2026-01-30 11:41:44.871 [cefgetfile] INFO: [client] Listen Port is 9695
[cefgetfile] Init Cefore Client package ... OK
[cefgetfile] Conversion from URI into Name ... OK
[cefgetfile] Checking the output file ... OK
[cefgetfile] Connect to cefnetd ... OK
[cefgetfile] URI=ccnx:/test/experiment/content3
[cefgetfile] Start sending Interests
[cefgetfile] Completed to get all the chunks.
[cefgetfile] Unconnect to cefnetd ... OK
[cefgetfile] Terminate
[cefgetfile] Rx Frames (All)           = 424
[cefgetfile] Rx Frames (ContentObject) = 424
[cefgetfile] Rx Bytes (All)            = 451198
[cefgetfile] Rx Bytes (ContentObject)  = 433390
[cefgetfile] Duration                  = 0.120 sec
[cefgetfile] Throughput                = 30250530 bps
[cefgetfile] Goodput                   = 29056594 bps
[cefgetfile] Jitter (Ave)              = 281 us
[cefgetfile] Jitter (Max)              = 3552 us
[cefgetfile] Jitter (Var)              = 189417 us
