[cefgetfile] Start
[cefgetfile] Parsing parameters ...OK
2026-01-30 11:42:22.185 [cefgetfile] INFO: [client] Config directory is ./h6
2026-01-30 11:42:22.185 [cefgetfile] INFO: [client] Local Socket Name is /tmp/cef_9695.6
2026-01-30 11:42:22.185 [cefgetfile] INFO: [client] Listen Port is 9695
[cefgetfile] Init Cefore Client package ... OK
[cefgetfile] Conversion from URI into Name ... OK
[cefgetfile] Checking the output file ... OK
[cefgetfile] Connect to cefnetd ... OK
[cefgetfile] URI=ccnx:/test/experiment/content5
[cefgetfile] Start sending Interests
[cefgetfile] Completed to get all the chunks.
[cefgetfile] Unconnect to cefnetd ... OK
[cefgetfile] Terminate
[cefgetfile] Rx Frames (All)           = 424
[cefgetfile] Rx Frames (ContentObject) = 424
[cefgetfile] Rx Bytes (All)            = 451198
[cefgetfile] Rx Bytes (ContentObject)  = 433390
[cefgetfile] Duration                  = 0.072 sec
[cefgetfile] Throughput                = 50608976 bps
[cefgetfile] Goodput                   = 48611527 bps
[cefgetfile] Jitter (Ave)              = 168 us
[cefgetfile] Jitter (Max)              = 3277 us
[cefgetfile] Jitter (Var)              = 26897 us
