[cefgetfile] Start
[cefgetfile] Parsing parameters ...OK
2026-03-17 16:17:57.090 [cefgetfile] INFO: [client] Config directory is ./h0
2026-03-17 16:17:57.090 [cefgetfile] INFO: [client] Local Socket Name is /tmp/cef_9695.0
2026-03-17 16:17:57.090 [cefgetfile] INFO: [client] Listen Port is 9695
[cefgetfile] Init Cefore Client package ... OK
[cefgetfile] Conversion from URI into Name ... OK
[cefgetfile] Checking the output file ... OK
[cefgetfile] Connect to cefnetd ... OK
[cefgetfile] URI=ccnx:/test/sample
[cefgetfile] Start sending Interests
2026-03-17 16:17:57.101 [cefgetfile] WARNING: Unknown VALIDATION_ALG:type=2, length=0
2026-03-17 16:17:57.101 [cefgetfile] WARNING: Unknown VALIDATION_ALG:type=2, length=0
2026-03-17 16:17:57.101 [cefgetfile] WARNING: Unknown VALIDATION_ALG:type=2, length=0
2026-03-17 16:17:57.101 [cefgetfile] WARNING: Unknown VALIDATION_ALG:type=2, length=0
2026-03-17 16:17:57.101 [cefgetfile] WARNING: Unknown VALIDATION_ALG:type=2, length=0
2026-03-17 16:17:57.101 [cefgetfile] WARNING: Unknown VALIDATION_ALG:type=2, length=0
2026-03-17 16:17:57.101 [cefgetfile] WARNING: Unknown VALIDATION_ALG:type=2, length=0
2026-03-17 16:17:57.101 [cefgetfile] WARNING: Unknown VALIDATION_ALG:type=2, length=0
2026-03-17 16:17:57.101 [cefgetfile] WARNING: Unknown VALIDATION_ALG:type=2, length=0
2026-03-17 16:17:57.101 [cefgetfile] WARNING: Unknown VALIDATION_ALG:type=2, length=0
2026-03-17 16:17:57.101 [cefgetfile] WARNING: Unknown VALIDATION_ALG:type=2, length=0
2026-03-17 16:17:57.101 [cefgetfile] WARNING: Unknown VALIDATION_ALG:type=2, length=0
2026-03-17 16:17:57.101 [cefgetfile] WARNING: Unknown VALIDATION_ALG:type=2, length=0
2026-03-17 16:17:57.102 [cefgetfile] WARNING: Unknown VALIDATION_ALG:type=2, length=0
2026-03-17 16:17:57.102 [cefgetfile] WARNING: Unknown VALIDATION_ALG:type=2, length=0
2026-03-17 16:17:57.102 [cefgetfile] WARNING: Unknown VALIDATION_ALG:type=2, length=0
2026-03-17 16:17:57.102 [cefgetfile] WARNING: Unknown VALIDATION_ALG:type=2, length=0
2026-03-17 16:17:57.102 [cefgetfile] WARNING: Unknown VALIDATION_ALG:type=2, length=0
2026-03-17 16:17:57.102 [cefgetfile] WARNING: Unknown VALIDATION_ALG:type=2, length=0
2026-03-17 16:17:57.102 [cefgetfile] WARNING: Unknown VALIDATION_ALG:type=2, length=0
2026-03-17 16:17:57.102 [cefgetfile] WARNING: Unknown VALIDATION_ALG:type=2, length=0
2026-03-17 16:17:57.102 [cefgetfile] WARNING: Unknown VALIDATION_ALG:type=2, length=0
2026-03-17 16:17:57.102 [cefgetfile] WARNING: Unknown VALIDATION_ALG:type=2, length=0
2026-03-17 16:17:57.102 [cefgetfile] WARNING: Unknown VALIDATION_ALG:type=2, length=0
2026-03-17 16:17:57.103 [cefgetfile] WARNING: Unknown VALIDATION_ALG:type=2, length=0
2026-03-17 16:17:57.103 [cefgetfile] WARNING: Unknown VALIDATION_ALG:type=2, length=0
2026-03-17 16:17:57.103 [cefgetfile] WARNING: Unknown VALIDATION_ALG:type=2, length=0
2026-03-17 16:17:57.103 [cefgetfile] WARNING: Unknown VALIDATION_ALG:type=2, length=0
2026-03-17 16:17:57.103 [cefgetfile] WARNING: Unknown VALIDATION_ALG:type=2, length=0
2026-03-17 16:17:57.103 [cefgetfile] WARNING: Unknown VALIDATION_ALG:type=2, length=0
2026-03-17 16:17:57.103 [cefgetfile] WARNING: Unknown VALIDATION_ALG:type=2, length=0
2026-03-17 16:17:57.103 [cefgetfile] WARNING: Unknown VALIDATION_ALG:type=2, length=0
2026-03-17 16:17:57.104 [cefgetfile] WARNING: Unknown VALIDATION_ALG:type=2, length=0
2026-03-17 16:17:57.104 [cefgetfile] WARNING: Unknown VALIDATION_ALG:type=2, length=0
2026-03-17 16:17:57.104 [cefgetfile] WARNING: Unknown VALIDATION_ALG:type=2, length=0
2026-03-17 16:17:57.104 [cefgetfile] WARNING: Unknown VALIDATION_ALG:type=2, length=0
2026-03-17 16:17:57.104 [cefgetfile] WARNING: Unknown VALIDATION_ALG:type=2, length=0
2026-03-17 16:17:57.104 [cefgetfile] WARNING: Unknown VALIDATION_ALG:type=2, length=0
2026-03-17 16:17:57.104 [cefgetfile] WARNING: Unknown VALIDATION_ALG:type=2, length=0
2026-03-17 16:17:57.104 [cefgetfile] WARNING: Unknown VALIDATION_ALG:type=2, length=0
2026-03-17 16:17:57.104 [cefgetfile] WARNING: Unknown VALIDATION_ALG:type=2, length=0
2026-03-17 16:17:57.104 [cefgetfile] WARNING: Unknown VALIDATION_ALG:type=2, length=0
2026-03-17 16:17:57.104 [cefgetfile] WARNING: Unknown VALIDATION_ALG:type=2, length=0
2026-03-17 16:17:57.104 [cefgetfile] WARNING: Unknown VALIDATION_ALG:type=2, length=0
2026-03-17 16:17:57.105 [cefgetfile] WARNING: Unknown VALIDATION_ALG:type=2, length=0
2026-03-17 16:17:57.105 [cefgetfile] WARNING: Unknown VALIDATION_ALG:type=2, length=0
2026-03-17 16:17:57.105 [cefgetfile] WARNING: Unknown VALIDATION_ALG:type=2, length=0
2026-03-17 16:17:57.105 [cefgetfile] WARNING: Unknown VALIDATION_ALG:type=2, length=0
2026-03-17 16:17:57.105 [cefgetfile] WARNING: Unknown VALIDATION_ALG:type=2, length=0
2026-03-17 16:17:57.105 [cefgetfile] WARNING: Unknown VALIDATION_ALG:type=2, length=0
2026-03-17 16:17:57.105 [cefgetfile] WARNING: Unknown VALIDATION_ALG:type=2, length=0
2026-03-17 16:17:57.105 [cefgetfile] WARNING: Unknown VALIDATION_ALG:type=2, length=0
2026-03-17 16:17:57.105 [cefgetfile] WARNING: Unknown VALIDATION_ALG:type=2, length=0
2026-03-17 16:17:57.105 [cefgetfile] WARNING: Unknown VALIDATION_ALG:type=2, length=0
2026-03-17 16:17:57.105 [cefgetfile] WARNING: Unknown VALIDATION_ALG:type=2, length=0
2026-03-17 16:17:57.105 [cefgetfile] WARNING: Unknown VALIDATION_ALG:type=2, length=0
2026-03-17 16:17:57.105 [cefgetfile] WARNING: Unknown VALIDATION_ALG:type=2, length=0
2026-03-17 16:17:57.106 [cefgetfile] WARNING: Unknown VALIDATION_ALG:type=2, length=0
2026-03-17 16:17:57.106 [cefgetfile] WARNING: Unknown VALIDATION_ALG:type=2, length=0
2026-03-17 16:17:57.106 [cefgetfile] WARNING: Unknown VALIDATION_ALG:type=2, length=0
2026-03-17 16:17:57.106 [cefgetfile] WARNING: Unknown VALIDATION_ALG:type=2, length=0
2026-03-17 16:17:57.106 [cefgetfile] WARNING: Unknown VALIDATION_ALG:type=2, length=0
2026-03-17 16:17:57.106 [cefgetfile] WARNING: Unknown VALIDATION_ALG:type=2, length=0
2026-03-17 16:17:57.106 [cefgetfile] WARNING: Unknown VALIDATION_ALG:type=2, length=0
2026-03-17 16:17:57.106 [cefgetfile] WARNING: Unknown VALIDATION_ALG:type=2, length=0
2026-03-17 16:17:57.107 [cefgetfile] WARNING: Unknown VALIDATION_ALG:type=2, length=0
2026-03-17 16:17:57.107 [cefgetfile] WARNING: Unknown VALIDATION_ALG:type=2, length=0
2026-03-17 16:17:57.107 [cefgetfile] WARNING: Unknown VALIDATION_ALG:type=2, length=0
2026-03-17 16:17:57.107 [cefgetfile] WARNING: Unknown VALIDATION_ALG:type=2, length=0
2026-03-17 16:17:57.107 [cefgetfile] WARNING: Unknown VALIDATION_ALG:type=2, length=0
2026-03-17 16:17:57.107 [cefgetfile] WARNING: Unknown VALIDATION_ALG:type=2, length=0
2026-03-17 16:17:57.107 [cefgetfile] WARNING: Unknown VALIDATION_ALG:type=2, length=0
2026-03-17 16:17:57.107 [cefgetfile] WARNING: Unknown VALIDATION_ALG:type=2, length=0
2026-03-17 16:17:57.107 [cefgetfile] WARNING: Unknown VALIDATION_ALG:type=2, length=0
2026-03-17 16:17:57.107 [cefgetfile] WARNING: Unknown VALIDATION_ALG:type=2, length=0
2026-03-17 16:17:57.108 [cefgetfile] WARNING: Unknown VALIDATION_ALG:type=2, length=0
2026-03-17 16:17:57.108 [cefgetfile] WARNING: Unknown VALIDATION_ALG:type=2, length=0
2026-03-17 16:17:57.108 [cefgetfile] WARNING: Unknown VALIDATION_ALG:type=2, length=0
2026-03-17 16:17:57.108 [cefgetfile] WARNING: Unknown VALIDATION_ALG:type=2, length=0
2026-03-17 16:17:57.108 [cefgetfile] WARNING: Unknown VALIDATION_ALG:type=2, length=0
2026-03-17 16:17:57.108 [cefgetfile] WARNING: Unknown VALIDATION_ALG:type=2, length=0
2026-03-17 16:17:57.108 [cefgetfile] WARNING: Unknown VALIDATION_ALG:type=2, length=0
2026-03-17 16:17:57.108 [cefgetfile] WARNING: Unknown VALIDATION_ALG:type=2, length=0
2026-03-17 16:17:57.108 [cefgetfile] WARNING: Unknown VALIDATION_ALG:type=2, length=0
2026-03-17 16:17:57.108 [cefgetfile] WARNING: Unknown VALIDATION_ALG:type=2, length=0
2026-03-17 16:17:57.108 [cefgetfile] WARNING: Unknown VALIDATION_ALG:type=2, length=0
2026-03-17 16:17:57.108 [cefgetfile] WARNING: Unknown VALIDATION_ALG:type=2, length=0
2026-03-17 16:17:57.109 [cefgetfile] WARNING: Unknown VALIDATION_ALG:type=2, length=0
2026-03-17 16:17:57.109 [cefgetfile] WARNING: Unknown VALIDATION_ALG:type=2, length=0
2026-03-17 16:17:57.109 [cefgetfile] WARNING: Unknown VALIDATION_ALG:type=2, length=0
2026-03-17 16:17:57.109 [cefgetfile] WARNING: Unknown VALIDATION_ALG:type=2, length=0
2026-03-17 16:17:57.109 [cefgetfile] WARNING: Unknown VALIDATION_ALG:type=2, length=0
2026-03-17 16:17:57.109 [cefgetfile] WARNING: Unknown VALIDATION_ALG:type=2, length=0
2026-03-17 16:17:57.109 [cefgetfile] WARNING: Unknown VALIDATION_ALG:type=2, length=0
2026-03-17 16:17:57.109 [cefgetfile] WARNING: Unknown VALIDATION_ALG:type=2, length=0
2026-03-17 16:17:57.110 [cefgetfile] WARNING: Unknown VALIDATION_ALG:type=2, length=0
2026-03-17 16:17:57.110 [cefgetfile] WARNING: Unknown VALIDATION_ALG:type=2, length=0
2026-03-17 16:17:57.110 [cefgetfile] WARNING: Unknown VALIDATION_ALG:type=2, length=0
2026-03-17 16:17:57.110 [cefgetfile] WARNING: Unknown VALIDATION_ALG:type=2, length=0
2026-03-17 16:17:57.110 [cefgetfile] WARNING: Unknown VALIDATION_ALG:type=2, length=0
2026-03-17 16:17:57.110 [cefgetfile] WARNING: Unknown VALIDATION_ALG:type=2, length=0
2026-03-17 16:17:57.110 [cefgetfile] WARNING: Unknown VALIDATION_ALG:type=2, length=0
2026-03-17 16:17:57.110 [cefgetfile] WARNING: Unknown VALIDATION_ALG:type=2, length=0
2026-03-17 16:17:57.110 [cefgetfile] WARNING: Unknown VALIDATION_ALG:type=2, length=0
2026-03-17 16:17:57.110 [cefgetfile] WARNING: Unknown VALIDATION_ALG:type=2, length=0
2026-03-17 16:17:57.110 [cefgetfile] WARNING: Unknown VALIDATION_ALG:type=2, length=0
2026-03-17 16:17:57.110 [cefgetfile] WARNING: Unknown VALIDATION_ALG:type=2, length=0
2026-03-17 16:17:57.110 [cefgetfile] WARNING: Unknown VALIDATION_ALG:type=2, length=0
2026-03-17 16:17:57.111 [cefgetfile] WARNING: Unknown VALIDATION_ALG:type=2, length=0
2026-03-17 16:17:57.111 [cefgetfile] WARNING: Unknown VALIDATION_ALG:type=2, length=0
2026-03-17 16:17:57.111 [cefgetfile] WARNING: Unknown VALIDATION_ALG:type=2, length=0
2026-03-17 16:17:57.111 [cefgetfile] WARNING: Unknown VALIDATION_ALG:type=2, length=0
2026-03-17 16:17:57.111 [cefgetfile] WARNING: Unknown VALIDATION_ALG:type=2, length=0
2026-03-17 16:17:57.111 [cefgetfile] WARNING: Unknown VALIDATION_ALG:type=2, length=0
2026-03-17 16:17:57.111 [cefgetfile] WARNING: Unknown VALIDATION_ALG:type=2, length=0
2026-03-17 16:17:57.111 [cefgetfile] WARNING: Unknown VALIDATION_ALG:type=2, length=0
2026-03-17 16:17:57.111 [cefgetfile] WARNING: Unknown VALIDATION_ALG:type=2, length=0
2026-03-17 16:17:57.111 [cefgetfile] WARNING: Unknown VALIDATION_ALG:type=2, length=0
2026-03-17 16:17:57.111 [cefgetfile] WARNING: Unknown VALIDATION_ALG:type=2, length=0
2026-03-17 16:17:57.112 [cefgetfile] WARNING: Unknown VALIDATION_ALG:type=2, length=0
2026-03-17 16:17:57.112 [cefgetfile] WARNING: Unknown VALIDATION_ALG:type=2, length=0
2026-03-17 16:17:57.112 [cefgetfile] WARNING: Unknown VALIDATION_ALG:type=2, length=0
2026-03-17 16:17:57.112 [cefgetfile] WARNING: Unknown VALIDATION_ALG:type=2, length=0
2026-03-17 16:17:57.112 [cefgetfile] WARNING: Unknown VALIDATION_ALG:type=2, length=0
2026-03-17 16:17:57.112 [cefgetfile] WARNING: Unknown VALIDATION_ALG:type=2, length=0
2026-03-17 16:17:57.112 [cefgetfile] WARNING: Unknown VALIDATION_ALG:type=2, length=0
2026-03-17 16:17:57.113 [cefgetfile] WARNING: Unknown VALIDATION_ALG:type=2, length=0
2026-03-17 16:17:57.113 [cefgetfile] WARNING: Unknown VALIDATION_ALG:type=2, length=0
2026-03-17 16:17:57.113 [cefgetfile] WARNING: Unknown VALIDATION_ALG:type=2, length=0
2026-03-17 16:17:57.113 [cefgetfile] WARNING: Unknown VALIDATION_ALG:type=2, length=0
2026-03-17 16:17:57.113 [cefgetfile] WARNING: Unknown VALIDATION_ALG:type=2, length=0
2026-03-17 16:17:57.113 [cefgetfile] WARNING: Unknown VALIDATION_ALG:type=2, length=0
2026-03-17 16:17:57.113 [cefgetfile] WARNING: Unknown VALIDATION_ALG:type=2, length=0
2026-03-17 16:17:57.113 [cefgetfile] WARNING: Unknown VALIDATION_ALG:type=2, length=0
2026-03-17 16:17:57.113 [cefgetfile] WARNING: Unknown VALIDATION_ALG:type=2, length=0
2026-03-17 16:17:57.113 [cefgetfile] WARNING: Unknown VALIDATION_ALG:type=2, length=0
2026-03-17 16:17:57.113 [cefgetfile] WARNING: Unknown VALIDATION_ALG:type=2, length=0
2026-03-17 16:17:57.113 [cefgetfile] WARNING: Unknown VALIDATION_ALG:type=2, length=0
2026-03-17 16:17:57.113 [cefgetfile] WARNING: Unknown VALIDATION_ALG:type=2, length=0
2026-03-17 16:17:57.114 [cefgetfile] WARNING: Unknown VALIDATION_ALG:type=2, length=0
2026-03-17 16:17:57.114 [cefgetfile] WARNING: Unknown VALIDATION_ALG:type=2, length=0
2026-03-17 16:17:57.114 [cefgetfile] WARNING: Unknown VALIDATION_ALG:type=2, length=0
2026-03-17 16:17:57.114 [cefgetfile] WARNING: Unknown VALIDATION_ALG:type=2, length=0
2026-03-17 16:17:57.114 [cefgetfile] WARNING: Unknown VALIDATION_ALG:type=2, length=0
2026-03-17 16:17:57.114 [cefgetfile] WARNING: Unknown VALIDATION_ALG:type=2, length=0
2026-03-17 16:17:57.114 [cefgetfile] WARNING: Unknown VALIDATION_ALG:type=2, length=0
2026-03-17 16:17:57.114 [cefgetfile] WARNING: Unknown VALIDATION_ALG:type=2, length=0
2026-03-17 16:17:57.114 [cefgetfile] WARNING: Unknown VALIDATION_ALG:type=2, length=0
2026-03-17 16:17:57.114 [cefgetfile] WARNING: Unknown VALIDATION_ALG:type=2, length=0
2026-03-17 16:17:57.114 [cefgetfile] WARNING: Unknown VALIDATION_ALG:type=2, length=0
2026-03-17 16:17:57.114 [cefgetfile] WARNING: Unknown VALIDATION_ALG:type=2, length=0
2026-03-17 16:17:57.114 [cefgetfile] WARNING: Unknown VALIDATION_ALG:type=2, length=0
2026-03-17 16:17:57.115 [cefgetfile] WARNING: Unknown VALIDATION_ALG:type=2, length=0
2026-03-17 16:17:57.115 [cefgetfile] WARNING: Unknown VALIDATION_ALG:type=2, length=0
2026-03-17 16:17:57.115 [cefgetfile] WARNING: Unknown VALIDATION_ALG:type=2, length=0
2026-03-17 16:17:57.115 [cefgetfile] WARNING: Unknown VALIDATION_ALG:type=2, length=0
2026-03-17 16:17:57.115 [cefgetfile] WARNING: Unknown VALIDATION_ALG:type=2, length=0
2026-03-17 16:17:57.115 [cefgetfile] WARNING: Unknown VALIDATION_ALG:type=2, length=0
2026-03-17 16:17:57.115 [cefgetfile] WARNING: Unknown VALIDATION_ALG:type=2, length=0
2026-03-17 16:17:57.115 [cefgetfile] WARNING: Unknown VALIDATION_ALG:type=2, length=0
2026-03-17 16:17:57.116 [cefgetfile] WARNING: Unknown VALIDATION_ALG:type=2, length=0
2026-03-17 16:17:57.116 [cefgetfile] WARNING: Unknown VALIDATION_ALG:type=2, length=0
2026-03-17 16:17:57.116 [cefgetfile] WARNING: Unknown VALIDATION_ALG:type=2, length=0
2026-03-17 16:17:57.116 [cefgetfile] WARNING: Unknown VALIDATION_ALG:type=2, length=0
2026-03-17 16:17:57.116 [cefgetfile] WARNING: Unknown VALIDATION_ALG:type=2, length=0
2026-03-17 16:17:57.116 [cefgetfile] WARNING: Unknown VALIDATION_ALG:type=2, length=0
2026-03-17 16:17:57.116 [cefgetfile] WARNING: Unknown VALIDATION_ALG:type=2, length=0
2026-03-17 16:17:57.116 [cefgetfile] WARNING: Unknown VALIDATION_ALG:type=2, length=0
2026-03-17 16:17:57.116 [cefgetfile] WARNING: Unknown VALIDATION_ALG:type=2, length=0
2026-03-17 16:17:57.116 [cefgetfile] WARNING: Unknown VALIDATION_ALG:type=2, length=0
2026-03-17 16:17:57.116 [cefgetfile] WARNING: Unknown VALIDATION_ALG:type=2, length=0
2026-03-17 16:17:57.116 [cefgetfile] WARNING: Unknown VALIDATION_ALG:type=2, length=0
2026-03-17 16:17:57.116 [cefgetfile] WARNING: Unknown VALIDATION_ALG:type=2, length=0
2026-03-17 16:17:57.117 [cefgetfile] WARNING: Unknown VALIDATION_ALG:type=2, length=0
2026-03-17 16:17:57.117 [cefgetfile] WARNING: Unknown VALIDATION_ALG:type=2, length=0
2026-03-17 16:17:57.117 [cefgetfile] WARNING: Unknown VALIDATION_ALG:type=2, length=0
2026-03-17 16:17:57.117 [cefgetfile] WARNING: Unknown VALIDATION_ALG:type=2, length=0
2026-03-17 16:17:57.117 [cefgetfile] WARNING: Unknown VALIDATION_ALG:type=2, length=0
2026-03-17 16:17:57.117 [cefgetfile] WARNING: Unknown VALIDATION_ALG:type=2, length=0
2026-03-17 16:17:57.117 [cefgetfile] WARNING: Unknown VALIDATION_ALG:type=2, length=0
2026-03-17 16:17:57.117 [cefgetfile] WARNING: Unknown VALIDATION_ALG:type=2, length=0
2026-03-17 16:17:57.117 [cefgetfile] WARNING: Unknown VALIDATION_ALG:type=2, length=0
2026-03-17 16:17:57.117 [cefgetfile] WARNING: Unknown VALIDATION_ALG:type=2, length=0
2026-03-17 16:17:57.117 [cefgetfile] WARNING: Unknown VALIDATION_ALG:type=2, length=0
2026-03-17 16:17:57.117 [cefgetfile] WARNING: Unknown VALIDATION_ALG:type=2, length=0
2026-03-17 16:17:57.118 [cefgetfile] WARNING: Unknown VALIDATION_ALG:type=2, length=0
2026-03-17 16:17:57.118 [cefgetfile] WARNING: Unknown VALIDATION_ALG:type=2, length=0
2026-03-17 16:17:57.118 [cefgetfile] WARNING: Unknown VALIDATION_ALG:type=2, length=0
2026-03-17 16:17:57.118 [cefgetfile] WARNING: Unknown VALIDATION_ALG:type=2, length=0
2026-03-17 16:17:57.118 [cefgetfile] WARNING: Unknown VALIDATION_ALG:type=2, length=0
2026-03-17 16:17:57.118 [cefgetfile] WARNING: Unknown VALIDATION_ALG:type=2, length=0
2026-03-17 16:17:57.118 [cefgetfile] WARNING: Unknown VALIDATION_ALG:type=2, length=0
2026-03-17 16:17:57.118 [cefgetfile] WARNING: Unknown VALIDATION_ALG:type=2, length=0
2026-03-17 16:17:57.118 [cefgetfile] WARNING: Unknown VALIDATION_ALG:type=2, length=0
2026-03-17 16:17:57.118 [cefgetfile] WARNING: Unknown VALIDATION_ALG:type=2, length=0
2026-03-17 16:17:57.119 [cefgetfile] WARNING: Unknown VALIDATION_ALG:type=2, length=0
2026-03-17 16:17:57.119 [cefgetfile] WARNING: Unknown VALIDATION_ALG:type=2, length=0
2026-03-17 16:17:57.119 [cefgetfile] WARNING: Unknown VALIDATION_ALG:type=2, length=0
2026-03-17 16:17:57.119 [cefgetfile] WARNING: Unknown VALIDATION_ALG:type=2, length=0
2026-03-17 16:17:57.119 [cefgetfile] WARNING: Unknown VALIDATION_ALG:type=2, length=0
2026-03-17 16:17:57.119 [cefgetfile] WARNING: Unknown VALIDATION_ALG:type=2, length=0
2026-03-17 16:17:57.119 [cefgetfile] WARNING: Unknown VALIDATION_ALG:type=2, length=0
2026-03-17 16:17:57.119 [cefgetfile] WARNING: Unknown VALIDATION_ALG:type=2, length=0
2026-03-17 16:17:57.119 [cefgetfile] WARNING: Unknown VALIDATION_ALG:type=2, length=0
2026-03-17 16:17:57.119 [cefgetfile] WARNING: Unknown VALIDATION_ALG:type=2, length=0
2026-03-17 16:17:57.119 [cefgetfile] WARNING: Unknown VALIDATION_ALG:type=2, length=0
2026-03-17 16:17:57.119 [cefgetfile] WARNING: Unknown VALIDATION_ALG:type=2, length=0
2026-03-17 16:17:57.120 [cefgetfile] WARNING: Unknown VALIDATION_ALG:type=2, length=0
2026-03-17 16:17:57.120 [cefgetfile] WARNING: Unknown VALIDATION_ALG:type=2, length=0
2026-03-17 16:17:57.120 [cefgetfile] WARNING: Unknown VALIDATION_ALG:type=2, length=0
2026-03-17 16:17:57.120 [cefgetfile] WARNING: Unknown VALIDATION_ALG:type=2, length=0
2026-03-17 16:17:57.120 [cefgetfile] WARNING: Unknown VALIDATION_ALG:type=2, length=0
2026-03-17 16:17:57.120 [cefgetfile] WARNING: Unknown VALIDATION_ALG:type=2, length=0
2026-03-17 16:17:57.120 [cefgetfile] WARNING: Unknown VALIDATION_ALG:type=2, length=0
2026-03-17 16:17:57.120 [cefgetfile] WARNING: Unknown VALIDATION_ALG:type=2, length=0
2026-03-17 16:17:57.120 [cefgetfile] WARNING: Unknown VALIDATION_ALG:type=2, length=0
2026-03-17 16:17:57.120 [cefgetfile] WARNING: Unknown VALIDATION_ALG:type=2, length=0
2026-03-17 16:17:57.121 [cefgetfile] WARNING: Unknown VALIDATION_ALG:type=2, length=0
2026-03-17 16:17:57.121 [cefgetfile] WARNING: Unknown VALIDATION_ALG:type=2, length=0
2026-03-17 16:17:57.121 [cefgetfile] WARNING: Unknown VALIDATION_ALG:type=2, length=0
2026-03-17 16:17:57.121 [cefgetfile] WARNING: Unknown VALIDATION_ALG:type=2, length=0
2026-03-17 16:17:57.121 [cefgetfile] WARNING: Unknown VALIDATION_ALG:type=2, length=0
2026-03-17 16:17:57.121 [cefgetfile] WARNING: Unknown VALIDATION_ALG:type=2, length=0
2026-03-17 16:17:57.121 [cefgetfile] WARNING: Unknown VALIDATION_ALG:type=2, length=0
2026-03-17 16:17:57.121 [cefgetfile] WARNING: Unknown VALIDATION_ALG:type=2, length=0
2026-03-17 16:17:57.121 [cefgetfile] WARNING: Unknown VALIDATION_ALG:type=2, length=0
2026-03-17 16:17:57.121 [cefgetfile] WARNING: Unknown VALIDATION_ALG:type=2, length=0
2026-03-17 16:17:57.121 [cefgetfile] WARNING: Unknown VALIDATION_ALG:type=2, length=0
2026-03-17 16:17:57.121 [cefgetfile] WARNING: Unknown VALIDATION_ALG:type=2, length=0
2026-03-17 16:17:57.122 [cefgetfile] WARNING: Unknown VALIDATION_ALG:type=2, length=0
2026-03-17 16:17:57.122 [cefgetfile] WARNING: Unknown VALIDATION_ALG:type=2, length=0
2026-03-17 16:17:57.122 [cefgetfile] WARNING: Unknown VALIDATION_ALG:type=2, length=0
2026-03-17 16:17:57.122 [cefgetfile] WARNING: Unknown VALIDATION_ALG:type=2, length=0
2026-03-17 16:17:57.122 [cefgetfile] WARNING: Unknown VALIDATION_ALG:type=2, length=0
2026-03-17 16:17:57.122 [cefgetfile] WARNING: Unknown VALIDATION_ALG:type=2, length=0
2026-03-17 16:17:57.122 [cefgetfile] WARNING: Unknown VALIDATION_ALG:type=2, length=0
2026-03-17 16:17:57.122 [cefgetfile] WARNING: Unknown VALIDATION_ALG:type=2, length=0
2026-03-17 16:17:57.122 [cefgetfile] WARNING: Unknown VALIDATION_ALG:type=2, length=0
2026-03-17 16:17:57.122 [cefgetfile] WARNING: Unknown VALIDATION_ALG:type=2, length=0
2026-03-17 16:17:57.122 [cefgetfile] WARNING: Unknown VALIDATION_ALG:type=2, length=0
2026-03-17 16:17:57.122 [cefgetfile] WARNING: Unknown VALIDATION_ALG:type=2, length=0
2026-03-17 16:17:57.122 [cefgetfile] WARNING: Unknown VALIDATION_ALG:type=2, length=0
2026-03-17 16:17:57.123 [cefgetfile] WARNING: Unknown VALIDATION_ALG:type=2, length=0
2026-03-17 16:17:57.123 [cefgetfile] WARNING: Unknown VALIDATION_ALG:type=2, length=0
2026-03-17 16:17:57.123 [cefgetfile] WARNING: Unknown VALIDATION_ALG:type=2, length=0
2026-03-17 16:17:57.123 [cefgetfile] WARNING: Unknown VALIDATION_ALG:type=2, length=0
2026-03-17 16:17:57.123 [cefgetfile] WARNING: Unknown VALIDATION_ALG:type=2, length=0
2026-03-17 16:17:57.123 [cefgetfile] WARNING: Unknown VALIDATION_ALG:type=2, length=0
2026-03-17 16:17:57.123 [cefgetfile] WARNING: Unknown VALIDATION_ALG:type=2, length=0
2026-03-17 16:17:57.123 [cefgetfile] WARNING: Unknown VALIDATION_ALG:type=2, length=0
2026-03-17 16:17:57.124 [cefgetfile] WARNING: Unknown VALIDATION_ALG:type=2, length=0
2026-03-17 16:17:57.124 [cefgetfile] WARNING: Unknown VALIDATION_ALG:type=2, length=0
2026-03-17 16:17:57.124 [cefgetfile] WARNING: Unknown VALIDATION_ALG:type=2, length=0
2026-03-17 16:17:57.124 [cefgetfile] WARNING: Unknown VALIDATION_ALG:type=2, length=0
2026-03-17 16:17:57.124 [cefgetfile] WARNING: Unknown VALIDATION_ALG:type=2, length=0
2026-03-17 16:17:57.124 [cefgetfile] WARNING: Unknown VALIDATION_ALG:type=2, length=0
2026-03-17 16:17:57.124 [cefgetfile] WARNING: Unknown VALIDATION_ALG:type=2, length=0
2026-03-17 16:17:57.124 [cefgetfile] WARNING: Unknown VALIDATION_ALG:type=2, length=0
2026-03-17 16:17:57.124 [cefgetfile] WARNING: Unknown VALIDATION_ALG:type=2, length=0
2026-03-17 16:17:57.124 [cefgetfile] WARNING: Unknown VALIDATION_ALG:type=2, length=0
2026-03-17 16:17:57.124 [cefgetfile] WARNING: Unknown VALIDATION_ALG:type=2, length=0
2026-03-17 16:17:57.124 [cefgetfile] WARNING: Unknown VALIDATION_ALG:type=2, length=0
2026-03-17 16:17:57.125 [cefgetfile] WARNING: Unknown VALIDATION_ALG:type=2, length=0
2026-03-17 16:17:57.125 [cefgetfile] WARNING: Unknown VALIDATION_ALG:type=2, length=0
2026-03-17 16:17:57.125 [cefgetfile] WARNING: Unknown VALIDATION_ALG:type=2, length=0
2026-03-17 16:17:57.125 [cefgetfile] WARNING: Unknown VALIDATION_ALG:type=2, length=0
2026-03-17 16:17:57.125 [cefgetfile] WARNING: Unknown VALIDATION_ALG:type=2, length=0
2026-03-17 16:17:57.125 [cefgetfile] WARNING: Unknown VALIDATION_ALG:type=2, length=0
2026-03-17 16:17:57.125 [cefgetfile] WARNING: Unknown VALIDATION_ALG:type=2, length=0
2026-03-17 16:17:57.125 [cefgetfile] WARNING: Unknown VALIDATION_ALG:type=2, length=0
2026-03-17 16:17:57.125 [cefgetfile] WARNING: Unknown VALIDATION_ALG:type=2, length=0
2026-03-17 16:17:57.125 [cefgetfile] WARNING: Unknown VALIDATION_ALG:type=2, length=0
2026-03-17 16:17:57.125 [cefgetfile] WARNING: Unknown VALIDATION_ALG:type=2, length=0
2026-03-17 16:17:57.125 [cefgetfile] WARNING: Unknown VALIDATION_ALG:type=2, length=0
2026-03-17 16:17:57.125 [cefgetfile] WARNING: Unknown VALIDATION_ALG:type=2, length=0
2026-03-17 16:17:57.126 [cefgetfile] WARNING: Unknown VALIDATION_ALG:type=2, length=0
2026-03-17 16:17:57.126 [cefgetfile] WARNING: Unknown VALIDATION_ALG:type=2, length=0
2026-03-17 16:17:57.126 [cefgetfile] WARNING: Unknown VALIDATION_ALG:type=2, length=0
2026-03-17 16:17:57.126 [cefgetfile] WARNING: Unknown VALIDATION_ALG:type=2, length=0
2026-03-17 16:17:57.126 [cefgetfile] WARNING: Unknown VALIDATION_ALG:type=2, length=0
2026-03-17 16:17:57.126 [cefgetfile] WARNING: Unknown VALIDATION_ALG:type=2, length=0
2026-03-17 16:17:57.126 [cefgetfile] WARNING: Unknown VALIDATION_ALG:type=2, length=0
2026-03-17 16:17:57.126 [cefgetfile] WARNING: Unknown VALIDATION_ALG:type=2, length=0
2026-03-17 16:17:57.126 [cefgetfile] WARNING: Unknown VALIDATION_ALG:type=2, length=0
2026-03-17 16:17:57.127 [cefgetfile] WARNING: Unknown VALIDATION_ALG:type=2, length=0
2026-03-17 16:17:57.127 [cefgetfile] WARNING: Unknown VALIDATION_ALG:type=2, length=0
2026-03-17 16:17:57.127 [cefgetfile] WARNING: Unknown VALIDATION_ALG:type=2, length=0
2026-03-17 16:17:57.127 [cefgetfile] WARNING: Unknown VALIDATION_ALG:type=2, length=0
2026-03-17 16:17:57.127 [cefgetfile] WARNING: Unknown VALIDATION_ALG:type=2, length=0
2026-03-17 16:17:57.127 [cefgetfile] WARNING: Unknown VALIDATION_ALG:type=2, length=0
2026-03-17 16:17:57.127 [cefgetfile] WARNING: Unknown VALIDATION_ALG:type=2, length=0
2026-03-17 16:17:57.127 [cefgetfile] WARNING: Unknown VALIDATION_ALG:type=2, length=0
2026-03-17 16:17:57.127 [cefgetfile] WARNING: Unknown VALIDATION_ALG:type=2, length=0
2026-03-17 16:17:57.127 [cefgetfile] WARNING: Unknown VALIDATION_ALG:type=2, length=0
2026-03-17 16:17:57.128 [cefgetfile] WARNING: Unknown VALIDATION_ALG:type=2, length=0
2026-03-17 16:17:57.128 [cefgetfile] WARNING: Unknown VALIDATION_ALG:type=2, length=0
2026-03-17 16:17:57.128 [cefgetfile] WARNING: Unknown VALIDATION_ALG:type=2, length=0
2026-03-17 16:17:57.128 [cefgetfile] WARNING: Unknown VALIDATION_ALG:type=2, length=0
2026-03-17 16:17:57.128 [cefgetfile] WARNING: Unknown VALIDATION_ALG:type=2, length=0
2026-03-17 16:17:57.128 [cefgetfile] WARNING: Unknown VALIDATION_ALG:type=2, length=0
2026-03-17 16:17:57.128 [cefgetfile] WARNING: Unknown VALIDATION_ALG:type=2, length=0
2026-03-17 16:17:57.128 [cefgetfile] WARNING: Unknown VALIDATION_ALG:type=2, length=0
2026-03-17 16:17:57.128 [cefgetfile] WARNING: Unknown VALIDATION_ALG:type=2, length=0
2026-03-17 16:17:57.128 [cefgetfile] WARNING: Unknown VALIDATION_ALG:type=2, length=0
2026-03-17 16:17:57.128 [cefgetfile] WARNING: Unknown VALIDATION_ALG:type=2, length=0
2026-03-17 16:17:57.128 [cefgetfile] WARNING: Unknown VALIDATION_ALG:type=2, length=0
2026-03-17 16:17:57.128 [cefgetfile] WARNING: Unknown VALIDATION_ALG:type=2, length=0
2026-03-17 16:17:57.128 [cefgetfile] WARNING: Unknown VALIDATION_ALG:type=2, length=0
2026-03-17 16:17:57.129 [cefgetfile] WARNING: Unknown VALIDATION_ALG:type=2, length=0
2026-03-17 16:17:57.129 [cefgetfile] WARNING: Unknown VALIDATION_ALG:type=2, length=0
2026-03-17 16:17:57.129 [cefgetfile] WARNING: Unknown VALIDATION_ALG:type=2, length=0
2026-03-17 16:17:57.129 [cefgetfile] WARNING: Unknown VALIDATION_ALG:type=2, length=0
2026-03-17 16:17:57.129 [cefgetfile] WARNING: Unknown VALIDATION_ALG:type=2, length=0
2026-03-17 16:17:57.129 [cefgetfile] WARNING: Unknown VALIDATION_ALG:type=2, length=0
2026-03-17 16:17:57.129 [cefgetfile] WARNING: Unknown VALIDATION_ALG:type=2, length=0
2026-03-17 16:17:57.129 [cefgetfile] WARNING: Unknown VALIDATION_ALG:type=2, length=0
2026-03-17 16:17:57.130 [cefgetfile] WARNING: Unknown VALIDATION_ALG:type=2, length=0
2026-03-17 16:17:57.130 [cefgetfile] WARNING: Unknown VALIDATION_ALG:type=2, length=0
2026-03-17 16:17:57.130 [cefgetfile] WARNING: Unknown VALIDATION_ALG:type=2, length=0
2026-03-17 16:17:57.130 [cefgetfile] WARNING: Unknown VALIDATION_ALG:type=2, length=0
2026-03-17 16:17:57.130 [cefgetfile] WARNING: Unknown VALIDATION_ALG:type=2, length=0
2026-03-17 16:17:57.130 [cefgetfile] WARNING: Unknown VALIDATION_ALG:type=2, length=0
2026-03-17 16:17:57.130 [cefgetfile] WARNING: Unknown VALIDATION_ALG:type=2, length=0
2026-03-17 16:17:57.130 [cefgetfile] WARNING: Unknown VALIDATION_ALG:type=2, length=0
2026-03-17 16:17:57.130 [cefgetfile] WARNING: Unknown VALIDATION_ALG:type=2, length=0
2026-03-17 16:17:57.130 [cefgetfile] WARNING: Unknown VALIDATION_ALG:type=2, length=0
2026-03-17 16:17:57.130 [cefgetfile] WARNING: Unknown VALIDATION_ALG:type=2, length=0
2026-03-17 16:17:57.130 [cefgetfile] WARNING: Unknown VALIDATION_ALG:type=2, length=0
2026-03-17 16:17:57.130 [cefgetfile] WARNING: Unknown VALIDATION_ALG:type=2, length=0
2026-03-17 16:17:57.131 [cefgetfile] WARNING: Unknown VALIDATION_ALG:type=2, length=0
2026-03-17 16:17:57.131 [cefgetfile] WARNING: Unknown VALIDATION_ALG:type=2, length=0
2026-03-17 16:17:57.131 [cefgetfile] WARNING: Unknown VALIDATION_ALG:type=2, length=0
2026-03-17 16:17:57.131 [cefgetfile] WARNING: Unknown VALIDATION_ALG:type=2, length=0
2026-03-17 16:17:57.131 [cefgetfile] WARNING: Unknown VALIDATION_ALG:type=2, length=0
2026-03-17 16:17:57.131 [cefgetfile] WARNING: Unknown VALIDATION_ALG:type=2, length=0
2026-03-17 16:17:57.131 [cefgetfile] WARNING: Unknown VALIDATION_ALG:type=2, length=0
2026-03-17 16:17:57.131 [cefgetfile] WARNING: Unknown VALIDATION_ALG:type=2, length=0
2026-03-17 16:17:57.131 [cefgetfile] WARNING: Unknown VALIDATION_ALG:type=2, length=0
2026-03-17 16:17:57.131 [cefgetfile] WARNING: Unknown VALIDATION_ALG:type=2, length=0
2026-03-17 16:17:57.131 [cefgetfile] WARNING: Unknown VALIDATION_ALG:type=2, length=0
2026-03-17 16:17:57.131 [cefgetfile] WARNING: Unknown VALIDATION_ALG:type=2, length=0
2026-03-17 16:17:57.131 [cefgetfile] WARNING: Unknown VALIDATION_ALG:type=2, length=0
2026-03-17 16:17:57.132 [cefgetfile] WARNING: Unknown VALIDATION_ALG:type=2, length=0
2026-03-17 16:17:57.132 [cefgetfile] WARNING: Unknown VALIDATION_ALG:type=2, length=0
2026-03-17 16:17:57.132 [cefgetfile] WARNING: Unknown VALIDATION_ALG:type=2, length=0
2026-03-17 16:17:57.132 [cefgetfile] WARNING: Unknown VALIDATION_ALG:type=2, length=0
2026-03-17 16:17:57.132 [cefgetfile] WARNING: Unknown VALIDATION_ALG:type=2, length=0
2026-03-17 16:17:57.132 [cefgetfile] WARNING: Unknown VALIDATION_ALG:type=2, length=0
2026-03-17 16:17:57.132 [cefgetfile] WARNING: Unknown VALIDATION_ALG:type=2, length=0
2026-03-17 16:17:57.132 [cefgetfile] WARNING: Unknown VALIDATION_ALG:type=2, length=0
2026-03-17 16:17:57.132 [cefgetfile] WARNING: Unknown VALIDATION_ALG:type=2, length=0
2026-03-17 16:17:57.133 [cefgetfile] WARNING: Unknown VALIDATION_ALG:type=2, length=0
2026-03-17 16:17:57.133 [cefgetfile] WARNING: Unknown VALIDATION_ALG:type=2, length=0
2026-03-17 16:17:57.133 [cefgetfile] WARNING: Unknown VALIDATION_ALG:type=2, length=0
2026-03-17 16:17:57.133 [cefgetfile] WARNING: Unknown VALIDATION_ALG:type=2, length=0
2026-03-17 16:17:57.133 [cefgetfile] WARNING: Unknown VALIDATION_ALG:type=2, length=0
2026-03-17 16:17:57.133 [cefgetfile] WARNING: Unknown VALIDATION_ALG:type=2, length=0
2026-03-17 16:17:57.133 [cefgetfile] WARNING: Unknown VALIDATION_ALG:type=2, length=0
2026-03-17 16:17:57.133 [cefgetfile] WARNING: Unknown VALIDATION_ALG:type=2, length=0
2026-03-17 16:17:57.133 [cefgetfile] WARNING: Unknown VALIDATION_ALG:type=2, length=0
2026-03-17 16:17:57.133 [cefgetfile] WARNING: Unknown VALIDATION_ALG:type=2, length=0
2026-03-17 16:17:57.133 [cefgetfile] WARNING: Unknown VALIDATION_ALG:type=2, length=0
2026-03-17 16:17:57.133 [cefgetfile] WARNING: Unknown VALIDATION_ALG:type=2, length=0
2026-03-17 16:17:57.133 [cefgetfile] WARNING: Unknown VALIDATION_ALG:type=2, length=0
2026-03-17 16:17:57.134 [cefgetfile] WARNING: Unknown VALIDATION_ALG:type=2, length=0
2026-03-17 16:17:57.134 [cefgetfile] WARNING: Unknown VALIDATION_ALG:type=2, length=0
2026-03-17 16:17:57.134 [cefgetfile] WARNING: Unknown VALIDATION_ALG:type=2, length=0
2026-03-17 16:17:57.134 [cefgetfile] WARNING: Unknown VALIDATION_ALG:type=2, length=0
2026-03-17 16:17:57.134 [cefgetfile] WARNING: Unknown VALIDATION_ALG:type=2, length=0
2026-03-17 16:17:57.134 [cefgetfile] WARNING: Unknown VALIDATION_ALG:type=2, length=0
2026-03-17 16:17:57.134 [cefgetfile] WARNING: Unknown VALIDATION_ALG:type=2, length=0
2026-03-17 16:17:57.134 [cefgetfile] WARNING: Unknown VALIDATION_ALG:type=2, length=0
2026-03-17 16:17:57.134 [cefgetfile] WARNING: Unknown VALIDATION_ALG:type=2, length=0
2026-03-17 16:17:57.134 [cefgetfile] WARNING: Unknown VALIDATION_ALG:type=2, length=0
2026-03-17 16:17:57.134 [cefgetfile] WARNING: Unknown VALIDATION_ALG:type=2, length=0
2026-03-17 16:17:57.135 [cefgetfile] WARNING: Unknown VALIDATION_ALG:type=2, length=0
2026-03-17 16:17:57.135 [cefgetfile] WARNING: Unknown VALIDATION_ALG:type=2, length=0
2026-03-17 16:17:57.135 [cefgetfile] WARNING: Unknown VALIDATION_ALG:type=2, length=0
2026-03-17 16:17:57.135 [cefgetfile] WARNING: Unknown VALIDATION_ALG:type=2, length=0
2026-03-17 16:17:57.135 [cefgetfile] WARNING: Unknown VALIDATION_ALG:type=2, length=0
2026-03-17 16:17:57.135 [cefgetfile] WARNING: Unknown VALIDATION_ALG:type=2, length=0
2026-03-17 16:17:57.135 [cefgetfile] WARNING: Unknown VALIDATION_ALG:type=2, length=0
2026-03-17 16:17:57.135 [cefgetfile] WARNING: Unknown VALIDATION_ALG:type=2, length=0
2026-03-17 16:17:57.135 [cefgetfile] WARNING: Unknown VALIDATION_ALG:type=2, length=0
2026-03-17 16:17:57.135 [cefgetfile] WARNING: Unknown VALIDATION_ALG:type=2, length=0
2026-03-17 16:17:57.136 [cefgetfile] WARNING: Unknown VALIDATION_ALG:type=2, length=0
2026-03-17 16:17:57.136 [cefgetfile] WARNING: Unknown VALIDATION_ALG:type=2, length=0
2026-03-17 16:17:57.136 [cefgetfile] WARNING: Unknown VALIDATION_ALG:type=2, length=0
2026-03-17 16:17:57.136 [cefgetfile] WARNING: Unknown VALIDATION_ALG:type=2, length=0
2026-03-17 16:17:57.136 [cefgetfile] WARNING: Unknown VALIDATION_ALG:type=2, length=0
2026-03-17 16:17:57.136 [cefgetfile] WARNING: Unknown VALIDATION_ALG:type=2, length=0
2026-03-17 16:17:57.136 [cefgetfile] WARNING: Unknown VALIDATION_ALG:type=2, length=0
2026-03-17 16:17:57.136 [cefgetfile] WARNING: Unknown VALIDATION_ALG:type=2, length=0
2026-03-17 16:17:57.136 [cefgetfile] WARNING: Unknown VALIDATION_ALG:type=2, length=0
2026-03-17 16:17:57.136 [cefgetfile] WARNING: Unknown VALIDATION_ALG:type=2, length=0
2026-03-17 16:17:57.136 [cefgetfile] WARNING: Unknown VALIDATION_ALG:type=2, length=0
2026-03-17 16:17:57.136 [cefgetfile] WARNING: Unknown VALIDATION_ALG:type=2, length=0
2026-03-17 16:17:57.137 [cefgetfile] WARNING: Unknown VALIDATION_ALG:type=2, length=0
2026-03-17 16:17:57.137 [cefgetfile] WARNING: Unknown VALIDATION_ALG:type=2, length=0
2026-03-17 16:17:57.137 [cefgetfile] WARNING: Unknown VALIDATION_ALG:type=2, length=0
2026-03-17 16:17:57.137 [cefgetfile] WARNING: Unknown VALIDATION_ALG:type=2, length=0
2026-03-17 16:17:57.137 [cefgetfile] WARNING: Unknown VALIDATION_ALG:type=2, length=0
2026-03-17 16:17:57.137 [cefgetfile] WARNING: Unknown VALIDATION_ALG:type=2, length=0
2026-03-17 16:17:57.137 [cefgetfile] WARNING: Unknown VALIDATION_ALG:type=2, length=0
2026-03-17 16:17:57.137 [cefgetfile] WARNING: Unknown VALIDATION_ALG:type=2, length=0
2026-03-17 16:17:57.137 [cefgetfile] WARNING: Unknown VALIDATION_ALG:type=2, length=0
2026-03-17 16:17:57.137 [cefgetfile] WARNING: Unknown VALIDATION_ALG:type=2, length=0
2026-03-17 16:17:57.138 [cefgetfile] WARNING: Unknown VALIDATION_ALG:type=2, length=0
2026-03-17 16:17:57.138 [cefgetfile] WARNING: Unknown VALIDATION_ALG:type=2, length=0
2026-03-17 16:17:57.138 [cefgetfile] WARNING: Unknown VALIDATION_ALG:type=2, length=0
2026-03-17 16:17:57.138 [cefgetfile] WARNING: Unknown VALIDATION_ALG:type=2, length=0
2026-03-17 16:17:57.138 [cefgetfile] WARNING: Unknown VALIDATION_ALG:type=2, length=0
2026-03-17 16:17:57.138 [cefgetfile] WARNING: Unknown VALIDATION_ALG:type=2, length=0
2026-03-17 16:17:57.138 [cefgetfile] WARNING: Unknown VALIDATION_ALG:type=2, length=0
2026-03-17 16:17:57.138 [cefgetfile] WARNING: Unknown VALIDATION_ALG:type=2, length=0
2026-03-17 16:17:57.138 [cefgetfile] WARNING: Unknown VALIDATION_ALG:type=2, length=0
2026-03-17 16:17:57.138 [cefgetfile] WARNING: Unknown VALIDATION_ALG:type=2, length=0
2026-03-17 16:17:57.138 [cefgetfile] WARNING: Unknown VALIDATION_ALG:type=2, length=0
2026-03-17 16:17:57.139 [cefgetfile] WARNING: Unknown VALIDATION_ALG:type=2, length=0
2026-03-17 16:17:57.139 [cefgetfile] WARNING: Unknown VALIDATION_ALG:type=2, length=0
2026-03-17 16:17:57.139 [cefgetfile] WARNING: Unknown VALIDATION_ALG:type=2, length=0
2026-03-17 16:17:57.139 [cefgetfile] WARNING: Unknown VALIDATION_ALG:type=2, length=0
2026-03-17 16:17:57.139 [cefgetfile] WARNING: Unknown VALIDATION_ALG:type=2, length=0
2026-03-17 16:17:57.139 [cefgetfile] WARNING: Unknown VALIDATION_ALG:type=2, length=0
[cefgetfile] Completed to get all the chunks.
[cefgetfile] Unconnect to cefnetd ... OK
[cefgetfile] Terminate
[cefgetfile] Rx Frames (All)           = 424
[cefgetfile] Rx Frames (ContentObject) = 424
[cefgetfile] Rx Bytes (All)            = 444414
[cefgetfile] Rx Bytes (ContentObject)  = 433390
[cefgetfile] Duration                  = 0.041 sec
[cefgetfile] Throughput                = 89116731 bps
[cefgetfile] Goodput                   = 86906128 bps
[cefgetfile] Jitter (Ave)              = 94 us
[cefgetfile] Jitter (Max)              = 1813 us
[cefgetfile] Jitter (Var)              = 12937 us
