[cefgetfile] Start
[cefgetfile] Parsing parameters ...OK
2026-02-09 11:21:48.332 [cefgetfile] INFO: [client] Config directory is ./h0
2026-02-09 11:21:48.332 [cefgetfile] INFO: [client] Local Socket Name is /tmp/cef_9695.0
2026-02-09 11:21:48.332 [cefgetfile] INFO: [client] Listen Port is 9695
[cefgetfile] Init Cefore Client package ... OK
[cefgetfile] Conversion from URI into Name ... OK
[cefgetfile] Checking the output file ... OK
[cefgetfile] Connect to cefnetd ... OK
[cefgetfile] URI=ccnx:/test/data1
[cefgetfile] Start sending Interests
[cefgetfile] Completed to get all the chunks.
[cefgetfile] Unconnect to cefnetd ... OK
[cefgetfile] Terminate
[cefgetfile] Rx Frames (All)           = 117
[cefgetfile] Rx Frames (ContentObject) = 116
[cefgetfile] Rx Bytes (All)            = 122667
[cefgetfile] Rx Bytes (ContentObject)  = 118718
[cefgetfile] Duration                  = 33.389 sec
[cefgetfile] Throughput                = 29391 bps
[cefgetfile] Goodput                   = 28445 bps
[cefgetfile] Jitter (Ave)              = 287828 us
[cefgetfile] Jitter (Max)              = 2743631 us
[cefgetfile] Jitter (Var)              = 247375373852 us
