[cefgetfile] Start
[cefgetfile] Parsing parameters ...OK
2026-01-30 12:55:51.278 [cefgetfile] INFO: [client] Config directory is ./h0
2026-01-30 12:55:51.278 [cefgetfile] INFO: [client] Local Socket Name is /tmp/cef_9695.0
2026-01-30 12:55:51.278 [cefgetfile] INFO: [client] Listen Port is 9695
[cefgetfile] Init Cefore Client package ... OK
[cefgetfile] Conversion from URI into Name ... OK
[cefgetfile] Checking the output file ... OK
[cefgetfile] Connect to cefnetd ... OK
[cefgetfile] URI=ccnx:/test/experiment/content8
[cefgetfile] Start sending Interests
[cefgetfile] Completed to get all the chunks.
[cefgetfile] Unconnect to cefnetd ... OK
[cefgetfile] Terminate
[cefgetfile] Rx Frames (All)           = 426
[cefgetfile] Rx Frames (ContentObject) = 424
[cefgetfile] Rx Bytes (All)            = 453330
[cefgetfile] Rx Bytes (ContentObject)  = 433390
[cefgetfile] Duration                  = 29.852 sec
[cefgetfile] Throughput                = 121491 bps
[cefgetfile] Goodput                   = 116147 bps
[cefgetfile] Jitter (Ave)              = 70403 us
[cefgetfile] Jitter (Max)              = 3003612 us
[cefgetfile] Jitter (Var)              = 110745206382 us
