[cefgetfile] Start
[cefgetfile] Parsing parameters ...OK
2026-02-10 17:05:23.301 [cefgetfile] INFO: [client] Config directory is ./h6
2026-02-10 17:05:23.301 [cefgetfile] INFO: [client] Local Socket Name is /tmp/cef_9695.6
2026-02-10 17:05:23.301 [cefgetfile] INFO: [client] Listen Port is 9695
[cefgetfile] Init Cefore Client package ... OK
[cefgetfile] Conversion from URI into Name ... OK
[cefgetfile] Checking the output file ... OK
[cefgetfile] Connect to cefnetd ... OK
[cefgetfile] URI=ccnx:/video/stream/content3
[cefgetfile] Start sending Interests
2026-02-10 17:05:23.333 [cefgetfile] WARNING: Unknown VALIDATION_ALG:type=2, length=0
2026-02-10 17:05:23.333 [cefgetfile] WARNING: Unknown VALIDATION_ALG:type=2, length=0
2026-02-10 17:05:23.334 [cefgetfile] WARNING: Unknown VALIDATION_ALG:type=2, length=0
2026-02-10 17:05:23.334 [cefgetfile] WARNING: Unknown VALIDATION_ALG:type=2, length=0
2026-02-10 17:05:23.334 [cefgetfile] WARNING: Unknown VALIDATION_ALG:type=2, length=0
2026-02-10 17:05:23.336 [cefgetfile] WARNING: Unknown VALIDATION_ALG:type=2, length=0
2026-02-10 17:05:23.336 [cefgetfile] WARNING: Unknown VALIDATION_ALG:type=2, length=0
2026-02-10 17:05:23.337 [cefgetfile] WARNING: Unknown VALIDATION_ALG:type=2, length=0
2026-02-10 17:05:23.339 [cefgetfile] WARNING: Unknown VALIDATION_ALG:type=2, length=0
2026-02-10 17:05:23.340 [cefgetfile] WARNING: Unknown VALIDATION_ALG:type=2, length=0
2026-02-10 17:05:23.341 [cefgetfile] WARNING: Unknown VALIDATION_ALG:type=2, length=0
2026-02-10 17:05:23.342 [cefgetfile] WARNING: Unknown VALIDATION_ALG:type=2, length=0
2026-02-10 17:05:23.343 [cefgetfile] WARNING: Unknown VALIDATION_ALG:type=2, length=0
2026-02-10 17:05:23.344 [cefgetfile] WARNING: Unknown VALIDATION_ALG:type=2, length=0
2026-02-10 17:05:23.345 [cefgetfile] WARNING: Unknown VALIDATION_ALG:type=2, length=0
2026-02-10 17:05:23.345 [cefgetfile] WARNING: Unknown VALIDATION_ALG:type=2, length=0
2026-02-10 17:05:23.347 [cefgetfile] WARNING: Unknown VALIDATION_ALG:type=2, length=0
2026-02-10 17:05:23.348 [cefgetfile] WARNING: Unknown VALIDATION_ALG:type=2, length=0
2026-02-10 17:05:23.348 [cefgetfile] WARNING: Unknown VALIDATION_ALG:type=2, length=0
2026-02-10 17:05:23.348 [cefgetfile] WARNING: Unknown VALIDATION_ALG:type=2, length=0
2026-02-10 17:05:23.349 [cefgetfile] WARNING: Unknown VALIDATION_ALG:type=2, length=0
2026-02-10 17:05:23.351 [cefgetfile] WARNING: Unknown VALIDATION_ALG:type=2, length=0
2026-02-10 17:05:23.351 [cefgetfile] WARNING: Unknown VALIDATION_ALG:type=2, length=0
2026-02-10 17:05:23.352 [cefgetfile] WARNING: Unknown VALIDATION_ALG:type=2, length=0
2026-02-10 17:05:23.353 [cefgetfile] WARNING: Unknown VALIDATION_ALG:type=2, length=0
2026-02-10 17:05:23.354 [cefgetfile] WARNING: Unknown VALIDATION_ALG:type=2, length=0
2026-02-10 17:05:23.355 [cefgetfile] WARNING: Unknown VALIDATION_ALG:type=2, length=0
2026-02-10 17:05:23.355 [cefgetfile] WARNING: Unknown VALIDATION_ALG:type=2, length=0
2026-02-10 17:05:23.357 [cefgetfile] WARNING: Unknown VALIDATION_ALG:type=2, length=0
2026-02-10 17:05:23.358 [cefgetfile] WARNING: Unknown VALIDATION_ALG:type=2, length=0
2026-02-10 17:05:23.358 [cefgetfile] WARNING: Unknown VALIDATION_ALG:type=2, length=0
2026-02-10 17:05:23.359 [cefgetfile] WARNING: Unknown VALIDATION_ALG:type=2, length=0
2026-02-10 17:05:23.359 [cefgetfile] WARNING: Unknown VALIDATION_ALG:type=2, length=0
2026-02-10 17:05:23.360 [cefgetfile] WARNING: Unknown VALIDATION_ALG:type=2, length=0
2026-02-10 17:05:23.360 [cefgetfile] WARNING: Unknown VALIDATION_ALG:type=2, length=0
2026-02-10 17:05:23.361 [cefgetfile] WARNING: Unknown VALIDATION_ALG:type=2, length=0
2026-02-10 17:05:23.361 [cefgetfile] WARNING: Unknown VALIDATION_ALG:type=2, length=0
2026-02-10 17:05:23.362 [cefgetfile] WARNING: Unknown VALIDATION_ALG:type=2, length=0
2026-02-10 17:05:23.362 [cefgetfile] WARNING: Unknown VALIDATION_ALG:type=2, length=0
2026-02-10 17:05:23.363 [cefgetfile] WARNING: Unknown VALIDATION_ALG:type=2, length=0
2026-02-10 17:05:23.363 [cefgetfile] WARNING: Unknown VALIDATION_ALG:type=2, length=0
2026-02-10 17:05:23.364 [cefgetfile] WARNING: Unknown VALIDATION_ALG:type=2, length=0
2026-02-10 17:05:23.364 [cefgetfile] WARNING: Unknown VALIDATION_ALG:type=2, length=0
2026-02-10 17:05:23.365 [cefgetfile] WARNING: Unknown VALIDATION_ALG:type=2, length=0
2026-02-10 17:05:23.371 [cefgetfile] WARNING: Unknown VALIDATION_ALG:type=2, length=0
2026-02-10 17:05:23.372 [cefgetfile] WARNING: Unknown VALIDATION_ALG:type=2, length=0
2026-02-10 17:05:23.372 [cefgetfile] WARNING: Unknown VALIDATION_ALG:type=2, length=0
2026-02-10 17:05:23.373 [cefgetfile] WARNING: Unknown VALIDATION_ALG:type=2, length=0
2026-02-10 17:05:23.373 [cefgetfile] WARNING: Unknown VALIDATION_ALG:type=2, length=0
2026-02-10 17:05:23.374 [cefgetfile] WARNING: Unknown VALIDATION_ALG:type=2, length=0
2026-02-10 17:05:23.374 [cefgetfile] WARNING: Unknown VALIDATION_ALG:type=2, length=0
2026-02-10 17:05:23.375 [cefgetfile] WARNING: Unknown VALIDATION_ALG:type=2, length=0
2026-02-10 17:05:23.377 [cefgetfile] WARNING: Unknown VALIDATION_ALG:type=2, length=0
2026-02-10 17:05:23.377 [cefgetfile] WARNING: Unknown VALIDATION_ALG:type=2, length=0
2026-02-10 17:05:23.377 [cefgetfile] WARNING: Unknown VALIDATION_ALG:type=2, length=0
2026-02-10 17:05:23.378 [cefgetfile] WARNING: Unknown VALIDATION_ALG:type=2, length=0
2026-02-10 17:05:23.380 [cefgetfile] WARNING: Unknown VALIDATION_ALG:type=2, length=0
2026-02-10 17:05:23.383 [cefgetfile] WARNING: Unknown VALIDATION_ALG:type=2, length=0
2026-02-10 17:05:23.384 [cefgetfile] WARNING: Unknown VALIDATION_ALG:type=2, length=0
2026-02-10 17:05:23.385 [cefgetfile] WARNING: Unknown VALIDATION_ALG:type=2, length=0
2026-02-10 17:05:23.386 [cefgetfile] WARNING: Unknown VALIDATION_ALG:type=2, length=0
2026-02-10 17:05:23.387 [cefgetfile] WARNING: Unknown VALIDATION_ALG:type=2, length=0
2026-02-10 17:05:23.388 [cefgetfile] WARNING: Unknown VALIDATION_ALG:type=2, length=0
2026-02-10 17:05:23.388 [cefgetfile] WARNING: Unknown VALIDATION_ALG:type=2, length=0
2026-02-10 17:05:23.389 [cefgetfile] WARNING: Unknown VALIDATION_ALG:type=2, length=0
2026-02-10 17:05:23.390 [cefgetfile] WARNING: Unknown VALIDATION_ALG:type=2, length=0
2026-02-10 17:05:23.391 [cefgetfile] WARNING: Unknown VALIDATION_ALG:type=2, length=0
2026-02-10 17:05:23.394 [cefgetfile] WARNING: Unknown VALIDATION_ALG:type=2, length=0
2026-02-10 17:05:23.394 [cefgetfile] WARNING: Unknown VALIDATION_ALG:type=2, length=0
2026-02-10 17:05:23.396 [cefgetfile] WARNING: Unknown VALIDATION_ALG:type=2, length=0
2026-02-10 17:05:23.397 [cefgetfile] WARNING: Unknown VALIDATION_ALG:type=2, length=0
2026-02-10 17:05:23.399 [cefgetfile] WARNING: Unknown VALIDATION_ALG:type=2, length=0
2026-02-10 17:05:23.400 [cefgetfile] WARNING: Unknown VALIDATION_ALG:type=2, length=0
2026-02-10 17:05:23.400 [cefgetfile] WARNING: Unknown VALIDATION_ALG:type=2, length=0
2026-02-10 17:05:23.401 [cefgetfile] WARNING: Unknown VALIDATION_ALG:type=2, length=0
2026-02-10 17:05:23.401 [cefgetfile] WARNING: Unknown VALIDATION_ALG:type=2, length=0
2026-02-10 17:05:23.402 [cefgetfile] WARNING: Unknown VALIDATION_ALG:type=2, length=0
2026-02-10 17:05:23.404 [cefgetfile] WARNING: Unknown VALIDATION_ALG:type=2, length=0
2026-02-10 17:05:23.405 [cefgetfile] WARNING: Unknown VALIDATION_ALG:type=2, length=0
2026-02-10 17:05:23.405 [cefgetfile] WARNING: Unknown VALIDATION_ALG:type=2, length=0
2026-02-10 17:05:23.405 [cefgetfile] WARNING: Unknown VALIDATION_ALG:type=2, length=0
2026-02-10 17:05:23.406 [cefgetfile] WARNING: Unknown VALIDATION_ALG:type=2, length=0
2026-02-10 17:05:23.406 [cefgetfile] WARNING: Unknown VALIDATION_ALG:type=2, length=0
2026-02-10 17:05:23.408 [cefgetfile] WARNING: Unknown VALIDATION_ALG:type=2, length=0
2026-02-10 17:05:23.409 [cefgetfile] WARNING: Unknown VALIDATION_ALG:type=2, length=0
2026-02-10 17:05:23.409 [cefgetfile] WARNING: Unknown VALIDATION_ALG:type=2, length=0
2026-02-10 17:05:23.409 [cefgetfile] WARNING: Unknown VALIDATION_ALG:type=2, length=0
2026-02-10 17:05:23.410 [cefgetfile] WARNING: Unknown VALIDATION_ALG:type=2, length=0
2026-02-10 17:05:23.412 [cefgetfile] WARNING: Unknown VALIDATION_ALG:type=2, length=0
2026-02-10 17:05:23.412 [cefgetfile] WARNING: Unknown VALIDATION_ALG:type=2, length=0
2026-02-10 17:05:23.413 [cefgetfile] WARNING: Unknown VALIDATION_ALG:type=2, length=0
2026-02-10 17:05:23.413 [cefgetfile] WARNING: Unknown VALIDATION_ALG:type=2, length=0
2026-02-10 17:05:23.413 [cefgetfile] WARNING: Unknown VALIDATION_ALG:type=2, length=0
2026-02-10 17:05:23.414 [cefgetfile] WARNING: Unknown VALIDATION_ALG:type=2, length=0
2026-02-10 17:05:23.414 [cefgetfile] WARNING: Unknown VALIDATION_ALG:type=2, length=0
2026-02-10 17:05:23.414 [cefgetfile] WARNING: Unknown VALIDATION_ALG:type=2, length=0
2026-02-10 17:05:23.415 [cefgetfile] WARNING: Unknown VALIDATION_ALG:type=2, length=0
2026-02-10 17:05:23.415 [cefgetfile] WARNING: Unknown VALIDATION_ALG:type=2, length=0
2026-02-10 17:05:23.415 [cefgetfile] WARNING: Unknown VALIDATION_ALG:type=2, length=0
2026-02-10 17:05:23.415 [cefgetfile] WARNING: Unknown VALIDATION_ALG:type=2, length=0
2026-02-10 17:05:23.415 [cefgetfile] WARNING: Unknown VALIDATION_ALG:type=2, length=0
2026-02-10 17:05:23.419 [cefgetfile] WARNING: Unknown VALIDATION_ALG:type=2, length=0
2026-02-10 17:05:23.419 [cefgetfile] WARNING: Unknown VALIDATION_ALG:type=2, length=0
2026-02-10 17:05:23.419 [cefgetfile] WARNING: Unknown VALIDATION_ALG:type=2, length=0
2026-02-10 17:05:23.421 [cefgetfile] WARNING: Unknown VALIDATION_ALG:type=2, length=0
2026-02-10 17:05:23.422 [cefgetfile] WARNING: Unknown VALIDATION_ALG:type=2, length=0
2026-02-10 17:05:23.423 [cefgetfile] WARNING: Unknown VALIDATION_ALG:type=2, length=0
2026-02-10 17:05:23.423 [cefgetfile] WARNING: Unknown VALIDATION_ALG:type=2, length=0
2026-02-10 17:05:23.424 [cefgetfile] WARNING: Unknown VALIDATION_ALG:type=2, length=0
2026-02-10 17:05:23.424 [cefgetfile] WARNING: Unknown VALIDATION_ALG:type=2, length=0
2026-02-10 17:05:23.425 [cefgetfile] WARNING: Unknown VALIDATION_ALG:type=2, length=0
2026-02-10 17:05:23.426 [cefgetfile] WARNING: Unknown VALIDATION_ALG:type=2, length=0
2026-02-10 17:05:23.426 [cefgetfile] WARNING: Unknown VALIDATION_ALG:type=2, length=0
2026-02-10 17:05:23.426 [cefgetfile] WARNING: Unknown VALIDATION_ALG:type=2, length=0
2026-02-10 17:05:23.427 [cefgetfile] WARNING: Unknown VALIDATION_ALG:type=2, length=0
2026-02-10 17:05:23.427 [cefgetfile] WARNING: Unknown VALIDATION_ALG:type=2, length=0
2026-02-10 17:05:23.428 [cefgetfile] WARNING: Unknown VALIDATION_ALG:type=2, length=0
2026-02-10 17:05:23.429 [cefgetfile] WARNING: Unknown VALIDATION_ALG:type=2, length=0
2026-02-10 17:05:23.430 [cefgetfile] WARNING: Unknown VALIDATION_ALG:type=2, length=0
2026-02-10 17:05:23.430 [cefgetfile] WARNING: Unknown VALIDATION_ALG:type=2, length=0
2026-02-10 17:05:23.431 [cefgetfile] WARNING: Unknown VALIDATION_ALG:type=2, length=0
2026-02-10 17:05:23.432 [cefgetfile] WARNING: Unknown VALIDATION_ALG:type=2, length=0
2026-02-10 17:05:23.433 [cefgetfile] WARNING: Unknown VALIDATION_ALG:type=2, length=0
2026-02-10 17:05:23.434 [cefgetfile] WARNING: Unknown VALIDATION_ALG:type=2, length=0
2026-02-10 17:05:23.435 [cefgetfile] WARNING: Unknown VALIDATION_ALG:type=2, length=0
2026-02-10 17:05:23.437 [cefgetfile] WARNING: Unknown VALIDATION_ALG:type=2, length=0
2026-02-10 17:05:23.437 [cefgetfile] WARNING: Unknown VALIDATION_ALG:type=2, length=0
2026-02-10 17:05:23.438 [cefgetfile] WARNING: Unknown VALIDATION_ALG:type=2, length=0
2026-02-10 17:05:23.440 [cefgetfile] WARNING: Unknown VALIDATION_ALG:type=2, length=0
2026-02-10 17:05:23.440 [cefgetfile] WARNING: Unknown VALIDATION_ALG:type=2, length=0
2026-02-10 17:05:23.441 [cefgetfile] WARNING: Unknown VALIDATION_ALG:type=2, length=0
2026-02-10 17:05:23.442 [cefgetfile] WARNING: Unknown VALIDATION_ALG:type=2, length=0
2026-02-10 17:05:23.442 [cefgetfile] WARNING: Unknown VALIDATION_ALG:type=2, length=0
2026-02-10 17:05:23.444 [cefgetfile] WARNING: Unknown VALIDATION_ALG:type=2, length=0
2026-02-10 17:05:23.444 [cefgetfile] WARNING: Unknown VALIDATION_ALG:type=2, length=0
2026-02-10 17:05:23.446 [cefgetfile] WARNING: Unknown VALIDATION_ALG:type=2, length=0
2026-02-10 17:05:23.446 [cefgetfile] WARNING: Unknown VALIDATION_ALG:type=2, length=0
2026-02-10 17:05:23.446 [cefgetfile] WARNING: Unknown VALIDATION_ALG:type=2, length=0
2026-02-10 17:05:23.448 [cefgetfile] WARNING: Unknown VALIDATION_ALG:type=2, length=0
2026-02-10 17:05:23.449 [cefgetfile] WARNING: Unknown VALIDATION_ALG:type=2, length=0
2026-02-10 17:05:23.450 [cefgetfile] WARNING: Unknown VALIDATION_ALG:type=2, length=0
2026-02-10 17:05:23.451 [cefgetfile] WARNING: Unknown VALIDATION_ALG:type=2, length=0
2026-02-10 17:05:23.452 [cefgetfile] WARNING: Unknown VALIDATION_ALG:type=2, length=0
2026-02-10 17:05:23.452 [cefgetfile] WARNING: Unknown VALIDATION_ALG:type=2, length=0
2026-02-10 17:05:23.453 [cefgetfile] WARNING: Unknown VALIDATION_ALG:type=2, length=0
2026-02-10 17:05:23.455 [cefgetfile] WARNING: Unknown VALIDATION_ALG:type=2, length=0
2026-02-10 17:05:23.457 [cefgetfile] WARNING: Unknown VALIDATION_ALG:type=2, length=0
2026-02-10 17:05:23.458 [cefgetfile] WARNING: Unknown VALIDATION_ALG:type=2, length=0
2026-02-10 17:05:23.459 [cefgetfile] WARNING: Unknown VALIDATION_ALG:type=2, length=0
2026-02-10 17:05:23.461 [cefgetfile] WARNING: Unknown VALIDATION_ALG:type=2, length=0
2026-02-10 17:05:23.461 [cefgetfile] WARNING: Unknown VALIDATION_ALG:type=2, length=0
2026-02-10 17:05:23.462 [cefgetfile] WARNING: Unknown VALIDATION_ALG:type=2, length=0
2026-02-10 17:05:23.462 [cefgetfile] WARNING: Unknown VALIDATION_ALG:type=2, length=0
2026-02-10 17:05:23.463 [cefgetfile] WARNING: Unknown VALIDATION_ALG:type=2, length=0
2026-02-10 17:05:23.463 [cefgetfile] WARNING: Unknown VALIDATION_ALG:type=2, length=0
2026-02-10 17:05:23.464 [cefgetfile] WARNING: Unknown VALIDATION_ALG:type=2, length=0
2026-02-10 17:05:23.465 [cefgetfile] WARNING: Unknown VALIDATION_ALG:type=2, length=0
2026-02-10 17:05:23.465 [cefgetfile] WARNING: Unknown VALIDATION_ALG:type=2, length=0
2026-02-10 17:05:23.465 [cefgetfile] WARNING: Unknown VALIDATION_ALG:type=2, length=0
2026-02-10 17:05:23.465 [cefgetfile] WARNING: Unknown VALIDATION_ALG:type=2, length=0
2026-02-10 17:05:23.467 [cefgetfile] WARNING: Unknown VALIDATION_ALG:type=2, length=0
2026-02-10 17:05:23.467 [cefgetfile] WARNING: Unknown VALIDATION_ALG:type=2, length=0
2026-02-10 17:05:23.468 [cefgetfile] WARNING: Unknown VALIDATION_ALG:type=2, length=0
2026-02-10 17:05:23.469 [cefgetfile] WARNING: Unknown VALIDATION_ALG:type=2, length=0
2026-02-10 17:05:23.469 [cefgetfile] WARNING: Unknown VALIDATION_ALG:type=2, length=0
2026-02-10 17:05:23.470 [cefgetfile] WARNING: Unknown VALIDATION_ALG:type=2, length=0
2026-02-10 17:05:23.471 [cefgetfile] WARNING: Unknown VALIDATION_ALG:type=2, length=0
2026-02-10 17:05:23.472 [cefgetfile] WARNING: Unknown VALIDATION_ALG:type=2, length=0
2026-02-10 17:05:23.472 [cefgetfile] WARNING: Unknown VALIDATION_ALG:type=2, length=0
2026-02-10 17:05:23.473 [cefgetfile] WARNING: Unknown VALIDATION_ALG:type=2, length=0
2026-02-10 17:05:23.473 [cefgetfile] WARNING: Unknown VALIDATION_ALG:type=2, length=0
2026-02-10 17:05:23.474 [cefgetfile] WARNING: Unknown VALIDATION_ALG:type=2, length=0
2026-02-10 17:05:23.474 [cefgetfile] WARNING: Unknown VALIDATION_ALG:type=2, length=0
2026-02-10 17:05:23.474 [cefgetfile] WARNING: Unknown VALIDATION_ALG:type=2, length=0
2026-02-10 17:05:23.475 [cefgetfile] WARNING: Unknown VALIDATION_ALG:type=2, length=0
2026-02-10 17:05:23.475 [cefgetfile] WARNING: Unknown VALIDATION_ALG:type=2, length=0
2026-02-10 17:05:23.476 [cefgetfile] WARNING: Unknown VALIDATION_ALG:type=2, length=0
2026-02-10 17:05:23.476 [cefgetfile] WARNING: Unknown VALIDATION_ALG:type=2, length=0
2026-02-10 17:05:23.477 [cefgetfile] WARNING: Unknown VALIDATION_ALG:type=2, length=0
2026-02-10 17:05:23.477 [cefgetfile] WARNING: Unknown VALIDATION_ALG:type=2, length=0
2026-02-10 17:05:23.477 [cefgetfile] WARNING: Unknown VALIDATION_ALG:type=2, length=0
2026-02-10 17:05:23.478 [cefgetfile] WARNING: Unknown VALIDATION_ALG:type=2, length=0
2026-02-10 17:05:23.478 [cefgetfile] WARNING: Unknown VALIDATION_ALG:type=2, length=0
2026-02-10 17:05:23.479 [cefgetfile] WARNING: Unknown VALIDATION_ALG:type=2, length=0
2026-02-10 17:05:23.488 [cefgetfile] WARNING: Unknown VALIDATION_ALG:type=2, length=0
2026-02-10 17:05:23.489 [cefgetfile] WARNING: Unknown VALIDATION_ALG:type=2, length=0
2026-02-10 17:05:23.489 [cefgetfile] WARNING: Unknown VALIDATION_ALG:type=2, length=0
2026-02-10 17:05:23.489 [cefgetfile] WARNING: Unknown VALIDATION_ALG:type=2, length=0
2026-02-10 17:05:23.489 [cefgetfile] WARNING: Unknown VALIDATION_ALG:type=2, length=0
2026-02-10 17:05:23.490 [cefgetfile] WARNING: Unknown VALIDATION_ALG:type=2, length=0
2026-02-10 17:05:23.490 [cefgetfile] WARNING: Unknown VALIDATION_ALG:type=2, length=0
2026-02-10 17:05:23.490 [cefgetfile] WARNING: Unknown VALIDATION_ALG:type=2, length=0
2026-02-10 17:05:23.491 [cefgetfile] WARNING: Unknown VALIDATION_ALG:type=2, length=0
2026-02-10 17:05:23.491 [cefgetfile] WARNING: Unknown VALIDATION_ALG:type=2, length=0
2026-02-10 17:05:23.491 [cefgetfile] WARNING: Unknown VALIDATION_ALG:type=2, length=0
2026-02-10 17:05:23.494 [cefgetfile] WARNING: Unknown VALIDATION_ALG:type=2, length=0
2026-02-10 17:05:23.494 [cefgetfile] WARNING: Unknown VALIDATION_ALG:type=2, length=0
2026-02-10 17:05:23.494 [cefgetfile] WARNING: Unknown VALIDATION_ALG:type=2, length=0
2026-02-10 17:05:23.495 [cefgetfile] WARNING: Unknown VALIDATION_ALG:type=2, length=0
2026-02-10 17:05:23.496 [cefgetfile] WARNING: Unknown VALIDATION_ALG:type=2, length=0
2026-02-10 17:05:23.498 [cefgetfile] WARNING: Unknown VALIDATION_ALG:type=2, length=0
2026-02-10 17:05:23.499 [cefgetfile] WARNING: Unknown VALIDATION_ALG:type=2, length=0
2026-02-10 17:05:23.501 [cefgetfile] WARNING: Unknown VALIDATION_ALG:type=2, length=0
2026-02-10 17:05:23.501 [cefgetfile] WARNING: Unknown VALIDATION_ALG:type=2, length=0
2026-02-10 17:05:23.502 [cefgetfile] WARNING: Unknown VALIDATION_ALG:type=2, length=0
2026-02-10 17:05:23.502 [cefgetfile] WARNING: Unknown VALIDATION_ALG:type=2, length=0
2026-02-10 17:05:23.502 [cefgetfile] WARNING: Unknown VALIDATION_ALG:type=2, length=0
2026-02-10 17:05:23.505 [cefgetfile] WARNING: Unknown VALIDATION_ALG:type=2, length=0
2026-02-10 17:05:23.505 [cefgetfile] WARNING: Unknown VALIDATION_ALG:type=2, length=0
2026-02-10 17:05:23.505 [cefgetfile] WARNING: Unknown VALIDATION_ALG:type=2, length=0
2026-02-10 17:05:23.507 [cefgetfile] WARNING: Unknown VALIDATION_ALG:type=2, length=0
2026-02-10 17:05:23.507 [cefgetfile] WARNING: Unknown VALIDATION_ALG:type=2, length=0
2026-02-10 17:05:23.508 [cefgetfile] WARNING: Unknown VALIDATION_ALG:type=2, length=0
2026-02-10 17:05:23.508 [cefgetfile] WARNING: Unknown VALIDATION_ALG:type=2, length=0
2026-02-10 17:05:23.510 [cefgetfile] WARNING: Unknown VALIDATION_ALG:type=2, length=0
2026-02-10 17:05:23.511 [cefgetfile] WARNING: Unknown VALIDATION_ALG:type=2, length=0
2026-02-10 17:05:23.514 [cefgetfile] WARNING: Unknown VALIDATION_ALG:type=2, length=0
2026-02-10 17:05:23.515 [cefgetfile] WARNING: Unknown VALIDATION_ALG:type=2, length=0
2026-02-10 17:05:23.515 [cefgetfile] WARNING: Unknown VALIDATION_ALG:type=2, length=0
2026-02-10 17:05:23.516 [cefgetfile] WARNING: Unknown VALIDATION_ALG:type=2, length=0
2026-02-10 17:05:23.516 [cefgetfile] WARNING: Unknown VALIDATION_ALG:type=2, length=0
2026-02-10 17:05:23.518 [cefgetfile] WARNING: Unknown VALIDATION_ALG:type=2, length=0
2026-02-10 17:05:23.518 [cefgetfile] WARNING: Unknown VALIDATION_ALG:type=2, length=0
2026-02-10 17:05:23.520 [cefgetfile] WARNING: Unknown VALIDATION_ALG:type=2, length=0
2026-02-10 17:05:23.520 [cefgetfile] WARNING: Unknown VALIDATION_ALG:type=2, length=0
2026-02-10 17:05:23.521 [cefgetfile] WARNING: Unknown VALIDATION_ALG:type=2, length=0
2026-02-10 17:05:23.521 [cefgetfile] WARNING: Unknown VALIDATION_ALG:type=2, length=0
2026-02-10 17:05:23.521 [cefgetfile] WARNING: Unknown VALIDATION_ALG:type=2, length=0
2026-02-10 17:05:23.522 [cefgetfile] WARNING: Unknown VALIDATION_ALG:type=2, length=0
2026-02-10 17:05:23.522 [cefgetfile] WARNING: Unknown VALIDATION_ALG:type=2, length=0
2026-02-10 17:05:23.523 [cefgetfile] WARNING: Unknown VALIDATION_ALG:type=2, length=0
2026-02-10 17:05:23.523 [cefgetfile] WARNING: Unknown VALIDATION_ALG:type=2, length=0
2026-02-10 17:05:23.524 [cefgetfile] WARNING: Unknown VALIDATION_ALG:type=2, length=0
2026-02-10 17:05:23.524 [cefgetfile] WARNING: Unknown VALIDATION_ALG:type=2, length=0
2026-02-10 17:05:23.524 [cefgetfile] WARNING: Unknown VALIDATION_ALG:type=2, length=0
2026-02-10 17:05:23.525 [cefgetfile] WARNING: Unknown VALIDATION_ALG:type=2, length=0
2026-02-10 17:05:23.525 [cefgetfile] WARNING: Unknown VALIDATION_ALG:type=2, length=0
2026-02-10 17:05:23.526 [cefgetfile] WARNING: Unknown VALIDATION_ALG:type=2, length=0
2026-02-10 17:05:23.532 [cefgetfile] WARNING: Unknown VALIDATION_ALG:type=2, length=0
2026-02-10 17:05:23.533 [cefgetfile] WARNING: Unknown VALIDATION_ALG:type=2, length=0
2026-02-10 17:05:23.533 [cefgetfile] WARNING: Unknown VALIDATION_ALG:type=2, length=0
2026-02-10 17:05:23.533 [cefgetfile] WARNING: Unknown VALIDATION_ALG:type=2, length=0
2026-02-10 17:05:23.535 [cefgetfile] WARNING: Unknown VALIDATION_ALG:type=2, length=0
2026-02-10 17:05:23.538 [cefgetfile] WARNING: Unknown VALIDATION_ALG:type=2, length=0
2026-02-10 17:05:23.540 [cefgetfile] WARNING: Unknown VALIDATION_ALG:type=2, length=0
2026-02-10 17:05:23.541 [cefgetfile] WARNING: Unknown VALIDATION_ALG:type=2, length=0
2026-02-10 17:05:23.542 [cefgetfile] WARNING: Unknown VALIDATION_ALG:type=2, length=0
2026-02-10 17:05:23.543 [cefgetfile] WARNING: Unknown VALIDATION_ALG:type=2, length=0
2026-02-10 17:05:23.544 [cefgetfile] WARNING: Unknown VALIDATION_ALG:type=2, length=0
2026-02-10 17:05:23.545 [cefgetfile] WARNING: Unknown VALIDATION_ALG:type=2, length=0
2026-02-10 17:05:23.545 [cefgetfile] WARNING: Unknown VALIDATION_ALG:type=2, length=0
2026-02-10 17:05:23.548 [cefgetfile] WARNING: Unknown VALIDATION_ALG:type=2, length=0
2026-02-10 17:05:23.548 [cefgetfile] WARNING: Unknown VALIDATION_ALG:type=2, length=0
2026-02-10 17:05:23.550 [cefgetfile] WARNING: Unknown VALIDATION_ALG:type=2, length=0
2026-02-10 17:05:23.550 [cefgetfile] WARNING: Unknown VALIDATION_ALG:type=2, length=0
2026-02-10 17:05:23.552 [cefgetfile] WARNING: Unknown VALIDATION_ALG:type=2, length=0
2026-02-10 17:05:23.553 [cefgetfile] WARNING: Unknown VALIDATION_ALG:type=2, length=0
2026-02-10 17:05:23.553 [cefgetfile] WARNING: Unknown VALIDATION_ALG:type=2, length=0
2026-02-10 17:05:23.555 [cefgetfile] WARNING: Unknown VALIDATION_ALG:type=2, length=0
2026-02-10 17:05:23.555 [cefgetfile] WARNING: Unknown VALIDATION_ALG:type=2, length=0
2026-02-10 17:05:23.556 [cefgetfile] WARNING: Unknown VALIDATION_ALG:type=2, length=0
2026-02-10 17:05:23.557 [cefgetfile] WARNING: Unknown VALIDATION_ALG:type=2, length=0
2026-02-10 17:05:23.558 [cefgetfile] WARNING: Unknown VALIDATION_ALG:type=2, length=0
2026-02-10 17:05:23.558 [cefgetfile] WARNING: Unknown VALIDATION_ALG:type=2, length=0
2026-02-10 17:05:23.558 [cefgetfile] WARNING: Unknown VALIDATION_ALG:type=2, length=0
2026-02-10 17:05:23.560 [cefgetfile] WARNING: Unknown VALIDATION_ALG:type=2, length=0
2026-02-10 17:05:23.561 [cefgetfile] WARNING: Unknown VALIDATION_ALG:type=2, length=0
2026-02-10 17:05:23.561 [cefgetfile] WARNING: Unknown VALIDATION_ALG:type=2, length=0
2026-02-10 17:05:23.562 [cefgetfile] WARNING: Unknown VALIDATION_ALG:type=2, length=0
2026-02-10 17:05:23.562 [cefgetfile] WARNING: Unknown VALIDATION_ALG:type=2, length=0
2026-02-10 17:05:23.562 [cefgetfile] WARNING: Unknown VALIDATION_ALG:type=2, length=0
2026-02-10 17:05:23.563 [cefgetfile] WARNING: Unknown VALIDATION_ALG:type=2, length=0
2026-02-10 17:05:23.563 [cefgetfile] WARNING: Unknown VALIDATION_ALG:type=2, length=0
2026-02-10 17:05:23.563 [cefgetfile] WARNING: Unknown VALIDATION_ALG:type=2, length=0
2026-02-10 17:05:23.564 [cefgetfile] WARNING: Unknown VALIDATION_ALG:type=2, length=0
2026-02-10 17:05:23.564 [cefgetfile] WARNING: Unknown VALIDATION_ALG:type=2, length=0
2026-02-10 17:05:23.567 [cefgetfile] WARNING: Unknown VALIDATION_ALG:type=2, length=0
2026-02-10 17:05:23.567 [cefgetfile] WARNING: Unknown VALIDATION_ALG:type=2, length=0
2026-02-10 17:05:23.568 [cefgetfile] WARNING: Unknown VALIDATION_ALG:type=2, length=0
2026-02-10 17:05:23.568 [cefgetfile] WARNING: Unknown VALIDATION_ALG:type=2, length=0
2026-02-10 17:05:23.570 [cefgetfile] WARNING: Unknown VALIDATION_ALG:type=2, length=0
2026-02-10 17:05:23.571 [cefgetfile] WARNING: Unknown VALIDATION_ALG:type=2, length=0
2026-02-10 17:05:23.572 [cefgetfile] WARNING: Unknown VALIDATION_ALG:type=2, length=0
2026-02-10 17:05:23.572 [cefgetfile] WARNING: Unknown VALIDATION_ALG:type=2, length=0
2026-02-10 17:05:23.573 [cefgetfile] WARNING: Unknown VALIDATION_ALG:type=2, length=0
2026-02-10 17:05:23.575 [cefgetfile] WARNING: Unknown VALIDATION_ALG:type=2, length=0
2026-02-10 17:05:23.577 [cefgetfile] WARNING: Unknown VALIDATION_ALG:type=2, length=0
2026-02-10 17:05:23.579 [cefgetfile] WARNING: Unknown VALIDATION_ALG:type=2, length=0
2026-02-10 17:05:23.580 [cefgetfile] WARNING: Unknown VALIDATION_ALG:type=2, length=0
2026-02-10 17:05:23.581 [cefgetfile] WARNING: Unknown VALIDATION_ALG:type=2, length=0
2026-02-10 17:05:23.583 [cefgetfile] WARNING: Unknown VALIDATION_ALG:type=2, length=0
2026-02-10 17:05:23.583 [cefgetfile] WARNING: Unknown VALIDATION_ALG:type=2, length=0
2026-02-10 17:05:23.584 [cefgetfile] WARNING: Unknown VALIDATION_ALG:type=2, length=0
2026-02-10 17:05:23.585 [cefgetfile] WARNING: Unknown VALIDATION_ALG:type=2, length=0
2026-02-10 17:05:23.586 [cefgetfile] WARNING: Unknown VALIDATION_ALG:type=2, length=0
2026-02-10 17:05:23.586 [cefgetfile] WARNING: Unknown VALIDATION_ALG:type=2, length=0
2026-02-10 17:05:23.587 [cefgetfile] WARNING: Unknown VALIDATION_ALG:type=2, length=0
2026-02-10 17:05:23.588 [cefgetfile] WARNING: Unknown VALIDATION_ALG:type=2, length=0
2026-02-10 17:05:23.590 [cefgetfile] WARNING: Unknown VALIDATION_ALG:type=2, length=0
2026-02-10 17:05:23.591 [cefgetfile] WARNING: Unknown VALIDATION_ALG:type=2, length=0
2026-02-10 17:05:23.591 [cefgetfile] WARNING: Unknown VALIDATION_ALG:type=2, length=0
2026-02-10 17:05:23.592 [cefgetfile] WARNING: Unknown VALIDATION_ALG:type=2, length=0
2026-02-10 17:05:23.592 [cefgetfile] WARNING: Unknown VALIDATION_ALG:type=2, length=0
2026-02-10 17:05:23.593 [cefgetfile] WARNING: Unknown VALIDATION_ALG:type=2, length=0
2026-02-10 17:05:23.593 [cefgetfile] WARNING: Unknown VALIDATION_ALG:type=2, length=0
2026-02-10 17:05:23.596 [cefgetfile] WARNING: Unknown VALIDATION_ALG:type=2, length=0
2026-02-10 17:05:23.596 [cefgetfile] WARNING: Unknown VALIDATION_ALG:type=2, length=0
2026-02-10 17:05:23.597 [cefgetfile] WARNING: Unknown VALIDATION_ALG:type=2, length=0
2026-02-10 17:05:23.598 [cefgetfile] WARNING: Unknown VALIDATION_ALG:type=2, length=0
2026-02-10 17:05:23.601 [cefgetfile] WARNING: Unknown VALIDATION_ALG:type=2, length=0
2026-02-10 17:05:23.601 [cefgetfile] WARNING: Unknown VALIDATION_ALG:type=2, length=0
2026-02-10 17:05:23.603 [cefgetfile] WARNING: Unknown VALIDATION_ALG:type=2, length=0
2026-02-10 17:05:23.604 [cefgetfile] WARNING: Unknown VALIDATION_ALG:type=2, length=0
2026-02-10 17:05:23.605 [cefgetfile] WARNING: Unknown VALIDATION_ALG:type=2, length=0
2026-02-10 17:05:23.605 [cefgetfile] WARNING: Unknown VALIDATION_ALG:type=2, length=0
2026-02-10 17:05:23.606 [cefgetfile] WARNING: Unknown VALIDATION_ALG:type=2, length=0
2026-02-10 17:05:23.607 [cefgetfile] WARNING: Unknown VALIDATION_ALG:type=2, length=0
2026-02-10 17:05:23.608 [cefgetfile] WARNING: Unknown VALIDATION_ALG:type=2, length=0
2026-02-10 17:05:23.610 [cefgetfile] WARNING: Unknown VALIDATION_ALG:type=2, length=0
2026-02-10 17:05:23.610 [cefgetfile] WARNING: Unknown VALIDATION_ALG:type=2, length=0
2026-02-10 17:05:23.611 [cefgetfile] WARNING: Unknown VALIDATION_ALG:type=2, length=0
2026-02-10 17:05:23.612 [cefgetfile] WARNING: Unknown VALIDATION_ALG:type=2, length=0
2026-02-10 17:05:23.612 [cefgetfile] WARNING: Unknown VALIDATION_ALG:type=2, length=0
2026-02-10 17:05:23.613 [cefgetfile] WARNING: Unknown VALIDATION_ALG:type=2, length=0
2026-02-10 17:05:23.614 [cefgetfile] WARNING: Unknown VALIDATION_ALG:type=2, length=0
2026-02-10 17:05:23.617 [cefgetfile] WARNING: Unknown VALIDATION_ALG:type=2, length=0
2026-02-10 17:05:23.617 [cefgetfile] WARNING: Unknown VALIDATION_ALG:type=2, length=0
2026-02-10 17:05:23.619 [cefgetfile] WARNING: Unknown VALIDATION_ALG:type=2, length=0
2026-02-10 17:05:23.620 [cefgetfile] WARNING: Unknown VALIDATION_ALG:type=2, length=0
2026-02-10 17:05:23.622 [cefgetfile] WARNING: Unknown VALIDATION_ALG:type=2, length=0
2026-02-10 17:05:23.622 [cefgetfile] WARNING: Unknown VALIDATION_ALG:type=2, length=0
2026-02-10 17:05:23.623 [cefgetfile] WARNING: Unknown VALIDATION_ALG:type=2, length=0
2026-02-10 17:05:23.623 [cefgetfile] WARNING: Unknown VALIDATION_ALG:type=2, length=0
2026-02-10 17:05:23.624 [cefgetfile] WARNING: Unknown VALIDATION_ALG:type=2, length=0
2026-02-10 17:05:23.624 [cefgetfile] WARNING: Unknown VALIDATION_ALG:type=2, length=0
2026-02-10 17:05:23.628 [cefgetfile] WARNING: Unknown VALIDATION_ALG:type=2, length=0
2026-02-10 17:05:23.628 [cefgetfile] WARNING: Unknown VALIDATION_ALG:type=2, length=0
2026-02-10 17:05:23.629 [cefgetfile] WARNING: Unknown VALIDATION_ALG:type=2, length=0
2026-02-10 17:05:23.629 [cefgetfile] WARNING: Unknown VALIDATION_ALG:type=2, length=0
2026-02-10 17:05:23.630 [cefgetfile] WARNING: Unknown VALIDATION_ALG:type=2, length=0
2026-02-10 17:05:23.631 [cefgetfile] WARNING: Unknown VALIDATION_ALG:type=2, length=0
2026-02-10 17:05:23.634 [cefgetfile] WARNING: Unknown VALIDATION_ALG:type=2, length=0
2026-02-10 17:05:23.635 [cefgetfile] WARNING: Unknown VALIDATION_ALG:type=2, length=0
2026-02-10 17:05:23.635 [cefgetfile] WARNING: Unknown VALIDATION_ALG:type=2, length=0
2026-02-10 17:05:23.635 [cefgetfile] WARNING: Unknown VALIDATION_ALG:type=2, length=0
2026-02-10 17:05:23.636 [cefgetfile] WARNING: Unknown VALIDATION_ALG:type=2, length=0
2026-02-10 17:05:23.636 [cefgetfile] WARNING: Unknown VALIDATION_ALG:type=2, length=0
2026-02-10 17:05:23.636 [cefgetfile] WARNING: Unknown VALIDATION_ALG:type=2, length=0
2026-02-10 17:05:23.637 [cefgetfile] WARNING: Unknown VALIDATION_ALG:type=2, length=0
2026-02-10 17:05:23.637 [cefgetfile] WARNING: Unknown VALIDATION_ALG:type=2, length=0
2026-02-10 17:05:23.637 [cefgetfile] WARNING: Unknown VALIDATION_ALG:type=2, length=0
2026-02-10 17:05:23.641 [cefgetfile] WARNING: Unknown VALIDATION_ALG:type=2, length=0
2026-02-10 17:05:23.641 [cefgetfile] WARNING: Unknown VALIDATION_ALG:type=2, length=0
2026-02-10 17:05:23.641 [cefgetfile] WARNING: Unknown VALIDATION_ALG:type=2, length=0
2026-02-10 17:05:23.642 [cefgetfile] WARNING: Unknown VALIDATION_ALG:type=2, length=0
2026-02-10 17:05:23.642 [cefgetfile] WARNING: Unknown VALIDATION_ALG:type=2, length=0
2026-02-10 17:05:23.642 [cefgetfile] WARNING: Unknown VALIDATION_ALG:type=2, length=0
2026-02-10 17:05:23.643 [cefgetfile] WARNING: Unknown VALIDATION_ALG:type=2, length=0
2026-02-10 17:05:23.645 [cefgetfile] WARNING: Unknown VALIDATION_ALG:type=2, length=0
2026-02-10 17:05:23.646 [cefgetfile] WARNING: Unknown VALIDATION_ALG:type=2, length=0
2026-02-10 17:05:23.647 [cefgetfile] WARNING: Unknown VALIDATION_ALG:type=2, length=0
2026-02-10 17:05:23.648 [cefgetfile] WARNING: Unknown VALIDATION_ALG:type=2, length=0
2026-02-10 17:05:23.649 [cefgetfile] WARNING: Unknown VALIDATION_ALG:type=2, length=0
2026-02-10 17:05:23.649 [cefgetfile] WARNING: Unknown VALIDATION_ALG:type=2, length=0
2026-02-10 17:05:23.650 [cefgetfile] WARNING: Unknown VALIDATION_ALG:type=2, length=0
2026-02-10 17:05:23.650 [cefgetfile] WARNING: Unknown VALIDATION_ALG:type=2, length=0
2026-02-10 17:05:23.652 [cefgetfile] WARNING: Unknown VALIDATION_ALG:type=2, length=0
2026-02-10 17:05:23.653 [cefgetfile] WARNING: Unknown VALIDATION_ALG:type=2, length=0
2026-02-10 17:05:23.654 [cefgetfile] WARNING: Unknown VALIDATION_ALG:type=2, length=0
2026-02-10 17:05:23.654 [cefgetfile] WARNING: Unknown VALIDATION_ALG:type=2, length=0
2026-02-10 17:05:23.657 [cefgetfile] WARNING: Unknown VALIDATION_ALG:type=2, length=0
2026-02-10 17:05:23.658 [cefgetfile] WARNING: Unknown VALIDATION_ALG:type=2, length=0
2026-02-10 17:05:23.658 [cefgetfile] WARNING: Unknown VALIDATION_ALG:type=2, length=0
2026-02-10 17:05:23.658 [cefgetfile] WARNING: Unknown VALIDATION_ALG:type=2, length=0
2026-02-10 17:05:23.659 [cefgetfile] WARNING: Unknown VALIDATION_ALG:type=2, length=0
2026-02-10 17:05:23.660 [cefgetfile] WARNING: Unknown VALIDATION_ALG:type=2, length=0
2026-02-10 17:05:23.660 [cefgetfile] WARNING: Unknown VALIDATION_ALG:type=2, length=0
2026-02-10 17:05:23.661 [cefgetfile] WARNING: Unknown VALIDATION_ALG:type=2, length=0
2026-02-10 17:05:23.661 [cefgetfile] WARNING: Unknown VALIDATION_ALG:type=2, length=0
2026-02-10 17:05:23.662 [cefgetfile] WARNING: Unknown VALIDATION_ALG:type=2, length=0
2026-02-10 17:05:23.666 [cefgetfile] WARNING: Unknown VALIDATION_ALG:type=2, length=0
2026-02-10 17:05:23.667 [cefgetfile] WARNING: Unknown VALIDATION_ALG:type=2, length=0
2026-02-10 17:05:23.667 [cefgetfile] WARNING: Unknown VALIDATION_ALG:type=2, length=0
2026-02-10 17:05:23.667 [cefgetfile] WARNING: Unknown VALIDATION_ALG:type=2, length=0
2026-02-10 17:05:23.668 [cefgetfile] WARNING: Unknown VALIDATION_ALG:type=2, length=0
2026-02-10 17:05:23.668 [cefgetfile] WARNING: Unknown VALIDATION_ALG:type=2, length=0
2026-02-10 17:05:23.668 [cefgetfile] WARNING: Unknown VALIDATION_ALG:type=2, length=0
2026-02-10 17:05:23.669 [cefgetfile] WARNING: Unknown VALIDATION_ALG:type=2, length=0
2026-02-10 17:05:23.669 [cefgetfile] WARNING: Unknown VALIDATION_ALG:type=2, length=0
2026-02-10 17:05:23.669 [cefgetfile] WARNING: Unknown VALIDATION_ALG:type=2, length=0
2026-02-10 17:05:23.669 [cefgetfile] WARNING: Unknown VALIDATION_ALG:type=2, length=0
2026-02-10 17:05:23.670 [cefgetfile] WARNING: Unknown VALIDATION_ALG:type=2, length=0
2026-02-10 17:05:23.670 [cefgetfile] WARNING: Unknown VALIDATION_ALG:type=2, length=0
2026-02-10 17:05:23.670 [cefgetfile] WARNING: Unknown VALIDATION_ALG:type=2, length=0
2026-02-10 17:05:23.670 [cefgetfile] WARNING: Unknown VALIDATION_ALG:type=2, length=0
2026-02-10 17:05:23.671 [cefgetfile] WARNING: Unknown VALIDATION_ALG:type=2, length=0
2026-02-10 17:05:23.676 [cefgetfile] WARNING: Unknown VALIDATION_ALG:type=2, length=0
2026-02-10 17:05:23.676 [cefgetfile] WARNING: Unknown VALIDATION_ALG:type=2, length=0
2026-02-10 17:05:23.678 [cefgetfile] WARNING: Unknown VALIDATION_ALG:type=2, length=0
2026-02-10 17:05:23.680 [cefgetfile] WARNING: Unknown VALIDATION_ALG:type=2, length=0
2026-02-10 17:05:23.682 [cefgetfile] WARNING: Unknown VALIDATION_ALG:type=2, length=0
2026-02-10 17:05:23.682 [cefgetfile] WARNING: Unknown VALIDATION_ALG:type=2, length=0
2026-02-10 17:05:23.684 [cefgetfile] WARNING: Unknown VALIDATION_ALG:type=2, length=0
2026-02-10 17:05:23.685 [cefgetfile] WARNING: Unknown VALIDATION_ALG:type=2, length=0
2026-02-10 17:05:23.686 [cefgetfile] WARNING: Unknown VALIDATION_ALG:type=2, length=0
2026-02-10 17:05:23.686 [cefgetfile] WARNING: Unknown VALIDATION_ALG:type=2, length=0
2026-02-10 17:05:23.688 [cefgetfile] WARNING: Unknown VALIDATION_ALG:type=2, length=0
2026-02-10 17:05:23.689 [cefgetfile] WARNING: Unknown VALIDATION_ALG:type=2, length=0
2026-02-10 17:05:23.689 [cefgetfile] WARNING: Unknown VALIDATION_ALG:type=2, length=0
2026-02-10 17:05:23.690 [cefgetfile] WARNING: Unknown VALIDATION_ALG:type=2, length=0
2026-02-10 17:05:23.690 [cefgetfile] WARNING: Unknown VALIDATION_ALG:type=2, length=0
2026-02-10 17:05:23.691 [cefgetfile] WARNING: Unknown VALIDATION_ALG:type=2, length=0
2026-02-10 17:05:23.691 [cefgetfile] WARNING: Unknown VALIDATION_ALG:type=2, length=0
2026-02-10 17:05:23.692 [cefgetfile] WARNING: Unknown VALIDATION_ALG:type=2, length=0
2026-02-10 17:05:23.692 [cefgetfile] WARNING: Unknown VALIDATION_ALG:type=2, length=0
2026-02-10 17:05:23.693 [cefgetfile] WARNING: Unknown VALIDATION_ALG:type=2, length=0
2026-02-10 17:05:23.694 [cefgetfile] WARNING: Unknown VALIDATION_ALG:type=2, length=0
2026-02-10 17:05:23.694 [cefgetfile] WARNING: Unknown VALIDATION_ALG:type=2, length=0
2026-02-10 17:05:23.694 [cefgetfile] WARNING: Unknown VALIDATION_ALG:type=2, length=0
2026-02-10 17:05:23.695 [cefgetfile] WARNING: Unknown VALIDATION_ALG:type=2, length=0
2026-02-10 17:05:23.695 [cefgetfile] WARNING: Unknown VALIDATION_ALG:type=2, length=0
2026-02-10 17:05:23.701 [cefgetfile] WARNING: Unknown VALIDATION_ALG:type=2, length=0
2026-02-10 17:05:23.701 [cefgetfile] WARNING: Unknown VALIDATION_ALG:type=2, length=0
2026-02-10 17:05:23.701 [cefgetfile] WARNING: Unknown VALIDATION_ALG:type=2, length=0
[cefgetfile] Completed to get all the chunks.
[cefgetfile] Unconnect to cefnetd ... OK
[cefgetfile] Terminate
[cefgetfile] Rx Frames (All)           = 424
[cefgetfile] Rx Frames (ContentObject) = 424
[cefgetfile] Rx Bytes (All)            = 449926
[cefgetfile] Rx Bytes (ContentObject)  = 433390
[cefgetfile] Duration                  = 0.380 sec
[cefgetfile] Throughput                = 9486330 bps
[cefgetfile] Goodput                   = 9137682 bps
[cefgetfile] Jitter (Ave)              = 894 us
[cefgetfile] Jitter (Max)              = 11376 us
[cefgetfile] Jitter (Var)              = 1160398 us
