[cefgetfile] Start
[cefgetfile] Parsing parameters ...OK
2026-02-10 17:06:10.360 [cefgetfile] INFO: [client] Config directory is ./h18
2026-02-10 17:06:10.360 [cefgetfile] INFO: [client] Local Socket Name is /tmp/cef_9695.18
2026-02-10 17:06:10.360 [cefgetfile] INFO: [client] Listen Port is 9695
[cefgetfile] Init Cefore Client package ... OK
[cefgetfile] Conversion from URI into Name ... OK
[cefgetfile] Checking the output file ... OK
[cefgetfile] Connect to cefnetd ... OK
[cefgetfile] URI=ccnx:/test/data/content2
[cefgetfile] Start sending Interests
2026-02-10 17:06:10.438 [cefgetfile] WARNING: Unknown VALIDATION_ALG:type=2, length=0
2026-02-10 17:06:10.450 [cefgetfile] WARNING: Unknown VALIDATION_ALG:type=2, length=0
2026-02-10 17:06:10.452 [cefgetfile] WARNING: Unknown VALIDATION_ALG:type=2, length=0
2026-02-10 17:06:10.454 [cefgetfile] WARNING: Unknown VALIDATION_ALG:type=2, length=0
2026-02-10 17:06:10.456 [cefgetfile] WARNING: Unknown VALIDATION_ALG:type=2, length=0
2026-02-10 17:06:10.458 [cefgetfile] WARNING: Unknown VALIDATION_ALG:type=2, length=0
2026-02-10 17:06:10.459 [cefgetfile] WARNING: Unknown VALIDATION_ALG:type=2, length=0
2026-02-10 17:06:10.461 [cefgetfile] WARNING: Unknown VALIDATION_ALG:type=2, length=0
2026-02-10 17:06:10.464 [cefgetfile] WARNING: Unknown VALIDATION_ALG:type=2, length=0
2026-02-10 17:06:10.464 [cefgetfile] WARNING: Unknown VALIDATION_ALG:type=2, length=0
2026-02-10 17:06:10.466 [cefgetfile] WARNING: Unknown VALIDATION_ALG:type=2, length=0
2026-02-10 17:06:10.467 [cefgetfile] WARNING: Unknown VALIDATION_ALG:type=2, length=0
2026-02-10 17:06:10.468 [cefgetfile] WARNING: Unknown VALIDATION_ALG:type=2, length=0
2026-02-10 17:06:10.469 [cefgetfile] WARNING: Unknown VALIDATION_ALG:type=2, length=0
2026-02-10 17:06:10.471 [cefgetfile] WARNING: Unknown VALIDATION_ALG:type=2, length=0
2026-02-10 17:06:10.472 [cefgetfile] WARNING: Unknown VALIDATION_ALG:type=2, length=0
2026-02-10 17:06:10.474 [cefgetfile] WARNING: Unknown VALIDATION_ALG:type=2, length=0
2026-02-10 17:06:10.475 [cefgetfile] WARNING: Unknown VALIDATION_ALG:type=2, length=0
2026-02-10 17:06:10.476 [cefgetfile] WARNING: Unknown VALIDATION_ALG:type=2, length=0
2026-02-10 17:06:10.476 [cefgetfile] WARNING: Unknown VALIDATION_ALG:type=2, length=0
2026-02-10 17:06:10.478 [cefgetfile] WARNING: Unknown VALIDATION_ALG:type=2, length=0
2026-02-10 17:06:10.479 [cefgetfile] WARNING: Unknown VALIDATION_ALG:type=2, length=0
2026-02-10 17:06:10.480 [cefgetfile] WARNING: Unknown VALIDATION_ALG:type=2, length=0
2026-02-10 17:06:10.480 [cefgetfile] WARNING: Unknown VALIDATION_ALG:type=2, length=0
2026-02-10 17:06:10.481 [cefgetfile] WARNING: Unknown VALIDATION_ALG:type=2, length=0
2026-02-10 17:06:10.482 [cefgetfile] WARNING: Unknown VALIDATION_ALG:type=2, length=0
2026-02-10 17:06:10.483 [cefgetfile] WARNING: Unknown VALIDATION_ALG:type=2, length=0
2026-02-10 17:06:10.484 [cefgetfile] WARNING: Unknown VALIDATION_ALG:type=2, length=0
2026-02-10 17:06:10.485 [cefgetfile] WARNING: Unknown VALIDATION_ALG:type=2, length=0
2026-02-10 17:06:10.486 [cefgetfile] WARNING: Unknown VALIDATION_ALG:type=2, length=0
2026-02-10 17:06:10.486 [cefgetfile] WARNING: Unknown VALIDATION_ALG:type=2, length=0
2026-02-10 17:06:10.487 [cefgetfile] WARNING: Unknown VALIDATION_ALG:type=2, length=0
2026-02-10 17:06:10.488 [cefgetfile] WARNING: Unknown VALIDATION_ALG:type=2, length=0
2026-02-10 17:06:10.489 [cefgetfile] WARNING: Unknown VALIDATION_ALG:type=2, length=0
2026-02-10 17:06:10.489 [cefgetfile] WARNING: Unknown VALIDATION_ALG:type=2, length=0
2026-02-10 17:06:10.490 [cefgetfile] WARNING: Unknown VALIDATION_ALG:type=2, length=0
2026-02-10 17:06:10.491 [cefgetfile] WARNING: Unknown VALIDATION_ALG:type=2, length=0
2026-02-10 17:06:10.494 [cefgetfile] WARNING: Unknown VALIDATION_ALG:type=2, length=0
2026-02-10 17:06:10.494 [cefgetfile] WARNING: Unknown VALIDATION_ALG:type=2, length=0
2026-02-10 17:06:10.494 [cefgetfile] WARNING: Unknown VALIDATION_ALG:type=2, length=0
2026-02-10 17:06:10.496 [cefgetfile] WARNING: Unknown VALIDATION_ALG:type=2, length=0
2026-02-10 17:06:10.497 [cefgetfile] WARNING: Unknown VALIDATION_ALG:type=2, length=0
2026-02-10 17:06:10.497 [cefgetfile] WARNING: Unknown VALIDATION_ALG:type=2, length=0
2026-02-10 17:06:10.497 [cefgetfile] WARNING: Unknown VALIDATION_ALG:type=2, length=0
2026-02-10 17:06:10.498 [cefgetfile] WARNING: Unknown VALIDATION_ALG:type=2, length=0
2026-02-10 17:06:10.498 [cefgetfile] WARNING: Unknown VALIDATION_ALG:type=2, length=0
2026-02-10 17:06:10.499 [cefgetfile] WARNING: Unknown VALIDATION_ALG:type=2, length=0
2026-02-10 17:06:10.500 [cefgetfile] WARNING: Unknown VALIDATION_ALG:type=2, length=0
2026-02-10 17:06:10.500 [cefgetfile] WARNING: Unknown VALIDATION_ALG:type=2, length=0
2026-02-10 17:06:10.501 [cefgetfile] WARNING: Unknown VALIDATION_ALG:type=2, length=0
2026-02-10 17:06:10.501 [cefgetfile] WARNING: Unknown VALIDATION_ALG:type=2, length=0
2026-02-10 17:06:10.502 [cefgetfile] WARNING: Unknown VALIDATION_ALG:type=2, length=0
2026-02-10 17:06:10.503 [cefgetfile] WARNING: Unknown VALIDATION_ALG:type=2, length=0
2026-02-10 17:06:10.503 [cefgetfile] WARNING: Unknown VALIDATION_ALG:type=2, length=0
2026-02-10 17:06:10.504 [cefgetfile] WARNING: Unknown VALIDATION_ALG:type=2, length=0
2026-02-10 17:06:10.507 [cefgetfile] WARNING: Unknown VALIDATION_ALG:type=2, length=0
2026-02-10 17:06:10.507 [cefgetfile] WARNING: Unknown VALIDATION_ALG:type=2, length=0
2026-02-10 17:06:10.508 [cefgetfile] WARNING: Unknown VALIDATION_ALG:type=2, length=0
2026-02-10 17:06:10.508 [cefgetfile] WARNING: Unknown VALIDATION_ALG:type=2, length=0
2026-02-10 17:06:10.511 [cefgetfile] WARNING: Unknown VALIDATION_ALG:type=2, length=0
2026-02-10 17:06:10.512 [cefgetfile] WARNING: Unknown VALIDATION_ALG:type=2, length=0
2026-02-10 17:06:10.513 [cefgetfile] WARNING: Unknown VALIDATION_ALG:type=2, length=0
2026-02-10 17:06:10.513 [cefgetfile] WARNING: Unknown VALIDATION_ALG:type=2, length=0
2026-02-10 17:06:10.514 [cefgetfile] WARNING: Unknown VALIDATION_ALG:type=2, length=0
2026-02-10 17:06:10.515 [cefgetfile] WARNING: Unknown VALIDATION_ALG:type=2, length=0
2026-02-10 17:06:10.516 [cefgetfile] WARNING: Unknown VALIDATION_ALG:type=2, length=0
2026-02-10 17:06:10.516 [cefgetfile] WARNING: Unknown VALIDATION_ALG:type=2, length=0
2026-02-10 17:06:10.518 [cefgetfile] WARNING: Unknown VALIDATION_ALG:type=2, length=0
2026-02-10 17:06:10.519 [cefgetfile] WARNING: Unknown VALIDATION_ALG:type=2, length=0
2026-02-10 17:06:10.519 [cefgetfile] WARNING: Unknown VALIDATION_ALG:type=2, length=0
2026-02-10 17:06:10.520 [cefgetfile] WARNING: Unknown VALIDATION_ALG:type=2, length=0
2026-02-10 17:06:10.521 [cefgetfile] WARNING: Unknown VALIDATION_ALG:type=2, length=0
2026-02-10 17:06:10.522 [cefgetfile] WARNING: Unknown VALIDATION_ALG:type=2, length=0
2026-02-10 17:06:10.522 [cefgetfile] WARNING: Unknown VALIDATION_ALG:type=2, length=0
2026-02-10 17:06:10.523 [cefgetfile] WARNING: Unknown VALIDATION_ALG:type=2, length=0
2026-02-10 17:06:10.525 [cefgetfile] WARNING: Unknown VALIDATION_ALG:type=2, length=0
2026-02-10 17:06:10.525 [cefgetfile] WARNING: Unknown VALIDATION_ALG:type=2, length=0
2026-02-10 17:06:10.526 [cefgetfile] WARNING: Unknown VALIDATION_ALG:type=2, length=0
2026-02-10 17:06:10.527 [cefgetfile] WARNING: Unknown VALIDATION_ALG:type=2, length=0
2026-02-10 17:06:10.531 [cefgetfile] WARNING: Unknown VALIDATION_ALG:type=2, length=0
2026-02-10 17:06:10.532 [cefgetfile] WARNING: Unknown VALIDATION_ALG:type=2, length=0
2026-02-10 17:06:10.533 [cefgetfile] WARNING: Unknown VALIDATION_ALG:type=2, length=0
2026-02-10 17:06:10.534 [cefgetfile] WARNING: Unknown VALIDATION_ALG:type=2, length=0
2026-02-10 17:06:10.536 [cefgetfile] WARNING: Unknown VALIDATION_ALG:type=2, length=0
2026-02-10 17:06:10.539 [cefgetfile] WARNING: Unknown VALIDATION_ALG:type=2, length=0
2026-02-10 17:06:10.540 [cefgetfile] WARNING: Unknown VALIDATION_ALG:type=2, length=0
2026-02-10 17:06:10.543 [cefgetfile] WARNING: Unknown VALIDATION_ALG:type=2, length=0
2026-02-10 17:06:10.545 [cefgetfile] WARNING: Unknown VALIDATION_ALG:type=2, length=0
2026-02-10 17:06:10.546 [cefgetfile] WARNING: Unknown VALIDATION_ALG:type=2, length=0
2026-02-10 17:06:10.548 [cefgetfile] WARNING: Unknown VALIDATION_ALG:type=2, length=0
2026-02-10 17:06:10.549 [cefgetfile] WARNING: Unknown VALIDATION_ALG:type=2, length=0
2026-02-10 17:06:10.550 [cefgetfile] WARNING: Unknown VALIDATION_ALG:type=2, length=0
2026-02-10 17:06:10.550 [cefgetfile] WARNING: Unknown VALIDATION_ALG:type=2, length=0
2026-02-10 17:06:10.552 [cefgetfile] WARNING: Unknown VALIDATION_ALG:type=2, length=0
2026-02-10 17:06:10.552 [cefgetfile] WARNING: Unknown VALIDATION_ALG:type=2, length=0
2026-02-10 17:06:10.554 [cefgetfile] WARNING: Unknown VALIDATION_ALG:type=2, length=0
2026-02-10 17:06:10.555 [cefgetfile] WARNING: Unknown VALIDATION_ALG:type=2, length=0
2026-02-10 17:06:10.555 [cefgetfile] WARNING: Unknown VALIDATION_ALG:type=2, length=0
2026-02-10 17:06:10.556 [cefgetfile] WARNING: Unknown VALIDATION_ALG:type=2, length=0
2026-02-10 17:06:10.557 [cefgetfile] WARNING: Unknown VALIDATION_ALG:type=2, length=0
2026-02-10 17:06:10.559 [cefgetfile] WARNING: Unknown VALIDATION_ALG:type=2, length=0
2026-02-10 17:06:10.559 [cefgetfile] WARNING: Unknown VALIDATION_ALG:type=2, length=0
2026-02-10 17:06:10.561 [cefgetfile] WARNING: Unknown VALIDATION_ALG:type=2, length=0
2026-02-10 17:06:10.562 [cefgetfile] WARNING: Unknown VALIDATION_ALG:type=2, length=0
2026-02-10 17:06:10.564 [cefgetfile] WARNING: Unknown VALIDATION_ALG:type=2, length=0
2026-02-10 17:06:10.566 [cefgetfile] WARNING: Unknown VALIDATION_ALG:type=2, length=0
2026-02-10 17:06:10.569 [cefgetfile] WARNING: Unknown VALIDATION_ALG:type=2, length=0
2026-02-10 17:06:10.571 [cefgetfile] WARNING: Unknown VALIDATION_ALG:type=2, length=0
2026-02-10 17:06:10.572 [cefgetfile] WARNING: Unknown VALIDATION_ALG:type=2, length=0
2026-02-10 17:06:10.574 [cefgetfile] WARNING: Unknown VALIDATION_ALG:type=2, length=0
2026-02-10 17:06:10.576 [cefgetfile] WARNING: Unknown VALIDATION_ALG:type=2, length=0
2026-02-10 17:06:10.577 [cefgetfile] WARNING: Unknown VALIDATION_ALG:type=2, length=0
2026-02-10 17:06:10.578 [cefgetfile] WARNING: Unknown VALIDATION_ALG:type=2, length=0
2026-02-10 17:06:10.579 [cefgetfile] WARNING: Unknown VALIDATION_ALG:type=2, length=0
2026-02-10 17:06:10.580 [cefgetfile] WARNING: Unknown VALIDATION_ALG:type=2, length=0
2026-02-10 17:06:10.581 [cefgetfile] WARNING: Unknown VALIDATION_ALG:type=2, length=0
2026-02-10 17:06:10.583 [cefgetfile] WARNING: Unknown VALIDATION_ALG:type=2, length=0
2026-02-10 17:06:10.583 [cefgetfile] WARNING: Unknown VALIDATION_ALG:type=2, length=0
2026-02-10 17:06:10.585 [cefgetfile] WARNING: Unknown VALIDATION_ALG:type=2, length=0
2026-02-10 17:06:10.586 [cefgetfile] WARNING: Unknown VALIDATION_ALG:type=2, length=0
2026-02-10 17:06:10.587 [cefgetfile] WARNING: Unknown VALIDATION_ALG:type=2, length=0
2026-02-10 17:06:10.590 [cefgetfile] WARNING: Unknown VALIDATION_ALG:type=2, length=0
2026-02-10 17:06:10.590 [cefgetfile] WARNING: Unknown VALIDATION_ALG:type=2, length=0
2026-02-10 17:06:10.591 [cefgetfile] WARNING: Unknown VALIDATION_ALG:type=2, length=0
2026-02-10 17:06:10.591 [cefgetfile] WARNING: Unknown VALIDATION_ALG:type=2, length=0
2026-02-10 17:06:10.594 [cefgetfile] WARNING: Unknown VALIDATION_ALG:type=2, length=0
2026-02-10 17:06:10.595 [cefgetfile] WARNING: Unknown VALIDATION_ALG:type=2, length=0
2026-02-10 17:06:10.596 [cefgetfile] WARNING: Unknown VALIDATION_ALG:type=2, length=0
2026-02-10 17:06:10.596 [cefgetfile] WARNING: Unknown VALIDATION_ALG:type=2, length=0
2026-02-10 17:06:10.599 [cefgetfile] WARNING: Unknown VALIDATION_ALG:type=2, length=0
2026-02-10 17:06:10.599 [cefgetfile] WARNING: Unknown VALIDATION_ALG:type=2, length=0
2026-02-10 17:06:10.600 [cefgetfile] WARNING: Unknown VALIDATION_ALG:type=2, length=0
2026-02-10 17:06:10.600 [cefgetfile] WARNING: Unknown VALIDATION_ALG:type=2, length=0
2026-02-10 17:06:10.603 [cefgetfile] WARNING: Unknown VALIDATION_ALG:type=2, length=0
2026-02-10 17:06:10.603 [cefgetfile] WARNING: Unknown VALIDATION_ALG:type=2, length=0
2026-02-10 17:06:10.603 [cefgetfile] WARNING: Unknown VALIDATION_ALG:type=2, length=0
2026-02-10 17:06:10.605 [cefgetfile] WARNING: Unknown VALIDATION_ALG:type=2, length=0
2026-02-10 17:06:10.606 [cefgetfile] WARNING: Unknown VALIDATION_ALG:type=2, length=0
2026-02-10 17:06:10.607 [cefgetfile] WARNING: Unknown VALIDATION_ALG:type=2, length=0
2026-02-10 17:06:10.608 [cefgetfile] WARNING: Unknown VALIDATION_ALG:type=2, length=0
2026-02-10 17:06:10.610 [cefgetfile] WARNING: Unknown VALIDATION_ALG:type=2, length=0
2026-02-10 17:06:10.612 [cefgetfile] WARNING: Unknown VALIDATION_ALG:type=2, length=0
2026-02-10 17:06:10.614 [cefgetfile] WARNING: Unknown VALIDATION_ALG:type=2, length=0
2026-02-10 17:06:10.616 [cefgetfile] WARNING: Unknown VALIDATION_ALG:type=2, length=0
2026-02-10 17:06:10.618 [cefgetfile] WARNING: Unknown VALIDATION_ALG:type=2, length=0
2026-02-10 17:06:10.619 [cefgetfile] WARNING: Unknown VALIDATION_ALG:type=2, length=0
2026-02-10 17:06:10.620 [cefgetfile] WARNING: Unknown VALIDATION_ALG:type=2, length=0
2026-02-10 17:06:10.621 [cefgetfile] WARNING: Unknown VALIDATION_ALG:type=2, length=0
2026-02-10 17:06:10.622 [cefgetfile] WARNING: Unknown VALIDATION_ALG:type=2, length=0
2026-02-10 17:06:10.623 [cefgetfile] WARNING: Unknown VALIDATION_ALG:type=2, length=0
2026-02-10 17:06:10.624 [cefgetfile] WARNING: Unknown VALIDATION_ALG:type=2, length=0
2026-02-10 17:06:10.624 [cefgetfile] WARNING: Unknown VALIDATION_ALG:type=2, length=0
2026-02-10 17:06:10.626 [cefgetfile] WARNING: Unknown VALIDATION_ALG:type=2, length=0
2026-02-10 17:06:10.627 [cefgetfile] WARNING: Unknown VALIDATION_ALG:type=2, length=0
2026-02-10 17:06:10.627 [cefgetfile] WARNING: Unknown VALIDATION_ALG:type=2, length=0
2026-02-10 17:06:10.629 [cefgetfile] WARNING: Unknown VALIDATION_ALG:type=2, length=0
2026-02-10 17:06:10.631 [cefgetfile] WARNING: Unknown VALIDATION_ALG:type=2, length=0
2026-02-10 17:06:10.632 [cefgetfile] WARNING: Unknown VALIDATION_ALG:type=2, length=0
2026-02-10 17:06:10.633 [cefgetfile] WARNING: Unknown VALIDATION_ALG:type=2, length=0
2026-02-10 17:06:10.636 [cefgetfile] WARNING: Unknown VALIDATION_ALG:type=2, length=0
2026-02-10 17:06:10.638 [cefgetfile] WARNING: Unknown VALIDATION_ALG:type=2, length=0
2026-02-10 17:06:10.639 [cefgetfile] WARNING: Unknown VALIDATION_ALG:type=2, length=0
2026-02-10 17:06:10.642 [cefgetfile] WARNING: Unknown VALIDATION_ALG:type=2, length=0
2026-02-10 17:06:10.643 [cefgetfile] WARNING: Unknown VALIDATION_ALG:type=2, length=0
2026-02-10 17:06:10.645 [cefgetfile] WARNING: Unknown VALIDATION_ALG:type=2, length=0
2026-02-10 17:06:10.646 [cefgetfile] WARNING: Unknown VALIDATION_ALG:type=2, length=0
2026-02-10 17:06:10.647 [cefgetfile] WARNING: Unknown VALIDATION_ALG:type=2, length=0
2026-02-10 17:06:10.648 [cefgetfile] WARNING: Unknown VALIDATION_ALG:type=2, length=0
2026-02-10 17:06:10.649 [cefgetfile] WARNING: Unknown VALIDATION_ALG:type=2, length=0
2026-02-10 17:06:10.650 [cefgetfile] WARNING: Unknown VALIDATION_ALG:type=2, length=0
2026-02-10 17:06:10.651 [cefgetfile] WARNING: Unknown VALIDATION_ALG:type=2, length=0
2026-02-10 17:06:10.653 [cefgetfile] WARNING: Unknown VALIDATION_ALG:type=2, length=0
2026-02-10 17:06:10.653 [cefgetfile] WARNING: Unknown VALIDATION_ALG:type=2, length=0
2026-02-10 17:06:10.655 [cefgetfile] WARNING: Unknown VALIDATION_ALG:type=2, length=0
2026-02-10 17:06:10.656 [cefgetfile] WARNING: Unknown VALIDATION_ALG:type=2, length=0
2026-02-10 17:06:10.657 [cefgetfile] WARNING: Unknown VALIDATION_ALG:type=2, length=0
2026-02-10 17:06:10.657 [cefgetfile] WARNING: Unknown VALIDATION_ALG:type=2, length=0
2026-02-10 17:06:10.658 [cefgetfile] WARNING: Unknown VALIDATION_ALG:type=2, length=0
2026-02-10 17:06:10.658 [cefgetfile] WARNING: Unknown VALIDATION_ALG:type=2, length=0
2026-02-10 17:06:10.660 [cefgetfile] WARNING: Unknown VALIDATION_ALG:type=2, length=0
2026-02-10 17:06:10.661 [cefgetfile] WARNING: Unknown VALIDATION_ALG:type=2, length=0
2026-02-10 17:06:10.663 [cefgetfile] WARNING: Unknown VALIDATION_ALG:type=2, length=0
2026-02-10 17:06:10.664 [cefgetfile] WARNING: Unknown VALIDATION_ALG:type=2, length=0
2026-02-10 17:06:10.666 [cefgetfile] WARNING: Unknown VALIDATION_ALG:type=2, length=0
2026-02-10 17:06:10.668 [cefgetfile] WARNING: Unknown VALIDATION_ALG:type=2, length=0
2026-02-10 17:06:10.671 [cefgetfile] WARNING: Unknown VALIDATION_ALG:type=2, length=0
2026-02-10 17:06:10.673 [cefgetfile] WARNING: Unknown VALIDATION_ALG:type=2, length=0
2026-02-10 17:06:10.675 [cefgetfile] WARNING: Unknown VALIDATION_ALG:type=2, length=0
2026-02-10 17:06:10.677 [cefgetfile] WARNING: Unknown VALIDATION_ALG:type=2, length=0
2026-02-10 17:06:10.679 [cefgetfile] WARNING: Unknown VALIDATION_ALG:type=2, length=0
2026-02-10 17:06:10.680 [cefgetfile] WARNING: Unknown VALIDATION_ALG:type=2, length=0
2026-02-10 17:06:10.681 [cefgetfile] WARNING: Unknown VALIDATION_ALG:type=2, length=0
2026-02-10 17:06:10.682 [cefgetfile] WARNING: Unknown VALIDATION_ALG:type=2, length=0
2026-02-10 17:06:10.683 [cefgetfile] WARNING: Unknown VALIDATION_ALG:type=2, length=0
2026-02-10 17:06:10.685 [cefgetfile] WARNING: Unknown VALIDATION_ALG:type=2, length=0
2026-02-10 17:06:10.686 [cefgetfile] WARNING: Unknown VALIDATION_ALG:type=2, length=0
2026-02-10 17:06:10.687 [cefgetfile] WARNING: Unknown VALIDATION_ALG:type=2, length=0
2026-02-10 17:06:10.688 [cefgetfile] WARNING: Unknown VALIDATION_ALG:type=2, length=0
2026-02-10 17:06:10.689 [cefgetfile] WARNING: Unknown VALIDATION_ALG:type=2, length=0
2026-02-10 17:06:10.689 [cefgetfile] WARNING: Unknown VALIDATION_ALG:type=2, length=0
2026-02-10 17:06:10.690 [cefgetfile] WARNING: Unknown VALIDATION_ALG:type=2, length=0
2026-02-10 17:06:10.691 [cefgetfile] WARNING: Unknown VALIDATION_ALG:type=2, length=0
2026-02-10 17:06:10.691 [cefgetfile] WARNING: Unknown VALIDATION_ALG:type=2, length=0
2026-02-10 17:06:10.693 [cefgetfile] WARNING: Unknown VALIDATION_ALG:type=2, length=0
2026-02-10 17:06:10.693 [cefgetfile] WARNING: Unknown VALIDATION_ALG:type=2, length=0
2026-02-10 17:06:10.694 [cefgetfile] WARNING: Unknown VALIDATION_ALG:type=2, length=0
2026-02-10 17:06:10.695 [cefgetfile] WARNING: Unknown VALIDATION_ALG:type=2, length=0
2026-02-10 17:06:10.695 [cefgetfile] WARNING: Unknown VALIDATION_ALG:type=2, length=0
2026-02-10 17:06:10.697 [cefgetfile] WARNING: Unknown VALIDATION_ALG:type=2, length=0
2026-02-10 17:06:10.697 [cefgetfile] WARNING: Unknown VALIDATION_ALG:type=2, length=0
2026-02-10 17:06:10.698 [cefgetfile] WARNING: Unknown VALIDATION_ALG:type=2, length=0
2026-02-10 17:06:10.699 [cefgetfile] WARNING: Unknown VALIDATION_ALG:type=2, length=0
2026-02-10 17:06:10.699 [cefgetfile] WARNING: Unknown VALIDATION_ALG:type=2, length=0
2026-02-10 17:06:10.700 [cefgetfile] WARNING: Unknown VALIDATION_ALG:type=2, length=0
2026-02-10 17:06:10.702 [cefgetfile] WARNING: Unknown VALIDATION_ALG:type=2, length=0
2026-02-10 17:06:10.702 [cefgetfile] WARNING: Unknown VALIDATION_ALG:type=2, length=0
2026-02-10 17:06:10.702 [cefgetfile] WARNING: Unknown VALIDATION_ALG:type=2, length=0
2026-02-10 17:06:10.705 [cefgetfile] WARNING: Unknown VALIDATION_ALG:type=2, length=0
2026-02-10 17:06:10.705 [cefgetfile] WARNING: Unknown VALIDATION_ALG:type=2, length=0
2026-02-10 17:06:10.705 [cefgetfile] WARNING: Unknown VALIDATION_ALG:type=2, length=0
2026-02-10 17:06:10.706 [cefgetfile] WARNING: Unknown VALIDATION_ALG:type=2, length=0
2026-02-10 17:06:10.708 [cefgetfile] WARNING: Unknown VALIDATION_ALG:type=2, length=0
2026-02-10 17:06:10.708 [cefgetfile] WARNING: Unknown VALIDATION_ALG:type=2, length=0
2026-02-10 17:06:10.709 [cefgetfile] WARNING: Unknown VALIDATION_ALG:type=2, length=0
2026-02-10 17:06:10.711 [cefgetfile] WARNING: Unknown VALIDATION_ALG:type=2, length=0
2026-02-10 17:06:10.711 [cefgetfile] WARNING: Unknown VALIDATION_ALG:type=2, length=0
2026-02-10 17:06:10.711 [cefgetfile] WARNING: Unknown VALIDATION_ALG:type=2, length=0
2026-02-10 17:06:10.712 [cefgetfile] WARNING: Unknown VALIDATION_ALG:type=2, length=0
2026-02-10 17:06:10.714 [cefgetfile] WARNING: Unknown VALIDATION_ALG:type=2, length=0
2026-02-10 17:06:10.714 [cefgetfile] WARNING: Unknown VALIDATION_ALG:type=2, length=0
2026-02-10 17:06:10.714 [cefgetfile] WARNING: Unknown VALIDATION_ALG:type=2, length=0
2026-02-10 17:06:10.715 [cefgetfile] WARNING: Unknown VALIDATION_ALG:type=2, length=0
2026-02-10 17:06:10.717 [cefgetfile] WARNING: Unknown VALIDATION_ALG:type=2, length=0
2026-02-10 17:06:10.717 [cefgetfile] WARNING: Unknown VALIDATION_ALG:type=2, length=0
2026-02-10 17:06:10.717 [cefgetfile] WARNING: Unknown VALIDATION_ALG:type=2, length=0
2026-02-10 17:06:10.718 [cefgetfile] WARNING: Unknown VALIDATION_ALG:type=2, length=0
2026-02-10 17:06:10.719 [cefgetfile] WARNING: Unknown VALIDATION_ALG:type=2, length=0
2026-02-10 17:06:10.719 [cefgetfile] WARNING: Unknown VALIDATION_ALG:type=2, length=0
2026-02-10 17:06:10.720 [cefgetfile] WARNING: Unknown VALIDATION_ALG:type=2, length=0
2026-02-10 17:06:10.721 [cefgetfile] WARNING: Unknown VALIDATION_ALG:type=2, length=0
2026-02-10 17:06:10.722 [cefgetfile] WARNING: Unknown VALIDATION_ALG:type=2, length=0
2026-02-10 17:06:10.723 [cefgetfile] WARNING: Unknown VALIDATION_ALG:type=2, length=0
2026-02-10 17:06:10.723 [cefgetfile] WARNING: Unknown VALIDATION_ALG:type=2, length=0
2026-02-10 17:06:10.724 [cefgetfile] WARNING: Unknown VALIDATION_ALG:type=2, length=0
2026-02-10 17:06:10.726 [cefgetfile] WARNING: Unknown VALIDATION_ALG:type=2, length=0
2026-02-10 17:06:10.727 [cefgetfile] WARNING: Unknown VALIDATION_ALG:type=2, length=0
2026-02-10 17:06:10.727 [cefgetfile] WARNING: Unknown VALIDATION_ALG:type=2, length=0
2026-02-10 17:06:10.728 [cefgetfile] WARNING: Unknown VALIDATION_ALG:type=2, length=0
2026-02-10 17:06:10.730 [cefgetfile] WARNING: Unknown VALIDATION_ALG:type=2, length=0
2026-02-10 17:06:10.731 [cefgetfile] WARNING: Unknown VALIDATION_ALG:type=2, length=0
2026-02-10 17:06:10.731 [cefgetfile] WARNING: Unknown VALIDATION_ALG:type=2, length=0
2026-02-10 17:06:10.732 [cefgetfile] WARNING: Unknown VALIDATION_ALG:type=2, length=0
2026-02-10 17:06:10.735 [cefgetfile] WARNING: Unknown VALIDATION_ALG:type=2, length=0
2026-02-10 17:06:10.735 [cefgetfile] WARNING: Unknown VALIDATION_ALG:type=2, length=0
2026-02-10 17:06:10.735 [cefgetfile] WARNING: Unknown VALIDATION_ALG:type=2, length=0
2026-02-10 17:06:10.739 [cefgetfile] WARNING: Unknown VALIDATION_ALG:type=2, length=0
2026-02-10 17:06:10.739 [cefgetfile] WARNING: Unknown VALIDATION_ALG:type=2, length=0
2026-02-10 17:06:10.742 [cefgetfile] WARNING: Unknown VALIDATION_ALG:type=2, length=0
2026-02-10 17:06:10.743 [cefgetfile] WARNING: Unknown VALIDATION_ALG:type=2, length=0
2026-02-10 17:06:10.746 [cefgetfile] WARNING: Unknown VALIDATION_ALG:type=2, length=0
2026-02-10 17:06:10.748 [cefgetfile] WARNING: Unknown VALIDATION_ALG:type=2, length=0
2026-02-10 17:06:10.749 [cefgetfile] WARNING: Unknown VALIDATION_ALG:type=2, length=0
2026-02-10 17:06:10.751 [cefgetfile] WARNING: Unknown VALIDATION_ALG:type=2, length=0
2026-02-10 17:06:10.753 [cefgetfile] WARNING: Unknown VALIDATION_ALG:type=2, length=0
2026-02-10 17:06:10.754 [cefgetfile] WARNING: Unknown VALIDATION_ALG:type=2, length=0
2026-02-10 17:06:10.756 [cefgetfile] WARNING: Unknown VALIDATION_ALG:type=2, length=0
2026-02-10 17:06:10.756 [cefgetfile] WARNING: Unknown VALIDATION_ALG:type=2, length=0
2026-02-10 17:06:10.757 [cefgetfile] WARNING: Unknown VALIDATION_ALG:type=2, length=0
2026-02-10 17:06:10.758 [cefgetfile] WARNING: Unknown VALIDATION_ALG:type=2, length=0
2026-02-10 17:06:10.758 [cefgetfile] WARNING: Unknown VALIDATION_ALG:type=2, length=0
2026-02-10 17:06:10.759 [cefgetfile] WARNING: Unknown VALIDATION_ALG:type=2, length=0
2026-02-10 17:06:10.760 [cefgetfile] WARNING: Unknown VALIDATION_ALG:type=2, length=0
2026-02-10 17:06:10.760 [cefgetfile] WARNING: Unknown VALIDATION_ALG:type=2, length=0
2026-02-10 17:06:10.762 [cefgetfile] WARNING: Unknown VALIDATION_ALG:type=2, length=0
2026-02-10 17:06:10.763 [cefgetfile] WARNING: Unknown VALIDATION_ALG:type=2, length=0
2026-02-10 17:06:10.765 [cefgetfile] WARNING: Unknown VALIDATION_ALG:type=2, length=0
2026-02-10 17:06:10.766 [cefgetfile] WARNING: Unknown VALIDATION_ALG:type=2, length=0
2026-02-10 17:06:10.767 [cefgetfile] WARNING: Unknown VALIDATION_ALG:type=2, length=0
2026-02-10 17:06:10.769 [cefgetfile] WARNING: Unknown VALIDATION_ALG:type=2, length=0
2026-02-10 17:06:10.771 [cefgetfile] WARNING: Unknown VALIDATION_ALG:type=2, length=0
2026-02-10 17:06:10.773 [cefgetfile] WARNING: Unknown VALIDATION_ALG:type=2, length=0
2026-02-10 17:06:10.775 [cefgetfile] WARNING: Unknown VALIDATION_ALG:type=2, length=0
2026-02-10 17:06:10.779 [cefgetfile] WARNING: Unknown VALIDATION_ALG:type=2, length=0
2026-02-10 17:06:10.780 [cefgetfile] WARNING: Unknown VALIDATION_ALG:type=2, length=0
2026-02-10 17:06:10.781 [cefgetfile] WARNING: Unknown VALIDATION_ALG:type=2, length=0
2026-02-10 17:06:10.782 [cefgetfile] WARNING: Unknown VALIDATION_ALG:type=2, length=0
2026-02-10 17:06:10.783 [cefgetfile] WARNING: Unknown VALIDATION_ALG:type=2, length=0
2026-02-10 17:06:10.784 [cefgetfile] WARNING: Unknown VALIDATION_ALG:type=2, length=0
2026-02-10 17:06:10.785 [cefgetfile] WARNING: Unknown VALIDATION_ALG:type=2, length=0
2026-02-10 17:06:10.786 [cefgetfile] WARNING: Unknown VALIDATION_ALG:type=2, length=0
2026-02-10 17:06:10.786 [cefgetfile] WARNING: Unknown VALIDATION_ALG:type=2, length=0
2026-02-10 17:06:10.787 [cefgetfile] WARNING: Unknown VALIDATION_ALG:type=2, length=0
2026-02-10 17:06:10.790 [cefgetfile] WARNING: Unknown VALIDATION_ALG:type=2, length=0
2026-02-10 17:06:10.790 [cefgetfile] WARNING: Unknown VALIDATION_ALG:type=2, length=0
2026-02-10 17:06:10.790 [cefgetfile] WARNING: Unknown VALIDATION_ALG:type=2, length=0
2026-02-10 17:06:10.791 [cefgetfile] WARNING: Unknown VALIDATION_ALG:type=2, length=0
2026-02-10 17:06:10.794 [cefgetfile] WARNING: Unknown VALIDATION_ALG:type=2, length=0
2026-02-10 17:06:10.794 [cefgetfile] WARNING: Unknown VALIDATION_ALG:type=2, length=0
2026-02-10 17:06:10.794 [cefgetfile] WARNING: Unknown VALIDATION_ALG:type=2, length=0
2026-02-10 17:06:10.795 [cefgetfile] WARNING: Unknown VALIDATION_ALG:type=2, length=0
2026-02-10 17:06:10.798 [cefgetfile] WARNING: Unknown VALIDATION_ALG:type=2, length=0
2026-02-10 17:06:10.798 [cefgetfile] WARNING: Unknown VALIDATION_ALG:type=2, length=0
2026-02-10 17:06:10.798 [cefgetfile] WARNING: Unknown VALIDATION_ALG:type=2, length=0
2026-02-10 17:06:10.799 [cefgetfile] WARNING: Unknown VALIDATION_ALG:type=2, length=0
2026-02-10 17:06:10.800 [cefgetfile] WARNING: Unknown VALIDATION_ALG:type=2, length=0
2026-02-10 17:06:10.803 [cefgetfile] WARNING: Unknown VALIDATION_ALG:type=2, length=0
2026-02-10 17:06:10.803 [cefgetfile] WARNING: Unknown VALIDATION_ALG:type=2, length=0
2026-02-10 17:06:10.804 [cefgetfile] WARNING: Unknown VALIDATION_ALG:type=2, length=0
2026-02-10 17:06:10.806 [cefgetfile] WARNING: Unknown VALIDATION_ALG:type=2, length=0
2026-02-10 17:06:10.806 [cefgetfile] WARNING: Unknown VALIDATION_ALG:type=2, length=0
2026-02-10 17:06:10.807 [cefgetfile] WARNING: Unknown VALIDATION_ALG:type=2, length=0
2026-02-10 17:06:10.807 [cefgetfile] WARNING: Unknown VALIDATION_ALG:type=2, length=0
2026-02-10 17:06:10.808 [cefgetfile] WARNING: Unknown VALIDATION_ALG:type=2, length=0
2026-02-10 17:06:10.809 [cefgetfile] WARNING: Unknown VALIDATION_ALG:type=2, length=0
2026-02-10 17:06:10.809 [cefgetfile] WARNING: Unknown VALIDATION_ALG:type=2, length=0
2026-02-10 17:06:10.810 [cefgetfile] WARNING: Unknown VALIDATION_ALG:type=2, length=0
2026-02-10 17:06:10.811 [cefgetfile] WARNING: Unknown VALIDATION_ALG:type=2, length=0
2026-02-10 17:06:10.811 [cefgetfile] WARNING: Unknown VALIDATION_ALG:type=2, length=0
2026-02-10 17:06:10.811 [cefgetfile] WARNING: Unknown VALIDATION_ALG:type=2, length=0
2026-02-10 17:06:10.812 [cefgetfile] WARNING: Unknown VALIDATION_ALG:type=2, length=0
2026-02-10 17:06:10.813 [cefgetfile] WARNING: Unknown VALIDATION_ALG:type=2, length=0
2026-02-10 17:06:10.813 [cefgetfile] WARNING: Unknown VALIDATION_ALG:type=2, length=0
2026-02-10 17:06:10.814 [cefgetfile] WARNING: Unknown VALIDATION_ALG:type=2, length=0
2026-02-10 17:06:10.815 [cefgetfile] WARNING: Unknown VALIDATION_ALG:type=2, length=0
2026-02-10 17:06:10.815 [cefgetfile] WARNING: Unknown VALIDATION_ALG:type=2, length=0
2026-02-10 17:06:10.816 [cefgetfile] WARNING: Unknown VALIDATION_ALG:type=2, length=0
2026-02-10 17:06:10.816 [cefgetfile] WARNING: Unknown VALIDATION_ALG:type=2, length=0
2026-02-10 17:06:10.817 [cefgetfile] WARNING: Unknown VALIDATION_ALG:type=2, length=0
2026-02-10 17:06:10.819 [cefgetfile] WARNING: Unknown VALIDATION_ALG:type=2, length=0
2026-02-10 17:06:10.819 [cefgetfile] WARNING: Unknown VALIDATION_ALG:type=2, length=0
2026-02-10 17:06:10.820 [cefgetfile] WARNING: Unknown VALIDATION_ALG:type=2, length=0
2026-02-10 17:06:10.820 [cefgetfile] WARNING: Unknown VALIDATION_ALG:type=2, length=0
2026-02-10 17:06:10.823 [cefgetfile] WARNING: Unknown VALIDATION_ALG:type=2, length=0
2026-02-10 17:06:10.823 [cefgetfile] WARNING: Unknown VALIDATION_ALG:type=2, length=0
2026-02-10 17:06:10.823 [cefgetfile] WARNING: Unknown VALIDATION_ALG:type=2, length=0
2026-02-10 17:06:10.823 [cefgetfile] WARNING: Unknown VALIDATION_ALG:type=2, length=0
2026-02-10 17:06:10.826 [cefgetfile] WARNING: Unknown VALIDATION_ALG:type=2, length=0
2026-02-10 17:06:10.826 [cefgetfile] WARNING: Unknown VALIDATION_ALG:type=2, length=0
2026-02-10 17:06:10.826 [cefgetfile] WARNING: Unknown VALIDATION_ALG:type=2, length=0
2026-02-10 17:06:10.827 [cefgetfile] WARNING: Unknown VALIDATION_ALG:type=2, length=0
2026-02-10 17:06:10.828 [cefgetfile] WARNING: Unknown VALIDATION_ALG:type=2, length=0
2026-02-10 17:06:10.828 [cefgetfile] WARNING: Unknown VALIDATION_ALG:type=2, length=0
2026-02-10 17:06:10.830 [cefgetfile] WARNING: Unknown VALIDATION_ALG:type=2, length=0
2026-02-10 17:06:10.830 [cefgetfile] WARNING: Unknown VALIDATION_ALG:type=2, length=0
2026-02-10 17:06:10.830 [cefgetfile] WARNING: Unknown VALIDATION_ALG:type=2, length=0
2026-02-10 17:06:10.831 [cefgetfile] WARNING: Unknown VALIDATION_ALG:type=2, length=0
2026-02-10 17:06:10.832 [cefgetfile] WARNING: Unknown VALIDATION_ALG:type=2, length=0
2026-02-10 17:06:10.833 [cefgetfile] WARNING: Unknown VALIDATION_ALG:type=2, length=0
2026-02-10 17:06:10.834 [cefgetfile] WARNING: Unknown VALIDATION_ALG:type=2, length=0
2026-02-10 17:06:10.834 [cefgetfile] WARNING: Unknown VALIDATION_ALG:type=2, length=0
2026-02-10 17:06:10.835 [cefgetfile] WARNING: Unknown VALIDATION_ALG:type=2, length=0
2026-02-10 17:06:10.836 [cefgetfile] WARNING: Unknown VALIDATION_ALG:type=2, length=0
2026-02-10 17:06:10.837 [cefgetfile] WARNING: Unknown VALIDATION_ALG:type=2, length=0
2026-02-10 17:06:10.838 [cefgetfile] WARNING: Unknown VALIDATION_ALG:type=2, length=0
2026-02-10 17:06:10.838 [cefgetfile] WARNING: Unknown VALIDATION_ALG:type=2, length=0
2026-02-10 17:06:10.839 [cefgetfile] WARNING: Unknown VALIDATION_ALG:type=2, length=0
2026-02-10 17:06:10.840 [cefgetfile] WARNING: Unknown VALIDATION_ALG:type=2, length=0
2026-02-10 17:06:10.841 [cefgetfile] WARNING: Unknown VALIDATION_ALG:type=2, length=0
2026-02-10 17:06:10.842 [cefgetfile] WARNING: Unknown VALIDATION_ALG:type=2, length=0
2026-02-10 17:06:10.843 [cefgetfile] WARNING: Unknown VALIDATION_ALG:type=2, length=0
2026-02-10 17:06:10.844 [cefgetfile] WARNING: Unknown VALIDATION_ALG:type=2, length=0
2026-02-10 17:06:10.846 [cefgetfile] WARNING: Unknown VALIDATION_ALG:type=2, length=0
2026-02-10 17:06:10.848 [cefgetfile] WARNING: Unknown VALIDATION_ALG:type=2, length=0
2026-02-10 17:06:10.851 [cefgetfile] WARNING: Unknown VALIDATION_ALG:type=2, length=0
2026-02-10 17:06:10.853 [cefgetfile] WARNING: Unknown VALIDATION_ALG:type=2, length=0
2026-02-10 17:06:10.855 [cefgetfile] WARNING: Unknown VALIDATION_ALG:type=2, length=0
2026-02-10 17:06:10.856 [cefgetfile] WARNING: Unknown VALIDATION_ALG:type=2, length=0
2026-02-10 17:06:10.857 [cefgetfile] WARNING: Unknown VALIDATION_ALG:type=2, length=0
2026-02-10 17:06:10.858 [cefgetfile] WARNING: Unknown VALIDATION_ALG:type=2, length=0
2026-02-10 17:06:10.859 [cefgetfile] WARNING: Unknown VALIDATION_ALG:type=2, length=0
2026-02-10 17:06:10.859 [cefgetfile] WARNING: Unknown VALIDATION_ALG:type=2, length=0
2026-02-10 17:06:10.860 [cefgetfile] WARNING: Unknown VALIDATION_ALG:type=2, length=0
2026-02-10 17:06:10.860 [cefgetfile] WARNING: Unknown VALIDATION_ALG:type=2, length=0
2026-02-10 17:06:10.861 [cefgetfile] WARNING: Unknown VALIDATION_ALG:type=2, length=0
2026-02-10 17:06:10.862 [cefgetfile] WARNING: Unknown VALIDATION_ALG:type=2, length=0
2026-02-10 17:06:10.862 [cefgetfile] WARNING: Unknown VALIDATION_ALG:type=2, length=0
2026-02-10 17:06:10.863 [cefgetfile] WARNING: Unknown VALIDATION_ALG:type=2, length=0
2026-02-10 17:06:10.864 [cefgetfile] WARNING: Unknown VALIDATION_ALG:type=2, length=0
2026-02-10 17:06:10.865 [cefgetfile] WARNING: Unknown VALIDATION_ALG:type=2, length=0
2026-02-10 17:06:10.865 [cefgetfile] WARNING: Unknown VALIDATION_ALG:type=2, length=0
2026-02-10 17:06:10.866 [cefgetfile] WARNING: Unknown VALIDATION_ALG:type=2, length=0
2026-02-10 17:06:10.866 [cefgetfile] WARNING: Unknown VALIDATION_ALG:type=2, length=0
2026-02-10 17:06:10.868 [cefgetfile] WARNING: Unknown VALIDATION_ALG:type=2, length=0
2026-02-10 17:06:10.868 [cefgetfile] WARNING: Unknown VALIDATION_ALG:type=2, length=0
2026-02-10 17:06:10.869 [cefgetfile] WARNING: Unknown VALIDATION_ALG:type=2, length=0
2026-02-10 17:06:10.869 [cefgetfile] WARNING: Unknown VALIDATION_ALG:type=2, length=0
2026-02-10 17:06:10.870 [cefgetfile] WARNING: Unknown VALIDATION_ALG:type=2, length=0
2026-02-10 17:06:10.872 [cefgetfile] WARNING: Unknown VALIDATION_ALG:type=2, length=0
2026-02-10 17:06:10.873 [cefgetfile] WARNING: Unknown VALIDATION_ALG:type=2, length=0
2026-02-10 17:06:10.873 [cefgetfile] WARNING: Unknown VALIDATION_ALG:type=2, length=0
2026-02-10 17:06:10.875 [cefgetfile] WARNING: Unknown VALIDATION_ALG:type=2, length=0
2026-02-10 17:06:10.876 [cefgetfile] WARNING: Unknown VALIDATION_ALG:type=2, length=0
2026-02-10 17:06:10.876 [cefgetfile] WARNING: Unknown VALIDATION_ALG:type=2, length=0
2026-02-10 17:06:10.879 [cefgetfile] WARNING: Unknown VALIDATION_ALG:type=2, length=0
2026-02-10 17:06:10.879 [cefgetfile] WARNING: Unknown VALIDATION_ALG:type=2, length=0
2026-02-10 17:06:10.880 [cefgetfile] WARNING: Unknown VALIDATION_ALG:type=2, length=0
2026-02-10 17:06:10.880 [cefgetfile] WARNING: Unknown VALIDATION_ALG:type=2, length=0
2026-02-10 17:06:10.882 [cefgetfile] WARNING: Unknown VALIDATION_ALG:type=2, length=0
2026-02-10 17:06:10.882 [cefgetfile] WARNING: Unknown VALIDATION_ALG:type=2, length=0
2026-02-10 17:06:10.883 [cefgetfile] WARNING: Unknown VALIDATION_ALG:type=2, length=0
2026-02-10 17:06:10.883 [cefgetfile] WARNING: Unknown VALIDATION_ALG:type=2, length=0
2026-02-10 17:06:10.884 [cefgetfile] WARNING: Unknown VALIDATION_ALG:type=2, length=0
2026-02-10 17:06:10.885 [cefgetfile] WARNING: Unknown VALIDATION_ALG:type=2, length=0
2026-02-10 17:06:10.885 [cefgetfile] WARNING: Unknown VALIDATION_ALG:type=2, length=0
2026-02-10 17:06:10.886 [cefgetfile] WARNING: Unknown VALIDATION_ALG:type=2, length=0
2026-02-10 17:06:10.886 [cefgetfile] WARNING: Unknown VALIDATION_ALG:type=2, length=0
2026-02-10 17:06:10.887 [cefgetfile] WARNING: Unknown VALIDATION_ALG:type=2, length=0
2026-02-10 17:06:10.887 [cefgetfile] WARNING: Unknown VALIDATION_ALG:type=2, length=0
2026-02-10 17:06:10.888 [cefgetfile] WARNING: Unknown VALIDATION_ALG:type=2, length=0
2026-02-10 17:06:10.888 [cefgetfile] WARNING: Unknown VALIDATION_ALG:type=2, length=0
2026-02-10 17:06:10.889 [cefgetfile] WARNING: Unknown VALIDATION_ALG:type=2, length=0
2026-02-10 17:06:10.890 [cefgetfile] WARNING: Unknown VALIDATION_ALG:type=2, length=0
2026-02-10 17:06:10.890 [cefgetfile] WARNING: Unknown VALIDATION_ALG:type=2, length=0
2026-02-10 17:06:10.890 [cefgetfile] WARNING: Unknown VALIDATION_ALG:type=2, length=0
2026-02-10 17:06:10.891 [cefgetfile] WARNING: Unknown VALIDATION_ALG:type=2, length=0
2026-02-10 17:06:10.891 [cefgetfile] WARNING: Unknown VALIDATION_ALG:type=2, length=0
2026-02-10 17:06:10.892 [cefgetfile] WARNING: Unknown VALIDATION_ALG:type=2, length=0
2026-02-10 17:06:10.893 [cefgetfile] WARNING: Unknown VALIDATION_ALG:type=2, length=0
2026-02-10 17:06:10.894 [cefgetfile] WARNING: Unknown VALIDATION_ALG:type=2, length=0
2026-02-10 17:06:10.894 [cefgetfile] WARNING: Unknown VALIDATION_ALG:type=2, length=0
2026-02-10 17:06:10.894 [cefgetfile] WARNING: Unknown VALIDATION_ALG:type=2, length=0
2026-02-10 17:06:10.896 [cefgetfile] WARNING: Unknown VALIDATION_ALG:type=2, length=0
2026-02-10 17:06:10.896 [cefgetfile] WARNING: Unknown VALIDATION_ALG:type=2, length=0
2026-02-10 17:06:10.896 [cefgetfile] WARNING: Unknown VALIDATION_ALG:type=2, length=0
2026-02-10 17:06:10.897 [cefgetfile] WARNING: Unknown VALIDATION_ALG:type=2, length=0
2026-02-10 17:06:10.897 [cefgetfile] WARNING: Unknown VALIDATION_ALG:type=2, length=0
2026-02-10 17:06:10.897 [cefgetfile] WARNING: Unknown VALIDATION_ALG:type=2, length=0
2026-02-10 17:06:10.898 [cefgetfile] WARNING: Unknown VALIDATION_ALG:type=2, length=0
2026-02-10 17:06:10.898 [cefgetfile] WARNING: Unknown VALIDATION_ALG:type=2, length=0
2026-02-10 17:06:10.899 [cefgetfile] WARNING: Unknown VALIDATION_ALG:type=2, length=0
2026-02-10 17:06:10.899 [cefgetfile] WARNING: Unknown VALIDATION_ALG:type=2, length=0
2026-02-10 17:06:10.900 [cefgetfile] WARNING: Unknown VALIDATION_ALG:type=2, length=0
2026-02-10 17:06:10.900 [cefgetfile] WARNING: Unknown VALIDATION_ALG:type=2, length=0
2026-02-10 17:06:10.901 [cefgetfile] WARNING: Unknown VALIDATION_ALG:type=2, length=0
2026-02-10 17:06:10.901 [cefgetfile] WARNING: Unknown VALIDATION_ALG:type=2, length=0
2026-02-10 17:06:10.901 [cefgetfile] WARNING: Unknown VALIDATION_ALG:type=2, length=0
2026-02-10 17:06:10.901 [cefgetfile] WARNING: Unknown VALIDATION_ALG:type=2, length=0
2026-02-10 17:06:10.902 [cefgetfile] WARNING: Unknown VALIDATION_ALG:type=2, length=0
2026-02-10 17:06:10.903 [cefgetfile] WARNING: Unknown VALIDATION_ALG:type=2, length=0
2026-02-10 17:06:10.903 [cefgetfile] WARNING: Unknown VALIDATION_ALG:type=2, length=0
2026-02-10 17:06:10.904 [cefgetfile] WARNING: Unknown VALIDATION_ALG:type=2, length=0
2026-02-10 17:06:10.904 [cefgetfile] WARNING: Unknown VALIDATION_ALG:type=2, length=0
2026-02-10 17:06:10.907 [cefgetfile] WARNING: Unknown VALIDATION_ALG:type=2, length=0
2026-02-10 17:06:10.907 [cefgetfile] WARNING: Unknown VALIDATION_ALG:type=2, length=0
2026-02-10 17:06:10.907 [cefgetfile] WARNING: Unknown VALIDATION_ALG:type=2, length=0
2026-02-10 17:06:10.908 [cefgetfile] WARNING: Unknown VALIDATION_ALG:type=2, length=0
2026-02-10 17:06:10.910 [cefgetfile] WARNING: Unknown VALIDATION_ALG:type=2, length=0
2026-02-10 17:06:10.910 [cefgetfile] WARNING: Unknown VALIDATION_ALG:type=2, length=0
2026-02-10 17:06:10.910 [cefgetfile] WARNING: Unknown VALIDATION_ALG:type=2, length=0
2026-02-10 17:06:10.911 [cefgetfile] WARNING: Unknown VALIDATION_ALG:type=2, length=0
2026-02-10 17:06:10.913 [cefgetfile] WARNING: Unknown VALIDATION_ALG:type=2, length=0
2026-02-10 17:06:10.913 [cefgetfile] WARNING: Unknown VALIDATION_ALG:type=2, length=0
2026-02-10 17:06:10.914 [cefgetfile] WARNING: Unknown VALIDATION_ALG:type=2, length=0
2026-02-10 17:06:10.915 [cefgetfile] WARNING: Unknown VALIDATION_ALG:type=2, length=0
2026-02-10 17:06:10.916 [cefgetfile] WARNING: Unknown VALIDATION_ALG:type=2, length=0
2026-02-10 17:06:10.916 [cefgetfile] WARNING: Unknown VALIDATION_ALG:type=2, length=0
2026-02-10 17:06:10.919 [cefgetfile] WARNING: Unknown VALIDATION_ALG:type=2, length=0
2026-02-10 17:06:10.919 [cefgetfile] WARNING: Unknown VALIDATION_ALG:type=2, length=0
2026-02-10 17:06:10.919 [cefgetfile] WARNING: Unknown VALIDATION_ALG:type=2, length=0
2026-02-10 17:06:10.920 [cefgetfile] WARNING: Unknown VALIDATION_ALG:type=2, length=0
2026-02-10 17:06:10.921 [cefgetfile] WARNING: Unknown VALIDATION_ALG:type=2, length=0
2026-02-10 17:06:10.922 [cefgetfile] WARNING: Unknown VALIDATION_ALG:type=2, length=0
2026-02-10 17:06:10.922 [cefgetfile] WARNING: Unknown VALIDATION_ALG:type=2, length=0
2026-02-10 17:06:10.922 [cefgetfile] WARNING: Unknown VALIDATION_ALG:type=2, length=0
2026-02-10 17:06:10.923 [cefgetfile] WARNING: Unknown VALIDATION_ALG:type=2, length=0
2026-02-10 17:06:10.924 [cefgetfile] WARNING: Unknown VALIDATION_ALG:type=2, length=0
2026-02-10 17:06:10.924 [cefgetfile] WARNING: Unknown VALIDATION_ALG:type=2, length=0
2026-02-10 17:06:10.925 [cefgetfile] WARNING: Unknown VALIDATION_ALG:type=2, length=0
2026-02-10 17:06:10.925 [cefgetfile] WARNING: Unknown VALIDATION_ALG:type=2, length=0
2026-02-10 17:06:10.926 [cefgetfile] WARNING: Unknown VALIDATION_ALG:type=2, length=0
2026-02-10 17:06:10.926 [cefgetfile] WARNING: Unknown VALIDATION_ALG:type=2, length=0
2026-02-10 17:06:10.927 [cefgetfile] WARNING: Unknown VALIDATION_ALG:type=2, length=0
2026-02-10 17:06:10.928 [cefgetfile] WARNING: Unknown VALIDATION_ALG:type=2, length=0
2026-02-10 17:06:10.928 [cefgetfile] WARNING: Unknown VALIDATION_ALG:type=2, length=0
2026-02-10 17:06:10.928 [cefgetfile] WARNING: Unknown VALIDATION_ALG:type=2, length=0
2026-02-10 17:06:10.929 [cefgetfile] WARNING: Unknown VALIDATION_ALG:type=2, length=0
2026-02-10 17:06:10.930 [cefgetfile] WARNING: Unknown VALIDATION_ALG:type=2, length=0
2026-02-10 17:06:10.930 [cefgetfile] WARNING: Unknown VALIDATION_ALG:type=2, length=0
2026-02-10 17:06:10.930 [cefgetfile] WARNING: Unknown VALIDATION_ALG:type=2, length=0
2026-02-10 17:06:10.931 [cefgetfile] WARNING: Unknown VALIDATION_ALG:type=2, length=0
2026-02-10 17:06:10.932 [cefgetfile] WARNING: Unknown VALIDATION_ALG:type=2, length=0
2026-02-10 17:06:10.932 [cefgetfile] WARNING: Unknown VALIDATION_ALG:type=2, length=0
2026-02-10 17:06:10.932 [cefgetfile] WARNING: Unknown VALIDATION_ALG:type=2, length=0
2026-02-10 17:06:10.932 [cefgetfile] WARNING: Unknown VALIDATION_ALG:type=2, length=0
2026-02-10 17:06:10.933 [cefgetfile] WARNING: Unknown VALIDATION_ALG:type=2, length=0
2026-02-10 17:06:10.934 [cefgetfile] WARNING: Unknown VALIDATION_ALG:type=2, length=0
2026-02-10 17:06:10.934 [cefgetfile] WARNING: Unknown VALIDATION_ALG:type=2, length=0
2026-02-10 17:06:10.934 [cefgetfile] WARNING: Unknown VALIDATION_ALG:type=2, length=0
2026-02-10 17:06:10.936 [cefgetfile] WARNING: Unknown VALIDATION_ALG:type=2, length=0
2026-02-10 17:06:10.937 [cefgetfile] WARNING: Unknown VALIDATION_ALG:type=2, length=0
2026-02-10 17:06:10.937 [cefgetfile] WARNING: Unknown VALIDATION_ALG:type=2, length=0
2026-02-10 17:06:10.938 [cefgetfile] WARNING: Unknown VALIDATION_ALG:type=2, length=0
2026-02-10 17:06:10.938 [cefgetfile] WARNING: Unknown VALIDATION_ALG:type=2, length=0
2026-02-10 17:06:10.939 [cefgetfile] WARNING: Unknown VALIDATION_ALG:type=2, length=0
2026-02-10 17:06:10.939 [cefgetfile] WARNING: Unknown VALIDATION_ALG:type=2, length=0
2026-02-10 17:06:10.941 [cefgetfile] WARNING: Unknown VALIDATION_ALG:type=2, length=0
2026-02-10 17:06:10.942 [cefgetfile] WARNING: Unknown VALIDATION_ALG:type=2, length=0
2026-02-10 17:06:10.943 [cefgetfile] WARNING: Unknown VALIDATION_ALG:type=2, length=0
2026-02-10 17:06:10.943 [cefgetfile] WARNING: Unknown VALIDATION_ALG:type=2, length=0
2026-02-10 17:06:10.944 [cefgetfile] WARNING: Unknown VALIDATION_ALG:type=2, length=0
2026-02-10 17:06:10.944 [cefgetfile] WARNING: Unknown VALIDATION_ALG:type=2, length=0
2026-02-10 17:06:10.946 [cefgetfile] WARNING: Unknown VALIDATION_ALG:type=2, length=0
2026-02-10 17:06:10.946 [cefgetfile] WARNING: Unknown VALIDATION_ALG:type=2, length=0
2026-02-10 17:06:10.947 [cefgetfile] WARNING: Unknown VALIDATION_ALG:type=2, length=0
2026-02-10 17:06:10.947 [cefgetfile] WARNING: Unknown VALIDATION_ALG:type=2, length=0
2026-02-10 17:06:10.948 [cefgetfile] WARNING: Unknown VALIDATION_ALG:type=2, length=0
2026-02-10 17:06:10.949 [cefgetfile] WARNING: Unknown VALIDATION_ALG:type=2, length=0
2026-02-10 17:06:10.949 [cefgetfile] WARNING: Unknown VALIDATION_ALG:type=2, length=0
2026-02-10 17:06:10.951 [cefgetfile] WARNING: Unknown VALIDATION_ALG:type=2, length=0
2026-02-10 17:06:10.952 [cefgetfile] WARNING: Unknown VALIDATION_ALG:type=2, length=0
2026-02-10 17:06:10.952 [cefgetfile] WARNING: Unknown VALIDATION_ALG:type=2, length=0
2026-02-10 17:06:10.952 [cefgetfile] WARNING: Unknown VALIDATION_ALG:type=2, length=0
2026-02-10 17:06:10.952 [cefgetfile] WARNING: Unknown VALIDATION_ALG:type=2, length=0
2026-02-10 17:06:10.954 [cefgetfile] WARNING: Unknown VALIDATION_ALG:type=2, length=0
2026-02-10 17:06:10.955 [cefgetfile] WARNING: Unknown VALIDATION_ALG:type=2, length=0
2026-02-10 17:06:10.955 [cefgetfile] WARNING: Unknown VALIDATION_ALG:type=2, length=0
2026-02-10 17:06:10.958 [cefgetfile] WARNING: Unknown VALIDATION_ALG:type=2, length=0
2026-02-10 17:06:10.958 [cefgetfile] WARNING: Unknown VALIDATION_ALG:type=2, length=0
2026-02-10 17:06:10.958 [cefgetfile] WARNING: Unknown VALIDATION_ALG:type=2, length=0
2026-02-10 17:06:10.958 [cefgetfile] WARNING: Unknown VALIDATION_ALG:type=2, length=0
2026-02-10 17:06:10.960 [cefgetfile] WARNING: Unknown VALIDATION_ALG:type=2, length=0
2026-02-10 17:06:10.960 [cefgetfile] WARNING: Unknown VALIDATION_ALG:type=2, length=0
2026-02-10 17:06:10.960 [cefgetfile] WARNING: Unknown VALIDATION_ALG:type=2, length=0
2026-02-10 17:06:10.962 [cefgetfile] WARNING: Unknown VALIDATION_ALG:type=2, length=0
2026-02-10 17:06:10.962 [cefgetfile] WARNING: Unknown VALIDATION_ALG:type=2, length=0
2026-02-10 17:06:10.962 [cefgetfile] WARNING: Unknown VALIDATION_ALG:type=2, length=0
2026-02-10 17:06:10.963 [cefgetfile] WARNING: Unknown VALIDATION_ALG:type=2, length=0
2026-02-10 17:06:10.964 [cefgetfile] WARNING: Unknown VALIDATION_ALG:type=2, length=0
2026-02-10 17:06:10.965 [cefgetfile] WARNING: Unknown VALIDATION_ALG:type=2, length=0
2026-02-10 17:06:10.965 [cefgetfile] WARNING: Unknown VALIDATION_ALG:type=2, length=0
2026-02-10 17:06:10.965 [cefgetfile] WARNING: Unknown VALIDATION_ALG:type=2, length=0
2026-02-10 17:06:10.966 [cefgetfile] WARNING: Unknown VALIDATION_ALG:type=2, length=0
2026-02-10 17:06:10.967 [cefgetfile] WARNING: Unknown VALIDATION_ALG:type=2, length=0
2026-02-10 17:06:10.968 [cefgetfile] WARNING: Unknown VALIDATION_ALG:type=2, length=0
2026-02-10 17:06:10.969 [cefgetfile] WARNING: Unknown VALIDATION_ALG:type=2, length=0
2026-02-10 17:06:10.969 [cefgetfile] WARNING: Unknown VALIDATION_ALG:type=2, length=0
2026-02-10 17:06:10.969 [cefgetfile] WARNING: Unknown VALIDATION_ALG:type=2, length=0
2026-02-10 17:06:10.970 [cefgetfile] WARNING: Unknown VALIDATION_ALG:type=2, length=0
2026-02-10 17:06:10.971 [cefgetfile] WARNING: Unknown VALIDATION_ALG:type=2, length=0
2026-02-10 17:06:10.971 [cefgetfile] WARNING: Unknown VALIDATION_ALG:type=2, length=0
2026-02-10 17:06:10.971 [cefgetfile] WARNING: Unknown VALIDATION_ALG:type=2, length=0
2026-02-10 17:06:10.972 [cefgetfile] WARNING: Unknown VALIDATION_ALG:type=2, length=0
2026-02-10 17:06:10.973 [cefgetfile] WARNING: Unknown VALIDATION_ALG:type=2, length=0
2026-02-10 17:06:10.973 [cefgetfile] WARNING: Unknown VALIDATION_ALG:type=2, length=0
2026-02-10 17:06:10.974 [cefgetfile] WARNING: Unknown VALIDATION_ALG:type=2, length=0
2026-02-10 17:06:10.974 [cefgetfile] WARNING: Unknown VALIDATION_ALG:type=2, length=0
2026-02-10 17:06:10.975 [cefgetfile] WARNING: Unknown VALIDATION_ALG:type=2, length=0
2026-02-10 17:06:10.976 [cefgetfile] WARNING: Unknown VALIDATION_ALG:type=2, length=0
2026-02-10 17:06:10.976 [cefgetfile] WARNING: Unknown VALIDATION_ALG:type=2, length=0
2026-02-10 17:06:10.977 [cefgetfile] WARNING: Unknown VALIDATION_ALG:type=2, length=0
2026-02-10 17:06:10.978 [cefgetfile] WARNING: Unknown VALIDATION_ALG:type=2, length=0
2026-02-10 17:06:10.978 [cefgetfile] WARNING: Unknown VALIDATION_ALG:type=2, length=0
2026-02-10 17:06:10.979 [cefgetfile] WARNING: Unknown VALIDATION_ALG:type=2, length=0
2026-02-10 17:06:10.980 [cefgetfile] WARNING: Unknown VALIDATION_ALG:type=2, length=0
2026-02-10 17:06:10.981 [cefgetfile] WARNING: Unknown VALIDATION_ALG:type=2, length=0
2026-02-10 17:06:10.982 [cefgetfile] WARNING: Unknown VALIDATION_ALG:type=2, length=0
2026-02-10 17:06:10.982 [cefgetfile] WARNING: Unknown VALIDATION_ALG:type=2, length=0
2026-02-10 17:06:10.984 [cefgetfile] WARNING: Unknown VALIDATION_ALG:type=2, length=0
2026-02-10 17:06:10.986 [cefgetfile] WARNING: Unknown VALIDATION_ALG:type=2, length=0
2026-02-10 17:06:10.986 [cefgetfile] WARNING: Unknown VALIDATION_ALG:type=2, length=0
2026-02-10 17:06:10.987 [cefgetfile] WARNING: Unknown VALIDATION_ALG:type=2, length=0
2026-02-10 17:06:10.989 [cefgetfile] WARNING: Unknown VALIDATION_ALG:type=2, length=0
2026-02-10 17:06:10.990 [cefgetfile] WARNING: Unknown VALIDATION_ALG:type=2, length=0
2026-02-10 17:06:10.990 [cefgetfile] WARNING: Unknown VALIDATION_ALG:type=2, length=0
2026-02-10 17:06:10.990 [cefgetfile] WARNING: Unknown VALIDATION_ALG:type=2, length=0
2026-02-10 17:06:10.993 [cefgetfile] WARNING: Unknown VALIDATION_ALG:type=2, length=0
2026-02-10 17:06:10.993 [cefgetfile] WARNING: Unknown VALIDATION_ALG:type=2, length=0
2026-02-10 17:06:10.993 [cefgetfile] WARNING: Unknown VALIDATION_ALG:type=2, length=0
2026-02-10 17:06:10.994 [cefgetfile] WARNING: Unknown VALIDATION_ALG:type=2, length=0
2026-02-10 17:06:10.996 [cefgetfile] WARNING: Unknown VALIDATION_ALG:type=2, length=0
2026-02-10 17:06:10.996 [cefgetfile] WARNING: Unknown VALIDATION_ALG:type=2, length=0
2026-02-10 17:06:10.997 [cefgetfile] WARNING: Unknown VALIDATION_ALG:type=2, length=0
2026-02-10 17:06:10.997 [cefgetfile] WARNING: Unknown VALIDATION_ALG:type=2, length=0
2026-02-10 17:06:10.998 [cefgetfile] WARNING: Unknown VALIDATION_ALG:type=2, length=0
2026-02-10 17:06:10.999 [cefgetfile] WARNING: Unknown VALIDATION_ALG:type=2, length=0
2026-02-10 17:06:10.999 [cefgetfile] WARNING: Unknown VALIDATION_ALG:type=2, length=0
2026-02-10 17:06:10.000 [cefgetfile] WARNING: Unknown VALIDATION_ALG:type=2, length=0
2026-02-10 17:06:10.000 [cefgetfile] WARNING: Unknown VALIDATION_ALG:type=2, length=0
2026-02-10 17:06:10.000 [cefgetfile] WARNING: Unknown VALIDATION_ALG:type=2, length=0
2026-02-10 17:06:11.002 [cefgetfile] WARNING: Unknown VALIDATION_ALG:type=2, length=0
2026-02-10 17:06:11.003 [cefgetfile] WARNING: Unknown VALIDATION_ALG:type=2, length=0
2026-02-10 17:06:11.003 [cefgetfile] WARNING: Unknown VALIDATION_ALG:type=2, length=0
2026-02-10 17:06:11.003 [cefgetfile] WARNING: Unknown VALIDATION_ALG:type=2, length=0
2026-02-10 17:06:11.003 [cefgetfile] WARNING: Unknown VALIDATION_ALG:type=2, length=0
2026-02-10 17:06:11.005 [cefgetfile] WARNING: Unknown VALIDATION_ALG:type=2, length=0
2026-02-10 17:06:11.006 [cefgetfile] WARNING: Unknown VALIDATION_ALG:type=2, length=0
2026-02-10 17:06:11.006 [cefgetfile] WARNING: Unknown VALIDATION_ALG:type=2, length=0
2026-02-10 17:06:11.006 [cefgetfile] WARNING: Unknown VALIDATION_ALG:type=2, length=0
2026-02-10 17:06:11.008 [cefgetfile] WARNING: Unknown VALIDATION_ALG:type=2, length=0
2026-02-10 17:06:11.008 [cefgetfile] WARNING: Unknown VALIDATION_ALG:type=2, length=0
2026-02-10 17:06:11.009 [cefgetfile] WARNING: Unknown VALIDATION_ALG:type=2, length=0
2026-02-10 17:06:11.010 [cefgetfile] WARNING: Unknown VALIDATION_ALG:type=2, length=0
2026-02-10 17:06:11.010 [cefgetfile] WARNING: Unknown VALIDATION_ALG:type=2, length=0
2026-02-10 17:06:11.012 [cefgetfile] WARNING: Unknown VALIDATION_ALG:type=2, length=0
2026-02-10 17:06:11.012 [cefgetfile] WARNING: Unknown VALIDATION_ALG:type=2, length=0
2026-02-10 17:06:11.013 [cefgetfile] WARNING: Unknown VALIDATION_ALG:type=2, length=0
2026-02-10 17:06:11.015 [cefgetfile] WARNING: Unknown VALIDATION_ALG:type=2, length=0
2026-02-10 17:06:11.016 [cefgetfile] WARNING: Unknown VALIDATION_ALG:type=2, length=0
2026-02-10 17:06:11.017 [cefgetfile] WARNING: Unknown VALIDATION_ALG:type=2, length=0
2026-02-10 17:06:11.018 [cefgetfile] WARNING: Unknown VALIDATION_ALG:type=2, length=0
2026-02-10 17:06:11.019 [cefgetfile] WARNING: Unknown VALIDATION_ALG:type=2, length=0
2026-02-10 17:06:11.020 [cefgetfile] WARNING: Unknown VALIDATION_ALG:type=2, length=0
2026-02-10 17:06:11.021 [cefgetfile] WARNING: Unknown VALIDATION_ALG:type=2, length=0
2026-02-10 17:06:11.021 [cefgetfile] WARNING: Unknown VALIDATION_ALG:type=2, length=0
2026-02-10 17:06:11.022 [cefgetfile] WARNING: Unknown VALIDATION_ALG:type=2, length=0
2026-02-10 17:06:11.023 [cefgetfile] WARNING: Unknown VALIDATION_ALG:type=2, length=0
2026-02-10 17:06:11.024 [cefgetfile] WARNING: Unknown VALIDATION_ALG:type=2, length=0
2026-02-10 17:06:11.025 [cefgetfile] WARNING: Unknown VALIDATION_ALG:type=2, length=0
2026-02-10 17:06:11.025 [cefgetfile] WARNING: Unknown VALIDATION_ALG:type=2, length=0
2026-02-10 17:06:11.027 [cefgetfile] WARNING: Unknown VALIDATION_ALG:type=2, length=0
2026-02-10 17:06:11.027 [cefgetfile] WARNING: Unknown VALIDATION_ALG:type=2, length=0
2026-02-10 17:06:11.027 [cefgetfile] WARNING: Unknown VALIDATION_ALG:type=2, length=0
2026-02-10 17:06:11.028 [cefgetfile] WARNING: Unknown VALIDATION_ALG:type=2, length=0
2026-02-10 17:06:11.030 [cefgetfile] WARNING: Unknown VALIDATION_ALG:type=2, length=0
2026-02-10 17:06:11.030 [cefgetfile] WARNING: Unknown VALIDATION_ALG:type=2, length=0
2026-02-10 17:06:11.031 [cefgetfile] WARNING: Unknown VALIDATION_ALG:type=2, length=0
2026-02-10 17:06:11.032 [cefgetfile] WARNING: Unknown VALIDATION_ALG:type=2, length=0
2026-02-10 17:06:11.032 [cefgetfile] WARNING: Unknown VALIDATION_ALG:type=2, length=0
2026-02-10 17:06:11.032 [cefgetfile] WARNING: Unknown VALIDATION_ALG:type=2, length=0
2026-02-10 17:06:11.034 [cefgetfile] WARNING: Unknown VALIDATION_ALG:type=2, length=0
2026-02-10 17:06:11.034 [cefgetfile] WARNING: Unknown VALIDATION_ALG:type=2, length=0
2026-02-10 17:06:11.034 [cefgetfile] WARNING: Unknown VALIDATION_ALG:type=2, length=0
2026-02-10 17:06:11.035 [cefgetfile] WARNING: Unknown VALIDATION_ALG:type=2, length=0
2026-02-10 17:06:11.036 [cefgetfile] WARNING: Unknown VALIDATION_ALG:type=2, length=0
2026-02-10 17:06:11.037 [cefgetfile] WARNING: Unknown VALIDATION_ALG:type=2, length=0
2026-02-10 17:06:11.037 [cefgetfile] WARNING: Unknown VALIDATION_ALG:type=2, length=0
2026-02-10 17:06:11.038 [cefgetfile] WARNING: Unknown VALIDATION_ALG:type=2, length=0
2026-02-10 17:06:11.039 [cefgetfile] WARNING: Unknown VALIDATION_ALG:type=2, length=0
2026-02-10 17:06:11.039 [cefgetfile] WARNING: Unknown VALIDATION_ALG:type=2, length=0
2026-02-10 17:06:11.040 [cefgetfile] WARNING: Unknown VALIDATION_ALG:type=2, length=0
2026-02-10 17:06:11.041 [cefgetfile] WARNING: Unknown VALIDATION_ALG:type=2, length=0
2026-02-10 17:06:11.041 [cefgetfile] WARNING: Unknown VALIDATION_ALG:type=2, length=0
2026-02-10 17:06:11.042 [cefgetfile] WARNING: Unknown VALIDATION_ALG:type=2, length=0
2026-02-10 17:06:11.043 [cefgetfile] WARNING: Unknown VALIDATION_ALG:type=2, length=0
2026-02-10 17:06:11.043 [cefgetfile] WARNING: Unknown VALIDATION_ALG:type=2, length=0
2026-02-10 17:06:11.043 [cefgetfile] WARNING: Unknown VALIDATION_ALG:type=2, length=0
2026-02-10 17:06:11.044 [cefgetfile] WARNING: Unknown VALIDATION_ALG:type=2, length=0
2026-02-10 17:06:11.045 [cefgetfile] WARNING: Unknown VALIDATION_ALG:type=2, length=0
2026-02-10 17:06:11.045 [cefgetfile] WARNING: Unknown VALIDATION_ALG:type=2, length=0
2026-02-10 17:06:11.045 [cefgetfile] WARNING: Unknown VALIDATION_ALG:type=2, length=0
2026-02-10 17:06:11.047 [cefgetfile] WARNING: Unknown VALIDATION_ALG:type=2, length=0
2026-02-10 17:06:11.047 [cefgetfile] WARNING: Unknown VALIDATION_ALG:type=2, length=0
2026-02-10 17:06:11.047 [cefgetfile] WARNING: Unknown VALIDATION_ALG:type=2, length=0
2026-02-10 17:06:11.048 [cefgetfile] WARNING: Unknown VALIDATION_ALG:type=2, length=0
2026-02-10 17:06:11.049 [cefgetfile] WARNING: Unknown VALIDATION_ALG:type=2, length=0
2026-02-10 17:06:11.050 [cefgetfile] WARNING: Unknown VALIDATION_ALG:type=2, length=0
2026-02-10 17:06:11.053 [cefgetfile] WARNING: Unknown VALIDATION_ALG:type=2, length=0
2026-02-10 17:06:11.053 [cefgetfile] WARNING: Unknown VALIDATION_ALG:type=2, length=0
2026-02-10 17:06:11.053 [cefgetfile] WARNING: Unknown VALIDATION_ALG:type=2, length=0
2026-02-10 17:06:11.053 [cefgetfile] WARNING: Unknown VALIDATION_ALG:type=2, length=0
2026-02-10 17:06:11.054 [cefgetfile] WARNING: Unknown VALIDATION_ALG:type=2, length=0
2026-02-10 17:06:11.055 [cefgetfile] WARNING: Unknown VALIDATION_ALG:type=2, length=0
2026-02-10 17:06:11.055 [cefgetfile] WARNING: Unknown VALIDATION_ALG:type=2, length=0
2026-02-10 17:06:11.055 [cefgetfile] WARNING: Unknown VALIDATION_ALG:type=2, length=0
2026-02-10 17:06:11.057 [cefgetfile] WARNING: Unknown VALIDATION_ALG:type=2, length=0
2026-02-10 17:06:11.058 [cefgetfile] WARNING: Unknown VALIDATION_ALG:type=2, length=0
2026-02-10 17:06:11.058 [cefgetfile] WARNING: Unknown VALIDATION_ALG:type=2, length=0
2026-02-10 17:06:11.058 [cefgetfile] WARNING: Unknown VALIDATION_ALG:type=2, length=0
2026-02-10 17:06:11.060 [cefgetfile] WARNING: Unknown VALIDATION_ALG:type=2, length=0
2026-02-10 17:06:11.060 [cefgetfile] WARNING: Unknown VALIDATION_ALG:type=2, length=0
2026-02-10 17:06:11.061 [cefgetfile] WARNING: Unknown VALIDATION_ALG:type=2, length=0
2026-02-10 17:06:11.061 [cefgetfile] WARNING: Unknown VALIDATION_ALG:type=2, length=0
2026-02-10 17:06:11.062 [cefgetfile] WARNING: Unknown VALIDATION_ALG:type=2, length=0
2026-02-10 17:06:11.063 [cefgetfile] WARNING: Unknown VALIDATION_ALG:type=2, length=0
2026-02-10 17:06:11.063 [cefgetfile] WARNING: Unknown VALIDATION_ALG:type=2, length=0
2026-02-10 17:06:11.065 [cefgetfile] WARNING: Unknown VALIDATION_ALG:type=2, length=0
2026-02-10 17:06:11.065 [cefgetfile] WARNING: Unknown VALIDATION_ALG:type=2, length=0
2026-02-10 17:06:11.066 [cefgetfile] WARNING: Unknown VALIDATION_ALG:type=2, length=0
2026-02-10 17:06:11.067 [cefgetfile] WARNING: Unknown VALIDATION_ALG:type=2, length=0
2026-02-10 17:06:11.067 [cefgetfile] WARNING: Unknown VALIDATION_ALG:type=2, length=0
2026-02-10 17:06:11.067 [cefgetfile] WARNING: Unknown VALIDATION_ALG:type=2, length=0
2026-02-10 17:06:11.069 [cefgetfile] WARNING: Unknown VALIDATION_ALG:type=2, length=0
2026-02-10 17:06:11.069 [cefgetfile] WARNING: Unknown VALIDATION_ALG:type=2, length=0
2026-02-10 17:06:11.070 [cefgetfile] WARNING: Unknown VALIDATION_ALG:type=2, length=0
2026-02-10 17:06:11.070 [cefgetfile] WARNING: Unknown VALIDATION_ALG:type=2, length=0
2026-02-10 17:06:11.072 [cefgetfile] WARNING: Unknown VALIDATION_ALG:type=2, length=0
2026-02-10 17:06:11.073 [cefgetfile] WARNING: Unknown VALIDATION_ALG:type=2, length=0
2026-02-10 17:06:11.073 [cefgetfile] WARNING: Unknown VALIDATION_ALG:type=2, length=0
2026-02-10 17:06:11.073 [cefgetfile] WARNING: Unknown VALIDATION_ALG:type=2, length=0
2026-02-10 17:06:11.074 [cefgetfile] WARNING: Unknown VALIDATION_ALG:type=2, length=0
2026-02-10 17:06:11.075 [cefgetfile] WARNING: Unknown VALIDATION_ALG:type=2, length=0
2026-02-10 17:06:11.076 [cefgetfile] WARNING: Unknown VALIDATION_ALG:type=2, length=0
2026-02-10 17:06:11.076 [cefgetfile] WARNING: Unknown VALIDATION_ALG:type=2, length=0
2026-02-10 17:06:11.077 [cefgetfile] WARNING: Unknown VALIDATION_ALG:type=2, length=0
2026-02-10 17:06:11.078 [cefgetfile] WARNING: Unknown VALIDATION_ALG:type=2, length=0
2026-02-10 17:06:11.080 [cefgetfile] WARNING: Unknown VALIDATION_ALG:type=2, length=0
2026-02-10 17:06:11.080 [cefgetfile] WARNING: Unknown VALIDATION_ALG:type=2, length=0
2026-02-10 17:06:11.081 [cefgetfile] WARNING: Unknown VALIDATION_ALG:type=2, length=0
2026-02-10 17:06:11.081 [cefgetfile] WARNING: Unknown VALIDATION_ALG:type=2, length=0
2026-02-10 17:06:11.083 [cefgetfile] WARNING: Unknown VALIDATION_ALG:type=2, length=0
2026-02-10 17:06:11.084 [cefgetfile] WARNING: Unknown VALIDATION_ALG:type=2, length=0
2026-02-10 17:06:11.084 [cefgetfile] WARNING: Unknown VALIDATION_ALG:type=2, length=0
2026-02-10 17:06:11.087 [cefgetfile] WARNING: Unknown VALIDATION_ALG:type=2, length=0
2026-02-10 17:06:11.087 [cefgetfile] WARNING: Unknown VALIDATION_ALG:type=2, length=0
2026-02-10 17:06:11.087 [cefgetfile] WARNING: Unknown VALIDATION_ALG:type=2, length=0
2026-02-10 17:06:11.088 [cefgetfile] WARNING: Unknown VALIDATION_ALG:type=2, length=0
2026-02-10 17:06:11.090 [cefgetfile] WARNING: Unknown VALIDATION_ALG:type=2, length=0
2026-02-10 17:06:11.091 [cefgetfile] WARNING: Unknown VALIDATION_ALG:type=2, length=0
2026-02-10 17:06:11.091 [cefgetfile] WARNING: Unknown VALIDATION_ALG:type=2, length=0
2026-02-10 17:06:11.091 [cefgetfile] WARNING: Unknown VALIDATION_ALG:type=2, length=0
2026-02-10 17:06:11.092 [cefgetfile] WARNING: Unknown VALIDATION_ALG:type=2, length=0
2026-02-10 17:06:11.093 [cefgetfile] WARNING: Unknown VALIDATION_ALG:type=2, length=0
2026-02-10 17:06:11.094 [cefgetfile] WARNING: Unknown VALIDATION_ALG:type=2, length=0
2026-02-10 17:06:11.094 [cefgetfile] WARNING: Unknown VALIDATION_ALG:type=2, length=0
2026-02-10 17:06:11.097 [cefgetfile] WARNING: Unknown VALIDATION_ALG:type=2, length=0
2026-02-10 17:06:11.097 [cefgetfile] WARNING: Unknown VALIDATION_ALG:type=2, length=0
2026-02-10 17:06:11.097 [cefgetfile] WARNING: Unknown VALIDATION_ALG:type=2, length=0
2026-02-10 17:06:11.098 [cefgetfile] WARNING: Unknown VALIDATION_ALG:type=2, length=0
2026-02-10 17:06:11.100 [cefgetfile] WARNING: Unknown VALIDATION_ALG:type=2, length=0
2026-02-10 17:06:11.100 [cefgetfile] WARNING: Unknown VALIDATION_ALG:type=2, length=0
2026-02-10 17:06:11.100 [cefgetfile] WARNING: Unknown VALIDATION_ALG:type=2, length=0
2026-02-10 17:06:11.101 [cefgetfile] WARNING: Unknown VALIDATION_ALG:type=2, length=0
2026-02-10 17:06:11.102 [cefgetfile] WARNING: Unknown VALIDATION_ALG:type=2, length=0
2026-02-10 17:06:11.103 [cefgetfile] WARNING: Unknown VALIDATION_ALG:type=2, length=0
2026-02-10 17:06:11.103 [cefgetfile] WARNING: Unknown VALIDATION_ALG:type=2, length=0
2026-02-10 17:06:11.105 [cefgetfile] WARNING: Unknown VALIDATION_ALG:type=2, length=0
2026-02-10 17:06:11.105 [cefgetfile] WARNING: Unknown VALIDATION_ALG:type=2, length=0
2026-02-10 17:06:11.106 [cefgetfile] WARNING: Unknown VALIDATION_ALG:type=2, length=0
2026-02-10 17:06:11.107 [cefgetfile] WARNING: Unknown VALIDATION_ALG:type=2, length=0
2026-02-10 17:06:11.107 [cefgetfile] WARNING: Unknown VALIDATION_ALG:type=2, length=0
2026-02-10 17:06:11.107 [cefgetfile] WARNING: Unknown VALIDATION_ALG:type=2, length=0
2026-02-10 17:06:11.109 [cefgetfile] WARNING: Unknown VALIDATION_ALG:type=2, length=0
2026-02-10 17:06:11.109 [cefgetfile] WARNING: Unknown VALIDATION_ALG:type=2, length=0
2026-02-10 17:06:11.109 [cefgetfile] WARNING: Unknown VALIDATION_ALG:type=2, length=0
2026-02-10 17:06:11.110 [cefgetfile] WARNING: Unknown VALIDATION_ALG:type=2, length=0
2026-02-10 17:06:11.111 [cefgetfile] WARNING: Unknown VALIDATION_ALG:type=2, length=0
2026-02-10 17:06:11.111 [cefgetfile] WARNING: Unknown VALIDATION_ALG:type=2, length=0
2026-02-10 17:06:11.113 [cefgetfile] WARNING: Unknown VALIDATION_ALG:type=2, length=0
2026-02-10 17:06:11.113 [cefgetfile] WARNING: Unknown VALIDATION_ALG:type=2, length=0
2026-02-10 17:06:11.113 [cefgetfile] WARNING: Unknown VALIDATION_ALG:type=2, length=0
2026-02-10 17:06:11.114 [cefgetfile] WARNING: Unknown VALIDATION_ALG:type=2, length=0
2026-02-10 17:06:11.115 [cefgetfile] WARNING: Unknown VALIDATION_ALG:type=2, length=0
2026-02-10 17:06:11.115 [cefgetfile] WARNING: Unknown VALIDATION_ALG:type=2, length=0
2026-02-10 17:06:11.116 [cefgetfile] WARNING: Unknown VALIDATION_ALG:type=2, length=0
2026-02-10 17:06:11.116 [cefgetfile] WARNING: Unknown VALIDATION_ALG:type=2, length=0
2026-02-10 17:06:11.118 [cefgetfile] WARNING: Unknown VALIDATION_ALG:type=2, length=0
2026-02-10 17:06:11.118 [cefgetfile] WARNING: Unknown VALIDATION_ALG:type=2, length=0
2026-02-10 17:06:11.118 [cefgetfile] WARNING: Unknown VALIDATION_ALG:type=2, length=0
2026-02-10 17:06:11.119 [cefgetfile] WARNING: Unknown VALIDATION_ALG:type=2, length=0
2026-02-10 17:06:11.121 [cefgetfile] WARNING: Unknown VALIDATION_ALG:type=2, length=0
2026-02-10 17:06:11.122 [cefgetfile] WARNING: Unknown VALIDATION_ALG:type=2, length=0
2026-02-10 17:06:11.122 [cefgetfile] WARNING: Unknown VALIDATION_ALG:type=2, length=0
2026-02-10 17:06:11.123 [cefgetfile] WARNING: Unknown VALIDATION_ALG:type=2, length=0
2026-02-10 17:06:11.126 [cefgetfile] WARNING: Unknown VALIDATION_ALG:type=2, length=0
2026-02-10 17:06:11.126 [cefgetfile] WARNING: Unknown VALIDATION_ALG:type=2, length=0
2026-02-10 17:06:11.126 [cefgetfile] WARNING: Unknown VALIDATION_ALG:type=2, length=0
2026-02-10 17:06:11.127 [cefgetfile] WARNING: Unknown VALIDATION_ALG:type=2, length=0
2026-02-10 17:06:11.129 [cefgetfile] WARNING: Unknown VALIDATION_ALG:type=2, length=0
2026-02-10 17:06:11.129 [cefgetfile] WARNING: Unknown VALIDATION_ALG:type=2, length=0
2026-02-10 17:06:11.129 [cefgetfile] WARNING: Unknown VALIDATION_ALG:type=2, length=0
2026-02-10 17:06:11.129 [cefgetfile] WARNING: Unknown VALIDATION_ALG:type=2, length=0
2026-02-10 17:06:11.131 [cefgetfile] WARNING: Unknown VALIDATION_ALG:type=2, length=0
2026-02-10 17:06:11.131 [cefgetfile] WARNING: Unknown VALIDATION_ALG:type=2, length=0
2026-02-10 17:06:11.131 [cefgetfile] WARNING: Unknown VALIDATION_ALG:type=2, length=0
2026-02-10 17:06:11.132 [cefgetfile] WARNING: Unknown VALIDATION_ALG:type=2, length=0
2026-02-10 17:06:11.133 [cefgetfile] WARNING: Unknown VALIDATION_ALG:type=2, length=0
2026-02-10 17:06:11.133 [cefgetfile] WARNING: Unknown VALIDATION_ALG:type=2, length=0
2026-02-10 17:06:11.134 [cefgetfile] WARNING: Unknown VALIDATION_ALG:type=2, length=0
2026-02-10 17:06:11.134 [cefgetfile] WARNING: Unknown VALIDATION_ALG:type=2, length=0
2026-02-10 17:06:11.135 [cefgetfile] WARNING: Unknown VALIDATION_ALG:type=2, length=0
2026-02-10 17:06:11.136 [cefgetfile] WARNING: Unknown VALIDATION_ALG:type=2, length=0
2026-02-10 17:06:11.136 [cefgetfile] WARNING: Unknown VALIDATION_ALG:type=2, length=0
2026-02-10 17:06:11.137 [cefgetfile] WARNING: Unknown VALIDATION_ALG:type=2, length=0
2026-02-10 17:06:11.138 [cefgetfile] WARNING: Unknown VALIDATION_ALG:type=2, length=0
2026-02-10 17:06:11.138 [cefgetfile] WARNING: Unknown VALIDATION_ALG:type=2, length=0
2026-02-10 17:06:11.139 [cefgetfile] WARNING: Unknown VALIDATION_ALG:type=2, length=0
2026-02-10 17:06:11.139 [cefgetfile] WARNING: Unknown VALIDATION_ALG:type=2, length=0
2026-02-10 17:06:11.140 [cefgetfile] WARNING: Unknown VALIDATION_ALG:type=2, length=0
2026-02-10 17:06:11.140 [cefgetfile] WARNING: Unknown VALIDATION_ALG:type=2, length=0
2026-02-10 17:06:11.141 [cefgetfile] WARNING: Unknown VALIDATION_ALG:type=2, length=0
2026-02-10 17:06:11.142 [cefgetfile] WARNING: Unknown VALIDATION_ALG:type=2, length=0
2026-02-10 17:06:11.143 [cefgetfile] WARNING: Unknown VALIDATION_ALG:type=2, length=0
2026-02-10 17:06:11.143 [cefgetfile] WARNING: Unknown VALIDATION_ALG:type=2, length=0
2026-02-10 17:06:11.144 [cefgetfile] WARNING: Unknown VALIDATION_ALG:type=2, length=0
2026-02-10 17:06:11.144 [cefgetfile] WARNING: Unknown VALIDATION_ALG:type=2, length=0
2026-02-10 17:06:11.145 [cefgetfile] WARNING: Unknown VALIDATION_ALG:type=2, length=0
2026-02-10 17:06:11.146 [cefgetfile] WARNING: Unknown VALIDATION_ALG:type=2, length=0
2026-02-10 17:06:11.146 [cefgetfile] WARNING: Unknown VALIDATION_ALG:type=2, length=0
2026-02-10 17:06:11.147 [cefgetfile] WARNING: Unknown VALIDATION_ALG:type=2, length=0
2026-02-10 17:06:11.148 [cefgetfile] WARNING: Unknown VALIDATION_ALG:type=2, length=0
2026-02-10 17:06:11.148 [cefgetfile] WARNING: Unknown VALIDATION_ALG:type=2, length=0
2026-02-10 17:06:11.150 [cefgetfile] WARNING: Unknown VALIDATION_ALG:type=2, length=0
2026-02-10 17:06:11.151 [cefgetfile] WARNING: Unknown VALIDATION_ALG:type=2, length=0
2026-02-10 17:06:11.151 [cefgetfile] WARNING: Unknown VALIDATION_ALG:type=2, length=0
2026-02-10 17:06:11.151 [cefgetfile] WARNING: Unknown VALIDATION_ALG:type=2, length=0
2026-02-10 17:06:11.153 [cefgetfile] WARNING: Unknown VALIDATION_ALG:type=2, length=0
2026-02-10 17:06:11.154 [cefgetfile] WARNING: Unknown VALIDATION_ALG:type=2, length=0
2026-02-10 17:06:11.154 [cefgetfile] WARNING: Unknown VALIDATION_ALG:type=2, length=0
2026-02-10 17:06:11.154 [cefgetfile] WARNING: Unknown VALIDATION_ALG:type=2, length=0
2026-02-10 17:06:11.156 [cefgetfile] WARNING: Unknown VALIDATION_ALG:type=2, length=0
2026-02-10 17:06:11.156 [cefgetfile] WARNING: Unknown VALIDATION_ALG:type=2, length=0
2026-02-10 17:06:11.157 [cefgetfile] WARNING: Unknown VALIDATION_ALG:type=2, length=0
2026-02-10 17:06:11.157 [cefgetfile] WARNING: Unknown VALIDATION_ALG:type=2, length=0
2026-02-10 17:06:11.158 [cefgetfile] WARNING: Unknown VALIDATION_ALG:type=2, length=0
2026-02-10 17:06:11.158 [cefgetfile] WARNING: Unknown VALIDATION_ALG:type=2, length=0
2026-02-10 17:06:11.159 [cefgetfile] WARNING: Unknown VALIDATION_ALG:type=2, length=0
2026-02-10 17:06:11.160 [cefgetfile] WARNING: Unknown VALIDATION_ALG:type=2, length=0
2026-02-10 17:06:11.160 [cefgetfile] WARNING: Unknown VALIDATION_ALG:type=2, length=0
2026-02-10 17:06:11.161 [cefgetfile] WARNING: Unknown VALIDATION_ALG:type=2, length=0
2026-02-10 17:06:11.162 [cefgetfile] WARNING: Unknown VALIDATION_ALG:type=2, length=0
2026-02-10 17:06:11.163 [cefgetfile] WARNING: Unknown VALIDATION_ALG:type=2, length=0
2026-02-10 17:06:11.163 [cefgetfile] WARNING: Unknown VALIDATION_ALG:type=2, length=0
2026-02-10 17:06:11.164 [cefgetfile] WARNING: Unknown VALIDATION_ALG:type=2, length=0
2026-02-10 17:06:11.167 [cefgetfile] WARNING: Unknown VALIDATION_ALG:type=2, length=0
2026-02-10 17:06:11.167 [cefgetfile] WARNING: Unknown VALIDATION_ALG:type=2, length=0
2026-02-10 17:06:11.168 [cefgetfile] WARNING: Unknown VALIDATION_ALG:type=2, length=0
2026-02-10 17:06:11.169 [cefgetfile] WARNING: Unknown VALIDATION_ALG:type=2, length=0
2026-02-10 17:06:11.170 [cefgetfile] WARNING: Unknown VALIDATION_ALG:type=2, length=0
2026-02-10 17:06:11.170 [cefgetfile] WARNING: Unknown VALIDATION_ALG:type=2, length=0
2026-02-10 17:06:11.170 [cefgetfile] WARNING: Unknown VALIDATION_ALG:type=2, length=0
2026-02-10 17:06:11.172 [cefgetfile] WARNING: Unknown VALIDATION_ALG:type=2, length=0
2026-02-10 17:06:11.173 [cefgetfile] WARNING: Unknown VALIDATION_ALG:type=2, length=0
2026-02-10 17:06:11.173 [cefgetfile] WARNING: Unknown VALIDATION_ALG:type=2, length=0
2026-02-10 17:06:11.176 [cefgetfile] WARNING: Unknown VALIDATION_ALG:type=2, length=0
2026-02-10 17:06:11.177 [cefgetfile] WARNING: Unknown VALIDATION_ALG:type=2, length=0
2026-02-10 17:06:11.178 [cefgetfile] WARNING: Unknown VALIDATION_ALG:type=2, length=0
2026-02-10 17:06:11.179 [cefgetfile] WARNING: Unknown VALIDATION_ALG:type=2, length=0
2026-02-10 17:06:11.182 [cefgetfile] WARNING: Unknown VALIDATION_ALG:type=2, length=0
2026-02-10 17:06:11.183 [cefgetfile] WARNING: Unknown VALIDATION_ALG:type=2, length=0
2026-02-10 17:06:11.183 [cefgetfile] WARNING: Unknown VALIDATION_ALG:type=2, length=0
2026-02-10 17:06:11.183 [cefgetfile] WARNING: Unknown VALIDATION_ALG:type=2, length=0
2026-02-10 17:06:11.184 [cefgetfile] WARNING: Unknown VALIDATION_ALG:type=2, length=0
2026-02-10 17:06:11.185 [cefgetfile] WARNING: Unknown VALIDATION_ALG:type=2, length=0
2026-02-10 17:06:11.185 [cefgetfile] WARNING: Unknown VALIDATION_ALG:type=2, length=0
2026-02-10 17:06:11.187 [cefgetfile] WARNING: Unknown VALIDATION_ALG:type=2, length=0
2026-02-10 17:06:11.187 [cefgetfile] WARNING: Unknown VALIDATION_ALG:type=2, length=0
2026-02-10 17:06:11.188 [cefgetfile] WARNING: Unknown VALIDATION_ALG:type=2, length=0
2026-02-10 17:06:11.188 [cefgetfile] WARNING: Unknown VALIDATION_ALG:type=2, length=0
2026-02-10 17:06:11.189 [cefgetfile] WARNING: Unknown VALIDATION_ALG:type=2, length=0
2026-02-10 17:06:11.190 [cefgetfile] WARNING: Unknown VALIDATION_ALG:type=2, length=0
2026-02-10 17:06:11.190 [cefgetfile] WARNING: Unknown VALIDATION_ALG:type=2, length=0
2026-02-10 17:06:11.191 [cefgetfile] WARNING: Unknown VALIDATION_ALG:type=2, length=0
2026-02-10 17:06:11.192 [cefgetfile] WARNING: Unknown VALIDATION_ALG:type=2, length=0
2026-02-10 17:06:11.193 [cefgetfile] WARNING: Unknown VALIDATION_ALG:type=2, length=0
2026-02-10 17:06:11.193 [cefgetfile] WARNING: Unknown VALIDATION_ALG:type=2, length=0
2026-02-10 17:06:11.194 [cefgetfile] WARNING: Unknown VALIDATION_ALG:type=2, length=0
2026-02-10 17:06:11.194 [cefgetfile] WARNING: Unknown VALIDATION_ALG:type=2, length=0
2026-02-10 17:06:11.195 [cefgetfile] WARNING: Unknown VALIDATION_ALG:type=2, length=0
2026-02-10 17:06:11.195 [cefgetfile] WARNING: Unknown VALIDATION_ALG:type=2, length=0
2026-02-10 17:06:11.196 [cefgetfile] WARNING: Unknown VALIDATION_ALG:type=2, length=0
2026-02-10 17:06:11.196 [cefgetfile] WARNING: Unknown VALIDATION_ALG:type=2, length=0
2026-02-10 17:06:11.197 [cefgetfile] WARNING: Unknown VALIDATION_ALG:type=2, length=0
2026-02-10 17:06:11.198 [cefgetfile] WARNING: Unknown VALIDATION_ALG:type=2, length=0
2026-02-10 17:06:11.198 [cefgetfile] WARNING: Unknown VALIDATION_ALG:type=2, length=0
2026-02-10 17:06:11.198 [cefgetfile] WARNING: Unknown VALIDATION_ALG:type=2, length=0
2026-02-10 17:06:11.200 [cefgetfile] WARNING: Unknown VALIDATION_ALG:type=2, length=0
2026-02-10 17:06:11.200 [cefgetfile] WARNING: Unknown VALIDATION_ALG:type=2, length=0
[cefgetfile] Completed to get all the chunks.
[cefgetfile] Unconnect to cefnetd ... OK
[cefgetfile] Terminate
[cefgetfile] Rx Frames (All)           = 847
[cefgetfile] Rx Frames (ContentObject) = 847
[cefgetfile] Rx Bytes (All)            = 463882
[cefgetfile] Rx Bytes (ContentObject)  = 433390
[cefgetfile] Duration                  = 0.818 sec
[cefgetfile] Throughput                = 4540628 bps
[cefgetfile] Goodput                   = 4242163 bps
[cefgetfile] Jitter (Ave)              = 964 us
[cefgetfile] Jitter (Max)              = 55341 us
[cefgetfile] Jitter (Var)              = 4131543 us
