[cefgetfile] Start
[cefgetfile] Parsing parameters ...OK
2026-02-10 17:05:34.718 [cefgetfile] INFO: [client] Config directory is ./h0
2026-02-10 17:05:34.718 [cefgetfile] INFO: [client] Local Socket Name is /tmp/cef_9695.0
2026-02-10 17:05:34.718 [cefgetfile] INFO: [client] Listen Port is 9695
[cefgetfile] Init Cefore Client package ... OK
[cefgetfile] Conversion from URI into Name ... OK
[cefgetfile] Checking the output file ... OK
[cefgetfile] Connect to cefnetd ... OK
[cefgetfile] URI=ccnx:/test/data/content1
[cefgetfile] Start sending Interests
2026-02-10 17:05:34.750 [cefgetfile] WARNING: Unknown VALIDATION_ALG:type=2, length=0
2026-02-10 17:05:34.750 [cefgetfile] WARNING: Unknown VALIDATION_ALG:type=2, length=0
2026-02-10 17:05:34.751 [cefgetfile] WARNING: Unknown VALIDATION_ALG:type=2, length=0
2026-02-10 17:05:34.751 [cefgetfile] WARNING: Unknown VALIDATION_ALG:type=2, length=0
2026-02-10 17:05:34.755 [cefgetfile] WARNING: Unknown VALIDATION_ALG:type=2, length=0
2026-02-10 17:05:34.755 [cefgetfile] WARNING: Unknown VALIDATION_ALG:type=2, length=0
2026-02-10 17:05:34.755 [cefgetfile] WARNING: Unknown VALIDATION_ALG:type=2, length=0
2026-02-10 17:05:34.756 [cefgetfile] WARNING: Unknown VALIDATION_ALG:type=2, length=0
2026-02-10 17:05:34.759 [cefgetfile] WARNING: Unknown VALIDATION_ALG:type=2, length=0
2026-02-10 17:05:34.759 [cefgetfile] WARNING: Unknown VALIDATION_ALG:type=2, length=0
2026-02-10 17:05:34.760 [cefgetfile] WARNING: Unknown VALIDATION_ALG:type=2, length=0
2026-02-10 17:05:34.760 [cefgetfile] WARNING: Unknown VALIDATION_ALG:type=2, length=0
2026-02-10 17:05:34.763 [cefgetfile] WARNING: Unknown VALIDATION_ALG:type=2, length=0
2026-02-10 17:05:34.764 [cefgetfile] WARNING: Unknown VALIDATION_ALG:type=2, length=0
2026-02-10 17:05:34.764 [cefgetfile] WARNING: Unknown VALIDATION_ALG:type=2, length=0
2026-02-10 17:05:34.765 [cefgetfile] WARNING: Unknown VALIDATION_ALG:type=2, length=0
2026-02-10 17:05:34.767 [cefgetfile] WARNING: Unknown VALIDATION_ALG:type=2, length=0
2026-02-10 17:05:34.768 [cefgetfile] WARNING: Unknown VALIDATION_ALG:type=2, length=0
2026-02-10 17:05:34.769 [cefgetfile] WARNING: Unknown VALIDATION_ALG:type=2, length=0
2026-02-10 17:05:34.771 [cefgetfile] WARNING: Unknown VALIDATION_ALG:type=2, length=0
2026-02-10 17:05:34.772 [cefgetfile] WARNING: Unknown VALIDATION_ALG:type=2, length=0
2026-02-10 17:05:34.773 [cefgetfile] WARNING: Unknown VALIDATION_ALG:type=2, length=0
2026-02-10 17:05:34.774 [cefgetfile] WARNING: Unknown VALIDATION_ALG:type=2, length=0
2026-02-10 17:05:34.775 [cefgetfile] WARNING: Unknown VALIDATION_ALG:type=2, length=0
2026-02-10 17:05:34.776 [cefgetfile] WARNING: Unknown VALIDATION_ALG:type=2, length=0
2026-02-10 17:05:34.777 [cefgetfile] WARNING: Unknown VALIDATION_ALG:type=2, length=0
2026-02-10 17:05:34.777 [cefgetfile] WARNING: Unknown VALIDATION_ALG:type=2, length=0
2026-02-10 17:05:34.778 [cefgetfile] WARNING: Unknown VALIDATION_ALG:type=2, length=0
2026-02-10 17:05:34.780 [cefgetfile] WARNING: Unknown VALIDATION_ALG:type=2, length=0
2026-02-10 17:05:34.781 [cefgetfile] WARNING: Unknown VALIDATION_ALG:type=2, length=0
2026-02-10 17:05:34.781 [cefgetfile] WARNING: Unknown VALIDATION_ALG:type=2, length=0
2026-02-10 17:05:34.782 [cefgetfile] WARNING: Unknown VALIDATION_ALG:type=2, length=0
2026-02-10 17:05:34.785 [cefgetfile] WARNING: Unknown VALIDATION_ALG:type=2, length=0
2026-02-10 17:05:34.785 [cefgetfile] WARNING: Unknown VALIDATION_ALG:type=2, length=0
2026-02-10 17:05:34.785 [cefgetfile] WARNING: Unknown VALIDATION_ALG:type=2, length=0
2026-02-10 17:05:34.786 [cefgetfile] WARNING: Unknown VALIDATION_ALG:type=2, length=0
2026-02-10 17:05:34.790 [cefgetfile] WARNING: Unknown VALIDATION_ALG:type=2, length=0
2026-02-10 17:05:34.790 [cefgetfile] WARNING: Unknown VALIDATION_ALG:type=2, length=0
2026-02-10 17:05:34.790 [cefgetfile] WARNING: Unknown VALIDATION_ALG:type=2, length=0
2026-02-10 17:05:34.791 [cefgetfile] WARNING: Unknown VALIDATION_ALG:type=2, length=0
2026-02-10 17:05:34.794 [cefgetfile] WARNING: Unknown VALIDATION_ALG:type=2, length=0
2026-02-10 17:05:34.794 [cefgetfile] WARNING: Unknown VALIDATION_ALG:type=2, length=0
2026-02-10 17:05:34.795 [cefgetfile] WARNING: Unknown VALIDATION_ALG:type=2, length=0
2026-02-10 17:05:34.796 [cefgetfile] WARNING: Unknown VALIDATION_ALG:type=2, length=0
2026-02-10 17:05:34.799 [cefgetfile] WARNING: Unknown VALIDATION_ALG:type=2, length=0
2026-02-10 17:05:34.800 [cefgetfile] WARNING: Unknown VALIDATION_ALG:type=2, length=0
2026-02-10 17:05:34.800 [cefgetfile] WARNING: Unknown VALIDATION_ALG:type=2, length=0
2026-02-10 17:05:34.801 [cefgetfile] WARNING: Unknown VALIDATION_ALG:type=2, length=0
2026-02-10 17:05:34.803 [cefgetfile] WARNING: Unknown VALIDATION_ALG:type=2, length=0
2026-02-10 17:05:34.804 [cefgetfile] WARNING: Unknown VALIDATION_ALG:type=2, length=0
2026-02-10 17:05:34.805 [cefgetfile] WARNING: Unknown VALIDATION_ALG:type=2, length=0
2026-02-10 17:05:34.806 [cefgetfile] WARNING: Unknown VALIDATION_ALG:type=2, length=0
2026-02-10 17:05:34.807 [cefgetfile] WARNING: Unknown VALIDATION_ALG:type=2, length=0
2026-02-10 17:05:34.808 [cefgetfile] WARNING: Unknown VALIDATION_ALG:type=2, length=0
2026-02-10 17:05:34.809 [cefgetfile] WARNING: Unknown VALIDATION_ALG:type=2, length=0
2026-02-10 17:05:34.810 [cefgetfile] WARNING: Unknown VALIDATION_ALG:type=2, length=0
2026-02-10 17:05:34.811 [cefgetfile] WARNING: Unknown VALIDATION_ALG:type=2, length=0
2026-02-10 17:05:34.813 [cefgetfile] WARNING: Unknown VALIDATION_ALG:type=2, length=0
2026-02-10 17:05:34.814 [cefgetfile] WARNING: Unknown VALIDATION_ALG:type=2, length=0
2026-02-10 17:05:34.814 [cefgetfile] WARNING: Unknown VALIDATION_ALG:type=2, length=0
2026-02-10 17:05:34.816 [cefgetfile] WARNING: Unknown VALIDATION_ALG:type=2, length=0
2026-02-10 17:05:34.817 [cefgetfile] WARNING: Unknown VALIDATION_ALG:type=2, length=0
2026-02-10 17:05:34.819 [cefgetfile] WARNING: Unknown VALIDATION_ALG:type=2, length=0
2026-02-10 17:05:34.820 [cefgetfile] WARNING: Unknown VALIDATION_ALG:type=2, length=0
2026-02-10 17:05:34.820 [cefgetfile] WARNING: Unknown VALIDATION_ALG:type=2, length=0
2026-02-10 17:05:34.822 [cefgetfile] WARNING: Unknown VALIDATION_ALG:type=2, length=0
2026-02-10 17:05:34.822 [cefgetfile] WARNING: Unknown VALIDATION_ALG:type=2, length=0
2026-02-10 17:05:34.825 [cefgetfile] WARNING: Unknown VALIDATION_ALG:type=2, length=0
2026-02-10 17:05:34.826 [cefgetfile] WARNING: Unknown VALIDATION_ALG:type=2, length=0
2026-02-10 17:05:34.827 [cefgetfile] WARNING: Unknown VALIDATION_ALG:type=2, length=0
2026-02-10 17:05:34.829 [cefgetfile] WARNING: Unknown VALIDATION_ALG:type=2, length=0
2026-02-10 17:05:34.830 [cefgetfile] WARNING: Unknown VALIDATION_ALG:type=2, length=0
2026-02-10 17:05:34.832 [cefgetfile] WARNING: Unknown VALIDATION_ALG:type=2, length=0
2026-02-10 17:05:34.833 [cefgetfile] WARNING: Unknown VALIDATION_ALG:type=2, length=0
2026-02-10 17:05:34.835 [cefgetfile] WARNING: Unknown VALIDATION_ALG:type=2, length=0
2026-02-10 17:05:34.836 [cefgetfile] WARNING: Unknown VALIDATION_ALG:type=2, length=0
2026-02-10 17:05:34.837 [cefgetfile] WARNING: Unknown VALIDATION_ALG:type=2, length=0
2026-02-10 17:05:34.838 [cefgetfile] WARNING: Unknown VALIDATION_ALG:type=2, length=0
2026-02-10 17:05:34.840 [cefgetfile] WARNING: Unknown VALIDATION_ALG:type=2, length=0
2026-02-10 17:05:34.841 [cefgetfile] WARNING: Unknown VALIDATION_ALG:type=2, length=0
2026-02-10 17:05:34.841 [cefgetfile] WARNING: Unknown VALIDATION_ALG:type=2, length=0
2026-02-10 17:05:34.842 [cefgetfile] WARNING: Unknown VALIDATION_ALG:type=2, length=0
2026-02-10 17:05:34.844 [cefgetfile] WARNING: Unknown VALIDATION_ALG:type=2, length=0
2026-02-10 17:05:34.845 [cefgetfile] WARNING: Unknown VALIDATION_ALG:type=2, length=0
2026-02-10 17:05:34.845 [cefgetfile] WARNING: Unknown VALIDATION_ALG:type=2, length=0
2026-02-10 17:05:34.847 [cefgetfile] WARNING: Unknown VALIDATION_ALG:type=2, length=0
2026-02-10 17:05:34.848 [cefgetfile] WARNING: Unknown VALIDATION_ALG:type=2, length=0
2026-02-10 17:05:34.849 [cefgetfile] WARNING: Unknown VALIDATION_ALG:type=2, length=0
2026-02-10 17:05:34.850 [cefgetfile] WARNING: Unknown VALIDATION_ALG:type=2, length=0
2026-02-10 17:05:34.851 [cefgetfile] WARNING: Unknown VALIDATION_ALG:type=2, length=0
2026-02-10 17:05:34.856 [cefgetfile] WARNING: Unknown VALIDATION_ALG:type=2, length=0
2026-02-10 17:05:34.856 [cefgetfile] WARNING: Unknown VALIDATION_ALG:type=2, length=0
2026-02-10 17:05:34.858 [cefgetfile] WARNING: Unknown VALIDATION_ALG:type=2, length=0
2026-02-10 17:05:34.858 [cefgetfile] WARNING: Unknown VALIDATION_ALG:type=2, length=0
2026-02-10 17:05:34.861 [cefgetfile] WARNING: Unknown VALIDATION_ALG:type=2, length=0
2026-02-10 17:05:34.862 [cefgetfile] WARNING: Unknown VALIDATION_ALG:type=2, length=0
2026-02-10 17:05:34.863 [cefgetfile] WARNING: Unknown VALIDATION_ALG:type=2, length=0
2026-02-10 17:05:34.864 [cefgetfile] WARNING: Unknown VALIDATION_ALG:type=2, length=0
2026-02-10 17:05:34.865 [cefgetfile] WARNING: Unknown VALIDATION_ALG:type=2, length=0
2026-02-10 17:05:34.868 [cefgetfile] WARNING: Unknown VALIDATION_ALG:type=2, length=0
2026-02-10 17:05:34.869 [cefgetfile] WARNING: Unknown VALIDATION_ALG:type=2, length=0
2026-02-10 17:05:34.870 [cefgetfile] WARNING: Unknown VALIDATION_ALG:type=2, length=0
2026-02-10 17:05:34.872 [cefgetfile] WARNING: Unknown VALIDATION_ALG:type=2, length=0
2026-02-10 17:05:34.873 [cefgetfile] WARNING: Unknown VALIDATION_ALG:type=2, length=0
2026-02-10 17:05:34.874 [cefgetfile] WARNING: Unknown VALIDATION_ALG:type=2, length=0
2026-02-10 17:05:34.876 [cefgetfile] WARNING: Unknown VALIDATION_ALG:type=2, length=0
2026-02-10 17:05:34.877 [cefgetfile] WARNING: Unknown VALIDATION_ALG:type=2, length=0
2026-02-10 17:05:34.879 [cefgetfile] WARNING: Unknown VALIDATION_ALG:type=2, length=0
2026-02-10 17:05:34.880 [cefgetfile] WARNING: Unknown VALIDATION_ALG:type=2, length=0
2026-02-10 17:05:34.881 [cefgetfile] WARNING: Unknown VALIDATION_ALG:type=2, length=0
2026-02-10 17:05:34.882 [cefgetfile] WARNING: Unknown VALIDATION_ALG:type=2, length=0
2026-02-10 17:05:34.883 [cefgetfile] WARNING: Unknown VALIDATION_ALG:type=2, length=0
2026-02-10 17:05:34.884 [cefgetfile] WARNING: Unknown VALIDATION_ALG:type=2, length=0
2026-02-10 17:05:34.884 [cefgetfile] WARNING: Unknown VALIDATION_ALG:type=2, length=0
2026-02-10 17:05:34.885 [cefgetfile] WARNING: Unknown VALIDATION_ALG:type=2, length=0
2026-02-10 17:05:34.887 [cefgetfile] WARNING: Unknown VALIDATION_ALG:type=2, length=0
2026-02-10 17:05:34.888 [cefgetfile] WARNING: Unknown VALIDATION_ALG:type=2, length=0
2026-02-10 17:05:34.889 [cefgetfile] WARNING: Unknown VALIDATION_ALG:type=2, length=0
2026-02-10 17:05:34.890 [cefgetfile] WARNING: Unknown VALIDATION_ALG:type=2, length=0
2026-02-10 17:05:34.891 [cefgetfile] WARNING: Unknown VALIDATION_ALG:type=2, length=0
2026-02-10 17:05:34.892 [cefgetfile] WARNING: Unknown VALIDATION_ALG:type=2, length=0
2026-02-10 17:05:34.894 [cefgetfile] WARNING: Unknown VALIDATION_ALG:type=2, length=0
2026-02-10 17:05:34.894 [cefgetfile] WARNING: Unknown VALIDATION_ALG:type=2, length=0
2026-02-10 17:05:34.895 [cefgetfile] WARNING: Unknown VALIDATION_ALG:type=2, length=0
2026-02-10 17:05:34.897 [cefgetfile] WARNING: Unknown VALIDATION_ALG:type=2, length=0
2026-02-10 17:05:34.898 [cefgetfile] WARNING: Unknown VALIDATION_ALG:type=2, length=0
2026-02-10 17:05:34.899 [cefgetfile] WARNING: Unknown VALIDATION_ALG:type=2, length=0
2026-02-10 17:05:34.900 [cefgetfile] WARNING: Unknown VALIDATION_ALG:type=2, length=0
2026-02-10 17:05:34.901 [cefgetfile] WARNING: Unknown VALIDATION_ALG:type=2, length=0
2026-02-10 17:05:34.903 [cefgetfile] WARNING: Unknown VALIDATION_ALG:type=2, length=0
2026-02-10 17:05:34.905 [cefgetfile] WARNING: Unknown VALIDATION_ALG:type=2, length=0
2026-02-10 17:05:34.907 [cefgetfile] WARNING: Unknown VALIDATION_ALG:type=2, length=0
2026-02-10 17:05:34.908 [cefgetfile] WARNING: Unknown VALIDATION_ALG:type=2, length=0
2026-02-10 17:05:34.910 [cefgetfile] WARNING: Unknown VALIDATION_ALG:type=2, length=0
2026-02-10 17:05:34.913 [cefgetfile] WARNING: Unknown VALIDATION_ALG:type=2, length=0
2026-02-10 17:05:34.914 [cefgetfile] WARNING: Unknown VALIDATION_ALG:type=2, length=0
2026-02-10 17:05:34.915 [cefgetfile] WARNING: Unknown VALIDATION_ALG:type=2, length=0
2026-02-10 17:05:34.916 [cefgetfile] WARNING: Unknown VALIDATION_ALG:type=2, length=0
2026-02-10 17:05:34.917 [cefgetfile] WARNING: Unknown VALIDATION_ALG:type=2, length=0
2026-02-10 17:05:34.918 [cefgetfile] WARNING: Unknown VALIDATION_ALG:type=2, length=0
2026-02-10 17:05:34.919 [cefgetfile] WARNING: Unknown VALIDATION_ALG:type=2, length=0
2026-02-10 17:05:34.920 [cefgetfile] WARNING: Unknown VALIDATION_ALG:type=2, length=0
2026-02-10 17:05:34.921 [cefgetfile] WARNING: Unknown VALIDATION_ALG:type=2, length=0
2026-02-10 17:05:34.922 [cefgetfile] WARNING: Unknown VALIDATION_ALG:type=2, length=0
2026-02-10 17:05:34.924 [cefgetfile] WARNING: Unknown VALIDATION_ALG:type=2, length=0
2026-02-10 17:05:34.925 [cefgetfile] WARNING: Unknown VALIDATION_ALG:type=2, length=0
2026-02-10 17:05:34.925 [cefgetfile] WARNING: Unknown VALIDATION_ALG:type=2, length=0
2026-02-10 17:05:34.925 [cefgetfile] WARNING: Unknown VALIDATION_ALG:type=2, length=0
2026-02-10 17:05:34.928 [cefgetfile] WARNING: Unknown VALIDATION_ALG:type=2, length=0
2026-02-10 17:05:34.928 [cefgetfile] WARNING: Unknown VALIDATION_ALG:type=2, length=0
2026-02-10 17:05:34.929 [cefgetfile] WARNING: Unknown VALIDATION_ALG:type=2, length=0
2026-02-10 17:05:34.930 [cefgetfile] WARNING: Unknown VALIDATION_ALG:type=2, length=0
2026-02-10 17:05:34.932 [cefgetfile] WARNING: Unknown VALIDATION_ALG:type=2, length=0
2026-02-10 17:05:34.933 [cefgetfile] WARNING: Unknown VALIDATION_ALG:type=2, length=0
2026-02-10 17:05:34.934 [cefgetfile] WARNING: Unknown VALIDATION_ALG:type=2, length=0
2026-02-10 17:05:34.934 [cefgetfile] WARNING: Unknown VALIDATION_ALG:type=2, length=0
2026-02-10 17:05:34.937 [cefgetfile] WARNING: Unknown VALIDATION_ALG:type=2, length=0
2026-02-10 17:05:34.938 [cefgetfile] WARNING: Unknown VALIDATION_ALG:type=2, length=0
2026-02-10 17:05:34.939 [cefgetfile] WARNING: Unknown VALIDATION_ALG:type=2, length=0
2026-02-10 17:05:34.939 [cefgetfile] WARNING: Unknown VALIDATION_ALG:type=2, length=0
2026-02-10 17:05:34.940 [cefgetfile] WARNING: Unknown VALIDATION_ALG:type=2, length=0
2026-02-10 17:05:34.943 [cefgetfile] WARNING: Unknown VALIDATION_ALG:type=2, length=0
2026-02-10 17:05:34.944 [cefgetfile] WARNING: Unknown VALIDATION_ALG:type=2, length=0
2026-02-10 17:05:34.946 [cefgetfile] WARNING: Unknown VALIDATION_ALG:type=2, length=0
2026-02-10 17:05:34.947 [cefgetfile] WARNING: Unknown VALIDATION_ALG:type=2, length=0
2026-02-10 17:05:34.949 [cefgetfile] WARNING: Unknown VALIDATION_ALG:type=2, length=0
2026-02-10 17:05:34.951 [cefgetfile] WARNING: Unknown VALIDATION_ALG:type=2, length=0
2026-02-10 17:05:34.952 [cefgetfile] WARNING: Unknown VALIDATION_ALG:type=2, length=0
2026-02-10 17:05:34.952 [cefgetfile] WARNING: Unknown VALIDATION_ALG:type=2, length=0
2026-02-10 17:05:34.954 [cefgetfile] WARNING: Unknown VALIDATION_ALG:type=2, length=0
2026-02-10 17:05:34.955 [cefgetfile] WARNING: Unknown VALIDATION_ALG:type=2, length=0
2026-02-10 17:05:34.957 [cefgetfile] WARNING: Unknown VALIDATION_ALG:type=2, length=0
2026-02-10 17:05:34.958 [cefgetfile] WARNING: Unknown VALIDATION_ALG:type=2, length=0
2026-02-10 17:05:34.958 [cefgetfile] WARNING: Unknown VALIDATION_ALG:type=2, length=0
2026-02-10 17:05:34.959 [cefgetfile] WARNING: Unknown VALIDATION_ALG:type=2, length=0
2026-02-10 17:05:34.960 [cefgetfile] WARNING: Unknown VALIDATION_ALG:type=2, length=0
2026-02-10 17:05:34.961 [cefgetfile] WARNING: Unknown VALIDATION_ALG:type=2, length=0
2026-02-10 17:05:34.962 [cefgetfile] WARNING: Unknown VALIDATION_ALG:type=2, length=0
2026-02-10 17:05:34.964 [cefgetfile] WARNING: Unknown VALIDATION_ALG:type=2, length=0
2026-02-10 17:05:34.965 [cefgetfile] WARNING: Unknown VALIDATION_ALG:type=2, length=0
2026-02-10 17:05:34.965 [cefgetfile] WARNING: Unknown VALIDATION_ALG:type=2, length=0
2026-02-10 17:05:34.966 [cefgetfile] WARNING: Unknown VALIDATION_ALG:type=2, length=0
2026-02-10 17:05:34.969 [cefgetfile] WARNING: Unknown VALIDATION_ALG:type=2, length=0
2026-02-10 17:05:34.971 [cefgetfile] WARNING: Unknown VALIDATION_ALG:type=2, length=0
2026-02-10 17:05:34.971 [cefgetfile] WARNING: Unknown VALIDATION_ALG:type=2, length=0
2026-02-10 17:05:34.973 [cefgetfile] WARNING: Unknown VALIDATION_ALG:type=2, length=0
2026-02-10 17:05:34.974 [cefgetfile] WARNING: Unknown VALIDATION_ALG:type=2, length=0
2026-02-10 17:05:34.976 [cefgetfile] WARNING: Unknown VALIDATION_ALG:type=2, length=0
2026-02-10 17:05:34.978 [cefgetfile] WARNING: Unknown VALIDATION_ALG:type=2, length=0
2026-02-10 17:05:34.979 [cefgetfile] WARNING: Unknown VALIDATION_ALG:type=2, length=0
2026-02-10 17:05:34.980 [cefgetfile] WARNING: Unknown VALIDATION_ALG:type=2, length=0
2026-02-10 17:05:34.981 [cefgetfile] WARNING: Unknown VALIDATION_ALG:type=2, length=0
2026-02-10 17:05:34.983 [cefgetfile] WARNING: Unknown VALIDATION_ALG:type=2, length=0
2026-02-10 17:05:34.984 [cefgetfile] WARNING: Unknown VALIDATION_ALG:type=2, length=0
2026-02-10 17:05:34.986 [cefgetfile] WARNING: Unknown VALIDATION_ALG:type=2, length=0
2026-02-10 17:05:34.986 [cefgetfile] WARNING: Unknown VALIDATION_ALG:type=2, length=0
2026-02-10 17:05:34.986 [cefgetfile] WARNING: Unknown VALIDATION_ALG:type=2, length=0
2026-02-10 17:05:34.989 [cefgetfile] WARNING: Unknown VALIDATION_ALG:type=2, length=0
2026-02-10 17:05:34.990 [cefgetfile] WARNING: Unknown VALIDATION_ALG:type=2, length=0
2026-02-10 17:05:34.991 [cefgetfile] WARNING: Unknown VALIDATION_ALG:type=2, length=0
2026-02-10 17:05:34.992 [cefgetfile] WARNING: Unknown VALIDATION_ALG:type=2, length=0
2026-02-10 17:05:34.994 [cefgetfile] WARNING: Unknown VALIDATION_ALG:type=2, length=0
2026-02-10 17:05:34.995 [cefgetfile] WARNING: Unknown VALIDATION_ALG:type=2, length=0
2026-02-10 17:05:34.996 [cefgetfile] WARNING: Unknown VALIDATION_ALG:type=2, length=0
2026-02-10 17:05:34.997 [cefgetfile] WARNING: Unknown VALIDATION_ALG:type=2, length=0
2026-02-10 17:05:34.998 [cefgetfile] WARNING: Unknown VALIDATION_ALG:type=2, length=0
2026-02-10 17:05:34.999 [cefgetfile] WARNING: Unknown VALIDATION_ALG:type=2, length=0
2026-02-10 17:05:34.999 [cefgetfile] WARNING: Unknown VALIDATION_ALG:type=2, length=0
2026-02-10 17:05:35.001 [cefgetfile] WARNING: Unknown VALIDATION_ALG:type=2, length=0
2026-02-10 17:05:35.003 [cefgetfile] WARNING: Unknown VALIDATION_ALG:type=2, length=0
2026-02-10 17:05:35.005 [cefgetfile] WARNING: Unknown VALIDATION_ALG:type=2, length=0
2026-02-10 17:05:35.005 [cefgetfile] WARNING: Unknown VALIDATION_ALG:type=2, length=0
2026-02-10 17:05:35.006 [cefgetfile] WARNING: Unknown VALIDATION_ALG:type=2, length=0
2026-02-10 17:05:35.009 [cefgetfile] WARNING: Unknown VALIDATION_ALG:type=2, length=0
2026-02-10 17:05:35.009 [cefgetfile] WARNING: Unknown VALIDATION_ALG:type=2, length=0
2026-02-10 17:05:35.011 [cefgetfile] WARNING: Unknown VALIDATION_ALG:type=2, length=0
2026-02-10 17:05:35.012 [cefgetfile] WARNING: Unknown VALIDATION_ALG:type=2, length=0
2026-02-10 17:05:35.013 [cefgetfile] WARNING: Unknown VALIDATION_ALG:type=2, length=0
2026-02-10 17:05:35.013 [cefgetfile] WARNING: Unknown VALIDATION_ALG:type=2, length=0
2026-02-10 17:05:35.017 [cefgetfile] WARNING: Unknown VALIDATION_ALG:type=2, length=0
2026-02-10 17:05:35.018 [cefgetfile] WARNING: Unknown VALIDATION_ALG:type=2, length=0
2026-02-10 17:05:35.019 [cefgetfile] WARNING: Unknown VALIDATION_ALG:type=2, length=0
2026-02-10 17:05:35.020 [cefgetfile] WARNING: Unknown VALIDATION_ALG:type=2, length=0
2026-02-10 17:05:35.021 [cefgetfile] WARNING: Unknown VALIDATION_ALG:type=2, length=0
2026-02-10 17:05:35.022 [cefgetfile] WARNING: Unknown VALIDATION_ALG:type=2, length=0
2026-02-10 17:05:35.022 [cefgetfile] WARNING: Unknown VALIDATION_ALG:type=2, length=0
2026-02-10 17:05:35.024 [cefgetfile] WARNING: Unknown VALIDATION_ALG:type=2, length=0
2026-02-10 17:05:35.025 [cefgetfile] WARNING: Unknown VALIDATION_ALG:type=2, length=0
2026-02-10 17:05:35.026 [cefgetfile] WARNING: Unknown VALIDATION_ALG:type=2, length=0
2026-02-10 17:05:35.027 [cefgetfile] WARNING: Unknown VALIDATION_ALG:type=2, length=0
2026-02-10 17:05:35.028 [cefgetfile] WARNING: Unknown VALIDATION_ALG:type=2, length=0
2026-02-10 17:05:35.030 [cefgetfile] WARNING: Unknown VALIDATION_ALG:type=2, length=0
2026-02-10 17:05:35.031 [cefgetfile] WARNING: Unknown VALIDATION_ALG:type=2, length=0
2026-02-10 17:05:35.033 [cefgetfile] WARNING: Unknown VALIDATION_ALG:type=2, length=0
2026-02-10 17:05:35.034 [cefgetfile] WARNING: Unknown VALIDATION_ALG:type=2, length=0
2026-02-10 17:05:35.035 [cefgetfile] WARNING: Unknown VALIDATION_ALG:type=2, length=0
2026-02-10 17:05:35.036 [cefgetfile] WARNING: Unknown VALIDATION_ALG:type=2, length=0
2026-02-10 17:05:35.038 [cefgetfile] WARNING: Unknown VALIDATION_ALG:type=2, length=0
2026-02-10 17:05:35.039 [cefgetfile] WARNING: Unknown VALIDATION_ALG:type=2, length=0
2026-02-10 17:05:35.040 [cefgetfile] WARNING: Unknown VALIDATION_ALG:type=2, length=0
2026-02-10 17:05:35.041 [cefgetfile] WARNING: Unknown VALIDATION_ALG:type=2, length=0
2026-02-10 17:05:35.043 [cefgetfile] WARNING: Unknown VALIDATION_ALG:type=2, length=0
2026-02-10 17:05:35.043 [cefgetfile] WARNING: Unknown VALIDATION_ALG:type=2, length=0
2026-02-10 17:05:35.045 [cefgetfile] WARNING: Unknown VALIDATION_ALG:type=2, length=0
2026-02-10 17:05:35.046 [cefgetfile] WARNING: Unknown VALIDATION_ALG:type=2, length=0
2026-02-10 17:05:35.047 [cefgetfile] WARNING: Unknown VALIDATION_ALG:type=2, length=0
2026-02-10 17:05:35.047 [cefgetfile] WARNING: Unknown VALIDATION_ALG:type=2, length=0
2026-02-10 17:05:35.050 [cefgetfile] WARNING: Unknown VALIDATION_ALG:type=2, length=0
2026-02-10 17:05:35.050 [cefgetfile] WARNING: Unknown VALIDATION_ALG:type=2, length=0
2026-02-10 17:05:35.051 [cefgetfile] WARNING: Unknown VALIDATION_ALG:type=2, length=0
2026-02-10 17:05:35.053 [cefgetfile] WARNING: Unknown VALIDATION_ALG:type=2, length=0
2026-02-10 17:05:35.054 [cefgetfile] WARNING: Unknown VALIDATION_ALG:type=2, length=0
2026-02-10 17:05:35.055 [cefgetfile] WARNING: Unknown VALIDATION_ALG:type=2, length=0
2026-02-10 17:05:35.055 [cefgetfile] WARNING: Unknown VALIDATION_ALG:type=2, length=0
2026-02-10 17:05:35.057 [cefgetfile] WARNING: Unknown VALIDATION_ALG:type=2, length=0
2026-02-10 17:05:35.057 [cefgetfile] WARNING: Unknown VALIDATION_ALG:type=2, length=0
2026-02-10 17:05:35.059 [cefgetfile] WARNING: Unknown VALIDATION_ALG:type=2, length=0
2026-02-10 17:05:35.060 [cefgetfile] WARNING: Unknown VALIDATION_ALG:type=2, length=0
2026-02-10 17:05:35.061 [cefgetfile] WARNING: Unknown VALIDATION_ALG:type=2, length=0
2026-02-10 17:05:35.063 [cefgetfile] WARNING: Unknown VALIDATION_ALG:type=2, length=0
2026-02-10 17:05:35.065 [cefgetfile] WARNING: Unknown VALIDATION_ALG:type=2, length=0
2026-02-10 17:05:35.066 [cefgetfile] WARNING: Unknown VALIDATION_ALG:type=2, length=0
2026-02-10 17:05:35.067 [cefgetfile] WARNING: Unknown VALIDATION_ALG:type=2, length=0
2026-02-10 17:05:35.069 [cefgetfile] WARNING: Unknown VALIDATION_ALG:type=2, length=0
2026-02-10 17:05:35.070 [cefgetfile] WARNING: Unknown VALIDATION_ALG:type=2, length=0
2026-02-10 17:05:35.071 [cefgetfile] WARNING: Unknown VALIDATION_ALG:type=2, length=0
2026-02-10 17:05:35.072 [cefgetfile] WARNING: Unknown VALIDATION_ALG:type=2, length=0
2026-02-10 17:05:35.074 [cefgetfile] WARNING: Unknown VALIDATION_ALG:type=2, length=0
2026-02-10 17:05:35.075 [cefgetfile] WARNING: Unknown VALIDATION_ALG:type=2, length=0
2026-02-10 17:05:35.076 [cefgetfile] WARNING: Unknown VALIDATION_ALG:type=2, length=0
2026-02-10 17:05:35.077 [cefgetfile] WARNING: Unknown VALIDATION_ALG:type=2, length=0
2026-02-10 17:05:35.079 [cefgetfile] WARNING: Unknown VALIDATION_ALG:type=2, length=0
2026-02-10 17:05:35.079 [cefgetfile] WARNING: Unknown VALIDATION_ALG:type=2, length=0
2026-02-10 17:05:35.080 [cefgetfile] WARNING: Unknown VALIDATION_ALG:type=2, length=0
2026-02-10 17:05:35.082 [cefgetfile] WARNING: Unknown VALIDATION_ALG:type=2, length=0
2026-02-10 17:05:35.083 [cefgetfile] WARNING: Unknown VALIDATION_ALG:type=2, length=0
2026-02-10 17:05:35.084 [cefgetfile] WARNING: Unknown VALIDATION_ALG:type=2, length=0
2026-02-10 17:05:35.086 [cefgetfile] WARNING: Unknown VALIDATION_ALG:type=2, length=0
2026-02-10 17:05:35.087 [cefgetfile] WARNING: Unknown VALIDATION_ALG:type=2, length=0
2026-02-10 17:05:35.088 [cefgetfile] WARNING: Unknown VALIDATION_ALG:type=2, length=0
2026-02-10 17:05:35.089 [cefgetfile] WARNING: Unknown VALIDATION_ALG:type=2, length=0
2026-02-10 17:05:35.090 [cefgetfile] WARNING: Unknown VALIDATION_ALG:type=2, length=0
2026-02-10 17:05:35.091 [cefgetfile] WARNING: Unknown VALIDATION_ALG:type=2, length=0
2026-02-10 17:05:35.092 [cefgetfile] WARNING: Unknown VALIDATION_ALG:type=2, length=0
2026-02-10 17:05:35.093 [cefgetfile] WARNING: Unknown VALIDATION_ALG:type=2, length=0
2026-02-10 17:05:35.094 [cefgetfile] WARNING: Unknown VALIDATION_ALG:type=2, length=0
2026-02-10 17:05:35.095 [cefgetfile] WARNING: Unknown VALIDATION_ALG:type=2, length=0
2026-02-10 17:05:35.096 [cefgetfile] WARNING: Unknown VALIDATION_ALG:type=2, length=0
2026-02-10 17:05:35.097 [cefgetfile] WARNING: Unknown VALIDATION_ALG:type=2, length=0
2026-02-10 17:05:35.098 [cefgetfile] WARNING: Unknown VALIDATION_ALG:type=2, length=0
2026-02-10 17:05:35.101 [cefgetfile] WARNING: Unknown VALIDATION_ALG:type=2, length=0
2026-02-10 17:05:35.103 [cefgetfile] WARNING: Unknown VALIDATION_ALG:type=2, length=0
2026-02-10 17:05:35.104 [cefgetfile] WARNING: Unknown VALIDATION_ALG:type=2, length=0
2026-02-10 17:05:35.106 [cefgetfile] WARNING: Unknown VALIDATION_ALG:type=2, length=0
2026-02-10 17:05:35.107 [cefgetfile] WARNING: Unknown VALIDATION_ALG:type=2, length=0
2026-02-10 17:05:35.108 [cefgetfile] WARNING: Unknown VALIDATION_ALG:type=2, length=0
2026-02-10 17:05:35.109 [cefgetfile] WARNING: Unknown VALIDATION_ALG:type=2, length=0
2026-02-10 17:05:35.110 [cefgetfile] WARNING: Unknown VALIDATION_ALG:type=2, length=0
2026-02-10 17:05:35.111 [cefgetfile] WARNING: Unknown VALIDATION_ALG:type=2, length=0
2026-02-10 17:05:35.112 [cefgetfile] WARNING: Unknown VALIDATION_ALG:type=2, length=0
2026-02-10 17:05:35.113 [cefgetfile] WARNING: Unknown VALIDATION_ALG:type=2, length=0
2026-02-10 17:05:35.114 [cefgetfile] WARNING: Unknown VALIDATION_ALG:type=2, length=0
2026-02-10 17:05:35.115 [cefgetfile] WARNING: Unknown VALIDATION_ALG:type=2, length=0
2026-02-10 17:05:35.117 [cefgetfile] WARNING: Unknown VALIDATION_ALG:type=2, length=0
2026-02-10 17:05:35.118 [cefgetfile] WARNING: Unknown VALIDATION_ALG:type=2, length=0
2026-02-10 17:05:35.118 [cefgetfile] WARNING: Unknown VALIDATION_ALG:type=2, length=0
2026-02-10 17:05:35.120 [cefgetfile] WARNING: Unknown VALIDATION_ALG:type=2, length=0
2026-02-10 17:05:35.121 [cefgetfile] WARNING: Unknown VALIDATION_ALG:type=2, length=0
2026-02-10 17:05:35.122 [cefgetfile] WARNING: Unknown VALIDATION_ALG:type=2, length=0
2026-02-10 17:05:35.122 [cefgetfile] WARNING: Unknown VALIDATION_ALG:type=2, length=0
2026-02-10 17:05:35.127 [cefgetfile] WARNING: Unknown VALIDATION_ALG:type=2, length=0
2026-02-10 17:05:35.128 [cefgetfile] WARNING: Unknown VALIDATION_ALG:type=2, length=0
2026-02-10 17:05:35.129 [cefgetfile] WARNING: Unknown VALIDATION_ALG:type=2, length=0
2026-02-10 17:05:35.130 [cefgetfile] WARNING: Unknown VALIDATION_ALG:type=2, length=0
2026-02-10 17:05:35.132 [cefgetfile] WARNING: Unknown VALIDATION_ALG:type=2, length=0
2026-02-10 17:05:35.133 [cefgetfile] WARNING: Unknown VALIDATION_ALG:type=2, length=0
2026-02-10 17:05:35.135 [cefgetfile] WARNING: Unknown VALIDATION_ALG:type=2, length=0
2026-02-10 17:05:35.135 [cefgetfile] WARNING: Unknown VALIDATION_ALG:type=2, length=0
2026-02-10 17:05:35.137 [cefgetfile] WARNING: Unknown VALIDATION_ALG:type=2, length=0
2026-02-10 17:05:35.138 [cefgetfile] WARNING: Unknown VALIDATION_ALG:type=2, length=0
2026-02-10 17:05:35.140 [cefgetfile] WARNING: Unknown VALIDATION_ALG:type=2, length=0
2026-02-10 17:05:35.141 [cefgetfile] WARNING: Unknown VALIDATION_ALG:type=2, length=0
2026-02-10 17:05:35.142 [cefgetfile] WARNING: Unknown VALIDATION_ALG:type=2, length=0
2026-02-10 17:05:35.142 [cefgetfile] WARNING: Unknown VALIDATION_ALG:type=2, length=0
2026-02-10 17:05:35.146 [cefgetfile] WARNING: Unknown VALIDATION_ALG:type=2, length=0
2026-02-10 17:05:35.147 [cefgetfile] WARNING: Unknown VALIDATION_ALG:type=2, length=0
2026-02-10 17:05:35.147 [cefgetfile] WARNING: Unknown VALIDATION_ALG:type=2, length=0
2026-02-10 17:05:35.148 [cefgetfile] WARNING: Unknown VALIDATION_ALG:type=2, length=0
2026-02-10 17:05:35.149 [cefgetfile] WARNING: Unknown VALIDATION_ALG:type=2, length=0
2026-02-10 17:05:35.151 [cefgetfile] WARNING: Unknown VALIDATION_ALG:type=2, length=0
2026-02-10 17:05:35.152 [cefgetfile] WARNING: Unknown VALIDATION_ALG:type=2, length=0
2026-02-10 17:05:35.152 [cefgetfile] WARNING: Unknown VALIDATION_ALG:type=2, length=0
2026-02-10 17:05:35.154 [cefgetfile] WARNING: Unknown VALIDATION_ALG:type=2, length=0
2026-02-10 17:05:35.155 [cefgetfile] WARNING: Unknown VALIDATION_ALG:type=2, length=0
2026-02-10 17:05:35.156 [cefgetfile] WARNING: Unknown VALIDATION_ALG:type=2, length=0
2026-02-10 17:05:35.157 [cefgetfile] WARNING: Unknown VALIDATION_ALG:type=2, length=0
2026-02-10 17:05:35.159 [cefgetfile] WARNING: Unknown VALIDATION_ALG:type=2, length=0
2026-02-10 17:05:35.159 [cefgetfile] WARNING: Unknown VALIDATION_ALG:type=2, length=0
2026-02-10 17:05:35.161 [cefgetfile] WARNING: Unknown VALIDATION_ALG:type=2, length=0
2026-02-10 17:05:35.161 [cefgetfile] WARNING: Unknown VALIDATION_ALG:type=2, length=0
2026-02-10 17:05:35.162 [cefgetfile] WARNING: Unknown VALIDATION_ALG:type=2, length=0
2026-02-10 17:05:35.163 [cefgetfile] WARNING: Unknown VALIDATION_ALG:type=2, length=0
2026-02-10 17:05:35.165 [cefgetfile] WARNING: Unknown VALIDATION_ALG:type=2, length=0
2026-02-10 17:05:35.165 [cefgetfile] WARNING: Unknown VALIDATION_ALG:type=2, length=0
2026-02-10 17:05:35.166 [cefgetfile] WARNING: Unknown VALIDATION_ALG:type=2, length=0
2026-02-10 17:05:35.167 [cefgetfile] WARNING: Unknown VALIDATION_ALG:type=2, length=0
2026-02-10 17:05:35.168 [cefgetfile] WARNING: Unknown VALIDATION_ALG:type=2, length=0
2026-02-10 17:05:35.170 [cefgetfile] WARNING: Unknown VALIDATION_ALG:type=2, length=0
2026-02-10 17:05:35.171 [cefgetfile] WARNING: Unknown VALIDATION_ALG:type=2, length=0
2026-02-10 17:05:35.171 [cefgetfile] WARNING: Unknown VALIDATION_ALG:type=2, length=0
2026-02-10 17:05:35.172 [cefgetfile] WARNING: Unknown VALIDATION_ALG:type=2, length=0
2026-02-10 17:05:35.173 [cefgetfile] WARNING: Unknown VALIDATION_ALG:type=2, length=0
2026-02-10 17:05:35.175 [cefgetfile] WARNING: Unknown VALIDATION_ALG:type=2, length=0
2026-02-10 17:05:35.176 [cefgetfile] WARNING: Unknown VALIDATION_ALG:type=2, length=0
2026-02-10 17:05:35.176 [cefgetfile] WARNING: Unknown VALIDATION_ALG:type=2, length=0
2026-02-10 17:05:35.177 [cefgetfile] WARNING: Unknown VALIDATION_ALG:type=2, length=0
2026-02-10 17:05:35.180 [cefgetfile] WARNING: Unknown VALIDATION_ALG:type=2, length=0
2026-02-10 17:05:35.180 [cefgetfile] WARNING: Unknown VALIDATION_ALG:type=2, length=0
2026-02-10 17:05:35.182 [cefgetfile] WARNING: Unknown VALIDATION_ALG:type=2, length=0
2026-02-10 17:05:35.182 [cefgetfile] WARNING: Unknown VALIDATION_ALG:type=2, length=0
2026-02-10 17:05:35.184 [cefgetfile] WARNING: Unknown VALIDATION_ALG:type=2, length=0
2026-02-10 17:05:35.185 [cefgetfile] WARNING: Unknown VALIDATION_ALG:type=2, length=0
2026-02-10 17:05:35.186 [cefgetfile] WARNING: Unknown VALIDATION_ALG:type=2, length=0
2026-02-10 17:05:35.186 [cefgetfile] WARNING: Unknown VALIDATION_ALG:type=2, length=0
2026-02-10 17:05:35.187 [cefgetfile] WARNING: Unknown VALIDATION_ALG:type=2, length=0
2026-02-10 17:05:35.188 [cefgetfile] WARNING: Unknown VALIDATION_ALG:type=2, length=0
2026-02-10 17:05:35.190 [cefgetfile] WARNING: Unknown VALIDATION_ALG:type=2, length=0
2026-02-10 17:05:35.190 [cefgetfile] WARNING: Unknown VALIDATION_ALG:type=2, length=0
2026-02-10 17:05:35.191 [cefgetfile] WARNING: Unknown VALIDATION_ALG:type=2, length=0
2026-02-10 17:05:35.193 [cefgetfile] WARNING: Unknown VALIDATION_ALG:type=2, length=0
2026-02-10 17:05:35.194 [cefgetfile] WARNING: Unknown VALIDATION_ALG:type=2, length=0
2026-02-10 17:05:35.194 [cefgetfile] WARNING: Unknown VALIDATION_ALG:type=2, length=0
2026-02-10 17:05:35.195 [cefgetfile] WARNING: Unknown VALIDATION_ALG:type=2, length=0
2026-02-10 17:05:35.197 [cefgetfile] WARNING: Unknown VALIDATION_ALG:type=2, length=0
2026-02-10 17:05:35.198 [cefgetfile] WARNING: Unknown VALIDATION_ALG:type=2, length=0
2026-02-10 17:05:35.198 [cefgetfile] WARNING: Unknown VALIDATION_ALG:type=2, length=0
2026-02-10 17:05:35.199 [cefgetfile] WARNING: Unknown VALIDATION_ALG:type=2, length=0
2026-02-10 17:05:35.204 [cefgetfile] WARNING: Unknown VALIDATION_ALG:type=2, length=0
2026-02-10 17:05:35.204 [cefgetfile] WARNING: Unknown VALIDATION_ALG:type=2, length=0
2026-02-10 17:05:35.205 [cefgetfile] WARNING: Unknown VALIDATION_ALG:type=2, length=0
2026-02-10 17:05:35.205 [cefgetfile] WARNING: Unknown VALIDATION_ALG:type=2, length=0
2026-02-10 17:05:35.209 [cefgetfile] WARNING: Unknown VALIDATION_ALG:type=2, length=0
2026-02-10 17:05:35.209 [cefgetfile] WARNING: Unknown VALIDATION_ALG:type=2, length=0
2026-02-10 17:05:35.210 [cefgetfile] WARNING: Unknown VALIDATION_ALG:type=2, length=0
2026-02-10 17:05:35.210 [cefgetfile] WARNING: Unknown VALIDATION_ALG:type=2, length=0
2026-02-10 17:05:35.214 [cefgetfile] WARNING: Unknown VALIDATION_ALG:type=2, length=0
2026-02-10 17:05:35.214 [cefgetfile] WARNING: Unknown VALIDATION_ALG:type=2, length=0
2026-02-10 17:05:35.216 [cefgetfile] WARNING: Unknown VALIDATION_ALG:type=2, length=0
2026-02-10 17:05:35.216 [cefgetfile] WARNING: Unknown VALIDATION_ALG:type=2, length=0
2026-02-10 17:05:35.217 [cefgetfile] WARNING: Unknown VALIDATION_ALG:type=2, length=0
2026-02-10 17:05:35.217 [cefgetfile] WARNING: Unknown VALIDATION_ALG:type=2, length=0
2026-02-10 17:05:35.219 [cefgetfile] WARNING: Unknown VALIDATION_ALG:type=2, length=0
2026-02-10 17:05:35.220 [cefgetfile] WARNING: Unknown VALIDATION_ALG:type=2, length=0
2026-02-10 17:05:35.222 [cefgetfile] WARNING: Unknown VALIDATION_ALG:type=2, length=0
2026-02-10 17:05:35.223 [cefgetfile] WARNING: Unknown VALIDATION_ALG:type=2, length=0
2026-02-10 17:05:35.225 [cefgetfile] WARNING: Unknown VALIDATION_ALG:type=2, length=0
2026-02-10 17:05:35.230 [cefgetfile] WARNING: Unknown VALIDATION_ALG:type=2, length=0
2026-02-10 17:05:35.231 [cefgetfile] WARNING: Unknown VALIDATION_ALG:type=2, length=0
2026-02-10 17:05:35.232 [cefgetfile] WARNING: Unknown VALIDATION_ALG:type=2, length=0
2026-02-10 17:05:35.233 [cefgetfile] WARNING: Unknown VALIDATION_ALG:type=2, length=0
2026-02-10 17:05:35.234 [cefgetfile] WARNING: Unknown VALIDATION_ALG:type=2, length=0
2026-02-10 17:05:35.235 [cefgetfile] WARNING: Unknown VALIDATION_ALG:type=2, length=0
2026-02-10 17:05:35.236 [cefgetfile] WARNING: Unknown VALIDATION_ALG:type=2, length=0
2026-02-10 17:05:35.237 [cefgetfile] WARNING: Unknown VALIDATION_ALG:type=2, length=0
2026-02-10 17:05:35.237 [cefgetfile] WARNING: Unknown VALIDATION_ALG:type=2, length=0
2026-02-10 17:05:35.239 [cefgetfile] WARNING: Unknown VALIDATION_ALG:type=2, length=0
2026-02-10 17:05:35.239 [cefgetfile] WARNING: Unknown VALIDATION_ALG:type=2, length=0
2026-02-10 17:05:35.240 [cefgetfile] WARNING: Unknown VALIDATION_ALG:type=2, length=0
2026-02-10 17:05:35.241 [cefgetfile] WARNING: Unknown VALIDATION_ALG:type=2, length=0
2026-02-10 17:05:35.242 [cefgetfile] WARNING: Unknown VALIDATION_ALG:type=2, length=0
2026-02-10 17:05:35.243 [cefgetfile] WARNING: Unknown VALIDATION_ALG:type=2, length=0
2026-02-10 17:05:35.243 [cefgetfile] WARNING: Unknown VALIDATION_ALG:type=2, length=0
2026-02-10 17:05:35.243 [cefgetfile] WARNING: Unknown VALIDATION_ALG:type=2, length=0
2026-02-10 17:05:35.246 [cefgetfile] WARNING: Unknown VALIDATION_ALG:type=2, length=0
2026-02-10 17:05:35.247 [cefgetfile] WARNING: Unknown VALIDATION_ALG:type=2, length=0
2026-02-10 17:05:35.247 [cefgetfile] WARNING: Unknown VALIDATION_ALG:type=2, length=0
2026-02-10 17:05:35.248 [cefgetfile] WARNING: Unknown VALIDATION_ALG:type=2, length=0
2026-02-10 17:05:35.250 [cefgetfile] WARNING: Unknown VALIDATION_ALG:type=2, length=0
2026-02-10 17:05:35.251 [cefgetfile] WARNING: Unknown VALIDATION_ALG:type=2, length=0
2026-02-10 17:05:35.251 [cefgetfile] WARNING: Unknown VALIDATION_ALG:type=2, length=0
2026-02-10 17:05:35.254 [cefgetfile] WARNING: Unknown VALIDATION_ALG:type=2, length=0
2026-02-10 17:05:35.255 [cefgetfile] WARNING: Unknown VALIDATION_ALG:type=2, length=0
2026-02-10 17:05:35.256 [cefgetfile] WARNING: Unknown VALIDATION_ALG:type=2, length=0
2026-02-10 17:05:35.257 [cefgetfile] WARNING: Unknown VALIDATION_ALG:type=2, length=0
2026-02-10 17:05:35.258 [cefgetfile] WARNING: Unknown VALIDATION_ALG:type=2, length=0
2026-02-10 17:05:35.259 [cefgetfile] WARNING: Unknown VALIDATION_ALG:type=2, length=0
2026-02-10 17:05:35.260 [cefgetfile] WARNING: Unknown VALIDATION_ALG:type=2, length=0
2026-02-10 17:05:35.261 [cefgetfile] WARNING: Unknown VALIDATION_ALG:type=2, length=0
2026-02-10 17:05:35.261 [cefgetfile] WARNING: Unknown VALIDATION_ALG:type=2, length=0
2026-02-10 17:05:35.263 [cefgetfile] WARNING: Unknown VALIDATION_ALG:type=2, length=0
2026-02-10 17:05:35.264 [cefgetfile] WARNING: Unknown VALIDATION_ALG:type=2, length=0
2026-02-10 17:05:35.264 [cefgetfile] WARNING: Unknown VALIDATION_ALG:type=2, length=0
2026-02-10 17:05:35.266 [cefgetfile] WARNING: Unknown VALIDATION_ALG:type=2, length=0
2026-02-10 17:05:35.267 [cefgetfile] WARNING: Unknown VALIDATION_ALG:type=2, length=0
2026-02-10 17:05:35.267 [cefgetfile] WARNING: Unknown VALIDATION_ALG:type=2, length=0
2026-02-10 17:05:35.269 [cefgetfile] WARNING: Unknown VALIDATION_ALG:type=2, length=0
2026-02-10 17:05:35.270 [cefgetfile] WARNING: Unknown VALIDATION_ALG:type=2, length=0
2026-02-10 17:05:35.270 [cefgetfile] WARNING: Unknown VALIDATION_ALG:type=2, length=0
2026-02-10 17:05:35.270 [cefgetfile] WARNING: Unknown VALIDATION_ALG:type=2, length=0
2026-02-10 17:05:35.272 [cefgetfile] WARNING: Unknown VALIDATION_ALG:type=2, length=0
2026-02-10 17:05:35.274 [cefgetfile] WARNING: Unknown VALIDATION_ALG:type=2, length=0
2026-02-10 17:05:35.274 [cefgetfile] WARNING: Unknown VALIDATION_ALG:type=2, length=0
2026-02-10 17:05:35.274 [cefgetfile] WARNING: Unknown VALIDATION_ALG:type=2, length=0
2026-02-10 17:05:35.276 [cefgetfile] WARNING: Unknown VALIDATION_ALG:type=2, length=0
2026-02-10 17:05:35.277 [cefgetfile] WARNING: Unknown VALIDATION_ALG:type=2, length=0
2026-02-10 17:05:35.277 [cefgetfile] WARNING: Unknown VALIDATION_ALG:type=2, length=0
2026-02-10 17:05:35.278 [cefgetfile] WARNING: Unknown VALIDATION_ALG:type=2, length=0
2026-02-10 17:05:35.279 [cefgetfile] WARNING: Unknown VALIDATION_ALG:type=2, length=0
2026-02-10 17:05:35.281 [cefgetfile] WARNING: Unknown VALIDATION_ALG:type=2, length=0
2026-02-10 17:05:35.281 [cefgetfile] WARNING: Unknown VALIDATION_ALG:type=2, length=0
2026-02-10 17:05:35.282 [cefgetfile] WARNING: Unknown VALIDATION_ALG:type=2, length=0
2026-02-10 17:05:35.282 [cefgetfile] WARNING: Unknown VALIDATION_ALG:type=2, length=0
2026-02-10 17:05:35.283 [cefgetfile] WARNING: Unknown VALIDATION_ALG:type=2, length=0
2026-02-10 17:05:35.283 [cefgetfile] WARNING: Unknown VALIDATION_ALG:type=2, length=0
2026-02-10 17:05:35.284 [cefgetfile] WARNING: Unknown VALIDATION_ALG:type=2, length=0
2026-02-10 17:05:35.285 [cefgetfile] WARNING: Unknown VALIDATION_ALG:type=2, length=0
2026-02-10 17:05:35.286 [cefgetfile] WARNING: Unknown VALIDATION_ALG:type=2, length=0
2026-02-10 17:05:35.286 [cefgetfile] WARNING: Unknown VALIDATION_ALG:type=2, length=0
2026-02-10 17:05:35.287 [cefgetfile] WARNING: Unknown VALIDATION_ALG:type=2, length=0
2026-02-10 17:05:35.288 [cefgetfile] WARNING: Unknown VALIDATION_ALG:type=2, length=0
2026-02-10 17:05:35.289 [cefgetfile] WARNING: Unknown VALIDATION_ALG:type=2, length=0
2026-02-10 17:05:35.289 [cefgetfile] WARNING: Unknown VALIDATION_ALG:type=2, length=0
2026-02-10 17:05:35.292 [cefgetfile] WARNING: Unknown VALIDATION_ALG:type=2, length=0
2026-02-10 17:05:35.293 [cefgetfile] WARNING: Unknown VALIDATION_ALG:type=2, length=0
2026-02-10 17:05:35.294 [cefgetfile] WARNING: Unknown VALIDATION_ALG:type=2, length=0
2026-02-10 17:05:35.294 [cefgetfile] WARNING: Unknown VALIDATION_ALG:type=2, length=0
2026-02-10 17:05:35.296 [cefgetfile] WARNING: Unknown VALIDATION_ALG:type=2, length=0
2026-02-10 17:05:35.298 [cefgetfile] WARNING: Unknown VALIDATION_ALG:type=2, length=0
2026-02-10 17:05:35.298 [cefgetfile] WARNING: Unknown VALIDATION_ALG:type=2, length=0
2026-02-10 17:05:35.299 [cefgetfile] WARNING: Unknown VALIDATION_ALG:type=2, length=0
2026-02-10 17:05:35.299 [cefgetfile] WARNING: Unknown VALIDATION_ALG:type=2, length=0
2026-02-10 17:05:35.302 [cefgetfile] WARNING: Unknown VALIDATION_ALG:type=2, length=0
2026-02-10 17:05:35.304 [cefgetfile] WARNING: Unknown VALIDATION_ALG:type=2, length=0
2026-02-10 17:05:35.304 [cefgetfile] WARNING: Unknown VALIDATION_ALG:type=2, length=0
2026-02-10 17:05:35.306 [cefgetfile] WARNING: Unknown VALIDATION_ALG:type=2, length=0
2026-02-10 17:05:35.307 [cefgetfile] WARNING: Unknown VALIDATION_ALG:type=2, length=0
2026-02-10 17:05:35.307 [cefgetfile] WARNING: Unknown VALIDATION_ALG:type=2, length=0
2026-02-10 17:05:35.307 [cefgetfile] WARNING: Unknown VALIDATION_ALG:type=2, length=0
2026-02-10 17:05:35.309 [cefgetfile] WARNING: Unknown VALIDATION_ALG:type=2, length=0
2026-02-10 17:05:35.310 [cefgetfile] WARNING: Unknown VALIDATION_ALG:type=2, length=0
2026-02-10 17:05:35.311 [cefgetfile] WARNING: Unknown VALIDATION_ALG:type=2, length=0
2026-02-10 17:05:35.311 [cefgetfile] WARNING: Unknown VALIDATION_ALG:type=2, length=0
2026-02-10 17:05:35.313 [cefgetfile] WARNING: Unknown VALIDATION_ALG:type=2, length=0
2026-02-10 17:05:35.313 [cefgetfile] WARNING: Unknown VALIDATION_ALG:type=2, length=0
2026-02-10 17:05:35.314 [cefgetfile] WARNING: Unknown VALIDATION_ALG:type=2, length=0
2026-02-10 17:05:35.315 [cefgetfile] WARNING: Unknown VALIDATION_ALG:type=2, length=0
2026-02-10 17:05:35.315 [cefgetfile] WARNING: Unknown VALIDATION_ALG:type=2, length=0
2026-02-10 17:05:35.317 [cefgetfile] WARNING: Unknown VALIDATION_ALG:type=2, length=0
2026-02-10 17:05:35.318 [cefgetfile] WARNING: Unknown VALIDATION_ALG:type=2, length=0
2026-02-10 17:05:35.319 [cefgetfile] WARNING: Unknown VALIDATION_ALG:type=2, length=0
2026-02-10 17:05:35.319 [cefgetfile] WARNING: Unknown VALIDATION_ALG:type=2, length=0
2026-02-10 17:05:35.321 [cefgetfile] WARNING: Unknown VALIDATION_ALG:type=2, length=0
2026-02-10 17:05:35.322 [cefgetfile] WARNING: Unknown VALIDATION_ALG:type=2, length=0
2026-02-10 17:05:35.323 [cefgetfile] WARNING: Unknown VALIDATION_ALG:type=2, length=0
2026-02-10 17:05:35.324 [cefgetfile] WARNING: Unknown VALIDATION_ALG:type=2, length=0
2026-02-10 17:05:35.325 [cefgetfile] WARNING: Unknown VALIDATION_ALG:type=2, length=0
2026-02-10 17:05:35.326 [cefgetfile] WARNING: Unknown VALIDATION_ALG:type=2, length=0
2026-02-10 17:05:35.327 [cefgetfile] WARNING: Unknown VALIDATION_ALG:type=2, length=0
2026-02-10 17:05:35.328 [cefgetfile] WARNING: Unknown VALIDATION_ALG:type=2, length=0
2026-02-10 17:05:35.329 [cefgetfile] WARNING: Unknown VALIDATION_ALG:type=2, length=0
2026-02-10 17:05:35.332 [cefgetfile] WARNING: Unknown VALIDATION_ALG:type=2, length=0
2026-02-10 17:05:35.332 [cefgetfile] WARNING: Unknown VALIDATION_ALG:type=2, length=0
2026-02-10 17:05:35.333 [cefgetfile] WARNING: Unknown VALIDATION_ALG:type=2, length=0
2026-02-10 17:05:35.334 [cefgetfile] WARNING: Unknown VALIDATION_ALG:type=2, length=0
2026-02-10 17:05:35.336 [cefgetfile] WARNING: Unknown VALIDATION_ALG:type=2, length=0
2026-02-10 17:05:35.337 [cefgetfile] WARNING: Unknown VALIDATION_ALG:type=2, length=0
2026-02-10 17:05:35.339 [cefgetfile] WARNING: Unknown VALIDATION_ALG:type=2, length=0
2026-02-10 17:05:35.339 [cefgetfile] WARNING: Unknown VALIDATION_ALG:type=2, length=0
2026-02-10 17:05:35.340 [cefgetfile] WARNING: Unknown VALIDATION_ALG:type=2, length=0
2026-02-10 17:05:35.341 [cefgetfile] WARNING: Unknown VALIDATION_ALG:type=2, length=0
2026-02-10 17:05:35.342 [cefgetfile] WARNING: Unknown VALIDATION_ALG:type=2, length=0
2026-02-10 17:05:35.343 [cefgetfile] WARNING: Unknown VALIDATION_ALG:type=2, length=0
2026-02-10 17:05:35.344 [cefgetfile] WARNING: Unknown VALIDATION_ALG:type=2, length=0
2026-02-10 17:05:35.346 [cefgetfile] WARNING: Unknown VALIDATION_ALG:type=2, length=0
2026-02-10 17:05:35.347 [cefgetfile] WARNING: Unknown VALIDATION_ALG:type=2, length=0
2026-02-10 17:05:35.349 [cefgetfile] WARNING: Unknown VALIDATION_ALG:type=2, length=0
2026-02-10 17:05:35.349 [cefgetfile] WARNING: Unknown VALIDATION_ALG:type=2, length=0
2026-02-10 17:05:35.350 [cefgetfile] WARNING: Unknown VALIDATION_ALG:type=2, length=0
2026-02-10 17:05:35.352 [cefgetfile] WARNING: Unknown VALIDATION_ALG:type=2, length=0
2026-02-10 17:05:35.353 [cefgetfile] WARNING: Unknown VALIDATION_ALG:type=2, length=0
2026-02-10 17:05:35.353 [cefgetfile] WARNING: Unknown VALIDATION_ALG:type=2, length=0
2026-02-10 17:05:35.356 [cefgetfile] WARNING: Unknown VALIDATION_ALG:type=2, length=0
2026-02-10 17:05:35.356 [cefgetfile] WARNING: Unknown VALIDATION_ALG:type=2, length=0
2026-02-10 17:05:35.358 [cefgetfile] WARNING: Unknown VALIDATION_ALG:type=2, length=0
2026-02-10 17:05:35.358 [cefgetfile] WARNING: Unknown VALIDATION_ALG:type=2, length=0
2026-02-10 17:05:35.361 [cefgetfile] WARNING: Unknown VALIDATION_ALG:type=2, length=0
2026-02-10 17:05:35.362 [cefgetfile] WARNING: Unknown VALIDATION_ALG:type=2, length=0
2026-02-10 17:05:35.363 [cefgetfile] WARNING: Unknown VALIDATION_ALG:type=2, length=0
2026-02-10 17:05:35.363 [cefgetfile] WARNING: Unknown VALIDATION_ALG:type=2, length=0
2026-02-10 17:05:35.365 [cefgetfile] WARNING: Unknown VALIDATION_ALG:type=2, length=0
2026-02-10 17:05:35.365 [cefgetfile] WARNING: Unknown VALIDATION_ALG:type=2, length=0
2026-02-10 17:05:35.366 [cefgetfile] WARNING: Unknown VALIDATION_ALG:type=2, length=0
2026-02-10 17:05:35.366 [cefgetfile] WARNING: Unknown VALIDATION_ALG:type=2, length=0
2026-02-10 17:05:35.370 [cefgetfile] WARNING: Unknown VALIDATION_ALG:type=2, length=0
2026-02-10 17:05:35.370 [cefgetfile] WARNING: Unknown VALIDATION_ALG:type=2, length=0
2026-02-10 17:05:35.371 [cefgetfile] WARNING: Unknown VALIDATION_ALG:type=2, length=0
2026-02-10 17:05:35.371 [cefgetfile] WARNING: Unknown VALIDATION_ALG:type=2, length=0
2026-02-10 17:05:35.375 [cefgetfile] WARNING: Unknown VALIDATION_ALG:type=2, length=0
2026-02-10 17:05:35.375 [cefgetfile] WARNING: Unknown VALIDATION_ALG:type=2, length=0
2026-02-10 17:05:35.377 [cefgetfile] WARNING: Unknown VALIDATION_ALG:type=2, length=0
2026-02-10 17:05:35.377 [cefgetfile] WARNING: Unknown VALIDATION_ALG:type=2, length=0
2026-02-10 17:05:35.379 [cefgetfile] WARNING: Unknown VALIDATION_ALG:type=2, length=0
2026-02-10 17:05:35.380 [cefgetfile] WARNING: Unknown VALIDATION_ALG:type=2, length=0
2026-02-10 17:05:35.381 [cefgetfile] WARNING: Unknown VALIDATION_ALG:type=2, length=0
2026-02-10 17:05:35.382 [cefgetfile] WARNING: Unknown VALIDATION_ALG:type=2, length=0
2026-02-10 17:05:35.383 [cefgetfile] WARNING: Unknown VALIDATION_ALG:type=2, length=0
2026-02-10 17:05:35.384 [cefgetfile] WARNING: Unknown VALIDATION_ALG:type=2, length=0
2026-02-10 17:05:35.385 [cefgetfile] WARNING: Unknown VALIDATION_ALG:type=2, length=0
2026-02-10 17:05:35.386 [cefgetfile] WARNING: Unknown VALIDATION_ALG:type=2, length=0
2026-02-10 17:05:35.387 [cefgetfile] WARNING: Unknown VALIDATION_ALG:type=2, length=0
2026-02-10 17:05:35.388 [cefgetfile] WARNING: Unknown VALIDATION_ALG:type=2, length=0
2026-02-10 17:05:35.389 [cefgetfile] WARNING: Unknown VALIDATION_ALG:type=2, length=0
2026-02-10 17:05:35.390 [cefgetfile] WARNING: Unknown VALIDATION_ALG:type=2, length=0
2026-02-10 17:05:35.392 [cefgetfile] WARNING: Unknown VALIDATION_ALG:type=2, length=0
2026-02-10 17:05:35.392 [cefgetfile] WARNING: Unknown VALIDATION_ALG:type=2, length=0
2026-02-10 17:05:35.393 [cefgetfile] WARNING: Unknown VALIDATION_ALG:type=2, length=0
2026-02-10 17:05:35.393 [cefgetfile] WARNING: Unknown VALIDATION_ALG:type=2, length=0
2026-02-10 17:05:35.398 [cefgetfile] WARNING: Unknown VALIDATION_ALG:type=2, length=0
2026-02-10 17:05:35.399 [cefgetfile] WARNING: Unknown VALIDATION_ALG:type=2, length=0
2026-02-10 17:05:35.400 [cefgetfile] WARNING: Unknown VALIDATION_ALG:type=2, length=0
2026-02-10 17:05:35.401 [cefgetfile] WARNING: Unknown VALIDATION_ALG:type=2, length=0
2026-02-10 17:05:35.405 [cefgetfile] WARNING: Unknown VALIDATION_ALG:type=2, length=0
2026-02-10 17:05:35.406 [cefgetfile] WARNING: Unknown VALIDATION_ALG:type=2, length=0
2026-02-10 17:05:35.407 [cefgetfile] WARNING: Unknown VALIDATION_ALG:type=2, length=0
2026-02-10 17:05:35.407 [cefgetfile] WARNING: Unknown VALIDATION_ALG:type=2, length=0
2026-02-10 17:05:35.411 [cefgetfile] WARNING: Unknown VALIDATION_ALG:type=2, length=0
2026-02-10 17:05:35.412 [cefgetfile] WARNING: Unknown VALIDATION_ALG:type=2, length=0
2026-02-10 17:05:35.413 [cefgetfile] WARNING: Unknown VALIDATION_ALG:type=2, length=0
2026-02-10 17:05:35.414 [cefgetfile] WARNING: Unknown VALIDATION_ALG:type=2, length=0
2026-02-10 17:05:35.416 [cefgetfile] WARNING: Unknown VALIDATION_ALG:type=2, length=0
2026-02-10 17:05:35.417 [cefgetfile] WARNING: Unknown VALIDATION_ALG:type=2, length=0
2026-02-10 17:05:35.418 [cefgetfile] WARNING: Unknown VALIDATION_ALG:type=2, length=0
2026-02-10 17:05:35.418 [cefgetfile] WARNING: Unknown VALIDATION_ALG:type=2, length=0
2026-02-10 17:05:35.421 [cefgetfile] WARNING: Unknown VALIDATION_ALG:type=2, length=0
2026-02-10 17:05:35.421 [cefgetfile] WARNING: Unknown VALIDATION_ALG:type=2, length=0
2026-02-10 17:05:35.423 [cefgetfile] WARNING: Unknown VALIDATION_ALG:type=2, length=0
2026-02-10 17:05:35.423 [cefgetfile] WARNING: Unknown VALIDATION_ALG:type=2, length=0
2026-02-10 17:05:35.425 [cefgetfile] WARNING: Unknown VALIDATION_ALG:type=2, length=0
2026-02-10 17:05:35.426 [cefgetfile] WARNING: Unknown VALIDATION_ALG:type=2, length=0
2026-02-10 17:05:35.426 [cefgetfile] WARNING: Unknown VALIDATION_ALG:type=2, length=0
2026-02-10 17:05:35.427 [cefgetfile] WARNING: Unknown VALIDATION_ALG:type=2, length=0
2026-02-10 17:05:35.429 [cefgetfile] WARNING: Unknown VALIDATION_ALG:type=2, length=0
2026-02-10 17:05:35.430 [cefgetfile] WARNING: Unknown VALIDATION_ALG:type=2, length=0
2026-02-10 17:05:35.431 [cefgetfile] WARNING: Unknown VALIDATION_ALG:type=2, length=0
2026-02-10 17:05:35.431 [cefgetfile] WARNING: Unknown VALIDATION_ALG:type=2, length=0
2026-02-10 17:05:35.432 [cefgetfile] WARNING: Unknown VALIDATION_ALG:type=2, length=0
2026-02-10 17:05:35.433 [cefgetfile] WARNING: Unknown VALIDATION_ALG:type=2, length=0
2026-02-10 17:05:35.434 [cefgetfile] WARNING: Unknown VALIDATION_ALG:type=2, length=0
2026-02-10 17:05:35.435 [cefgetfile] WARNING: Unknown VALIDATION_ALG:type=2, length=0
2026-02-10 17:05:35.435 [cefgetfile] WARNING: Unknown VALIDATION_ALG:type=2, length=0
2026-02-10 17:05:35.436 [cefgetfile] WARNING: Unknown VALIDATION_ALG:type=2, length=0
2026-02-10 17:05:35.437 [cefgetfile] WARNING: Unknown VALIDATION_ALG:type=2, length=0
2026-02-10 17:05:35.438 [cefgetfile] WARNING: Unknown VALIDATION_ALG:type=2, length=0
2026-02-10 17:05:35.438 [cefgetfile] WARNING: Unknown VALIDATION_ALG:type=2, length=0
2026-02-10 17:05:35.442 [cefgetfile] WARNING: Unknown VALIDATION_ALG:type=2, length=0
2026-02-10 17:05:35.443 [cefgetfile] WARNING: Unknown VALIDATION_ALG:type=2, length=0
2026-02-10 17:05:35.443 [cefgetfile] WARNING: Unknown VALIDATION_ALG:type=2, length=0
2026-02-10 17:05:35.444 [cefgetfile] WARNING: Unknown VALIDATION_ALG:type=2, length=0
2026-02-10 17:05:35.447 [cefgetfile] WARNING: Unknown VALIDATION_ALG:type=2, length=0
2026-02-10 17:05:35.448 [cefgetfile] WARNING: Unknown VALIDATION_ALG:type=2, length=0
2026-02-10 17:05:35.450 [cefgetfile] WARNING: Unknown VALIDATION_ALG:type=2, length=0
2026-02-10 17:05:35.450 [cefgetfile] WARNING: Unknown VALIDATION_ALG:type=2, length=0
2026-02-10 17:05:35.451 [cefgetfile] WARNING: Unknown VALIDATION_ALG:type=2, length=0
2026-02-10 17:05:35.451 [cefgetfile] WARNING: Unknown VALIDATION_ALG:type=2, length=0
2026-02-10 17:05:35.454 [cefgetfile] WARNING: Unknown VALIDATION_ALG:type=2, length=0
2026-02-10 17:05:35.456 [cefgetfile] WARNING: Unknown VALIDATION_ALG:type=2, length=0
2026-02-10 17:05:35.457 [cefgetfile] WARNING: Unknown VALIDATION_ALG:type=2, length=0
2026-02-10 17:05:35.459 [cefgetfile] WARNING: Unknown VALIDATION_ALG:type=2, length=0
2026-02-10 17:05:35.460 [cefgetfile] WARNING: Unknown VALIDATION_ALG:type=2, length=0
2026-02-10 17:05:35.462 [cefgetfile] WARNING: Unknown VALIDATION_ALG:type=2, length=0
2026-02-10 17:05:35.463 [cefgetfile] WARNING: Unknown VALIDATION_ALG:type=2, length=0
2026-02-10 17:05:35.464 [cefgetfile] WARNING: Unknown VALIDATION_ALG:type=2, length=0
2026-02-10 17:05:35.465 [cefgetfile] WARNING: Unknown VALIDATION_ALG:type=2, length=0
2026-02-10 17:05:35.466 [cefgetfile] WARNING: Unknown VALIDATION_ALG:type=2, length=0
2026-02-10 17:05:35.466 [cefgetfile] WARNING: Unknown VALIDATION_ALG:type=2, length=0
2026-02-10 17:05:35.468 [cefgetfile] WARNING: Unknown VALIDATION_ALG:type=2, length=0
2026-02-10 17:05:35.469 [cefgetfile] WARNING: Unknown VALIDATION_ALG:type=2, length=0
2026-02-10 17:05:35.470 [cefgetfile] WARNING: Unknown VALIDATION_ALG:type=2, length=0
2026-02-10 17:05:35.471 [cefgetfile] WARNING: Unknown VALIDATION_ALG:type=2, length=0
2026-02-10 17:05:35.472 [cefgetfile] WARNING: Unknown VALIDATION_ALG:type=2, length=0
2026-02-10 17:05:35.474 [cefgetfile] WARNING: Unknown VALIDATION_ALG:type=2, length=0
2026-02-10 17:05:35.475 [cefgetfile] WARNING: Unknown VALIDATION_ALG:type=2, length=0
2026-02-10 17:05:35.477 [cefgetfile] WARNING: Unknown VALIDATION_ALG:type=2, length=0
2026-02-10 17:05:35.478 [cefgetfile] WARNING: Unknown VALIDATION_ALG:type=2, length=0
2026-02-10 17:05:35.479 [cefgetfile] WARNING: Unknown VALIDATION_ALG:type=2, length=0
2026-02-10 17:05:35.480 [cefgetfile] WARNING: Unknown VALIDATION_ALG:type=2, length=0
2026-02-10 17:05:35.480 [cefgetfile] WARNING: Unknown VALIDATION_ALG:type=2, length=0
2026-02-10 17:05:35.481 [cefgetfile] WARNING: Unknown VALIDATION_ALG:type=2, length=0
2026-02-10 17:05:35.481 [cefgetfile] WARNING: Unknown VALIDATION_ALG:type=2, length=0
2026-02-10 17:05:35.484 [cefgetfile] WARNING: Unknown VALIDATION_ALG:type=2, length=0
2026-02-10 17:05:35.486 [cefgetfile] WARNING: Unknown VALIDATION_ALG:type=2, length=0
2026-02-10 17:05:35.488 [cefgetfile] WARNING: Unknown VALIDATION_ALG:type=2, length=0
2026-02-10 17:05:35.488 [cefgetfile] WARNING: Unknown VALIDATION_ALG:type=2, length=0
2026-02-10 17:05:35.490 [cefgetfile] WARNING: Unknown VALIDATION_ALG:type=2, length=0
2026-02-10 17:05:35.491 [cefgetfile] WARNING: Unknown VALIDATION_ALG:type=2, length=0
2026-02-10 17:05:35.491 [cefgetfile] WARNING: Unknown VALIDATION_ALG:type=2, length=0
2026-02-10 17:05:35.494 [cefgetfile] WARNING: Unknown VALIDATION_ALG:type=2, length=0
2026-02-10 17:05:35.495 [cefgetfile] WARNING: Unknown VALIDATION_ALG:type=2, length=0
2026-02-10 17:05:35.496 [cefgetfile] WARNING: Unknown VALIDATION_ALG:type=2, length=0
2026-02-10 17:05:35.497 [cefgetfile] WARNING: Unknown VALIDATION_ALG:type=2, length=0
2026-02-10 17:05:35.499 [cefgetfile] WARNING: Unknown VALIDATION_ALG:type=2, length=0
2026-02-10 17:05:35.501 [cefgetfile] WARNING: Unknown VALIDATION_ALG:type=2, length=0
2026-02-10 17:05:35.501 [cefgetfile] WARNING: Unknown VALIDATION_ALG:type=2, length=0
2026-02-10 17:05:35.501 [cefgetfile] WARNING: Unknown VALIDATION_ALG:type=2, length=0
2026-02-10 17:05:35.503 [cefgetfile] WARNING: Unknown VALIDATION_ALG:type=2, length=0
2026-02-10 17:05:35.504 [cefgetfile] WARNING: Unknown VALIDATION_ALG:type=2, length=0
2026-02-10 17:05:35.504 [cefgetfile] WARNING: Unknown VALIDATION_ALG:type=2, length=0
2026-02-10 17:05:35.505 [cefgetfile] WARNING: Unknown VALIDATION_ALG:type=2, length=0
2026-02-10 17:05:35.506 [cefgetfile] WARNING: Unknown VALIDATION_ALG:type=2, length=0
2026-02-10 17:05:35.508 [cefgetfile] WARNING: Unknown VALIDATION_ALG:type=2, length=0
2026-02-10 17:05:35.509 [cefgetfile] WARNING: Unknown VALIDATION_ALG:type=2, length=0
2026-02-10 17:05:35.509 [cefgetfile] WARNING: Unknown VALIDATION_ALG:type=2, length=0
2026-02-10 17:05:35.510 [cefgetfile] WARNING: Unknown VALIDATION_ALG:type=2, length=0
2026-02-10 17:05:35.511 [cefgetfile] WARNING: Unknown VALIDATION_ALG:type=2, length=0
2026-02-10 17:05:35.513 [cefgetfile] WARNING: Unknown VALIDATION_ALG:type=2, length=0
2026-02-10 17:05:35.513 [cefgetfile] WARNING: Unknown VALIDATION_ALG:type=2, length=0
2026-02-10 17:05:35.514 [cefgetfile] WARNING: Unknown VALIDATION_ALG:type=2, length=0
2026-02-10 17:05:35.516 [cefgetfile] WARNING: Unknown VALIDATION_ALG:type=2, length=0
2026-02-10 17:05:35.518 [cefgetfile] WARNING: Unknown VALIDATION_ALG:type=2, length=0
2026-02-10 17:05:35.520 [cefgetfile] WARNING: Unknown VALIDATION_ALG:type=2, length=0
2026-02-10 17:05:35.521 [cefgetfile] WARNING: Unknown VALIDATION_ALG:type=2, length=0
2026-02-10 17:05:35.522 [cefgetfile] WARNING: Unknown VALIDATION_ALG:type=2, length=0
2026-02-10 17:05:35.523 [cefgetfile] WARNING: Unknown VALIDATION_ALG:type=2, length=0
2026-02-10 17:05:35.523 [cefgetfile] WARNING: Unknown VALIDATION_ALG:type=2, length=0
2026-02-10 17:05:35.524 [cefgetfile] WARNING: Unknown VALIDATION_ALG:type=2, length=0
2026-02-10 17:05:35.525 [cefgetfile] WARNING: Unknown VALIDATION_ALG:type=2, length=0
2026-02-10 17:05:35.526 [cefgetfile] WARNING: Unknown VALIDATION_ALG:type=2, length=0
2026-02-10 17:05:35.526 [cefgetfile] WARNING: Unknown VALIDATION_ALG:type=2, length=0
2026-02-10 17:05:35.527 [cefgetfile] WARNING: Unknown VALIDATION_ALG:type=2, length=0
2026-02-10 17:05:35.527 [cefgetfile] WARNING: Unknown VALIDATION_ALG:type=2, length=0
2026-02-10 17:05:35.528 [cefgetfile] WARNING: Unknown VALIDATION_ALG:type=2, length=0
2026-02-10 17:05:35.528 [cefgetfile] WARNING: Unknown VALIDATION_ALG:type=2, length=0
2026-02-10 17:05:35.530 [cefgetfile] WARNING: Unknown VALIDATION_ALG:type=2, length=0
2026-02-10 17:05:35.531 [cefgetfile] WARNING: Unknown VALIDATION_ALG:type=2, length=0
2026-02-10 17:05:35.532 [cefgetfile] WARNING: Unknown VALIDATION_ALG:type=2, length=0
2026-02-10 17:05:35.532 [cefgetfile] WARNING: Unknown VALIDATION_ALG:type=2, length=0
2026-02-10 17:05:35.533 [cefgetfile] WARNING: Unknown VALIDATION_ALG:type=2, length=0
2026-02-10 17:05:35.534 [cefgetfile] WARNING: Unknown VALIDATION_ALG:type=2, length=0
2026-02-10 17:05:35.534 [cefgetfile] WARNING: Unknown VALIDATION_ALG:type=2, length=0
2026-02-10 17:05:35.534 [cefgetfile] WARNING: Unknown VALIDATION_ALG:type=2, length=0
2026-02-10 17:05:35.535 [cefgetfile] WARNING: Unknown VALIDATION_ALG:type=2, length=0
2026-02-10 17:05:35.536 [cefgetfile] WARNING: Unknown VALIDATION_ALG:type=2, length=0
2026-02-10 17:05:35.536 [cefgetfile] WARNING: Unknown VALIDATION_ALG:type=2, length=0
2026-02-10 17:05:35.537 [cefgetfile] WARNING: Unknown VALIDATION_ALG:type=2, length=0
2026-02-10 17:05:35.538 [cefgetfile] WARNING: Unknown VALIDATION_ALG:type=2, length=0
2026-02-10 17:05:35.538 [cefgetfile] WARNING: Unknown VALIDATION_ALG:type=2, length=0
2026-02-10 17:05:35.540 [cefgetfile] WARNING: Unknown VALIDATION_ALG:type=2, length=0
2026-02-10 17:05:35.541 [cefgetfile] WARNING: Unknown VALIDATION_ALG:type=2, length=0
2026-02-10 17:05:35.541 [cefgetfile] WARNING: Unknown VALIDATION_ALG:type=2, length=0
2026-02-10 17:05:35.542 [cefgetfile] WARNING: Unknown VALIDATION_ALG:type=2, length=0
2026-02-10 17:05:35.544 [cefgetfile] WARNING: Unknown VALIDATION_ALG:type=2, length=0
2026-02-10 17:05:35.544 [cefgetfile] WARNING: Unknown VALIDATION_ALG:type=2, length=0
2026-02-10 17:05:35.545 [cefgetfile] WARNING: Unknown VALIDATION_ALG:type=2, length=0
2026-02-10 17:05:35.546 [cefgetfile] WARNING: Unknown VALIDATION_ALG:type=2, length=0
2026-02-10 17:05:35.548 [cefgetfile] WARNING: Unknown VALIDATION_ALG:type=2, length=0
2026-02-10 17:05:35.549 [cefgetfile] WARNING: Unknown VALIDATION_ALG:type=2, length=0
2026-02-10 17:05:35.549 [cefgetfile] WARNING: Unknown VALIDATION_ALG:type=2, length=0
2026-02-10 17:05:35.550 [cefgetfile] WARNING: Unknown VALIDATION_ALG:type=2, length=0
2026-02-10 17:05:35.552 [cefgetfile] WARNING: Unknown VALIDATION_ALG:type=2, length=0
2026-02-10 17:05:35.552 [cefgetfile] WARNING: Unknown VALIDATION_ALG:type=2, length=0
2026-02-10 17:05:35.553 [cefgetfile] WARNING: Unknown VALIDATION_ALG:type=2, length=0
2026-02-10 17:05:35.554 [cefgetfile] WARNING: Unknown VALIDATION_ALG:type=2, length=0
2026-02-10 17:05:35.555 [cefgetfile] WARNING: Unknown VALIDATION_ALG:type=2, length=0
2026-02-10 17:05:35.556 [cefgetfile] WARNING: Unknown VALIDATION_ALG:type=2, length=0
2026-02-10 17:05:35.557 [cefgetfile] WARNING: Unknown VALIDATION_ALG:type=2, length=0
2026-02-10 17:05:35.558 [cefgetfile] WARNING: Unknown VALIDATION_ALG:type=2, length=0
2026-02-10 17:05:35.561 [cefgetfile] WARNING: Unknown VALIDATION_ALG:type=2, length=0
2026-02-10 17:05:35.562 [cefgetfile] WARNING: Unknown VALIDATION_ALG:type=2, length=0
2026-02-10 17:05:35.562 [cefgetfile] WARNING: Unknown VALIDATION_ALG:type=2, length=0
2026-02-10 17:05:35.563 [cefgetfile] WARNING: Unknown VALIDATION_ALG:type=2, length=0
2026-02-10 17:05:35.564 [cefgetfile] WARNING: Unknown VALIDATION_ALG:type=2, length=0
2026-02-10 17:05:35.564 [cefgetfile] WARNING: Unknown VALIDATION_ALG:type=2, length=0
2026-02-10 17:05:35.565 [cefgetfile] WARNING: Unknown VALIDATION_ALG:type=2, length=0
2026-02-10 17:05:35.567 [cefgetfile] WARNING: Unknown VALIDATION_ALG:type=2, length=0
2026-02-10 17:05:35.569 [cefgetfile] WARNING: Unknown VALIDATION_ALG:type=2, length=0
2026-02-10 17:05:35.569 [cefgetfile] WARNING: Unknown VALIDATION_ALG:type=2, length=0
2026-02-10 17:05:35.570 [cefgetfile] WARNING: Unknown VALIDATION_ALG:type=2, length=0
2026-02-10 17:05:35.571 [cefgetfile] WARNING: Unknown VALIDATION_ALG:type=2, length=0
2026-02-10 17:05:35.572 [cefgetfile] WARNING: Unknown VALIDATION_ALG:type=2, length=0
2026-02-10 17:05:35.573 [cefgetfile] WARNING: Unknown VALIDATION_ALG:type=2, length=0
2026-02-10 17:05:35.574 [cefgetfile] WARNING: Unknown VALIDATION_ALG:type=2, length=0
2026-02-10 17:05:35.575 [cefgetfile] WARNING: Unknown VALIDATION_ALG:type=2, length=0
2026-02-10 17:05:35.577 [cefgetfile] WARNING: Unknown VALIDATION_ALG:type=2, length=0
2026-02-10 17:05:35.577 [cefgetfile] WARNING: Unknown VALIDATION_ALG:type=2, length=0
2026-02-10 17:05:35.579 [cefgetfile] WARNING: Unknown VALIDATION_ALG:type=2, length=0
2026-02-10 17:05:35.581 [cefgetfile] WARNING: Unknown VALIDATION_ALG:type=2, length=0
2026-02-10 17:05:35.582 [cefgetfile] WARNING: Unknown VALIDATION_ALG:type=2, length=0
2026-02-10 17:05:35.584 [cefgetfile] WARNING: Unknown VALIDATION_ALG:type=2, length=0
2026-02-10 17:05:35.584 [cefgetfile] WARNING: Unknown VALIDATION_ALG:type=2, length=0
2026-02-10 17:05:35.586 [cefgetfile] WARNING: Unknown VALIDATION_ALG:type=2, length=0
2026-02-10 17:05:35.586 [cefgetfile] WARNING: Unknown VALIDATION_ALG:type=2, length=0
2026-02-10 17:05:35.588 [cefgetfile] WARNING: Unknown VALIDATION_ALG:type=2, length=0
2026-02-10 17:05:35.588 [cefgetfile] WARNING: Unknown VALIDATION_ALG:type=2, length=0
2026-02-10 17:05:35.590 [cefgetfile] WARNING: Unknown VALIDATION_ALG:type=2, length=0
2026-02-10 17:05:35.591 [cefgetfile] WARNING: Unknown VALIDATION_ALG:type=2, length=0
2026-02-10 17:05:35.591 [cefgetfile] WARNING: Unknown VALIDATION_ALG:type=2, length=0
2026-02-10 17:05:35.593 [cefgetfile] WARNING: Unknown VALIDATION_ALG:type=2, length=0
2026-02-10 17:05:35.595 [cefgetfile] WARNING: Unknown VALIDATION_ALG:type=2, length=0
2026-02-10 17:05:35.595 [cefgetfile] WARNING: Unknown VALIDATION_ALG:type=2, length=0
2026-02-10 17:05:35.596 [cefgetfile] WARNING: Unknown VALIDATION_ALG:type=2, length=0
2026-02-10 17:05:35.597 [cefgetfile] WARNING: Unknown VALIDATION_ALG:type=2, length=0
2026-02-10 17:05:35.598 [cefgetfile] WARNING: Unknown VALIDATION_ALG:type=2, length=0
2026-02-10 17:05:35.598 [cefgetfile] WARNING: Unknown VALIDATION_ALG:type=2, length=0
2026-02-10 17:05:35.599 [cefgetfile] WARNING: Unknown VALIDATION_ALG:type=2, length=0
2026-02-10 17:05:35.601 [cefgetfile] WARNING: Unknown VALIDATION_ALG:type=2, length=0
2026-02-10 17:05:35.603 [cefgetfile] WARNING: Unknown VALIDATION_ALG:type=2, length=0
2026-02-10 17:05:35.603 [cefgetfile] WARNING: Unknown VALIDATION_ALG:type=2, length=0
2026-02-10 17:05:35.604 [cefgetfile] WARNING: Unknown VALIDATION_ALG:type=2, length=0
2026-02-10 17:05:35.605 [cefgetfile] WARNING: Unknown VALIDATION_ALG:type=2, length=0
2026-02-10 17:05:35.606 [cefgetfile] WARNING: Unknown VALIDATION_ALG:type=2, length=0
2026-02-10 17:05:35.607 [cefgetfile] WARNING: Unknown VALIDATION_ALG:type=2, length=0
2026-02-10 17:05:35.608 [cefgetfile] WARNING: Unknown VALIDATION_ALG:type=2, length=0
2026-02-10 17:05:35.610 [cefgetfile] WARNING: Unknown VALIDATION_ALG:type=2, length=0
2026-02-10 17:05:35.611 [cefgetfile] WARNING: Unknown VALIDATION_ALG:type=2, length=0
2026-02-10 17:05:35.611 [cefgetfile] WARNING: Unknown VALIDATION_ALG:type=2, length=0
2026-02-10 17:05:35.612 [cefgetfile] WARNING: Unknown VALIDATION_ALG:type=2, length=0
2026-02-10 17:05:35.612 [cefgetfile] WARNING: Unknown VALIDATION_ALG:type=2, length=0
2026-02-10 17:05:35.613 [cefgetfile] WARNING: Unknown VALIDATION_ALG:type=2, length=0
2026-02-10 17:05:35.615 [cefgetfile] WARNING: Unknown VALIDATION_ALG:type=2, length=0
2026-02-10 17:05:35.616 [cefgetfile] WARNING: Unknown VALIDATION_ALG:type=2, length=0
2026-02-10 17:05:35.617 [cefgetfile] WARNING: Unknown VALIDATION_ALG:type=2, length=0
2026-02-10 17:05:35.619 [cefgetfile] WARNING: Unknown VALIDATION_ALG:type=2, length=0
2026-02-10 17:05:35.621 [cefgetfile] WARNING: Unknown VALIDATION_ALG:type=2, length=0
2026-02-10 17:05:35.623 [cefgetfile] WARNING: Unknown VALIDATION_ALG:type=2, length=0
2026-02-10 17:05:35.623 [cefgetfile] WARNING: Unknown VALIDATION_ALG:type=2, length=0
2026-02-10 17:05:35.623 [cefgetfile] WARNING: Unknown VALIDATION_ALG:type=2, length=0
2026-02-10 17:05:35.625 [cefgetfile] WARNING: Unknown VALIDATION_ALG:type=2, length=0
2026-02-10 17:05:35.625 [cefgetfile] WARNING: Unknown VALIDATION_ALG:type=2, length=0
2026-02-10 17:05:35.627 [cefgetfile] WARNING: Unknown VALIDATION_ALG:type=2, length=0
2026-02-10 17:05:35.627 [cefgetfile] WARNING: Unknown VALIDATION_ALG:type=2, length=0
2026-02-10 17:05:35.629 [cefgetfile] WARNING: Unknown VALIDATION_ALG:type=2, length=0
2026-02-10 17:05:35.630 [cefgetfile] WARNING: Unknown VALIDATION_ALG:type=2, length=0
2026-02-10 17:05:35.630 [cefgetfile] WARNING: Unknown VALIDATION_ALG:type=2, length=0
2026-02-10 17:05:35.632 [cefgetfile] WARNING: Unknown VALIDATION_ALG:type=2, length=0
2026-02-10 17:05:35.632 [cefgetfile] WARNING: Unknown VALIDATION_ALG:type=2, length=0
2026-02-10 17:05:35.633 [cefgetfile] WARNING: Unknown VALIDATION_ALG:type=2, length=0
2026-02-10 17:05:35.633 [cefgetfile] WARNING: Unknown VALIDATION_ALG:type=2, length=0
2026-02-10 17:05:35.636 [cefgetfile] WARNING: Unknown VALIDATION_ALG:type=2, length=0
2026-02-10 17:05:35.636 [cefgetfile] WARNING: Unknown VALIDATION_ALG:type=2, length=0
2026-02-10 17:05:35.637 [cefgetfile] WARNING: Unknown VALIDATION_ALG:type=2, length=0
2026-02-10 17:05:35.637 [cefgetfile] WARNING: Unknown VALIDATION_ALG:type=2, length=0
2026-02-10 17:05:35.638 [cefgetfile] WARNING: Unknown VALIDATION_ALG:type=2, length=0
2026-02-10 17:05:35.640 [cefgetfile] WARNING: Unknown VALIDATION_ALG:type=2, length=0
2026-02-10 17:05:35.640 [cefgetfile] WARNING: Unknown VALIDATION_ALG:type=2, length=0
2026-02-10 17:05:35.641 [cefgetfile] WARNING: Unknown VALIDATION_ALG:type=2, length=0
2026-02-10 17:05:35.641 [cefgetfile] WARNING: Unknown VALIDATION_ALG:type=2, length=0
2026-02-10 17:05:35.643 [cefgetfile] WARNING: Unknown VALIDATION_ALG:type=2, length=0
2026-02-10 17:05:35.644 [cefgetfile] WARNING: Unknown VALIDATION_ALG:type=2, length=0
2026-02-10 17:05:35.644 [cefgetfile] WARNING: Unknown VALIDATION_ALG:type=2, length=0
2026-02-10 17:05:35.645 [cefgetfile] WARNING: Unknown VALIDATION_ALG:type=2, length=0
2026-02-10 17:05:35.646 [cefgetfile] WARNING: Unknown VALIDATION_ALG:type=2, length=0
2026-02-10 17:05:35.647 [cefgetfile] WARNING: Unknown VALIDATION_ALG:type=2, length=0
2026-02-10 17:05:35.648 [cefgetfile] WARNING: Unknown VALIDATION_ALG:type=2, length=0
2026-02-10 17:05:35.648 [cefgetfile] WARNING: Unknown VALIDATION_ALG:type=2, length=0
2026-02-10 17:05:35.650 [cefgetfile] WARNING: Unknown VALIDATION_ALG:type=2, length=0
2026-02-10 17:05:35.650 [cefgetfile] WARNING: Unknown VALIDATION_ALG:type=2, length=0
2026-02-10 17:05:35.651 [cefgetfile] WARNING: Unknown VALIDATION_ALG:type=2, length=0
2026-02-10 17:05:35.652 [cefgetfile] WARNING: Unknown VALIDATION_ALG:type=2, length=0
2026-02-10 17:05:35.652 [cefgetfile] WARNING: Unknown VALIDATION_ALG:type=2, length=0
2026-02-10 17:05:35.653 [cefgetfile] WARNING: Unknown VALIDATION_ALG:type=2, length=0
2026-02-10 17:05:35.656 [cefgetfile] WARNING: Unknown VALIDATION_ALG:type=2, length=0
2026-02-10 17:05:35.657 [cefgetfile] WARNING: Unknown VALIDATION_ALG:type=2, length=0
2026-02-10 17:05:35.659 [cefgetfile] WARNING: Unknown VALIDATION_ALG:type=2, length=0
2026-02-10 17:05:35.659 [cefgetfile] WARNING: Unknown VALIDATION_ALG:type=2, length=0
2026-02-10 17:05:35.660 [cefgetfile] WARNING: Unknown VALIDATION_ALG:type=2, length=0
2026-02-10 17:05:35.660 [cefgetfile] WARNING: Unknown VALIDATION_ALG:type=2, length=0
2026-02-10 17:05:35.663 [cefgetfile] WARNING: Unknown VALIDATION_ALG:type=2, length=0
2026-02-10 17:05:35.663 [cefgetfile] WARNING: Unknown VALIDATION_ALG:type=2, length=0
2026-02-10 17:05:35.664 [cefgetfile] WARNING: Unknown VALIDATION_ALG:type=2, length=0
2026-02-10 17:05:35.664 [cefgetfile] WARNING: Unknown VALIDATION_ALG:type=2, length=0
2026-02-10 17:05:35.667 [cefgetfile] WARNING: Unknown VALIDATION_ALG:type=2, length=0
2026-02-10 17:05:35.668 [cefgetfile] WARNING: Unknown VALIDATION_ALG:type=2, length=0
2026-02-10 17:05:35.669 [cefgetfile] WARNING: Unknown VALIDATION_ALG:type=2, length=0
2026-02-10 17:05:35.670 [cefgetfile] WARNING: Unknown VALIDATION_ALG:type=2, length=0
2026-02-10 17:05:35.671 [cefgetfile] WARNING: Unknown VALIDATION_ALG:type=2, length=0
2026-02-10 17:05:35.672 [cefgetfile] WARNING: Unknown VALIDATION_ALG:type=2, length=0
2026-02-10 17:05:35.673 [cefgetfile] WARNING: Unknown VALIDATION_ALG:type=2, length=0
2026-02-10 17:05:35.673 [cefgetfile] WARNING: Unknown VALIDATION_ALG:type=2, length=0
2026-02-10 17:05:35.675 [cefgetfile] WARNING: Unknown VALIDATION_ALG:type=2, length=0
2026-02-10 17:05:35.675 [cefgetfile] WARNING: Unknown VALIDATION_ALG:type=2, length=0
2026-02-10 17:05:35.676 [cefgetfile] WARNING: Unknown VALIDATION_ALG:type=2, length=0
2026-02-10 17:05:35.678 [cefgetfile] WARNING: Unknown VALIDATION_ALG:type=2, length=0
2026-02-10 17:05:35.679 [cefgetfile] WARNING: Unknown VALIDATION_ALG:type=2, length=0
2026-02-10 17:05:35.679 [cefgetfile] WARNING: Unknown VALIDATION_ALG:type=2, length=0
2026-02-10 17:05:35.680 [cefgetfile] WARNING: Unknown VALIDATION_ALG:type=2, length=0
2026-02-10 17:05:35.680 [cefgetfile] WARNING: Unknown VALIDATION_ALG:type=2, length=0
2026-02-10 17:05:35.682 [cefgetfile] WARNING: Unknown VALIDATION_ALG:type=2, length=0
2026-02-10 17:05:35.683 [cefgetfile] WARNING: Unknown VALIDATION_ALG:type=2, length=0
2026-02-10 17:05:35.684 [cefgetfile] WARNING: Unknown VALIDATION_ALG:type=2, length=0
2026-02-10 17:05:35.685 [cefgetfile] WARNING: Unknown VALIDATION_ALG:type=2, length=0
2026-02-10 17:05:35.687 [cefgetfile] WARNING: Unknown VALIDATION_ALG:type=2, length=0
2026-02-10 17:05:35.688 [cefgetfile] WARNING: Unknown VALIDATION_ALG:type=2, length=0
2026-02-10 17:05:35.689 [cefgetfile] WARNING: Unknown VALIDATION_ALG:type=2, length=0
2026-02-10 17:05:35.689 [cefgetfile] WARNING: Unknown VALIDATION_ALG:type=2, length=0
2026-02-10 17:05:35.691 [cefgetfile] WARNING: Unknown VALIDATION_ALG:type=2, length=0
2026-02-10 17:05:35.691 [cefgetfile] WARNING: Unknown VALIDATION_ALG:type=2, length=0
2026-02-10 17:05:35.693 [cefgetfile] WARNING: Unknown VALIDATION_ALG:type=2, length=0
2026-02-10 17:05:35.693 [cefgetfile] WARNING: Unknown VALIDATION_ALG:type=2, length=0
2026-02-10 17:05:35.694 [cefgetfile] WARNING: Unknown VALIDATION_ALG:type=2, length=0
2026-02-10 17:05:35.694 [cefgetfile] WARNING: Unknown VALIDATION_ALG:type=2, length=0
2026-02-10 17:05:35.696 [cefgetfile] WARNING: Unknown VALIDATION_ALG:type=2, length=0
2026-02-10 17:05:35.696 [cefgetfile] WARNING: Unknown VALIDATION_ALG:type=2, length=0
2026-02-10 17:05:35.697 [cefgetfile] WARNING: Unknown VALIDATION_ALG:type=2, length=0
2026-02-10 17:05:35.698 [cefgetfile] WARNING: Unknown VALIDATION_ALG:type=2, length=0
2026-02-10 17:05:35.699 [cefgetfile] WARNING: Unknown VALIDATION_ALG:type=2, length=0
2026-02-10 17:05:35.700 [cefgetfile] WARNING: Unknown VALIDATION_ALG:type=2, length=0
2026-02-10 17:05:35.700 [cefgetfile] WARNING: Unknown VALIDATION_ALG:type=2, length=0
[cefgetfile] Completed to get all the chunks.
[cefgetfile] Unconnect to cefnetd ... OK
[cefgetfile] Terminate
[cefgetfile] Rx Frames (All)           = 847
[cefgetfile] Rx Frames (ContentObject) = 847
[cefgetfile] Rx Bytes (All)            = 463882
[cefgetfile] Rx Bytes (ContentObject)  = 433390
[cefgetfile] Duration                  = 0.950 sec
[cefgetfile] Throughput                = 3908370 bps
[cefgetfile] Goodput                   = 3651464 bps
[cefgetfile] Jitter (Ave)              = 1121 us
[cefgetfile] Jitter (Max)              = 5748 us
[cefgetfile] Jitter (Var)              = 593333 us
