[cefgetfile] Start
[cefgetfile] Parsing parameters ...OK
2026-02-10 17:05:11.506 [cefgetfile] INFO: [client] Config directory is ./h6
2026-02-10 17:05:11.506 [cefgetfile] INFO: [client] Local Socket Name is /tmp/cef_9695.6
2026-02-10 17:05:11.506 [cefgetfile] INFO: [client] Listen Port is 9695
[cefgetfile] Init Cefore Client package ... OK
[cefgetfile] Conversion from URI into Name ... OK
[cefgetfile] Checking the output file ... OK
[cefgetfile] Connect to cefnetd ... OK
[cefgetfile] URI=ccnx:/video/stream/content2
[cefgetfile] Start sending Interests
2026-02-10 17:05:11.764 [cefgetfile] WARNING: Unknown VALIDATION_ALG:type=2, length=0
2026-02-10 17:05:11.779 [cefgetfile] WARNING: Unknown VALIDATION_ALG:type=2, length=0
2026-02-10 17:05:11.794 [cefgetfile] WARNING: Unknown VALIDATION_ALG:type=2, length=0
2026-02-10 17:05:11.799 [cefgetfile] WARNING: Unknown VALIDATION_ALG:type=2, length=0
2026-02-10 17:05:11.806 [cefgetfile] WARNING: Unknown VALIDATION_ALG:type=2, length=0
2026-02-10 17:05:11.821 [cefgetfile] WARNING: Unknown VALIDATION_ALG:type=2, length=0
2026-02-10 17:05:11.821 [cefgetfile] WARNING: Unknown VALIDATION_ALG:type=2, length=0
2026-02-10 17:05:11.847 [cefgetfile] WARNING: Unknown VALIDATION_ALG:type=2, length=0
2026-02-10 17:05:11.858 [cefgetfile] WARNING: Unknown VALIDATION_ALG:type=2, length=0
2026-02-10 17:05:11.860 [cefgetfile] WARNING: Unknown VALIDATION_ALG:type=2, length=0
2026-02-10 17:05:11.882 [cefgetfile] WARNING: Unknown VALIDATION_ALG:type=2, length=0
2026-02-10 17:05:11.891 [cefgetfile] WARNING: Unknown VALIDATION_ALG:type=2, length=0
2026-02-10 17:05:11.906 [cefgetfile] WARNING: Unknown VALIDATION_ALG:type=2, length=0
2026-02-10 17:05:11.913 [cefgetfile] WARNING: Unknown VALIDATION_ALG:type=2, length=0
2026-02-10 17:05:11.919 [cefgetfile] WARNING: Unknown VALIDATION_ALG:type=2, length=0
2026-02-10 17:05:11.926 [cefgetfile] WARNING: Unknown VALIDATION_ALG:type=2, length=0
2026-02-10 17:05:11.937 [cefgetfile] WARNING: Unknown VALIDATION_ALG:type=2, length=0
2026-02-10 17:05:11.938 [cefgetfile] WARNING: Unknown VALIDATION_ALG:type=2, length=0
2026-02-10 17:05:11.942 [cefgetfile] WARNING: Unknown VALIDATION_ALG:type=2, length=0
2026-02-10 17:05:11.943 [cefgetfile] WARNING: Unknown VALIDATION_ALG:type=2, length=0
2026-02-10 17:05:11.945 [cefgetfile] WARNING: Unknown VALIDATION_ALG:type=2, length=0
2026-02-10 17:05:11.946 [cefgetfile] WARNING: Unknown VALIDATION_ALG:type=2, length=0
2026-02-10 17:05:11.948 [cefgetfile] WARNING: Unknown VALIDATION_ALG:type=2, length=0
2026-02-10 17:05:11.950 [cefgetfile] WARNING: Unknown VALIDATION_ALG:type=2, length=0
2026-02-10 17:05:11.950 [cefgetfile] WARNING: Unknown VALIDATION_ALG:type=2, length=0
2026-02-10 17:05:11.951 [cefgetfile] WARNING: Unknown VALIDATION_ALG:type=2, length=0
2026-02-10 17:05:11.953 [cefgetfile] WARNING: Unknown VALIDATION_ALG:type=2, length=0
2026-02-10 17:05:11.955 [cefgetfile] WARNING: Unknown VALIDATION_ALG:type=2, length=0
2026-02-10 17:05:11.956 [cefgetfile] WARNING: Unknown VALIDATION_ALG:type=2, length=0
2026-02-10 17:05:11.957 [cefgetfile] WARNING: Unknown VALIDATION_ALG:type=2, length=0
2026-02-10 17:05:11.958 [cefgetfile] WARNING: Unknown VALIDATION_ALG:type=2, length=0
2026-02-10 17:05:11.959 [cefgetfile] WARNING: Unknown VALIDATION_ALG:type=2, length=0
2026-02-10 17:05:11.959 [cefgetfile] WARNING: Unknown VALIDATION_ALG:type=2, length=0
2026-02-10 17:05:11.961 [cefgetfile] WARNING: Unknown VALIDATION_ALG:type=2, length=0
2026-02-10 17:05:11.962 [cefgetfile] WARNING: Unknown VALIDATION_ALG:type=2, length=0
2026-02-10 17:05:11.964 [cefgetfile] WARNING: Unknown VALIDATION_ALG:type=2, length=0
2026-02-10 17:05:11.967 [cefgetfile] WARNING: Unknown VALIDATION_ALG:type=2, length=0
2026-02-10 17:05:11.968 [cefgetfile] WARNING: Unknown VALIDATION_ALG:type=2, length=0
2026-02-10 17:05:11.971 [cefgetfile] WARNING: Unknown VALIDATION_ALG:type=2, length=0
2026-02-10 17:05:11.972 [cefgetfile] WARNING: Unknown VALIDATION_ALG:type=2, length=0
2026-02-10 17:05:11.974 [cefgetfile] WARNING: Unknown VALIDATION_ALG:type=2, length=0
2026-02-10 17:05:11.975 [cefgetfile] WARNING: Unknown VALIDATION_ALG:type=2, length=0
2026-02-10 17:05:11.975 [cefgetfile] WARNING: Unknown VALIDATION_ALG:type=2, length=0
2026-02-10 17:05:11.978 [cefgetfile] WARNING: Unknown VALIDATION_ALG:type=2, length=0
2026-02-10 17:05:11.979 [cefgetfile] WARNING: Unknown VALIDATION_ALG:type=2, length=0
2026-02-10 17:05:11.979 [cefgetfile] WARNING: Unknown VALIDATION_ALG:type=2, length=0
2026-02-10 17:05:11.981 [cefgetfile] WARNING: Unknown VALIDATION_ALG:type=2, length=0
2026-02-10 17:05:11.982 [cefgetfile] WARNING: Unknown VALIDATION_ALG:type=2, length=0
2026-02-10 17:05:11.983 [cefgetfile] WARNING: Unknown VALIDATION_ALG:type=2, length=0
2026-02-10 17:05:11.985 [cefgetfile] WARNING: Unknown VALIDATION_ALG:type=2, length=0
2026-02-10 17:05:11.987 [cefgetfile] WARNING: Unknown VALIDATION_ALG:type=2, length=0
2026-02-10 17:05:11.988 [cefgetfile] WARNING: Unknown VALIDATION_ALG:type=2, length=0
2026-02-10 17:05:11.989 [cefgetfile] WARNING: Unknown VALIDATION_ALG:type=2, length=0
2026-02-10 17:05:11.989 [cefgetfile] WARNING: Unknown VALIDATION_ALG:type=2, length=0
2026-02-10 17:05:11.990 [cefgetfile] WARNING: Unknown VALIDATION_ALG:type=2, length=0
2026-02-10 17:05:11.991 [cefgetfile] WARNING: Unknown VALIDATION_ALG:type=2, length=0
2026-02-10 17:05:11.992 [cefgetfile] WARNING: Unknown VALIDATION_ALG:type=2, length=0
2026-02-10 17:05:11.993 [cefgetfile] WARNING: Unknown VALIDATION_ALG:type=2, length=0
2026-02-10 17:05:11.994 [cefgetfile] WARNING: Unknown VALIDATION_ALG:type=2, length=0
2026-02-10 17:05:11.995 [cefgetfile] WARNING: Unknown VALIDATION_ALG:type=2, length=0
2026-02-10 17:05:11.996 [cefgetfile] WARNING: Unknown VALIDATION_ALG:type=2, length=0
2026-02-10 17:05:11.996 [cefgetfile] WARNING: Unknown VALIDATION_ALG:type=2, length=0
2026-02-10 17:05:11.998 [cefgetfile] WARNING: Unknown VALIDATION_ALG:type=2, length=0
2026-02-10 17:05:11.999 [cefgetfile] WARNING: Unknown VALIDATION_ALG:type=2, length=0
2026-02-10 17:05:11.999 [cefgetfile] WARNING: Unknown VALIDATION_ALG:type=2, length=0
2026-02-10 17:05:11.001 [cefgetfile] WARNING: Unknown VALIDATION_ALG:type=2, length=0
2026-02-10 17:05:12.001 [cefgetfile] WARNING: Unknown VALIDATION_ALG:type=2, length=0
2026-02-10 17:05:12.002 [cefgetfile] WARNING: Unknown VALIDATION_ALG:type=2, length=0
2026-02-10 17:05:12.002 [cefgetfile] WARNING: Unknown VALIDATION_ALG:type=2, length=0
2026-02-10 17:05:12.003 [cefgetfile] WARNING: Unknown VALIDATION_ALG:type=2, length=0
2026-02-10 17:05:12.004 [cefgetfile] WARNING: Unknown VALIDATION_ALG:type=2, length=0
2026-02-10 17:05:12.004 [cefgetfile] WARNING: Unknown VALIDATION_ALG:type=2, length=0
2026-02-10 17:05:12.004 [cefgetfile] WARNING: Unknown VALIDATION_ALG:type=2, length=0
2026-02-10 17:05:12.005 [cefgetfile] WARNING: Unknown VALIDATION_ALG:type=2, length=0
2026-02-10 17:05:12.005 [cefgetfile] WARNING: Unknown VALIDATION_ALG:type=2, length=0
2026-02-10 17:05:12.006 [cefgetfile] WARNING: Unknown VALIDATION_ALG:type=2, length=0
2026-02-10 17:05:12.006 [cefgetfile] WARNING: Unknown VALIDATION_ALG:type=2, length=0
2026-02-10 17:05:12.007 [cefgetfile] WARNING: Unknown VALIDATION_ALG:type=2, length=0
2026-02-10 17:05:12.007 [cefgetfile] WARNING: Unknown VALIDATION_ALG:type=2, length=0
2026-02-10 17:05:12.014 [cefgetfile] WARNING: Unknown VALIDATION_ALG:type=2, length=0
2026-02-10 17:05:12.015 [cefgetfile] WARNING: Unknown VALIDATION_ALG:type=2, length=0
2026-02-10 17:05:12.015 [cefgetfile] WARNING: Unknown VALIDATION_ALG:type=2, length=0
2026-02-10 17:05:12.016 [cefgetfile] WARNING: Unknown VALIDATION_ALG:type=2, length=0
2026-02-10 17:05:12.016 [cefgetfile] WARNING: Unknown VALIDATION_ALG:type=2, length=0
2026-02-10 17:05:12.017 [cefgetfile] WARNING: Unknown VALIDATION_ALG:type=2, length=0
2026-02-10 17:05:12.017 [cefgetfile] WARNING: Unknown VALIDATION_ALG:type=2, length=0
2026-02-10 17:05:12.017 [cefgetfile] WARNING: Unknown VALIDATION_ALG:type=2, length=0
2026-02-10 17:05:12.017 [cefgetfile] WARNING: Unknown VALIDATION_ALG:type=2, length=0
2026-02-10 17:05:12.020 [cefgetfile] WARNING: Unknown VALIDATION_ALG:type=2, length=0
2026-02-10 17:05:12.021 [cefgetfile] WARNING: Unknown VALIDATION_ALG:type=2, length=0
2026-02-10 17:05:12.021 [cefgetfile] WARNING: Unknown VALIDATION_ALG:type=2, length=0
2026-02-10 17:05:12.023 [cefgetfile] WARNING: Unknown VALIDATION_ALG:type=2, length=0
2026-02-10 17:05:12.023 [cefgetfile] WARNING: Unknown VALIDATION_ALG:type=2, length=0
2026-02-10 17:05:12.024 [cefgetfile] WARNING: Unknown VALIDATION_ALG:type=2, length=0
2026-02-10 17:05:12.025 [cefgetfile] WARNING: Unknown VALIDATION_ALG:type=2, length=0
2026-02-10 17:05:12.027 [cefgetfile] WARNING: Unknown VALIDATION_ALG:type=2, length=0
2026-02-10 17:05:12.028 [cefgetfile] WARNING: Unknown VALIDATION_ALG:type=2, length=0
2026-02-10 17:05:12.028 [cefgetfile] WARNING: Unknown VALIDATION_ALG:type=2, length=0
2026-02-10 17:05:12.030 [cefgetfile] WARNING: Unknown VALIDATION_ALG:type=2, length=0
2026-02-10 17:05:12.030 [cefgetfile] WARNING: Unknown VALIDATION_ALG:type=2, length=0
2026-02-10 17:05:12.031 [cefgetfile] WARNING: Unknown VALIDATION_ALG:type=2, length=0
2026-02-10 17:05:12.031 [cefgetfile] WARNING: Unknown VALIDATION_ALG:type=2, length=0
2026-02-10 17:05:12.032 [cefgetfile] WARNING: Unknown VALIDATION_ALG:type=2, length=0
2026-02-10 17:05:12.032 [cefgetfile] WARNING: Unknown VALIDATION_ALG:type=2, length=0
2026-02-10 17:05:12.032 [cefgetfile] WARNING: Unknown VALIDATION_ALG:type=2, length=0
2026-02-10 17:05:12.033 [cefgetfile] WARNING: Unknown VALIDATION_ALG:type=2, length=0
2026-02-10 17:05:12.037 [cefgetfile] WARNING: Unknown VALIDATION_ALG:type=2, length=0
2026-02-10 17:05:12.037 [cefgetfile] WARNING: Unknown VALIDATION_ALG:type=2, length=0
2026-02-10 17:05:12.037 [cefgetfile] WARNING: Unknown VALIDATION_ALG:type=2, length=0
2026-02-10 17:05:12.038 [cefgetfile] WARNING: Unknown VALIDATION_ALG:type=2, length=0
2026-02-10 17:05:12.038 [cefgetfile] WARNING: Unknown VALIDATION_ALG:type=2, length=0
2026-02-10 17:05:12.038 [cefgetfile] WARNING: Unknown VALIDATION_ALG:type=2, length=0
2026-02-10 17:05:12.039 [cefgetfile] WARNING: Unknown VALIDATION_ALG:type=2, length=0
2026-02-10 17:05:12.039 [cefgetfile] WARNING: Unknown VALIDATION_ALG:type=2, length=0
2026-02-10 17:05:12.042 [cefgetfile] WARNING: Unknown VALIDATION_ALG:type=2, length=0
2026-02-10 17:05:12.044 [cefgetfile] WARNING: Unknown VALIDATION_ALG:type=2, length=0
2026-02-10 17:05:12.044 [cefgetfile] WARNING: Unknown VALIDATION_ALG:type=2, length=0
2026-02-10 17:05:12.045 [cefgetfile] WARNING: Unknown VALIDATION_ALG:type=2, length=0
2026-02-10 17:05:12.045 [cefgetfile] WARNING: Unknown VALIDATION_ALG:type=2, length=0
2026-02-10 17:05:12.045 [cefgetfile] WARNING: Unknown VALIDATION_ALG:type=2, length=0
2026-02-10 17:05:12.046 [cefgetfile] WARNING: Unknown VALIDATION_ALG:type=2, length=0
2026-02-10 17:05:12.047 [cefgetfile] WARNING: Unknown VALIDATION_ALG:type=2, length=0
2026-02-10 17:05:12.049 [cefgetfile] WARNING: Unknown VALIDATION_ALG:type=2, length=0
2026-02-10 17:05:12.050 [cefgetfile] WARNING: Unknown VALIDATION_ALG:type=2, length=0
2026-02-10 17:05:12.051 [cefgetfile] WARNING: Unknown VALIDATION_ALG:type=2, length=0
2026-02-10 17:05:12.052 [cefgetfile] WARNING: Unknown VALIDATION_ALG:type=2, length=0
2026-02-10 17:05:12.053 [cefgetfile] WARNING: Unknown VALIDATION_ALG:type=2, length=0
2026-02-10 17:05:12.054 [cefgetfile] WARNING: Unknown VALIDATION_ALG:type=2, length=0
2026-02-10 17:05:12.056 [cefgetfile] WARNING: Unknown VALIDATION_ALG:type=2, length=0
2026-02-10 17:05:12.057 [cefgetfile] WARNING: Unknown VALIDATION_ALG:type=2, length=0
2026-02-10 17:05:12.059 [cefgetfile] WARNING: Unknown VALIDATION_ALG:type=2, length=0
2026-02-10 17:05:12.060 [cefgetfile] WARNING: Unknown VALIDATION_ALG:type=2, length=0
2026-02-10 17:05:12.061 [cefgetfile] WARNING: Unknown VALIDATION_ALG:type=2, length=0
2026-02-10 17:05:12.062 [cefgetfile] WARNING: Unknown VALIDATION_ALG:type=2, length=0
2026-02-10 17:05:12.062 [cefgetfile] WARNING: Unknown VALIDATION_ALG:type=2, length=0
2026-02-10 17:05:12.063 [cefgetfile] WARNING: Unknown VALIDATION_ALG:type=2, length=0
2026-02-10 17:05:12.064 [cefgetfile] WARNING: Unknown VALIDATION_ALG:type=2, length=0
2026-02-10 17:05:12.064 [cefgetfile] WARNING: Unknown VALIDATION_ALG:type=2, length=0
2026-02-10 17:05:12.066 [cefgetfile] WARNING: Unknown VALIDATION_ALG:type=2, length=0
2026-02-10 17:05:12.066 [cefgetfile] WARNING: Unknown VALIDATION_ALG:type=2, length=0
2026-02-10 17:05:12.067 [cefgetfile] WARNING: Unknown VALIDATION_ALG:type=2, length=0
2026-02-10 17:05:12.068 [cefgetfile] WARNING: Unknown VALIDATION_ALG:type=2, length=0
2026-02-10 17:05:12.069 [cefgetfile] WARNING: Unknown VALIDATION_ALG:type=2, length=0
2026-02-10 17:05:12.070 [cefgetfile] WARNING: Unknown VALIDATION_ALG:type=2, length=0
2026-02-10 17:05:12.070 [cefgetfile] WARNING: Unknown VALIDATION_ALG:type=2, length=0
2026-02-10 17:05:12.071 [cefgetfile] WARNING: Unknown VALIDATION_ALG:type=2, length=0
2026-02-10 17:05:12.071 [cefgetfile] WARNING: Unknown VALIDATION_ALG:type=2, length=0
2026-02-10 17:05:12.072 [cefgetfile] WARNING: Unknown VALIDATION_ALG:type=2, length=0
2026-02-10 17:05:12.072 [cefgetfile] WARNING: Unknown VALIDATION_ALG:type=2, length=0
2026-02-10 17:05:12.072 [cefgetfile] WARNING: Unknown VALIDATION_ALG:type=2, length=0
2026-02-10 17:05:12.072 [cefgetfile] WARNING: Unknown VALIDATION_ALG:type=2, length=0
2026-02-10 17:05:12.073 [cefgetfile] WARNING: Unknown VALIDATION_ALG:type=2, length=0
2026-02-10 17:05:12.073 [cefgetfile] WARNING: Unknown VALIDATION_ALG:type=2, length=0
2026-02-10 17:05:12.074 [cefgetfile] WARNING: Unknown VALIDATION_ALG:type=2, length=0
2026-02-10 17:05:12.074 [cefgetfile] WARNING: Unknown VALIDATION_ALG:type=2, length=0
2026-02-10 17:05:12.074 [cefgetfile] WARNING: Unknown VALIDATION_ALG:type=2, length=0
2026-02-10 17:05:12.075 [cefgetfile] WARNING: Unknown VALIDATION_ALG:type=2, length=0
2026-02-10 17:05:12.075 [cefgetfile] WARNING: Unknown VALIDATION_ALG:type=2, length=0
2026-02-10 17:05:12.082 [cefgetfile] WARNING: Unknown VALIDATION_ALG:type=2, length=0
2026-02-10 17:05:12.083 [cefgetfile] WARNING: Unknown VALIDATION_ALG:type=2, length=0
2026-02-10 17:05:12.083 [cefgetfile] WARNING: Unknown VALIDATION_ALG:type=2, length=0
2026-02-10 17:05:12.083 [cefgetfile] WARNING: Unknown VALIDATION_ALG:type=2, length=0
2026-02-10 17:05:12.085 [cefgetfile] WARNING: Unknown VALIDATION_ALG:type=2, length=0
2026-02-10 17:05:12.086 [cefgetfile] WARNING: Unknown VALIDATION_ALG:type=2, length=0
2026-02-10 17:05:12.087 [cefgetfile] WARNING: Unknown VALIDATION_ALG:type=2, length=0
2026-02-10 17:05:12.088 [cefgetfile] WARNING: Unknown VALIDATION_ALG:type=2, length=0
2026-02-10 17:05:12.088 [cefgetfile] WARNING: Unknown VALIDATION_ALG:type=2, length=0
2026-02-10 17:05:12.090 [cefgetfile] WARNING: Unknown VALIDATION_ALG:type=2, length=0
2026-02-10 17:05:12.090 [cefgetfile] WARNING: Unknown VALIDATION_ALG:type=2, length=0
2026-02-10 17:05:12.091 [cefgetfile] WARNING: Unknown VALIDATION_ALG:type=2, length=0
2026-02-10 17:05:12.092 [cefgetfile] WARNING: Unknown VALIDATION_ALG:type=2, length=0
2026-02-10 17:05:12.093 [cefgetfile] WARNING: Unknown VALIDATION_ALG:type=2, length=0
2026-02-10 17:05:12.094 [cefgetfile] WARNING: Unknown VALIDATION_ALG:type=2, length=0
2026-02-10 17:05:12.095 [cefgetfile] WARNING: Unknown VALIDATION_ALG:type=2, length=0
2026-02-10 17:05:12.096 [cefgetfile] WARNING: Unknown VALIDATION_ALG:type=2, length=0
2026-02-10 17:05:12.098 [cefgetfile] WARNING: Unknown VALIDATION_ALG:type=2, length=0
2026-02-10 17:05:12.099 [cefgetfile] WARNING: Unknown VALIDATION_ALG:type=2, length=0
2026-02-10 17:05:12.099 [cefgetfile] WARNING: Unknown VALIDATION_ALG:type=2, length=0
2026-02-10 17:05:12.100 [cefgetfile] WARNING: Unknown VALIDATION_ALG:type=2, length=0
2026-02-10 17:05:12.101 [cefgetfile] WARNING: Unknown VALIDATION_ALG:type=2, length=0
2026-02-10 17:05:12.102 [cefgetfile] WARNING: Unknown VALIDATION_ALG:type=2, length=0
2026-02-10 17:05:12.103 [cefgetfile] WARNING: Unknown VALIDATION_ALG:type=2, length=0
2026-02-10 17:05:12.104 [cefgetfile] WARNING: Unknown VALIDATION_ALG:type=2, length=0
2026-02-10 17:05:12.104 [cefgetfile] WARNING: Unknown VALIDATION_ALG:type=2, length=0
2026-02-10 17:05:12.105 [cefgetfile] WARNING: Unknown VALIDATION_ALG:type=2, length=0
2026-02-10 17:05:12.105 [cefgetfile] WARNING: Unknown VALIDATION_ALG:type=2, length=0
2026-02-10 17:05:12.107 [cefgetfile] WARNING: Unknown VALIDATION_ALG:type=2, length=0
2026-02-10 17:05:12.107 [cefgetfile] WARNING: Unknown VALIDATION_ALG:type=2, length=0
2026-02-10 17:05:12.108 [cefgetfile] WARNING: Unknown VALIDATION_ALG:type=2, length=0
2026-02-10 17:05:12.109 [cefgetfile] WARNING: Unknown VALIDATION_ALG:type=2, length=0
2026-02-10 17:05:12.109 [cefgetfile] WARNING: Unknown VALIDATION_ALG:type=2, length=0
2026-02-10 17:05:12.110 [cefgetfile] WARNING: Unknown VALIDATION_ALG:type=2, length=0
2026-02-10 17:05:12.110 [cefgetfile] WARNING: Unknown VALIDATION_ALG:type=2, length=0
2026-02-10 17:05:12.111 [cefgetfile] WARNING: Unknown VALIDATION_ALG:type=2, length=0
2026-02-10 17:05:12.111 [cefgetfile] WARNING: Unknown VALIDATION_ALG:type=2, length=0
2026-02-10 17:05:12.112 [cefgetfile] WARNING: Unknown VALIDATION_ALG:type=2, length=0
2026-02-10 17:05:12.112 [cefgetfile] WARNING: Unknown VALIDATION_ALG:type=2, length=0
2026-02-10 17:05:12.113 [cefgetfile] WARNING: Unknown VALIDATION_ALG:type=2, length=0
2026-02-10 17:05:12.113 [cefgetfile] WARNING: Unknown VALIDATION_ALG:type=2, length=0
2026-02-10 17:05:12.114 [cefgetfile] WARNING: Unknown VALIDATION_ALG:type=2, length=0
2026-02-10 17:05:12.114 [cefgetfile] WARNING: Unknown VALIDATION_ALG:type=2, length=0
2026-02-10 17:05:12.114 [cefgetfile] WARNING: Unknown VALIDATION_ALG:type=2, length=0
2026-02-10 17:05:12.114 [cefgetfile] WARNING: Unknown VALIDATION_ALG:type=2, length=0
2026-02-10 17:05:12.116 [cefgetfile] WARNING: Unknown VALIDATION_ALG:type=2, length=0
2026-02-10 17:05:12.116 [cefgetfile] WARNING: Unknown VALIDATION_ALG:type=2, length=0
2026-02-10 17:05:12.117 [cefgetfile] WARNING: Unknown VALIDATION_ALG:type=2, length=0
2026-02-10 17:05:12.117 [cefgetfile] WARNING: Unknown VALIDATION_ALG:type=2, length=0
2026-02-10 17:05:12.117 [cefgetfile] WARNING: Unknown VALIDATION_ALG:type=2, length=0
2026-02-10 17:05:12.117 [cefgetfile] WARNING: Unknown VALIDATION_ALG:type=2, length=0
2026-02-10 17:05:12.118 [cefgetfile] WARNING: Unknown VALIDATION_ALG:type=2, length=0
2026-02-10 17:05:12.122 [cefgetfile] WARNING: Unknown VALIDATION_ALG:type=2, length=0
2026-02-10 17:05:12.122 [cefgetfile] WARNING: Unknown VALIDATION_ALG:type=2, length=0
2026-02-10 17:05:12.123 [cefgetfile] WARNING: Unknown VALIDATION_ALG:type=2, length=0
2026-02-10 17:05:12.124 [cefgetfile] WARNING: Unknown VALIDATION_ALG:type=2, length=0
2026-02-10 17:05:12.124 [cefgetfile] WARNING: Unknown VALIDATION_ALG:type=2, length=0
2026-02-10 17:05:12.125 [cefgetfile] WARNING: Unknown VALIDATION_ALG:type=2, length=0
2026-02-10 17:05:12.126 [cefgetfile] WARNING: Unknown VALIDATION_ALG:type=2, length=0
2026-02-10 17:05:12.127 [cefgetfile] WARNING: Unknown VALIDATION_ALG:type=2, length=0
2026-02-10 17:05:12.127 [cefgetfile] WARNING: Unknown VALIDATION_ALG:type=2, length=0
2026-02-10 17:05:12.128 [cefgetfile] WARNING: Unknown VALIDATION_ALG:type=2, length=0
2026-02-10 17:05:12.132 [cefgetfile] WARNING: Unknown VALIDATION_ALG:type=2, length=0
2026-02-10 17:05:12.133 [cefgetfile] WARNING: Unknown VALIDATION_ALG:type=2, length=0
2026-02-10 17:05:12.133 [cefgetfile] WARNING: Unknown VALIDATION_ALG:type=2, length=0
2026-02-10 17:05:12.133 [cefgetfile] WARNING: Unknown VALIDATION_ALG:type=2, length=0
2026-02-10 17:05:12.133 [cefgetfile] WARNING: Unknown VALIDATION_ALG:type=2, length=0
2026-02-10 17:05:12.134 [cefgetfile] WARNING: Unknown VALIDATION_ALG:type=2, length=0
2026-02-10 17:05:12.136 [cefgetfile] WARNING: Unknown VALIDATION_ALG:type=2, length=0
2026-02-10 17:05:12.136 [cefgetfile] WARNING: Unknown VALIDATION_ALG:type=2, length=0
2026-02-10 17:05:12.137 [cefgetfile] WARNING: Unknown VALIDATION_ALG:type=2, length=0
2026-02-10 17:05:12.137 [cefgetfile] WARNING: Unknown VALIDATION_ALG:type=2, length=0
2026-02-10 17:05:12.137 [cefgetfile] WARNING: Unknown VALIDATION_ALG:type=2, length=0
2026-02-10 17:05:12.137 [cefgetfile] WARNING: Unknown VALIDATION_ALG:type=2, length=0
2026-02-10 17:05:12.138 [cefgetfile] WARNING: Unknown VALIDATION_ALG:type=2, length=0
2026-02-10 17:05:12.138 [cefgetfile] WARNING: Unknown VALIDATION_ALG:type=2, length=0
2026-02-10 17:05:12.138 [cefgetfile] WARNING: Unknown VALIDATION_ALG:type=2, length=0
2026-02-10 17:05:12.139 [cefgetfile] WARNING: Unknown VALIDATION_ALG:type=2, length=0
2026-02-10 17:05:12.139 [cefgetfile] WARNING: Unknown VALIDATION_ALG:type=2, length=0
2026-02-10 17:05:12.139 [cefgetfile] WARNING: Unknown VALIDATION_ALG:type=2, length=0
2026-02-10 17:05:12.139 [cefgetfile] WARNING: Unknown VALIDATION_ALG:type=2, length=0
2026-02-10 17:05:12.143 [cefgetfile] WARNING: Unknown VALIDATION_ALG:type=2, length=0
2026-02-10 17:05:12.143 [cefgetfile] WARNING: Unknown VALIDATION_ALG:type=2, length=0
2026-02-10 17:05:12.143 [cefgetfile] WARNING: Unknown VALIDATION_ALG:type=2, length=0
2026-02-10 17:05:12.145 [cefgetfile] WARNING: Unknown VALIDATION_ALG:type=2, length=0
2026-02-10 17:05:12.145 [cefgetfile] WARNING: Unknown VALIDATION_ALG:type=2, length=0
2026-02-10 17:05:12.146 [cefgetfile] WARNING: Unknown VALIDATION_ALG:type=2, length=0
2026-02-10 17:05:12.147 [cefgetfile] WARNING: Unknown VALIDATION_ALG:type=2, length=0
2026-02-10 17:05:12.147 [cefgetfile] WARNING: Unknown VALIDATION_ALG:type=2, length=0
2026-02-10 17:05:12.147 [cefgetfile] WARNING: Unknown VALIDATION_ALG:type=2, length=0
2026-02-10 17:05:12.148 [cefgetfile] WARNING: Unknown VALIDATION_ALG:type=2, length=0
2026-02-10 17:05:12.148 [cefgetfile] WARNING: Unknown VALIDATION_ALG:type=2, length=0
2026-02-10 17:05:12.148 [cefgetfile] WARNING: Unknown VALIDATION_ALG:type=2, length=0
2026-02-10 17:05:12.152 [cefgetfile] WARNING: Unknown VALIDATION_ALG:type=2, length=0
2026-02-10 17:05:12.152 [cefgetfile] WARNING: Unknown VALIDATION_ALG:type=2, length=0
2026-02-10 17:05:12.153 [cefgetfile] WARNING: Unknown VALIDATION_ALG:type=2, length=0
2026-02-10 17:05:12.155 [cefgetfile] WARNING: Unknown VALIDATION_ALG:type=2, length=0
2026-02-10 17:05:12.156 [cefgetfile] WARNING: Unknown VALIDATION_ALG:type=2, length=0
2026-02-10 17:05:12.156 [cefgetfile] WARNING: Unknown VALIDATION_ALG:type=2, length=0
2026-02-10 17:05:12.156 [cefgetfile] WARNING: Unknown VALIDATION_ALG:type=2, length=0
2026-02-10 17:05:12.158 [cefgetfile] WARNING: Unknown VALIDATION_ALG:type=2, length=0
2026-02-10 17:05:12.161 [cefgetfile] WARNING: Unknown VALIDATION_ALG:type=2, length=0
2026-02-10 17:05:12.162 [cefgetfile] WARNING: Unknown VALIDATION_ALG:type=2, length=0
2026-02-10 17:05:12.163 [cefgetfile] WARNING: Unknown VALIDATION_ALG:type=2, length=0
2026-02-10 17:05:12.164 [cefgetfile] WARNING: Unknown VALIDATION_ALG:type=2, length=0
2026-02-10 17:05:12.165 [cefgetfile] WARNING: Unknown VALIDATION_ALG:type=2, length=0
2026-02-10 17:05:12.166 [cefgetfile] WARNING: Unknown VALIDATION_ALG:type=2, length=0
2026-02-10 17:05:12.167 [cefgetfile] WARNING: Unknown VALIDATION_ALG:type=2, length=0
2026-02-10 17:05:12.168 [cefgetfile] WARNING: Unknown VALIDATION_ALG:type=2, length=0
2026-02-10 17:05:12.169 [cefgetfile] WARNING: Unknown VALIDATION_ALG:type=2, length=0
2026-02-10 17:05:12.170 [cefgetfile] WARNING: Unknown VALIDATION_ALG:type=2, length=0
2026-02-10 17:05:12.170 [cefgetfile] WARNING: Unknown VALIDATION_ALG:type=2, length=0
2026-02-10 17:05:12.171 [cefgetfile] WARNING: Unknown VALIDATION_ALG:type=2, length=0
2026-02-10 17:05:12.172 [cefgetfile] WARNING: Unknown VALIDATION_ALG:type=2, length=0
2026-02-10 17:05:12.172 [cefgetfile] WARNING: Unknown VALIDATION_ALG:type=2, length=0
2026-02-10 17:05:12.172 [cefgetfile] WARNING: Unknown VALIDATION_ALG:type=2, length=0
2026-02-10 17:05:12.175 [cefgetfile] WARNING: Unknown VALIDATION_ALG:type=2, length=0
2026-02-10 17:05:12.176 [cefgetfile] WARNING: Unknown VALIDATION_ALG:type=2, length=0
2026-02-10 17:05:12.176 [cefgetfile] WARNING: Unknown VALIDATION_ALG:type=2, length=0
2026-02-10 17:05:12.176 [cefgetfile] WARNING: Unknown VALIDATION_ALG:type=2, length=0
2026-02-10 17:05:12.177 [cefgetfile] WARNING: Unknown VALIDATION_ALG:type=2, length=0
2026-02-10 17:05:12.177 [cefgetfile] WARNING: Unknown VALIDATION_ALG:type=2, length=0
2026-02-10 17:05:12.178 [cefgetfile] WARNING: Unknown VALIDATION_ALG:type=2, length=0
2026-02-10 17:05:12.178 [cefgetfile] WARNING: Unknown VALIDATION_ALG:type=2, length=0
2026-02-10 17:05:12.178 [cefgetfile] WARNING: Unknown VALIDATION_ALG:type=2, length=0
2026-02-10 17:05:12.179 [cefgetfile] WARNING: Unknown VALIDATION_ALG:type=2, length=0
2026-02-10 17:05:12.179 [cefgetfile] WARNING: Unknown VALIDATION_ALG:type=2, length=0
2026-02-10 17:05:12.180 [cefgetfile] WARNING: Unknown VALIDATION_ALG:type=2, length=0
2026-02-10 17:05:12.180 [cefgetfile] WARNING: Unknown VALIDATION_ALG:type=2, length=0
2026-02-10 17:05:12.180 [cefgetfile] WARNING: Unknown VALIDATION_ALG:type=2, length=0
2026-02-10 17:05:12.181 [cefgetfile] WARNING: Unknown VALIDATION_ALG:type=2, length=0
2026-02-10 17:05:12.181 [cefgetfile] WARNING: Unknown VALIDATION_ALG:type=2, length=0
2026-02-10 17:05:12.188 [cefgetfile] WARNING: Unknown VALIDATION_ALG:type=2, length=0
2026-02-10 17:05:12.188 [cefgetfile] WARNING: Unknown VALIDATION_ALG:type=2, length=0
2026-02-10 17:05:12.188 [cefgetfile] WARNING: Unknown VALIDATION_ALG:type=2, length=0
2026-02-10 17:05:12.189 [cefgetfile] WARNING: Unknown VALIDATION_ALG:type=2, length=0
2026-02-10 17:05:12.190 [cefgetfile] WARNING: Unknown VALIDATION_ALG:type=2, length=0
2026-02-10 17:05:12.191 [cefgetfile] WARNING: Unknown VALIDATION_ALG:type=2, length=0
2026-02-10 17:05:12.192 [cefgetfile] WARNING: Unknown VALIDATION_ALG:type=2, length=0
2026-02-10 17:05:12.194 [cefgetfile] WARNING: Unknown VALIDATION_ALG:type=2, length=0
2026-02-10 17:05:12.195 [cefgetfile] WARNING: Unknown VALIDATION_ALG:type=2, length=0
2026-02-10 17:05:12.196 [cefgetfile] WARNING: Unknown VALIDATION_ALG:type=2, length=0
2026-02-10 17:05:12.196 [cefgetfile] WARNING: Unknown VALIDATION_ALG:type=2, length=0
2026-02-10 17:05:12.197 [cefgetfile] WARNING: Unknown VALIDATION_ALG:type=2, length=0
2026-02-10 17:05:12.198 [cefgetfile] WARNING: Unknown VALIDATION_ALG:type=2, length=0
2026-02-10 17:05:12.199 [cefgetfile] WARNING: Unknown VALIDATION_ALG:type=2, length=0
2026-02-10 17:05:12.199 [cefgetfile] WARNING: Unknown VALIDATION_ALG:type=2, length=0
2026-02-10 17:05:12.200 [cefgetfile] WARNING: Unknown VALIDATION_ALG:type=2, length=0
2026-02-10 17:05:12.200 [cefgetfile] WARNING: Unknown VALIDATION_ALG:type=2, length=0
2026-02-10 17:05:12.201 [cefgetfile] WARNING: Unknown VALIDATION_ALG:type=2, length=0
2026-02-10 17:05:12.202 [cefgetfile] WARNING: Unknown VALIDATION_ALG:type=2, length=0
2026-02-10 17:05:12.203 [cefgetfile] WARNING: Unknown VALIDATION_ALG:type=2, length=0
2026-02-10 17:05:12.204 [cefgetfile] WARNING: Unknown VALIDATION_ALG:type=2, length=0
2026-02-10 17:05:12.204 [cefgetfile] WARNING: Unknown VALIDATION_ALG:type=2, length=0
2026-02-10 17:05:12.205 [cefgetfile] WARNING: Unknown VALIDATION_ALG:type=2, length=0
2026-02-10 17:05:12.206 [cefgetfile] WARNING: Unknown VALIDATION_ALG:type=2, length=0
2026-02-10 17:05:12.207 [cefgetfile] WARNING: Unknown VALIDATION_ALG:type=2, length=0
2026-02-10 17:05:12.208 [cefgetfile] WARNING: Unknown VALIDATION_ALG:type=2, length=0
2026-02-10 17:05:12.209 [cefgetfile] WARNING: Unknown VALIDATION_ALG:type=2, length=0
2026-02-10 17:05:12.210 [cefgetfile] WARNING: Unknown VALIDATION_ALG:type=2, length=0
2026-02-10 17:05:12.210 [cefgetfile] WARNING: Unknown VALIDATION_ALG:type=2, length=0
2026-02-10 17:05:12.211 [cefgetfile] WARNING: Unknown VALIDATION_ALG:type=2, length=0
2026-02-10 17:05:12.212 [cefgetfile] WARNING: Unknown VALIDATION_ALG:type=2, length=0
2026-02-10 17:05:12.212 [cefgetfile] WARNING: Unknown VALIDATION_ALG:type=2, length=0
2026-02-10 17:05:12.213 [cefgetfile] WARNING: Unknown VALIDATION_ALG:type=2, length=0
2026-02-10 17:05:12.214 [cefgetfile] WARNING: Unknown VALIDATION_ALG:type=2, length=0
2026-02-10 17:05:12.215 [cefgetfile] WARNING: Unknown VALIDATION_ALG:type=2, length=0
2026-02-10 17:05:12.215 [cefgetfile] WARNING: Unknown VALIDATION_ALG:type=2, length=0
2026-02-10 17:05:12.215 [cefgetfile] WARNING: Unknown VALIDATION_ALG:type=2, length=0
2026-02-10 17:05:12.216 [cefgetfile] WARNING: Unknown VALIDATION_ALG:type=2, length=0
2026-02-10 17:05:12.216 [cefgetfile] WARNING: Unknown VALIDATION_ALG:type=2, length=0
2026-02-10 17:05:12.217 [cefgetfile] WARNING: Unknown VALIDATION_ALG:type=2, length=0
2026-02-10 17:05:12.219 [cefgetfile] WARNING: Unknown VALIDATION_ALG:type=2, length=0
2026-02-10 17:05:12.220 [cefgetfile] WARNING: Unknown VALIDATION_ALG:type=2, length=0
2026-02-10 17:05:12.220 [cefgetfile] WARNING: Unknown VALIDATION_ALG:type=2, length=0
2026-02-10 17:05:12.221 [cefgetfile] WARNING: Unknown VALIDATION_ALG:type=2, length=0
2026-02-10 17:05:12.221 [cefgetfile] WARNING: Unknown VALIDATION_ALG:type=2, length=0
2026-02-10 17:05:12.222 [cefgetfile] WARNING: Unknown VALIDATION_ALG:type=2, length=0
2026-02-10 17:05:12.222 [cefgetfile] WARNING: Unknown VALIDATION_ALG:type=2, length=0
2026-02-10 17:05:12.223 [cefgetfile] WARNING: Unknown VALIDATION_ALG:type=2, length=0
2026-02-10 17:05:12.223 [cefgetfile] WARNING: Unknown VALIDATION_ALG:type=2, length=0
2026-02-10 17:05:12.223 [cefgetfile] WARNING: Unknown VALIDATION_ALG:type=2, length=0
2026-02-10 17:05:12.224 [cefgetfile] WARNING: Unknown VALIDATION_ALG:type=2, length=0
2026-02-10 17:05:12.224 [cefgetfile] WARNING: Unknown VALIDATION_ALG:type=2, length=0
2026-02-10 17:05:12.224 [cefgetfile] WARNING: Unknown VALIDATION_ALG:type=2, length=0
2026-02-10 17:05:12.225 [cefgetfile] WARNING: Unknown VALIDATION_ALG:type=2, length=0
2026-02-10 17:05:12.225 [cefgetfile] WARNING: Unknown VALIDATION_ALG:type=2, length=0
2026-02-10 17:05:12.226 [cefgetfile] WARNING: Unknown VALIDATION_ALG:type=2, length=0
2026-02-10 17:05:12.232 [cefgetfile] WARNING: Unknown VALIDATION_ALG:type=2, length=0
2026-02-10 17:05:12.232 [cefgetfile] WARNING: Unknown VALIDATION_ALG:type=2, length=0
2026-02-10 17:05:12.232 [cefgetfile] WARNING: Unknown VALIDATION_ALG:type=2, length=0
2026-02-10 17:05:12.233 [cefgetfile] WARNING: Unknown VALIDATION_ALG:type=2, length=0
2026-02-10 17:05:12.233 [cefgetfile] WARNING: Unknown VALIDATION_ALG:type=2, length=0
2026-02-10 17:05:12.233 [cefgetfile] WARNING: Unknown VALIDATION_ALG:type=2, length=0
2026-02-10 17:05:12.235 [cefgetfile] WARNING: Unknown VALIDATION_ALG:type=2, length=0
2026-02-10 17:05:12.236 [cefgetfile] WARNING: Unknown VALIDATION_ALG:type=2, length=0
2026-02-10 17:05:12.237 [cefgetfile] WARNING: Unknown VALIDATION_ALG:type=2, length=0
2026-02-10 17:05:12.237 [cefgetfile] WARNING: Unknown VALIDATION_ALG:type=2, length=0
2026-02-10 17:05:12.239 [cefgetfile] WARNING: Unknown VALIDATION_ALG:type=2, length=0
2026-02-10 17:05:12.239 [cefgetfile] WARNING: Unknown VALIDATION_ALG:type=2, length=0
2026-02-10 17:05:12.240 [cefgetfile] WARNING: Unknown VALIDATION_ALG:type=2, length=0
2026-02-10 17:05:12.240 [cefgetfile] WARNING: Unknown VALIDATION_ALG:type=2, length=0
2026-02-10 17:05:12.242 [cefgetfile] WARNING: Unknown VALIDATION_ALG:type=2, length=0
2026-02-10 17:05:12.242 [cefgetfile] WARNING: Unknown VALIDATION_ALG:type=2, length=0
2026-02-10 17:05:12.243 [cefgetfile] WARNING: Unknown VALIDATION_ALG:type=2, length=0
2026-02-10 17:05:12.243 [cefgetfile] WARNING: Unknown VALIDATION_ALG:type=2, length=0
2026-02-10 17:05:12.243 [cefgetfile] WARNING: Unknown VALIDATION_ALG:type=2, length=0
2026-02-10 17:05:12.245 [cefgetfile] WARNING: Unknown VALIDATION_ALG:type=2, length=0
2026-02-10 17:05:12.246 [cefgetfile] WARNING: Unknown VALIDATION_ALG:type=2, length=0
2026-02-10 17:05:12.246 [cefgetfile] WARNING: Unknown VALIDATION_ALG:type=2, length=0
2026-02-10 17:05:12.246 [cefgetfile] WARNING: Unknown VALIDATION_ALG:type=2, length=0
2026-02-10 17:05:12.246 [cefgetfile] WARNING: Unknown VALIDATION_ALG:type=2, length=0
2026-02-10 17:05:12.249 [cefgetfile] WARNING: Unknown VALIDATION_ALG:type=2, length=0
2026-02-10 17:05:12.249 [cefgetfile] WARNING: Unknown VALIDATION_ALG:type=2, length=0
2026-02-10 17:05:12.251 [cefgetfile] WARNING: Unknown VALIDATION_ALG:type=2, length=0
2026-02-10 17:05:12.252 [cefgetfile] WARNING: Unknown VALIDATION_ALG:type=2, length=0
2026-02-10 17:05:12.253 [cefgetfile] WARNING: Unknown VALIDATION_ALG:type=2, length=0
2026-02-10 17:05:12.255 [cefgetfile] WARNING: Unknown VALIDATION_ALG:type=2, length=0
2026-02-10 17:05:12.256 [cefgetfile] WARNING: Unknown VALIDATION_ALG:type=2, length=0
2026-02-10 17:05:12.257 [cefgetfile] WARNING: Unknown VALIDATION_ALG:type=2, length=0
2026-02-10 17:05:12.258 [cefgetfile] WARNING: Unknown VALIDATION_ALG:type=2, length=0
2026-02-10 17:05:12.259 [cefgetfile] WARNING: Unknown VALIDATION_ALG:type=2, length=0
2026-02-10 17:05:12.259 [cefgetfile] WARNING: Unknown VALIDATION_ALG:type=2, length=0
2026-02-10 17:05:12.259 [cefgetfile] WARNING: Unknown VALIDATION_ALG:type=2, length=0
2026-02-10 17:05:12.259 [cefgetfile] WARNING: Unknown VALIDATION_ALG:type=2, length=0
2026-02-10 17:05:12.261 [cefgetfile] WARNING: Unknown VALIDATION_ALG:type=2, length=0
2026-02-10 17:05:12.261 [cefgetfile] WARNING: Unknown VALIDATION_ALG:type=2, length=0
2026-02-10 17:05:12.261 [cefgetfile] WARNING: Unknown VALIDATION_ALG:type=2, length=0
2026-02-10 17:05:12.261 [cefgetfile] WARNING: Unknown VALIDATION_ALG:type=2, length=0
2026-02-10 17:05:12.261 [cefgetfile] WARNING: Unknown VALIDATION_ALG:type=2, length=0
2026-02-10 17:05:12.262 [cefgetfile] WARNING: Unknown VALIDATION_ALG:type=2, length=0
2026-02-10 17:05:12.264 [cefgetfile] WARNING: Unknown VALIDATION_ALG:type=2, length=0
2026-02-10 17:05:12.264 [cefgetfile] WARNING: Unknown VALIDATION_ALG:type=2, length=0
2026-02-10 17:05:12.265 [cefgetfile] WARNING: Unknown VALIDATION_ALG:type=2, length=0
2026-02-10 17:05:12.265 [cefgetfile] WARNING: Unknown VALIDATION_ALG:type=2, length=0
2026-02-10 17:05:12.266 [cefgetfile] WARNING: Unknown VALIDATION_ALG:type=2, length=0
2026-02-10 17:05:12.268 [cefgetfile] WARNING: Unknown VALIDATION_ALG:type=2, length=0
2026-02-10 17:05:12.268 [cefgetfile] WARNING: Unknown VALIDATION_ALG:type=2, length=0
2026-02-10 17:05:12.269 [cefgetfile] WARNING: Unknown VALIDATION_ALG:type=2, length=0
2026-02-10 17:05:12.269 [cefgetfile] WARNING: Unknown VALIDATION_ALG:type=2, length=0
2026-02-10 17:05:12.269 [cefgetfile] WARNING: Unknown VALIDATION_ALG:type=2, length=0
2026-02-10 17:05:12.270 [cefgetfile] WARNING: Unknown VALIDATION_ALG:type=2, length=0
2026-02-10 17:05:12.270 [cefgetfile] WARNING: Unknown VALIDATION_ALG:type=2, length=0
2026-02-10 17:05:12.271 [cefgetfile] WARNING: Unknown VALIDATION_ALG:type=2, length=0
2026-02-10 17:05:12.271 [cefgetfile] WARNING: Unknown VALIDATION_ALG:type=2, length=0
2026-02-10 17:05:12.274 [cefgetfile] WARNING: Unknown VALIDATION_ALG:type=2, length=0
2026-02-10 17:05:12.275 [cefgetfile] WARNING: Unknown VALIDATION_ALG:type=2, length=0
2026-02-10 17:05:12.275 [cefgetfile] WARNING: Unknown VALIDATION_ALG:type=2, length=0
2026-02-10 17:05:12.277 [cefgetfile] WARNING: Unknown VALIDATION_ALG:type=2, length=0
2026-02-10 17:05:12.278 [cefgetfile] WARNING: Unknown VALIDATION_ALG:type=2, length=0
2026-02-10 17:05:12.279 [cefgetfile] WARNING: Unknown VALIDATION_ALG:type=2, length=0
2026-02-10 17:05:12.279 [cefgetfile] WARNING: Unknown VALIDATION_ALG:type=2, length=0
2026-02-10 17:05:12.280 [cefgetfile] WARNING: Unknown VALIDATION_ALG:type=2, length=0
2026-02-10 17:05:12.281 [cefgetfile] WARNING: Unknown VALIDATION_ALG:type=2, length=0
2026-02-10 17:05:12.281 [cefgetfile] WARNING: Unknown VALIDATION_ALG:type=2, length=0
2026-02-10 17:05:12.281 [cefgetfile] WARNING: Unknown VALIDATION_ALG:type=2, length=0
2026-02-10 17:05:12.282 [cefgetfile] WARNING: Unknown VALIDATION_ALG:type=2, length=0
2026-02-10 17:05:12.282 [cefgetfile] WARNING: Unknown VALIDATION_ALG:type=2, length=0
2026-02-10 17:05:12.282 [cefgetfile] WARNING: Unknown VALIDATION_ALG:type=2, length=0
2026-02-10 17:05:12.283 [cefgetfile] WARNING: Unknown VALIDATION_ALG:type=2, length=0
2026-02-10 17:05:12.284 [cefgetfile] WARNING: Unknown VALIDATION_ALG:type=2, length=0
2026-02-10 17:05:12.284 [cefgetfile] WARNING: Unknown VALIDATION_ALG:type=2, length=0
2026-02-10 17:05:12.284 [cefgetfile] WARNING: Unknown VALIDATION_ALG:type=2, length=0
2026-02-10 17:05:12.285 [cefgetfile] WARNING: Unknown VALIDATION_ALG:type=2, length=0
2026-02-10 17:05:12.285 [cefgetfile] WARNING: Unknown VALIDATION_ALG:type=2, length=0
2026-02-10 17:05:12.286 [cefgetfile] WARNING: Unknown VALIDATION_ALG:type=2, length=0
[cefgetfile] Completed to get all the chunks.
[cefgetfile] Unconnect to cefnetd ... OK
[cefgetfile] Terminate
[cefgetfile] Rx Frames (All)           = 424
[cefgetfile] Rx Frames (ContentObject) = 424
[cefgetfile] Rx Bytes (All)            = 449926
[cefgetfile] Rx Bytes (ContentObject)  = 433390
[cefgetfile] Duration                  = 0.381 sec
[cefgetfile] Throughput                = 9482082 bps
[cefgetfile] Goodput                   = 9133590 bps
[cefgetfile] Jitter (Ave)              = 895 us
[cefgetfile] Jitter (Max)              = 10785 us
[cefgetfile] Jitter (Var)              = 1345986 us
