[cefgetfile] Start
[cefgetfile] Parsing parameters ...OK
2026-01-30 12:48:29.353 [cefgetfile] INFO: [client] Config directory is ./h1
2026-01-30 12:48:29.353 [cefgetfile] INFO: [client] Local Socket Name is /tmp/cef_9695.1
2026-01-30 12:48:29.353 [cefgetfile] INFO: [client] Listen Port is 9695
[cefgetfile] Init Cefore Client package ... OK
[cefgetfile] Conversion from URI into Name ... OK
[cefgetfile] Checking the output file ... OK
[cefgetfile] Connect to cefnetd ... OK
[cefgetfile] URI=ccnx:/test/experiment/content1
[cefgetfile] Start sending Interests
[cefgetfile] Completed to get all the chunks.
[cefgetfile] Unconnect to cefnetd ... OK
[cefgetfile] Terminate
[cefgetfile] Rx Frames (All)           = 430
[cefgetfile] Rx Frames (ContentObject) = 424
[cefgetfile] Rx Bytes (All)            = 457594
[cefgetfile] Rx Bytes (ContentObject)  = 433390
[cefgetfile] Duration                  = 40.765 sec
[cefgetfile] Throughput                = 89803 bps
[cefgetfile] Goodput                   = 85053 bps
[cefgetfile] Jitter (Ave)              = 96141 us
[cefgetfile] Jitter (Max)              = 5427788 us
[cefgetfile] Jitter (Var)              = 309242828624 us
