[cefgetfile] Start
[cefgetfile] Parsing parameters ...OK
2026-01-30 13:01:11.067 [cefgetfile] INFO: [client] Config directory is ./h11
2026-01-30 13:01:11.068 [cefgetfile] INFO: [client] Local Socket Name is /tmp/cef_9695.11
2026-01-30 13:01:11.068 [cefgetfile] INFO: [client] Listen Port is 9695
[cefgetfile] Init Cefore Client package ... OK
[cefgetfile] Conversion from URI into Name ... OK
[cefgetfile] Checking the output file ... OK
[cefgetfile] Connect to cefnetd ... OK
[cefgetfile] URI=ccnx:/test/experiment/content15
[cefgetfile] Start sending Interests
[cefgetfile] Completed to get all the chunks.
[cefgetfile] Unconnect to cefnetd ... OK
[cefgetfile] Terminate
[cefgetfile] Rx Frames (All)           = 424
[cefgetfile] Rx Frames (ContentObject) = 424
[cefgetfile] Rx Bytes (All)            = 451622
[cefgetfile] Rx Bytes (ContentObject)  = 433390
[cefgetfile] Duration                  = 2.290 sec
[cefgetfile] Throughput                = 1578007 bps
[cefgetfile] Goodput                   = 1514303 bps
[cefgetfile] Jitter (Ave)              = 5399 us
[cefgetfile] Jitter (Max)              = 1802137 us
[cefgetfile] Jitter (Var)              = 7798083252 us
