[cefgetfile] Start
[cefgetfile] Parsing parameters ...OK
2026-01-30 12:57:24.927 [cefgetfile] INFO: [client] Config directory is ./h0
2026-01-30 12:57:24.927 [cefgetfile] INFO: [client] Local Socket Name is /tmp/cef_9695.0
2026-01-30 12:57:24.927 [cefgetfile] INFO: [client] Listen Port is 9695
[cefgetfile] Init Cefore Client package ... OK
[cefgetfile] Conversion from URI into Name ... OK
[cefgetfile] Checking the output file ... OK
[cefgetfile] Connect to cefnetd ... OK
[cefgetfile] URI=ccnx:/test/experiment/content10
[cefgetfile] Start sending Interests
[cefgetfile] Completed to get all the chunks.
[cefgetfile] Unconnect to cefnetd ... OK
[cefgetfile] Terminate
[cefgetfile] Rx Frames (All)           = 430
[cefgetfile] Rx Frames (ContentObject) = 424
[cefgetfile] Rx Bytes (All)            = 458024
[cefgetfile] Rx Bytes (ContentObject)  = 433390
[cefgetfile] Duration                  = 38.209 sec
[cefgetfile] Throughput                = 95900 bps
[cefgetfile] Goodput                   = 90742 bps
[cefgetfile] Jitter (Ave)              = 90113 us
[cefgetfile] Jitter (Max)              = 3303777 us
[cefgetfile] Jitter (Var)              = 147537663666 us
