[cefgetfile] Start
[cefgetfile] Parsing parameters ...OK
2026-03-04 11:25:40.119 [cefgetfile] INFO: [client] Config directory is ./h0
2026-03-04 11:25:40.119 [cefgetfile] INFO: [client] Local Socket Name is /tmp/cef_9695.0
2026-03-04 11:25:40.119 [cefgetfile] INFO: [client] Listen Port is 9695
[cefgetfile] Init Cefore Client package ... OK
[cefgetfile] Conversion from URI into Name ... OK
[cefgetfile] Checking the output file ... OK
[cefgetfile] Connect to cefnetd ... OK
[cefgetfile] URI=ccnx:/test/sample
[cefgetfile] Start sending Interests
2026-03-04 11:25:40.129 [cefgetfile] WARNING: Unknown VALIDATION_ALG:type=2, length=0
2026-03-04 11:25:40.129 [cefgetfile] WARNING: Unknown VALIDATION_ALG:type=2, length=0
2026-03-04 11:25:40.130 [cefgetfile] WARNING: Unknown VALIDATION_ALG:type=2, length=0
2026-03-04 11:25:40.130 [cefgetfile] WARNING: Unknown VALIDATION_ALG:type=2, length=0
2026-03-04 11:25:40.130 [cefgetfile] WARNING: Unknown VALIDATION_ALG:type=2, length=0
2026-03-04 11:25:40.130 [cefgetfile] WARNING: Unknown VALIDATION_ALG:type=2, length=0
2026-03-04 11:25:40.130 [cefgetfile] WARNING: Unknown VALIDATION_ALG:type=2, length=0
2026-03-04 11:25:40.130 [cefgetfile] WARNING: Unknown VALIDATION_ALG:type=2, length=0
2026-03-04 11:25:40.131 [cefgetfile] WARNING: Unknown VALIDATION_ALG:type=2, length=0
2026-03-04 11:25:40.131 [cefgetfile] WARNING: Unknown VALIDATION_ALG:type=2, length=0
2026-03-04 11:25:40.132 [cefgetfile] WARNING: Unknown VALIDATION_ALG:type=2, length=0
2026-03-04 11:25:40.132 [cefgetfile] WARNING: Unknown VALIDATION_ALG:type=2, length=0
2026-03-04 11:25:40.132 [cefgetfile] WARNING: Unknown VALIDATION_ALG:type=2, length=0
2026-03-04 11:25:40.132 [cefgetfile] WARNING: Unknown VALIDATION_ALG:type=2, length=0
2026-03-04 11:25:40.132 [cefgetfile] WARNING: Unknown VALIDATION_ALG:type=2, length=0
2026-03-04 11:25:40.132 [cefgetfile] WARNING: Unknown VALIDATION_ALG:type=2, length=0
2026-03-04 11:25:40.133 [cefgetfile] WARNING: Unknown VALIDATION_ALG:type=2, length=0
2026-03-04 11:25:40.134 [cefgetfile] WARNING: Unknown VALIDATION_ALG:type=2, length=0
2026-03-04 11:25:40.134 [cefgetfile] WARNING: Unknown VALIDATION_ALG:type=2, length=0
2026-03-04 11:25:40.134 [cefgetfile] WARNING: Unknown VALIDATION_ALG:type=2, length=0
2026-03-04 11:25:40.134 [cefgetfile] WARNING: Unknown VALIDATION_ALG:type=2, length=0
2026-03-04 11:25:40.134 [cefgetfile] WARNING: Unknown VALIDATION_ALG:type=2, length=0
2026-03-04 11:25:40.134 [cefgetfile] WARNING: Unknown VALIDATION_ALG:type=2, length=0
2026-03-04 11:25:40.134 [cefgetfile] WARNING: Unknown VALIDATION_ALG:type=2, length=0
2026-03-04 11:25:40.134 [cefgetfile] WARNING: Unknown VALIDATION_ALG:type=2, length=0
2026-03-04 11:25:40.136 [cefgetfile] WARNING: Unknown VALIDATION_ALG:type=2, length=0
2026-03-04 11:25:40.136 [cefgetfile] WARNING: Unknown VALIDATION_ALG:type=2, length=0
2026-03-04 11:25:40.136 [cefgetfile] WARNING: Unknown VALIDATION_ALG:type=2, length=0
2026-03-04 11:25:40.136 [cefgetfile] WARNING: Unknown VALIDATION_ALG:type=2, length=0
2026-03-04 11:25:40.137 [cefgetfile] WARNING: Unknown VALIDATION_ALG:type=2, length=0
2026-03-04 11:25:40.137 [cefgetfile] WARNING: Unknown VALIDATION_ALG:type=2, length=0
2026-03-04 11:25:40.137 [cefgetfile] WARNING: Unknown VALIDATION_ALG:type=2, length=0
2026-03-04 11:25:40.137 [cefgetfile] WARNING: Unknown VALIDATION_ALG:type=2, length=0
2026-03-04 11:25:40.137 [cefgetfile] WARNING: Unknown VALIDATION_ALG:type=2, length=0
2026-03-04 11:25:40.137 [cefgetfile] WARNING: Unknown VALIDATION_ALG:type=2, length=0
2026-03-04 11:25:40.137 [cefgetfile] WARNING: Unknown VALIDATION_ALG:type=2, length=0
2026-03-04 11:25:40.137 [cefgetfile] WARNING: Unknown VALIDATION_ALG:type=2, length=0
2026-03-04 11:25:40.138 [cefgetfile] WARNING: Unknown VALIDATION_ALG:type=2, length=0
2026-03-04 11:25:40.138 [cefgetfile] WARNING: Unknown VALIDATION_ALG:type=2, length=0
2026-03-04 11:25:40.138 [cefgetfile] WARNING: Unknown VALIDATION_ALG:type=2, length=0
2026-03-04 11:25:40.139 [cefgetfile] WARNING: Unknown VALIDATION_ALG:type=2, length=0
2026-03-04 11:25:40.139 [cefgetfile] WARNING: Unknown VALIDATION_ALG:type=2, length=0
2026-03-04 11:25:40.139 [cefgetfile] WARNING: Unknown VALIDATION_ALG:type=2, length=0
2026-03-04 11:25:40.139 [cefgetfile] WARNING: Unknown VALIDATION_ALG:type=2, length=0
2026-03-04 11:25:40.139 [cefgetfile] WARNING: Unknown VALIDATION_ALG:type=2, length=0
2026-03-04 11:25:40.139 [cefgetfile] WARNING: Unknown VALIDATION_ALG:type=2, length=0
2026-03-04 11:25:40.140 [cefgetfile] WARNING: Unknown VALIDATION_ALG:type=2, length=0
2026-03-04 11:25:40.140 [cefgetfile] WARNING: Unknown VALIDATION_ALG:type=2, length=0
2026-03-04 11:25:40.140 [cefgetfile] WARNING: Unknown VALIDATION_ALG:type=2, length=0
2026-03-04 11:25:40.141 [cefgetfile] WARNING: Unknown VALIDATION_ALG:type=2, length=0
2026-03-04 11:25:40.141 [cefgetfile] WARNING: Unknown VALIDATION_ALG:type=2, length=0
2026-03-04 11:25:40.141 [cefgetfile] WARNING: Unknown VALIDATION_ALG:type=2, length=0
2026-03-04 11:25:40.141 [cefgetfile] WARNING: Unknown VALIDATION_ALG:type=2, length=0
2026-03-04 11:25:40.141 [cefgetfile] WARNING: Unknown VALIDATION_ALG:type=2, length=0
2026-03-04 11:25:40.141 [cefgetfile] WARNING: Unknown VALIDATION_ALG:type=2, length=0
2026-03-04 11:25:40.141 [cefgetfile] WARNING: Unknown VALIDATION_ALG:type=2, length=0
2026-03-04 11:25:40.142 [cefgetfile] WARNING: Unknown VALIDATION_ALG:type=2, length=0
2026-03-04 11:25:40.142 [cefgetfile] WARNING: Unknown VALIDATION_ALG:type=2, length=0
2026-03-04 11:25:40.142 [cefgetfile] WARNING: Unknown VALIDATION_ALG:type=2, length=0
2026-03-04 11:25:40.143 [cefgetfile] WARNING: Unknown VALIDATION_ALG:type=2, length=0
2026-03-04 11:25:40.143 [cefgetfile] WARNING: Unknown VALIDATION_ALG:type=2, length=0
2026-03-04 11:25:40.143 [cefgetfile] WARNING: Unknown VALIDATION_ALG:type=2, length=0
2026-03-04 11:25:40.143 [cefgetfile] WARNING: Unknown VALIDATION_ALG:type=2, length=0
2026-03-04 11:25:40.144 [cefgetfile] WARNING: Unknown VALIDATION_ALG:type=2, length=0
2026-03-04 11:25:40.144 [cefgetfile] WARNING: Unknown VALIDATION_ALG:type=2, length=0
2026-03-04 11:25:40.144 [cefgetfile] WARNING: Unknown VALIDATION_ALG:type=2, length=0
2026-03-04 11:25:40.144 [cefgetfile] WARNING: Unknown VALIDATION_ALG:type=2, length=0
2026-03-04 11:25:40.144 [cefgetfile] WARNING: Unknown VALIDATION_ALG:type=2, length=0
2026-03-04 11:25:40.145 [cefgetfile] WARNING: Unknown VALIDATION_ALG:type=2, length=0
2026-03-04 11:25:40.145 [cefgetfile] WARNING: Unknown VALIDATION_ALG:type=2, length=0
2026-03-04 11:25:40.145 [cefgetfile] WARNING: Unknown VALIDATION_ALG:type=2, length=0
2026-03-04 11:25:40.145 [cefgetfile] WARNING: Unknown VALIDATION_ALG:type=2, length=0
2026-03-04 11:25:40.145 [cefgetfile] WARNING: Unknown VALIDATION_ALG:type=2, length=0
2026-03-04 11:25:40.146 [cefgetfile] WARNING: Unknown VALIDATION_ALG:type=2, length=0
2026-03-04 11:25:40.146 [cefgetfile] WARNING: Unknown VALIDATION_ALG:type=2, length=0
2026-03-04 11:25:40.146 [cefgetfile] WARNING: Unknown VALIDATION_ALG:type=2, length=0
2026-03-04 11:25:40.147 [cefgetfile] WARNING: Unknown VALIDATION_ALG:type=2, length=0
2026-03-04 11:25:40.147 [cefgetfile] WARNING: Unknown VALIDATION_ALG:type=2, length=0
2026-03-04 11:25:40.147 [cefgetfile] WARNING: Unknown VALIDATION_ALG:type=2, length=0
2026-03-04 11:25:40.147 [cefgetfile] WARNING: Unknown VALIDATION_ALG:type=2, length=0
2026-03-04 11:25:40.147 [cefgetfile] WARNING: Unknown VALIDATION_ALG:type=2, length=0
2026-03-04 11:25:40.147 [cefgetfile] WARNING: Unknown VALIDATION_ALG:type=2, length=0
2026-03-04 11:25:40.147 [cefgetfile] WARNING: Unknown VALIDATION_ALG:type=2, length=0
2026-03-04 11:25:40.147 [cefgetfile] WARNING: Unknown VALIDATION_ALG:type=2, length=0
2026-03-04 11:25:40.148 [cefgetfile] WARNING: Unknown VALIDATION_ALG:type=2, length=0
2026-03-04 11:25:40.148 [cefgetfile] WARNING: Unknown VALIDATION_ALG:type=2, length=0
2026-03-04 11:25:40.148 [cefgetfile] WARNING: Unknown VALIDATION_ALG:type=2, length=0
2026-03-04 11:25:40.148 [cefgetfile] WARNING: Unknown VALIDATION_ALG:type=2, length=0
2026-03-04 11:25:40.149 [cefgetfile] WARNING: Unknown VALIDATION_ALG:type=2, length=0
2026-03-04 11:25:40.149 [cefgetfile] WARNING: Unknown VALIDATION_ALG:type=2, length=0
2026-03-04 11:25:40.150 [cefgetfile] WARNING: Unknown VALIDATION_ALG:type=2, length=0
2026-03-04 11:25:40.150 [cefgetfile] WARNING: Unknown VALIDATION_ALG:type=2, length=0
2026-03-04 11:25:40.150 [cefgetfile] WARNING: Unknown VALIDATION_ALG:type=2, length=0
2026-03-04 11:25:40.150 [cefgetfile] WARNING: Unknown VALIDATION_ALG:type=2, length=0
2026-03-04 11:25:40.150 [cefgetfile] WARNING: Unknown VALIDATION_ALG:type=2, length=0
2026-03-04 11:25:40.150 [cefgetfile] WARNING: Unknown VALIDATION_ALG:type=2, length=0
2026-03-04 11:25:40.151 [cefgetfile] WARNING: Unknown VALIDATION_ALG:type=2, length=0
2026-03-04 11:25:40.151 [cefgetfile] WARNING: Unknown VALIDATION_ALG:type=2, length=0
2026-03-04 11:25:40.152 [cefgetfile] WARNING: Unknown VALIDATION_ALG:type=2, length=0
2026-03-04 11:25:40.152 [cefgetfile] WARNING: Unknown VALIDATION_ALG:type=2, length=0
2026-03-04 11:25:40.152 [cefgetfile] WARNING: Unknown VALIDATION_ALG:type=2, length=0
2026-03-04 11:25:40.152 [cefgetfile] WARNING: Unknown VALIDATION_ALG:type=2, length=0
2026-03-04 11:25:40.152 [cefgetfile] WARNING: Unknown VALIDATION_ALG:type=2, length=0
2026-03-04 11:25:40.152 [cefgetfile] WARNING: Unknown VALIDATION_ALG:type=2, length=0
2026-03-04 11:25:40.153 [cefgetfile] WARNING: Unknown VALIDATION_ALG:type=2, length=0
2026-03-04 11:25:40.153 [cefgetfile] WARNING: Unknown VALIDATION_ALG:type=2, length=0
2026-03-04 11:25:40.153 [cefgetfile] WARNING: Unknown VALIDATION_ALG:type=2, length=0
2026-03-04 11:25:40.153 [cefgetfile] WARNING: Unknown VALIDATION_ALG:type=2, length=0
2026-03-04 11:25:40.154 [cefgetfile] WARNING: Unknown VALIDATION_ALG:type=2, length=0
2026-03-04 11:25:40.154 [cefgetfile] WARNING: Unknown VALIDATION_ALG:type=2, length=0
2026-03-04 11:25:40.154 [cefgetfile] WARNING: Unknown VALIDATION_ALG:type=2, length=0
2026-03-04 11:25:40.154 [cefgetfile] WARNING: Unknown VALIDATION_ALG:type=2, length=0
2026-03-04 11:25:40.155 [cefgetfile] WARNING: Unknown VALIDATION_ALG:type=2, length=0
2026-03-04 11:25:40.155 [cefgetfile] WARNING: Unknown VALIDATION_ALG:type=2, length=0
2026-03-04 11:25:40.155 [cefgetfile] WARNING: Unknown VALIDATION_ALG:type=2, length=0
2026-03-04 11:25:40.155 [cefgetfile] WARNING: Unknown VALIDATION_ALG:type=2, length=0
2026-03-04 11:25:40.155 [cefgetfile] WARNING: Unknown VALIDATION_ALG:type=2, length=0
2026-03-04 11:25:40.155 [cefgetfile] WARNING: Unknown VALIDATION_ALG:type=2, length=0
2026-03-04 11:25:40.156 [cefgetfile] WARNING: Unknown VALIDATION_ALG:type=2, length=0
2026-03-04 11:25:40.156 [cefgetfile] WARNING: Unknown VALIDATION_ALG:type=2, length=0
2026-03-04 11:25:40.157 [cefgetfile] WARNING: Unknown VALIDATION_ALG:type=2, length=0
2026-03-04 11:25:40.157 [cefgetfile] WARNING: Unknown VALIDATION_ALG:type=2, length=0
2026-03-04 11:25:40.157 [cefgetfile] WARNING: Unknown VALIDATION_ALG:type=2, length=0
2026-03-04 11:25:40.157 [cefgetfile] WARNING: Unknown VALIDATION_ALG:type=2, length=0
2026-03-04 11:25:40.157 [cefgetfile] WARNING: Unknown VALIDATION_ALG:type=2, length=0
2026-03-04 11:25:40.157 [cefgetfile] WARNING: Unknown VALIDATION_ALG:type=2, length=0
2026-03-04 11:25:40.158 [cefgetfile] WARNING: Unknown VALIDATION_ALG:type=2, length=0
2026-03-04 11:25:40.158 [cefgetfile] WARNING: Unknown VALIDATION_ALG:type=2, length=0
2026-03-04 11:25:40.159 [cefgetfile] WARNING: Unknown VALIDATION_ALG:type=2, length=0
2026-03-04 11:25:40.159 [cefgetfile] WARNING: Unknown VALIDATION_ALG:type=2, length=0
2026-03-04 11:25:40.159 [cefgetfile] WARNING: Unknown VALIDATION_ALG:type=2, length=0
2026-03-04 11:25:40.159 [cefgetfile] WARNING: Unknown VALIDATION_ALG:type=2, length=0
2026-03-04 11:25:40.159 [cefgetfile] WARNING: Unknown VALIDATION_ALG:type=2, length=0
2026-03-04 11:25:40.159 [cefgetfile] WARNING: Unknown VALIDATION_ALG:type=2, length=0
2026-03-04 11:25:40.159 [cefgetfile] WARNING: Unknown VALIDATION_ALG:type=2, length=0
2026-03-04 11:25:40.160 [cefgetfile] WARNING: Unknown VALIDATION_ALG:type=2, length=0
2026-03-04 11:25:40.161 [cefgetfile] WARNING: Unknown VALIDATION_ALG:type=2, length=0
2026-03-04 11:25:40.161 [cefgetfile] WARNING: Unknown VALIDATION_ALG:type=2, length=0
2026-03-04 11:25:40.161 [cefgetfile] WARNING: Unknown VALIDATION_ALG:type=2, length=0
2026-03-04 11:25:40.161 [cefgetfile] WARNING: Unknown VALIDATION_ALG:type=2, length=0
2026-03-04 11:25:40.161 [cefgetfile] WARNING: Unknown VALIDATION_ALG:type=2, length=0
2026-03-04 11:25:40.161 [cefgetfile] WARNING: Unknown VALIDATION_ALG:type=2, length=0
2026-03-04 11:25:40.161 [cefgetfile] WARNING: Unknown VALIDATION_ALG:type=2, length=0
2026-03-04 11:25:40.161 [cefgetfile] WARNING: Unknown VALIDATION_ALG:type=2, length=0
2026-03-04 11:25:40.163 [cefgetfile] WARNING: Unknown VALIDATION_ALG:type=2, length=0
2026-03-04 11:25:40.163 [cefgetfile] WARNING: Unknown VALIDATION_ALG:type=2, length=0
2026-03-04 11:25:40.163 [cefgetfile] WARNING: Unknown VALIDATION_ALG:type=2, length=0
2026-03-04 11:25:40.163 [cefgetfile] WARNING: Unknown VALIDATION_ALG:type=2, length=0
2026-03-04 11:25:40.163 [cefgetfile] WARNING: Unknown VALIDATION_ALG:type=2, length=0
2026-03-04 11:25:40.163 [cefgetfile] WARNING: Unknown VALIDATION_ALG:type=2, length=0
2026-03-04 11:25:40.163 [cefgetfile] WARNING: Unknown VALIDATION_ALG:type=2, length=0
2026-03-04 11:25:40.163 [cefgetfile] WARNING: Unknown VALIDATION_ALG:type=2, length=0
2026-03-04 11:25:40.164 [cefgetfile] WARNING: Unknown VALIDATION_ALG:type=2, length=0
2026-03-04 11:25:40.164 [cefgetfile] WARNING: Unknown VALIDATION_ALG:type=2, length=0
2026-03-04 11:25:40.164 [cefgetfile] WARNING: Unknown VALIDATION_ALG:type=2, length=0
2026-03-04 11:25:40.165 [cefgetfile] WARNING: Unknown VALIDATION_ALG:type=2, length=0
2026-03-04 11:25:40.165 [cefgetfile] WARNING: Unknown VALIDATION_ALG:type=2, length=0
2026-03-04 11:25:40.165 [cefgetfile] WARNING: Unknown VALIDATION_ALG:type=2, length=0
2026-03-04 11:25:40.165 [cefgetfile] WARNING: Unknown VALIDATION_ALG:type=2, length=0
2026-03-04 11:25:40.165 [cefgetfile] WARNING: Unknown VALIDATION_ALG:type=2, length=0
2026-03-04 11:25:40.166 [cefgetfile] WARNING: Unknown VALIDATION_ALG:type=2, length=0
2026-03-04 11:25:40.166 [cefgetfile] WARNING: Unknown VALIDATION_ALG:type=2, length=0
2026-03-04 11:25:40.166 [cefgetfile] WARNING: Unknown VALIDATION_ALG:type=2, length=0
2026-03-04 11:25:40.166 [cefgetfile] WARNING: Unknown VALIDATION_ALG:type=2, length=0
2026-03-04 11:25:40.166 [cefgetfile] WARNING: Unknown VALIDATION_ALG:type=2, length=0
2026-03-04 11:25:40.166 [cefgetfile] WARNING: Unknown VALIDATION_ALG:type=2, length=0
2026-03-04 11:25:40.166 [cefgetfile] WARNING: Unknown VALIDATION_ALG:type=2, length=0
2026-03-04 11:25:40.167 [cefgetfile] WARNING: Unknown VALIDATION_ALG:type=2, length=0
2026-03-04 11:25:40.168 [cefgetfile] WARNING: Unknown VALIDATION_ALG:type=2, length=0
2026-03-04 11:25:40.168 [cefgetfile] WARNING: Unknown VALIDATION_ALG:type=2, length=0
2026-03-04 11:25:40.168 [cefgetfile] WARNING: Unknown VALIDATION_ALG:type=2, length=0
2026-03-04 11:25:40.168 [cefgetfile] WARNING: Unknown VALIDATION_ALG:type=2, length=0
2026-03-04 11:25:40.168 [cefgetfile] WARNING: Unknown VALIDATION_ALG:type=2, length=0
2026-03-04 11:25:40.168 [cefgetfile] WARNING: Unknown VALIDATION_ALG:type=2, length=0
2026-03-04 11:25:40.168 [cefgetfile] WARNING: Unknown VALIDATION_ALG:type=2, length=0
2026-03-04 11:25:40.168 [cefgetfile] WARNING: Unknown VALIDATION_ALG:type=2, length=0
2026-03-04 11:25:40.169 [cefgetfile] WARNING: Unknown VALIDATION_ALG:type=2, length=0
2026-03-04 11:25:40.169 [cefgetfile] WARNING: Unknown VALIDATION_ALG:type=2, length=0
2026-03-04 11:25:40.169 [cefgetfile] WARNING: Unknown VALIDATION_ALG:type=2, length=0
2026-03-04 11:25:40.169 [cefgetfile] WARNING: Unknown VALIDATION_ALG:type=2, length=0
2026-03-04 11:25:40.170 [cefgetfile] WARNING: Unknown VALIDATION_ALG:type=2, length=0
2026-03-04 11:25:40.170 [cefgetfile] WARNING: Unknown VALIDATION_ALG:type=2, length=0
2026-03-04 11:25:40.170 [cefgetfile] WARNING: Unknown VALIDATION_ALG:type=2, length=0
2026-03-04 11:25:40.170 [cefgetfile] WARNING: Unknown VALIDATION_ALG:type=2, length=0
2026-03-04 11:25:40.171 [cefgetfile] WARNING: Unknown VALIDATION_ALG:type=2, length=0
2026-03-04 11:25:40.171 [cefgetfile] WARNING: Unknown VALIDATION_ALG:type=2, length=0
2026-03-04 11:25:40.171 [cefgetfile] WARNING: Unknown VALIDATION_ALG:type=2, length=0
2026-03-04 11:25:40.171 [cefgetfile] WARNING: Unknown VALIDATION_ALG:type=2, length=0
2026-03-04 11:25:40.171 [cefgetfile] WARNING: Unknown VALIDATION_ALG:type=2, length=0
2026-03-04 11:25:40.171 [cefgetfile] WARNING: Unknown VALIDATION_ALG:type=2, length=0
2026-03-04 11:25:40.171 [cefgetfile] WARNING: Unknown VALIDATION_ALG:type=2, length=0
2026-03-04 11:25:40.171 [cefgetfile] WARNING: Unknown VALIDATION_ALG:type=2, length=0
2026-03-04 11:25:40.173 [cefgetfile] WARNING: Unknown VALIDATION_ALG:type=2, length=0
2026-03-04 11:25:40.173 [cefgetfile] WARNING: Unknown VALIDATION_ALG:type=2, length=0
2026-03-04 11:25:40.173 [cefgetfile] WARNING: Unknown VALIDATION_ALG:type=2, length=0
2026-03-04 11:25:40.173 [cefgetfile] WARNING: Unknown VALIDATION_ALG:type=2, length=0
2026-03-04 11:25:40.173 [cefgetfile] WARNING: Unknown VALIDATION_ALG:type=2, length=0
2026-03-04 11:25:40.173 [cefgetfile] WARNING: Unknown VALIDATION_ALG:type=2, length=0
2026-03-04 11:25:40.173 [cefgetfile] WARNING: Unknown VALIDATION_ALG:type=2, length=0
2026-03-04 11:25:40.173 [cefgetfile] WARNING: Unknown VALIDATION_ALG:type=2, length=0
2026-03-04 11:25:40.174 [cefgetfile] WARNING: Unknown VALIDATION_ALG:type=2, length=0
2026-03-04 11:25:40.174 [cefgetfile] WARNING: Unknown VALIDATION_ALG:type=2, length=0
2026-03-04 11:25:40.174 [cefgetfile] WARNING: Unknown VALIDATION_ALG:type=2, length=0
2026-03-04 11:25:40.174 [cefgetfile] WARNING: Unknown VALIDATION_ALG:type=2, length=0
2026-03-04 11:25:40.174 [cefgetfile] WARNING: Unknown VALIDATION_ALG:type=2, length=0
2026-03-04 11:25:40.174 [cefgetfile] WARNING: Unknown VALIDATION_ALG:type=2, length=0
2026-03-04 11:25:40.175 [cefgetfile] WARNING: Unknown VALIDATION_ALG:type=2, length=0
2026-03-04 11:25:40.175 [cefgetfile] WARNING: Unknown VALIDATION_ALG:type=2, length=0
2026-03-04 11:25:40.175 [cefgetfile] WARNING: Unknown VALIDATION_ALG:type=2, length=0
2026-03-04 11:25:40.175 [cefgetfile] WARNING: Unknown VALIDATION_ALG:type=2, length=0
2026-03-04 11:25:40.175 [cefgetfile] WARNING: Unknown VALIDATION_ALG:type=2, length=0
2026-03-04 11:25:40.175 [cefgetfile] WARNING: Unknown VALIDATION_ALG:type=2, length=0
2026-03-04 11:25:40.176 [cefgetfile] WARNING: Unknown VALIDATION_ALG:type=2, length=0
2026-03-04 11:25:40.176 [cefgetfile] WARNING: Unknown VALIDATION_ALG:type=2, length=0
2026-03-04 11:25:40.176 [cefgetfile] WARNING: Unknown VALIDATION_ALG:type=2, length=0
2026-03-04 11:25:40.176 [cefgetfile] WARNING: Unknown VALIDATION_ALG:type=2, length=0
2026-03-04 11:25:40.176 [cefgetfile] WARNING: Unknown VALIDATION_ALG:type=2, length=0
2026-03-04 11:25:40.176 [cefgetfile] WARNING: Unknown VALIDATION_ALG:type=2, length=0
2026-03-04 11:25:40.177 [cefgetfile] WARNING: Unknown VALIDATION_ALG:type=2, length=0
2026-03-04 11:25:40.177 [cefgetfile] WARNING: Unknown VALIDATION_ALG:type=2, length=0
2026-03-04 11:25:40.177 [cefgetfile] WARNING: Unknown VALIDATION_ALG:type=2, length=0
2026-03-04 11:25:40.177 [cefgetfile] WARNING: Unknown VALIDATION_ALG:type=2, length=0
2026-03-04 11:25:40.178 [cefgetfile] WARNING: Unknown VALIDATION_ALG:type=2, length=0
2026-03-04 11:25:40.178 [cefgetfile] WARNING: Unknown VALIDATION_ALG:type=2, length=0
2026-03-04 11:25:40.179 [cefgetfile] WARNING: Unknown VALIDATION_ALG:type=2, length=0
2026-03-04 11:25:40.179 [cefgetfile] WARNING: Unknown VALIDATION_ALG:type=2, length=0
2026-03-04 11:25:40.179 [cefgetfile] WARNING: Unknown VALIDATION_ALG:type=2, length=0
2026-03-04 11:25:40.179 [cefgetfile] WARNING: Unknown VALIDATION_ALG:type=2, length=0
2026-03-04 11:25:40.179 [cefgetfile] WARNING: Unknown VALIDATION_ALG:type=2, length=0
2026-03-04 11:25:40.180 [cefgetfile] WARNING: Unknown VALIDATION_ALG:type=2, length=0
2026-03-04 11:25:40.180 [cefgetfile] WARNING: Unknown VALIDATION_ALG:type=2, length=0
2026-03-04 11:25:40.180 [cefgetfile] WARNING: Unknown VALIDATION_ALG:type=2, length=0
2026-03-04 11:25:40.180 [cefgetfile] WARNING: Unknown VALIDATION_ALG:type=2, length=0
2026-03-04 11:25:40.180 [cefgetfile] WARNING: Unknown VALIDATION_ALG:type=2, length=0
2026-03-04 11:25:40.180 [cefgetfile] WARNING: Unknown VALIDATION_ALG:type=2, length=0
2026-03-04 11:25:40.181 [cefgetfile] WARNING: Unknown VALIDATION_ALG:type=2, length=0
2026-03-04 11:25:40.181 [cefgetfile] WARNING: Unknown VALIDATION_ALG:type=2, length=0
2026-03-04 11:25:40.181 [cefgetfile] WARNING: Unknown VALIDATION_ALG:type=2, length=0
2026-03-04 11:25:40.181 [cefgetfile] WARNING: Unknown VALIDATION_ALG:type=2, length=0
2026-03-04 11:25:40.181 [cefgetfile] WARNING: Unknown VALIDATION_ALG:type=2, length=0
2026-03-04 11:25:40.182 [cefgetfile] WARNING: Unknown VALIDATION_ALG:type=2, length=0
2026-03-04 11:25:40.182 [cefgetfile] WARNING: Unknown VALIDATION_ALG:type=2, length=0
2026-03-04 11:25:40.182 [cefgetfile] WARNING: Unknown VALIDATION_ALG:type=2, length=0
2026-03-04 11:25:40.182 [cefgetfile] WARNING: Unknown VALIDATION_ALG:type=2, length=0
2026-03-04 11:25:40.182 [cefgetfile] WARNING: Unknown VALIDATION_ALG:type=2, length=0
2026-03-04 11:25:40.182 [cefgetfile] WARNING: Unknown VALIDATION_ALG:type=2, length=0
2026-03-04 11:25:40.182 [cefgetfile] WARNING: Unknown VALIDATION_ALG:type=2, length=0
2026-03-04 11:25:40.182 [cefgetfile] WARNING: Unknown VALIDATION_ALG:type=2, length=0
2026-03-04 11:25:40.184 [cefgetfile] WARNING: Unknown VALIDATION_ALG:type=2, length=0
2026-03-04 11:25:40.184 [cefgetfile] WARNING: Unknown VALIDATION_ALG:type=2, length=0
2026-03-04 11:25:40.184 [cefgetfile] WARNING: Unknown VALIDATION_ALG:type=2, length=0
2026-03-04 11:25:40.184 [cefgetfile] WARNING: Unknown VALIDATION_ALG:type=2, length=0
2026-03-04 11:25:40.184 [cefgetfile] WARNING: Unknown VALIDATION_ALG:type=2, length=0
2026-03-04 11:25:40.184 [cefgetfile] WARNING: Unknown VALIDATION_ALG:type=2, length=0
2026-03-04 11:25:40.184 [cefgetfile] WARNING: Unknown VALIDATION_ALG:type=2, length=0
2026-03-04 11:25:40.184 [cefgetfile] WARNING: Unknown VALIDATION_ALG:type=2, length=0
2026-03-04 11:25:40.186 [cefgetfile] WARNING: Unknown VALIDATION_ALG:type=2, length=0
2026-03-04 11:25:40.186 [cefgetfile] WARNING: Unknown VALIDATION_ALG:type=2, length=0
2026-03-04 11:25:40.186 [cefgetfile] WARNING: Unknown VALIDATION_ALG:type=2, length=0
2026-03-04 11:25:40.186 [cefgetfile] WARNING: Unknown VALIDATION_ALG:type=2, length=0
2026-03-04 11:25:40.186 [cefgetfile] WARNING: Unknown VALIDATION_ALG:type=2, length=0
2026-03-04 11:25:40.186 [cefgetfile] WARNING: Unknown VALIDATION_ALG:type=2, length=0
2026-03-04 11:25:40.186 [cefgetfile] WARNING: Unknown VALIDATION_ALG:type=2, length=0
2026-03-04 11:25:40.186 [cefgetfile] WARNING: Unknown VALIDATION_ALG:type=2, length=0
2026-03-04 11:25:40.188 [cefgetfile] WARNING: Unknown VALIDATION_ALG:type=2, length=0
2026-03-04 11:25:40.188 [cefgetfile] WARNING: Unknown VALIDATION_ALG:type=2, length=0
2026-03-04 11:25:40.188 [cefgetfile] WARNING: Unknown VALIDATION_ALG:type=2, length=0
2026-03-04 11:25:40.188 [cefgetfile] WARNING: Unknown VALIDATION_ALG:type=2, length=0
2026-03-04 11:25:40.188 [cefgetfile] WARNING: Unknown VALIDATION_ALG:type=2, length=0
2026-03-04 11:25:40.189 [cefgetfile] WARNING: Unknown VALIDATION_ALG:type=2, length=0
2026-03-04 11:25:40.189 [cefgetfile] WARNING: Unknown VALIDATION_ALG:type=2, length=0
2026-03-04 11:25:40.189 [cefgetfile] WARNING: Unknown VALIDATION_ALG:type=2, length=0
2026-03-04 11:25:40.189 [cefgetfile] WARNING: Unknown VALIDATION_ALG:type=2, length=0
2026-03-04 11:25:40.189 [cefgetfile] WARNING: Unknown VALIDATION_ALG:type=2, length=0
2026-03-04 11:25:40.190 [cefgetfile] WARNING: Unknown VALIDATION_ALG:type=2, length=0
2026-03-04 11:25:40.190 [cefgetfile] WARNING: Unknown VALIDATION_ALG:type=2, length=0
2026-03-04 11:25:40.191 [cefgetfile] WARNING: Unknown VALIDATION_ALG:type=2, length=0
2026-03-04 11:25:40.191 [cefgetfile] WARNING: Unknown VALIDATION_ALG:type=2, length=0
2026-03-04 11:25:40.191 [cefgetfile] WARNING: Unknown VALIDATION_ALG:type=2, length=0
2026-03-04 11:25:40.191 [cefgetfile] WARNING: Unknown VALIDATION_ALG:type=2, length=0
2026-03-04 11:25:40.191 [cefgetfile] WARNING: Unknown VALIDATION_ALG:type=2, length=0
2026-03-04 11:25:40.191 [cefgetfile] WARNING: Unknown VALIDATION_ALG:type=2, length=0
2026-03-04 11:25:40.191 [cefgetfile] WARNING: Unknown VALIDATION_ALG:type=2, length=0
2026-03-04 11:25:40.192 [cefgetfile] WARNING: Unknown VALIDATION_ALG:type=2, length=0
2026-03-04 11:25:40.193 [cefgetfile] WARNING: Unknown VALIDATION_ALG:type=2, length=0
2026-03-04 11:25:40.193 [cefgetfile] WARNING: Unknown VALIDATION_ALG:type=2, length=0
2026-03-04 11:25:40.193 [cefgetfile] WARNING: Unknown VALIDATION_ALG:type=2, length=0
2026-03-04 11:25:40.193 [cefgetfile] WARNING: Unknown VALIDATION_ALG:type=2, length=0
2026-03-04 11:25:40.193 [cefgetfile] WARNING: Unknown VALIDATION_ALG:type=2, length=0
2026-03-04 11:25:40.193 [cefgetfile] WARNING: Unknown VALIDATION_ALG:type=2, length=0
2026-03-04 11:25:40.193 [cefgetfile] WARNING: Unknown VALIDATION_ALG:type=2, length=0
2026-03-04 11:25:40.194 [cefgetfile] WARNING: Unknown VALIDATION_ALG:type=2, length=0
2026-03-04 11:25:40.196 [cefgetfile] WARNING: Unknown VALIDATION_ALG:type=2, length=0
2026-03-04 11:25:40.196 [cefgetfile] WARNING: Unknown VALIDATION_ALG:type=2, length=0
2026-03-04 11:25:40.196 [cefgetfile] WARNING: Unknown VALIDATION_ALG:type=2, length=0
2026-03-04 11:25:40.196 [cefgetfile] WARNING: Unknown VALIDATION_ALG:type=2, length=0
2026-03-04 11:25:40.196 [cefgetfile] WARNING: Unknown VALIDATION_ALG:type=2, length=0
2026-03-04 11:25:40.196 [cefgetfile] WARNING: Unknown VALIDATION_ALG:type=2, length=0
2026-03-04 11:25:40.196 [cefgetfile] WARNING: Unknown VALIDATION_ALG:type=2, length=0
2026-03-04 11:25:40.196 [cefgetfile] WARNING: Unknown VALIDATION_ALG:type=2, length=0
2026-03-04 11:25:40.197 [cefgetfile] WARNING: Unknown VALIDATION_ALG:type=2, length=0
2026-03-04 11:25:40.197 [cefgetfile] WARNING: Unknown VALIDATION_ALG:type=2, length=0
2026-03-04 11:25:40.197 [cefgetfile] WARNING: Unknown VALIDATION_ALG:type=2, length=0
2026-03-04 11:25:40.197 [cefgetfile] WARNING: Unknown VALIDATION_ALG:type=2, length=0
2026-03-04 11:25:40.198 [cefgetfile] WARNING: Unknown VALIDATION_ALG:type=2, length=0
2026-03-04 11:25:40.198 [cefgetfile] WARNING: Unknown VALIDATION_ALG:type=2, length=0
2026-03-04 11:25:40.198 [cefgetfile] WARNING: Unknown VALIDATION_ALG:type=2, length=0
2026-03-04 11:25:40.199 [cefgetfile] WARNING: Unknown VALIDATION_ALG:type=2, length=0
2026-03-04 11:25:40.199 [cefgetfile] WARNING: Unknown VALIDATION_ALG:type=2, length=0
2026-03-04 11:25:40.199 [cefgetfile] WARNING: Unknown VALIDATION_ALG:type=2, length=0
2026-03-04 11:25:40.199 [cefgetfile] WARNING: Unknown VALIDATION_ALG:type=2, length=0
2026-03-04 11:25:40.199 [cefgetfile] WARNING: Unknown VALIDATION_ALG:type=2, length=0
2026-03-04 11:25:40.200 [cefgetfile] WARNING: Unknown VALIDATION_ALG:type=2, length=0
2026-03-04 11:25:40.200 [cefgetfile] WARNING: Unknown VALIDATION_ALG:type=2, length=0
2026-03-04 11:25:40.200 [cefgetfile] WARNING: Unknown VALIDATION_ALG:type=2, length=0
2026-03-04 11:25:40.200 [cefgetfile] WARNING: Unknown VALIDATION_ALG:type=2, length=0
2026-03-04 11:25:40.200 [cefgetfile] WARNING: Unknown VALIDATION_ALG:type=2, length=0
2026-03-04 11:25:40.200 [cefgetfile] WARNING: Unknown VALIDATION_ALG:type=2, length=0
2026-03-04 11:25:40.200 [cefgetfile] WARNING: Unknown VALIDATION_ALG:type=2, length=0
2026-03-04 11:25:40.200 [cefgetfile] WARNING: Unknown VALIDATION_ALG:type=2, length=0
2026-03-04 11:25:40.201 [cefgetfile] WARNING: Unknown VALIDATION_ALG:type=2, length=0
2026-03-04 11:25:40.202 [cefgetfile] WARNING: Unknown VALIDATION_ALG:type=2, length=0
2026-03-04 11:25:40.202 [cefgetfile] WARNING: Unknown VALIDATION_ALG:type=2, length=0
2026-03-04 11:25:40.202 [cefgetfile] WARNING: Unknown VALIDATION_ALG:type=2, length=0
2026-03-04 11:25:40.202 [cefgetfile] WARNING: Unknown VALIDATION_ALG:type=2, length=0
2026-03-04 11:25:40.202 [cefgetfile] WARNING: Unknown VALIDATION_ALG:type=2, length=0
2026-03-04 11:25:40.202 [cefgetfile] WARNING: Unknown VALIDATION_ALG:type=2, length=0
2026-03-04 11:25:40.202 [cefgetfile] WARNING: Unknown VALIDATION_ALG:type=2, length=0
2026-03-04 11:25:40.204 [cefgetfile] WARNING: Unknown VALIDATION_ALG:type=2, length=0
2026-03-04 11:25:40.204 [cefgetfile] WARNING: Unknown VALIDATION_ALG:type=2, length=0
2026-03-04 11:25:40.204 [cefgetfile] WARNING: Unknown VALIDATION_ALG:type=2, length=0
2026-03-04 11:25:40.206 [cefgetfile] WARNING: Unknown VALIDATION_ALG:type=2, length=0
2026-03-04 11:25:40.206 [cefgetfile] WARNING: Unknown VALIDATION_ALG:type=2, length=0
2026-03-04 11:25:40.206 [cefgetfile] WARNING: Unknown VALIDATION_ALG:type=2, length=0
2026-03-04 11:25:40.206 [cefgetfile] WARNING: Unknown VALIDATION_ALG:type=2, length=0
2026-03-04 11:25:40.207 [cefgetfile] WARNING: Unknown VALIDATION_ALG:type=2, length=0
2026-03-04 11:25:40.207 [cefgetfile] WARNING: Unknown VALIDATION_ALG:type=2, length=0
2026-03-04 11:25:40.207 [cefgetfile] WARNING: Unknown VALIDATION_ALG:type=2, length=0
2026-03-04 11:25:40.207 [cefgetfile] WARNING: Unknown VALIDATION_ALG:type=2, length=0
2026-03-04 11:25:40.210 [cefgetfile] WARNING: Unknown VALIDATION_ALG:type=2, length=0
2026-03-04 11:25:40.210 [cefgetfile] WARNING: Unknown VALIDATION_ALG:type=2, length=0
2026-03-04 11:25:40.211 [cefgetfile] WARNING: Unknown VALIDATION_ALG:type=2, length=0
2026-03-04 11:25:40.211 [cefgetfile] WARNING: Unknown VALIDATION_ALG:type=2, length=0
2026-03-04 11:25:40.211 [cefgetfile] WARNING: Unknown VALIDATION_ALG:type=2, length=0
2026-03-04 11:25:40.211 [cefgetfile] WARNING: Unknown VALIDATION_ALG:type=2, length=0
2026-03-04 11:25:40.211 [cefgetfile] WARNING: Unknown VALIDATION_ALG:type=2, length=0
2026-03-04 11:25:40.211 [cefgetfile] WARNING: Unknown VALIDATION_ALG:type=2, length=0
2026-03-04 11:25:40.212 [cefgetfile] WARNING: Unknown VALIDATION_ALG:type=2, length=0
2026-03-04 11:25:40.212 [cefgetfile] WARNING: Unknown VALIDATION_ALG:type=2, length=0
2026-03-04 11:25:40.212 [cefgetfile] WARNING: Unknown VALIDATION_ALG:type=2, length=0
2026-03-04 11:25:40.212 [cefgetfile] WARNING: Unknown VALIDATION_ALG:type=2, length=0
2026-03-04 11:25:40.212 [cefgetfile] WARNING: Unknown VALIDATION_ALG:type=2, length=0
2026-03-04 11:25:40.212 [cefgetfile] WARNING: Unknown VALIDATION_ALG:type=2, length=0
2026-03-04 11:25:40.214 [cefgetfile] WARNING: Unknown VALIDATION_ALG:type=2, length=0
2026-03-04 11:25:40.214 [cefgetfile] WARNING: Unknown VALIDATION_ALG:type=2, length=0
2026-03-04 11:25:40.214 [cefgetfile] WARNING: Unknown VALIDATION_ALG:type=2, length=0
2026-03-04 11:25:40.214 [cefgetfile] WARNING: Unknown VALIDATION_ALG:type=2, length=0
2026-03-04 11:25:40.214 [cefgetfile] WARNING: Unknown VALIDATION_ALG:type=2, length=0
2026-03-04 11:25:40.214 [cefgetfile] WARNING: Unknown VALIDATION_ALG:type=2, length=0
2026-03-04 11:25:40.214 [cefgetfile] WARNING: Unknown VALIDATION_ALG:type=2, length=0
2026-03-04 11:25:40.214 [cefgetfile] WARNING: Unknown VALIDATION_ALG:type=2, length=0
2026-03-04 11:25:40.215 [cefgetfile] WARNING: Unknown VALIDATION_ALG:type=2, length=0
2026-03-04 11:25:40.215 [cefgetfile] WARNING: Unknown VALIDATION_ALG:type=2, length=0
2026-03-04 11:25:40.215 [cefgetfile] WARNING: Unknown VALIDATION_ALG:type=2, length=0
2026-03-04 11:25:40.216 [cefgetfile] WARNING: Unknown VALIDATION_ALG:type=2, length=0
2026-03-04 11:25:40.216 [cefgetfile] WARNING: Unknown VALIDATION_ALG:type=2, length=0
2026-03-04 11:25:40.216 [cefgetfile] WARNING: Unknown VALIDATION_ALG:type=2, length=0
2026-03-04 11:25:40.216 [cefgetfile] WARNING: Unknown VALIDATION_ALG:type=2, length=0
2026-03-04 11:25:40.216 [cefgetfile] WARNING: Unknown VALIDATION_ALG:type=2, length=0
2026-03-04 11:25:40.217 [cefgetfile] WARNING: Unknown VALIDATION_ALG:type=2, length=0
2026-03-04 11:25:40.217 [cefgetfile] WARNING: Unknown VALIDATION_ALG:type=2, length=0
2026-03-04 11:25:40.218 [cefgetfile] WARNING: Unknown VALIDATION_ALG:type=2, length=0
2026-03-04 11:25:40.218 [cefgetfile] WARNING: Unknown VALIDATION_ALG:type=2, length=0
2026-03-04 11:25:40.218 [cefgetfile] WARNING: Unknown VALIDATION_ALG:type=2, length=0
2026-03-04 11:25:40.218 [cefgetfile] WARNING: Unknown VALIDATION_ALG:type=2, length=0
2026-03-04 11:25:40.218 [cefgetfile] WARNING: Unknown VALIDATION_ALG:type=2, length=0
2026-03-04 11:25:40.218 [cefgetfile] WARNING: Unknown VALIDATION_ALG:type=2, length=0
2026-03-04 11:25:40.219 [cefgetfile] WARNING: Unknown VALIDATION_ALG:type=2, length=0
2026-03-04 11:25:40.219 [cefgetfile] WARNING: Unknown VALIDATION_ALG:type=2, length=0
2026-03-04 11:25:40.220 [cefgetfile] WARNING: Unknown VALIDATION_ALG:type=2, length=0
2026-03-04 11:25:40.220 [cefgetfile] WARNING: Unknown VALIDATION_ALG:type=2, length=0
2026-03-04 11:25:40.220 [cefgetfile] WARNING: Unknown VALIDATION_ALG:type=2, length=0
2026-03-04 11:25:40.220 [cefgetfile] WARNING: Unknown VALIDATION_ALG:type=2, length=0
2026-03-04 11:25:40.220 [cefgetfile] WARNING: Unknown VALIDATION_ALG:type=2, length=0
2026-03-04 11:25:40.220 [cefgetfile] WARNING: Unknown VALIDATION_ALG:type=2, length=0
2026-03-04 11:25:40.220 [cefgetfile] WARNING: Unknown VALIDATION_ALG:type=2, length=0
2026-03-04 11:25:40.220 [cefgetfile] WARNING: Unknown VALIDATION_ALG:type=2, length=0
2026-03-04 11:25:40.222 [cefgetfile] WARNING: Unknown VALIDATION_ALG:type=2, length=0
2026-03-04 11:25:40.222 [cefgetfile] WARNING: Unknown VALIDATION_ALG:type=2, length=0
2026-03-04 11:25:40.222 [cefgetfile] WARNING: Unknown VALIDATION_ALG:type=2, length=0
2026-03-04 11:25:40.222 [cefgetfile] WARNING: Unknown VALIDATION_ALG:type=2, length=0
2026-03-04 11:25:40.222 [cefgetfile] WARNING: Unknown VALIDATION_ALG:type=2, length=0
2026-03-04 11:25:40.222 [cefgetfile] WARNING: Unknown VALIDATION_ALG:type=2, length=0
2026-03-04 11:25:40.223 [cefgetfile] WARNING: Unknown VALIDATION_ALG:type=2, length=0
2026-03-04 11:25:40.223 [cefgetfile] WARNING: Unknown VALIDATION_ALG:type=2, length=0
2026-03-04 11:25:40.223 [cefgetfile] WARNING: Unknown VALIDATION_ALG:type=2, length=0
2026-03-04 11:25:40.223 [cefgetfile] WARNING: Unknown VALIDATION_ALG:type=2, length=0
2026-03-04 11:25:40.223 [cefgetfile] WARNING: Unknown VALIDATION_ALG:type=2, length=0
2026-03-04 11:25:40.223 [cefgetfile] WARNING: Unknown VALIDATION_ALG:type=2, length=0
2026-03-04 11:25:40.224 [cefgetfile] WARNING: Unknown VALIDATION_ALG:type=2, length=0
2026-03-04 11:25:40.225 [cefgetfile] WARNING: Unknown VALIDATION_ALG:type=2, length=0
2026-03-04 11:25:40.225 [cefgetfile] WARNING: Unknown VALIDATION_ALG:type=2, length=0
2026-03-04 11:25:40.225 [cefgetfile] WARNING: Unknown VALIDATION_ALG:type=2, length=0
2026-03-04 11:25:40.225 [cefgetfile] WARNING: Unknown VALIDATION_ALG:type=2, length=0
2026-03-04 11:25:40.225 [cefgetfile] WARNING: Unknown VALIDATION_ALG:type=2, length=0
2026-03-04 11:25:40.225 [cefgetfile] WARNING: Unknown VALIDATION_ALG:type=2, length=0
2026-03-04 11:25:40.225 [cefgetfile] WARNING: Unknown VALIDATION_ALG:type=2, length=0
2026-03-04 11:25:40.225 [cefgetfile] WARNING: Unknown VALIDATION_ALG:type=2, length=0
2026-03-04 11:25:40.226 [cefgetfile] WARNING: Unknown VALIDATION_ALG:type=2, length=0
2026-03-04 11:25:40.226 [cefgetfile] WARNING: Unknown VALIDATION_ALG:type=2, length=0
2026-03-04 11:25:40.226 [cefgetfile] WARNING: Unknown VALIDATION_ALG:type=2, length=0
2026-03-04 11:25:40.227 [cefgetfile] WARNING: Unknown VALIDATION_ALG:type=2, length=0
2026-03-04 11:25:40.227 [cefgetfile] WARNING: Unknown VALIDATION_ALG:type=2, length=0
2026-03-04 11:25:40.227 [cefgetfile] WARNING: Unknown VALIDATION_ALG:type=2, length=0
2026-03-04 11:25:40.227 [cefgetfile] WARNING: Unknown VALIDATION_ALG:type=2, length=0
2026-03-04 11:25:40.227 [cefgetfile] WARNING: Unknown VALIDATION_ALG:type=2, length=0
2026-03-04 11:25:40.228 [cefgetfile] WARNING: Unknown VALIDATION_ALG:type=2, length=0
2026-03-04 11:25:40.228 [cefgetfile] WARNING: Unknown VALIDATION_ALG:type=2, length=0
2026-03-04 11:25:40.228 [cefgetfile] WARNING: Unknown VALIDATION_ALG:type=2, length=0
2026-03-04 11:25:40.229 [cefgetfile] WARNING: Unknown VALIDATION_ALG:type=2, length=0
2026-03-04 11:25:40.229 [cefgetfile] WARNING: Unknown VALIDATION_ALG:type=2, length=0
2026-03-04 11:25:40.229 [cefgetfile] WARNING: Unknown VALIDATION_ALG:type=2, length=0
2026-03-04 11:25:40.229 [cefgetfile] WARNING: Unknown VALIDATION_ALG:type=2, length=0
2026-03-04 11:25:40.229 [cefgetfile] WARNING: Unknown VALIDATION_ALG:type=2, length=0
[cefgetfile] Completed to get all the chunks.
[cefgetfile] Unconnect to cefnetd ... OK
[cefgetfile] Terminate
[cefgetfile] Rx Frames (All)           = 424
[cefgetfile] Rx Frames (ContentObject) = 424
[cefgetfile] Rx Bytes (All)            = 444414
[cefgetfile] Rx Bytes (ContentObject)  = 433390
[cefgetfile] Duration                  = 0.103 sec
[cefgetfile] Throughput                = 34913504 bps
[cefgetfile] Goodput                   = 34047450 bps
[cefgetfile] Jitter (Ave)              = 240 us
[cefgetfile] Jitter (Max)              = 3125 us
[cefgetfile] Jitter (Var)              = 182655 us
