[cefgetfile] Start
[cefgetfile] Parsing parameters ...OK
2026-03-04 11:25:39.073 [cefgetfile] INFO: [client] Config directory is ./h0
2026-03-04 11:25:39.073 [cefgetfile] INFO: [client] Local Socket Name is /tmp/cef_9695.0
2026-03-04 11:25:39.073 [cefgetfile] INFO: [client] Listen Port is 9695
[cefgetfile] Init Cefore Client package ... OK
[cefgetfile] Conversion from URI into Name ... OK
[cefgetfile] Checking the output file ... OK
[cefgetfile] Connect to cefnetd ... OK
[cefgetfile] URI=ccnx:/test/sample
[cefgetfile] Start sending Interests
2026-03-04 11:25:39.082 [cefgetfile] WARNING: Unknown VALIDATION_ALG:type=2, length=0
2026-03-04 11:25:39.082 [cefgetfile] WARNING: Unknown VALIDATION_ALG:type=2, length=0
2026-03-04 11:25:39.082 [cefgetfile] WARNING: Unknown VALIDATION_ALG:type=2, length=0
2026-03-04 11:25:39.082 [cefgetfile] WARNING: Unknown VALIDATION_ALG:type=2, length=0
2026-03-04 11:25:39.082 [cefgetfile] WARNING: Unknown VALIDATION_ALG:type=2, length=0
2026-03-04 11:25:39.082 [cefgetfile] WARNING: Unknown VALIDATION_ALG:type=2, length=0
2026-03-04 11:25:39.082 [cefgetfile] WARNING: Unknown VALIDATION_ALG:type=2, length=0
2026-03-04 11:25:39.082 [cefgetfile] WARNING: Unknown VALIDATION_ALG:type=2, length=0
2026-03-04 11:25:39.082 [cefgetfile] WARNING: Unknown VALIDATION_ALG:type=2, length=0
2026-03-04 11:25:39.083 [cefgetfile] WARNING: Unknown VALIDATION_ALG:type=2, length=0
2026-03-04 11:25:39.083 [cefgetfile] WARNING: Unknown VALIDATION_ALG:type=2, length=0
2026-03-04 11:25:39.083 [cefgetfile] WARNING: Unknown VALIDATION_ALG:type=2, length=0
2026-03-04 11:25:39.083 [cefgetfile] WARNING: Unknown VALIDATION_ALG:type=2, length=0
2026-03-04 11:25:39.083 [cefgetfile] WARNING: Unknown VALIDATION_ALG:type=2, length=0
2026-03-04 11:25:39.083 [cefgetfile] WARNING: Unknown VALIDATION_ALG:type=2, length=0
2026-03-04 11:25:39.083 [cefgetfile] WARNING: Unknown VALIDATION_ALG:type=2, length=0
2026-03-04 11:25:39.083 [cefgetfile] WARNING: Unknown VALIDATION_ALG:type=2, length=0
2026-03-04 11:25:39.083 [cefgetfile] WARNING: Unknown VALIDATION_ALG:type=2, length=0
2026-03-04 11:25:39.083 [cefgetfile] WARNING: Unknown VALIDATION_ALG:type=2, length=0
2026-03-04 11:25:39.083 [cefgetfile] WARNING: Unknown VALIDATION_ALG:type=2, length=0
2026-03-04 11:25:39.083 [cefgetfile] WARNING: Unknown VALIDATION_ALG:type=2, length=0
2026-03-04 11:25:39.083 [cefgetfile] WARNING: Unknown VALIDATION_ALG:type=2, length=0
2026-03-04 11:25:39.084 [cefgetfile] WARNING: Unknown VALIDATION_ALG:type=2, length=0
2026-03-04 11:25:39.084 [cefgetfile] WARNING: Unknown VALIDATION_ALG:type=2, length=0
2026-03-04 11:25:39.084 [cefgetfile] WARNING: Unknown VALIDATION_ALG:type=2, length=0
2026-03-04 11:25:39.084 [cefgetfile] WARNING: Unknown VALIDATION_ALG:type=2, length=0
2026-03-04 11:25:39.084 [cefgetfile] WARNING: Unknown VALIDATION_ALG:type=2, length=0
2026-03-04 11:25:39.084 [cefgetfile] WARNING: Unknown VALIDATION_ALG:type=2, length=0
2026-03-04 11:25:39.084 [cefgetfile] WARNING: Unknown VALIDATION_ALG:type=2, length=0
2026-03-04 11:25:39.084 [cefgetfile] WARNING: Unknown VALIDATION_ALG:type=2, length=0
2026-03-04 11:25:39.084 [cefgetfile] WARNING: Unknown VALIDATION_ALG:type=2, length=0
2026-03-04 11:25:39.084 [cefgetfile] WARNING: Unknown VALIDATION_ALG:type=2, length=0
2026-03-04 11:25:39.084 [cefgetfile] WARNING: Unknown VALIDATION_ALG:type=2, length=0
2026-03-04 11:25:39.084 [cefgetfile] WARNING: Unknown VALIDATION_ALG:type=2, length=0
2026-03-04 11:25:39.084 [cefgetfile] WARNING: Unknown VALIDATION_ALG:type=2, length=0
2026-03-04 11:25:39.085 [cefgetfile] WARNING: Unknown VALIDATION_ALG:type=2, length=0
2026-03-04 11:25:39.085 [cefgetfile] WARNING: Unknown VALIDATION_ALG:type=2, length=0
2026-03-04 11:25:39.085 [cefgetfile] WARNING: Unknown VALIDATION_ALG:type=2, length=0
2026-03-04 11:25:39.085 [cefgetfile] WARNING: Unknown VALIDATION_ALG:type=2, length=0
2026-03-04 11:25:39.085 [cefgetfile] WARNING: Unknown VALIDATION_ALG:type=2, length=0
2026-03-04 11:25:39.085 [cefgetfile] WARNING: Unknown VALIDATION_ALG:type=2, length=0
2026-03-04 11:25:39.085 [cefgetfile] WARNING: Unknown VALIDATION_ALG:type=2, length=0
2026-03-04 11:25:39.085 [cefgetfile] WARNING: Unknown VALIDATION_ALG:type=2, length=0
2026-03-04 11:25:39.085 [cefgetfile] WARNING: Unknown VALIDATION_ALG:type=2, length=0
2026-03-04 11:25:39.085 [cefgetfile] WARNING: Unknown VALIDATION_ALG:type=2, length=0
2026-03-04 11:25:39.085 [cefgetfile] WARNING: Unknown VALIDATION_ALG:type=2, length=0
2026-03-04 11:25:39.085 [cefgetfile] WARNING: Unknown VALIDATION_ALG:type=2, length=0
2026-03-04 11:25:39.085 [cefgetfile] WARNING: Unknown VALIDATION_ALG:type=2, length=0
2026-03-04 11:25:39.086 [cefgetfile] WARNING: Unknown VALIDATION_ALG:type=2, length=0
2026-03-04 11:25:39.086 [cefgetfile] WARNING: Unknown VALIDATION_ALG:type=2, length=0
2026-03-04 11:25:39.086 [cefgetfile] WARNING: Unknown VALIDATION_ALG:type=2, length=0
2026-03-04 11:25:39.086 [cefgetfile] WARNING: Unknown VALIDATION_ALG:type=2, length=0
2026-03-04 11:25:39.086 [cefgetfile] WARNING: Unknown VALIDATION_ALG:type=2, length=0
2026-03-04 11:25:39.086 [cefgetfile] WARNING: Unknown VALIDATION_ALG:type=2, length=0
2026-03-04 11:25:39.086 [cefgetfile] WARNING: Unknown VALIDATION_ALG:type=2, length=0
2026-03-04 11:25:39.086 [cefgetfile] WARNING: Unknown VALIDATION_ALG:type=2, length=0
2026-03-04 11:25:39.086 [cefgetfile] WARNING: Unknown VALIDATION_ALG:type=2, length=0
2026-03-04 11:25:39.086 [cefgetfile] WARNING: Unknown VALIDATION_ALG:type=2, length=0
2026-03-04 11:25:39.086 [cefgetfile] WARNING: Unknown VALIDATION_ALG:type=2, length=0
2026-03-04 11:25:39.086 [cefgetfile] WARNING: Unknown VALIDATION_ALG:type=2, length=0
2026-03-04 11:25:39.086 [cefgetfile] WARNING: Unknown VALIDATION_ALG:type=2, length=0
2026-03-04 11:25:39.087 [cefgetfile] WARNING: Unknown VALIDATION_ALG:type=2, length=0
2026-03-04 11:25:39.087 [cefgetfile] WARNING: Unknown VALIDATION_ALG:type=2, length=0
2026-03-04 11:25:39.087 [cefgetfile] WARNING: Unknown VALIDATION_ALG:type=2, length=0
2026-03-04 11:25:39.087 [cefgetfile] WARNING: Unknown VALIDATION_ALG:type=2, length=0
2026-03-04 11:25:39.087 [cefgetfile] WARNING: Unknown VALIDATION_ALG:type=2, length=0
2026-03-04 11:25:39.087 [cefgetfile] WARNING: Unknown VALIDATION_ALG:type=2, length=0
2026-03-04 11:25:39.087 [cefgetfile] WARNING: Unknown VALIDATION_ALG:type=2, length=0
2026-03-04 11:25:39.087 [cefgetfile] WARNING: Unknown VALIDATION_ALG:type=2, length=0
2026-03-04 11:25:39.087 [cefgetfile] WARNING: Unknown VALIDATION_ALG:type=2, length=0
2026-03-04 11:25:39.087 [cefgetfile] WARNING: Unknown VALIDATION_ALG:type=2, length=0
2026-03-04 11:25:39.087 [cefgetfile] WARNING: Unknown VALIDATION_ALG:type=2, length=0
2026-03-04 11:25:39.087 [cefgetfile] WARNING: Unknown VALIDATION_ALG:type=2, length=0
2026-03-04 11:25:39.087 [cefgetfile] WARNING: Unknown VALIDATION_ALG:type=2, length=0
2026-03-04 11:25:39.088 [cefgetfile] WARNING: Unknown VALIDATION_ALG:type=2, length=0
2026-03-04 11:25:39.088 [cefgetfile] WARNING: Unknown VALIDATION_ALG:type=2, length=0
2026-03-04 11:25:39.088 [cefgetfile] WARNING: Unknown VALIDATION_ALG:type=2, length=0
2026-03-04 11:25:39.088 [cefgetfile] WARNING: Unknown VALIDATION_ALG:type=2, length=0
2026-03-04 11:25:39.088 [cefgetfile] WARNING: Unknown VALIDATION_ALG:type=2, length=0
2026-03-04 11:25:39.088 [cefgetfile] WARNING: Unknown VALIDATION_ALG:type=2, length=0
2026-03-04 11:25:39.088 [cefgetfile] WARNING: Unknown VALIDATION_ALG:type=2, length=0
2026-03-04 11:25:39.088 [cefgetfile] WARNING: Unknown VALIDATION_ALG:type=2, length=0
2026-03-04 11:25:39.088 [cefgetfile] WARNING: Unknown VALIDATION_ALG:type=2, length=0
2026-03-04 11:25:39.088 [cefgetfile] WARNING: Unknown VALIDATION_ALG:type=2, length=0
2026-03-04 11:25:39.088 [cefgetfile] WARNING: Unknown VALIDATION_ALG:type=2, length=0
2026-03-04 11:25:39.088 [cefgetfile] WARNING: Unknown VALIDATION_ALG:type=2, length=0
2026-03-04 11:25:39.088 [cefgetfile] WARNING: Unknown VALIDATION_ALG:type=2, length=0
2026-03-04 11:25:39.088 [cefgetfile] WARNING: Unknown VALIDATION_ALG:type=2, length=0
2026-03-04 11:25:39.089 [cefgetfile] WARNING: Unknown VALIDATION_ALG:type=2, length=0
2026-03-04 11:25:39.089 [cefgetfile] WARNING: Unknown VALIDATION_ALG:type=2, length=0
2026-03-04 11:25:39.089 [cefgetfile] WARNING: Unknown VALIDATION_ALG:type=2, length=0
2026-03-04 11:25:39.089 [cefgetfile] WARNING: Unknown VALIDATION_ALG:type=2, length=0
2026-03-04 11:25:39.089 [cefgetfile] WARNING: Unknown VALIDATION_ALG:type=2, length=0
2026-03-04 11:25:39.089 [cefgetfile] WARNING: Unknown VALIDATION_ALG:type=2, length=0
2026-03-04 11:25:39.089 [cefgetfile] WARNING: Unknown VALIDATION_ALG:type=2, length=0
2026-03-04 11:25:39.089 [cefgetfile] WARNING: Unknown VALIDATION_ALG:type=2, length=0
2026-03-04 11:25:39.089 [cefgetfile] WARNING: Unknown VALIDATION_ALG:type=2, length=0
2026-03-04 11:25:39.089 [cefgetfile] WARNING: Unknown VALIDATION_ALG:type=2, length=0
2026-03-04 11:25:39.089 [cefgetfile] WARNING: Unknown VALIDATION_ALG:type=2, length=0
2026-03-04 11:25:39.089 [cefgetfile] WARNING: Unknown VALIDATION_ALG:type=2, length=0
2026-03-04 11:25:39.089 [cefgetfile] WARNING: Unknown VALIDATION_ALG:type=2, length=0
2026-03-04 11:25:39.090 [cefgetfile] WARNING: Unknown VALIDATION_ALG:type=2, length=0
2026-03-04 11:25:39.090 [cefgetfile] WARNING: Unknown VALIDATION_ALG:type=2, length=0
2026-03-04 11:25:39.090 [cefgetfile] WARNING: Unknown VALIDATION_ALG:type=2, length=0
2026-03-04 11:25:39.090 [cefgetfile] WARNING: Unknown VALIDATION_ALG:type=2, length=0
2026-03-04 11:25:39.090 [cefgetfile] WARNING: Unknown VALIDATION_ALG:type=2, length=0
2026-03-04 11:25:39.090 [cefgetfile] WARNING: Unknown VALIDATION_ALG:type=2, length=0
2026-03-04 11:25:39.090 [cefgetfile] WARNING: Unknown VALIDATION_ALG:type=2, length=0
2026-03-04 11:25:39.090 [cefgetfile] WARNING: Unknown VALIDATION_ALG:type=2, length=0
2026-03-04 11:25:39.090 [cefgetfile] WARNING: Unknown VALIDATION_ALG:type=2, length=0
2026-03-04 11:25:39.090 [cefgetfile] WARNING: Unknown VALIDATION_ALG:type=2, length=0
2026-03-04 11:25:39.090 [cefgetfile] WARNING: Unknown VALIDATION_ALG:type=2, length=0
2026-03-04 11:25:39.090 [cefgetfile] WARNING: Unknown VALIDATION_ALG:type=2, length=0
2026-03-04 11:25:39.091 [cefgetfile] WARNING: Unknown VALIDATION_ALG:type=2, length=0
2026-03-04 11:25:39.091 [cefgetfile] WARNING: Unknown VALIDATION_ALG:type=2, length=0
2026-03-04 11:25:39.091 [cefgetfile] WARNING: Unknown VALIDATION_ALG:type=2, length=0
2026-03-04 11:25:39.091 [cefgetfile] WARNING: Unknown VALIDATION_ALG:type=2, length=0
2026-03-04 11:25:39.091 [cefgetfile] WARNING: Unknown VALIDATION_ALG:type=2, length=0
2026-03-04 11:25:39.091 [cefgetfile] WARNING: Unknown VALIDATION_ALG:type=2, length=0
2026-03-04 11:25:39.091 [cefgetfile] WARNING: Unknown VALIDATION_ALG:type=2, length=0
2026-03-04 11:25:39.091 [cefgetfile] WARNING: Unknown VALIDATION_ALG:type=2, length=0
2026-03-04 11:25:39.091 [cefgetfile] WARNING: Unknown VALIDATION_ALG:type=2, length=0
2026-03-04 11:25:39.091 [cefgetfile] WARNING: Unknown VALIDATION_ALG:type=2, length=0
2026-03-04 11:25:39.091 [cefgetfile] WARNING: Unknown VALIDATION_ALG:type=2, length=0
2026-03-04 11:25:39.091 [cefgetfile] WARNING: Unknown VALIDATION_ALG:type=2, length=0
2026-03-04 11:25:39.091 [cefgetfile] WARNING: Unknown VALIDATION_ALG:type=2, length=0
2026-03-04 11:25:39.091 [cefgetfile] WARNING: Unknown VALIDATION_ALG:type=2, length=0
2026-03-04 11:25:39.091 [cefgetfile] WARNING: Unknown VALIDATION_ALG:type=2, length=0
2026-03-04 11:25:39.092 [cefgetfile] WARNING: Unknown VALIDATION_ALG:type=2, length=0
2026-03-04 11:25:39.092 [cefgetfile] WARNING: Unknown VALIDATION_ALG:type=2, length=0
2026-03-04 11:25:39.092 [cefgetfile] WARNING: Unknown VALIDATION_ALG:type=2, length=0
2026-03-04 11:25:39.092 [cefgetfile] WARNING: Unknown VALIDATION_ALG:type=2, length=0
2026-03-04 11:25:39.092 [cefgetfile] WARNING: Unknown VALIDATION_ALG:type=2, length=0
2026-03-04 11:25:39.092 [cefgetfile] WARNING: Unknown VALIDATION_ALG:type=2, length=0
2026-03-04 11:25:39.092 [cefgetfile] WARNING: Unknown VALIDATION_ALG:type=2, length=0
2026-03-04 11:25:39.092 [cefgetfile] WARNING: Unknown VALIDATION_ALG:type=2, length=0
2026-03-04 11:25:39.092 [cefgetfile] WARNING: Unknown VALIDATION_ALG:type=2, length=0
2026-03-04 11:25:39.092 [cefgetfile] WARNING: Unknown VALIDATION_ALG:type=2, length=0
2026-03-04 11:25:39.092 [cefgetfile] WARNING: Unknown VALIDATION_ALG:type=2, length=0
2026-03-04 11:25:39.092 [cefgetfile] WARNING: Unknown VALIDATION_ALG:type=2, length=0
2026-03-04 11:25:39.092 [cefgetfile] WARNING: Unknown VALIDATION_ALG:type=2, length=0
2026-03-04 11:25:39.093 [cefgetfile] WARNING: Unknown VALIDATION_ALG:type=2, length=0
2026-03-04 11:25:39.093 [cefgetfile] WARNING: Unknown VALIDATION_ALG:type=2, length=0
2026-03-04 11:25:39.093 [cefgetfile] WARNING: Unknown VALIDATION_ALG:type=2, length=0
2026-03-04 11:25:39.093 [cefgetfile] WARNING: Unknown VALIDATION_ALG:type=2, length=0
2026-03-04 11:25:39.093 [cefgetfile] WARNING: Unknown VALIDATION_ALG:type=2, length=0
2026-03-04 11:25:39.093 [cefgetfile] WARNING: Unknown VALIDATION_ALG:type=2, length=0
2026-03-04 11:25:39.093 [cefgetfile] WARNING: Unknown VALIDATION_ALG:type=2, length=0
2026-03-04 11:25:39.093 [cefgetfile] WARNING: Unknown VALIDATION_ALG:type=2, length=0
2026-03-04 11:25:39.093 [cefgetfile] WARNING: Unknown VALIDATION_ALG:type=2, length=0
2026-03-04 11:25:39.093 [cefgetfile] WARNING: Unknown VALIDATION_ALG:type=2, length=0
2026-03-04 11:25:39.093 [cefgetfile] WARNING: Unknown VALIDATION_ALG:type=2, length=0
2026-03-04 11:25:39.094 [cefgetfile] WARNING: Unknown VALIDATION_ALG:type=2, length=0
2026-03-04 11:25:39.094 [cefgetfile] WARNING: Unknown VALIDATION_ALG:type=2, length=0
2026-03-04 11:25:39.094 [cefgetfile] WARNING: Unknown VALIDATION_ALG:type=2, length=0
2026-03-04 11:25:39.094 [cefgetfile] WARNING: Unknown VALIDATION_ALG:type=2, length=0
2026-03-04 11:25:39.094 [cefgetfile] WARNING: Unknown VALIDATION_ALG:type=2, length=0
2026-03-04 11:25:39.094 [cefgetfile] WARNING: Unknown VALIDATION_ALG:type=2, length=0
2026-03-04 11:25:39.094 [cefgetfile] WARNING: Unknown VALIDATION_ALG:type=2, length=0
2026-03-04 11:25:39.094 [cefgetfile] WARNING: Unknown VALIDATION_ALG:type=2, length=0
2026-03-04 11:25:39.094 [cefgetfile] WARNING: Unknown VALIDATION_ALG:type=2, length=0
2026-03-04 11:25:39.094 [cefgetfile] WARNING: Unknown VALIDATION_ALG:type=2, length=0
2026-03-04 11:25:39.094 [cefgetfile] WARNING: Unknown VALIDATION_ALG:type=2, length=0
2026-03-04 11:25:39.094 [cefgetfile] WARNING: Unknown VALIDATION_ALG:type=2, length=0
2026-03-04 11:25:39.094 [cefgetfile] WARNING: Unknown VALIDATION_ALG:type=2, length=0
2026-03-04 11:25:39.094 [cefgetfile] WARNING: Unknown VALIDATION_ALG:type=2, length=0
2026-03-04 11:25:39.094 [cefgetfile] WARNING: Unknown VALIDATION_ALG:type=2, length=0
2026-03-04 11:25:39.094 [cefgetfile] WARNING: Unknown VALIDATION_ALG:type=2, length=0
2026-03-04 11:25:39.095 [cefgetfile] WARNING: Unknown VALIDATION_ALG:type=2, length=0
2026-03-04 11:25:39.095 [cefgetfile] WARNING: Unknown VALIDATION_ALG:type=2, length=0
2026-03-04 11:25:39.095 [cefgetfile] WARNING: Unknown VALIDATION_ALG:type=2, length=0
2026-03-04 11:25:39.095 [cefgetfile] WARNING: Unknown VALIDATION_ALG:type=2, length=0
2026-03-04 11:25:39.095 [cefgetfile] WARNING: Unknown VALIDATION_ALG:type=2, length=0
2026-03-04 11:25:39.095 [cefgetfile] WARNING: Unknown VALIDATION_ALG:type=2, length=0
2026-03-04 11:25:39.095 [cefgetfile] WARNING: Unknown VALIDATION_ALG:type=2, length=0
2026-03-04 11:25:39.095 [cefgetfile] WARNING: Unknown VALIDATION_ALG:type=2, length=0
2026-03-04 11:25:39.095 [cefgetfile] WARNING: Unknown VALIDATION_ALG:type=2, length=0
2026-03-04 11:25:39.095 [cefgetfile] WARNING: Unknown VALIDATION_ALG:type=2, length=0
2026-03-04 11:25:39.095 [cefgetfile] WARNING: Unknown VALIDATION_ALG:type=2, length=0
2026-03-04 11:25:39.095 [cefgetfile] WARNING: Unknown VALIDATION_ALG:type=2, length=0
2026-03-04 11:25:39.095 [cefgetfile] WARNING: Unknown VALIDATION_ALG:type=2, length=0
2026-03-04 11:25:39.096 [cefgetfile] WARNING: Unknown VALIDATION_ALG:type=2, length=0
2026-03-04 11:25:39.096 [cefgetfile] WARNING: Unknown VALIDATION_ALG:type=2, length=0
2026-03-04 11:25:39.096 [cefgetfile] WARNING: Unknown VALIDATION_ALG:type=2, length=0
2026-03-04 11:25:39.096 [cefgetfile] WARNING: Unknown VALIDATION_ALG:type=2, length=0
2026-03-04 11:25:39.096 [cefgetfile] WARNING: Unknown VALIDATION_ALG:type=2, length=0
2026-03-04 11:25:39.096 [cefgetfile] WARNING: Unknown VALIDATION_ALG:type=2, length=0
2026-03-04 11:25:39.096 [cefgetfile] WARNING: Unknown VALIDATION_ALG:type=2, length=0
2026-03-04 11:25:39.096 [cefgetfile] WARNING: Unknown VALIDATION_ALG:type=2, length=0
2026-03-04 11:25:39.096 [cefgetfile] WARNING: Unknown VALIDATION_ALG:type=2, length=0
2026-03-04 11:25:39.096 [cefgetfile] WARNING: Unknown VALIDATION_ALG:type=2, length=0
2026-03-04 11:25:39.096 [cefgetfile] WARNING: Unknown VALIDATION_ALG:type=2, length=0
2026-03-04 11:25:39.096 [cefgetfile] WARNING: Unknown VALIDATION_ALG:type=2, length=0
2026-03-04 11:25:39.096 [cefgetfile] WARNING: Unknown VALIDATION_ALG:type=2, length=0
2026-03-04 11:25:39.096 [cefgetfile] WARNING: Unknown VALIDATION_ALG:type=2, length=0
2026-03-04 11:25:39.097 [cefgetfile] WARNING: Unknown VALIDATION_ALG:type=2, length=0
2026-03-04 11:25:39.097 [cefgetfile] WARNING: Unknown VALIDATION_ALG:type=2, length=0
2026-03-04 11:25:39.097 [cefgetfile] WARNING: Unknown VALIDATION_ALG:type=2, length=0
2026-03-04 11:25:39.097 [cefgetfile] WARNING: Unknown VALIDATION_ALG:type=2, length=0
2026-03-04 11:25:39.097 [cefgetfile] WARNING: Unknown VALIDATION_ALG:type=2, length=0
2026-03-04 11:25:39.097 [cefgetfile] WARNING: Unknown VALIDATION_ALG:type=2, length=0
2026-03-04 11:25:39.097 [cefgetfile] WARNING: Unknown VALIDATION_ALG:type=2, length=0
2026-03-04 11:25:39.097 [cefgetfile] WARNING: Unknown VALIDATION_ALG:type=2, length=0
2026-03-04 11:25:39.097 [cefgetfile] WARNING: Unknown VALIDATION_ALG:type=2, length=0
2026-03-04 11:25:39.097 [cefgetfile] WARNING: Unknown VALIDATION_ALG:type=2, length=0
2026-03-04 11:25:39.097 [cefgetfile] WARNING: Unknown VALIDATION_ALG:type=2, length=0
2026-03-04 11:25:39.097 [cefgetfile] WARNING: Unknown VALIDATION_ALG:type=2, length=0
2026-03-04 11:25:39.097 [cefgetfile] WARNING: Unknown VALIDATION_ALG:type=2, length=0
2026-03-04 11:25:39.098 [cefgetfile] WARNING: Unknown VALIDATION_ALG:type=2, length=0
2026-03-04 11:25:39.098 [cefgetfile] WARNING: Unknown VALIDATION_ALG:type=2, length=0
2026-03-04 11:25:39.098 [cefgetfile] WARNING: Unknown VALIDATION_ALG:type=2, length=0
2026-03-04 11:25:39.098 [cefgetfile] WARNING: Unknown VALIDATION_ALG:type=2, length=0
2026-03-04 11:25:39.098 [cefgetfile] WARNING: Unknown VALIDATION_ALG:type=2, length=0
2026-03-04 11:25:39.098 [cefgetfile] WARNING: Unknown VALIDATION_ALG:type=2, length=0
2026-03-04 11:25:39.098 [cefgetfile] WARNING: Unknown VALIDATION_ALG:type=2, length=0
2026-03-04 11:25:39.098 [cefgetfile] WARNING: Unknown VALIDATION_ALG:type=2, length=0
2026-03-04 11:25:39.098 [cefgetfile] WARNING: Unknown VALIDATION_ALG:type=2, length=0
2026-03-04 11:25:39.098 [cefgetfile] WARNING: Unknown VALIDATION_ALG:type=2, length=0
2026-03-04 11:25:39.098 [cefgetfile] WARNING: Unknown VALIDATION_ALG:type=2, length=0
2026-03-04 11:25:39.098 [cefgetfile] WARNING: Unknown VALIDATION_ALG:type=2, length=0
2026-03-04 11:25:39.098 [cefgetfile] WARNING: Unknown VALIDATION_ALG:type=2, length=0
2026-03-04 11:25:39.099 [cefgetfile] WARNING: Unknown VALIDATION_ALG:type=2, length=0
2026-03-04 11:25:39.099 [cefgetfile] WARNING: Unknown VALIDATION_ALG:type=2, length=0
2026-03-04 11:25:39.099 [cefgetfile] WARNING: Unknown VALIDATION_ALG:type=2, length=0
2026-03-04 11:25:39.099 [cefgetfile] WARNING: Unknown VALIDATION_ALG:type=2, length=0
2026-03-04 11:25:39.099 [cefgetfile] WARNING: Unknown VALIDATION_ALG:type=2, length=0
2026-03-04 11:25:39.099 [cefgetfile] WARNING: Unknown VALIDATION_ALG:type=2, length=0
2026-03-04 11:25:39.099 [cefgetfile] WARNING: Unknown VALIDATION_ALG:type=2, length=0
2026-03-04 11:25:39.099 [cefgetfile] WARNING: Unknown VALIDATION_ALG:type=2, length=0
2026-03-04 11:25:39.099 [cefgetfile] WARNING: Unknown VALIDATION_ALG:type=2, length=0
2026-03-04 11:25:39.099 [cefgetfile] WARNING: Unknown VALIDATION_ALG:type=2, length=0
2026-03-04 11:25:39.099 [cefgetfile] WARNING: Unknown VALIDATION_ALG:type=2, length=0
2026-03-04 11:25:39.099 [cefgetfile] WARNING: Unknown VALIDATION_ALG:type=2, length=0
2026-03-04 11:25:39.099 [cefgetfile] WARNING: Unknown VALIDATION_ALG:type=2, length=0
2026-03-04 11:25:39.099 [cefgetfile] WARNING: Unknown VALIDATION_ALG:type=2, length=0
2026-03-04 11:25:39.100 [cefgetfile] WARNING: Unknown VALIDATION_ALG:type=2, length=0
2026-03-04 11:25:39.100 [cefgetfile] WARNING: Unknown VALIDATION_ALG:type=2, length=0
2026-03-04 11:25:39.100 [cefgetfile] WARNING: Unknown VALIDATION_ALG:type=2, length=0
2026-03-04 11:25:39.100 [cefgetfile] WARNING: Unknown VALIDATION_ALG:type=2, length=0
2026-03-04 11:25:39.100 [cefgetfile] WARNING: Unknown VALIDATION_ALG:type=2, length=0
2026-03-04 11:25:39.100 [cefgetfile] WARNING: Unknown VALIDATION_ALG:type=2, length=0
2026-03-04 11:25:39.100 [cefgetfile] WARNING: Unknown VALIDATION_ALG:type=2, length=0
2026-03-04 11:25:39.100 [cefgetfile] WARNING: Unknown VALIDATION_ALG:type=2, length=0
2026-03-04 11:25:39.100 [cefgetfile] WARNING: Unknown VALIDATION_ALG:type=2, length=0
2026-03-04 11:25:39.100 [cefgetfile] WARNING: Unknown VALIDATION_ALG:type=2, length=0
2026-03-04 11:25:39.100 [cefgetfile] WARNING: Unknown VALIDATION_ALG:type=2, length=0
2026-03-04 11:25:39.100 [cefgetfile] WARNING: Unknown VALIDATION_ALG:type=2, length=0
2026-03-04 11:25:39.101 [cefgetfile] WARNING: Unknown VALIDATION_ALG:type=2, length=0
2026-03-04 11:25:39.101 [cefgetfile] WARNING: Unknown VALIDATION_ALG:type=2, length=0
2026-03-04 11:25:39.101 [cefgetfile] WARNING: Unknown VALIDATION_ALG:type=2, length=0
2026-03-04 11:25:39.101 [cefgetfile] WARNING: Unknown VALIDATION_ALG:type=2, length=0
2026-03-04 11:25:39.101 [cefgetfile] WARNING: Unknown VALIDATION_ALG:type=2, length=0
2026-03-04 11:25:39.101 [cefgetfile] WARNING: Unknown VALIDATION_ALG:type=2, length=0
2026-03-04 11:25:39.101 [cefgetfile] WARNING: Unknown VALIDATION_ALG:type=2, length=0
2026-03-04 11:25:39.101 [cefgetfile] WARNING: Unknown VALIDATION_ALG:type=2, length=0
2026-03-04 11:25:39.101 [cefgetfile] WARNING: Unknown VALIDATION_ALG:type=2, length=0
2026-03-04 11:25:39.101 [cefgetfile] WARNING: Unknown VALIDATION_ALG:type=2, length=0
2026-03-04 11:25:39.101 [cefgetfile] WARNING: Unknown VALIDATION_ALG:type=2, length=0
2026-03-04 11:25:39.101 [cefgetfile] WARNING: Unknown VALIDATION_ALG:type=2, length=0
2026-03-04 11:25:39.101 [cefgetfile] WARNING: Unknown VALIDATION_ALG:type=2, length=0
2026-03-04 11:25:39.102 [cefgetfile] WARNING: Unknown VALIDATION_ALG:type=2, length=0
2026-03-04 11:25:39.102 [cefgetfile] WARNING: Unknown VALIDATION_ALG:type=2, length=0
2026-03-04 11:25:39.102 [cefgetfile] WARNING: Unknown VALIDATION_ALG:type=2, length=0
2026-03-04 11:25:39.102 [cefgetfile] WARNING: Unknown VALIDATION_ALG:type=2, length=0
2026-03-04 11:25:39.102 [cefgetfile] WARNING: Unknown VALIDATION_ALG:type=2, length=0
2026-03-04 11:25:39.102 [cefgetfile] WARNING: Unknown VALIDATION_ALG:type=2, length=0
2026-03-04 11:25:39.102 [cefgetfile] WARNING: Unknown VALIDATION_ALG:type=2, length=0
2026-03-04 11:25:39.102 [cefgetfile] WARNING: Unknown VALIDATION_ALG:type=2, length=0
2026-03-04 11:25:39.102 [cefgetfile] WARNING: Unknown VALIDATION_ALG:type=2, length=0
2026-03-04 11:25:39.102 [cefgetfile] WARNING: Unknown VALIDATION_ALG:type=2, length=0
2026-03-04 11:25:39.102 [cefgetfile] WARNING: Unknown VALIDATION_ALG:type=2, length=0
2026-03-04 11:25:39.102 [cefgetfile] WARNING: Unknown VALIDATION_ALG:type=2, length=0
2026-03-04 11:25:39.102 [cefgetfile] WARNING: Unknown VALIDATION_ALG:type=2, length=0
2026-03-04 11:25:39.102 [cefgetfile] WARNING: Unknown VALIDATION_ALG:type=2, length=0
2026-03-04 11:25:39.103 [cefgetfile] WARNING: Unknown VALIDATION_ALG:type=2, length=0
2026-03-04 11:25:39.103 [cefgetfile] WARNING: Unknown VALIDATION_ALG:type=2, length=0
2026-03-04 11:25:39.103 [cefgetfile] WARNING: Unknown VALIDATION_ALG:type=2, length=0
2026-03-04 11:25:39.103 [cefgetfile] WARNING: Unknown VALIDATION_ALG:type=2, length=0
2026-03-04 11:25:39.103 [cefgetfile] WARNING: Unknown VALIDATION_ALG:type=2, length=0
2026-03-04 11:25:39.103 [cefgetfile] WARNING: Unknown VALIDATION_ALG:type=2, length=0
2026-03-04 11:25:39.103 [cefgetfile] WARNING: Unknown VALIDATION_ALG:type=2, length=0
2026-03-04 11:25:39.103 [cefgetfile] WARNING: Unknown VALIDATION_ALG:type=2, length=0
2026-03-04 11:25:39.103 [cefgetfile] WARNING: Unknown VALIDATION_ALG:type=2, length=0
2026-03-04 11:25:39.103 [cefgetfile] WARNING: Unknown VALIDATION_ALG:type=2, length=0
2026-03-04 11:25:39.103 [cefgetfile] WARNING: Unknown VALIDATION_ALG:type=2, length=0
2026-03-04 11:25:39.103 [cefgetfile] WARNING: Unknown VALIDATION_ALG:type=2, length=0
2026-03-04 11:25:39.103 [cefgetfile] WARNING: Unknown VALIDATION_ALG:type=2, length=0
2026-03-04 11:25:39.104 [cefgetfile] WARNING: Unknown VALIDATION_ALG:type=2, length=0
2026-03-04 11:25:39.104 [cefgetfile] WARNING: Unknown VALIDATION_ALG:type=2, length=0
2026-03-04 11:25:39.104 [cefgetfile] WARNING: Unknown VALIDATION_ALG:type=2, length=0
2026-03-04 11:25:39.104 [cefgetfile] WARNING: Unknown VALIDATION_ALG:type=2, length=0
2026-03-04 11:25:39.104 [cefgetfile] WARNING: Unknown VALIDATION_ALG:type=2, length=0
2026-03-04 11:25:39.104 [cefgetfile] WARNING: Unknown VALIDATION_ALG:type=2, length=0
2026-03-04 11:25:39.104 [cefgetfile] WARNING: Unknown VALIDATION_ALG:type=2, length=0
2026-03-04 11:25:39.104 [cefgetfile] WARNING: Unknown VALIDATION_ALG:type=2, length=0
2026-03-04 11:25:39.104 [cefgetfile] WARNING: Unknown VALIDATION_ALG:type=2, length=0
2026-03-04 11:25:39.104 [cefgetfile] WARNING: Unknown VALIDATION_ALG:type=2, length=0
2026-03-04 11:25:39.104 [cefgetfile] WARNING: Unknown VALIDATION_ALG:type=2, length=0
2026-03-04 11:25:39.105 [cefgetfile] WARNING: Unknown VALIDATION_ALG:type=2, length=0
2026-03-04 11:25:39.105 [cefgetfile] WARNING: Unknown VALIDATION_ALG:type=2, length=0
2026-03-04 11:25:39.105 [cefgetfile] WARNING: Unknown VALIDATION_ALG:type=2, length=0
2026-03-04 11:25:39.105 [cefgetfile] WARNING: Unknown VALIDATION_ALG:type=2, length=0
2026-03-04 11:25:39.105 [cefgetfile] WARNING: Unknown VALIDATION_ALG:type=2, length=0
2026-03-04 11:25:39.105 [cefgetfile] WARNING: Unknown VALIDATION_ALG:type=2, length=0
2026-03-04 11:25:39.105 [cefgetfile] WARNING: Unknown VALIDATION_ALG:type=2, length=0
2026-03-04 11:25:39.105 [cefgetfile] WARNING: Unknown VALIDATION_ALG:type=2, length=0
2026-03-04 11:25:39.105 [cefgetfile] WARNING: Unknown VALIDATION_ALG:type=2, length=0
2026-03-04 11:25:39.105 [cefgetfile] WARNING: Unknown VALIDATION_ALG:type=2, length=0
2026-03-04 11:25:39.105 [cefgetfile] WARNING: Unknown VALIDATION_ALG:type=2, length=0
2026-03-04 11:25:39.105 [cefgetfile] WARNING: Unknown VALIDATION_ALG:type=2, length=0
2026-03-04 11:25:39.106 [cefgetfile] WARNING: Unknown VALIDATION_ALG:type=2, length=0
2026-03-04 11:25:39.106 [cefgetfile] WARNING: Unknown VALIDATION_ALG:type=2, length=0
2026-03-04 11:25:39.106 [cefgetfile] WARNING: Unknown VALIDATION_ALG:type=2, length=0
2026-03-04 11:25:39.106 [cefgetfile] WARNING: Unknown VALIDATION_ALG:type=2, length=0
2026-03-04 11:25:39.106 [cefgetfile] WARNING: Unknown VALIDATION_ALG:type=2, length=0
2026-03-04 11:25:39.106 [cefgetfile] WARNING: Unknown VALIDATION_ALG:type=2, length=0
2026-03-04 11:25:39.106 [cefgetfile] WARNING: Unknown VALIDATION_ALG:type=2, length=0
2026-03-04 11:25:39.106 [cefgetfile] WARNING: Unknown VALIDATION_ALG:type=2, length=0
2026-03-04 11:25:39.106 [cefgetfile] WARNING: Unknown VALIDATION_ALG:type=2, length=0
2026-03-04 11:25:39.106 [cefgetfile] WARNING: Unknown VALIDATION_ALG:type=2, length=0
2026-03-04 11:25:39.106 [cefgetfile] WARNING: Unknown VALIDATION_ALG:type=2, length=0
2026-03-04 11:25:39.106 [cefgetfile] WARNING: Unknown VALIDATION_ALG:type=2, length=0
2026-03-04 11:25:39.106 [cefgetfile] WARNING: Unknown VALIDATION_ALG:type=2, length=0
2026-03-04 11:25:39.106 [cefgetfile] WARNING: Unknown VALIDATION_ALG:type=2, length=0
2026-03-04 11:25:39.106 [cefgetfile] WARNING: Unknown VALIDATION_ALG:type=2, length=0
2026-03-04 11:25:39.107 [cefgetfile] WARNING: Unknown VALIDATION_ALG:type=2, length=0
2026-03-04 11:25:39.107 [cefgetfile] WARNING: Unknown VALIDATION_ALG:type=2, length=0
2026-03-04 11:25:39.107 [cefgetfile] WARNING: Unknown VALIDATION_ALG:type=2, length=0
2026-03-04 11:25:39.107 [cefgetfile] WARNING: Unknown VALIDATION_ALG:type=2, length=0
2026-03-04 11:25:39.107 [cefgetfile] WARNING: Unknown VALIDATION_ALG:type=2, length=0
2026-03-04 11:25:39.107 [cefgetfile] WARNING: Unknown VALIDATION_ALG:type=2, length=0
2026-03-04 11:25:39.107 [cefgetfile] WARNING: Unknown VALIDATION_ALG:type=2, length=0
2026-03-04 11:25:39.107 [cefgetfile] WARNING: Unknown VALIDATION_ALG:type=2, length=0
2026-03-04 11:25:39.107 [cefgetfile] WARNING: Unknown VALIDATION_ALG:type=2, length=0
2026-03-04 11:25:39.107 [cefgetfile] WARNING: Unknown VALIDATION_ALG:type=2, length=0
2026-03-04 11:25:39.107 [cefgetfile] WARNING: Unknown VALIDATION_ALG:type=2, length=0
2026-03-04 11:25:39.107 [cefgetfile] WARNING: Unknown VALIDATION_ALG:type=2, length=0
2026-03-04 11:25:39.107 [cefgetfile] WARNING: Unknown VALIDATION_ALG:type=2, length=0
2026-03-04 11:25:39.107 [cefgetfile] WARNING: Unknown VALIDATION_ALG:type=2, length=0
2026-03-04 11:25:39.108 [cefgetfile] WARNING: Unknown VALIDATION_ALG:type=2, length=0
2026-03-04 11:25:39.108 [cefgetfile] WARNING: Unknown VALIDATION_ALG:type=2, length=0
2026-03-04 11:25:39.108 [cefgetfile] WARNING: Unknown VALIDATION_ALG:type=2, length=0
2026-03-04 11:25:39.108 [cefgetfile] WARNING: Unknown VALIDATION_ALG:type=2, length=0
2026-03-04 11:25:39.108 [cefgetfile] WARNING: Unknown VALIDATION_ALG:type=2, length=0
2026-03-04 11:25:39.108 [cefgetfile] WARNING: Unknown VALIDATION_ALG:type=2, length=0
2026-03-04 11:25:39.108 [cefgetfile] WARNING: Unknown VALIDATION_ALG:type=2, length=0
2026-03-04 11:25:39.108 [cefgetfile] WARNING: Unknown VALIDATION_ALG:type=2, length=0
2026-03-04 11:25:39.108 [cefgetfile] WARNING: Unknown VALIDATION_ALG:type=2, length=0
2026-03-04 11:25:39.108 [cefgetfile] WARNING: Unknown VALIDATION_ALG:type=2, length=0
2026-03-04 11:25:39.108 [cefgetfile] WARNING: Unknown VALIDATION_ALG:type=2, length=0
2026-03-04 11:25:39.108 [cefgetfile] WARNING: Unknown VALIDATION_ALG:type=2, length=0
2026-03-04 11:25:39.108 [cefgetfile] WARNING: Unknown VALIDATION_ALG:type=2, length=0
2026-03-04 11:25:39.109 [cefgetfile] WARNING: Unknown VALIDATION_ALG:type=2, length=0
2026-03-04 11:25:39.109 [cefgetfile] WARNING: Unknown VALIDATION_ALG:type=2, length=0
2026-03-04 11:25:39.109 [cefgetfile] WARNING: Unknown VALIDATION_ALG:type=2, length=0
2026-03-04 11:25:39.109 [cefgetfile] WARNING: Unknown VALIDATION_ALG:type=2, length=0
2026-03-04 11:25:39.109 [cefgetfile] WARNING: Unknown VALIDATION_ALG:type=2, length=0
2026-03-04 11:25:39.109 [cefgetfile] WARNING: Unknown VALIDATION_ALG:type=2, length=0
2026-03-04 11:25:39.109 [cefgetfile] WARNING: Unknown VALIDATION_ALG:type=2, length=0
2026-03-04 11:25:39.109 [cefgetfile] WARNING: Unknown VALIDATION_ALG:type=2, length=0
2026-03-04 11:25:39.109 [cefgetfile] WARNING: Unknown VALIDATION_ALG:type=2, length=0
2026-03-04 11:25:39.109 [cefgetfile] WARNING: Unknown VALIDATION_ALG:type=2, length=0
2026-03-04 11:25:39.109 [cefgetfile] WARNING: Unknown VALIDATION_ALG:type=2, length=0
2026-03-04 11:25:39.109 [cefgetfile] WARNING: Unknown VALIDATION_ALG:type=2, length=0
2026-03-04 11:25:39.109 [cefgetfile] WARNING: Unknown VALIDATION_ALG:type=2, length=0
2026-03-04 11:25:39.109 [cefgetfile] WARNING: Unknown VALIDATION_ALG:type=2, length=0
2026-03-04 11:25:39.110 [cefgetfile] WARNING: Unknown VALIDATION_ALG:type=2, length=0
2026-03-04 11:25:39.110 [cefgetfile] WARNING: Unknown VALIDATION_ALG:type=2, length=0
2026-03-04 11:25:39.110 [cefgetfile] WARNING: Unknown VALIDATION_ALG:type=2, length=0
2026-03-04 11:25:39.110 [cefgetfile] WARNING: Unknown VALIDATION_ALG:type=2, length=0
2026-03-04 11:25:39.110 [cefgetfile] WARNING: Unknown VALIDATION_ALG:type=2, length=0
2026-03-04 11:25:39.110 [cefgetfile] WARNING: Unknown VALIDATION_ALG:type=2, length=0
2026-03-04 11:25:39.110 [cefgetfile] WARNING: Unknown VALIDATION_ALG:type=2, length=0
2026-03-04 11:25:39.110 [cefgetfile] WARNING: Unknown VALIDATION_ALG:type=2, length=0
2026-03-04 11:25:39.110 [cefgetfile] WARNING: Unknown VALIDATION_ALG:type=2, length=0
2026-03-04 11:25:39.110 [cefgetfile] WARNING: Unknown VALIDATION_ALG:type=2, length=0
2026-03-04 11:25:39.110 [cefgetfile] WARNING: Unknown VALIDATION_ALG:type=2, length=0
2026-03-04 11:25:39.110 [cefgetfile] WARNING: Unknown VALIDATION_ALG:type=2, length=0
2026-03-04 11:25:39.110 [cefgetfile] WARNING: Unknown VALIDATION_ALG:type=2, length=0
2026-03-04 11:25:39.110 [cefgetfile] WARNING: Unknown VALIDATION_ALG:type=2, length=0
2026-03-04 11:25:39.111 [cefgetfile] WARNING: Unknown VALIDATION_ALG:type=2, length=0
2026-03-04 11:25:39.111 [cefgetfile] WARNING: Unknown VALIDATION_ALG:type=2, length=0
2026-03-04 11:25:39.111 [cefgetfile] WARNING: Unknown VALIDATION_ALG:type=2, length=0
2026-03-04 11:25:39.111 [cefgetfile] WARNING: Unknown VALIDATION_ALG:type=2, length=0
2026-03-04 11:25:39.111 [cefgetfile] WARNING: Unknown VALIDATION_ALG:type=2, length=0
2026-03-04 11:25:39.111 [cefgetfile] WARNING: Unknown VALIDATION_ALG:type=2, length=0
2026-03-04 11:25:39.111 [cefgetfile] WARNING: Unknown VALIDATION_ALG:type=2, length=0
2026-03-04 11:25:39.111 [cefgetfile] WARNING: Unknown VALIDATION_ALG:type=2, length=0
2026-03-04 11:25:39.111 [cefgetfile] WARNING: Unknown VALIDATION_ALG:type=2, length=0
2026-03-04 11:25:39.111 [cefgetfile] WARNING: Unknown VALIDATION_ALG:type=2, length=0
2026-03-04 11:25:39.111 [cefgetfile] WARNING: Unknown VALIDATION_ALG:type=2, length=0
2026-03-04 11:25:39.111 [cefgetfile] WARNING: Unknown VALIDATION_ALG:type=2, length=0
2026-03-04 11:25:39.111 [cefgetfile] WARNING: Unknown VALIDATION_ALG:type=2, length=0
2026-03-04 11:25:39.112 [cefgetfile] WARNING: Unknown VALIDATION_ALG:type=2, length=0
2026-03-04 11:25:39.112 [cefgetfile] WARNING: Unknown VALIDATION_ALG:type=2, length=0
2026-03-04 11:25:39.112 [cefgetfile] WARNING: Unknown VALIDATION_ALG:type=2, length=0
2026-03-04 11:25:39.112 [cefgetfile] WARNING: Unknown VALIDATION_ALG:type=2, length=0
2026-03-04 11:25:39.112 [cefgetfile] WARNING: Unknown VALIDATION_ALG:type=2, length=0
2026-03-04 11:25:39.112 [cefgetfile] WARNING: Unknown VALIDATION_ALG:type=2, length=0
2026-03-04 11:25:39.112 [cefgetfile] WARNING: Unknown VALIDATION_ALG:type=2, length=0
2026-03-04 11:25:39.112 [cefgetfile] WARNING: Unknown VALIDATION_ALG:type=2, length=0
2026-03-04 11:25:39.112 [cefgetfile] WARNING: Unknown VALIDATION_ALG:type=2, length=0
2026-03-04 11:25:39.112 [cefgetfile] WARNING: Unknown VALIDATION_ALG:type=2, length=0
2026-03-04 11:25:39.112 [cefgetfile] WARNING: Unknown VALIDATION_ALG:type=2, length=0
2026-03-04 11:25:39.112 [cefgetfile] WARNING: Unknown VALIDATION_ALG:type=2, length=0
2026-03-04 11:25:39.112 [cefgetfile] WARNING: Unknown VALIDATION_ALG:type=2, length=0
2026-03-04 11:25:39.113 [cefgetfile] WARNING: Unknown VALIDATION_ALG:type=2, length=0
2026-03-04 11:25:39.113 [cefgetfile] WARNING: Unknown VALIDATION_ALG:type=2, length=0
2026-03-04 11:25:39.113 [cefgetfile] WARNING: Unknown VALIDATION_ALG:type=2, length=0
2026-03-04 11:25:39.113 [cefgetfile] WARNING: Unknown VALIDATION_ALG:type=2, length=0
2026-03-04 11:25:39.113 [cefgetfile] WARNING: Unknown VALIDATION_ALG:type=2, length=0
2026-03-04 11:25:39.113 [cefgetfile] WARNING: Unknown VALIDATION_ALG:type=2, length=0
2026-03-04 11:25:39.113 [cefgetfile] WARNING: Unknown VALIDATION_ALG:type=2, length=0
2026-03-04 11:25:39.113 [cefgetfile] WARNING: Unknown VALIDATION_ALG:type=2, length=0
2026-03-04 11:25:39.113 [cefgetfile] WARNING: Unknown VALIDATION_ALG:type=2, length=0
2026-03-04 11:25:39.113 [cefgetfile] WARNING: Unknown VALIDATION_ALG:type=2, length=0
2026-03-04 11:25:39.113 [cefgetfile] WARNING: Unknown VALIDATION_ALG:type=2, length=0
2026-03-04 11:25:39.113 [cefgetfile] WARNING: Unknown VALIDATION_ALG:type=2, length=0
2026-03-04 11:25:39.113 [cefgetfile] WARNING: Unknown VALIDATION_ALG:type=2, length=0
2026-03-04 11:25:39.113 [cefgetfile] WARNING: Unknown VALIDATION_ALG:type=2, length=0
2026-03-04 11:25:39.114 [cefgetfile] WARNING: Unknown VALIDATION_ALG:type=2, length=0
2026-03-04 11:25:39.114 [cefgetfile] WARNING: Unknown VALIDATION_ALG:type=2, length=0
2026-03-04 11:25:39.114 [cefgetfile] WARNING: Unknown VALIDATION_ALG:type=2, length=0
2026-03-04 11:25:39.114 [cefgetfile] WARNING: Unknown VALIDATION_ALG:type=2, length=0
[cefgetfile] Completed to get all the chunks.
[cefgetfile] Unconnect to cefnetd ... OK
[cefgetfile] Terminate
[cefgetfile] Rx Frames (All)           = 424
[cefgetfile] Rx Frames (ContentObject) = 424
[cefgetfile] Rx Bytes (All)            = 444414
[cefgetfile] Rx Bytes (ContentObject)  = 433390
[cefgetfile] Duration                  = 0.034 sec
[cefgetfile] Throughput                = 107479428 bps
[cefgetfile] Goodput                   = 104813325 bps
[cefgetfile] Jitter (Ave)              = 78 us
[cefgetfile] Jitter (Max)              = 1538 us
[cefgetfile] Jitter (Var)              = 7027 us
