[cefputfile] Start
[cefputfile] Parsing parameters ... OK
2026-02-12 17:21:59.936 [cefputfile] INFO: [client] Config directory is ./h8
2026-02-12 17:21:59.936 [cefputfile] INFO: [client] Local Socket Name is /tmp/cef_9695.8
2026-02-12 17:21:59.936 [cefputfile] INFO: [client] Listen Port is 9695
[cefputfile] Init Cefore Client package ... OK
[cefputfile] Conversion from URI into Name ... OK
[cefputfile] Checking the input file ... OK
[cefputfile] Connect to cefnetd ... OK
[cefputfile] URI         = ccnx:/video/stream/content1
[cefputfile] File        = ./sample-putfile
[cefputfile] Rate        = 10.000 Mbps
[cefputfile] Block Size  = 1024 Bytes
[cefputfile] Cache Time  = 5000 sec
[cefputfile] Expiration  = 5000 sec
[cefputfile] Start creating Content Objects
[cefputfile] Unconnect to cefnetd ... OK
[cefputfile] Terminate
[cefputfile] Tx Frames  = 424
[cefputfile] Tx Bytes   = 433390
[cefputfile] Duration   = 0.351 sec
[cefputfile] Throughput = 9912202 bps
