[cefputfile] Start
[cefputfile] Parsing parameters ... OK
2026-02-06 14:54:17.715 [cefputfile] INFO: [client] Config directory is ./h9
2026-02-06 14:54:17.715 [cefputfile] INFO: [client] Local Socket Name is /tmp/cef_9695.9
2026-02-06 14:54:17.715 [cefputfile] INFO: [client] Listen Port is 9695
[cefputfile] Init Cefore Client package ... OK
[cefputfile] Conversion from URI into Name ... OK
[cefputfile] Checking the input file ... OK
[cefputfile] Connect to cefnetd ... OK
[cefputfile] URI         = ccnx:/test/data1
[cefputfile] File        = ./disk IO.png
[cefputfile] Rate        = 5.000 Mbps
[cefputfile] Block Size  = 1024 Bytes
[cefputfile] Cache Time  = 3000 sec
[cefputfile] Expiration  = 3000 sec
[cefputfile] Start creating Content Objects
[cefputfile] Unconnect to cefnetd ... OK
[cefputfile] Terminate
[cefputfile] Tx Frames  = 116
[cefputfile] Tx Bytes   = 118718
[cefputfile] Duration   = 0.194 sec
[cefputfile] Throughput = 4918532 bps
