[cefgetfile] Start
[cefgetfile] Parsing parameters ...OK
2026-02-06 15:45:55.863 [cefgetfile] INFO: [client] Config directory is ./h0
2026-02-06 15:45:55.863 [cefgetfile] INFO: [client] Local Socket Name is /tmp/cef_9695.0
2026-02-06 15:45:55.863 [cefgetfile] INFO: [client] Listen Port is 9695
[cefgetfile] Init Cefore Client package ... OK
[cefgetfile] Conversion from URI into Name ... OK
[cefgetfile] Checking the output file ... OK
[cefgetfile] Connect to cefnetd ... OK
[cefgetfile] URI=ccnx:/emergency/test2
[cefgetfile] Start sending Interests
[cefgetfile] Completed to get all the chunks.
[cefgetfile] Unconnect to cefnetd ... OK
[cefgetfile] Terminate
[cefgetfile] Rx Frames (All)           = 581
[cefgetfile] Rx Frames (ContentObject) = 581
[cefgetfile] Rx Bytes (All)            = 612204
[cefgetfile] Rx Bytes (ContentObject)  = 594774
[cefgetfile] Duration                  = 1.062 sec
[cefgetfile] Throughput                = 4617737 bps
[cefgetfile] Goodput                   = 4486265 bps
[cefgetfile] Jitter (Ave)              = 1825 us
[cefgetfile] Jitter (Max)              = 95003 us
[cefgetfile] Jitter (Var)              = 25026744 us
