[cefgetfile] Start
[cefgetfile] Parsing parameters ...OK
2026-03-01 04:20:47.146 [cefgetfile] INFO: [client] Config directory is ./h0
2026-03-01 04:20:47.146 [cefgetfile] INFO: [client] Local Socket Name is /tmp/cef_9695.0
2026-03-01 04:20:47.147 [cefgetfile] INFO: [client] Listen Port is 9695
[cefgetfile] Init Cefore Client package ... OK
[cefgetfile] Conversion from URI into Name ... OK
[cefgetfile] Checking the output file ... OK
[cefgetfile] Connect to cefnetd ... OK
[cefgetfile] URI=ccnx:/test/sample
[cefgetfile] Start sending Interests
[cefgetfile] Completed to get all the chunks.
[cefgetfile] Unconnect to cefnetd ... OK
[cefgetfile] Terminate
[cefgetfile] Rx Frames (All)           = 424
[cefgetfile] Rx Frames (ContentObject) = 424
[cefgetfile] Rx Bytes (All)            = 444414
[cefgetfile] Rx Bytes (ContentObject)  = 433390
[cefgetfile] Duration                  = 0.318 sec
[cefgetfile] Throughput                = 11197656 bps
[cefgetfile] Goodput                   = 10919891 bps
[cefgetfile] Jitter (Ave)              = 748 us
[cefgetfile] Jitter (Max)              = 43303 us
[cefgetfile] Jitter (Var)              = 5294330 us
