[cefgetfile] Start
[cefgetfile] Parsing parameters ...OK
2026-03-01 04:20:48.484 [cefgetfile] INFO: [client] Config directory is ./h1
2026-03-01 04:20:48.484 [cefgetfile] INFO: [client] Local Socket Name is /tmp/cef_9695.1
2026-03-01 04:20:48.484 [cefgetfile] INFO: [client] Listen Port is 9695
[cefgetfile] Init Cefore Client package ... OK
[cefgetfile] Conversion from URI into Name ... OK
[cefgetfile] Checking the output file ... OK
[cefgetfile] Connect to cefnetd ... OK
[cefgetfile] URI=ccnx:/test/sample
[cefgetfile] Start sending Interests
[cefgetfile] Completed to get all the chunks.
[cefgetfile] Unconnect to cefnetd ... OK
[cefgetfile] Terminate
[cefgetfile] Rx Frames (All)           = 424
[cefgetfile] Rx Frames (ContentObject) = 424
[cefgetfile] Rx Bytes (All)            = 444414
[cefgetfile] Rx Bytes (ContentObject)  = 433390
[cefgetfile] Duration                  = 0.031 sec
[cefgetfile] Throughput                = 117290577 bps
[cefgetfile] Goodput                   = 114381103 bps
[cefgetfile] Jitter (Ave)              = 71 us
[cefgetfile] Jitter (Max)              = 1867 us
[cefgetfile] Jitter (Var)              = 9746 us
