[cefgetfile] Start
[cefgetfile] Parsing parameters ...OK
2026-03-04 11:24:55.855 [cefgetfile] INFO: [client] Config directory is ./h0
2026-03-04 11:24:55.855 [cefgetfile] INFO: [client] Local Socket Name is /tmp/cef_9695.0
2026-03-04 11:24:55.855 [cefgetfile] INFO: [client] Listen Port is 9695
[cefgetfile] Init Cefore Client package ... OK
[cefgetfile] Conversion from URI into Name ... OK
[cefgetfile] Checking the output file ... OK
[cefgetfile] Connect to cefnetd ... OK
[cefgetfile] URI=ccnx:/test/sample
[cefgetfile] Start sending Interests
2026-03-04 11:24:55.864 [cefgetfile] WARNING: Unknown VALIDATION_ALG:type=2, length=0
2026-03-04 11:24:55.864 [cefgetfile] WARNING: Unknown VALIDATION_ALG:type=2, length=0
2026-03-04 11:24:55.864 [cefgetfile] WARNING: Unknown VALIDATION_ALG:type=2, length=0
2026-03-04 11:24:55.864 [cefgetfile] WARNING: Unknown VALIDATION_ALG:type=2, length=0
2026-03-04 11:24:55.864 [cefgetfile] WARNING: Unknown VALIDATION_ALG:type=2, length=0
2026-03-04 11:24:55.864 [cefgetfile] WARNING: Unknown VALIDATION_ALG:type=2, length=0
2026-03-04 11:24:55.864 [cefgetfile] WARNING: Unknown VALIDATION_ALG:type=2, length=0
2026-03-04 11:24:55.864 [cefgetfile] WARNING: Unknown VALIDATION_ALG:type=2, length=0
2026-03-04 11:24:55.864 [cefgetfile] WARNING: Unknown VALIDATION_ALG:type=2, length=0
2026-03-04 11:24:55.864 [cefgetfile] WARNING: Unknown VALIDATION_ALG:type=2, length=0
2026-03-04 11:24:55.864 [cefgetfile] WARNING: Unknown VALIDATION_ALG:type=2, length=0
2026-03-04 11:24:55.864 [cefgetfile] WARNING: Unknown VALIDATION_ALG:type=2, length=0
2026-03-04 11:24:55.864 [cefgetfile] WARNING: Unknown VALIDATION_ALG:type=2, length=0
2026-03-04 11:24:55.864 [cefgetfile] WARNING: Unknown VALIDATION_ALG:type=2, length=0
2026-03-04 11:24:55.864 [cefgetfile] WARNING: Unknown VALIDATION_ALG:type=2, length=0
2026-03-04 11:24:55.864 [cefgetfile] WARNING: Unknown VALIDATION_ALG:type=2, length=0
2026-03-04 11:24:55.865 [cefgetfile] WARNING: Unknown VALIDATION_ALG:type=2, length=0
2026-03-04 11:24:55.865 [cefgetfile] WARNING: Unknown VALIDATION_ALG:type=2, length=0
2026-03-04 11:24:55.865 [cefgetfile] WARNING: Unknown VALIDATION_ALG:type=2, length=0
2026-03-04 11:24:55.865 [cefgetfile] WARNING: Unknown VALIDATION_ALG:type=2, length=0
2026-03-04 11:24:55.865 [cefgetfile] WARNING: Unknown VALIDATION_ALG:type=2, length=0
2026-03-04 11:24:55.865 [cefgetfile] WARNING: Unknown VALIDATION_ALG:type=2, length=0
2026-03-04 11:24:55.865 [cefgetfile] WARNING: Unknown VALIDATION_ALG:type=2, length=0
2026-03-04 11:24:55.865 [cefgetfile] WARNING: Unknown VALIDATION_ALG:type=2, length=0
2026-03-04 11:24:55.865 [cefgetfile] WARNING: Unknown VALIDATION_ALG:type=2, length=0
2026-03-04 11:24:55.865 [cefgetfile] WARNING: Unknown VALIDATION_ALG:type=2, length=0
2026-03-04 11:24:55.865 [cefgetfile] WARNING: Unknown VALIDATION_ALG:type=2, length=0
2026-03-04 11:24:55.865 [cefgetfile] WARNING: Unknown VALIDATION_ALG:type=2, length=0
2026-03-04 11:24:55.865 [cefgetfile] WARNING: Unknown VALIDATION_ALG:type=2, length=0
2026-03-04 11:24:55.866 [cefgetfile] WARNING: Unknown VALIDATION_ALG:type=2, length=0
2026-03-04 11:24:55.866 [cefgetfile] WARNING: Unknown VALIDATION_ALG:type=2, length=0
2026-03-04 11:24:55.866 [cefgetfile] WARNING: Unknown VALIDATION_ALG:type=2, length=0
2026-03-04 11:24:55.866 [cefgetfile] WARNING: Unknown VALIDATION_ALG:type=2, length=0
2026-03-04 11:24:55.866 [cefgetfile] WARNING: Unknown VALIDATION_ALG:type=2, length=0
2026-03-04 11:24:55.866 [cefgetfile] WARNING: Unknown VALIDATION_ALG:type=2, length=0
2026-03-04 11:24:55.866 [cefgetfile] WARNING: Unknown VALIDATION_ALG:type=2, length=0
2026-03-04 11:24:55.866 [cefgetfile] WARNING: Unknown VALIDATION_ALG:type=2, length=0
2026-03-04 11:24:55.866 [cefgetfile] WARNING: Unknown VALIDATION_ALG:type=2, length=0
2026-03-04 11:24:55.866 [cefgetfile] WARNING: Unknown VALIDATION_ALG:type=2, length=0
2026-03-04 11:24:55.866 [cefgetfile] WARNING: Unknown VALIDATION_ALG:type=2, length=0
2026-03-04 11:24:55.866 [cefgetfile] WARNING: Unknown VALIDATION_ALG:type=2, length=0
2026-03-04 11:24:55.866 [cefgetfile] WARNING: Unknown VALIDATION_ALG:type=2, length=0
2026-03-04 11:24:55.867 [cefgetfile] WARNING: Unknown VALIDATION_ALG:type=2, length=0
2026-03-04 11:24:55.867 [cefgetfile] WARNING: Unknown VALIDATION_ALG:type=2, length=0
2026-03-04 11:24:55.867 [cefgetfile] WARNING: Unknown VALIDATION_ALG:type=2, length=0
2026-03-04 11:24:55.867 [cefgetfile] WARNING: Unknown VALIDATION_ALG:type=2, length=0
2026-03-04 11:24:55.867 [cefgetfile] WARNING: Unknown VALIDATION_ALG:type=2, length=0
2026-03-04 11:24:55.867 [cefgetfile] WARNING: Unknown VALIDATION_ALG:type=2, length=0
2026-03-04 11:24:55.867 [cefgetfile] WARNING: Unknown VALIDATION_ALG:type=2, length=0
2026-03-04 11:24:55.867 [cefgetfile] WARNING: Unknown VALIDATION_ALG:type=2, length=0
2026-03-04 11:24:55.867 [cefgetfile] WARNING: Unknown VALIDATION_ALG:type=2, length=0
2026-03-04 11:24:55.867 [cefgetfile] WARNING: Unknown VALIDATION_ALG:type=2, length=0
2026-03-04 11:24:55.867 [cefgetfile] WARNING: Unknown VALIDATION_ALG:type=2, length=0
2026-03-04 11:24:55.867 [cefgetfile] WARNING: Unknown VALIDATION_ALG:type=2, length=0
2026-03-04 11:24:55.867 [cefgetfile] WARNING: Unknown VALIDATION_ALG:type=2, length=0
2026-03-04 11:24:55.867 [cefgetfile] WARNING: Unknown VALIDATION_ALG:type=2, length=0
2026-03-04 11:24:55.868 [cefgetfile] WARNING: Unknown VALIDATION_ALG:type=2, length=0
2026-03-04 11:24:55.868 [cefgetfile] WARNING: Unknown VALIDATION_ALG:type=2, length=0
2026-03-04 11:24:55.868 [cefgetfile] WARNING: Unknown VALIDATION_ALG:type=2, length=0
2026-03-04 11:24:55.868 [cefgetfile] WARNING: Unknown VALIDATION_ALG:type=2, length=0
2026-03-04 11:24:55.868 [cefgetfile] WARNING: Unknown VALIDATION_ALG:type=2, length=0
2026-03-04 11:24:55.868 [cefgetfile] WARNING: Unknown VALIDATION_ALG:type=2, length=0
2026-03-04 11:24:55.868 [cefgetfile] WARNING: Unknown VALIDATION_ALG:type=2, length=0
2026-03-04 11:24:55.868 [cefgetfile] WARNING: Unknown VALIDATION_ALG:type=2, length=0
2026-03-04 11:24:55.868 [cefgetfile] WARNING: Unknown VALIDATION_ALG:type=2, length=0
2026-03-04 11:24:55.868 [cefgetfile] WARNING: Unknown VALIDATION_ALG:type=2, length=0
2026-03-04 11:24:55.868 [cefgetfile] WARNING: Unknown VALIDATION_ALG:type=2, length=0
2026-03-04 11:24:55.868 [cefgetfile] WARNING: Unknown VALIDATION_ALG:type=2, length=0
2026-03-04 11:24:55.869 [cefgetfile] WARNING: Unknown VALIDATION_ALG:type=2, length=0
2026-03-04 11:24:55.869 [cefgetfile] WARNING: Unknown VALIDATION_ALG:type=2, length=0
2026-03-04 11:24:55.869 [cefgetfile] WARNING: Unknown VALIDATION_ALG:type=2, length=0
2026-03-04 11:24:55.869 [cefgetfile] WARNING: Unknown VALIDATION_ALG:type=2, length=0
2026-03-04 11:24:55.869 [cefgetfile] WARNING: Unknown VALIDATION_ALG:type=2, length=0
2026-03-04 11:24:55.869 [cefgetfile] WARNING: Unknown VALIDATION_ALG:type=2, length=0
2026-03-04 11:24:55.869 [cefgetfile] WARNING: Unknown VALIDATION_ALG:type=2, length=0
2026-03-04 11:24:55.869 [cefgetfile] WARNING: Unknown VALIDATION_ALG:type=2, length=0
2026-03-04 11:24:55.869 [cefgetfile] WARNING: Unknown VALIDATION_ALG:type=2, length=0
2026-03-04 11:24:55.869 [cefgetfile] WARNING: Unknown VALIDATION_ALG:type=2, length=0
2026-03-04 11:24:55.869 [cefgetfile] WARNING: Unknown VALIDATION_ALG:type=2, length=0
2026-03-04 11:24:55.869 [cefgetfile] WARNING: Unknown VALIDATION_ALG:type=2, length=0
2026-03-04 11:24:55.869 [cefgetfile] WARNING: Unknown VALIDATION_ALG:type=2, length=0
2026-03-04 11:24:55.869 [cefgetfile] WARNING: Unknown VALIDATION_ALG:type=2, length=0
2026-03-04 11:24:55.870 [cefgetfile] WARNING: Unknown VALIDATION_ALG:type=2, length=0
2026-03-04 11:24:55.870 [cefgetfile] WARNING: Unknown VALIDATION_ALG:type=2, length=0
2026-03-04 11:24:55.870 [cefgetfile] WARNING: Unknown VALIDATION_ALG:type=2, length=0
2026-03-04 11:24:55.870 [cefgetfile] WARNING: Unknown VALIDATION_ALG:type=2, length=0
2026-03-04 11:24:55.870 [cefgetfile] WARNING: Unknown VALIDATION_ALG:type=2, length=0
2026-03-04 11:24:55.870 [cefgetfile] WARNING: Unknown VALIDATION_ALG:type=2, length=0
2026-03-04 11:24:55.870 [cefgetfile] WARNING: Unknown VALIDATION_ALG:type=2, length=0
2026-03-04 11:24:55.870 [cefgetfile] WARNING: Unknown VALIDATION_ALG:type=2, length=0
2026-03-04 11:24:55.870 [cefgetfile] WARNING: Unknown VALIDATION_ALG:type=2, length=0
2026-03-04 11:24:55.870 [cefgetfile] WARNING: Unknown VALIDATION_ALG:type=2, length=0
2026-03-04 11:24:55.870 [cefgetfile] WARNING: Unknown VALIDATION_ALG:type=2, length=0
2026-03-04 11:24:55.870 [cefgetfile] WARNING: Unknown VALIDATION_ALG:type=2, length=0
2026-03-04 11:24:55.870 [cefgetfile] WARNING: Unknown VALIDATION_ALG:type=2, length=0
2026-03-04 11:24:55.871 [cefgetfile] WARNING: Unknown VALIDATION_ALG:type=2, length=0
2026-03-04 11:24:55.871 [cefgetfile] WARNING: Unknown VALIDATION_ALG:type=2, length=0
2026-03-04 11:24:55.871 [cefgetfile] WARNING: Unknown VALIDATION_ALG:type=2, length=0
2026-03-04 11:24:55.871 [cefgetfile] WARNING: Unknown VALIDATION_ALG:type=2, length=0
2026-03-04 11:24:55.871 [cefgetfile] WARNING: Unknown VALIDATION_ALG:type=2, length=0
2026-03-04 11:24:55.871 [cefgetfile] WARNING: Unknown VALIDATION_ALG:type=2, length=0
2026-03-04 11:24:55.871 [cefgetfile] WARNING: Unknown VALIDATION_ALG:type=2, length=0
2026-03-04 11:24:55.871 [cefgetfile] WARNING: Unknown VALIDATION_ALG:type=2, length=0
2026-03-04 11:24:55.871 [cefgetfile] WARNING: Unknown VALIDATION_ALG:type=2, length=0
2026-03-04 11:24:55.871 [cefgetfile] WARNING: Unknown VALIDATION_ALG:type=2, length=0
2026-03-04 11:24:55.871 [cefgetfile] WARNING: Unknown VALIDATION_ALG:type=2, length=0
2026-03-04 11:24:55.871 [cefgetfile] WARNING: Unknown VALIDATION_ALG:type=2, length=0
2026-03-04 11:24:55.871 [cefgetfile] WARNING: Unknown VALIDATION_ALG:type=2, length=0
2026-03-04 11:24:55.871 [cefgetfile] WARNING: Unknown VALIDATION_ALG:type=2, length=0
2026-03-04 11:24:55.872 [cefgetfile] WARNING: Unknown VALIDATION_ALG:type=2, length=0
2026-03-04 11:24:55.872 [cefgetfile] WARNING: Unknown VALIDATION_ALG:type=2, length=0
2026-03-04 11:24:55.872 [cefgetfile] WARNING: Unknown VALIDATION_ALG:type=2, length=0
2026-03-04 11:24:55.872 [cefgetfile] WARNING: Unknown VALIDATION_ALG:type=2, length=0
2026-03-04 11:24:55.872 [cefgetfile] WARNING: Unknown VALIDATION_ALG:type=2, length=0
2026-03-04 11:24:55.872 [cefgetfile] WARNING: Unknown VALIDATION_ALG:type=2, length=0
2026-03-04 11:24:55.872 [cefgetfile] WARNING: Unknown VALIDATION_ALG:type=2, length=0
2026-03-04 11:24:55.872 [cefgetfile] WARNING: Unknown VALIDATION_ALG:type=2, length=0
2026-03-04 11:24:55.872 [cefgetfile] WARNING: Unknown VALIDATION_ALG:type=2, length=0
2026-03-04 11:24:55.872 [cefgetfile] WARNING: Unknown VALIDATION_ALG:type=2, length=0
2026-03-04 11:24:55.872 [cefgetfile] WARNING: Unknown VALIDATION_ALG:type=2, length=0
2026-03-04 11:24:55.873 [cefgetfile] WARNING: Unknown VALIDATION_ALG:type=2, length=0
2026-03-04 11:24:55.873 [cefgetfile] WARNING: Unknown VALIDATION_ALG:type=2, length=0
2026-03-04 11:24:55.873 [cefgetfile] WARNING: Unknown VALIDATION_ALG:type=2, length=0
2026-03-04 11:24:55.873 [cefgetfile] WARNING: Unknown VALIDATION_ALG:type=2, length=0
2026-03-04 11:24:55.873 [cefgetfile] WARNING: Unknown VALIDATION_ALG:type=2, length=0
2026-03-04 11:24:55.873 [cefgetfile] WARNING: Unknown VALIDATION_ALG:type=2, length=0
2026-03-04 11:24:55.873 [cefgetfile] WARNING: Unknown VALIDATION_ALG:type=2, length=0
2026-03-04 11:24:55.873 [cefgetfile] WARNING: Unknown VALIDATION_ALG:type=2, length=0
2026-03-04 11:24:55.873 [cefgetfile] WARNING: Unknown VALIDATION_ALG:type=2, length=0
2026-03-04 11:24:55.873 [cefgetfile] WARNING: Unknown VALIDATION_ALG:type=2, length=0
2026-03-04 11:24:55.873 [cefgetfile] WARNING: Unknown VALIDATION_ALG:type=2, length=0
2026-03-04 11:24:55.873 [cefgetfile] WARNING: Unknown VALIDATION_ALG:type=2, length=0
2026-03-04 11:24:55.873 [cefgetfile] WARNING: Unknown VALIDATION_ALG:type=2, length=0
2026-03-04 11:24:55.873 [cefgetfile] WARNING: Unknown VALIDATION_ALG:type=2, length=0
2026-03-04 11:24:55.874 [cefgetfile] WARNING: Unknown VALIDATION_ALG:type=2, length=0
2026-03-04 11:24:55.874 [cefgetfile] WARNING: Unknown VALIDATION_ALG:type=2, length=0
2026-03-04 11:24:55.874 [cefgetfile] WARNING: Unknown VALIDATION_ALG:type=2, length=0
2026-03-04 11:24:55.874 [cefgetfile] WARNING: Unknown VALIDATION_ALG:type=2, length=0
2026-03-04 11:24:55.874 [cefgetfile] WARNING: Unknown VALIDATION_ALG:type=2, length=0
2026-03-04 11:24:55.874 [cefgetfile] WARNING: Unknown VALIDATION_ALG:type=2, length=0
2026-03-04 11:24:55.874 [cefgetfile] WARNING: Unknown VALIDATION_ALG:type=2, length=0
2026-03-04 11:24:55.874 [cefgetfile] WARNING: Unknown VALIDATION_ALG:type=2, length=0
2026-03-04 11:24:55.874 [cefgetfile] WARNING: Unknown VALIDATION_ALG:type=2, length=0
2026-03-04 11:24:55.874 [cefgetfile] WARNING: Unknown VALIDATION_ALG:type=2, length=0
2026-03-04 11:24:55.874 [cefgetfile] WARNING: Unknown VALIDATION_ALG:type=2, length=0
2026-03-04 11:24:55.874 [cefgetfile] WARNING: Unknown VALIDATION_ALG:type=2, length=0
2026-03-04 11:24:55.874 [cefgetfile] WARNING: Unknown VALIDATION_ALG:type=2, length=0
2026-03-04 11:24:55.874 [cefgetfile] WARNING: Unknown VALIDATION_ALG:type=2, length=0
2026-03-04 11:24:55.874 [cefgetfile] WARNING: Unknown VALIDATION_ALG:type=2, length=0
2026-03-04 11:24:55.875 [cefgetfile] WARNING: Unknown VALIDATION_ALG:type=2, length=0
2026-03-04 11:24:55.875 [cefgetfile] WARNING: Unknown VALIDATION_ALG:type=2, length=0
2026-03-04 11:24:55.875 [cefgetfile] WARNING: Unknown VALIDATION_ALG:type=2, length=0
2026-03-04 11:24:55.875 [cefgetfile] WARNING: Unknown VALIDATION_ALG:type=2, length=0
2026-03-04 11:24:55.875 [cefgetfile] WARNING: Unknown VALIDATION_ALG:type=2, length=0
2026-03-04 11:24:55.875 [cefgetfile] WARNING: Unknown VALIDATION_ALG:type=2, length=0
2026-03-04 11:24:55.875 [cefgetfile] WARNING: Unknown VALIDATION_ALG:type=2, length=0
2026-03-04 11:24:55.875 [cefgetfile] WARNING: Unknown VALIDATION_ALG:type=2, length=0
2026-03-04 11:24:55.875 [cefgetfile] WARNING: Unknown VALIDATION_ALG:type=2, length=0
2026-03-04 11:24:55.875 [cefgetfile] WARNING: Unknown VALIDATION_ALG:type=2, length=0
2026-03-04 11:24:55.875 [cefgetfile] WARNING: Unknown VALIDATION_ALG:type=2, length=0
2026-03-04 11:24:55.875 [cefgetfile] WARNING: Unknown VALIDATION_ALG:type=2, length=0
2026-03-04 11:24:55.875 [cefgetfile] WARNING: Unknown VALIDATION_ALG:type=2, length=0
2026-03-04 11:24:55.876 [cefgetfile] WARNING: Unknown VALIDATION_ALG:type=2, length=0
2026-03-04 11:24:55.876 [cefgetfile] WARNING: Unknown VALIDATION_ALG:type=2, length=0
2026-03-04 11:24:55.876 [cefgetfile] WARNING: Unknown VALIDATION_ALG:type=2, length=0
2026-03-04 11:24:55.876 [cefgetfile] WARNING: Unknown VALIDATION_ALG:type=2, length=0
2026-03-04 11:24:55.876 [cefgetfile] WARNING: Unknown VALIDATION_ALG:type=2, length=0
2026-03-04 11:24:55.876 [cefgetfile] WARNING: Unknown VALIDATION_ALG:type=2, length=0
2026-03-04 11:24:55.876 [cefgetfile] WARNING: Unknown VALIDATION_ALG:type=2, length=0
2026-03-04 11:24:55.876 [cefgetfile] WARNING: Unknown VALIDATION_ALG:type=2, length=0
2026-03-04 11:24:55.876 [cefgetfile] WARNING: Unknown VALIDATION_ALG:type=2, length=0
2026-03-04 11:24:55.876 [cefgetfile] WARNING: Unknown VALIDATION_ALG:type=2, length=0
2026-03-04 11:24:55.876 [cefgetfile] WARNING: Unknown VALIDATION_ALG:type=2, length=0
2026-03-04 11:24:55.876 [cefgetfile] WARNING: Unknown VALIDATION_ALG:type=2, length=0
2026-03-04 11:24:55.876 [cefgetfile] WARNING: Unknown VALIDATION_ALG:type=2, length=0
2026-03-04 11:24:55.877 [cefgetfile] WARNING: Unknown VALIDATION_ALG:type=2, length=0
2026-03-04 11:24:55.877 [cefgetfile] WARNING: Unknown VALIDATION_ALG:type=2, length=0
2026-03-04 11:24:55.877 [cefgetfile] WARNING: Unknown VALIDATION_ALG:type=2, length=0
2026-03-04 11:24:55.877 [cefgetfile] WARNING: Unknown VALIDATION_ALG:type=2, length=0
2026-03-04 11:24:55.877 [cefgetfile] WARNING: Unknown VALIDATION_ALG:type=2, length=0
2026-03-04 11:24:55.877 [cefgetfile] WARNING: Unknown VALIDATION_ALG:type=2, length=0
2026-03-04 11:24:55.877 [cefgetfile] WARNING: Unknown VALIDATION_ALG:type=2, length=0
2026-03-04 11:24:55.877 [cefgetfile] WARNING: Unknown VALIDATION_ALG:type=2, length=0
2026-03-04 11:24:55.877 [cefgetfile] WARNING: Unknown VALIDATION_ALG:type=2, length=0
2026-03-04 11:24:55.877 [cefgetfile] WARNING: Unknown VALIDATION_ALG:type=2, length=0
2026-03-04 11:24:55.877 [cefgetfile] WARNING: Unknown VALIDATION_ALG:type=2, length=0
2026-03-04 11:24:55.877 [cefgetfile] WARNING: Unknown VALIDATION_ALG:type=2, length=0
2026-03-04 11:24:55.877 [cefgetfile] WARNING: Unknown VALIDATION_ALG:type=2, length=0
2026-03-04 11:24:55.877 [cefgetfile] WARNING: Unknown VALIDATION_ALG:type=2, length=0
2026-03-04 11:24:55.878 [cefgetfile] WARNING: Unknown VALIDATION_ALG:type=2, length=0
2026-03-04 11:24:55.878 [cefgetfile] WARNING: Unknown VALIDATION_ALG:type=2, length=0
2026-03-04 11:24:55.878 [cefgetfile] WARNING: Unknown VALIDATION_ALG:type=2, length=0
2026-03-04 11:24:55.878 [cefgetfile] WARNING: Unknown VALIDATION_ALG:type=2, length=0
2026-03-04 11:24:55.878 [cefgetfile] WARNING: Unknown VALIDATION_ALG:type=2, length=0
2026-03-04 11:24:55.878 [cefgetfile] WARNING: Unknown VALIDATION_ALG:type=2, length=0
2026-03-04 11:24:55.878 [cefgetfile] WARNING: Unknown VALIDATION_ALG:type=2, length=0
2026-03-04 11:24:55.878 [cefgetfile] WARNING: Unknown VALIDATION_ALG:type=2, length=0
2026-03-04 11:24:55.878 [cefgetfile] WARNING: Unknown VALIDATION_ALG:type=2, length=0
2026-03-04 11:24:55.878 [cefgetfile] WARNING: Unknown VALIDATION_ALG:type=2, length=0
2026-03-04 11:24:55.878 [cefgetfile] WARNING: Unknown VALIDATION_ALG:type=2, length=0
2026-03-04 11:24:55.878 [cefgetfile] WARNING: Unknown VALIDATION_ALG:type=2, length=0
2026-03-04 11:24:55.878 [cefgetfile] WARNING: Unknown VALIDATION_ALG:type=2, length=0
2026-03-04 11:24:55.878 [cefgetfile] WARNING: Unknown VALIDATION_ALG:type=2, length=0
2026-03-04 11:24:55.879 [cefgetfile] WARNING: Unknown VALIDATION_ALG:type=2, length=0
2026-03-04 11:24:55.879 [cefgetfile] WARNING: Unknown VALIDATION_ALG:type=2, length=0
2026-03-04 11:24:55.879 [cefgetfile] WARNING: Unknown VALIDATION_ALG:type=2, length=0
2026-03-04 11:24:55.879 [cefgetfile] WARNING: Unknown VALIDATION_ALG:type=2, length=0
2026-03-04 11:24:55.879 [cefgetfile] WARNING: Unknown VALIDATION_ALG:type=2, length=0
2026-03-04 11:24:55.879 [cefgetfile] WARNING: Unknown VALIDATION_ALG:type=2, length=0
2026-03-04 11:24:55.879 [cefgetfile] WARNING: Unknown VALIDATION_ALG:type=2, length=0
2026-03-04 11:24:55.879 [cefgetfile] WARNING: Unknown VALIDATION_ALG:type=2, length=0
2026-03-04 11:24:55.879 [cefgetfile] WARNING: Unknown VALIDATION_ALG:type=2, length=0
2026-03-04 11:24:55.879 [cefgetfile] WARNING: Unknown VALIDATION_ALG:type=2, length=0
2026-03-04 11:24:55.879 [cefgetfile] WARNING: Unknown VALIDATION_ALG:type=2, length=0
2026-03-04 11:24:55.879 [cefgetfile] WARNING: Unknown VALIDATION_ALG:type=2, length=0
2026-03-04 11:24:55.879 [cefgetfile] WARNING: Unknown VALIDATION_ALG:type=2, length=0
2026-03-04 11:24:55.880 [cefgetfile] WARNING: Unknown VALIDATION_ALG:type=2, length=0
2026-03-04 11:24:55.880 [cefgetfile] WARNING: Unknown VALIDATION_ALG:type=2, length=0
2026-03-04 11:24:55.880 [cefgetfile] WARNING: Unknown VALIDATION_ALG:type=2, length=0
2026-03-04 11:24:55.880 [cefgetfile] WARNING: Unknown VALIDATION_ALG:type=2, length=0
2026-03-04 11:24:55.880 [cefgetfile] WARNING: Unknown VALIDATION_ALG:type=2, length=0
2026-03-04 11:24:55.880 [cefgetfile] WARNING: Unknown VALIDATION_ALG:type=2, length=0
2026-03-04 11:24:55.880 [cefgetfile] WARNING: Unknown VALIDATION_ALG:type=2, length=0
2026-03-04 11:24:55.880 [cefgetfile] WARNING: Unknown VALIDATION_ALG:type=2, length=0
2026-03-04 11:24:55.880 [cefgetfile] WARNING: Unknown VALIDATION_ALG:type=2, length=0
2026-03-04 11:24:55.880 [cefgetfile] WARNING: Unknown VALIDATION_ALG:type=2, length=0
2026-03-04 11:24:55.880 [cefgetfile] WARNING: Unknown VALIDATION_ALG:type=2, length=0
2026-03-04 11:24:55.880 [cefgetfile] WARNING: Unknown VALIDATION_ALG:type=2, length=0
2026-03-04 11:24:55.880 [cefgetfile] WARNING: Unknown VALIDATION_ALG:type=2, length=0
2026-03-04 11:24:55.880 [cefgetfile] WARNING: Unknown VALIDATION_ALG:type=2, length=0
2026-03-04 11:24:55.881 [cefgetfile] WARNING: Unknown VALIDATION_ALG:type=2, length=0
2026-03-04 11:24:55.881 [cefgetfile] WARNING: Unknown VALIDATION_ALG:type=2, length=0
2026-03-04 11:24:55.881 [cefgetfile] WARNING: Unknown VALIDATION_ALG:type=2, length=0
2026-03-04 11:24:55.881 [cefgetfile] WARNING: Unknown VALIDATION_ALG:type=2, length=0
2026-03-04 11:24:55.881 [cefgetfile] WARNING: Unknown VALIDATION_ALG:type=2, length=0
2026-03-04 11:24:55.881 [cefgetfile] WARNING: Unknown VALIDATION_ALG:type=2, length=0
2026-03-04 11:24:55.881 [cefgetfile] WARNING: Unknown VALIDATION_ALG:type=2, length=0
2026-03-04 11:24:55.881 [cefgetfile] WARNING: Unknown VALIDATION_ALG:type=2, length=0
2026-03-04 11:24:55.881 [cefgetfile] WARNING: Unknown VALIDATION_ALG:type=2, length=0
2026-03-04 11:24:55.881 [cefgetfile] WARNING: Unknown VALIDATION_ALG:type=2, length=0
2026-03-04 11:24:55.881 [cefgetfile] WARNING: Unknown VALIDATION_ALG:type=2, length=0
2026-03-04 11:24:55.881 [cefgetfile] WARNING: Unknown VALIDATION_ALG:type=2, length=0
2026-03-04 11:24:55.881 [cefgetfile] WARNING: Unknown VALIDATION_ALG:type=2, length=0
2026-03-04 11:24:55.882 [cefgetfile] WARNING: Unknown VALIDATION_ALG:type=2, length=0
2026-03-04 11:24:55.882 [cefgetfile] WARNING: Unknown VALIDATION_ALG:type=2, length=0
2026-03-04 11:24:55.882 [cefgetfile] WARNING: Unknown VALIDATION_ALG:type=2, length=0
2026-03-04 11:24:55.882 [cefgetfile] WARNING: Unknown VALIDATION_ALG:type=2, length=0
2026-03-04 11:24:55.882 [cefgetfile] WARNING: Unknown VALIDATION_ALG:type=2, length=0
2026-03-04 11:24:55.882 [cefgetfile] WARNING: Unknown VALIDATION_ALG:type=2, length=0
2026-03-04 11:24:55.882 [cefgetfile] WARNING: Unknown VALIDATION_ALG:type=2, length=0
2026-03-04 11:24:55.882 [cefgetfile] WARNING: Unknown VALIDATION_ALG:type=2, length=0
2026-03-04 11:24:55.882 [cefgetfile] WARNING: Unknown VALIDATION_ALG:type=2, length=0
2026-03-04 11:24:55.882 [cefgetfile] WARNING: Unknown VALIDATION_ALG:type=2, length=0
2026-03-04 11:24:55.882 [cefgetfile] WARNING: Unknown VALIDATION_ALG:type=2, length=0
2026-03-04 11:24:55.883 [cefgetfile] WARNING: Unknown VALIDATION_ALG:type=2, length=0
2026-03-04 11:24:55.883 [cefgetfile] WARNING: Unknown VALIDATION_ALG:type=2, length=0
2026-03-04 11:24:55.883 [cefgetfile] WARNING: Unknown VALIDATION_ALG:type=2, length=0
2026-03-04 11:24:55.883 [cefgetfile] WARNING: Unknown VALIDATION_ALG:type=2, length=0
2026-03-04 11:24:55.883 [cefgetfile] WARNING: Unknown VALIDATION_ALG:type=2, length=0
2026-03-04 11:24:55.883 [cefgetfile] WARNING: Unknown VALIDATION_ALG:type=2, length=0
2026-03-04 11:24:55.883 [cefgetfile] WARNING: Unknown VALIDATION_ALG:type=2, length=0
2026-03-04 11:24:55.883 [cefgetfile] WARNING: Unknown VALIDATION_ALG:type=2, length=0
2026-03-04 11:24:55.883 [cefgetfile] WARNING: Unknown VALIDATION_ALG:type=2, length=0
2026-03-04 11:24:55.883 [cefgetfile] WARNING: Unknown VALIDATION_ALG:type=2, length=0
2026-03-04 11:24:55.883 [cefgetfile] WARNING: Unknown VALIDATION_ALG:type=2, length=0
2026-03-04 11:24:55.883 [cefgetfile] WARNING: Unknown VALIDATION_ALG:type=2, length=0
2026-03-04 11:24:55.883 [cefgetfile] WARNING: Unknown VALIDATION_ALG:type=2, length=0
2026-03-04 11:24:55.883 [cefgetfile] WARNING: Unknown VALIDATION_ALG:type=2, length=0
2026-03-04 11:24:55.884 [cefgetfile] WARNING: Unknown VALIDATION_ALG:type=2, length=0
2026-03-04 11:24:55.884 [cefgetfile] WARNING: Unknown VALIDATION_ALG:type=2, length=0
2026-03-04 11:24:55.884 [cefgetfile] WARNING: Unknown VALIDATION_ALG:type=2, length=0
2026-03-04 11:24:55.884 [cefgetfile] WARNING: Unknown VALIDATION_ALG:type=2, length=0
2026-03-04 11:24:55.884 [cefgetfile] WARNING: Unknown VALIDATION_ALG:type=2, length=0
2026-03-04 11:24:55.884 [cefgetfile] WARNING: Unknown VALIDATION_ALG:type=2, length=0
2026-03-04 11:24:55.884 [cefgetfile] WARNING: Unknown VALIDATION_ALG:type=2, length=0
2026-03-04 11:24:55.884 [cefgetfile] WARNING: Unknown VALIDATION_ALG:type=2, length=0
2026-03-04 11:24:55.884 [cefgetfile] WARNING: Unknown VALIDATION_ALG:type=2, length=0
2026-03-04 11:24:55.884 [cefgetfile] WARNING: Unknown VALIDATION_ALG:type=2, length=0
2026-03-04 11:24:55.884 [cefgetfile] WARNING: Unknown VALIDATION_ALG:type=2, length=0
2026-03-04 11:24:55.884 [cefgetfile] WARNING: Unknown VALIDATION_ALG:type=2, length=0
2026-03-04 11:24:55.884 [cefgetfile] WARNING: Unknown VALIDATION_ALG:type=2, length=0
2026-03-04 11:24:55.884 [cefgetfile] WARNING: Unknown VALIDATION_ALG:type=2, length=0
2026-03-04 11:24:55.885 [cefgetfile] WARNING: Unknown VALIDATION_ALG:type=2, length=0
2026-03-04 11:24:55.885 [cefgetfile] WARNING: Unknown VALIDATION_ALG:type=2, length=0
2026-03-04 11:24:55.885 [cefgetfile] WARNING: Unknown VALIDATION_ALG:type=2, length=0
2026-03-04 11:24:55.885 [cefgetfile] WARNING: Unknown VALIDATION_ALG:type=2, length=0
2026-03-04 11:24:55.885 [cefgetfile] WARNING: Unknown VALIDATION_ALG:type=2, length=0
2026-03-04 11:24:55.885 [cefgetfile] WARNING: Unknown VALIDATION_ALG:type=2, length=0
2026-03-04 11:24:55.885 [cefgetfile] WARNING: Unknown VALIDATION_ALG:type=2, length=0
2026-03-04 11:24:55.885 [cefgetfile] WARNING: Unknown VALIDATION_ALG:type=2, length=0
2026-03-04 11:24:55.885 [cefgetfile] WARNING: Unknown VALIDATION_ALG:type=2, length=0
2026-03-04 11:24:55.885 [cefgetfile] WARNING: Unknown VALIDATION_ALG:type=2, length=0
2026-03-04 11:24:55.885 [cefgetfile] WARNING: Unknown VALIDATION_ALG:type=2, length=0
2026-03-04 11:24:55.886 [cefgetfile] WARNING: Unknown VALIDATION_ALG:type=2, length=0
2026-03-04 11:24:55.886 [cefgetfile] WARNING: Unknown VALIDATION_ALG:type=2, length=0
2026-03-04 11:24:55.886 [cefgetfile] WARNING: Unknown VALIDATION_ALG:type=2, length=0
2026-03-04 11:24:55.886 [cefgetfile] WARNING: Unknown VALIDATION_ALG:type=2, length=0
2026-03-04 11:24:55.886 [cefgetfile] WARNING: Unknown VALIDATION_ALG:type=2, length=0
2026-03-04 11:24:55.886 [cefgetfile] WARNING: Unknown VALIDATION_ALG:type=2, length=0
2026-03-04 11:24:55.886 [cefgetfile] WARNING: Unknown VALIDATION_ALG:type=2, length=0
2026-03-04 11:24:55.886 [cefgetfile] WARNING: Unknown VALIDATION_ALG:type=2, length=0
2026-03-04 11:24:55.886 [cefgetfile] WARNING: Unknown VALIDATION_ALG:type=2, length=0
2026-03-04 11:24:55.886 [cefgetfile] WARNING: Unknown VALIDATION_ALG:type=2, length=0
2026-03-04 11:24:55.886 [cefgetfile] WARNING: Unknown VALIDATION_ALG:type=2, length=0
2026-03-04 11:24:55.886 [cefgetfile] WARNING: Unknown VALIDATION_ALG:type=2, length=0
2026-03-04 11:24:55.886 [cefgetfile] WARNING: Unknown VALIDATION_ALG:type=2, length=0
2026-03-04 11:24:55.886 [cefgetfile] WARNING: Unknown VALIDATION_ALG:type=2, length=0
2026-03-04 11:24:55.886 [cefgetfile] WARNING: Unknown VALIDATION_ALG:type=2, length=0
2026-03-04 11:24:55.887 [cefgetfile] WARNING: Unknown VALIDATION_ALG:type=2, length=0
2026-03-04 11:24:55.887 [cefgetfile] WARNING: Unknown VALIDATION_ALG:type=2, length=0
2026-03-04 11:24:55.887 [cefgetfile] WARNING: Unknown VALIDATION_ALG:type=2, length=0
2026-03-04 11:24:55.887 [cefgetfile] WARNING: Unknown VALIDATION_ALG:type=2, length=0
2026-03-04 11:24:55.887 [cefgetfile] WARNING: Unknown VALIDATION_ALG:type=2, length=0
2026-03-04 11:24:55.887 [cefgetfile] WARNING: Unknown VALIDATION_ALG:type=2, length=0
2026-03-04 11:24:55.887 [cefgetfile] WARNING: Unknown VALIDATION_ALG:type=2, length=0
2026-03-04 11:24:55.887 [cefgetfile] WARNING: Unknown VALIDATION_ALG:type=2, length=0
2026-03-04 11:24:55.887 [cefgetfile] WARNING: Unknown VALIDATION_ALG:type=2, length=0
2026-03-04 11:24:55.887 [cefgetfile] WARNING: Unknown VALIDATION_ALG:type=2, length=0
2026-03-04 11:24:55.887 [cefgetfile] WARNING: Unknown VALIDATION_ALG:type=2, length=0
2026-03-04 11:24:55.887 [cefgetfile] WARNING: Unknown VALIDATION_ALG:type=2, length=0
2026-03-04 11:24:55.887 [cefgetfile] WARNING: Unknown VALIDATION_ALG:type=2, length=0
2026-03-04 11:24:55.887 [cefgetfile] WARNING: Unknown VALIDATION_ALG:type=2, length=0
2026-03-04 11:24:55.888 [cefgetfile] WARNING: Unknown VALIDATION_ALG:type=2, length=0
2026-03-04 11:24:55.888 [cefgetfile] WARNING: Unknown VALIDATION_ALG:type=2, length=0
2026-03-04 11:24:55.888 [cefgetfile] WARNING: Unknown VALIDATION_ALG:type=2, length=0
2026-03-04 11:24:55.888 [cefgetfile] WARNING: Unknown VALIDATION_ALG:type=2, length=0
2026-03-04 11:24:55.888 [cefgetfile] WARNING: Unknown VALIDATION_ALG:type=2, length=0
2026-03-04 11:24:55.888 [cefgetfile] WARNING: Unknown VALIDATION_ALG:type=2, length=0
2026-03-04 11:24:55.888 [cefgetfile] WARNING: Unknown VALIDATION_ALG:type=2, length=0
2026-03-04 11:24:55.888 [cefgetfile] WARNING: Unknown VALIDATION_ALG:type=2, length=0
2026-03-04 11:24:55.888 [cefgetfile] WARNING: Unknown VALIDATION_ALG:type=2, length=0
2026-03-04 11:24:55.888 [cefgetfile] WARNING: Unknown VALIDATION_ALG:type=2, length=0
2026-03-04 11:24:55.888 [cefgetfile] WARNING: Unknown VALIDATION_ALG:type=2, length=0
2026-03-04 11:24:55.888 [cefgetfile] WARNING: Unknown VALIDATION_ALG:type=2, length=0
2026-03-04 11:24:55.888 [cefgetfile] WARNING: Unknown VALIDATION_ALG:type=2, length=0
2026-03-04 11:24:55.889 [cefgetfile] WARNING: Unknown VALIDATION_ALG:type=2, length=0
2026-03-04 11:24:55.889 [cefgetfile] WARNING: Unknown VALIDATION_ALG:type=2, length=0
2026-03-04 11:24:55.889 [cefgetfile] WARNING: Unknown VALIDATION_ALG:type=2, length=0
2026-03-04 11:24:55.889 [cefgetfile] WARNING: Unknown VALIDATION_ALG:type=2, length=0
2026-03-04 11:24:55.889 [cefgetfile] WARNING: Unknown VALIDATION_ALG:type=2, length=0
2026-03-04 11:24:55.889 [cefgetfile] WARNING: Unknown VALIDATION_ALG:type=2, length=0
2026-03-04 11:24:55.889 [cefgetfile] WARNING: Unknown VALIDATION_ALG:type=2, length=0
2026-03-04 11:24:55.889 [cefgetfile] WARNING: Unknown VALIDATION_ALG:type=2, length=0
2026-03-04 11:24:55.889 [cefgetfile] WARNING: Unknown VALIDATION_ALG:type=2, length=0
2026-03-04 11:24:55.889 [cefgetfile] WARNING: Unknown VALIDATION_ALG:type=2, length=0
2026-03-04 11:24:55.889 [cefgetfile] WARNING: Unknown VALIDATION_ALG:type=2, length=0
2026-03-04 11:24:55.889 [cefgetfile] WARNING: Unknown VALIDATION_ALG:type=2, length=0
2026-03-04 11:24:55.889 [cefgetfile] WARNING: Unknown VALIDATION_ALG:type=2, length=0
2026-03-04 11:24:55.890 [cefgetfile] WARNING: Unknown VALIDATION_ALG:type=2, length=0
2026-03-04 11:24:55.890 [cefgetfile] WARNING: Unknown VALIDATION_ALG:type=2, length=0
2026-03-04 11:24:55.890 [cefgetfile] WARNING: Unknown VALIDATION_ALG:type=2, length=0
2026-03-04 11:24:55.890 [cefgetfile] WARNING: Unknown VALIDATION_ALG:type=2, length=0
2026-03-04 11:24:55.890 [cefgetfile] WARNING: Unknown VALIDATION_ALG:type=2, length=0
2026-03-04 11:24:55.890 [cefgetfile] WARNING: Unknown VALIDATION_ALG:type=2, length=0
2026-03-04 11:24:55.890 [cefgetfile] WARNING: Unknown VALIDATION_ALG:type=2, length=0
2026-03-04 11:24:55.890 [cefgetfile] WARNING: Unknown VALIDATION_ALG:type=2, length=0
2026-03-04 11:24:55.890 [cefgetfile] WARNING: Unknown VALIDATION_ALG:type=2, length=0
2026-03-04 11:24:55.890 [cefgetfile] WARNING: Unknown VALIDATION_ALG:type=2, length=0
2026-03-04 11:24:55.890 [cefgetfile] WARNING: Unknown VALIDATION_ALG:type=2, length=0
2026-03-04 11:24:55.890 [cefgetfile] WARNING: Unknown VALIDATION_ALG:type=2, length=0
2026-03-04 11:24:55.890 [cefgetfile] WARNING: Unknown VALIDATION_ALG:type=2, length=0
2026-03-04 11:24:55.890 [cefgetfile] WARNING: Unknown VALIDATION_ALG:type=2, length=0
2026-03-04 11:24:55.891 [cefgetfile] WARNING: Unknown VALIDATION_ALG:type=2, length=0
2026-03-04 11:24:55.891 [cefgetfile] WARNING: Unknown VALIDATION_ALG:type=2, length=0
2026-03-04 11:24:55.891 [cefgetfile] WARNING: Unknown VALIDATION_ALG:type=2, length=0
2026-03-04 11:24:55.891 [cefgetfile] WARNING: Unknown VALIDATION_ALG:type=2, length=0
2026-03-04 11:24:55.891 [cefgetfile] WARNING: Unknown VALIDATION_ALG:type=2, length=0
2026-03-04 11:24:55.891 [cefgetfile] WARNING: Unknown VALIDATION_ALG:type=2, length=0
2026-03-04 11:24:55.891 [cefgetfile] WARNING: Unknown VALIDATION_ALG:type=2, length=0
2026-03-04 11:24:55.891 [cefgetfile] WARNING: Unknown VALIDATION_ALG:type=2, length=0
2026-03-04 11:24:55.891 [cefgetfile] WARNING: Unknown VALIDATION_ALG:type=2, length=0
2026-03-04 11:24:55.891 [cefgetfile] WARNING: Unknown VALIDATION_ALG:type=2, length=0
2026-03-04 11:24:55.891 [cefgetfile] WARNING: Unknown VALIDATION_ALG:type=2, length=0
2026-03-04 11:24:55.891 [cefgetfile] WARNING: Unknown VALIDATION_ALG:type=2, length=0
2026-03-04 11:24:55.891 [cefgetfile] WARNING: Unknown VALIDATION_ALG:type=2, length=0
2026-03-04 11:24:55.892 [cefgetfile] WARNING: Unknown VALIDATION_ALG:type=2, length=0
2026-03-04 11:24:55.892 [cefgetfile] WARNING: Unknown VALIDATION_ALG:type=2, length=0
2026-03-04 11:24:55.892 [cefgetfile] WARNING: Unknown VALIDATION_ALG:type=2, length=0
2026-03-04 11:24:55.892 [cefgetfile] WARNING: Unknown VALIDATION_ALG:type=2, length=0
2026-03-04 11:24:55.892 [cefgetfile] WARNING: Unknown VALIDATION_ALG:type=2, length=0
2026-03-04 11:24:55.892 [cefgetfile] WARNING: Unknown VALIDATION_ALG:type=2, length=0
2026-03-04 11:24:55.892 [cefgetfile] WARNING: Unknown VALIDATION_ALG:type=2, length=0
2026-03-04 11:24:55.892 [cefgetfile] WARNING: Unknown VALIDATION_ALG:type=2, length=0
2026-03-04 11:24:55.892 [cefgetfile] WARNING: Unknown VALIDATION_ALG:type=2, length=0
2026-03-04 11:24:55.892 [cefgetfile] WARNING: Unknown VALIDATION_ALG:type=2, length=0
2026-03-04 11:24:55.892 [cefgetfile] WARNING: Unknown VALIDATION_ALG:type=2, length=0
2026-03-04 11:24:55.892 [cefgetfile] WARNING: Unknown VALIDATION_ALG:type=2, length=0
2026-03-04 11:24:55.892 [cefgetfile] WARNING: Unknown VALIDATION_ALG:type=2, length=0
2026-03-04 11:24:55.892 [cefgetfile] WARNING: Unknown VALIDATION_ALG:type=2, length=0
2026-03-04 11:24:55.893 [cefgetfile] WARNING: Unknown VALIDATION_ALG:type=2, length=0
2026-03-04 11:24:55.893 [cefgetfile] WARNING: Unknown VALIDATION_ALG:type=2, length=0
2026-03-04 11:24:55.893 [cefgetfile] WARNING: Unknown VALIDATION_ALG:type=2, length=0
2026-03-04 11:24:55.893 [cefgetfile] WARNING: Unknown VALIDATION_ALG:type=2, length=0
2026-03-04 11:24:55.893 [cefgetfile] WARNING: Unknown VALIDATION_ALG:type=2, length=0
2026-03-04 11:24:55.893 [cefgetfile] WARNING: Unknown VALIDATION_ALG:type=2, length=0
2026-03-04 11:24:55.893 [cefgetfile] WARNING: Unknown VALIDATION_ALG:type=2, length=0
2026-03-04 11:24:55.893 [cefgetfile] WARNING: Unknown VALIDATION_ALG:type=2, length=0
2026-03-04 11:24:55.893 [cefgetfile] WARNING: Unknown VALIDATION_ALG:type=2, length=0
2026-03-04 11:24:55.893 [cefgetfile] WARNING: Unknown VALIDATION_ALG:type=2, length=0
2026-03-04 11:24:55.893 [cefgetfile] WARNING: Unknown VALIDATION_ALG:type=2, length=0
2026-03-04 11:24:55.893 [cefgetfile] WARNING: Unknown VALIDATION_ALG:type=2, length=0
2026-03-04 11:24:55.893 [cefgetfile] WARNING: Unknown VALIDATION_ALG:type=2, length=0
2026-03-04 11:24:55.893 [cefgetfile] WARNING: Unknown VALIDATION_ALG:type=2, length=0
2026-03-04 11:24:55.894 [cefgetfile] WARNING: Unknown VALIDATION_ALG:type=2, length=0
2026-03-04 11:24:55.894 [cefgetfile] WARNING: Unknown VALIDATION_ALG:type=2, length=0
2026-03-04 11:24:55.894 [cefgetfile] WARNING: Unknown VALIDATION_ALG:type=2, length=0
2026-03-04 11:24:55.894 [cefgetfile] WARNING: Unknown VALIDATION_ALG:type=2, length=0
2026-03-04 11:24:55.894 [cefgetfile] WARNING: Unknown VALIDATION_ALG:type=2, length=0
2026-03-04 11:24:55.894 [cefgetfile] WARNING: Unknown VALIDATION_ALG:type=2, length=0
2026-03-04 11:24:55.894 [cefgetfile] WARNING: Unknown VALIDATION_ALG:type=2, length=0
2026-03-04 11:24:55.894 [cefgetfile] WARNING: Unknown VALIDATION_ALG:type=2, length=0
2026-03-04 11:24:55.894 [cefgetfile] WARNING: Unknown VALIDATION_ALG:type=2, length=0
2026-03-04 11:24:55.894 [cefgetfile] WARNING: Unknown VALIDATION_ALG:type=2, length=0
2026-03-04 11:24:55.894 [cefgetfile] WARNING: Unknown VALIDATION_ALG:type=2, length=0
2026-03-04 11:24:55.894 [cefgetfile] WARNING: Unknown VALIDATION_ALG:type=2, length=0
2026-03-04 11:24:55.894 [cefgetfile] WARNING: Unknown VALIDATION_ALG:type=2, length=0
2026-03-04 11:24:55.894 [cefgetfile] WARNING: Unknown VALIDATION_ALG:type=2, length=0
2026-03-04 11:24:55.895 [cefgetfile] WARNING: Unknown VALIDATION_ALG:type=2, length=0
2026-03-04 11:24:55.895 [cefgetfile] WARNING: Unknown VALIDATION_ALG:type=2, length=0
2026-03-04 11:24:55.895 [cefgetfile] WARNING: Unknown VALIDATION_ALG:type=2, length=0
2026-03-04 11:24:55.895 [cefgetfile] WARNING: Unknown VALIDATION_ALG:type=2, length=0
2026-03-04 11:24:55.895 [cefgetfile] WARNING: Unknown VALIDATION_ALG:type=2, length=0
2026-03-04 11:24:55.895 [cefgetfile] WARNING: Unknown VALIDATION_ALG:type=2, length=0
2026-03-04 11:24:55.895 [cefgetfile] WARNING: Unknown VALIDATION_ALG:type=2, length=0
[cefgetfile] Completed to get all the chunks.
[cefgetfile] Unconnect to cefnetd ... OK
[cefgetfile] Terminate
[cefgetfile] Rx Frames (All)           = 424
[cefgetfile] Rx Frames (ContentObject) = 424
[cefgetfile] Rx Bytes (All)            = 444414
[cefgetfile] Rx Bytes (ContentObject)  = 433390
[cefgetfile] Duration                  = 0.033 sec
[cefgetfile] Throughput                = 109065341 bps
[cefgetfile] Goodput                   = 106359899 bps
[cefgetfile] Jitter (Ave)              = 76 us
[cefgetfile] Jitter (Max)              = 1400 us
[cefgetfile] Jitter (Var)              = 6036 us
