[cefgetfile] Start
[cefgetfile] Parsing parameters ...OK
2026-03-17 12:24:08.698 [cefgetfile] INFO: [client] Config directory is ./h0
2026-03-17 12:24:08.698 [cefgetfile] INFO: [client] Local Socket Name is /tmp/cef_9695.0
2026-03-17 12:24:08.698 [cefgetfile] INFO: [client] Listen Port is 9695
[cefgetfile] Init Cefore Client package ... OK
[cefgetfile] Conversion from URI into Name ... OK
[cefgetfile] Checking the output file ... OK
[cefgetfile] Connect to cefnetd ... OK
[cefgetfile] URI=ccnx:/test/sample1
[cefgetfile] Start sending Interests
[cefgetfile] Completed to get all the chunks.
[cefgetfile] Unconnect to cefnetd ... OK
[cefgetfile] Terminate
[cefgetfile] Rx Frames (All)           = 424
[cefgetfile] Rx Frames (ContentObject) = 424
[cefgetfile] Rx Bytes (All)            = 444838
[cefgetfile] Rx Bytes (ContentObject)  = 433390
[cefgetfile] Duration                  = 0.186 sec
[cefgetfile] Throughput                = 19177668 bps
[cefgetfile] Goodput                   = 18684126 bps
[cefgetfile] Jitter (Ave)              = 437 us
[cefgetfile] Jitter (Max)              = 32864 us
[cefgetfile] Jitter (Var)              = 2730934 us
