[cefgetfile] Start
[cefgetfile] Parsing parameters ...OK
2026-03-17 12:24:11.001 [cefgetfile] INFO: [client] Config directory is ./h3
2026-03-17 12:24:11.001 [cefgetfile] INFO: [client] Local Socket Name is /tmp/cef_9695.3
2026-03-17 12:24:11.001 [cefgetfile] INFO: [client] Listen Port is 9695
[cefgetfile] Init Cefore Client package ... OK
[cefgetfile] Conversion from URI into Name ... OK
[cefgetfile] Checking the output file ... OK
[cefgetfile] Connect to cefnetd ... OK
[cefgetfile] URI=ccnx:/test/sample1
[cefgetfile] Start sending Interests
[cefgetfile] Completed to get all the chunks.
[cefgetfile] Unconnect to cefnetd ... OK
[cefgetfile] Terminate
[cefgetfile] Rx Frames (All)           = 424
[cefgetfile] Rx Frames (ContentObject) = 424
[cefgetfile] Rx Bytes (All)            = 444838
[cefgetfile] Rx Bytes (ContentObject)  = 433390
[cefgetfile] Duration                  = 0.038 sec
[cefgetfile] Throughput                = 96588426 bps
[cefgetfile] Goodput                   = 94102703 bps
[cefgetfile] Jitter (Ave)              = 86 us
[cefgetfile] Jitter (Max)              = 1551 us
[cefgetfile] Jitter (Var)              = 26406 us
