[cefgetfile] Start
[cefgetfile] Parsing parameters ...OK
2026-02-09 11:10:07.031 [cefgetfile] INFO: [client] Config directory is ./h2
2026-02-09 11:10:07.031 [cefgetfile] INFO: [client] Local Socket Name is /tmp/cef_9695.2
2026-02-09 11:10:07.031 [cefgetfile] INFO: [client] Listen Port is 9695
[cefgetfile] Init Cefore Client package ... OK
[cefgetfile] Conversion from URI into Name ... OK
[cefgetfile] Checking the output file ... OK
[cefgetfile] Connect to cefnetd ... OK
[cefgetfile] URI=ccnx:/test/data1
[cefgetfile] Start sending Interests
[cefgetfile] Completed to get all the chunks.
[cefgetfile] Unconnect to cefnetd ... OK
[cefgetfile] Terminate
[cefgetfile] Rx Frames (All)           = 123
[cefgetfile] Rx Frames (ContentObject) = 116
[cefgetfile] Rx Bytes (All)            = 128961
[cefgetfile] Rx Bytes (ContentObject)  = 118718
[cefgetfile] Duration                  = 13.948 sec
[cefgetfile] Throughput                = 73971 bps
[cefgetfile] Goodput                   = 68095 bps
[cefgetfile] Jitter (Ave)              = 120234 us
[cefgetfile] Jitter (Max)              = 2703511 us
[cefgetfile] Jitter (Var)              = 200119057575 us
