[cefgetfile] Start
[cefgetfile] Parsing parameters ...OK
2026-02-09 11:11:20.002 [cefgetfile] INFO: [client] Config directory is ./h8
2026-02-09 11:11:20.002 [cefgetfile] INFO: [client] Local Socket Name is /tmp/cef_9695.8
2026-02-09 11:11:20.002 [cefgetfile] INFO: [client] Listen Port is 9695
[cefgetfile] Init Cefore Client package ... OK
[cefgetfile] Conversion from URI into Name ... OK
[cefgetfile] Checking the output file ... OK
[cefgetfile] Connect to cefnetd ... OK
[cefgetfile] URI=ccnx:/emergency/test2
[cefgetfile] Start sending Interests
[cefgetfile] Completed to get all the chunks.
[cefgetfile] Unconnect to cefnetd ... OK
[cefgetfile] Terminate
[cefgetfile] Rx Frames (All)           = 581
[cefgetfile] Rx Frames (ContentObject) = 581
[cefgetfile] Rx Bytes (All)            = 612204
[cefgetfile] Rx Bytes (ContentObject)  = 594774
[cefgetfile] Duration                  = 0.172 sec
[cefgetfile] Throughput                = 28617191 bps
[cefgetfile] Goodput                   = 27802434 bps
[cefgetfile] Jitter (Ave)              = 294 us
[cefgetfile] Jitter (Max)              = 9558 us
[cefgetfile] Jitter (Var)              = 378445 us
