[cefgetfile] Start
[cefgetfile] Parsing parameters ...OK
2026-01-29 18:21:25.987 [cefgetfile] INFO: [client] Config directory is ./h4
2026-01-29 18:21:25.987 [cefgetfile] INFO: [client] Local Socket Name is /tmp/cef_9695.4
2026-01-29 18:21:25.987 [cefgetfile] INFO: [client] Listen Port is 9695
[cefgetfile] Init Cefore Client package ... OK
[cefgetfile] Conversion from URI into Name ... OK
[cefgetfile] Checking the output file ... OK
[cefgetfile] Connect to cefnetd ... OK
[cefgetfile] URI=ccnx:/test/experiment/content12
[cefgetfile] Start sending Interests
[cefgetfile] Completed to get all the chunks.
[cefgetfile] Unconnect to cefnetd ... OK
[cefgetfile] Terminate
[cefgetfile] Rx Frames (All)           = 424
[cefgetfile] Rx Frames (ContentObject) = 424
[cefgetfile] Rx Bytes (All)            = 451622
[cefgetfile] Rx Bytes (ContentObject)  = 433390
[cefgetfile] Duration                  = 0.595 sec
[cefgetfile] Throughput                = 6076558 bps
[cefgetfile] Goodput                   = 5831247 bps
[cefgetfile] Jitter (Ave)              = 1402 us
[cefgetfile] Jitter (Max)              = 217903 us
[cefgetfile] Jitter (Var)              = 113352870 us
