*** Creating network
*** Adding controller
*** Adding hosts:
h0 h1 h2 h3 h4 
*** Adding switches:
s0 s1 s2 s3 s4 
*** Adding links:
(h0, s1) (h0, s2) (h1, s0) (h1, s2) (h1, s3) (h1, s4) (h2, s0) (h2, s2) (h2, s3) (h3, s0) (h3, s2) (h3, s3) (h4, s0) (h4, s1) (h4, s2) (h4, s3) 
*** Configuring hosts
h0 h1 h2 h3 h4 
*** Starting controller
c0 
*** Starting 5 switches
s0 s1 s2 s3 s4 ...
*** Waiting for switches to connect
s0 s1 s2 s3 s4 
h1 command: ifconfig h1-eth0 192.168.1.2
h2 command: ifconfig h2-eth0 192.168.1.3
h3 command: ifconfig h3-eth0 192.168.1.4
h4 command: ifconfig h4-eth0 192.168.1.5
h0 command: ifconfig h0-eth0 192.168.2.1
h4 command: ifconfig h4-eth1 192.168.2.5
h0 command: ifconfig h0-eth1 192.168.3.1
h1 command: ifconfig h1-eth1 192.168.3.2
h2 command: ifconfig h2-eth1 192.168.3.3
h3 command: ifconfig h3-eth1 192.168.3.4
h4 command: ifconfig h4-eth2 192.168.3.5
h1 command: ifconfig h1-eth2 192.168.4.2
h2 command: ifconfig h2-eth2 192.168.4.3
h3 command: ifconfig h3-eth2 192.168.4.4
h4 command: ifconfig h4-eth3 192.168.4.5
h1 command: ifconfig h1-eth3 192.168.5.2
h0-eth0: flags=4163<UP,BROADCAST,RUNNING,MULTICAST>  mtu 1500
        inet 192.168.2.1  netmask 255.255.255.0  broadcast 192.168.2.255
        inet6 fe80::2830:f1ff:fe9d:5878  prefixlen 64  scopeid 0x20<link>
        ether 2a:30:f1:9d:58:78  txqueuelen 1000  (Ethernet)
        RX packets 11  bytes 1042 (1.0 KB)
        RX errors 0  dropped 0  overruns 0  frame 0
        TX packets 6  bytes 516 (516.0 B)
        TX errors 0  dropped 0 overruns 0  carrier 0  collisions 0

h0-eth1: flags=4163<UP,BROADCAST,RUNNING,MULTICAST>  mtu 1500
        inet 192.168.3.1  netmask 255.255.255.0  broadcast 192.168.3.255
        inet6 fe80::2069:f5ff:fe29:8f78  prefixlen 64  scopeid 0x20<link>
        ether 22:69:f5:29:8f:78  txqueuelen 1000  (Ethernet)
        RX packets 19  bytes 1754 (1.7 KB)
        RX errors 0  dropped 0  overruns 0  frame 0
        TX packets 3  bytes 266 (266.0 B)
        TX errors 0  dropped 0 overruns 0  carrier 0  collisions 0

lo: flags=73<UP,LOOPBACK,RUNNING>  mtu 65536
        inet 127.0.0.1  netmask 255.0.0.0
        inet6 ::1  prefixlen 128  scopeid 0x10<host>
        loop  txqueuelen 1000  (Local Loopback)
        RX packets 0  bytes 0 (0.0 B)
        RX errors 0  dropped 0  overruns 0  frame 0
        TX packets 0  bytes 0 (0.0 B)
        TX errors 0  dropped 0 overruns 0  carrier 0  collisions 0

h1-eth0: flags=4163<UP,BROADCAST,RUNNING,MULTICAST>  mtu 1500
        inet 192.168.1.2  netmask 255.255.255.0  broadcast 192.168.1.255
        inet6 fe80::806c:63ff:fe2d:936e  prefixlen 64  scopeid 0x20<link>
        ether 82:6c:63:2d:93:6e  txqueuelen 1000  (Ethernet)
        RX packets 15  bytes 1314 (1.3 KB)
        RX errors 0  dropped 0  overruns 0  frame 0
        TX packets 6  bytes 516 (516.0 B)
        TX errors 0  dropped 0 overruns 0  carrier 0  collisions 0

h1-eth1: flags=4163<UP,BROADCAST,RUNNING,MULTICAST>  mtu 1500
        inet 192.168.3.2  netmask 255.255.255.0  broadcast 192.168.3.255
        inet6 fe80::78a0:c2ff:fe52:6f12  prefixlen 64  scopeid 0x20<link>
        ether 7a:a0:c2:52:6f:12  txqueuelen 1000  (Ethernet)
        RX packets 14  bytes 1244 (1.2 KB)
        RX errors 0  dropped 0  overruns 0  frame 0
        TX packets 5  bytes 426 (426.0 B)
        TX errors 0  dropped 0 overruns 0  carrier 0  collisions 0

h1-eth2: flags=4163<UP,BROADCAST,RUNNING,MULTICAST>  mtu 1500
        inet 192.168.4.2  netmask 255.255.255.0  broadcast 192.168.4.255
        inet6 fe80::2899:e2ff:fef6:d866  prefixlen 64  scopeid 0x20<link>
        ether 2a:99:e2:f6:d8:66  txqueuelen 1000  (Ethernet)
        RX packets 14  bytes 1284 (1.2 KB)
        RX errors 0  dropped 0  overruns 0  frame 0
        TX packets 6  bytes 516 (516.0 B)
        TX errors 0  dropped 0 overruns 0  carrier 0  collisions 0

h1-eth3: flags=4163<UP,BROADCAST,RUNNING,MULTICAST>  mtu 1500
        inet 192.168.5.2  netmask 255.255.255.0  broadcast 192.168.5.255
        inet6 fe80::c039:66ff:fe9a:2bf1  prefixlen 64  scopeid 0x20<link>
        ether c2:39:66:9a:2b:f1  txqueuelen 1000  (Ethernet)
        RX packets 3  bytes 306 (306.0 B)
        RX errors 0  dropped 0  overruns 0  frame 0
        TX packets 6  bytes 516 (516.0 B)
        TX errors 0  dropped 0 overruns 0  carrier 0  collisions 0

lo: flags=73<UP,LOOPBACK,RUNNING>  mtu 65536
        inet 127.0.0.1  netmask 255.0.0.0
        inet6 ::1  prefixlen 128  scopeid 0x10<host>
        loop  txqueuelen 1000  (Local Loopback)
        RX packets 0  bytes 0 (0.0 B)
        RX errors 0  dropped 0  overruns 0  frame 0
        TX packets 0  bytes 0 (0.0 B)
        TX errors 0  dropped 0 overruns 0  carrier 0  collisions 0

h2-eth0: flags=4163<UP,BROADCAST,RUNNING,MULTICAST>  mtu 1500
        inet 192.168.1.3  netmask 255.255.255.0  broadcast 192.168.1.255
        inet6 fe80::9852:64ff:fe8b:d10a  prefixlen 64  scopeid 0x20<link>
        ether 9a:52:64:8b:d1:0a  txqueuelen 1000  (Ethernet)
        RX packets 18  bytes 1624 (1.6 KB)
        RX errors 0  dropped 0  overruns 0  frame 0
        TX packets 5  bytes 426 (426.0 B)
        TX errors 0  dropped 0 overruns 0  carrier 0  collisions 0

h2-eth1: flags=4163<UP,BROADCAST,RUNNING,MULTICAST>  mtu 1500
        inet 192.168.3.3  netmask 255.255.255.0  broadcast 192.168.3.255
        inet6 fe80::14cd:13ff:fe03:6cd5  prefixlen 64  scopeid 0x20<link>
        ether 16:cd:13:03:6c:d5  txqueuelen 1000  (Ethernet)
        RX packets 15  bytes 1330 (1.3 KB)
        RX errors 0  dropped 0  overruns 0  frame 0
        TX packets 5  bytes 426 (426.0 B)
        TX errors 0  dropped 0 overruns 0  carrier 0  collisions 0

h2-eth2: flags=4163<UP,BROADCAST,RUNNING,MULTICAST>  mtu 1500
        inet 192.168.4.3  netmask 255.255.255.0  broadcast 192.168.4.255
        inet6 fe80::6098:6aff:fe01:9b36  prefixlen 64  scopeid 0x20<link>
        ether 62:98:6a:01:9b:36  txqueuelen 1000  (Ethernet)
        RX packets 19  bytes 1714 (1.7 KB)
        RX errors 0  dropped 0  overruns 0  frame 0
        TX packets 3  bytes 266 (266.0 B)
        TX errors 0  dropped 0 overruns 0  carrier 0  collisions 0

lo: flags=73<UP,LOOPBACK,RUNNING>  mtu 65536
        inet 127.0.0.1  netmask 255.0.0.0
        inet6 ::1  prefixlen 128  scopeid 0x10<host>
        loop  txqueuelen 1000  (Local Loopback)
        RX packets 0  bytes 0 (0.0 B)
        RX errors 0  dropped 0  overruns 0  frame 0
        TX packets 0  bytes 0 (0.0 B)
        TX errors 0  dropped 0 overruns 0  carrier 0  collisions 0

h3-eth0: flags=4163<UP,BROADCAST,RUNNING,MULTICAST>  mtu 1500
        inet 192.168.1.4  netmask 255.255.255.0  broadcast 192.168.1.255
        inet6 fe80::608e:3bff:fe0f:d951  prefixlen 64  scopeid 0x20<link>
        ether 62:8e:3b:0f:d9:51  txqueuelen 1000  (Ethernet)
        RX packets 19  bytes 1714 (1.7 KB)
        RX errors 0  dropped 0  overruns 0  frame 0
        TX packets 5  bytes 426 (426.0 B)
        TX errors 0  dropped 0 overruns 0  carrier 0  collisions 0

h3-eth1: flags=4163<UP,BROADCAST,RUNNING,MULTICAST>  mtu 1500
        inet 192.168.3.4  netmask 255.255.255.0  broadcast 192.168.3.255
        inet6 fe80::80f4:aeff:fe7b:e5e3  prefixlen 64  scopeid 0x20<link>
        ether 82:f4:ae:7b:e5:e3  txqueuelen 1000  (Ethernet)
        RX packets 16  bytes 1404 (1.4 KB)
        RX errors 0  dropped 0  overruns 0  frame 0
        TX packets 3  bytes 266 (266.0 B)
        TX errors 0  dropped 0 overruns 0  carrier 0  collisions 0

h3-eth2: flags=4163<UP,BROADCAST,RUNNING,MULTICAST>  mtu 1500
        inet 192.168.4.4  netmask 255.255.255.0  broadcast 192.168.4.255
        inet6 fe80::a4c6:b7ff:febf:60ac  prefixlen 64  scopeid 0x20<link>
        ether a6:c6:b7:bf:60:ac  txqueuelen 1000  (Ethernet)
        RX packets 17  bytes 1594 (1.5 KB)
        RX errors 0  dropped 0  overruns 0  frame 0
        TX packets 5  bytes 426 (426.0 B)
        TX errors 0  dropped 0 overruns 0  carrier 0  collisions 0

lo: flags=73<UP,LOOPBACK,RUNNING>  mtu 65536
        inet 127.0.0.1  netmask 255.0.0.0
        inet6 ::1  prefixlen 128  scopeid 0x10<host>
        loop  txqueuelen 1000  (Local Loopback)
        RX packets 0  bytes 0 (0.0 B)
        RX errors 0  dropped 0  overruns 0  frame 0
        TX packets 0  bytes 0 (0.0 B)
        TX errors 0  dropped 0 overruns 0  carrier 0  collisions 0

h4-eth0: flags=4163<UP,BROADCAST,RUNNING,MULTICAST>  mtu 1500
        inet 192.168.1.5  netmask 255.255.255.0  broadcast 192.168.1.255
        inet6 fe80::90f8:c4ff:fe5a:6add  prefixlen 64  scopeid 0x20<link>
        ether 92:f8:c4:5a:6a:dd  txqueuelen 1000  (Ethernet)
        RX packets 16  bytes 1404 (1.4 KB)
        RX errors 0  dropped 0  overruns 0  frame 0
        TX packets 5  bytes 426 (426.0 B)
        TX errors 0  dropped 0 overruns 0  carrier 0  collisions 0

h4-eth1: flags=4163<UP,BROADCAST,RUNNING,MULTICAST>  mtu 1500
        inet 192.168.2.5  netmask 255.255.255.0  broadcast 192.168.2.255
        inet6 fe80::d810:8ff:fe2d:843f  prefixlen 64  scopeid 0x20<link>
        ether da:10:08:2d:84:3f  txqueuelen 1000  (Ethernet)
        RX packets 10  bytes 996 (996.0 B)
        RX errors 0  dropped 0  overruns 0  frame 0
        TX packets 6  bytes 516 (516.0 B)
        TX errors 0  dropped 0 overruns 0  carrier 0  collisions 0

h4-eth2: flags=4163<UP,BROADCAST,RUNNING,MULTICAST>  mtu 1500
        inet 192.168.3.5  netmask 255.255.255.0  broadcast 192.168.3.255
        inet6 fe80::73:12ff:fe5e:81f0  prefixlen 64  scopeid 0x20<link>
        ether 02:73:12:5e:81:f0  txqueuelen 1000  (Ethernet)
        RX packets 14  bytes 1244 (1.2 KB)
        RX errors 0  dropped 0  overruns 0  frame 0
        TX packets 5  bytes 426 (426.0 B)
        TX errors 0  dropped 0 overruns 0  carrier 0  collisions 0

h4-eth3: flags=4163<UP,BROADCAST,RUNNING,MULTICAST>  mtu 1500
        inet 192.168.4.5  netmask 255.255.255.0  broadcast 192.168.4.255
        inet6 fe80::707a:5dff:fe0e:6e18  prefixlen 64  scopeid 0x20<link>
        ether 72:7a:5d:0e:6e:18  txqueuelen 1000  (Ethernet)
        RX packets 14  bytes 1284 (1.2 KB)
        RX errors 0  dropped 0  overruns 0  frame 0
        TX packets 5  bytes 426 (426.0 B)
        TX errors 0  dropped 0 overruns 0  carrier 0  collisions 0

lo: flags=73<UP,LOOPBACK,RUNNING>  mtu 65536
        inet 127.0.0.1  netmask 255.0.0.0
        inet6 ::1  prefixlen 128  scopeid 0x10<host>
        loop  txqueuelen 1000  (Local Loopback)
        RX packets 0  bytes 0 (0.0 B)
        RX errors 0  dropped 0  overruns 0  frame 0
        TX packets 0  bytes 0 (0.0 B)
        TX errors 0  dropped 0 overruns 0  carrier 0  collisions 0

topology PNG saved to /home/kinoko/development/github/cefore-emu-koh11235813/out/smoke/run_0002/logs/ex2_seed43/topology.png
cache nodes: h0, h1
h0 command: csmgrdstart -d ./h0 > /dev/null 2>&1
h1 command: csmgrdstart -d ./h1 > /dev/null 2>&1
h0 command: cefnetdstart -d ./h0 > /dev/null 2>&1
h1 command: cefnetdstart -d ./h1 > /dev/null 2>&1
h2 command: cefnetdstart -d ./h2 > /dev/null 2>&1
h3 command: cefnetdstart -d ./h3 > /dev/null 2>&1
h4 command: cefnetdstart -d ./h4 > /dev/null 2>&1
h3 cefnetd not ready; check h3-cefnetd-log
h0 command: cefroute add ccnx:/test/sample udp 192.168.3.5 -d ./h0
2026-03-04 11:25:15.933 [cefctrl] INFO: [client] Config directory is ./h0
2026-03-04 11:25:15.933 [cefctrl] INFO: [client] Local Socket Name is /tmp/cef_9695.0
2026-03-04 11:25:15.933 [cefctrl] INFO: [client] Listen Port is 9695
done. (cefroute)
h0 command: cefroute add ccnx:/test/sample udp 192.168.3.2 -d ./h0
2026-03-04 11:25:15.935 [cefctrl] INFO: [client] Config directory is ./h0
2026-03-04 11:25:15.935 [cefctrl] INFO: [client] Local Socket Name is /tmp/cef_9695.0
2026-03-04 11:25:15.935 [cefctrl] INFO: [client] Listen Port is 9695
done. (cefroute)
h1 command: cefroute add ccnx:/test/sample udp 192.168.4.5 -d ./h1
2026-03-04 11:25:15.938 [cefctrl] INFO: [client] Config directory is ./h1
2026-03-04 11:25:15.938 [cefctrl] INFO: [client] Local Socket Name is /tmp/cef_9695.1
2026-03-04 11:25:15.938 [cefctrl] INFO: [client] Listen Port is 9695
done. (cefroute)
h1 command: cefroute add ccnx:/test/sample udp 192.168.3.1 -d ./h1
2026-03-04 11:25:15.940 [cefctrl] INFO: [client] Config directory is ./h1
2026-03-04 11:25:15.940 [cefctrl] INFO: [client] Local Socket Name is /tmp/cef_9695.1
2026-03-04 11:25:15.940 [cefctrl] INFO: [client] Listen Port is 9695
done. (cefroute)
h2 command: cefroute add ccnx:/test/sample udp 192.168.4.5 -d ./h2
2026-03-04 11:25:15.943 [cefctrl] INFO: [client] Config directory is ./h2
2026-03-04 11:25:15.943 [cefctrl] INFO: [client] Local Socket Name is /tmp/cef_9695.2
2026-03-04 11:25:15.943 [cefctrl] INFO: [client] Listen Port is 9695
done. (cefroute)
h2 command: cefroute add ccnx:/test/sample udp 192.168.3.1 -d ./h2
2026-03-04 11:25:15.945 [cefctrl] INFO: [client] Config directory is ./h2
2026-03-04 11:25:15.945 [cefctrl] INFO: [client] Local Socket Name is /tmp/cef_9695.2
2026-03-04 11:25:15.945 [cefctrl] INFO: [client] Listen Port is 9695
done. (cefroute)
h3 command: cefroute add ccnx:/test/sample udp 192.168.4.5 -d ./h3
2026-03-04 11:25:15.947 [cefctrl] INFO: [client] Config directory is ./h3
2026-03-04 11:25:15.947 [cefctrl] INFO: [client] Local Socket Name is /tmp/cef_9695.3
2026-03-04 11:25:15.947 [cefctrl] INFO: [client] Listen Port is 9695
2026-03-04 11:25:15.947 [cefctrl] ERROR: cef_client_connect (connect:No such file or directory)
[cef_ctrl] ERROR: Failed to connect to cefnetd.
h3 command: cefroute add ccnx:/test/sample udp 192.168.3.1 -d ./h3
2026-03-04 11:25:15.949 [cefctrl] INFO: [client] Config directory is ./h3
2026-03-04 11:25:15.949 [cefctrl] INFO: [client] Local Socket Name is /tmp/cef_9695.3
2026-03-04 11:25:15.949 [cefctrl] INFO: [client] Listen Port is 9695
2026-03-04 11:25:15.950 [cefctrl] ERROR: cef_client_connect (connect:No such file or directory)
[cef_ctrl] ERROR: Failed to connect to cefnetd.

FIB status per host:
h0 command: cefstatus -d ./h0
2026-03-04 11:25:15.952 [cefctrl] INFO: [client] Config directory is ./h0
2026-03-04 11:25:15.952 [cefctrl] INFO: [client] Local Socket Name is /tmp/cef_9695.0
2026-03-04 11:25:15.952 [cefctrl] INFO: [client] Listen Port is 9695
CCNx Version     : 1
Port             : 9695
Rx Interest      : 0 (RGL[0], SYM[0], SEL[0])
Tx Interest      : 0 (RGL[0], SYM[0], SEL[0])
Rx ContentObject : 0
Tx ContentObject : 0
Cache Mode       : Excache
FWD Strategy     : flooding
Interest Return  : Disabled
Faces : 8
  faceid =   4 : IPv4 Listen face (udp)
  faceid =  37 : Local face
  faceid =  36 : address = 192.168.3.2:9695 (udp)
  faceid =   5 : IPv6 Listen face (udp)
  faceid =  34 : address = 192.168.3.5:9695 (udp)
  faceid =   6 : IPv4 Listen face (tcp)
  faceid =   7 : IPv6 Listen face (tcp)
  faceid =   0 : Local face
FIB(App) :
  Entry is empty
FIB : 1
  ccnx:/test/sample
    Faces : 34 (-s-) RtCost=0 
            36 (-s-) RtCost=0 
PIT(App) :
  Entry is empty
PIT :
  Entry is empty
h1 command: cefstatus -d ./h1
2026-03-04 11:25:16.164 [cefctrl] INFO: [client] Config directory is ./h1
2026-03-04 11:25:16.164 [cefctrl] INFO: [client] Local Socket Name is /tmp/cef_9695.1
2026-03-04 11:25:16.164 [cefctrl] INFO: [client] Listen Port is 9695
CCNx Version     : 1
Port             : 9695
Rx Interest      : 0 (RGL[0], SYM[0], SEL[0])
Tx Interest      : 0 (RGL[0], SYM[0], SEL[0])
Rx ContentObject : 0
Tx ContentObject : 0
Cache Mode       : Excache
FWD Strategy     : flooding
Interest Return  : Disabled
Faces : 8
  faceid =  34 : address = 192.168.4.5:9695 (udp)
  faceid =   4 : IPv4 Listen face (udp)
  faceid =  37 : Local face
  faceid =   5 : IPv6 Listen face (udp)
  faceid =   0 : Local face
  faceid =   6 : IPv4 Listen face (tcp)
  faceid =  36 : address = 192.168.3.1:9695 (udp)
  faceid =   7 : IPv6 Listen face (tcp)
FIB(App) :
  Entry is empty
FIB : 1
  ccnx:/test/sample
    Faces : 34 (-s-) RtCost=0 
            36 (-s-) RtCost=0 
PIT(App) :
  Entry is empty
PIT :
  Entry is empty
h2 command: cefstatus -d ./h2
2026-03-04 11:25:16.377 [cefctrl] INFO: [client] Config directory is ./h2
2026-03-04 11:25:16.377 [cefctrl] INFO: [client] Local Socket Name is /tmp/cef_9695.2
2026-03-04 11:25:16.377 [cefctrl] INFO: [client] Listen Port is 9695
CCNx Version     : 1
Port             : 9695
Rx Interest      : 0 (RGL[0], SYM[0], SEL[0])
Tx Interest      : 0 (RGL[0], SYM[0], SEL[0])
Rx ContentObject : 0
Tx ContentObject : 0
Cache Mode       : Localcache
FWD Strategy     : flooding
Interest Return  : Disabled
Faces : 8
  faceid =  34 : address = 192.168.4.5:9695 (udp)
  faceid =   4 : IPv4 Listen face (udp)
  faceid =   0 : Local face
  faceid =  37 : Local face
  faceid =   5 : IPv6 Listen face (udp)
  faceid =   6 : IPv4 Listen face (tcp)
  faceid =  36 : address = 192.168.3.1:9695 (udp)
  faceid =   7 : IPv6 Listen face (tcp)
FIB(App) :
  Entry is empty
FIB : 1
  ccnx:/test/sample
    Faces : 34 (-s-) RtCost=0 
            36 (-s-) RtCost=0 
PIT(App) :
  Entry is empty
PIT :
  Entry is empty
h3 command: cefstatus -d ./h3
2026-03-04 11:25:16.590 [cefctrl] INFO: [client] Config directory is ./h3
2026-03-04 11:25:16.590 [cefctrl] INFO: [client] Local Socket Name is /tmp/cef_9695.3
2026-03-04 11:25:16.590 [cefctrl] INFO: [client] Listen Port is 9695
2026-03-04 11:25:16.590 [cefctrl] ERROR: cef_client_connect (connect:No such file or directory)
[cef_ctrl] ERROR: Failed to connect to cefnetd.
h4 command: cefstatus -d ./h4
2026-03-04 11:25:16.592 [cefctrl] INFO: [client] Config directory is ./h4
2026-03-04 11:25:16.592 [cefctrl] INFO: [client] Local Socket Name is /tmp/cef_9695.4
2026-03-04 11:25:16.592 [cefctrl] INFO: [client] Listen Port is 9695
CCNx Version     : 1
Port             : 9695
Rx Interest      : 0 (RGL[0], SYM[0], SEL[0])
Tx Interest      : 0 (RGL[0], SYM[0], SEL[0])
Rx ContentObject : 0
Tx ContentObject : 0
Cache Mode       : Localcache
FWD Strategy     : flooding
Interest Return  : Disabled
Faces : 6
  faceid =   0 : Local face
  faceid =   4 : IPv4 Listen face (udp)
  faceid =  33 : Local face
  faceid =   5 : IPv6 Listen face (udp)
  faceid =   6 : IPv4 Listen face (tcp)
  faceid =   7 : IPv6 Listen face (tcp)
FIB(App) :
  Entry is empty
FIB :
  Entry is empty
PIT(App) :
  Entry is empty
PIT :
  Entry is empty

Mesh topology (per-host tree view):
h0
|-- h1 (via s2)
|-- h2 (via s2)
|-- h3 (via s2)
`-- h4 (via s2)

h1
|-- h0 (via s2)
|-- h2 (via s3)
|-- h3 (via s3)
`-- h4 (via s3)

h2
|-- h0 (via s2)
|-- h1 (via s3)
|-- h3 (via s3)
`-- h4 (via s3)

h3
|-- h0 (via s2)
|-- h1 (via s3)
|-- h2 (via s3)
`-- h4 (via s3)

h4
|-- h0 (via s2)
|-- h1 (via s3)
|-- h2 (via s3)
`-- h3 (via s3)

> - Topology view as a single figure (adjacency matrix)
Mesh topology (adjacency matrix; cell = switch):
   h0 h1 h2 h3 h4
h0 .  s2 s2 s2 s2
h1 s2 .  s3 s3 s3
h2 s2 s3 .  s3 s3
h3 s2 s3 s3 .  s3
h4 s2 s3 s3 s3 . 

h4 command: cefputfile ccnx:/test/sample -f ./sample-putfile -r 10 -b 1024 -e 3000 -t 3000 -v crc32c -d ./h4 > /home/kinoko/development/github/cefore-emu-koh11235813/out/smoke/run_0002/logs/ex2_seed43/cefputfile_h4.log
h0 command: cefgetfile ccnx:/test/sample -f /home/kinoko/development/github/cefore-emu-koh11235813/out/smoke/run_0002/logs/ex2_seed43/warmup_recv_h0_u0 -d ./h0 > /home/kinoko/development/github/cefore-emu-koh11235813/out/smoke/run_0002/logs/ex2_seed43/cefgetfile_seed43_downhostsnone_phasewarmup_cycle0_idx0_h0.log
h1 command: cefgetfile ccnx:/test/sample -f /home/kinoko/development/github/cefore-emu-koh11235813/out/smoke/run_0002/logs/ex2_seed43/warmup_recv_h1_u0 -d ./h1 > /home/kinoko/development/github/cefore-emu-koh11235813/out/smoke/run_0002/logs/ex2_seed43/cefgetfile_seed43_downhostsnone_phasewarmup_cycle0_idx1_h1.log

[flap] down h2
h0 command: cefgetfile ccnx:/test/sample -f /home/kinoko/development/github/cefore-emu-koh11235813/out/smoke/run_0002/logs/ex2_seed43/eval_recvfile_h0_idx0 -d ./h0 > /home/kinoko/development/github/cefore-emu-koh11235813/out/smoke/run_0002/logs/ex2_seed43/cefgetfile_seed43_downhosts2_phaseeval_cycle0_idx0_h0.log
h0 command: cefgetfile ccnx:/test/sample -f /home/kinoko/development/github/cefore-emu-koh11235813/out/smoke/run_0002/logs/ex2_seed43/eval_recvfile_h0_idx0 -d ./h0 > /home/kinoko/development/github/cefore-emu-koh11235813/out/smoke/run_0002/logs/ex2_seed43/cefgetfile_seed43_downhosts2_phaseeval_cycle1_idx0_h0.log
h0 command: cefgetfile ccnx:/test/sample -f /home/kinoko/development/github/cefore-emu-koh11235813/out/smoke/run_0002/logs/ex2_seed43/eval_recvfile_h0_idx0 -d ./h0 > /home/kinoko/development/github/cefore-emu-koh11235813/out/smoke/run_0002/logs/ex2_seed43/cefgetfile_seed43_downhosts2_phaseeval_cycle2_idx0_h0.log
h0 command: cefgetfile ccnx:/test/sample -f /home/kinoko/development/github/cefore-emu-koh11235813/out/smoke/run_0002/logs/ex2_seed43/eval_recvfile_h0_idx0 -d ./h0 > /home/kinoko/development/github/cefore-emu-koh11235813/out/smoke/run_0002/logs/ex2_seed43/cefgetfile_seed43_downhosts2_phaseeval_cycle3_idx0_h0.log
h0 command: cefgetfile ccnx:/test/sample -f /home/kinoko/development/github/cefore-emu-koh11235813/out/smoke/run_0002/logs/ex2_seed43/eval_recvfile_h0_idx0 -d ./h0 > /home/kinoko/development/github/cefore-emu-koh11235813/out/smoke/run_0002/logs/ex2_seed43/cefgetfile_seed43_downhosts2_phaseeval_cycle4_idx0_h0.log
h0 command: cefgetfile ccnx:/test/sample -f /home/kinoko/development/github/cefore-emu-koh11235813/out/smoke/run_0002/logs/ex2_seed43/eval_recvfile_h0_idx0 -d ./h0 > /home/kinoko/development/github/cefore-emu-koh11235813/out/smoke/run_0002/logs/ex2_seed43/cefgetfile_seed43_downhosts2_phaseeval_cycle5_idx0_h0.log
h0 command: cefgetfile ccnx:/test/sample -f /home/kinoko/development/github/cefore-emu-koh11235813/out/smoke/run_0002/logs/ex2_seed43/eval_recvfile_h0_idx0 -d ./h0 > /home/kinoko/development/github/cefore-emu-koh11235813/out/smoke/run_0002/logs/ex2_seed43/cefgetfile_seed43_downhosts2_phaseeval_cycle6_idx0_h0.log
h0 command: cefgetfile ccnx:/test/sample -f /home/kinoko/development/github/cefore-emu-koh11235813/out/smoke/run_0002/logs/ex2_seed43/eval_recvfile_h0_idx0 -d ./h0 > /home/kinoko/development/github/cefore-emu-koh11235813/out/smoke/run_0002/logs/ex2_seed43/cefgetfile_seed43_downhosts2_phaseeval_cycle7_idx0_h0.log
h0 command: cefgetfile ccnx:/test/sample -f /home/kinoko/development/github/cefore-emu-koh11235813/out/smoke/run_0002/logs/ex2_seed43/eval_recvfile_h0_idx0 -d ./h0 > /home/kinoko/development/github/cefore-emu-koh11235813/out/smoke/run_0002/logs/ex2_seed43/cefgetfile_seed43_downhosts2_phaseeval_cycle8_idx0_h0.log
h0 command: cefgetfile ccnx:/test/sample -f /home/kinoko/development/github/cefore-emu-koh11235813/out/smoke/run_0002/logs/ex2_seed43/eval_recvfile_h0_idx0 -d ./h0 > /home/kinoko/development/github/cefore-emu-koh11235813/out/smoke/run_0002/logs/ex2_seed43/cefgetfile_seed43_downhosts2_phaseeval_cycle9_idx0_h0.log

[flap] up h2
h0 command: cefgetfile ccnx:/test/sample -f /home/kinoko/development/github/cefore-emu-koh11235813/out/smoke/run_0002/logs/ex2_seed43/eval_recvfile_h0_idx0 -d ./h0 > /home/kinoko/development/github/cefore-emu-koh11235813/out/smoke/run_0002/logs/ex2_seed43/cefgetfile_seed43_downhostsnone_phaseeval_cycle10_idx0_h0.log
h0 command: cefgetfile ccnx:/test/sample -f /home/kinoko/development/github/cefore-emu-koh11235813/out/smoke/run_0002/logs/ex2_seed43/eval_recvfile_h0_idx0 -d ./h0 > /home/kinoko/development/github/cefore-emu-koh11235813/out/smoke/run_0002/logs/ex2_seed43/cefgetfile_seed43_downhostsnone_phaseeval_cycle11_idx0_h0.log
h0 command: cefgetfile ccnx:/test/sample -f /home/kinoko/development/github/cefore-emu-koh11235813/out/smoke/run_0002/logs/ex2_seed43/eval_recvfile_h0_idx0 -d ./h0 > /home/kinoko/development/github/cefore-emu-koh11235813/out/smoke/run_0002/logs/ex2_seed43/cefgetfile_seed43_downhostsnone_phaseeval_cycle12_idx0_h0.log
h0 command: cefgetfile ccnx:/test/sample -f /home/kinoko/development/github/cefore-emu-koh11235813/out/smoke/run_0002/logs/ex2_seed43/eval_recvfile_h0_idx0 -d ./h0 > /home/kinoko/development/github/cefore-emu-koh11235813/out/smoke/run_0002/logs/ex2_seed43/cefgetfile_seed43_downhostsnone_phaseeval_cycle13_idx0_h0.log
h0 command: cefgetfile ccnx:/test/sample -f /home/kinoko/development/github/cefore-emu-koh11235813/out/smoke/run_0002/logs/ex2_seed43/eval_recvfile_h0_idx0 -d ./h0 > /home/kinoko/development/github/cefore-emu-koh11235813/out/smoke/run_0002/logs/ex2_seed43/cefgetfile_seed43_downhostsnone_phaseeval_cycle14_idx0_h0.log
h0 command: cefgetfile ccnx:/test/sample -f /home/kinoko/development/github/cefore-emu-koh11235813/out/smoke/run_0002/logs/ex2_seed43/eval_recvfile_h0_idx0 -d ./h0 > /home/kinoko/development/github/cefore-emu-koh11235813/out/smoke/run_0002/logs/ex2_seed43/cefgetfile_seed43_downhostsnone_phaseeval_cycle15_idx0_h0.log
h0 command: cefgetfile ccnx:/test/sample -f /home/kinoko/development/github/cefore-emu-koh11235813/out/smoke/run_0002/logs/ex2_seed43/eval_recvfile_h0_idx0 -d ./h0 > /home/kinoko/development/github/cefore-emu-koh11235813/out/smoke/run_0002/logs/ex2_seed43/cefgetfile_seed43_downhostsnone_phaseeval_cycle16_idx0_h0.log
h0 command: cefgetfile ccnx:/test/sample -f /home/kinoko/development/github/cefore-emu-koh11235813/out/smoke/run_0002/logs/ex2_seed43/eval_recvfile_h0_idx0 -d ./h0 > /home/kinoko/development/github/cefore-emu-koh11235813/out/smoke/run_0002/logs/ex2_seed43/cefgetfile_seed43_downhostsnone_phaseeval_cycle17_idx0_h0.log
h0 command: cefgetfile ccnx:/test/sample -f /home/kinoko/development/github/cefore-emu-koh11235813/out/smoke/run_0002/logs/ex2_seed43/eval_recvfile_h0_idx0 -d ./h0 > /home/kinoko/development/github/cefore-emu-koh11235813/out/smoke/run_0002/logs/ex2_seed43/cefgetfile_seed43_downhostsnone_phaseeval_cycle18_idx0_h0.log
hosts[ 0 ]: cefnetdstop -F -d ./h0 
hosts[ 1 ]: cefnetdstop -F -d ./h1 
hosts[ 2 ]: cefnetdstop -F -d ./h2 
hosts[ 3 ]: cefnetdstop -F -d ./h3 
hosts[ 4 ]: cefnetdstop -F -d ./h4 
hosts[ 0 ]: csmgrdstop -d ./h0 
hosts[ 1 ]: csmgrdstop -d ./h1 
*** Stopping 1 controllers
c0 
*** Stopping 16 links
................
*** Stopping 5 switches
s0 s1 s2 s3 s4 
*** Stopping 5 hosts
h0 h1 h2 h3 h4 
*** Done
*** Removing excess controllers/ofprotocols/ofdatapaths/pings/noxes
killall controller ofprotocol ofdatapath ping nox_corelt-nox_core ovs-openflowd ovs-controllerovs-testcontroller udpbwtest mnexec ivs ryu-manager 2> /dev/null
killall -9 controller ofprotocol ofdatapath ping nox_corelt-nox_core ovs-openflowd ovs-controllerovs-testcontroller udpbwtest mnexec ivs ryu-manager 2> /dev/null
pkill -9 -f "sudo mnexec"
*** Removing junk from /tmp
rm -f /tmp/vconn* /tmp/vlogs* /tmp/*.out /tmp/*.log
*** Removing old X11 tunnels
*** Removing excess kernel datapaths
ps ax | egrep -o 'dp[0-9]+' | sed 's/dp/nl:/'
***  Removing OVS datapaths
ovs-vsctl --timeout=1 list-br
ovs-vsctl --timeout=1 list-br
*** Removing all links of the pattern foo-ethX
ip link show | egrep -o '([-_.[:alnum:]]+-eth[[:digit:]]+)'
ip link show
*** Killing stale mininet node processes
pkill -9 -f mininet:
*** Shutting down stale tunnels
pkill -9 -f Tunnel=Ethernet
pkill -9 -f .ssh/mn
rm -f ~/.ssh/mn/*
*** Cleanup complete.
