*** Creating network
*** Adding controller
*** Adding hosts:
h0 h1 h2 h3 h4 h5 h6 h7 h8 h9 h10 h11 h12 h13 h14 h15 h16 h17 h18 h19 
*** Adding switches:
s0 s1 s2 s3 s4 s5 s6 s7 s8 s9 
*** Adding links:
(h0, s3) (h1, s5) (h1, s7) (h2, s0) (h2, s1) (h2, s7) (h3, s0) (h3, s3) (h4, s4) (h4, s8) (h5, s0) (h5, s2) (h5, s9) (h6, s1) (h6, s6) (h6, s7) (h7, s3) (h8, s4) (h9, s2) (h9, s7) (h10, s1) (h10, s8) Traceback (most recent call last):
  File "/home/yamakawa/Development/github/cefore-emu-koh11235813/mesh-disaster-topology.py", line 13, in <module>
    main()
  File "/home/yamakawa/Development/github/cefore-emu-koh11235813/src/topo/disaster.py", line 1109, in main
    run_disaster_topology(args, run_dir, log_context=log_context)
  File "/home/yamakawa/Development/github/cefore-emu-koh11235813/src/topo/disaster.py", line 618, in run_disaster_topology
    net = Mininet(topo=topo, link=TCLink, waitConnected=True)
          ^^^^^^^^^^^^^^^^^^^^^^^^^^^^^^^^^^^^^^^^^^^^^^^^^^^
  File "/home/yamakawa/Development/github/cefore-emu-koh11235813/.venv/lib/python3.12/site-packages/mininet/net.py", line 174, in __init__
    self.build()
  File "/home/yamakawa/Development/github/cefore-emu-koh11235813/.venv/lib/python3.12/site-packages/mininet/net.py", line 502, in build
    self.buildFromTopo( self.topo )
  File "/home/yamakawa/Development/github/cefore-emu-koh11235813/.venv/lib/python3.12/site-packages/mininet/net.py", line 489, in buildFromTopo
    self.addLink( **params )
  File "/home/yamakawa/Development/github/cefore-emu-koh11235813/.venv/lib/python3.12/site-packages/mininet/net.py", line 400, in addLink
    link = cls( node1, node2, **options )
           ^^^^^^^^^^^^^^^^^^^^^^^^^^^^^^
  File "/home/yamakawa/Development/github/cefore-emu-koh11235813/.venv/lib/python3.12/site-packages/mininet/link.py", line 557, in __init__
    Link.__init__( self, *args, **kwargs)
  File "/home/yamakawa/Development/github/cefore-emu-koh11235813/.venv/lib/python3.12/site-packages/mininet/link.py", line 450, in __init__
    self.makeIntfPair( intfName1, intfName2, addr1, addr2,
  File "/home/yamakawa/Development/github/cefore-emu-koh11235813/.venv/lib/python3.12/site-packages/mininet/link.py", line 495, in makeIntfPair
    return makeIntfPair( intfname1, intfname2, addr1, addr2, node1, node2,
           ^^^^^^^^^^^^^^^^^^^^^^^^^^^^^^^^^^^^^^^^^^^^^^^^^^^^^^^^^^^^^^^
  File "/home/yamakawa/Development/github/cefore-emu-koh11235813/.venv/lib/python3.12/site-packages/mininet/util.py", line 259, in makeIntfPair
    cmdOutput = runCmd( 'ip link add name %s '
                ^^^^^^^^^^^^^^^^^^^^^^^^^^^^^^
  File "/home/yamakawa/Development/github/cefore-emu-koh11235813/.venv/lib/python3.12/site-packages/mininet/node.py", line 377, in cmd
    return self.waitOutput( verbose )
           ^^^^^^^^^^^^^^^^^^^^^^^^^^
  File "/home/yamakawa/Development/github/cefore-emu-koh11235813/.venv/lib/python3.12/site-packages/mininet/node.py", line 364, in waitOutput
    data = self.monitor( findPid=findPid )
           ^^^^^^^^^^^^^^^^^^^^^^^^^^^^^^^
  File "/home/yamakawa/Development/github/cefore-emu-koh11235813/.venv/lib/python3.12/site-packages/mininet/node.py", line 331, in monitor
    data = self.read( 1024 )
           ^^^^^^^^^^^^^^^^^
  File "/home/yamakawa/Development/github/cefore-emu-koh11235813/.venv/lib/python3.12/site-packages/mininet/node.py", line 240, in read
    data = os.read( self.stdout.fileno(), size - count )
           ^^^^^^^^^^^^^^^^^^^^^^^^^^^^^^^^^^^^^^^^^^^^^
KeyboardInterrupt
