[cefputfile] Start
[cefputfile] Parsing parameters ... OK
2026-02-04 14:15:04.268 [cefputfile] INFO: [client] Config directory is ./h2
2026-02-04 14:15:04.268 [cefputfile] INFO: [client] Local Socket Name is /tmp/cef_9695.2
2026-02-04 14:15:04.268 [cefputfile] INFO: [client] Listen Port is 9695
[cefputfile] Init Cefore Client package ... OK
[cefputfile] Conversion from URI into Name ... OK
[cefputfile] Checking the input file ... OK
[cefputfile] Connect to cefnetd ... OK
[cefputfile] URI         = ccnx:/emergency/test
[cefputfile] File        = ./専攻科_論文.pdf
[cefputfile] Rate        = 10.000 Mbps
[cefputfile] Block Size  = 1024 Bytes
[cefputfile] Cache Time  = 5000 sec
[cefputfile] Expiration  = 5000 sec
[cefputfile] Start creating Content Objects
[cefputfile] Unconnect to cefnetd ... OK
[cefputfile] Terminate
[cefputfile] Tx Frames  = 1181
[cefputfile] Tx Bytes   = 1209309
[cefputfile] Duration   = 0.979 sec
[cefputfile] Throughput = 9892826 bps
