[cefgetfile] Start
[cefgetfile] Parsing parameters ...OK
2026-02-18 15:02:29.245 [cefgetfile] INFO: [client] Config directory is ./h9
2026-02-18 15:02:29.245 [cefgetfile] INFO: [client] Local Socket Name is /tmp/cef_9695.9
2026-02-18 15:02:29.245 [cefgetfile] INFO: [client] Listen Port is 9695
[cefgetfile] Init Cefore Client package ... OK
[cefgetfile] Conversion from URI into Name ... OK
[cefgetfile] Checking the output file ... OK
[cefgetfile] Connect to cefnetd ... OK
[cefgetfile] URI=ccnx:/video/stream/content2
[cefgetfile] Start sending Interests
[cefgetfile] Completed to get all the chunks.
[cefgetfile] Unconnect to cefnetd ... OK
[cefgetfile] Terminate
[cefgetfile] Rx Frames (All)           = 581
[cefgetfile] Rx Frames (ContentObject) = 581
[cefgetfile] Rx Bytes (All)            = 617433
[cefgetfile] Rx Bytes (ContentObject)  = 594774
[cefgetfile] Duration                  = 0.363 sec
[cefgetfile] Throughput                = 13646737 bps
[cefgetfile] Goodput                   = 13145919 bps
[cefgetfile] Jitter (Ave)              = 622 us
[cefgetfile] Jitter (Max)              = 94593 us
[cefgetfile] Jitter (Var)              = 15803511 us
