[cefgetfile] Start
[cefgetfile] Parsing parameters ...OK
2026-02-18 15:03:53.002 [cefgetfile] INFO: [client] Config directory is ./h9
2026-02-18 15:03:53.002 [cefgetfile] INFO: [client] Local Socket Name is /tmp/cef_9695.9
2026-02-18 15:03:53.002 [cefgetfile] INFO: [client] Listen Port is 9695
[cefgetfile] Init Cefore Client package ... OK
[cefgetfile] Conversion from URI into Name ... OK
[cefgetfile] Checking the output file ... OK
[cefgetfile] Connect to cefnetd ... OK
[cefgetfile] URI=ccnx:/test/data/content2
[cefgetfile] Start sending Interests
[cefgetfile] Completed to get all the chunks.
[cefgetfile] Unconnect to cefnetd ... OK
[cefgetfile] Terminate
[cefgetfile] Rx Frames (All)           = 847
[cefgetfile] Rx Frames (ContentObject) = 847
[cefgetfile] Rx Bytes (All)            = 463882
[cefgetfile] Rx Bytes (ContentObject)  = 433390
[cefgetfile] Duration                  = 0.105 sec
[cefgetfile] Throughput                = 35800270 bps
[cefgetfile] Goodput                   = 33447038 bps
[cefgetfile] Jitter (Ave)              = 122 us
[cefgetfile] Jitter (Max)              = 5728 us
[cefgetfile] Jitter (Var)              = 41224 us
