[cefgetfile] Start
[cefgetfile] Parsing parameters ...OK
2026-02-13 10:58:08.884 [cefgetfile] INFO: [client] Config directory is ./h0
2026-02-13 10:58:08.885 [cefgetfile] INFO: [client] Local Socket Name is /tmp/cef_9695.0
2026-02-13 10:58:08.885 [cefgetfile] INFO: [client] Listen Port is 9695
[cefgetfile] Init Cefore Client package ... OK
[cefgetfile] Conversion from URI into Name ... OK
[cefgetfile] Checking the output file ... OK
[cefgetfile] Connect to cefnetd ... OK
[cefgetfile] URI=ccnx:/test/data/content1
[cefgetfile] Start sending Interests
[cefgetfile] Completed to get all the chunks.
[cefgetfile] Unconnect to cefnetd ... OK
[cefgetfile] Terminate
[cefgetfile] Rx Frames (All)           = 848
[cefgetfile] Rx Frames (ContentObject) = 847
[cefgetfile] Rx Bytes (All)            = 464430
[cefgetfile] Rx Bytes (ContentObject)  = 433390
[cefgetfile] Duration                  = 19.442 sec
[cefgetfile] Throughput                = 191113 bps
[cefgetfile] Goodput                   = 178340 bps
[cefgetfile] Jitter (Ave)              = 22952 us
[cefgetfile] Jitter (Max)              = 4504566 us
[cefgetfile] Jitter (Var)              = 49581695024 us
