[cefpubfile] ERROR: Timeout. (the number of Trigger Interest retransmission has reached its limit.)
[cefpubfile] Start
[cefpubfile] Parsing parameters ... OK
[cefpubfile] URI         = ccnx:/emergency/alert/content1
[cefpubfile] File        = ./disk IO.png
[cefpubfile] Rate        = 100.000 Mbps
[cefpubfile] Block Size  = 2048 Bytes
[cefpubfile] Cache Time  = 10000 sec
[cefpubfile] Expiration  = 10000 sec
2026-02-18 15:02:06.901 [cefpubfile] INFO: [client] Config directory is ./h9
2026-02-18 15:02:06.901 [cefpubfile] INFO: [client] Local Socket Name is /tmp/cef_9695.9
2026-02-18 15:02:06.901 [cefpubfile] INFO: [client] Listen Port is 9695
[cefpubfile] Init Cefore Client package ... OK
[cefpubfile] Connect to cefnetd ... OK
[cefpubfile] Checking the input file ... OK
[RNP=0x4769e922f96464d35423d42d9553dfb7]
[cefpubfile] Upload push data to cefnetd ... OK
[cefpubfile] Send Trigger Interest.
[cefpubfile] Resend Trigger Interest.
[cefpubfile] Resend Trigger Interest.
[cefpubfile] Resend Trigger Interest.
[cefpubfile] Resend Trigger Interest.
[cefpubfile] Resend Trigger Interest.
