[cefputfile] Start
[cefputfile] Parsing parameters ... OK
2026-02-13 10:47:40.089 [cefputfile] INFO: [client] Config directory is ./h7
2026-02-13 10:47:40.089 [cefputfile] INFO: [client] Local Socket Name is /tmp/cef_9695.7
2026-02-13 10:47:40.089 [cefputfile] INFO: [client] Listen Port is 9695
[cefputfile] Init Cefore Client package ... OK
[cefputfile] Conversion from URI into Name ... OK
[cefputfile] Checking the input file ... OK
[cefputfile] Connect to cefnetd ... OK
[cefputfile] URI         = ccnx:/test/data/content1
[cefputfile] File        = ./sample-putfile
[cefputfile] Rate        = 1.000 Mbps
[cefputfile] Block Size  = 512 Bytes
[cefputfile] Cache Time  = 1000 sec
[cefputfile] Expiration  = 1000 sec
[cefputfile] Start creating Content Objects
[cefputfile] Unconnect to cefnetd ... OK
[cefputfile] Terminate
[cefputfile] Tx Frames  = 847
[cefputfile] Tx Bytes   = 433390
[cefputfile] Duration   = 3.479 sec
[cefputfile] Throughput = 996701 bps
