[cefsubfile] Start
[cefsubfile] Parsing parameters ...OK
[cefsubfile] Init Cefore Client package ... OK
[cefsubfile] Connect to cefnetd ... OK
[cefsubfile] Register fib entry to cefnetd ... OK (URI=ccnx:/emergency/alert/content2)
[cefsubfile] Completed. Get end chunk.
[cefsubfile] RNP=0xceee7c73b348eee62a6f445a6a4c4d9c
[cefsubfile] Outputfile: /home/yamakawa/Development/github/cefore-emu-koh11235813/logs/ex11_seed42/recv_7_content2/RNP0xceee7c73b348eee62a6f445a6a4c4d9c.out
[cefsubfile] Rx Frames (All)           = 2
[cefsubfile] Rx Frames (ContentObject) = 2
[cefsubfile] Rx Bytes (All)            = 3418
[cefsubfile] Rx Bytes (ContentObject)  = 3310
[cefsubfile] Duration                  = 0.017 sec
[cefsubfile] Throughput                = 1676106 bps
[cefsubfile] Goodput                   = 1623145 bps
[cefsubfile] Jitter (Ave)              = 8157 us
[cefsubfile] Jitter (Max)              = 16314 us
[cefsubfile] Jitter (Var)              = 66536649 us

[cefsubfile] RNP=0xceee7c73b348eee62a6f445a6a4c4d9c
[cefsubfile] Outputfile: /home/yamakawa/Development/github/cefore-emu-koh11235813/logs/ex11_seed42/recv_7_content2/RNP0xceee7c73b348eee62a6f445a6a4c4d9c.out
[cefsubfile] Rx Frames (All)           = 0
[cefsubfile] Rx Frames (ContentObject) = 0

