[cefsubfile] Start
[cefsubfile] Parsing parameters ...OK
[cefsubfile] Init Cefore Client package ... OK
[cefsubfile] Connect to cefnetd ... OK
[cefsubfile] Register fib entry to cefnetd ... OK (URI=ccnx:/emergency/alert/content1)
[cefsubfile] Completed. Get end chunk.
[cefsubfile] RNP=0xb12ec993797c88c96e1eb71a09e0e9a5
[cefsubfile] Outputfile: /home/yamakawa/Development/github/cefore-emu-koh11235813/logs/ex11_seed42/recv_16_content1/RNP0xb12ec993797c88c96e1eb71a09e0e9a5.out
[cefsubfile] Rx Frames (All)           = 1
[cefsubfile] Rx Frames (ContentObject) = 1
[cefsubfile] Rx Bytes (All)            = 1316
[cefsubfile] Rx Bytes (ContentObject)  = 1262
[cefsubfile] Duration                  = 0.000 sec
[cefsubfile] Jitter (Ave)              = 0 us
[cefsubfile] Jitter (Max)              = 0 us
[cefsubfile] Jitter (Var)              = 0 us

[cefsubfile] RNP=0xb12ec993797c88c96e1eb71a09e0e9a5
[cefsubfile] Outputfile: /home/yamakawa/Development/github/cefore-emu-koh11235813/logs/ex11_seed42/recv_16_content1/RNP0xb12ec993797c88c96e1eb71a09e0e9a5.out
[cefsubfile] Rx Frames (All)           = 0
[cefsubfile] Rx Frames (ContentObject) = 0

[cefsubfile] RNP=0xb12ec993797c88c96e1eb71a09e0e9a5
[cefsubfile] Outputfile: /home/yamakawa/Development/github/cefore-emu-koh11235813/logs/ex11_seed42/recv_16_content1/RNP0xb12ec993797c88c96e1eb71a09e0e9a5.out
[cefsubfile] Rx Frames (All)           = 0
[cefsubfile] Rx Frames (ContentObject) = 0

[cefsubfile] RNP=0xb12ec993797c88c96e1eb71a09e0e9a5
[cefsubfile] Outputfile: /home/yamakawa/Development/github/cefore-emu-koh11235813/logs/ex11_seed42/recv_16_content1/RNP0xb12ec993797c88c96e1eb71a09e0e9a5.out
[cefsubfile] Rx Frames (All)           = 0
[cefsubfile] Rx Frames (ContentObject) = 0

[cefsubfile] RNP=0xb12ec993797c88c96e1eb71a09e0e9a5
[cefsubfile] Outputfile: /home/yamakawa/Development/github/cefore-emu-koh11235813/logs/ex11_seed42/recv_16_content1/RNP0xb12ec993797c88c96e1eb71a09e0e9a5.out
[cefsubfile] Rx Frames (All)           = 0
[cefsubfile] Rx Frames (ContentObject) = 0

[cefsubfile] RNP=0xb12ec993797c88c96e1eb71a09e0e9a5
[cefsubfile] Outputfile: /home/yamakawa/Development/github/cefore-emu-koh11235813/logs/ex11_seed42/recv_16_content1/RNP0xb12ec993797c88c96e1eb71a09e0e9a5.out
[cefsubfile] Rx Frames (All)           = 0
[cefsubfile] Rx Frames (ContentObject) = 0

[cefsubfile] RNP=0xb12ec993797c88c96e1eb71a09e0e9a5
[cefsubfile] Outputfile: /home/yamakawa/Development/github/cefore-emu-koh11235813/logs/ex11_seed42/recv_16_content1/RNP0xb12ec993797c88c96e1eb71a09e0e9a5.out
[cefsubfile] Rx Frames (All)           = 0
[cefsubfile] Rx Frames (ContentObject) = 0

[cefsubfile] RNP=0xb12ec993797c88c96e1eb71a09e0e9a5
[cefsubfile] Outputfile: /home/yamakawa/Development/github/cefore-emu-koh11235813/logs/ex11_seed42/recv_16_content1/RNP0xb12ec993797c88c96e1eb71a09e0e9a5.out
[cefsubfile] Rx Frames (All)           = 0
[cefsubfile] Rx Frames (ContentObject) = 0

[cefsubfile] RNP=0xb12ec993797c88c96e1eb71a09e0e9a5
[cefsubfile] Outputfile: /home/yamakawa/Development/github/cefore-emu-koh11235813/logs/ex11_seed42/recv_16_content1/RNP0xb12ec993797c88c96e1eb71a09e0e9a5.out
[cefsubfile] Rx Frames (All)           = 0
[cefsubfile] Rx Frames (ContentObject) = 0

[cefsubfile] RNP=0xb12ec993797c88c96e1eb71a09e0e9a5
[cefsubfile] Outputfile: /home/yamakawa/Development/github/cefore-emu-koh11235813/logs/ex11_seed42/recv_16_content1/RNP0xb12ec993797c88c96e1eb71a09e0e9a5.out
[cefsubfile] Rx Frames (All)           = 0
[cefsubfile] Rx Frames (ContentObject) = 0

[cefsubfile] RNP=0xb12ec993797c88c96e1eb71a09e0e9a5
[cefsubfile] Outputfile: /home/yamakawa/Development/github/cefore-emu-koh11235813/logs/ex11_seed42/recv_16_content1/RNP0xb12ec993797c88c96e1eb71a09e0e9a5.out
[cefsubfile] Rx Frames (All)           = 0
[cefsubfile] Rx Frames (ContentObject) = 0

[cefsubfile] RNP=0xb12ec993797c88c96e1eb71a09e0e9a5
[cefsubfile] Outputfile: /home/yamakawa/Development/github/cefore-emu-koh11235813/logs/ex11_seed42/recv_16_content1/RNP0xb12ec993797c88c96e1eb71a09e0e9a5.out
[cefsubfile] Rx Frames (All)           = 0
[cefsubfile] Rx Frames (ContentObject) = 0

[cefsubfile] RNP=0xb12ec993797c88c96e1eb71a09e0e9a5
[cefsubfile] Outputfile: /home/yamakawa/Development/github/cefore-emu-koh11235813/logs/ex11_seed42/recv_16_content1/RNP0xb12ec993797c88c96e1eb71a09e0e9a5.out
[cefsubfile] Rx Frames (All)           = 0
[cefsubfile] Rx Frames (ContentObject) = 0

[cefsubfile] RNP=0xb12ec993797c88c96e1eb71a09e0e9a5
[cefsubfile] Outputfile: /home/yamakawa/Development/github/cefore-emu-koh11235813/logs/ex11_seed42/recv_16_content1/RNP0xb12ec993797c88c96e1eb71a09e0e9a5.out
[cefsubfile] Rx Frames (All)           = 0
[cefsubfile] Rx Frames (ContentObject) = 0

[cefsubfile] RNP=0xb12ec993797c88c96e1eb71a09e0e9a5
[cefsubfile] Outputfile: /home/yamakawa/Development/github/cefore-emu-koh11235813/logs/ex11_seed42/recv_16_content1/RNP0xb12ec993797c88c96e1eb71a09e0e9a5.out
[cefsubfile] Rx Frames (All)           = 0
[cefsubfile] Rx Frames (ContentObject) = 0

