[cefgetfile] Start
[cefgetfile] Parsing parameters ...OK
2026-02-12 10:43:34.778 [cefgetfile] INFO: [client] Config directory is ./h18
2026-02-12 10:43:34.778 [cefgetfile] INFO: [client] Local Socket Name is /tmp/cef_9695.18
2026-02-12 10:43:34.778 [cefgetfile] INFO: [client] Listen Port is 9695
[cefgetfile] Init Cefore Client package ... OK
[cefgetfile] Conversion from URI into Name ... OK
[cefgetfile] Checking the output file ... OK
[cefgetfile] Connect to cefnetd ... OK
[cefgetfile] URI=ccnx:/test/data/content2
[cefgetfile] Start sending Interests
2026-02-12 10:43:34.855 [cefgetfile] WARNING: Unknown VALIDATION_ALG:type=2, length=0
2026-02-12 10:43:34.859 [cefgetfile] WARNING: Unknown VALIDATION_ALG:type=2, length=0
2026-02-12 10:43:34.861 [cefgetfile] WARNING: Unknown VALIDATION_ALG:type=2, length=0
2026-02-12 10:43:34.864 [cefgetfile] WARNING: Unknown VALIDATION_ALG:type=2, length=0
2026-02-12 10:43:34.866 [cefgetfile] WARNING: Unknown VALIDATION_ALG:type=2, length=0
2026-02-12 10:43:34.866 [cefgetfile] WARNING: Unknown VALIDATION_ALG:type=2, length=0
2026-02-12 10:43:34.868 [cefgetfile] WARNING: Unknown VALIDATION_ALG:type=2, length=0
2026-02-12 10:43:34.869 [cefgetfile] WARNING: Unknown VALIDATION_ALG:type=2, length=0
2026-02-12 10:43:34.871 [cefgetfile] WARNING: Unknown VALIDATION_ALG:type=2, length=0
2026-02-12 10:43:34.871 [cefgetfile] WARNING: Unknown VALIDATION_ALG:type=2, length=0
2026-02-12 10:43:34.873 [cefgetfile] WARNING: Unknown VALIDATION_ALG:type=2, length=0
2026-02-12 10:43:34.874 [cefgetfile] WARNING: Unknown VALIDATION_ALG:type=2, length=0
2026-02-12 10:43:34.876 [cefgetfile] WARNING: Unknown VALIDATION_ALG:type=2, length=0
2026-02-12 10:43:34.876 [cefgetfile] WARNING: Unknown VALIDATION_ALG:type=2, length=0
2026-02-12 10:43:34.878 [cefgetfile] WARNING: Unknown VALIDATION_ALG:type=2, length=0
2026-02-12 10:43:34.879 [cefgetfile] WARNING: Unknown VALIDATION_ALG:type=2, length=0
2026-02-12 10:43:34.881 [cefgetfile] WARNING: Unknown VALIDATION_ALG:type=2, length=0
2026-02-12 10:43:34.881 [cefgetfile] WARNING: Unknown VALIDATION_ALG:type=2, length=0
2026-02-12 10:43:34.882 [cefgetfile] WARNING: Unknown VALIDATION_ALG:type=2, length=0
2026-02-12 10:43:34.883 [cefgetfile] WARNING: Unknown VALIDATION_ALG:type=2, length=0
2026-02-12 10:43:34.884 [cefgetfile] WARNING: Unknown VALIDATION_ALG:type=2, length=0
2026-02-12 10:43:34.885 [cefgetfile] WARNING: Unknown VALIDATION_ALG:type=2, length=0
2026-02-12 10:43:34.886 [cefgetfile] WARNING: Unknown VALIDATION_ALG:type=2, length=0
2026-02-12 10:43:34.887 [cefgetfile] WARNING: Unknown VALIDATION_ALG:type=2, length=0
2026-02-12 10:43:34.888 [cefgetfile] WARNING: Unknown VALIDATION_ALG:type=2, length=0
2026-02-12 10:43:34.889 [cefgetfile] WARNING: Unknown VALIDATION_ALG:type=2, length=0
2026-02-12 10:43:34.890 [cefgetfile] WARNING: Unknown VALIDATION_ALG:type=2, length=0
2026-02-12 10:43:34.891 [cefgetfile] WARNING: Unknown VALIDATION_ALG:type=2, length=0
2026-02-12 10:43:34.892 [cefgetfile] WARNING: Unknown VALIDATION_ALG:type=2, length=0
2026-02-12 10:43:34.893 [cefgetfile] WARNING: Unknown VALIDATION_ALG:type=2, length=0
2026-02-12 10:43:34.893 [cefgetfile] WARNING: Unknown VALIDATION_ALG:type=2, length=0
2026-02-12 10:43:34.895 [cefgetfile] WARNING: Unknown VALIDATION_ALG:type=2, length=0
2026-02-12 10:43:34.895 [cefgetfile] WARNING: Unknown VALIDATION_ALG:type=2, length=0
2026-02-12 10:43:34.896 [cefgetfile] WARNING: Unknown VALIDATION_ALG:type=2, length=0
2026-02-12 10:43:34.898 [cefgetfile] WARNING: Unknown VALIDATION_ALG:type=2, length=0
2026-02-12 10:43:34.898 [cefgetfile] WARNING: Unknown VALIDATION_ALG:type=2, length=0
2026-02-12 10:43:34.899 [cefgetfile] WARNING: Unknown VALIDATION_ALG:type=2, length=0
2026-02-12 10:43:34.900 [cefgetfile] WARNING: Unknown VALIDATION_ALG:type=2, length=0
2026-02-12 10:43:34.901 [cefgetfile] WARNING: Unknown VALIDATION_ALG:type=2, length=0
2026-02-12 10:43:34.902 [cefgetfile] WARNING: Unknown VALIDATION_ALG:type=2, length=0
2026-02-12 10:43:34.903 [cefgetfile] WARNING: Unknown VALIDATION_ALG:type=2, length=0
2026-02-12 10:43:34.903 [cefgetfile] WARNING: Unknown VALIDATION_ALG:type=2, length=0
2026-02-12 10:43:34.905 [cefgetfile] WARNING: Unknown VALIDATION_ALG:type=2, length=0
2026-02-12 10:43:34.908 [cefgetfile] WARNING: Unknown VALIDATION_ALG:type=2, length=0
2026-02-12 10:43:34.909 [cefgetfile] WARNING: Unknown VALIDATION_ALG:type=2, length=0
2026-02-12 10:43:34.912 [cefgetfile] WARNING: Unknown VALIDATION_ALG:type=2, length=0
2026-02-12 10:43:34.912 [cefgetfile] WARNING: Unknown VALIDATION_ALG:type=2, length=0
2026-02-12 10:43:34.915 [cefgetfile] WARNING: Unknown VALIDATION_ALG:type=2, length=0
2026-02-12 10:43:34.917 [cefgetfile] WARNING: Unknown VALIDATION_ALG:type=2, length=0
2026-02-12 10:43:34.918 [cefgetfile] WARNING: Unknown VALIDATION_ALG:type=2, length=0
2026-02-12 10:43:34.918 [cefgetfile] WARNING: Unknown VALIDATION_ALG:type=2, length=0
2026-02-12 10:43:34.920 [cefgetfile] WARNING: Unknown VALIDATION_ALG:type=2, length=0
2026-02-12 10:43:34.921 [cefgetfile] WARNING: Unknown VALIDATION_ALG:type=2, length=0
2026-02-12 10:43:34.922 [cefgetfile] WARNING: Unknown VALIDATION_ALG:type=2, length=0
2026-02-12 10:43:34.922 [cefgetfile] WARNING: Unknown VALIDATION_ALG:type=2, length=0
2026-02-12 10:43:34.923 [cefgetfile] WARNING: Unknown VALIDATION_ALG:type=2, length=0
2026-02-12 10:43:34.926 [cefgetfile] WARNING: Unknown VALIDATION_ALG:type=2, length=0
2026-02-12 10:43:34.927 [cefgetfile] WARNING: Unknown VALIDATION_ALG:type=2, length=0
2026-02-12 10:43:34.929 [cefgetfile] WARNING: Unknown VALIDATION_ALG:type=2, length=0
2026-02-12 10:43:34.931 [cefgetfile] WARNING: Unknown VALIDATION_ALG:type=2, length=0
2026-02-12 10:43:34.933 [cefgetfile] WARNING: Unknown VALIDATION_ALG:type=2, length=0
2026-02-12 10:43:34.935 [cefgetfile] WARNING: Unknown VALIDATION_ALG:type=2, length=0
2026-02-12 10:43:34.937 [cefgetfile] WARNING: Unknown VALIDATION_ALG:type=2, length=0
2026-02-12 10:43:34.939 [cefgetfile] WARNING: Unknown VALIDATION_ALG:type=2, length=0
2026-02-12 10:43:34.940 [cefgetfile] WARNING: Unknown VALIDATION_ALG:type=2, length=0
2026-02-12 10:43:34.942 [cefgetfile] WARNING: Unknown VALIDATION_ALG:type=2, length=0
2026-02-12 10:43:34.944 [cefgetfile] WARNING: Unknown VALIDATION_ALG:type=2, length=0
2026-02-12 10:43:34.945 [cefgetfile] WARNING: Unknown VALIDATION_ALG:type=2, length=0
2026-02-12 10:43:34.946 [cefgetfile] WARNING: Unknown VALIDATION_ALG:type=2, length=0
2026-02-12 10:43:34.948 [cefgetfile] WARNING: Unknown VALIDATION_ALG:type=2, length=0
2026-02-12 10:43:34.948 [cefgetfile] WARNING: Unknown VALIDATION_ALG:type=2, length=0
2026-02-12 10:43:34.949 [cefgetfile] WARNING: Unknown VALIDATION_ALG:type=2, length=0
2026-02-12 10:43:34.950 [cefgetfile] WARNING: Unknown VALIDATION_ALG:type=2, length=0
2026-02-12 10:43:34.952 [cefgetfile] WARNING: Unknown VALIDATION_ALG:type=2, length=0
2026-02-12 10:43:34.954 [cefgetfile] WARNING: Unknown VALIDATION_ALG:type=2, length=0
2026-02-12 10:43:34.957 [cefgetfile] WARNING: Unknown VALIDATION_ALG:type=2, length=0
2026-02-12 10:43:34.957 [cefgetfile] WARNING: Unknown VALIDATION_ALG:type=2, length=0
2026-02-12 10:43:34.960 [cefgetfile] WARNING: Unknown VALIDATION_ALG:type=2, length=0
2026-02-12 10:43:34.962 [cefgetfile] WARNING: Unknown VALIDATION_ALG:type=2, length=0
2026-02-12 10:43:34.963 [cefgetfile] WARNING: Unknown VALIDATION_ALG:type=2, length=0
2026-02-12 10:43:34.964 [cefgetfile] WARNING: Unknown VALIDATION_ALG:type=2, length=0
2026-02-12 10:43:34.967 [cefgetfile] WARNING: Unknown VALIDATION_ALG:type=2, length=0
2026-02-12 10:43:34.968 [cefgetfile] WARNING: Unknown VALIDATION_ALG:type=2, length=0
2026-02-12 10:43:34.969 [cefgetfile] WARNING: Unknown VALIDATION_ALG:type=2, length=0
2026-02-12 10:43:34.971 [cefgetfile] WARNING: Unknown VALIDATION_ALG:type=2, length=0
2026-02-12 10:43:34.973 [cefgetfile] WARNING: Unknown VALIDATION_ALG:type=2, length=0
2026-02-12 10:43:34.974 [cefgetfile] WARNING: Unknown VALIDATION_ALG:type=2, length=0
2026-02-12 10:43:34.976 [cefgetfile] WARNING: Unknown VALIDATION_ALG:type=2, length=0
2026-02-12 10:43:34.977 [cefgetfile] WARNING: Unknown VALIDATION_ALG:type=2, length=0
2026-02-12 10:43:34.978 [cefgetfile] WARNING: Unknown VALIDATION_ALG:type=2, length=0
2026-02-12 10:43:34.979 [cefgetfile] WARNING: Unknown VALIDATION_ALG:type=2, length=0
2026-02-12 10:43:34.981 [cefgetfile] WARNING: Unknown VALIDATION_ALG:type=2, length=0
2026-02-12 10:43:34.982 [cefgetfile] WARNING: Unknown VALIDATION_ALG:type=2, length=0
2026-02-12 10:43:34.983 [cefgetfile] WARNING: Unknown VALIDATION_ALG:type=2, length=0
2026-02-12 10:43:34.984 [cefgetfile] WARNING: Unknown VALIDATION_ALG:type=2, length=0
2026-02-12 10:43:34.985 [cefgetfile] WARNING: Unknown VALIDATION_ALG:type=2, length=0
2026-02-12 10:43:34.986 [cefgetfile] WARNING: Unknown VALIDATION_ALG:type=2, length=0
2026-02-12 10:43:34.986 [cefgetfile] WARNING: Unknown VALIDATION_ALG:type=2, length=0
2026-02-12 10:43:34.988 [cefgetfile] WARNING: Unknown VALIDATION_ALG:type=2, length=0
2026-02-12 10:43:34.989 [cefgetfile] WARNING: Unknown VALIDATION_ALG:type=2, length=0
2026-02-12 10:43:34.993 [cefgetfile] WARNING: Unknown VALIDATION_ALG:type=2, length=0
2026-02-12 10:43:34.996 [cefgetfile] WARNING: Unknown VALIDATION_ALG:type=2, length=0
2026-02-12 10:43:34.998 [cefgetfile] WARNING: Unknown VALIDATION_ALG:type=2, length=0
2026-02-12 10:43:35.000 [cefgetfile] WARNING: Unknown VALIDATION_ALG:type=2, length=0
2026-02-12 10:43:35.002 [cefgetfile] WARNING: Unknown VALIDATION_ALG:type=2, length=0
2026-02-12 10:43:35.004 [cefgetfile] WARNING: Unknown VALIDATION_ALG:type=2, length=0
2026-02-12 10:43:35.006 [cefgetfile] WARNING: Unknown VALIDATION_ALG:type=2, length=0
2026-02-12 10:43:35.008 [cefgetfile] WARNING: Unknown VALIDATION_ALG:type=2, length=0
2026-02-12 10:43:35.010 [cefgetfile] WARNING: Unknown VALIDATION_ALG:type=2, length=0
2026-02-12 10:43:35.011 [cefgetfile] WARNING: Unknown VALIDATION_ALG:type=2, length=0
2026-02-12 10:43:35.013 [cefgetfile] WARNING: Unknown VALIDATION_ALG:type=2, length=0
2026-02-12 10:43:35.016 [cefgetfile] WARNING: Unknown VALIDATION_ALG:type=2, length=0
2026-02-12 10:43:35.017 [cefgetfile] WARNING: Unknown VALIDATION_ALG:type=2, length=0
2026-02-12 10:43:35.018 [cefgetfile] WARNING: Unknown VALIDATION_ALG:type=2, length=0
2026-02-12 10:43:35.020 [cefgetfile] WARNING: Unknown VALIDATION_ALG:type=2, length=0
2026-02-12 10:43:35.020 [cefgetfile] WARNING: Unknown VALIDATION_ALG:type=2, length=0
2026-02-12 10:43:35.021 [cefgetfile] WARNING: Unknown VALIDATION_ALG:type=2, length=0
2026-02-12 10:43:35.023 [cefgetfile] WARNING: Unknown VALIDATION_ALG:type=2, length=0
2026-02-12 10:43:35.024 [cefgetfile] WARNING: Unknown VALIDATION_ALG:type=2, length=0
2026-02-12 10:43:35.026 [cefgetfile] WARNING: Unknown VALIDATION_ALG:type=2, length=0
2026-02-12 10:43:35.027 [cefgetfile] WARNING: Unknown VALIDATION_ALG:type=2, length=0
2026-02-12 10:43:35.030 [cefgetfile] WARNING: Unknown VALIDATION_ALG:type=2, length=0
2026-02-12 10:43:35.032 [cefgetfile] WARNING: Unknown VALIDATION_ALG:type=2, length=0
2026-02-12 10:43:35.036 [cefgetfile] WARNING: Unknown VALIDATION_ALG:type=2, length=0
2026-02-12 10:43:35.037 [cefgetfile] WARNING: Unknown VALIDATION_ALG:type=2, length=0
2026-02-12 10:43:35.041 [cefgetfile] WARNING: Unknown VALIDATION_ALG:type=2, length=0
2026-02-12 10:43:35.042 [cefgetfile] WARNING: Unknown VALIDATION_ALG:type=2, length=0
2026-02-12 10:43:35.044 [cefgetfile] WARNING: Unknown VALIDATION_ALG:type=2, length=0
2026-02-12 10:43:35.045 [cefgetfile] WARNING: Unknown VALIDATION_ALG:type=2, length=0
2026-02-12 10:43:35.047 [cefgetfile] WARNING: Unknown VALIDATION_ALG:type=2, length=0
2026-02-12 10:43:35.048 [cefgetfile] WARNING: Unknown VALIDATION_ALG:type=2, length=0
2026-02-12 10:43:35.049 [cefgetfile] WARNING: Unknown VALIDATION_ALG:type=2, length=0
2026-02-12 10:43:35.050 [cefgetfile] WARNING: Unknown VALIDATION_ALG:type=2, length=0
2026-02-12 10:43:35.051 [cefgetfile] WARNING: Unknown VALIDATION_ALG:type=2, length=0
2026-02-12 10:43:35.053 [cefgetfile] WARNING: Unknown VALIDATION_ALG:type=2, length=0
2026-02-12 10:43:35.054 [cefgetfile] WARNING: Unknown VALIDATION_ALG:type=2, length=0
2026-02-12 10:43:35.055 [cefgetfile] WARNING: Unknown VALIDATION_ALG:type=2, length=0
2026-02-12 10:43:35.056 [cefgetfile] WARNING: Unknown VALIDATION_ALG:type=2, length=0
2026-02-12 10:43:35.058 [cefgetfile] WARNING: Unknown VALIDATION_ALG:type=2, length=0
2026-02-12 10:43:35.059 [cefgetfile] WARNING: Unknown VALIDATION_ALG:type=2, length=0
2026-02-12 10:43:35.059 [cefgetfile] WARNING: Unknown VALIDATION_ALG:type=2, length=0
2026-02-12 10:43:35.060 [cefgetfile] WARNING: Unknown VALIDATION_ALG:type=2, length=0
2026-02-12 10:43:35.063 [cefgetfile] WARNING: Unknown VALIDATION_ALG:type=2, length=0
2026-02-12 10:43:35.064 [cefgetfile] WARNING: Unknown VALIDATION_ALG:type=2, length=0
2026-02-12 10:43:35.064 [cefgetfile] WARNING: Unknown VALIDATION_ALG:type=2, length=0
2026-02-12 10:43:35.065 [cefgetfile] WARNING: Unknown VALIDATION_ALG:type=2, length=0
2026-02-12 10:43:35.068 [cefgetfile] WARNING: Unknown VALIDATION_ALG:type=2, length=0
2026-02-12 10:43:35.069 [cefgetfile] WARNING: Unknown VALIDATION_ALG:type=2, length=0
2026-02-12 10:43:35.070 [cefgetfile] WARNING: Unknown VALIDATION_ALG:type=2, length=0
2026-02-12 10:43:35.072 [cefgetfile] WARNING: Unknown VALIDATION_ALG:type=2, length=0
2026-02-12 10:43:35.075 [cefgetfile] WARNING: Unknown VALIDATION_ALG:type=2, length=0
2026-02-12 10:43:35.077 [cefgetfile] WARNING: Unknown VALIDATION_ALG:type=2, length=0
2026-02-12 10:43:35.078 [cefgetfile] WARNING: Unknown VALIDATION_ALG:type=2, length=0
2026-02-12 10:43:35.080 [cefgetfile] WARNING: Unknown VALIDATION_ALG:type=2, length=0
2026-02-12 10:43:35.082 [cefgetfile] WARNING: Unknown VALIDATION_ALG:type=2, length=0
2026-02-12 10:43:35.084 [cefgetfile] WARNING: Unknown VALIDATION_ALG:type=2, length=0
2026-02-12 10:43:35.084 [cefgetfile] WARNING: Unknown VALIDATION_ALG:type=2, length=0
2026-02-12 10:43:35.086 [cefgetfile] WARNING: Unknown VALIDATION_ALG:type=2, length=0
2026-02-12 10:43:35.088 [cefgetfile] WARNING: Unknown VALIDATION_ALG:type=2, length=0
2026-02-12 10:43:35.089 [cefgetfile] WARNING: Unknown VALIDATION_ALG:type=2, length=0
2026-02-12 10:43:35.090 [cefgetfile] WARNING: Unknown VALIDATION_ALG:type=2, length=0
2026-02-12 10:43:35.091 [cefgetfile] WARNING: Unknown VALIDATION_ALG:type=2, length=0
2026-02-12 10:43:35.092 [cefgetfile] WARNING: Unknown VALIDATION_ALG:type=2, length=0
2026-02-12 10:43:35.093 [cefgetfile] WARNING: Unknown VALIDATION_ALG:type=2, length=0
2026-02-12 10:43:35.094 [cefgetfile] WARNING: Unknown VALIDATION_ALG:type=2, length=0
2026-02-12 10:43:35.095 [cefgetfile] WARNING: Unknown VALIDATION_ALG:type=2, length=0
2026-02-12 10:43:35.097 [cefgetfile] WARNING: Unknown VALIDATION_ALG:type=2, length=0
2026-02-12 10:43:35.099 [cefgetfile] WARNING: Unknown VALIDATION_ALG:type=2, length=0
2026-02-12 10:43:35.099 [cefgetfile] WARNING: Unknown VALIDATION_ALG:type=2, length=0
2026-02-12 10:43:35.100 [cefgetfile] WARNING: Unknown VALIDATION_ALG:type=2, length=0
2026-02-12 10:43:35.100 [cefgetfile] WARNING: Unknown VALIDATION_ALG:type=2, length=0
2026-02-12 10:43:35.103 [cefgetfile] WARNING: Unknown VALIDATION_ALG:type=2, length=0
2026-02-12 10:43:35.104 [cefgetfile] WARNING: Unknown VALIDATION_ALG:type=2, length=0
2026-02-12 10:43:35.105 [cefgetfile] WARNING: Unknown VALIDATION_ALG:type=2, length=0
2026-02-12 10:43:35.108 [cefgetfile] WARNING: Unknown VALIDATION_ALG:type=2, length=0
2026-02-12 10:43:35.112 [cefgetfile] WARNING: Unknown VALIDATION_ALG:type=2, length=0
2026-02-12 10:43:35.114 [cefgetfile] WARNING: Unknown VALIDATION_ALG:type=2, length=0
2026-02-12 10:43:35.116 [cefgetfile] WARNING: Unknown VALIDATION_ALG:type=2, length=0
2026-02-12 10:43:35.117 [cefgetfile] WARNING: Unknown VALIDATION_ALG:type=2, length=0
2026-02-12 10:43:35.119 [cefgetfile] WARNING: Unknown VALIDATION_ALG:type=2, length=0
2026-02-12 10:43:35.121 [cefgetfile] WARNING: Unknown VALIDATION_ALG:type=2, length=0
2026-02-12 10:43:35.123 [cefgetfile] WARNING: Unknown VALIDATION_ALG:type=2, length=0
2026-02-12 10:43:35.124 [cefgetfile] WARNING: Unknown VALIDATION_ALG:type=2, length=0
2026-02-12 10:43:35.126 [cefgetfile] WARNING: Unknown VALIDATION_ALG:type=2, length=0
2026-02-12 10:43:35.128 [cefgetfile] WARNING: Unknown VALIDATION_ALG:type=2, length=0
2026-02-12 10:43:35.129 [cefgetfile] WARNING: Unknown VALIDATION_ALG:type=2, length=0
2026-02-12 10:43:35.129 [cefgetfile] WARNING: Unknown VALIDATION_ALG:type=2, length=0
2026-02-12 10:43:35.131 [cefgetfile] WARNING: Unknown VALIDATION_ALG:type=2, length=0
2026-02-12 10:43:35.132 [cefgetfile] WARNING: Unknown VALIDATION_ALG:type=2, length=0
2026-02-12 10:43:35.133 [cefgetfile] WARNING: Unknown VALIDATION_ALG:type=2, length=0
2026-02-12 10:43:35.134 [cefgetfile] WARNING: Unknown VALIDATION_ALG:type=2, length=0
2026-02-12 10:43:35.135 [cefgetfile] WARNING: Unknown VALIDATION_ALG:type=2, length=0
2026-02-12 10:43:35.137 [cefgetfile] WARNING: Unknown VALIDATION_ALG:type=2, length=0
2026-02-12 10:43:35.137 [cefgetfile] WARNING: Unknown VALIDATION_ALG:type=2, length=0
2026-02-12 10:43:35.137 [cefgetfile] WARNING: Unknown VALIDATION_ALG:type=2, length=0
2026-02-12 10:43:35.139 [cefgetfile] WARNING: Unknown VALIDATION_ALG:type=2, length=0
2026-02-12 10:43:35.140 [cefgetfile] WARNING: Unknown VALIDATION_ALG:type=2, length=0
2026-02-12 10:43:35.143 [cefgetfile] WARNING: Unknown VALIDATION_ALG:type=2, length=0
2026-02-12 10:43:35.143 [cefgetfile] WARNING: Unknown VALIDATION_ALG:type=2, length=0
2026-02-12 10:43:35.145 [cefgetfile] WARNING: Unknown VALIDATION_ALG:type=2, length=0
2026-02-12 10:43:35.148 [cefgetfile] WARNING: Unknown VALIDATION_ALG:type=2, length=0
2026-02-12 10:43:35.149 [cefgetfile] WARNING: Unknown VALIDATION_ALG:type=2, length=0
2026-02-12 10:43:35.150 [cefgetfile] WARNING: Unknown VALIDATION_ALG:type=2, length=0
2026-02-12 10:43:35.152 [cefgetfile] WARNING: Unknown VALIDATION_ALG:type=2, length=0
2026-02-12 10:43:35.154 [cefgetfile] WARNING: Unknown VALIDATION_ALG:type=2, length=0
2026-02-12 10:43:35.156 [cefgetfile] WARNING: Unknown VALIDATION_ALG:type=2, length=0
2026-02-12 10:43:35.157 [cefgetfile] WARNING: Unknown VALIDATION_ALG:type=2, length=0
2026-02-12 10:43:35.159 [cefgetfile] WARNING: Unknown VALIDATION_ALG:type=2, length=0
2026-02-12 10:43:35.160 [cefgetfile] WARNING: Unknown VALIDATION_ALG:type=2, length=0
2026-02-12 10:43:35.162 [cefgetfile] WARNING: Unknown VALIDATION_ALG:type=2, length=0
2026-02-12 10:43:35.163 [cefgetfile] WARNING: Unknown VALIDATION_ALG:type=2, length=0
2026-02-12 10:43:35.164 [cefgetfile] WARNING: Unknown VALIDATION_ALG:type=2, length=0
2026-02-12 10:43:35.165 [cefgetfile] WARNING: Unknown VALIDATION_ALG:type=2, length=0
2026-02-12 10:43:35.167 [cefgetfile] WARNING: Unknown VALIDATION_ALG:type=2, length=0
2026-02-12 10:43:35.167 [cefgetfile] WARNING: Unknown VALIDATION_ALG:type=2, length=0
2026-02-12 10:43:35.168 [cefgetfile] WARNING: Unknown VALIDATION_ALG:type=2, length=0
2026-02-12 10:43:35.169 [cefgetfile] WARNING: Unknown VALIDATION_ALG:type=2, length=0
2026-02-12 10:43:35.170 [cefgetfile] WARNING: Unknown VALIDATION_ALG:type=2, length=0
2026-02-12 10:43:35.171 [cefgetfile] WARNING: Unknown VALIDATION_ALG:type=2, length=0
2026-02-12 10:43:35.171 [cefgetfile] WARNING: Unknown VALIDATION_ALG:type=2, length=0
2026-02-12 10:43:35.173 [cefgetfile] WARNING: Unknown VALIDATION_ALG:type=2, length=0
2026-02-12 10:43:35.173 [cefgetfile] WARNING: Unknown VALIDATION_ALG:type=2, length=0
2026-02-12 10:43:35.175 [cefgetfile] WARNING: Unknown VALIDATION_ALG:type=2, length=0
2026-02-12 10:43:35.177 [cefgetfile] WARNING: Unknown VALIDATION_ALG:type=2, length=0
2026-02-12 10:43:35.179 [cefgetfile] WARNING: Unknown VALIDATION_ALG:type=2, length=0
2026-02-12 10:43:35.180 [cefgetfile] WARNING: Unknown VALIDATION_ALG:type=2, length=0
2026-02-12 10:43:35.183 [cefgetfile] WARNING: Unknown VALIDATION_ALG:type=2, length=0
2026-02-12 10:43:35.185 [cefgetfile] WARNING: Unknown VALIDATION_ALG:type=2, length=0
2026-02-12 10:43:35.187 [cefgetfile] WARNING: Unknown VALIDATION_ALG:type=2, length=0
2026-02-12 10:43:35.188 [cefgetfile] WARNING: Unknown VALIDATION_ALG:type=2, length=0
2026-02-12 10:43:35.190 [cefgetfile] WARNING: Unknown VALIDATION_ALG:type=2, length=0
2026-02-12 10:43:35.191 [cefgetfile] WARNING: Unknown VALIDATION_ALG:type=2, length=0
2026-02-12 10:43:35.192 [cefgetfile] WARNING: Unknown VALIDATION_ALG:type=2, length=0
2026-02-12 10:43:35.193 [cefgetfile] WARNING: Unknown VALIDATION_ALG:type=2, length=0
2026-02-12 10:43:35.194 [cefgetfile] WARNING: Unknown VALIDATION_ALG:type=2, length=0
2026-02-12 10:43:35.195 [cefgetfile] WARNING: Unknown VALIDATION_ALG:type=2, length=0
2026-02-12 10:43:35.197 [cefgetfile] WARNING: Unknown VALIDATION_ALG:type=2, length=0
2026-02-12 10:43:35.198 [cefgetfile] WARNING: Unknown VALIDATION_ALG:type=2, length=0
2026-02-12 10:43:35.199 [cefgetfile] WARNING: Unknown VALIDATION_ALG:type=2, length=0
2026-02-12 10:43:35.200 [cefgetfile] WARNING: Unknown VALIDATION_ALG:type=2, length=0
2026-02-12 10:43:35.201 [cefgetfile] WARNING: Unknown VALIDATION_ALG:type=2, length=0
2026-02-12 10:43:35.202 [cefgetfile] WARNING: Unknown VALIDATION_ALG:type=2, length=0
2026-02-12 10:43:35.202 [cefgetfile] WARNING: Unknown VALIDATION_ALG:type=2, length=0
2026-02-12 10:43:35.203 [cefgetfile] WARNING: Unknown VALIDATION_ALG:type=2, length=0
2026-02-12 10:43:35.205 [cefgetfile] WARNING: Unknown VALIDATION_ALG:type=2, length=0
2026-02-12 10:43:35.206 [cefgetfile] WARNING: Unknown VALIDATION_ALG:type=2, length=0
2026-02-12 10:43:35.206 [cefgetfile] WARNING: Unknown VALIDATION_ALG:type=2, length=0
2026-02-12 10:43:35.209 [cefgetfile] WARNING: Unknown VALIDATION_ALG:type=2, length=0
2026-02-12 10:43:35.210 [cefgetfile] WARNING: Unknown VALIDATION_ALG:type=2, length=0
2026-02-12 10:43:35.210 [cefgetfile] WARNING: Unknown VALIDATION_ALG:type=2, length=0
2026-02-12 10:43:35.213 [cefgetfile] WARNING: Unknown VALIDATION_ALG:type=2, length=0
2026-02-12 10:43:35.216 [cefgetfile] WARNING: Unknown VALIDATION_ALG:type=2, length=0
2026-02-12 10:43:35.216 [cefgetfile] WARNING: Unknown VALIDATION_ALG:type=2, length=0
2026-02-12 10:43:35.218 [cefgetfile] WARNING: Unknown VALIDATION_ALG:type=2, length=0
2026-02-12 10:43:35.220 [cefgetfile] WARNING: Unknown VALIDATION_ALG:type=2, length=0
2026-02-12 10:43:35.222 [cefgetfile] WARNING: Unknown VALIDATION_ALG:type=2, length=0
2026-02-12 10:43:35.222 [cefgetfile] WARNING: Unknown VALIDATION_ALG:type=2, length=0
2026-02-12 10:43:35.224 [cefgetfile] WARNING: Unknown VALIDATION_ALG:type=2, length=0
2026-02-12 10:43:35.226 [cefgetfile] WARNING: Unknown VALIDATION_ALG:type=2, length=0
2026-02-12 10:43:35.227 [cefgetfile] WARNING: Unknown VALIDATION_ALG:type=2, length=0
2026-02-12 10:43:35.227 [cefgetfile] WARNING: Unknown VALIDATION_ALG:type=2, length=0
2026-02-12 10:43:35.228 [cefgetfile] WARNING: Unknown VALIDATION_ALG:type=2, length=0
2026-02-12 10:43:35.230 [cefgetfile] WARNING: Unknown VALIDATION_ALG:type=2, length=0
2026-02-12 10:43:35.231 [cefgetfile] WARNING: Unknown VALIDATION_ALG:type=2, length=0
2026-02-12 10:43:35.232 [cefgetfile] WARNING: Unknown VALIDATION_ALG:type=2, length=0
2026-02-12 10:43:35.234 [cefgetfile] WARNING: Unknown VALIDATION_ALG:type=2, length=0
2026-02-12 10:43:35.234 [cefgetfile] WARNING: Unknown VALIDATION_ALG:type=2, length=0
2026-02-12 10:43:35.235 [cefgetfile] WARNING: Unknown VALIDATION_ALG:type=2, length=0
2026-02-12 10:43:35.237 [cefgetfile] WARNING: Unknown VALIDATION_ALG:type=2, length=0
2026-02-12 10:43:35.242 [cefgetfile] WARNING: Unknown VALIDATION_ALG:type=2, length=0
2026-02-12 10:43:35.244 [cefgetfile] WARNING: Unknown VALIDATION_ALG:type=2, length=0
2026-02-12 10:43:35.245 [cefgetfile] WARNING: Unknown VALIDATION_ALG:type=2, length=0
2026-02-12 10:43:35.246 [cefgetfile] WARNING: Unknown VALIDATION_ALG:type=2, length=0
2026-02-12 10:43:35.248 [cefgetfile] WARNING: Unknown VALIDATION_ALG:type=2, length=0
2026-02-12 10:43:35.248 [cefgetfile] WARNING: Unknown VALIDATION_ALG:type=2, length=0
2026-02-12 10:43:35.249 [cefgetfile] WARNING: Unknown VALIDATION_ALG:type=2, length=0
2026-02-12 10:43:35.250 [cefgetfile] WARNING: Unknown VALIDATION_ALG:type=2, length=0
2026-02-12 10:43:35.251 [cefgetfile] WARNING: Unknown VALIDATION_ALG:type=2, length=0
2026-02-12 10:43:35.252 [cefgetfile] WARNING: Unknown VALIDATION_ALG:type=2, length=0
2026-02-12 10:43:35.253 [cefgetfile] WARNING: Unknown VALIDATION_ALG:type=2, length=0
2026-02-12 10:43:35.253 [cefgetfile] WARNING: Unknown VALIDATION_ALG:type=2, length=0
2026-02-12 10:43:35.255 [cefgetfile] WARNING: Unknown VALIDATION_ALG:type=2, length=0
2026-02-12 10:43:35.256 [cefgetfile] WARNING: Unknown VALIDATION_ALG:type=2, length=0
2026-02-12 10:43:35.257 [cefgetfile] WARNING: Unknown VALIDATION_ALG:type=2, length=0
2026-02-12 10:43:35.257 [cefgetfile] WARNING: Unknown VALIDATION_ALG:type=2, length=0
2026-02-12 10:43:35.259 [cefgetfile] WARNING: Unknown VALIDATION_ALG:type=2, length=0
2026-02-12 10:43:35.259 [cefgetfile] WARNING: Unknown VALIDATION_ALG:type=2, length=0
2026-02-12 10:43:35.260 [cefgetfile] WARNING: Unknown VALIDATION_ALG:type=2, length=0
2026-02-12 10:43:35.261 [cefgetfile] WARNING: Unknown VALIDATION_ALG:type=2, length=0
2026-02-12 10:43:35.262 [cefgetfile] WARNING: Unknown VALIDATION_ALG:type=2, length=0
2026-02-12 10:43:35.263 [cefgetfile] WARNING: Unknown VALIDATION_ALG:type=2, length=0
2026-02-12 10:43:35.263 [cefgetfile] WARNING: Unknown VALIDATION_ALG:type=2, length=0
2026-02-12 10:43:35.264 [cefgetfile] WARNING: Unknown VALIDATION_ALG:type=2, length=0
2026-02-12 10:43:35.265 [cefgetfile] WARNING: Unknown VALIDATION_ALG:type=2, length=0
2026-02-12 10:43:35.267 [cefgetfile] WARNING: Unknown VALIDATION_ALG:type=2, length=0
2026-02-12 10:43:35.267 [cefgetfile] WARNING: Unknown VALIDATION_ALG:type=2, length=0
2026-02-12 10:43:35.268 [cefgetfile] WARNING: Unknown VALIDATION_ALG:type=2, length=0
2026-02-12 10:43:35.268 [cefgetfile] WARNING: Unknown VALIDATION_ALG:type=2, length=0
2026-02-12 10:43:35.269 [cefgetfile] WARNING: Unknown VALIDATION_ALG:type=2, length=0
2026-02-12 10:43:35.272 [cefgetfile] WARNING: Unknown VALIDATION_ALG:type=2, length=0
2026-02-12 10:43:35.274 [cefgetfile] WARNING: Unknown VALIDATION_ALG:type=2, length=0
2026-02-12 10:43:35.275 [cefgetfile] WARNING: Unknown VALIDATION_ALG:type=2, length=0
2026-02-12 10:43:35.277 [cefgetfile] WARNING: Unknown VALIDATION_ALG:type=2, length=0
2026-02-12 10:43:35.281 [cefgetfile] WARNING: Unknown VALIDATION_ALG:type=2, length=0
2026-02-12 10:43:35.283 [cefgetfile] WARNING: Unknown VALIDATION_ALG:type=2, length=0
2026-02-12 10:43:35.285 [cefgetfile] WARNING: Unknown VALIDATION_ALG:type=2, length=0
2026-02-12 10:43:35.287 [cefgetfile] WARNING: Unknown VALIDATION_ALG:type=2, length=0
2026-02-12 10:43:35.292 [cefgetfile] WARNING: Unknown VALIDATION_ALG:type=2, length=0
2026-02-12 10:43:35.294 [cefgetfile] WARNING: Unknown VALIDATION_ALG:type=2, length=0
2026-02-12 10:43:35.296 [cefgetfile] WARNING: Unknown VALIDATION_ALG:type=2, length=0
2026-02-12 10:43:35.298 [cefgetfile] WARNING: Unknown VALIDATION_ALG:type=2, length=0
2026-02-12 10:43:35.301 [cefgetfile] WARNING: Unknown VALIDATION_ALG:type=2, length=0
2026-02-12 10:43:35.303 [cefgetfile] WARNING: Unknown VALIDATION_ALG:type=2, length=0
2026-02-12 10:43:35.304 [cefgetfile] WARNING: Unknown VALIDATION_ALG:type=2, length=0
2026-02-12 10:43:35.305 [cefgetfile] WARNING: Unknown VALIDATION_ALG:type=2, length=0
2026-02-12 10:43:35.306 [cefgetfile] WARNING: Unknown VALIDATION_ALG:type=2, length=0
2026-02-12 10:43:35.307 [cefgetfile] WARNING: Unknown VALIDATION_ALG:type=2, length=0
2026-02-12 10:43:35.308 [cefgetfile] WARNING: Unknown VALIDATION_ALG:type=2, length=0
2026-02-12 10:43:35.308 [cefgetfile] WARNING: Unknown VALIDATION_ALG:type=2, length=0
2026-02-12 10:43:35.310 [cefgetfile] WARNING: Unknown VALIDATION_ALG:type=2, length=0
2026-02-12 10:43:35.311 [cefgetfile] WARNING: Unknown VALIDATION_ALG:type=2, length=0
2026-02-12 10:43:35.312 [cefgetfile] WARNING: Unknown VALIDATION_ALG:type=2, length=0
2026-02-12 10:43:35.312 [cefgetfile] WARNING: Unknown VALIDATION_ALG:type=2, length=0
2026-02-12 10:43:35.313 [cefgetfile] WARNING: Unknown VALIDATION_ALG:type=2, length=0
2026-02-12 10:43:35.314 [cefgetfile] WARNING: Unknown VALIDATION_ALG:type=2, length=0
2026-02-12 10:43:35.314 [cefgetfile] WARNING: Unknown VALIDATION_ALG:type=2, length=0
2026-02-12 10:43:35.315 [cefgetfile] WARNING: Unknown VALIDATION_ALG:type=2, length=0
2026-02-12 10:43:35.316 [cefgetfile] WARNING: Unknown VALIDATION_ALG:type=2, length=0
2026-02-12 10:43:35.317 [cefgetfile] WARNING: Unknown VALIDATION_ALG:type=2, length=0
2026-02-12 10:43:35.317 [cefgetfile] WARNING: Unknown VALIDATION_ALG:type=2, length=0
2026-02-12 10:43:35.318 [cefgetfile] WARNING: Unknown VALIDATION_ALG:type=2, length=0
2026-02-12 10:43:35.319 [cefgetfile] WARNING: Unknown VALIDATION_ALG:type=2, length=0
2026-02-12 10:43:35.320 [cefgetfile] WARNING: Unknown VALIDATION_ALG:type=2, length=0
2026-02-12 10:43:35.321 [cefgetfile] WARNING: Unknown VALIDATION_ALG:type=2, length=0
2026-02-12 10:43:35.322 [cefgetfile] WARNING: Unknown VALIDATION_ALG:type=2, length=0
2026-02-12 10:43:35.322 [cefgetfile] WARNING: Unknown VALIDATION_ALG:type=2, length=0
2026-02-12 10:43:35.323 [cefgetfile] WARNING: Unknown VALIDATION_ALG:type=2, length=0
2026-02-12 10:43:35.324 [cefgetfile] WARNING: Unknown VALIDATION_ALG:type=2, length=0
2026-02-12 10:43:35.325 [cefgetfile] WARNING: Unknown VALIDATION_ALG:type=2, length=0
2026-02-12 10:43:35.326 [cefgetfile] WARNING: Unknown VALIDATION_ALG:type=2, length=0
2026-02-12 10:43:35.328 [cefgetfile] WARNING: Unknown VALIDATION_ALG:type=2, length=0
2026-02-12 10:43:35.328 [cefgetfile] WARNING: Unknown VALIDATION_ALG:type=2, length=0
2026-02-12 10:43:35.329 [cefgetfile] WARNING: Unknown VALIDATION_ALG:type=2, length=0
2026-02-12 10:43:35.329 [cefgetfile] WARNING: Unknown VALIDATION_ALG:type=2, length=0
2026-02-12 10:43:35.331 [cefgetfile] WARNING: Unknown VALIDATION_ALG:type=2, length=0
2026-02-12 10:43:35.331 [cefgetfile] WARNING: Unknown VALIDATION_ALG:type=2, length=0
2026-02-12 10:43:35.332 [cefgetfile] WARNING: Unknown VALIDATION_ALG:type=2, length=0
2026-02-12 10:43:35.333 [cefgetfile] WARNING: Unknown VALIDATION_ALG:type=2, length=0
2026-02-12 10:43:35.334 [cefgetfile] WARNING: Unknown VALIDATION_ALG:type=2, length=0
2026-02-12 10:43:35.335 [cefgetfile] WARNING: Unknown VALIDATION_ALG:type=2, length=0
2026-02-12 10:43:35.335 [cefgetfile] WARNING: Unknown VALIDATION_ALG:type=2, length=0
2026-02-12 10:43:35.336 [cefgetfile] WARNING: Unknown VALIDATION_ALG:type=2, length=0
2026-02-12 10:43:35.337 [cefgetfile] WARNING: Unknown VALIDATION_ALG:type=2, length=0
2026-02-12 10:43:35.338 [cefgetfile] WARNING: Unknown VALIDATION_ALG:type=2, length=0
2026-02-12 10:43:35.339 [cefgetfile] WARNING: Unknown VALIDATION_ALG:type=2, length=0
2026-02-12 10:43:35.339 [cefgetfile] WARNING: Unknown VALIDATION_ALG:type=2, length=0
2026-02-12 10:43:35.341 [cefgetfile] WARNING: Unknown VALIDATION_ALG:type=2, length=0
2026-02-12 10:43:35.342 [cefgetfile] WARNING: Unknown VALIDATION_ALG:type=2, length=0
2026-02-12 10:43:35.343 [cefgetfile] WARNING: Unknown VALIDATION_ALG:type=2, length=0
2026-02-12 10:43:35.344 [cefgetfile] WARNING: Unknown VALIDATION_ALG:type=2, length=0
2026-02-12 10:43:35.345 [cefgetfile] WARNING: Unknown VALIDATION_ALG:type=2, length=0
2026-02-12 10:43:35.346 [cefgetfile] WARNING: Unknown VALIDATION_ALG:type=2, length=0
2026-02-12 10:43:35.347 [cefgetfile] WARNING: Unknown VALIDATION_ALG:type=2, length=0
2026-02-12 10:43:35.348 [cefgetfile] WARNING: Unknown VALIDATION_ALG:type=2, length=0
2026-02-12 10:43:35.349 [cefgetfile] WARNING: Unknown VALIDATION_ALG:type=2, length=0
2026-02-12 10:43:35.350 [cefgetfile] WARNING: Unknown VALIDATION_ALG:type=2, length=0
2026-02-12 10:43:35.352 [cefgetfile] WARNING: Unknown VALIDATION_ALG:type=2, length=0
2026-02-12 10:43:35.353 [cefgetfile] WARNING: Unknown VALIDATION_ALG:type=2, length=0
2026-02-12 10:43:35.354 [cefgetfile] WARNING: Unknown VALIDATION_ALG:type=2, length=0
2026-02-12 10:43:35.355 [cefgetfile] WARNING: Unknown VALIDATION_ALG:type=2, length=0
2026-02-12 10:43:35.356 [cefgetfile] WARNING: Unknown VALIDATION_ALG:type=2, length=0
2026-02-12 10:43:35.357 [cefgetfile] WARNING: Unknown VALIDATION_ALG:type=2, length=0
2026-02-12 10:43:35.359 [cefgetfile] WARNING: Unknown VALIDATION_ALG:type=2, length=0
2026-02-12 10:43:35.360 [cefgetfile] WARNING: Unknown VALIDATION_ALG:type=2, length=0
2026-02-12 10:43:35.361 [cefgetfile] WARNING: Unknown VALIDATION_ALG:type=2, length=0
2026-02-12 10:43:35.362 [cefgetfile] WARNING: Unknown VALIDATION_ALG:type=2, length=0
2026-02-12 10:43:35.364 [cefgetfile] WARNING: Unknown VALIDATION_ALG:type=2, length=0
2026-02-12 10:43:35.365 [cefgetfile] WARNING: Unknown VALIDATION_ALG:type=2, length=0
2026-02-12 10:43:35.366 [cefgetfile] WARNING: Unknown VALIDATION_ALG:type=2, length=0
2026-02-12 10:43:35.367 [cefgetfile] WARNING: Unknown VALIDATION_ALG:type=2, length=0
2026-02-12 10:43:35.369 [cefgetfile] WARNING: Unknown VALIDATION_ALG:type=2, length=0
2026-02-12 10:43:35.369 [cefgetfile] WARNING: Unknown VALIDATION_ALG:type=2, length=0
2026-02-12 10:43:35.370 [cefgetfile] WARNING: Unknown VALIDATION_ALG:type=2, length=0
2026-02-12 10:43:35.371 [cefgetfile] WARNING: Unknown VALIDATION_ALG:type=2, length=0
2026-02-12 10:43:35.372 [cefgetfile] WARNING: Unknown VALIDATION_ALG:type=2, length=0
2026-02-12 10:43:35.373 [cefgetfile] WARNING: Unknown VALIDATION_ALG:type=2, length=0
2026-02-12 10:43:35.373 [cefgetfile] WARNING: Unknown VALIDATION_ALG:type=2, length=0
2026-02-12 10:43:35.374 [cefgetfile] WARNING: Unknown VALIDATION_ALG:type=2, length=0
2026-02-12 10:43:35.376 [cefgetfile] WARNING: Unknown VALIDATION_ALG:type=2, length=0
2026-02-12 10:43:35.376 [cefgetfile] WARNING: Unknown VALIDATION_ALG:type=2, length=0
2026-02-12 10:43:35.377 [cefgetfile] WARNING: Unknown VALIDATION_ALG:type=2, length=0
2026-02-12 10:43:35.378 [cefgetfile] WARNING: Unknown VALIDATION_ALG:type=2, length=0
2026-02-12 10:43:35.380 [cefgetfile] WARNING: Unknown VALIDATION_ALG:type=2, length=0
2026-02-12 10:43:35.381 [cefgetfile] WARNING: Unknown VALIDATION_ALG:type=2, length=0
2026-02-12 10:43:35.382 [cefgetfile] WARNING: Unknown VALIDATION_ALG:type=2, length=0
2026-02-12 10:43:35.382 [cefgetfile] WARNING: Unknown VALIDATION_ALG:type=2, length=0
2026-02-12 10:43:35.383 [cefgetfile] WARNING: Unknown VALIDATION_ALG:type=2, length=0
2026-02-12 10:43:35.384 [cefgetfile] WARNING: Unknown VALIDATION_ALG:type=2, length=0
2026-02-12 10:43:35.384 [cefgetfile] WARNING: Unknown VALIDATION_ALG:type=2, length=0
2026-02-12 10:43:35.385 [cefgetfile] WARNING: Unknown VALIDATION_ALG:type=2, length=0
2026-02-12 10:43:35.387 [cefgetfile] WARNING: Unknown VALIDATION_ALG:type=2, length=0
2026-02-12 10:43:35.387 [cefgetfile] WARNING: Unknown VALIDATION_ALG:type=2, length=0
2026-02-12 10:43:35.388 [cefgetfile] WARNING: Unknown VALIDATION_ALG:type=2, length=0
2026-02-12 10:43:35.388 [cefgetfile] WARNING: Unknown VALIDATION_ALG:type=2, length=0
2026-02-12 10:43:35.390 [cefgetfile] WARNING: Unknown VALIDATION_ALG:type=2, length=0
2026-02-12 10:43:35.391 [cefgetfile] WARNING: Unknown VALIDATION_ALG:type=2, length=0
2026-02-12 10:43:35.391 [cefgetfile] WARNING: Unknown VALIDATION_ALG:type=2, length=0
2026-02-12 10:43:35.392 [cefgetfile] WARNING: Unknown VALIDATION_ALG:type=2, length=0
2026-02-12 10:43:35.394 [cefgetfile] WARNING: Unknown VALIDATION_ALG:type=2, length=0
2026-02-12 10:43:35.396 [cefgetfile] WARNING: Unknown VALIDATION_ALG:type=2, length=0
2026-02-12 10:43:35.396 [cefgetfile] WARNING: Unknown VALIDATION_ALG:type=2, length=0
2026-02-12 10:43:35.398 [cefgetfile] WARNING: Unknown VALIDATION_ALG:type=2, length=0
2026-02-12 10:43:35.399 [cefgetfile] WARNING: Unknown VALIDATION_ALG:type=2, length=0
2026-02-12 10:43:35.401 [cefgetfile] WARNING: Unknown VALIDATION_ALG:type=2, length=0
2026-02-12 10:43:35.401 [cefgetfile] WARNING: Unknown VALIDATION_ALG:type=2, length=0
2026-02-12 10:43:35.404 [cefgetfile] WARNING: Unknown VALIDATION_ALG:type=2, length=0
2026-02-12 10:43:35.407 [cefgetfile] WARNING: Unknown VALIDATION_ALG:type=2, length=0
2026-02-12 10:43:35.410 [cefgetfile] WARNING: Unknown VALIDATION_ALG:type=2, length=0
2026-02-12 10:43:35.411 [cefgetfile] WARNING: Unknown VALIDATION_ALG:type=2, length=0
2026-02-12 10:43:35.414 [cefgetfile] WARNING: Unknown VALIDATION_ALG:type=2, length=0
2026-02-12 10:43:35.417 [cefgetfile] WARNING: Unknown VALIDATION_ALG:type=2, length=0
2026-02-12 10:43:35.421 [cefgetfile] WARNING: Unknown VALIDATION_ALG:type=2, length=0
2026-02-12 10:43:35.423 [cefgetfile] WARNING: Unknown VALIDATION_ALG:type=2, length=0
2026-02-12 10:43:35.427 [cefgetfile] WARNING: Unknown VALIDATION_ALG:type=2, length=0
2026-02-12 10:43:35.430 [cefgetfile] WARNING: Unknown VALIDATION_ALG:type=2, length=0
2026-02-12 10:43:35.435 [cefgetfile] WARNING: Unknown VALIDATION_ALG:type=2, length=0
2026-02-12 10:43:35.437 [cefgetfile] WARNING: Unknown VALIDATION_ALG:type=2, length=0
2026-02-12 10:43:35.442 [cefgetfile] WARNING: Unknown VALIDATION_ALG:type=2, length=0
2026-02-12 10:43:35.445 [cefgetfile] WARNING: Unknown VALIDATION_ALG:type=2, length=0
2026-02-12 10:43:35.449 [cefgetfile] WARNING: Unknown VALIDATION_ALG:type=2, length=0
2026-02-12 10:43:35.451 [cefgetfile] WARNING: Unknown VALIDATION_ALG:type=2, length=0
2026-02-12 10:43:35.454 [cefgetfile] WARNING: Unknown VALIDATION_ALG:type=2, length=0
2026-02-12 10:43:35.456 [cefgetfile] WARNING: Unknown VALIDATION_ALG:type=2, length=0
2026-02-12 10:43:35.460 [cefgetfile] WARNING: Unknown VALIDATION_ALG:type=2, length=0
2026-02-12 10:43:35.461 [cefgetfile] WARNING: Unknown VALIDATION_ALG:type=2, length=0
2026-02-12 10:43:35.463 [cefgetfile] WARNING: Unknown VALIDATION_ALG:type=2, length=0
2026-02-12 10:43:35.465 [cefgetfile] WARNING: Unknown VALIDATION_ALG:type=2, length=0
2026-02-12 10:43:35.467 [cefgetfile] WARNING: Unknown VALIDATION_ALG:type=2, length=0
2026-02-12 10:43:35.468 [cefgetfile] WARNING: Unknown VALIDATION_ALG:type=2, length=0
2026-02-12 10:43:35.469 [cefgetfile] WARNING: Unknown VALIDATION_ALG:type=2, length=0
2026-02-12 10:43:35.470 [cefgetfile] WARNING: Unknown VALIDATION_ALG:type=2, length=0
2026-02-12 10:43:35.471 [cefgetfile] WARNING: Unknown VALIDATION_ALG:type=2, length=0
2026-02-12 10:43:35.472 [cefgetfile] WARNING: Unknown VALIDATION_ALG:type=2, length=0
2026-02-12 10:43:35.472 [cefgetfile] WARNING: Unknown VALIDATION_ALG:type=2, length=0
2026-02-12 10:43:35.473 [cefgetfile] WARNING: Unknown VALIDATION_ALG:type=2, length=0
2026-02-12 10:43:35.473 [cefgetfile] WARNING: Unknown VALIDATION_ALG:type=2, length=0
2026-02-12 10:43:35.475 [cefgetfile] WARNING: Unknown VALIDATION_ALG:type=2, length=0
2026-02-12 10:43:35.475 [cefgetfile] WARNING: Unknown VALIDATION_ALG:type=2, length=0
2026-02-12 10:43:35.477 [cefgetfile] WARNING: Unknown VALIDATION_ALG:type=2, length=0
2026-02-12 10:43:35.478 [cefgetfile] WARNING: Unknown VALIDATION_ALG:type=2, length=0
2026-02-12 10:43:35.479 [cefgetfile] WARNING: Unknown VALIDATION_ALG:type=2, length=0
2026-02-12 10:43:35.480 [cefgetfile] WARNING: Unknown VALIDATION_ALG:type=2, length=0
2026-02-12 10:43:35.481 [cefgetfile] WARNING: Unknown VALIDATION_ALG:type=2, length=0
2026-02-12 10:43:35.484 [cefgetfile] WARNING: Unknown VALIDATION_ALG:type=2, length=0
2026-02-12 10:43:35.486 [cefgetfile] WARNING: Unknown VALIDATION_ALG:type=2, length=0
2026-02-12 10:43:35.487 [cefgetfile] WARNING: Unknown VALIDATION_ALG:type=2, length=0
2026-02-12 10:43:35.489 [cefgetfile] WARNING: Unknown VALIDATION_ALG:type=2, length=0
2026-02-12 10:43:35.494 [cefgetfile] WARNING: Unknown VALIDATION_ALG:type=2, length=0
2026-02-12 10:43:35.499 [cefgetfile] WARNING: Unknown VALIDATION_ALG:type=2, length=0
2026-02-12 10:43:35.501 [cefgetfile] WARNING: Unknown VALIDATION_ALG:type=2, length=0
2026-02-12 10:43:35.504 [cefgetfile] WARNING: Unknown VALIDATION_ALG:type=2, length=0
2026-02-12 10:43:35.511 [cefgetfile] WARNING: Unknown VALIDATION_ALG:type=2, length=0
2026-02-12 10:43:35.515 [cefgetfile] WARNING: Unknown VALIDATION_ALG:type=2, length=0
2026-02-12 10:43:35.516 [cefgetfile] WARNING: Unknown VALIDATION_ALG:type=2, length=0
2026-02-12 10:43:35.517 [cefgetfile] WARNING: Unknown VALIDATION_ALG:type=2, length=0
2026-02-12 10:43:35.519 [cefgetfile] WARNING: Unknown VALIDATION_ALG:type=2, length=0
2026-02-12 10:43:35.521 [cefgetfile] WARNING: Unknown VALIDATION_ALG:type=2, length=0
2026-02-12 10:43:35.522 [cefgetfile] WARNING: Unknown VALIDATION_ALG:type=2, length=0
2026-02-12 10:43:35.522 [cefgetfile] WARNING: Unknown VALIDATION_ALG:type=2, length=0
2026-02-12 10:43:35.525 [cefgetfile] WARNING: Unknown VALIDATION_ALG:type=2, length=0
2026-02-12 10:43:35.525 [cefgetfile] WARNING: Unknown VALIDATION_ALG:type=2, length=0
2026-02-12 10:43:35.529 [cefgetfile] WARNING: Unknown VALIDATION_ALG:type=2, length=0
2026-02-12 10:43:35.529 [cefgetfile] WARNING: Unknown VALIDATION_ALG:type=2, length=0
2026-02-12 10:43:35.532 [cefgetfile] WARNING: Unknown VALIDATION_ALG:type=2, length=0
2026-02-12 10:43:35.532 [cefgetfile] WARNING: Unknown VALIDATION_ALG:type=2, length=0
2026-02-12 10:43:35.534 [cefgetfile] WARNING: Unknown VALIDATION_ALG:type=2, length=0
2026-02-12 10:43:35.535 [cefgetfile] WARNING: Unknown VALIDATION_ALG:type=2, length=0
2026-02-12 10:43:35.536 [cefgetfile] WARNING: Unknown VALIDATION_ALG:type=2, length=0
2026-02-12 10:43:35.536 [cefgetfile] WARNING: Unknown VALIDATION_ALG:type=2, length=0
2026-02-12 10:43:35.538 [cefgetfile] WARNING: Unknown VALIDATION_ALG:type=2, length=0
2026-02-12 10:43:35.539 [cefgetfile] WARNING: Unknown VALIDATION_ALG:type=2, length=0
2026-02-12 10:43:35.540 [cefgetfile] WARNING: Unknown VALIDATION_ALG:type=2, length=0
2026-02-12 10:43:35.541 [cefgetfile] WARNING: Unknown VALIDATION_ALG:type=2, length=0
2026-02-12 10:43:35.542 [cefgetfile] WARNING: Unknown VALIDATION_ALG:type=2, length=0
2026-02-12 10:43:35.544 [cefgetfile] WARNING: Unknown VALIDATION_ALG:type=2, length=0
2026-02-12 10:43:35.544 [cefgetfile] WARNING: Unknown VALIDATION_ALG:type=2, length=0
2026-02-12 10:43:35.546 [cefgetfile] WARNING: Unknown VALIDATION_ALG:type=2, length=0
2026-02-12 10:43:35.546 [cefgetfile] WARNING: Unknown VALIDATION_ALG:type=2, length=0
2026-02-12 10:43:35.548 [cefgetfile] WARNING: Unknown VALIDATION_ALG:type=2, length=0
2026-02-12 10:43:35.548 [cefgetfile] WARNING: Unknown VALIDATION_ALG:type=2, length=0
2026-02-12 10:43:35.550 [cefgetfile] WARNING: Unknown VALIDATION_ALG:type=2, length=0
2026-02-12 10:43:35.550 [cefgetfile] WARNING: Unknown VALIDATION_ALG:type=2, length=0
2026-02-12 10:43:35.552 [cefgetfile] WARNING: Unknown VALIDATION_ALG:type=2, length=0
2026-02-12 10:43:35.552 [cefgetfile] WARNING: Unknown VALIDATION_ALG:type=2, length=0
2026-02-12 10:43:35.554 [cefgetfile] WARNING: Unknown VALIDATION_ALG:type=2, length=0
2026-02-12 10:43:35.554 [cefgetfile] WARNING: Unknown VALIDATION_ALG:type=2, length=0
2026-02-12 10:43:35.556 [cefgetfile] WARNING: Unknown VALIDATION_ALG:type=2, length=0
2026-02-12 10:43:35.556 [cefgetfile] WARNING: Unknown VALIDATION_ALG:type=2, length=0
2026-02-12 10:43:35.558 [cefgetfile] WARNING: Unknown VALIDATION_ALG:type=2, length=0
2026-02-12 10:43:35.558 [cefgetfile] WARNING: Unknown VALIDATION_ALG:type=2, length=0
2026-02-12 10:43:35.561 [cefgetfile] WARNING: Unknown VALIDATION_ALG:type=2, length=0
2026-02-12 10:43:35.561 [cefgetfile] WARNING: Unknown VALIDATION_ALG:type=2, length=0
2026-02-12 10:43:35.563 [cefgetfile] WARNING: Unknown VALIDATION_ALG:type=2, length=0
2026-02-12 10:43:35.564 [cefgetfile] WARNING: Unknown VALIDATION_ALG:type=2, length=0
2026-02-12 10:43:35.566 [cefgetfile] WARNING: Unknown VALIDATION_ALG:type=2, length=0
2026-02-12 10:43:35.567 [cefgetfile] WARNING: Unknown VALIDATION_ALG:type=2, length=0
2026-02-12 10:43:35.569 [cefgetfile] WARNING: Unknown VALIDATION_ALG:type=2, length=0
2026-02-12 10:43:35.570 [cefgetfile] WARNING: Unknown VALIDATION_ALG:type=2, length=0
2026-02-12 10:43:35.572 [cefgetfile] WARNING: Unknown VALIDATION_ALG:type=2, length=0
2026-02-12 10:43:35.573 [cefgetfile] WARNING: Unknown VALIDATION_ALG:type=2, length=0
2026-02-12 10:43:35.576 [cefgetfile] WARNING: Unknown VALIDATION_ALG:type=2, length=0
2026-02-12 10:43:35.577 [cefgetfile] WARNING: Unknown VALIDATION_ALG:type=2, length=0
2026-02-12 10:43:35.580 [cefgetfile] WARNING: Unknown VALIDATION_ALG:type=2, length=0
2026-02-12 10:43:35.581 [cefgetfile] WARNING: Unknown VALIDATION_ALG:type=2, length=0
2026-02-12 10:43:35.584 [cefgetfile] WARNING: Unknown VALIDATION_ALG:type=2, length=0
2026-02-12 10:43:35.586 [cefgetfile] WARNING: Unknown VALIDATION_ALG:type=2, length=0
2026-02-12 10:43:35.588 [cefgetfile] WARNING: Unknown VALIDATION_ALG:type=2, length=0
2026-02-12 10:43:35.590 [cefgetfile] WARNING: Unknown VALIDATION_ALG:type=2, length=0
2026-02-12 10:43:35.592 [cefgetfile] WARNING: Unknown VALIDATION_ALG:type=2, length=0
2026-02-12 10:43:35.594 [cefgetfile] WARNING: Unknown VALIDATION_ALG:type=2, length=0
2026-02-12 10:43:35.597 [cefgetfile] WARNING: Unknown VALIDATION_ALG:type=2, length=0
2026-02-12 10:43:35.598 [cefgetfile] WARNING: Unknown VALIDATION_ALG:type=2, length=0
2026-02-12 10:43:35.599 [cefgetfile] WARNING: Unknown VALIDATION_ALG:type=2, length=0
2026-02-12 10:43:35.601 [cefgetfile] WARNING: Unknown VALIDATION_ALG:type=2, length=0
2026-02-12 10:43:35.603 [cefgetfile] WARNING: Unknown VALIDATION_ALG:type=2, length=0
2026-02-12 10:43:35.603 [cefgetfile] WARNING: Unknown VALIDATION_ALG:type=2, length=0
2026-02-12 10:43:35.604 [cefgetfile] WARNING: Unknown VALIDATION_ALG:type=2, length=0
2026-02-12 10:43:35.605 [cefgetfile] WARNING: Unknown VALIDATION_ALG:type=2, length=0
2026-02-12 10:43:35.606 [cefgetfile] WARNING: Unknown VALIDATION_ALG:type=2, length=0
2026-02-12 10:43:35.607 [cefgetfile] WARNING: Unknown VALIDATION_ALG:type=2, length=0
2026-02-12 10:43:35.607 [cefgetfile] WARNING: Unknown VALIDATION_ALG:type=2, length=0
2026-02-12 10:43:35.607 [cefgetfile] WARNING: Unknown VALIDATION_ALG:type=2, length=0
2026-02-12 10:43:35.609 [cefgetfile] WARNING: Unknown VALIDATION_ALG:type=2, length=0
2026-02-12 10:43:35.610 [cefgetfile] WARNING: Unknown VALIDATION_ALG:type=2, length=0
2026-02-12 10:43:35.610 [cefgetfile] WARNING: Unknown VALIDATION_ALG:type=2, length=0
2026-02-12 10:43:35.612 [cefgetfile] WARNING: Unknown VALIDATION_ALG:type=2, length=0
2026-02-12 10:43:35.613 [cefgetfile] WARNING: Unknown VALIDATION_ALG:type=2, length=0
2026-02-12 10:43:35.614 [cefgetfile] WARNING: Unknown VALIDATION_ALG:type=2, length=0
2026-02-12 10:43:35.617 [cefgetfile] WARNING: Unknown VALIDATION_ALG:type=2, length=0
2026-02-12 10:43:35.619 [cefgetfile] WARNING: Unknown VALIDATION_ALG:type=2, length=0
2026-02-12 10:43:35.621 [cefgetfile] WARNING: Unknown VALIDATION_ALG:type=2, length=0
2026-02-12 10:43:35.622 [cefgetfile] WARNING: Unknown VALIDATION_ALG:type=2, length=0
2026-02-12 10:43:35.628 [cefgetfile] WARNING: Unknown VALIDATION_ALG:type=2, length=0
2026-02-12 10:43:35.633 [cefgetfile] WARNING: Unknown VALIDATION_ALG:type=2, length=0
2026-02-12 10:43:35.636 [cefgetfile] WARNING: Unknown VALIDATION_ALG:type=2, length=0
2026-02-12 10:43:35.639 [cefgetfile] WARNING: Unknown VALIDATION_ALG:type=2, length=0
2026-02-12 10:43:35.646 [cefgetfile] WARNING: Unknown VALIDATION_ALG:type=2, length=0
2026-02-12 10:43:35.651 [cefgetfile] WARNING: Unknown VALIDATION_ALG:type=2, length=0
2026-02-12 10:43:35.653 [cefgetfile] WARNING: Unknown VALIDATION_ALG:type=2, length=0
2026-02-12 10:43:35.655 [cefgetfile] WARNING: Unknown VALIDATION_ALG:type=2, length=0
2026-02-12 10:43:35.659 [cefgetfile] WARNING: Unknown VALIDATION_ALG:type=2, length=0
2026-02-12 10:43:35.661 [cefgetfile] WARNING: Unknown VALIDATION_ALG:type=2, length=0
2026-02-12 10:43:35.662 [cefgetfile] WARNING: Unknown VALIDATION_ALG:type=2, length=0
2026-02-12 10:43:35.663 [cefgetfile] WARNING: Unknown VALIDATION_ALG:type=2, length=0
2026-02-12 10:43:35.664 [cefgetfile] WARNING: Unknown VALIDATION_ALG:type=2, length=0
2026-02-12 10:43:35.665 [cefgetfile] WARNING: Unknown VALIDATION_ALG:type=2, length=0
2026-02-12 10:43:35.666 [cefgetfile] WARNING: Unknown VALIDATION_ALG:type=2, length=0
2026-02-12 10:43:35.666 [cefgetfile] WARNING: Unknown VALIDATION_ALG:type=2, length=0
2026-02-12 10:43:35.668 [cefgetfile] WARNING: Unknown VALIDATION_ALG:type=2, length=0
2026-02-12 10:43:35.668 [cefgetfile] WARNING: Unknown VALIDATION_ALG:type=2, length=0
2026-02-12 10:43:35.668 [cefgetfile] WARNING: Unknown VALIDATION_ALG:type=2, length=0
2026-02-12 10:43:35.669 [cefgetfile] WARNING: Unknown VALIDATION_ALG:type=2, length=0
2026-02-12 10:43:35.672 [cefgetfile] WARNING: Unknown VALIDATION_ALG:type=2, length=0
2026-02-12 10:43:35.674 [cefgetfile] WARNING: Unknown VALIDATION_ALG:type=2, length=0
2026-02-12 10:43:35.675 [cefgetfile] WARNING: Unknown VALIDATION_ALG:type=2, length=0
2026-02-12 10:43:35.676 [cefgetfile] WARNING: Unknown VALIDATION_ALG:type=2, length=0
2026-02-12 10:43:35.681 [cefgetfile] WARNING: Unknown VALIDATION_ALG:type=2, length=0
2026-02-12 10:43:35.684 [cefgetfile] WARNING: Unknown VALIDATION_ALG:type=2, length=0
2026-02-12 10:43:35.686 [cefgetfile] WARNING: Unknown VALIDATION_ALG:type=2, length=0
2026-02-12 10:43:35.687 [cefgetfile] WARNING: Unknown VALIDATION_ALG:type=2, length=0
2026-02-12 10:43:35.693 [cefgetfile] WARNING: Unknown VALIDATION_ALG:type=2, length=0
2026-02-12 10:43:35.697 [cefgetfile] WARNING: Unknown VALIDATION_ALG:type=2, length=0
2026-02-12 10:43:35.699 [cefgetfile] WARNING: Unknown VALIDATION_ALG:type=2, length=0
2026-02-12 10:43:35.700 [cefgetfile] WARNING: Unknown VALIDATION_ALG:type=2, length=0
2026-02-12 10:43:35.705 [cefgetfile] WARNING: Unknown VALIDATION_ALG:type=2, length=0
2026-02-12 10:43:35.706 [cefgetfile] WARNING: Unknown VALIDATION_ALG:type=2, length=0
2026-02-12 10:43:35.707 [cefgetfile] WARNING: Unknown VALIDATION_ALG:type=2, length=0
2026-02-12 10:43:35.708 [cefgetfile] WARNING: Unknown VALIDATION_ALG:type=2, length=0
2026-02-12 10:43:35.708 [cefgetfile] WARNING: Unknown VALIDATION_ALG:type=2, length=0
2026-02-12 10:43:35.709 [cefgetfile] WARNING: Unknown VALIDATION_ALG:type=2, length=0
2026-02-12 10:43:35.710 [cefgetfile] WARNING: Unknown VALIDATION_ALG:type=2, length=0
2026-02-12 10:43:35.710 [cefgetfile] WARNING: Unknown VALIDATION_ALG:type=2, length=0
2026-02-12 10:43:35.711 [cefgetfile] WARNING: Unknown VALIDATION_ALG:type=2, length=0
2026-02-12 10:43:35.712 [cefgetfile] WARNING: Unknown VALIDATION_ALG:type=2, length=0
2026-02-12 10:43:35.713 [cefgetfile] WARNING: Unknown VALIDATION_ALG:type=2, length=0
2026-02-12 10:43:35.714 [cefgetfile] WARNING: Unknown VALIDATION_ALG:type=2, length=0
2026-02-12 10:43:35.715 [cefgetfile] WARNING: Unknown VALIDATION_ALG:type=2, length=0
2026-02-12 10:43:35.717 [cefgetfile] WARNING: Unknown VALIDATION_ALG:type=2, length=0
2026-02-12 10:43:35.719 [cefgetfile] WARNING: Unknown VALIDATION_ALG:type=2, length=0
2026-02-12 10:43:35.719 [cefgetfile] WARNING: Unknown VALIDATION_ALG:type=2, length=0
2026-02-12 10:43:35.722 [cefgetfile] WARNING: Unknown VALIDATION_ALG:type=2, length=0
2026-02-12 10:43:35.724 [cefgetfile] WARNING: Unknown VALIDATION_ALG:type=2, length=0
2026-02-12 10:43:35.728 [cefgetfile] WARNING: Unknown VALIDATION_ALG:type=2, length=0
2026-02-12 10:43:35.729 [cefgetfile] WARNING: Unknown VALIDATION_ALG:type=2, length=0
2026-02-12 10:43:35.733 [cefgetfile] WARNING: Unknown VALIDATION_ALG:type=2, length=0
2026-02-12 10:43:35.735 [cefgetfile] WARNING: Unknown VALIDATION_ALG:type=2, length=0
2026-02-12 10:43:35.738 [cefgetfile] WARNING: Unknown VALIDATION_ALG:type=2, length=0
2026-02-12 10:43:35.739 [cefgetfile] WARNING: Unknown VALIDATION_ALG:type=2, length=0
2026-02-12 10:43:35.743 [cefgetfile] WARNING: Unknown VALIDATION_ALG:type=2, length=0
2026-02-12 10:43:35.744 [cefgetfile] WARNING: Unknown VALIDATION_ALG:type=2, length=0
2026-02-12 10:43:35.748 [cefgetfile] WARNING: Unknown VALIDATION_ALG:type=2, length=0
2026-02-12 10:43:35.748 [cefgetfile] WARNING: Unknown VALIDATION_ALG:type=2, length=0
2026-02-12 10:43:35.751 [cefgetfile] WARNING: Unknown VALIDATION_ALG:type=2, length=0
2026-02-12 10:43:35.752 [cefgetfile] WARNING: Unknown VALIDATION_ALG:type=2, length=0
2026-02-12 10:43:35.754 [cefgetfile] WARNING: Unknown VALIDATION_ALG:type=2, length=0
2026-02-12 10:43:35.755 [cefgetfile] WARNING: Unknown VALIDATION_ALG:type=2, length=0
2026-02-12 10:43:35.757 [cefgetfile] WARNING: Unknown VALIDATION_ALG:type=2, length=0
2026-02-12 10:43:35.758 [cefgetfile] WARNING: Unknown VALIDATION_ALG:type=2, length=0
2026-02-12 10:43:35.760 [cefgetfile] WARNING: Unknown VALIDATION_ALG:type=2, length=0
2026-02-12 10:43:35.761 [cefgetfile] WARNING: Unknown VALIDATION_ALG:type=2, length=0
2026-02-12 10:43:35.764 [cefgetfile] WARNING: Unknown VALIDATION_ALG:type=2, length=0
2026-02-12 10:43:35.765 [cefgetfile] WARNING: Unknown VALIDATION_ALG:type=2, length=0
2026-02-12 10:43:35.766 [cefgetfile] WARNING: Unknown VALIDATION_ALG:type=2, length=0
2026-02-12 10:43:35.767 [cefgetfile] WARNING: Unknown VALIDATION_ALG:type=2, length=0
2026-02-12 10:43:35.769 [cefgetfile] WARNING: Unknown VALIDATION_ALG:type=2, length=0
2026-02-12 10:43:35.770 [cefgetfile] WARNING: Unknown VALIDATION_ALG:type=2, length=0
2026-02-12 10:43:35.770 [cefgetfile] WARNING: Unknown VALIDATION_ALG:type=2, length=0
2026-02-12 10:43:35.771 [cefgetfile] WARNING: Unknown VALIDATION_ALG:type=2, length=0
2026-02-12 10:43:35.773 [cefgetfile] WARNING: Unknown VALIDATION_ALG:type=2, length=0
2026-02-12 10:43:35.773 [cefgetfile] WARNING: Unknown VALIDATION_ALG:type=2, length=0
2026-02-12 10:43:35.774 [cefgetfile] WARNING: Unknown VALIDATION_ALG:type=2, length=0
2026-02-12 10:43:35.774 [cefgetfile] WARNING: Unknown VALIDATION_ALG:type=2, length=0
2026-02-12 10:43:35.775 [cefgetfile] WARNING: Unknown VALIDATION_ALG:type=2, length=0
2026-02-12 10:43:35.777 [cefgetfile] WARNING: Unknown VALIDATION_ALG:type=2, length=0
2026-02-12 10:43:35.778 [cefgetfile] WARNING: Unknown VALIDATION_ALG:type=2, length=0
2026-02-12 10:43:35.778 [cefgetfile] WARNING: Unknown VALIDATION_ALG:type=2, length=0
2026-02-12 10:43:35.779 [cefgetfile] WARNING: Unknown VALIDATION_ALG:type=2, length=0
2026-02-12 10:43:35.780 [cefgetfile] WARNING: Unknown VALIDATION_ALG:type=2, length=0
2026-02-12 10:43:35.780 [cefgetfile] WARNING: Unknown VALIDATION_ALG:type=2, length=0
2026-02-12 10:43:35.781 [cefgetfile] WARNING: Unknown VALIDATION_ALG:type=2, length=0
2026-02-12 10:43:35.782 [cefgetfile] WARNING: Unknown VALIDATION_ALG:type=2, length=0
2026-02-12 10:43:35.784 [cefgetfile] WARNING: Unknown VALIDATION_ALG:type=2, length=0
2026-02-12 10:43:35.785 [cefgetfile] WARNING: Unknown VALIDATION_ALG:type=2, length=0
2026-02-12 10:43:35.786 [cefgetfile] WARNING: Unknown VALIDATION_ALG:type=2, length=0
2026-02-12 10:43:35.788 [cefgetfile] WARNING: Unknown VALIDATION_ALG:type=2, length=0
2026-02-12 10:43:35.789 [cefgetfile] WARNING: Unknown VALIDATION_ALG:type=2, length=0
2026-02-12 10:43:35.792 [cefgetfile] WARNING: Unknown VALIDATION_ALG:type=2, length=0
2026-02-12 10:43:35.794 [cefgetfile] WARNING: Unknown VALIDATION_ALG:type=2, length=0
2026-02-12 10:43:35.796 [cefgetfile] WARNING: Unknown VALIDATION_ALG:type=2, length=0
2026-02-12 10:43:35.798 [cefgetfile] WARNING: Unknown VALIDATION_ALG:type=2, length=0
2026-02-12 10:43:35.801 [cefgetfile] WARNING: Unknown VALIDATION_ALG:type=2, length=0
2026-02-12 10:43:35.803 [cefgetfile] WARNING: Unknown VALIDATION_ALG:type=2, length=0
2026-02-12 10:43:35.806 [cefgetfile] WARNING: Unknown VALIDATION_ALG:type=2, length=0
2026-02-12 10:43:35.809 [cefgetfile] WARNING: Unknown VALIDATION_ALG:type=2, length=0
2026-02-12 10:43:35.812 [cefgetfile] WARNING: Unknown VALIDATION_ALG:type=2, length=0
2026-02-12 10:43:35.814 [cefgetfile] WARNING: Unknown VALIDATION_ALG:type=2, length=0
2026-02-12 10:43:35.817 [cefgetfile] WARNING: Unknown VALIDATION_ALG:type=2, length=0
2026-02-12 10:43:35.819 [cefgetfile] WARNING: Unknown VALIDATION_ALG:type=2, length=0
2026-02-12 10:43:35.821 [cefgetfile] WARNING: Unknown VALIDATION_ALG:type=2, length=0
2026-02-12 10:43:35.822 [cefgetfile] WARNING: Unknown VALIDATION_ALG:type=2, length=0
2026-02-12 10:43:35.823 [cefgetfile] WARNING: Unknown VALIDATION_ALG:type=2, length=0
2026-02-12 10:43:35.823 [cefgetfile] WARNING: Unknown VALIDATION_ALG:type=2, length=0
2026-02-12 10:43:35.825 [cefgetfile] WARNING: Unknown VALIDATION_ALG:type=2, length=0
2026-02-12 10:43:35.826 [cefgetfile] WARNING: Unknown VALIDATION_ALG:type=2, length=0
2026-02-12 10:43:35.826 [cefgetfile] WARNING: Unknown VALIDATION_ALG:type=2, length=0
2026-02-12 10:43:35.826 [cefgetfile] WARNING: Unknown VALIDATION_ALG:type=2, length=0
2026-02-12 10:43:35.829 [cefgetfile] WARNING: Unknown VALIDATION_ALG:type=2, length=0
2026-02-12 10:43:35.831 [cefgetfile] WARNING: Unknown VALIDATION_ALG:type=2, length=0
2026-02-12 10:43:35.832 [cefgetfile] WARNING: Unknown VALIDATION_ALG:type=2, length=0
2026-02-12 10:43:35.833 [cefgetfile] WARNING: Unknown VALIDATION_ALG:type=2, length=0
2026-02-12 10:43:35.837 [cefgetfile] WARNING: Unknown VALIDATION_ALG:type=2, length=0
2026-02-12 10:43:35.840 [cefgetfile] WARNING: Unknown VALIDATION_ALG:type=2, length=0
2026-02-12 10:43:35.841 [cefgetfile] WARNING: Unknown VALIDATION_ALG:type=2, length=0
2026-02-12 10:43:35.842 [cefgetfile] WARNING: Unknown VALIDATION_ALG:type=2, length=0
2026-02-12 10:43:35.848 [cefgetfile] WARNING: Unknown VALIDATION_ALG:type=2, length=0
2026-02-12 10:43:35.850 [cefgetfile] WARNING: Unknown VALIDATION_ALG:type=2, length=0
2026-02-12 10:43:35.851 [cefgetfile] WARNING: Unknown VALIDATION_ALG:type=2, length=0
2026-02-12 10:43:35.853 [cefgetfile] WARNING: Unknown VALIDATION_ALG:type=2, length=0
2026-02-12 10:43:35.856 [cefgetfile] WARNING: Unknown VALIDATION_ALG:type=2, length=0
2026-02-12 10:43:35.857 [cefgetfile] WARNING: Unknown VALIDATION_ALG:type=2, length=0
2026-02-12 10:43:35.858 [cefgetfile] WARNING: Unknown VALIDATION_ALG:type=2, length=0
2026-02-12 10:43:35.859 [cefgetfile] WARNING: Unknown VALIDATION_ALG:type=2, length=0
2026-02-12 10:43:35.860 [cefgetfile] WARNING: Unknown VALIDATION_ALG:type=2, length=0
2026-02-12 10:43:35.861 [cefgetfile] WARNING: Unknown VALIDATION_ALG:type=2, length=0
2026-02-12 10:43:35.862 [cefgetfile] WARNING: Unknown VALIDATION_ALG:type=2, length=0
2026-02-12 10:43:35.862 [cefgetfile] WARNING: Unknown VALIDATION_ALG:type=2, length=0
2026-02-12 10:43:35.863 [cefgetfile] WARNING: Unknown VALIDATION_ALG:type=2, length=0
2026-02-12 10:43:35.865 [cefgetfile] WARNING: Unknown VALIDATION_ALG:type=2, length=0
2026-02-12 10:43:35.867 [cefgetfile] WARNING: Unknown VALIDATION_ALG:type=2, length=0
2026-02-12 10:43:35.869 [cefgetfile] WARNING: Unknown VALIDATION_ALG:type=2, length=0
2026-02-12 10:43:35.872 [cefgetfile] WARNING: Unknown VALIDATION_ALG:type=2, length=0
2026-02-12 10:43:35.876 [cefgetfile] WARNING: Unknown VALIDATION_ALG:type=2, length=0
2026-02-12 10:43:35.880 [cefgetfile] WARNING: Unknown VALIDATION_ALG:type=2, length=0
2026-02-12 10:43:35.882 [cefgetfile] WARNING: Unknown VALIDATION_ALG:type=2, length=0
2026-02-12 10:43:35.884 [cefgetfile] WARNING: Unknown VALIDATION_ALG:type=2, length=0
2026-02-12 10:43:35.885 [cefgetfile] WARNING: Unknown VALIDATION_ALG:type=2, length=0
2026-02-12 10:43:35.887 [cefgetfile] WARNING: Unknown VALIDATION_ALG:type=2, length=0
2026-02-12 10:43:35.888 [cefgetfile] WARNING: Unknown VALIDATION_ALG:type=2, length=0
2026-02-12 10:43:35.889 [cefgetfile] WARNING: Unknown VALIDATION_ALG:type=2, length=0
2026-02-12 10:43:35.890 [cefgetfile] WARNING: Unknown VALIDATION_ALG:type=2, length=0
2026-02-12 10:43:35.891 [cefgetfile] WARNING: Unknown VALIDATION_ALG:type=2, length=0
2026-02-12 10:43:35.892 [cefgetfile] WARNING: Unknown VALIDATION_ALG:type=2, length=0
2026-02-12 10:43:35.893 [cefgetfile] WARNING: Unknown VALIDATION_ALG:type=2, length=0
2026-02-12 10:43:35.894 [cefgetfile] WARNING: Unknown VALIDATION_ALG:type=2, length=0
2026-02-12 10:43:35.896 [cefgetfile] WARNING: Unknown VALIDATION_ALG:type=2, length=0
2026-02-12 10:43:35.896 [cefgetfile] WARNING: Unknown VALIDATION_ALG:type=2, length=0
2026-02-12 10:43:35.897 [cefgetfile] WARNING: Unknown VALIDATION_ALG:type=2, length=0
2026-02-12 10:43:35.898 [cefgetfile] WARNING: Unknown VALIDATION_ALG:type=2, length=0
2026-02-12 10:43:35.900 [cefgetfile] WARNING: Unknown VALIDATION_ALG:type=2, length=0
2026-02-12 10:43:35.901 [cefgetfile] WARNING: Unknown VALIDATION_ALG:type=2, length=0
2026-02-12 10:43:35.902 [cefgetfile] WARNING: Unknown VALIDATION_ALG:type=2, length=0
2026-02-12 10:43:35.903 [cefgetfile] WARNING: Unknown VALIDATION_ALG:type=2, length=0
2026-02-12 10:43:35.905 [cefgetfile] WARNING: Unknown VALIDATION_ALG:type=2, length=0
2026-02-12 10:43:35.906 [cefgetfile] WARNING: Unknown VALIDATION_ALG:type=2, length=0
2026-02-12 10:43:35.907 [cefgetfile] WARNING: Unknown VALIDATION_ALG:type=2, length=0
2026-02-12 10:43:35.908 [cefgetfile] WARNING: Unknown VALIDATION_ALG:type=2, length=0
2026-02-12 10:43:35.910 [cefgetfile] WARNING: Unknown VALIDATION_ALG:type=2, length=0
2026-02-12 10:43:35.912 [cefgetfile] WARNING: Unknown VALIDATION_ALG:type=2, length=0
2026-02-12 10:43:35.914 [cefgetfile] WARNING: Unknown VALIDATION_ALG:type=2, length=0
2026-02-12 10:43:35.915 [cefgetfile] WARNING: Unknown VALIDATION_ALG:type=2, length=0
2026-02-12 10:43:35.916 [cefgetfile] WARNING: Unknown VALIDATION_ALG:type=2, length=0
2026-02-12 10:43:35.918 [cefgetfile] WARNING: Unknown VALIDATION_ALG:type=2, length=0
2026-02-12 10:43:35.919 [cefgetfile] WARNING: Unknown VALIDATION_ALG:type=2, length=0
2026-02-12 10:43:35.920 [cefgetfile] WARNING: Unknown VALIDATION_ALG:type=2, length=0
2026-02-12 10:43:35.922 [cefgetfile] WARNING: Unknown VALIDATION_ALG:type=2, length=0
2026-02-12 10:43:35.923 [cefgetfile] WARNING: Unknown VALIDATION_ALG:type=2, length=0
2026-02-12 10:43:35.924 [cefgetfile] WARNING: Unknown VALIDATION_ALG:type=2, length=0
2026-02-12 10:43:35.926 [cefgetfile] WARNING: Unknown VALIDATION_ALG:type=2, length=0
2026-02-12 10:43:35.927 [cefgetfile] WARNING: Unknown VALIDATION_ALG:type=2, length=0
2026-02-12 10:43:35.929 [cefgetfile] WARNING: Unknown VALIDATION_ALG:type=2, length=0
2026-02-12 10:43:35.930 [cefgetfile] WARNING: Unknown VALIDATION_ALG:type=2, length=0
2026-02-12 10:43:35.931 [cefgetfile] WARNING: Unknown VALIDATION_ALG:type=2, length=0
2026-02-12 10:43:35.932 [cefgetfile] WARNING: Unknown VALIDATION_ALG:type=2, length=0
2026-02-12 10:43:35.934 [cefgetfile] WARNING: Unknown VALIDATION_ALG:type=2, length=0
2026-02-12 10:43:35.935 [cefgetfile] WARNING: Unknown VALIDATION_ALG:type=2, length=0
2026-02-12 10:43:35.937 [cefgetfile] WARNING: Unknown VALIDATION_ALG:type=2, length=0
2026-02-12 10:43:35.938 [cefgetfile] WARNING: Unknown VALIDATION_ALG:type=2, length=0
2026-02-12 10:43:35.940 [cefgetfile] WARNING: Unknown VALIDATION_ALG:type=2, length=0
2026-02-12 10:43:35.941 [cefgetfile] WARNING: Unknown VALIDATION_ALG:type=2, length=0
2026-02-12 10:43:35.942 [cefgetfile] WARNING: Unknown VALIDATION_ALG:type=2, length=0
2026-02-12 10:43:35.943 [cefgetfile] WARNING: Unknown VALIDATION_ALG:type=2, length=0
2026-02-12 10:43:35.944 [cefgetfile] WARNING: Unknown VALIDATION_ALG:type=2, length=0
2026-02-12 10:43:35.946 [cefgetfile] WARNING: Unknown VALIDATION_ALG:type=2, length=0
2026-02-12 10:43:35.947 [cefgetfile] WARNING: Unknown VALIDATION_ALG:type=2, length=0
2026-02-12 10:43:35.948 [cefgetfile] WARNING: Unknown VALIDATION_ALG:type=2, length=0
2026-02-12 10:43:35.949 [cefgetfile] WARNING: Unknown VALIDATION_ALG:type=2, length=0
2026-02-12 10:43:35.950 [cefgetfile] WARNING: Unknown VALIDATION_ALG:type=2, length=0
2026-02-12 10:43:35.952 [cefgetfile] WARNING: Unknown VALIDATION_ALG:type=2, length=0
2026-02-12 10:43:35.953 [cefgetfile] WARNING: Unknown VALIDATION_ALG:type=2, length=0
2026-02-12 10:43:35.954 [cefgetfile] WARNING: Unknown VALIDATION_ALG:type=2, length=0
2026-02-12 10:43:35.955 [cefgetfile] WARNING: Unknown VALIDATION_ALG:type=2, length=0
2026-02-12 10:43:35.956 [cefgetfile] WARNING: Unknown VALIDATION_ALG:type=2, length=0
2026-02-12 10:43:35.959 [cefgetfile] WARNING: Unknown VALIDATION_ALG:type=2, length=0
2026-02-12 10:43:35.959 [cefgetfile] WARNING: Unknown VALIDATION_ALG:type=2, length=0
2026-02-12 10:43:35.961 [cefgetfile] WARNING: Unknown VALIDATION_ALG:type=2, length=0
2026-02-12 10:43:35.962 [cefgetfile] WARNING: Unknown VALIDATION_ALG:type=2, length=0
2026-02-12 10:43:35.964 [cefgetfile] WARNING: Unknown VALIDATION_ALG:type=2, length=0
2026-02-12 10:43:35.965 [cefgetfile] WARNING: Unknown VALIDATION_ALG:type=2, length=0
2026-02-12 10:43:35.968 [cefgetfile] WARNING: Unknown VALIDATION_ALG:type=2, length=0
2026-02-12 10:43:35.968 [cefgetfile] WARNING: Unknown VALIDATION_ALG:type=2, length=0
2026-02-12 10:43:35.971 [cefgetfile] WARNING: Unknown VALIDATION_ALG:type=2, length=0
2026-02-12 10:43:35.972 [cefgetfile] WARNING: Unknown VALIDATION_ALG:type=2, length=0
2026-02-12 10:43:35.975 [cefgetfile] WARNING: Unknown VALIDATION_ALG:type=2, length=0
2026-02-12 10:43:35.975 [cefgetfile] WARNING: Unknown VALIDATION_ALG:type=2, length=0
2026-02-12 10:43:35.978 [cefgetfile] WARNING: Unknown VALIDATION_ALG:type=2, length=0
2026-02-12 10:43:35.979 [cefgetfile] WARNING: Unknown VALIDATION_ALG:type=2, length=0
2026-02-12 10:43:35.981 [cefgetfile] WARNING: Unknown VALIDATION_ALG:type=2, length=0
2026-02-12 10:43:35.982 [cefgetfile] WARNING: Unknown VALIDATION_ALG:type=2, length=0
2026-02-12 10:43:35.984 [cefgetfile] WARNING: Unknown VALIDATION_ALG:type=2, length=0
2026-02-12 10:43:35.985 [cefgetfile] WARNING: Unknown VALIDATION_ALG:type=2, length=0
2026-02-12 10:43:35.987 [cefgetfile] WARNING: Unknown VALIDATION_ALG:type=2, length=0
2026-02-12 10:43:35.987 [cefgetfile] WARNING: Unknown VALIDATION_ALG:type=2, length=0
2026-02-12 10:43:35.988 [cefgetfile] WARNING: Unknown VALIDATION_ALG:type=2, length=0
2026-02-12 10:43:35.989 [cefgetfile] WARNING: Unknown VALIDATION_ALG:type=2, length=0
2026-02-12 10:43:35.990 [cefgetfile] WARNING: Unknown VALIDATION_ALG:type=2, length=0
2026-02-12 10:43:35.991 [cefgetfile] WARNING: Unknown VALIDATION_ALG:type=2, length=0
2026-02-12 10:43:35.994 [cefgetfile] WARNING: Unknown VALIDATION_ALG:type=2, length=0
2026-02-12 10:43:35.995 [cefgetfile] WARNING: Unknown VALIDATION_ALG:type=2, length=0
2026-02-12 10:43:35.995 [cefgetfile] WARNING: Unknown VALIDATION_ALG:type=2, length=0
2026-02-12 10:43:35.995 [cefgetfile] WARNING: Unknown VALIDATION_ALG:type=2, length=0
2026-02-12 10:43:36.001 [cefgetfile] WARNING: Unknown VALIDATION_ALG:type=2, length=0
2026-02-12 10:43:36.001 [cefgetfile] WARNING: Unknown VALIDATION_ALG:type=2, length=0
2026-02-12 10:43:36.003 [cefgetfile] WARNING: Unknown VALIDATION_ALG:type=2, length=0
2026-02-12 10:43:36.004 [cefgetfile] WARNING: Unknown VALIDATION_ALG:type=2, length=0
2026-02-12 10:43:36.009 [cefgetfile] WARNING: Unknown VALIDATION_ALG:type=2, length=0
2026-02-12 10:43:36.011 [cefgetfile] WARNING: Unknown VALIDATION_ALG:type=2, length=0
2026-02-12 10:43:36.012 [cefgetfile] WARNING: Unknown VALIDATION_ALG:type=2, length=0
2026-02-12 10:43:36.014 [cefgetfile] WARNING: Unknown VALIDATION_ALG:type=2, length=0
2026-02-12 10:43:36.018 [cefgetfile] WARNING: Unknown VALIDATION_ALG:type=2, length=0
2026-02-12 10:43:36.019 [cefgetfile] WARNING: Unknown VALIDATION_ALG:type=2, length=0
2026-02-12 10:43:36.021 [cefgetfile] WARNING: Unknown VALIDATION_ALG:type=2, length=0
2026-02-12 10:43:36.023 [cefgetfile] WARNING: Unknown VALIDATION_ALG:type=2, length=0
2026-02-12 10:43:36.024 [cefgetfile] WARNING: Unknown VALIDATION_ALG:type=2, length=0
2026-02-12 10:43:36.025 [cefgetfile] WARNING: Unknown VALIDATION_ALG:type=2, length=0
2026-02-12 10:43:36.027 [cefgetfile] WARNING: Unknown VALIDATION_ALG:type=2, length=0
2026-02-12 10:43:36.028 [cefgetfile] WARNING: Unknown VALIDATION_ALG:type=2, length=0
2026-02-12 10:43:36.030 [cefgetfile] WARNING: Unknown VALIDATION_ALG:type=2, length=0
2026-02-12 10:43:36.031 [cefgetfile] WARNING: Unknown VALIDATION_ALG:type=2, length=0
2026-02-12 10:43:36.033 [cefgetfile] WARNING: Unknown VALIDATION_ALG:type=2, length=0
2026-02-12 10:43:36.035 [cefgetfile] WARNING: Unknown VALIDATION_ALG:type=2, length=0
2026-02-12 10:43:36.036 [cefgetfile] WARNING: Unknown VALIDATION_ALG:type=2, length=0
2026-02-12 10:43:36.037 [cefgetfile] WARNING: Unknown VALIDATION_ALG:type=2, length=0
2026-02-12 10:43:36.038 [cefgetfile] WARNING: Unknown VALIDATION_ALG:type=2, length=0
2026-02-12 10:43:36.039 [cefgetfile] WARNING: Unknown VALIDATION_ALG:type=2, length=0
2026-02-12 10:43:36.040 [cefgetfile] WARNING: Unknown VALIDATION_ALG:type=2, length=0
2026-02-12 10:43:36.041 [cefgetfile] WARNING: Unknown VALIDATION_ALG:type=2, length=0
2026-02-12 10:43:36.041 [cefgetfile] WARNING: Unknown VALIDATION_ALG:type=2, length=0
2026-02-12 10:43:36.042 [cefgetfile] WARNING: Unknown VALIDATION_ALG:type=2, length=0
2026-02-12 10:43:36.043 [cefgetfile] WARNING: Unknown VALIDATION_ALG:type=2, length=0
2026-02-12 10:43:36.044 [cefgetfile] WARNING: Unknown VALIDATION_ALG:type=2, length=0
2026-02-12 10:43:36.046 [cefgetfile] WARNING: Unknown VALIDATION_ALG:type=2, length=0
2026-02-12 10:43:36.047 [cefgetfile] WARNING: Unknown VALIDATION_ALG:type=2, length=0
2026-02-12 10:43:36.048 [cefgetfile] WARNING: Unknown VALIDATION_ALG:type=2, length=0
2026-02-12 10:43:36.050 [cefgetfile] WARNING: Unknown VALIDATION_ALG:type=2, length=0
2026-02-12 10:43:36.051 [cefgetfile] WARNING: Unknown VALIDATION_ALG:type=2, length=0
2026-02-12 10:43:36.052 [cefgetfile] WARNING: Unknown VALIDATION_ALG:type=2, length=0
2026-02-12 10:43:36.053 [cefgetfile] WARNING: Unknown VALIDATION_ALG:type=2, length=0
2026-02-12 10:43:36.055 [cefgetfile] WARNING: Unknown VALIDATION_ALG:type=2, length=0
2026-02-12 10:43:36.056 [cefgetfile] WARNING: Unknown VALIDATION_ALG:type=2, length=0
2026-02-12 10:43:36.058 [cefgetfile] WARNING: Unknown VALIDATION_ALG:type=2, length=0
2026-02-12 10:43:36.059 [cefgetfile] WARNING: Unknown VALIDATION_ALG:type=2, length=0
2026-02-12 10:43:36.060 [cefgetfile] WARNING: Unknown VALIDATION_ALG:type=2, length=0
2026-02-12 10:43:36.063 [cefgetfile] WARNING: Unknown VALIDATION_ALG:type=2, length=0
2026-02-12 10:43:36.065 [cefgetfile] WARNING: Unknown VALIDATION_ALG:type=2, length=0
2026-02-12 10:43:36.066 [cefgetfile] WARNING: Unknown VALIDATION_ALG:type=2, length=0
2026-02-12 10:43:36.069 [cefgetfile] WARNING: Unknown VALIDATION_ALG:type=2, length=0
2026-02-12 10:43:36.072 [cefgetfile] WARNING: Unknown VALIDATION_ALG:type=2, length=0
2026-02-12 10:43:36.074 [cefgetfile] WARNING: Unknown VALIDATION_ALG:type=2, length=0
2026-02-12 10:43:36.076 [cefgetfile] WARNING: Unknown VALIDATION_ALG:type=2, length=0
2026-02-12 10:43:36.078 [cefgetfile] WARNING: Unknown VALIDATION_ALG:type=2, length=0
2026-02-12 10:43:36.079 [cefgetfile] WARNING: Unknown VALIDATION_ALG:type=2, length=0
2026-02-12 10:43:36.080 [cefgetfile] WARNING: Unknown VALIDATION_ALG:type=2, length=0
2026-02-12 10:43:36.081 [cefgetfile] WARNING: Unknown VALIDATION_ALG:type=2, length=0
2026-02-12 10:43:36.081 [cefgetfile] WARNING: Unknown VALIDATION_ALG:type=2, length=0
2026-02-12 10:43:36.083 [cefgetfile] WARNING: Unknown VALIDATION_ALG:type=2, length=0
2026-02-12 10:43:36.083 [cefgetfile] WARNING: Unknown VALIDATION_ALG:type=2, length=0
2026-02-12 10:43:36.084 [cefgetfile] WARNING: Unknown VALIDATION_ALG:type=2, length=0
2026-02-12 10:43:36.085 [cefgetfile] WARNING: Unknown VALIDATION_ALG:type=2, length=0
2026-02-12 10:43:36.086 [cefgetfile] WARNING: Unknown VALIDATION_ALG:type=2, length=0
2026-02-12 10:43:36.087 [cefgetfile] WARNING: Unknown VALIDATION_ALG:type=2, length=0
2026-02-12 10:43:36.089 [cefgetfile] WARNING: Unknown VALIDATION_ALG:type=2, length=0
2026-02-12 10:43:36.089 [cefgetfile] WARNING: Unknown VALIDATION_ALG:type=2, length=0
2026-02-12 10:43:36.091 [cefgetfile] WARNING: Unknown VALIDATION_ALG:type=2, length=0
2026-02-12 10:43:36.091 [cefgetfile] WARNING: Unknown VALIDATION_ALG:type=2, length=0
2026-02-12 10:43:36.093 [cefgetfile] WARNING: Unknown VALIDATION_ALG:type=2, length=0
2026-02-12 10:43:36.094 [cefgetfile] WARNING: Unknown VALIDATION_ALG:type=2, length=0
2026-02-12 10:43:36.096 [cefgetfile] WARNING: Unknown VALIDATION_ALG:type=2, length=0
2026-02-12 10:43:36.097 [cefgetfile] WARNING: Unknown VALIDATION_ALG:type=2, length=0
2026-02-12 10:43:36.100 [cefgetfile] WARNING: Unknown VALIDATION_ALG:type=2, length=0
2026-02-12 10:43:36.101 [cefgetfile] WARNING: Unknown VALIDATION_ALG:type=2, length=0
2026-02-12 10:43:36.102 [cefgetfile] WARNING: Unknown VALIDATION_ALG:type=2, length=0
2026-02-12 10:43:36.103 [cefgetfile] WARNING: Unknown VALIDATION_ALG:type=2, length=0
2026-02-12 10:43:36.105 [cefgetfile] WARNING: Unknown VALIDATION_ALG:type=2, length=0
2026-02-12 10:43:36.106 [cefgetfile] WARNING: Unknown VALIDATION_ALG:type=2, length=0
2026-02-12 10:43:36.107 [cefgetfile] WARNING: Unknown VALIDATION_ALG:type=2, length=0
2026-02-12 10:43:36.107 [cefgetfile] WARNING: Unknown VALIDATION_ALG:type=2, length=0
2026-02-12 10:43:36.108 [cefgetfile] WARNING: Unknown VALIDATION_ALG:type=2, length=0
[cefgetfile] Completed to get all the chunks.
[cefgetfile] Unconnect to cefnetd ... OK
[cefgetfile] Terminate
[cefgetfile] Rx Frames (All)           = 847
[cefgetfile] Rx Frames (ContentObject) = 847
[cefgetfile] Rx Bytes (All)            = 463882
[cefgetfile] Rx Bytes (ContentObject)  = 433390
[cefgetfile] Duration                  = 1.309 sec
[cefgetfile] Throughput                = 2836695 bps
[cefgetfile] Goodput                   = 2650233 bps
[cefgetfile] Jitter (Ave)              = 1544 us
[cefgetfile] Jitter (Max)              = 56171 us
[cefgetfile] Jitter (Var)              = 4529653 us
