[cefgetfile] Start
[cefgetfile] Parsing parameters ...OK
2026-02-12 10:43:11.377 [cefgetfile] INFO: [client] Config directory is ./h8
2026-02-12 10:43:11.377 [cefgetfile] INFO: [client] Local Socket Name is /tmp/cef_9695.8
2026-02-12 10:43:11.377 [cefgetfile] INFO: [client] Listen Port is 9695
[cefgetfile] Init Cefore Client package ... OK
[cefgetfile] Conversion from URI into Name ... OK
[cefgetfile] Checking the output file ... OK
[cefgetfile] Connect to cefnetd ... OK
[cefgetfile] URI=ccnx:/test/data/content1
[cefgetfile] Start sending Interests
2026-02-12 10:43:11.405 [cefgetfile] WARNING: Unknown VALIDATION_ALG:type=2, length=0
2026-02-12 10:43:11.405 [cefgetfile] WARNING: Unknown VALIDATION_ALG:type=2, length=0
2026-02-12 10:43:11.406 [cefgetfile] WARNING: Unknown VALIDATION_ALG:type=2, length=0
2026-02-12 10:43:11.406 [cefgetfile] WARNING: Unknown VALIDATION_ALG:type=2, length=0
2026-02-12 10:43:11.409 [cefgetfile] WARNING: Unknown VALIDATION_ALG:type=2, length=0
2026-02-12 10:43:11.409 [cefgetfile] WARNING: Unknown VALIDATION_ALG:type=2, length=0
2026-02-12 10:43:11.410 [cefgetfile] WARNING: Unknown VALIDATION_ALG:type=2, length=0
2026-02-12 10:43:11.411 [cefgetfile] WARNING: Unknown VALIDATION_ALG:type=2, length=0
2026-02-12 10:43:11.412 [cefgetfile] WARNING: Unknown VALIDATION_ALG:type=2, length=0
2026-02-12 10:43:11.413 [cefgetfile] WARNING: Unknown VALIDATION_ALG:type=2, length=0
2026-02-12 10:43:11.414 [cefgetfile] WARNING: Unknown VALIDATION_ALG:type=2, length=0
2026-02-12 10:43:11.414 [cefgetfile] WARNING: Unknown VALIDATION_ALG:type=2, length=0
2026-02-12 10:43:11.416 [cefgetfile] WARNING: Unknown VALIDATION_ALG:type=2, length=0
2026-02-12 10:43:11.416 [cefgetfile] WARNING: Unknown VALIDATION_ALG:type=2, length=0
2026-02-12 10:43:11.417 [cefgetfile] WARNING: Unknown VALIDATION_ALG:type=2, length=0
2026-02-12 10:43:11.417 [cefgetfile] WARNING: Unknown VALIDATION_ALG:type=2, length=0
2026-02-12 10:43:11.419 [cefgetfile] WARNING: Unknown VALIDATION_ALG:type=2, length=0
2026-02-12 10:43:11.419 [cefgetfile] WARNING: Unknown VALIDATION_ALG:type=2, length=0
2026-02-12 10:43:11.419 [cefgetfile] WARNING: Unknown VALIDATION_ALG:type=2, length=0
2026-02-12 10:43:11.421 [cefgetfile] WARNING: Unknown VALIDATION_ALG:type=2, length=0
2026-02-12 10:43:11.421 [cefgetfile] WARNING: Unknown VALIDATION_ALG:type=2, length=0
2026-02-12 10:43:11.422 [cefgetfile] WARNING: Unknown VALIDATION_ALG:type=2, length=0
2026-02-12 10:43:11.422 [cefgetfile] WARNING: Unknown VALIDATION_ALG:type=2, length=0
2026-02-12 10:43:11.423 [cefgetfile] WARNING: Unknown VALIDATION_ALG:type=2, length=0
2026-02-12 10:43:11.424 [cefgetfile] WARNING: Unknown VALIDATION_ALG:type=2, length=0
2026-02-12 10:43:11.424 [cefgetfile] WARNING: Unknown VALIDATION_ALG:type=2, length=0
2026-02-12 10:43:11.425 [cefgetfile] WARNING: Unknown VALIDATION_ALG:type=2, length=0
2026-02-12 10:43:11.426 [cefgetfile] WARNING: Unknown VALIDATION_ALG:type=2, length=0
2026-02-12 10:43:11.427 [cefgetfile] WARNING: Unknown VALIDATION_ALG:type=2, length=0
2026-02-12 10:43:11.428 [cefgetfile] WARNING: Unknown VALIDATION_ALG:type=2, length=0
2026-02-12 10:43:11.428 [cefgetfile] WARNING: Unknown VALIDATION_ALG:type=2, length=0
2026-02-12 10:43:11.429 [cefgetfile] WARNING: Unknown VALIDATION_ALG:type=2, length=0
2026-02-12 10:43:11.431 [cefgetfile] WARNING: Unknown VALIDATION_ALG:type=2, length=0
2026-02-12 10:43:11.431 [cefgetfile] WARNING: Unknown VALIDATION_ALG:type=2, length=0
2026-02-12 10:43:11.432 [cefgetfile] WARNING: Unknown VALIDATION_ALG:type=2, length=0
2026-02-12 10:43:11.433 [cefgetfile] WARNING: Unknown VALIDATION_ALG:type=2, length=0
2026-02-12 10:43:11.435 [cefgetfile] WARNING: Unknown VALIDATION_ALG:type=2, length=0
2026-02-12 10:43:11.436 [cefgetfile] WARNING: Unknown VALIDATION_ALG:type=2, length=0
2026-02-12 10:43:11.436 [cefgetfile] WARNING: Unknown VALIDATION_ALG:type=2, length=0
2026-02-12 10:43:11.437 [cefgetfile] WARNING: Unknown VALIDATION_ALG:type=2, length=0
2026-02-12 10:43:11.438 [cefgetfile] WARNING: Unknown VALIDATION_ALG:type=2, length=0
2026-02-12 10:43:11.439 [cefgetfile] WARNING: Unknown VALIDATION_ALG:type=2, length=0
2026-02-12 10:43:11.440 [cefgetfile] WARNING: Unknown VALIDATION_ALG:type=2, length=0
2026-02-12 10:43:11.440 [cefgetfile] WARNING: Unknown VALIDATION_ALG:type=2, length=0
2026-02-12 10:43:11.441 [cefgetfile] WARNING: Unknown VALIDATION_ALG:type=2, length=0
2026-02-12 10:43:11.442 [cefgetfile] WARNING: Unknown VALIDATION_ALG:type=2, length=0
2026-02-12 10:43:11.443 [cefgetfile] WARNING: Unknown VALIDATION_ALG:type=2, length=0
2026-02-12 10:43:11.444 [cefgetfile] WARNING: Unknown VALIDATION_ALG:type=2, length=0
2026-02-12 10:43:11.445 [cefgetfile] WARNING: Unknown VALIDATION_ALG:type=2, length=0
2026-02-12 10:43:11.446 [cefgetfile] WARNING: Unknown VALIDATION_ALG:type=2, length=0
2026-02-12 10:43:11.447 [cefgetfile] WARNING: Unknown VALIDATION_ALG:type=2, length=0
2026-02-12 10:43:11.447 [cefgetfile] WARNING: Unknown VALIDATION_ALG:type=2, length=0
2026-02-12 10:43:11.448 [cefgetfile] WARNING: Unknown VALIDATION_ALG:type=2, length=0
2026-02-12 10:43:11.449 [cefgetfile] WARNING: Unknown VALIDATION_ALG:type=2, length=0
2026-02-12 10:43:11.450 [cefgetfile] WARNING: Unknown VALIDATION_ALG:type=2, length=0
2026-02-12 10:43:11.450 [cefgetfile] WARNING: Unknown VALIDATION_ALG:type=2, length=0
2026-02-12 10:43:11.451 [cefgetfile] WARNING: Unknown VALIDATION_ALG:type=2, length=0
2026-02-12 10:43:11.452 [cefgetfile] WARNING: Unknown VALIDATION_ALG:type=2, length=0
2026-02-12 10:43:11.452 [cefgetfile] WARNING: Unknown VALIDATION_ALG:type=2, length=0
2026-02-12 10:43:11.453 [cefgetfile] WARNING: Unknown VALIDATION_ALG:type=2, length=0
2026-02-12 10:43:11.454 [cefgetfile] WARNING: Unknown VALIDATION_ALG:type=2, length=0
2026-02-12 10:43:11.454 [cefgetfile] WARNING: Unknown VALIDATION_ALG:type=2, length=0
2026-02-12 10:43:11.455 [cefgetfile] WARNING: Unknown VALIDATION_ALG:type=2, length=0
2026-02-12 10:43:11.455 [cefgetfile] WARNING: Unknown VALIDATION_ALG:type=2, length=0
2026-02-12 10:43:11.456 [cefgetfile] WARNING: Unknown VALIDATION_ALG:type=2, length=0
2026-02-12 10:43:11.456 [cefgetfile] WARNING: Unknown VALIDATION_ALG:type=2, length=0
2026-02-12 10:43:11.457 [cefgetfile] WARNING: Unknown VALIDATION_ALG:type=2, length=0
2026-02-12 10:43:11.457 [cefgetfile] WARNING: Unknown VALIDATION_ALG:type=2, length=0
2026-02-12 10:43:11.458 [cefgetfile] WARNING: Unknown VALIDATION_ALG:type=2, length=0
2026-02-12 10:43:11.458 [cefgetfile] WARNING: Unknown VALIDATION_ALG:type=2, length=0
2026-02-12 10:43:11.459 [cefgetfile] WARNING: Unknown VALIDATION_ALG:type=2, length=0
2026-02-12 10:43:11.459 [cefgetfile] WARNING: Unknown VALIDATION_ALG:type=2, length=0
2026-02-12 10:43:11.460 [cefgetfile] WARNING: Unknown VALIDATION_ALG:type=2, length=0
2026-02-12 10:43:11.460 [cefgetfile] WARNING: Unknown VALIDATION_ALG:type=2, length=0
2026-02-12 10:43:11.460 [cefgetfile] WARNING: Unknown VALIDATION_ALG:type=2, length=0
2026-02-12 10:43:11.461 [cefgetfile] WARNING: Unknown VALIDATION_ALG:type=2, length=0
2026-02-12 10:43:11.462 [cefgetfile] WARNING: Unknown VALIDATION_ALG:type=2, length=0
2026-02-12 10:43:11.462 [cefgetfile] WARNING: Unknown VALIDATION_ALG:type=2, length=0
2026-02-12 10:43:11.462 [cefgetfile] WARNING: Unknown VALIDATION_ALG:type=2, length=0
2026-02-12 10:43:11.463 [cefgetfile] WARNING: Unknown VALIDATION_ALG:type=2, length=0
2026-02-12 10:43:11.464 [cefgetfile] WARNING: Unknown VALIDATION_ALG:type=2, length=0
2026-02-12 10:43:11.464 [cefgetfile] WARNING: Unknown VALIDATION_ALG:type=2, length=0
2026-02-12 10:43:11.464 [cefgetfile] WARNING: Unknown VALIDATION_ALG:type=2, length=0
2026-02-12 10:43:11.465 [cefgetfile] WARNING: Unknown VALIDATION_ALG:type=2, length=0
2026-02-12 10:43:11.465 [cefgetfile] WARNING: Unknown VALIDATION_ALG:type=2, length=0
2026-02-12 10:43:11.466 [cefgetfile] WARNING: Unknown VALIDATION_ALG:type=2, length=0
2026-02-12 10:43:11.466 [cefgetfile] WARNING: Unknown VALIDATION_ALG:type=2, length=0
2026-02-12 10:43:11.467 [cefgetfile] WARNING: Unknown VALIDATION_ALG:type=2, length=0
2026-02-12 10:43:11.467 [cefgetfile] WARNING: Unknown VALIDATION_ALG:type=2, length=0
2026-02-12 10:43:11.468 [cefgetfile] WARNING: Unknown VALIDATION_ALG:type=2, length=0
2026-02-12 10:43:11.468 [cefgetfile] WARNING: Unknown VALIDATION_ALG:type=2, length=0
2026-02-12 10:43:11.469 [cefgetfile] WARNING: Unknown VALIDATION_ALG:type=2, length=0
2026-02-12 10:43:11.469 [cefgetfile] WARNING: Unknown VALIDATION_ALG:type=2, length=0
2026-02-12 10:43:11.470 [cefgetfile] WARNING: Unknown VALIDATION_ALG:type=2, length=0
2026-02-12 10:43:11.470 [cefgetfile] WARNING: Unknown VALIDATION_ALG:type=2, length=0
2026-02-12 10:43:11.471 [cefgetfile] WARNING: Unknown VALIDATION_ALG:type=2, length=0
2026-02-12 10:43:11.471 [cefgetfile] WARNING: Unknown VALIDATION_ALG:type=2, length=0
2026-02-12 10:43:11.472 [cefgetfile] WARNING: Unknown VALIDATION_ALG:type=2, length=0
2026-02-12 10:43:11.473 [cefgetfile] WARNING: Unknown VALIDATION_ALG:type=2, length=0
2026-02-12 10:43:11.474 [cefgetfile] WARNING: Unknown VALIDATION_ALG:type=2, length=0
2026-02-12 10:43:11.475 [cefgetfile] WARNING: Unknown VALIDATION_ALG:type=2, length=0
2026-02-12 10:43:11.475 [cefgetfile] WARNING: Unknown VALIDATION_ALG:type=2, length=0
2026-02-12 10:43:11.477 [cefgetfile] WARNING: Unknown VALIDATION_ALG:type=2, length=0
2026-02-12 10:43:11.478 [cefgetfile] WARNING: Unknown VALIDATION_ALG:type=2, length=0
2026-02-12 10:43:11.478 [cefgetfile] WARNING: Unknown VALIDATION_ALG:type=2, length=0
2026-02-12 10:43:11.479 [cefgetfile] WARNING: Unknown VALIDATION_ALG:type=2, length=0
2026-02-12 10:43:11.480 [cefgetfile] WARNING: Unknown VALIDATION_ALG:type=2, length=0
2026-02-12 10:43:11.483 [cefgetfile] WARNING: Unknown VALIDATION_ALG:type=2, length=0
2026-02-12 10:43:11.483 [cefgetfile] WARNING: Unknown VALIDATION_ALG:type=2, length=0
2026-02-12 10:43:11.483 [cefgetfile] WARNING: Unknown VALIDATION_ALG:type=2, length=0
2026-02-12 10:43:11.484 [cefgetfile] WARNING: Unknown VALIDATION_ALG:type=2, length=0
2026-02-12 10:43:11.488 [cefgetfile] WARNING: Unknown VALIDATION_ALG:type=2, length=0
2026-02-12 10:43:11.488 [cefgetfile] WARNING: Unknown VALIDATION_ALG:type=2, length=0
2026-02-12 10:43:11.489 [cefgetfile] WARNING: Unknown VALIDATION_ALG:type=2, length=0
2026-02-12 10:43:11.490 [cefgetfile] WARNING: Unknown VALIDATION_ALG:type=2, length=0
2026-02-12 10:43:11.491 [cefgetfile] WARNING: Unknown VALIDATION_ALG:type=2, length=0
2026-02-12 10:43:11.492 [cefgetfile] WARNING: Unknown VALIDATION_ALG:type=2, length=0
2026-02-12 10:43:11.493 [cefgetfile] WARNING: Unknown VALIDATION_ALG:type=2, length=0
2026-02-12 10:43:11.494 [cefgetfile] WARNING: Unknown VALIDATION_ALG:type=2, length=0
2026-02-12 10:43:11.495 [cefgetfile] WARNING: Unknown VALIDATION_ALG:type=2, length=0
2026-02-12 10:43:11.496 [cefgetfile] WARNING: Unknown VALIDATION_ALG:type=2, length=0
2026-02-12 10:43:11.497 [cefgetfile] WARNING: Unknown VALIDATION_ALG:type=2, length=0
2026-02-12 10:43:11.498 [cefgetfile] WARNING: Unknown VALIDATION_ALG:type=2, length=0
2026-02-12 10:43:11.499 [cefgetfile] WARNING: Unknown VALIDATION_ALG:type=2, length=0
2026-02-12 10:43:11.499 [cefgetfile] WARNING: Unknown VALIDATION_ALG:type=2, length=0
2026-02-12 10:43:11.501 [cefgetfile] WARNING: Unknown VALIDATION_ALG:type=2, length=0
2026-02-12 10:43:11.502 [cefgetfile] WARNING: Unknown VALIDATION_ALG:type=2, length=0
2026-02-12 10:43:11.503 [cefgetfile] WARNING: Unknown VALIDATION_ALG:type=2, length=0
2026-02-12 10:43:11.504 [cefgetfile] WARNING: Unknown VALIDATION_ALG:type=2, length=0
2026-02-12 10:43:11.506 [cefgetfile] WARNING: Unknown VALIDATION_ALG:type=2, length=0
2026-02-12 10:43:11.507 [cefgetfile] WARNING: Unknown VALIDATION_ALG:type=2, length=0
2026-02-12 10:43:11.509 [cefgetfile] WARNING: Unknown VALIDATION_ALG:type=2, length=0
2026-02-12 10:43:11.510 [cefgetfile] WARNING: Unknown VALIDATION_ALG:type=2, length=0
2026-02-12 10:43:11.510 [cefgetfile] WARNING: Unknown VALIDATION_ALG:type=2, length=0
2026-02-12 10:43:11.512 [cefgetfile] WARNING: Unknown VALIDATION_ALG:type=2, length=0
2026-02-12 10:43:11.512 [cefgetfile] WARNING: Unknown VALIDATION_ALG:type=2, length=0
2026-02-12 10:43:11.513 [cefgetfile] WARNING: Unknown VALIDATION_ALG:type=2, length=0
2026-02-12 10:43:11.514 [cefgetfile] WARNING: Unknown VALIDATION_ALG:type=2, length=0
2026-02-12 10:43:11.515 [cefgetfile] WARNING: Unknown VALIDATION_ALG:type=2, length=0
2026-02-12 10:43:11.516 [cefgetfile] WARNING: Unknown VALIDATION_ALG:type=2, length=0
2026-02-12 10:43:11.516 [cefgetfile] WARNING: Unknown VALIDATION_ALG:type=2, length=0
2026-02-12 10:43:11.517 [cefgetfile] WARNING: Unknown VALIDATION_ALG:type=2, length=0
2026-02-12 10:43:11.518 [cefgetfile] WARNING: Unknown VALIDATION_ALG:type=2, length=0
2026-02-12 10:43:11.518 [cefgetfile] WARNING: Unknown VALIDATION_ALG:type=2, length=0
2026-02-12 10:43:11.519 [cefgetfile] WARNING: Unknown VALIDATION_ALG:type=2, length=0
2026-02-12 10:43:11.519 [cefgetfile] WARNING: Unknown VALIDATION_ALG:type=2, length=0
2026-02-12 10:43:11.520 [cefgetfile] WARNING: Unknown VALIDATION_ALG:type=2, length=0
2026-02-12 10:43:11.520 [cefgetfile] WARNING: Unknown VALIDATION_ALG:type=2, length=0
2026-02-12 10:43:11.521 [cefgetfile] WARNING: Unknown VALIDATION_ALG:type=2, length=0
2026-02-12 10:43:11.521 [cefgetfile] WARNING: Unknown VALIDATION_ALG:type=2, length=0
2026-02-12 10:43:11.522 [cefgetfile] WARNING: Unknown VALIDATION_ALG:type=2, length=0
2026-02-12 10:43:11.522 [cefgetfile] WARNING: Unknown VALIDATION_ALG:type=2, length=0
2026-02-12 10:43:11.523 [cefgetfile] WARNING: Unknown VALIDATION_ALG:type=2, length=0
2026-02-12 10:43:11.523 [cefgetfile] WARNING: Unknown VALIDATION_ALG:type=2, length=0
2026-02-12 10:43:11.524 [cefgetfile] WARNING: Unknown VALIDATION_ALG:type=2, length=0
2026-02-12 10:43:11.524 [cefgetfile] WARNING: Unknown VALIDATION_ALG:type=2, length=0
2026-02-12 10:43:11.525 [cefgetfile] WARNING: Unknown VALIDATION_ALG:type=2, length=0
2026-02-12 10:43:11.525 [cefgetfile] WARNING: Unknown VALIDATION_ALG:type=2, length=0
2026-02-12 10:43:11.526 [cefgetfile] WARNING: Unknown VALIDATION_ALG:type=2, length=0
2026-02-12 10:43:11.526 [cefgetfile] WARNING: Unknown VALIDATION_ALG:type=2, length=0
2026-02-12 10:43:11.527 [cefgetfile] WARNING: Unknown VALIDATION_ALG:type=2, length=0
2026-02-12 10:43:11.528 [cefgetfile] WARNING: Unknown VALIDATION_ALG:type=2, length=0
2026-02-12 10:43:11.528 [cefgetfile] WARNING: Unknown VALIDATION_ALG:type=2, length=0
2026-02-12 10:43:11.529 [cefgetfile] WARNING: Unknown VALIDATION_ALG:type=2, length=0
2026-02-12 10:43:11.529 [cefgetfile] WARNING: Unknown VALIDATION_ALG:type=2, length=0
2026-02-12 10:43:11.530 [cefgetfile] WARNING: Unknown VALIDATION_ALG:type=2, length=0
2026-02-12 10:43:11.531 [cefgetfile] WARNING: Unknown VALIDATION_ALG:type=2, length=0
2026-02-12 10:43:11.532 [cefgetfile] WARNING: Unknown VALIDATION_ALG:type=2, length=0
2026-02-12 10:43:11.533 [cefgetfile] WARNING: Unknown VALIDATION_ALG:type=2, length=0
2026-02-12 10:43:11.534 [cefgetfile] WARNING: Unknown VALIDATION_ALG:type=2, length=0
2026-02-12 10:43:11.534 [cefgetfile] WARNING: Unknown VALIDATION_ALG:type=2, length=0
2026-02-12 10:43:11.535 [cefgetfile] WARNING: Unknown VALIDATION_ALG:type=2, length=0
2026-02-12 10:43:11.536 [cefgetfile] WARNING: Unknown VALIDATION_ALG:type=2, length=0
2026-02-12 10:43:11.537 [cefgetfile] WARNING: Unknown VALIDATION_ALG:type=2, length=0
2026-02-12 10:43:11.537 [cefgetfile] WARNING: Unknown VALIDATION_ALG:type=2, length=0
2026-02-12 10:43:11.537 [cefgetfile] WARNING: Unknown VALIDATION_ALG:type=2, length=0
2026-02-12 10:43:11.538 [cefgetfile] WARNING: Unknown VALIDATION_ALG:type=2, length=0
2026-02-12 10:43:11.539 [cefgetfile] WARNING: Unknown VALIDATION_ALG:type=2, length=0
2026-02-12 10:43:11.539 [cefgetfile] WARNING: Unknown VALIDATION_ALG:type=2, length=0
2026-02-12 10:43:11.540 [cefgetfile] WARNING: Unknown VALIDATION_ALG:type=2, length=0
2026-02-12 10:43:11.540 [cefgetfile] WARNING: Unknown VALIDATION_ALG:type=2, length=0
2026-02-12 10:43:11.541 [cefgetfile] WARNING: Unknown VALIDATION_ALG:type=2, length=0
2026-02-12 10:43:11.541 [cefgetfile] WARNING: Unknown VALIDATION_ALG:type=2, length=0
2026-02-12 10:43:11.542 [cefgetfile] WARNING: Unknown VALIDATION_ALG:type=2, length=0
2026-02-12 10:43:11.542 [cefgetfile] WARNING: Unknown VALIDATION_ALG:type=2, length=0
2026-02-12 10:43:11.543 [cefgetfile] WARNING: Unknown VALIDATION_ALG:type=2, length=0
2026-02-12 10:43:11.544 [cefgetfile] WARNING: Unknown VALIDATION_ALG:type=2, length=0
2026-02-12 10:43:11.545 [cefgetfile] WARNING: Unknown VALIDATION_ALG:type=2, length=0
2026-02-12 10:43:11.545 [cefgetfile] WARNING: Unknown VALIDATION_ALG:type=2, length=0
2026-02-12 10:43:11.546 [cefgetfile] WARNING: Unknown VALIDATION_ALG:type=2, length=0
2026-02-12 10:43:11.546 [cefgetfile] WARNING: Unknown VALIDATION_ALG:type=2, length=0
2026-02-12 10:43:11.547 [cefgetfile] WARNING: Unknown VALIDATION_ALG:type=2, length=0
2026-02-12 10:43:11.547 [cefgetfile] WARNING: Unknown VALIDATION_ALG:type=2, length=0
2026-02-12 10:43:11.548 [cefgetfile] WARNING: Unknown VALIDATION_ALG:type=2, length=0
2026-02-12 10:43:11.548 [cefgetfile] WARNING: Unknown VALIDATION_ALG:type=2, length=0
2026-02-12 10:43:11.549 [cefgetfile] WARNING: Unknown VALIDATION_ALG:type=2, length=0
2026-02-12 10:43:11.549 [cefgetfile] WARNING: Unknown VALIDATION_ALG:type=2, length=0
2026-02-12 10:43:11.550 [cefgetfile] WARNING: Unknown VALIDATION_ALG:type=2, length=0
2026-02-12 10:43:11.550 [cefgetfile] WARNING: Unknown VALIDATION_ALG:type=2, length=0
2026-02-12 10:43:11.550 [cefgetfile] WARNING: Unknown VALIDATION_ALG:type=2, length=0
2026-02-12 10:43:11.551 [cefgetfile] WARNING: Unknown VALIDATION_ALG:type=2, length=0
2026-02-12 10:43:11.551 [cefgetfile] WARNING: Unknown VALIDATION_ALG:type=2, length=0
2026-02-12 10:43:11.554 [cefgetfile] WARNING: Unknown VALIDATION_ALG:type=2, length=0
2026-02-12 10:43:11.555 [cefgetfile] WARNING: Unknown VALIDATION_ALG:type=2, length=0
2026-02-12 10:43:11.555 [cefgetfile] WARNING: Unknown VALIDATION_ALG:type=2, length=0
2026-02-12 10:43:11.555 [cefgetfile] WARNING: Unknown VALIDATION_ALG:type=2, length=0
2026-02-12 10:43:11.556 [cefgetfile] WARNING: Unknown VALIDATION_ALG:type=2, length=0
2026-02-12 10:43:11.557 [cefgetfile] WARNING: Unknown VALIDATION_ALG:type=2, length=0
2026-02-12 10:43:11.557 [cefgetfile] WARNING: Unknown VALIDATION_ALG:type=2, length=0
2026-02-12 10:43:11.558 [cefgetfile] WARNING: Unknown VALIDATION_ALG:type=2, length=0
2026-02-12 10:43:11.560 [cefgetfile] WARNING: Unknown VALIDATION_ALG:type=2, length=0
2026-02-12 10:43:11.561 [cefgetfile] WARNING: Unknown VALIDATION_ALG:type=2, length=0
2026-02-12 10:43:11.562 [cefgetfile] WARNING: Unknown VALIDATION_ALG:type=2, length=0
2026-02-12 10:43:11.564 [cefgetfile] WARNING: Unknown VALIDATION_ALG:type=2, length=0
2026-02-12 10:43:11.567 [cefgetfile] WARNING: Unknown VALIDATION_ALG:type=2, length=0
2026-02-12 10:43:11.569 [cefgetfile] WARNING: Unknown VALIDATION_ALG:type=2, length=0
2026-02-12 10:43:11.570 [cefgetfile] WARNING: Unknown VALIDATION_ALG:type=2, length=0
2026-02-12 10:43:11.572 [cefgetfile] WARNING: Unknown VALIDATION_ALG:type=2, length=0
2026-02-12 10:43:11.573 [cefgetfile] WARNING: Unknown VALIDATION_ALG:type=2, length=0
2026-02-12 10:43:11.574 [cefgetfile] WARNING: Unknown VALIDATION_ALG:type=2, length=0
2026-02-12 10:43:11.575 [cefgetfile] WARNING: Unknown VALIDATION_ALG:type=2, length=0
2026-02-12 10:43:11.576 [cefgetfile] WARNING: Unknown VALIDATION_ALG:type=2, length=0
2026-02-12 10:43:11.577 [cefgetfile] WARNING: Unknown VALIDATION_ALG:type=2, length=0
2026-02-12 10:43:11.577 [cefgetfile] WARNING: Unknown VALIDATION_ALG:type=2, length=0
2026-02-12 10:43:11.578 [cefgetfile] WARNING: Unknown VALIDATION_ALG:type=2, length=0
2026-02-12 10:43:11.579 [cefgetfile] WARNING: Unknown VALIDATION_ALG:type=2, length=0
2026-02-12 10:43:11.580 [cefgetfile] WARNING: Unknown VALIDATION_ALG:type=2, length=0
2026-02-12 10:43:11.580 [cefgetfile] WARNING: Unknown VALIDATION_ALG:type=2, length=0
2026-02-12 10:43:11.581 [cefgetfile] WARNING: Unknown VALIDATION_ALG:type=2, length=0
2026-02-12 10:43:11.582 [cefgetfile] WARNING: Unknown VALIDATION_ALG:type=2, length=0
2026-02-12 10:43:11.582 [cefgetfile] WARNING: Unknown VALIDATION_ALG:type=2, length=0
2026-02-12 10:43:11.583 [cefgetfile] WARNING: Unknown VALIDATION_ALG:type=2, length=0
2026-02-12 10:43:11.583 [cefgetfile] WARNING: Unknown VALIDATION_ALG:type=2, length=0
2026-02-12 10:43:11.584 [cefgetfile] WARNING: Unknown VALIDATION_ALG:type=2, length=0
2026-02-12 10:43:11.585 [cefgetfile] WARNING: Unknown VALIDATION_ALG:type=2, length=0
2026-02-12 10:43:11.585 [cefgetfile] WARNING: Unknown VALIDATION_ALG:type=2, length=0
2026-02-12 10:43:11.586 [cefgetfile] WARNING: Unknown VALIDATION_ALG:type=2, length=0
2026-02-12 10:43:11.586 [cefgetfile] WARNING: Unknown VALIDATION_ALG:type=2, length=0
2026-02-12 10:43:11.587 [cefgetfile] WARNING: Unknown VALIDATION_ALG:type=2, length=0
2026-02-12 10:43:11.587 [cefgetfile] WARNING: Unknown VALIDATION_ALG:type=2, length=0
2026-02-12 10:43:11.588 [cefgetfile] WARNING: Unknown VALIDATION_ALG:type=2, length=0
2026-02-12 10:43:11.589 [cefgetfile] WARNING: Unknown VALIDATION_ALG:type=2, length=0
2026-02-12 10:43:11.589 [cefgetfile] WARNING: Unknown VALIDATION_ALG:type=2, length=0
2026-02-12 10:43:11.589 [cefgetfile] WARNING: Unknown VALIDATION_ALG:type=2, length=0
2026-02-12 10:43:11.590 [cefgetfile] WARNING: Unknown VALIDATION_ALG:type=2, length=0
2026-02-12 10:43:11.590 [cefgetfile] WARNING: Unknown VALIDATION_ALG:type=2, length=0
2026-02-12 10:43:11.591 [cefgetfile] WARNING: Unknown VALIDATION_ALG:type=2, length=0
2026-02-12 10:43:11.591 [cefgetfile] WARNING: Unknown VALIDATION_ALG:type=2, length=0
2026-02-12 10:43:11.592 [cefgetfile] WARNING: Unknown VALIDATION_ALG:type=2, length=0
2026-02-12 10:43:11.592 [cefgetfile] WARNING: Unknown VALIDATION_ALG:type=2, length=0
2026-02-12 10:43:11.593 [cefgetfile] WARNING: Unknown VALIDATION_ALG:type=2, length=0
2026-02-12 10:43:11.593 [cefgetfile] WARNING: Unknown VALIDATION_ALG:type=2, length=0
2026-02-12 10:43:11.594 [cefgetfile] WARNING: Unknown VALIDATION_ALG:type=2, length=0
2026-02-12 10:43:11.594 [cefgetfile] WARNING: Unknown VALIDATION_ALG:type=2, length=0
2026-02-12 10:43:11.595 [cefgetfile] WARNING: Unknown VALIDATION_ALG:type=2, length=0
2026-02-12 10:43:11.596 [cefgetfile] WARNING: Unknown VALIDATION_ALG:type=2, length=0
2026-02-12 10:43:11.597 [cefgetfile] WARNING: Unknown VALIDATION_ALG:type=2, length=0
2026-02-12 10:43:11.598 [cefgetfile] WARNING: Unknown VALIDATION_ALG:type=2, length=0
2026-02-12 10:43:11.599 [cefgetfile] WARNING: Unknown VALIDATION_ALG:type=2, length=0
2026-02-12 10:43:11.600 [cefgetfile] WARNING: Unknown VALIDATION_ALG:type=2, length=0
2026-02-12 10:43:11.602 [cefgetfile] WARNING: Unknown VALIDATION_ALG:type=2, length=0
2026-02-12 10:43:11.603 [cefgetfile] WARNING: Unknown VALIDATION_ALG:type=2, length=0
2026-02-12 10:43:11.604 [cefgetfile] WARNING: Unknown VALIDATION_ALG:type=2, length=0
2026-02-12 10:43:11.604 [cefgetfile] WARNING: Unknown VALIDATION_ALG:type=2, length=0
2026-02-12 10:43:11.605 [cefgetfile] WARNING: Unknown VALIDATION_ALG:type=2, length=0
2026-02-12 10:43:11.606 [cefgetfile] WARNING: Unknown VALIDATION_ALG:type=2, length=0
2026-02-12 10:43:11.607 [cefgetfile] WARNING: Unknown VALIDATION_ALG:type=2, length=0
2026-02-12 10:43:11.607 [cefgetfile] WARNING: Unknown VALIDATION_ALG:type=2, length=0
2026-02-12 10:43:11.608 [cefgetfile] WARNING: Unknown VALIDATION_ALG:type=2, length=0
2026-02-12 10:43:11.608 [cefgetfile] WARNING: Unknown VALIDATION_ALG:type=2, length=0
2026-02-12 10:43:11.609 [cefgetfile] WARNING: Unknown VALIDATION_ALG:type=2, length=0
2026-02-12 10:43:11.609 [cefgetfile] WARNING: Unknown VALIDATION_ALG:type=2, length=0
2026-02-12 10:43:11.609 [cefgetfile] WARNING: Unknown VALIDATION_ALG:type=2, length=0
2026-02-12 10:43:11.610 [cefgetfile] WARNING: Unknown VALIDATION_ALG:type=2, length=0
2026-02-12 10:43:11.610 [cefgetfile] WARNING: Unknown VALIDATION_ALG:type=2, length=0
2026-02-12 10:43:11.611 [cefgetfile] WARNING: Unknown VALIDATION_ALG:type=2, length=0
2026-02-12 10:43:11.611 [cefgetfile] WARNING: Unknown VALIDATION_ALG:type=2, length=0
2026-02-12 10:43:11.611 [cefgetfile] WARNING: Unknown VALIDATION_ALG:type=2, length=0
2026-02-12 10:43:11.612 [cefgetfile] WARNING: Unknown VALIDATION_ALG:type=2, length=0
2026-02-12 10:43:11.612 [cefgetfile] WARNING: Unknown VALIDATION_ALG:type=2, length=0
2026-02-12 10:43:11.613 [cefgetfile] WARNING: Unknown VALIDATION_ALG:type=2, length=0
2026-02-12 10:43:11.613 [cefgetfile] WARNING: Unknown VALIDATION_ALG:type=2, length=0
2026-02-12 10:43:11.614 [cefgetfile] WARNING: Unknown VALIDATION_ALG:type=2, length=0
2026-02-12 10:43:11.614 [cefgetfile] WARNING: Unknown VALIDATION_ALG:type=2, length=0
2026-02-12 10:43:11.614 [cefgetfile] WARNING: Unknown VALIDATION_ALG:type=2, length=0
2026-02-12 10:43:11.615 [cefgetfile] WARNING: Unknown VALIDATION_ALG:type=2, length=0
2026-02-12 10:43:11.616 [cefgetfile] WARNING: Unknown VALIDATION_ALG:type=2, length=0
2026-02-12 10:43:11.616 [cefgetfile] WARNING: Unknown VALIDATION_ALG:type=2, length=0
2026-02-12 10:43:11.617 [cefgetfile] WARNING: Unknown VALIDATION_ALG:type=2, length=0
2026-02-12 10:43:11.617 [cefgetfile] WARNING: Unknown VALIDATION_ALG:type=2, length=0
2026-02-12 10:43:11.618 [cefgetfile] WARNING: Unknown VALIDATION_ALG:type=2, length=0
2026-02-12 10:43:11.618 [cefgetfile] WARNING: Unknown VALIDATION_ALG:type=2, length=0
2026-02-12 10:43:11.619 [cefgetfile] WARNING: Unknown VALIDATION_ALG:type=2, length=0
2026-02-12 10:43:11.619 [cefgetfile] WARNING: Unknown VALIDATION_ALG:type=2, length=0
2026-02-12 10:43:11.620 [cefgetfile] WARNING: Unknown VALIDATION_ALG:type=2, length=0
2026-02-12 10:43:11.620 [cefgetfile] WARNING: Unknown VALIDATION_ALG:type=2, length=0
2026-02-12 10:43:11.620 [cefgetfile] WARNING: Unknown VALIDATION_ALG:type=2, length=0
2026-02-12 10:43:11.621 [cefgetfile] WARNING: Unknown VALIDATION_ALG:type=2, length=0
2026-02-12 10:43:11.621 [cefgetfile] WARNING: Unknown VALIDATION_ALG:type=2, length=0
2026-02-12 10:43:11.621 [cefgetfile] WARNING: Unknown VALIDATION_ALG:type=2, length=0
2026-02-12 10:43:11.622 [cefgetfile] WARNING: Unknown VALIDATION_ALG:type=2, length=0
2026-02-12 10:43:11.622 [cefgetfile] WARNING: Unknown VALIDATION_ALG:type=2, length=0
2026-02-12 10:43:11.623 [cefgetfile] WARNING: Unknown VALIDATION_ALG:type=2, length=0
2026-02-12 10:43:11.623 [cefgetfile] WARNING: Unknown VALIDATION_ALG:type=2, length=0
2026-02-12 10:43:11.623 [cefgetfile] WARNING: Unknown VALIDATION_ALG:type=2, length=0
2026-02-12 10:43:11.624 [cefgetfile] WARNING: Unknown VALIDATION_ALG:type=2, length=0
2026-02-12 10:43:11.624 [cefgetfile] WARNING: Unknown VALIDATION_ALG:type=2, length=0
2026-02-12 10:43:11.624 [cefgetfile] WARNING: Unknown VALIDATION_ALG:type=2, length=0
2026-02-12 10:43:11.625 [cefgetfile] WARNING: Unknown VALIDATION_ALG:type=2, length=0
2026-02-12 10:43:11.625 [cefgetfile] WARNING: Unknown VALIDATION_ALG:type=2, length=0
2026-02-12 10:43:11.626 [cefgetfile] WARNING: Unknown VALIDATION_ALG:type=2, length=0
2026-02-12 10:43:11.626 [cefgetfile] WARNING: Unknown VALIDATION_ALG:type=2, length=0
2026-02-12 10:43:11.627 [cefgetfile] WARNING: Unknown VALIDATION_ALG:type=2, length=0
2026-02-12 10:43:11.627 [cefgetfile] WARNING: Unknown VALIDATION_ALG:type=2, length=0
2026-02-12 10:43:11.627 [cefgetfile] WARNING: Unknown VALIDATION_ALG:type=2, length=0
2026-02-12 10:43:11.628 [cefgetfile] WARNING: Unknown VALIDATION_ALG:type=2, length=0
2026-02-12 10:43:11.628 [cefgetfile] WARNING: Unknown VALIDATION_ALG:type=2, length=0
2026-02-12 10:43:11.629 [cefgetfile] WARNING: Unknown VALIDATION_ALG:type=2, length=0
2026-02-12 10:43:11.630 [cefgetfile] WARNING: Unknown VALIDATION_ALG:type=2, length=0
2026-02-12 10:43:11.630 [cefgetfile] WARNING: Unknown VALIDATION_ALG:type=2, length=0
2026-02-12 10:43:11.630 [cefgetfile] WARNING: Unknown VALIDATION_ALG:type=2, length=0
2026-02-12 10:43:11.631 [cefgetfile] WARNING: Unknown VALIDATION_ALG:type=2, length=0
2026-02-12 10:43:11.631 [cefgetfile] WARNING: Unknown VALIDATION_ALG:type=2, length=0
2026-02-12 10:43:11.632 [cefgetfile] WARNING: Unknown VALIDATION_ALG:type=2, length=0
2026-02-12 10:43:11.632 [cefgetfile] WARNING: Unknown VALIDATION_ALG:type=2, length=0
2026-02-12 10:43:11.632 [cefgetfile] WARNING: Unknown VALIDATION_ALG:type=2, length=0
2026-02-12 10:43:11.633 [cefgetfile] WARNING: Unknown VALIDATION_ALG:type=2, length=0
2026-02-12 10:43:11.633 [cefgetfile] WARNING: Unknown VALIDATION_ALG:type=2, length=0
2026-02-12 10:43:11.634 [cefgetfile] WARNING: Unknown VALIDATION_ALG:type=2, length=0
2026-02-12 10:43:11.634 [cefgetfile] WARNING: Unknown VALIDATION_ALG:type=2, length=0
2026-02-12 10:43:11.635 [cefgetfile] WARNING: Unknown VALIDATION_ALG:type=2, length=0
2026-02-12 10:43:11.635 [cefgetfile] WARNING: Unknown VALIDATION_ALG:type=2, length=0
2026-02-12 10:43:11.635 [cefgetfile] WARNING: Unknown VALIDATION_ALG:type=2, length=0
2026-02-12 10:43:11.636 [cefgetfile] WARNING: Unknown VALIDATION_ALG:type=2, length=0
2026-02-12 10:43:11.636 [cefgetfile] WARNING: Unknown VALIDATION_ALG:type=2, length=0
2026-02-12 10:43:11.636 [cefgetfile] WARNING: Unknown VALIDATION_ALG:type=2, length=0
2026-02-12 10:43:11.637 [cefgetfile] WARNING: Unknown VALIDATION_ALG:type=2, length=0
2026-02-12 10:43:11.637 [cefgetfile] WARNING: Unknown VALIDATION_ALG:type=2, length=0
2026-02-12 10:43:11.638 [cefgetfile] WARNING: Unknown VALIDATION_ALG:type=2, length=0
2026-02-12 10:43:11.638 [cefgetfile] WARNING: Unknown VALIDATION_ALG:type=2, length=0
2026-02-12 10:43:11.639 [cefgetfile] WARNING: Unknown VALIDATION_ALG:type=2, length=0
2026-02-12 10:43:11.639 [cefgetfile] WARNING: Unknown VALIDATION_ALG:type=2, length=0
2026-02-12 10:43:11.639 [cefgetfile] WARNING: Unknown VALIDATION_ALG:type=2, length=0
2026-02-12 10:43:11.640 [cefgetfile] WARNING: Unknown VALIDATION_ALG:type=2, length=0
2026-02-12 10:43:11.640 [cefgetfile] WARNING: Unknown VALIDATION_ALG:type=2, length=0
2026-02-12 10:43:11.641 [cefgetfile] WARNING: Unknown VALIDATION_ALG:type=2, length=0
2026-02-12 10:43:11.642 [cefgetfile] WARNING: Unknown VALIDATION_ALG:type=2, length=0
2026-02-12 10:43:11.642 [cefgetfile] WARNING: Unknown VALIDATION_ALG:type=2, length=0
2026-02-12 10:43:11.643 [cefgetfile] WARNING: Unknown VALIDATION_ALG:type=2, length=0
2026-02-12 10:43:11.644 [cefgetfile] WARNING: Unknown VALIDATION_ALG:type=2, length=0
2026-02-12 10:43:11.644 [cefgetfile] WARNING: Unknown VALIDATION_ALG:type=2, length=0
2026-02-12 10:43:11.645 [cefgetfile] WARNING: Unknown VALIDATION_ALG:type=2, length=0
2026-02-12 10:43:11.646 [cefgetfile] WARNING: Unknown VALIDATION_ALG:type=2, length=0
2026-02-12 10:43:11.646 [cefgetfile] WARNING: Unknown VALIDATION_ALG:type=2, length=0
2026-02-12 10:43:11.647 [cefgetfile] WARNING: Unknown VALIDATION_ALG:type=2, length=0
2026-02-12 10:43:11.647 [cefgetfile] WARNING: Unknown VALIDATION_ALG:type=2, length=0
2026-02-12 10:43:11.647 [cefgetfile] WARNING: Unknown VALIDATION_ALG:type=2, length=0
2026-02-12 10:43:11.648 [cefgetfile] WARNING: Unknown VALIDATION_ALG:type=2, length=0
2026-02-12 10:43:11.648 [cefgetfile] WARNING: Unknown VALIDATION_ALG:type=2, length=0
2026-02-12 10:43:11.648 [cefgetfile] WARNING: Unknown VALIDATION_ALG:type=2, length=0
2026-02-12 10:43:11.649 [cefgetfile] WARNING: Unknown VALIDATION_ALG:type=2, length=0
2026-02-12 10:43:11.650 [cefgetfile] WARNING: Unknown VALIDATION_ALG:type=2, length=0
2026-02-12 10:43:11.651 [cefgetfile] WARNING: Unknown VALIDATION_ALG:type=2, length=0
2026-02-12 10:43:11.651 [cefgetfile] WARNING: Unknown VALIDATION_ALG:type=2, length=0
2026-02-12 10:43:11.652 [cefgetfile] WARNING: Unknown VALIDATION_ALG:type=2, length=0
2026-02-12 10:43:11.652 [cefgetfile] WARNING: Unknown VALIDATION_ALG:type=2, length=0
2026-02-12 10:43:11.653 [cefgetfile] WARNING: Unknown VALIDATION_ALG:type=2, length=0
2026-02-12 10:43:11.653 [cefgetfile] WARNING: Unknown VALIDATION_ALG:type=2, length=0
2026-02-12 10:43:11.654 [cefgetfile] WARNING: Unknown VALIDATION_ALG:type=2, length=0
2026-02-12 10:43:11.654 [cefgetfile] WARNING: Unknown VALIDATION_ALG:type=2, length=0
2026-02-12 10:43:11.655 [cefgetfile] WARNING: Unknown VALIDATION_ALG:type=2, length=0
2026-02-12 10:43:11.655 [cefgetfile] WARNING: Unknown VALIDATION_ALG:type=2, length=0
2026-02-12 10:43:11.656 [cefgetfile] WARNING: Unknown VALIDATION_ALG:type=2, length=0
2026-02-12 10:43:11.656 [cefgetfile] WARNING: Unknown VALIDATION_ALG:type=2, length=0
2026-02-12 10:43:11.657 [cefgetfile] WARNING: Unknown VALIDATION_ALG:type=2, length=0
2026-02-12 10:43:11.657 [cefgetfile] WARNING: Unknown VALIDATION_ALG:type=2, length=0
2026-02-12 10:43:11.658 [cefgetfile] WARNING: Unknown VALIDATION_ALG:type=2, length=0
2026-02-12 10:43:11.658 [cefgetfile] WARNING: Unknown VALIDATION_ALG:type=2, length=0
2026-02-12 10:43:11.658 [cefgetfile] WARNING: Unknown VALIDATION_ALG:type=2, length=0
2026-02-12 10:43:11.659 [cefgetfile] WARNING: Unknown VALIDATION_ALG:type=2, length=0
2026-02-12 10:43:11.659 [cefgetfile] WARNING: Unknown VALIDATION_ALG:type=2, length=0
2026-02-12 10:43:11.660 [cefgetfile] WARNING: Unknown VALIDATION_ALG:type=2, length=0
2026-02-12 10:43:11.661 [cefgetfile] WARNING: Unknown VALIDATION_ALG:type=2, length=0
2026-02-12 10:43:11.661 [cefgetfile] WARNING: Unknown VALIDATION_ALG:type=2, length=0
2026-02-12 10:43:11.661 [cefgetfile] WARNING: Unknown VALIDATION_ALG:type=2, length=0
2026-02-12 10:43:11.662 [cefgetfile] WARNING: Unknown VALIDATION_ALG:type=2, length=0
2026-02-12 10:43:11.662 [cefgetfile] WARNING: Unknown VALIDATION_ALG:type=2, length=0
2026-02-12 10:43:11.663 [cefgetfile] WARNING: Unknown VALIDATION_ALG:type=2, length=0
2026-02-12 10:43:11.663 [cefgetfile] WARNING: Unknown VALIDATION_ALG:type=2, length=0
2026-02-12 10:43:11.663 [cefgetfile] WARNING: Unknown VALIDATION_ALG:type=2, length=0
2026-02-12 10:43:11.664 [cefgetfile] WARNING: Unknown VALIDATION_ALG:type=2, length=0
2026-02-12 10:43:11.664 [cefgetfile] WARNING: Unknown VALIDATION_ALG:type=2, length=0
2026-02-12 10:43:11.664 [cefgetfile] WARNING: Unknown VALIDATION_ALG:type=2, length=0
2026-02-12 10:43:11.665 [cefgetfile] WARNING: Unknown VALIDATION_ALG:type=2, length=0
2026-02-12 10:43:11.665 [cefgetfile] WARNING: Unknown VALIDATION_ALG:type=2, length=0
2026-02-12 10:43:11.666 [cefgetfile] WARNING: Unknown VALIDATION_ALG:type=2, length=0
2026-02-12 10:43:11.666 [cefgetfile] WARNING: Unknown VALIDATION_ALG:type=2, length=0
2026-02-12 10:43:11.667 [cefgetfile] WARNING: Unknown VALIDATION_ALG:type=2, length=0
2026-02-12 10:43:11.667 [cefgetfile] WARNING: Unknown VALIDATION_ALG:type=2, length=0
2026-02-12 10:43:11.667 [cefgetfile] WARNING: Unknown VALIDATION_ALG:type=2, length=0
2026-02-12 10:43:11.667 [cefgetfile] WARNING: Unknown VALIDATION_ALG:type=2, length=0
2026-02-12 10:43:11.668 [cefgetfile] WARNING: Unknown VALIDATION_ALG:type=2, length=0
2026-02-12 10:43:11.668 [cefgetfile] WARNING: Unknown VALIDATION_ALG:type=2, length=0
2026-02-12 10:43:11.669 [cefgetfile] WARNING: Unknown VALIDATION_ALG:type=2, length=0
2026-02-12 10:43:11.669 [cefgetfile] WARNING: Unknown VALIDATION_ALG:type=2, length=0
2026-02-12 10:43:11.669 [cefgetfile] WARNING: Unknown VALIDATION_ALG:type=2, length=0
2026-02-12 10:43:11.670 [cefgetfile] WARNING: Unknown VALIDATION_ALG:type=2, length=0
2026-02-12 10:43:11.670 [cefgetfile] WARNING: Unknown VALIDATION_ALG:type=2, length=0
2026-02-12 10:43:11.670 [cefgetfile] WARNING: Unknown VALIDATION_ALG:type=2, length=0
2026-02-12 10:43:11.670 [cefgetfile] WARNING: Unknown VALIDATION_ALG:type=2, length=0
2026-02-12 10:43:11.671 [cefgetfile] WARNING: Unknown VALIDATION_ALG:type=2, length=0
2026-02-12 10:43:11.671 [cefgetfile] WARNING: Unknown VALIDATION_ALG:type=2, length=0
2026-02-12 10:43:11.671 [cefgetfile] WARNING: Unknown VALIDATION_ALG:type=2, length=0
2026-02-12 10:43:11.672 [cefgetfile] WARNING: Unknown VALIDATION_ALG:type=2, length=0
2026-02-12 10:43:11.672 [cefgetfile] WARNING: Unknown VALIDATION_ALG:type=2, length=0
2026-02-12 10:43:11.673 [cefgetfile] WARNING: Unknown VALIDATION_ALG:type=2, length=0
2026-02-12 10:43:11.673 [cefgetfile] WARNING: Unknown VALIDATION_ALG:type=2, length=0
2026-02-12 10:43:11.673 [cefgetfile] WARNING: Unknown VALIDATION_ALG:type=2, length=0
2026-02-12 10:43:11.673 [cefgetfile] WARNING: Unknown VALIDATION_ALG:type=2, length=0
2026-02-12 10:43:11.674 [cefgetfile] WARNING: Unknown VALIDATION_ALG:type=2, length=0
2026-02-12 10:43:11.674 [cefgetfile] WARNING: Unknown VALIDATION_ALG:type=2, length=0
2026-02-12 10:43:11.675 [cefgetfile] WARNING: Unknown VALIDATION_ALG:type=2, length=0
2026-02-12 10:43:11.675 [cefgetfile] WARNING: Unknown VALIDATION_ALG:type=2, length=0
2026-02-12 10:43:11.676 [cefgetfile] WARNING: Unknown VALIDATION_ALG:type=2, length=0
2026-02-12 10:43:11.676 [cefgetfile] WARNING: Unknown VALIDATION_ALG:type=2, length=0
2026-02-12 10:43:11.676 [cefgetfile] WARNING: Unknown VALIDATION_ALG:type=2, length=0
2026-02-12 10:43:11.677 [cefgetfile] WARNING: Unknown VALIDATION_ALG:type=2, length=0
2026-02-12 10:43:11.677 [cefgetfile] WARNING: Unknown VALIDATION_ALG:type=2, length=0
2026-02-12 10:43:11.678 [cefgetfile] WARNING: Unknown VALIDATION_ALG:type=2, length=0
2026-02-12 10:43:11.678 [cefgetfile] WARNING: Unknown VALIDATION_ALG:type=2, length=0
2026-02-12 10:43:11.679 [cefgetfile] WARNING: Unknown VALIDATION_ALG:type=2, length=0
2026-02-12 10:43:11.679 [cefgetfile] WARNING: Unknown VALIDATION_ALG:type=2, length=0
2026-02-12 10:43:11.679 [cefgetfile] WARNING: Unknown VALIDATION_ALG:type=2, length=0
2026-02-12 10:43:11.680 [cefgetfile] WARNING: Unknown VALIDATION_ALG:type=2, length=0
2026-02-12 10:43:11.680 [cefgetfile] WARNING: Unknown VALIDATION_ALG:type=2, length=0
2026-02-12 10:43:11.681 [cefgetfile] WARNING: Unknown VALIDATION_ALG:type=2, length=0
2026-02-12 10:43:11.682 [cefgetfile] WARNING: Unknown VALIDATION_ALG:type=2, length=0
2026-02-12 10:43:11.682 [cefgetfile] WARNING: Unknown VALIDATION_ALG:type=2, length=0
2026-02-12 10:43:11.683 [cefgetfile] WARNING: Unknown VALIDATION_ALG:type=2, length=0
2026-02-12 10:43:11.684 [cefgetfile] WARNING: Unknown VALIDATION_ALG:type=2, length=0
2026-02-12 10:43:11.684 [cefgetfile] WARNING: Unknown VALIDATION_ALG:type=2, length=0
2026-02-12 10:43:11.684 [cefgetfile] WARNING: Unknown VALIDATION_ALG:type=2, length=0
2026-02-12 10:43:11.685 [cefgetfile] WARNING: Unknown VALIDATION_ALG:type=2, length=0
2026-02-12 10:43:11.686 [cefgetfile] WARNING: Unknown VALIDATION_ALG:type=2, length=0
2026-02-12 10:43:11.686 [cefgetfile] WARNING: Unknown VALIDATION_ALG:type=2, length=0
2026-02-12 10:43:11.686 [cefgetfile] WARNING: Unknown VALIDATION_ALG:type=2, length=0
2026-02-12 10:43:11.687 [cefgetfile] WARNING: Unknown VALIDATION_ALG:type=2, length=0
2026-02-12 10:43:11.687 [cefgetfile] WARNING: Unknown VALIDATION_ALG:type=2, length=0
2026-02-12 10:43:11.687 [cefgetfile] WARNING: Unknown VALIDATION_ALG:type=2, length=0
2026-02-12 10:43:11.688 [cefgetfile] WARNING: Unknown VALIDATION_ALG:type=2, length=0
2026-02-12 10:43:11.688 [cefgetfile] WARNING: Unknown VALIDATION_ALG:type=2, length=0
2026-02-12 10:43:11.689 [cefgetfile] WARNING: Unknown VALIDATION_ALG:type=2, length=0
2026-02-12 10:43:11.690 [cefgetfile] WARNING: Unknown VALIDATION_ALG:type=2, length=0
2026-02-12 10:43:11.690 [cefgetfile] WARNING: Unknown VALIDATION_ALG:type=2, length=0
2026-02-12 10:43:11.691 [cefgetfile] WARNING: Unknown VALIDATION_ALG:type=2, length=0
2026-02-12 10:43:11.692 [cefgetfile] WARNING: Unknown VALIDATION_ALG:type=2, length=0
2026-02-12 10:43:11.693 [cefgetfile] WARNING: Unknown VALIDATION_ALG:type=2, length=0
2026-02-12 10:43:11.693 [cefgetfile] WARNING: Unknown VALIDATION_ALG:type=2, length=0
2026-02-12 10:43:11.694 [cefgetfile] WARNING: Unknown VALIDATION_ALG:type=2, length=0
2026-02-12 10:43:11.695 [cefgetfile] WARNING: Unknown VALIDATION_ALG:type=2, length=0
2026-02-12 10:43:11.696 [cefgetfile] WARNING: Unknown VALIDATION_ALG:type=2, length=0
2026-02-12 10:43:11.696 [cefgetfile] WARNING: Unknown VALIDATION_ALG:type=2, length=0
2026-02-12 10:43:11.697 [cefgetfile] WARNING: Unknown VALIDATION_ALG:type=2, length=0
2026-02-12 10:43:11.698 [cefgetfile] WARNING: Unknown VALIDATION_ALG:type=2, length=0
2026-02-12 10:43:11.698 [cefgetfile] WARNING: Unknown VALIDATION_ALG:type=2, length=0
2026-02-12 10:43:11.699 [cefgetfile] WARNING: Unknown VALIDATION_ALG:type=2, length=0
2026-02-12 10:43:11.700 [cefgetfile] WARNING: Unknown VALIDATION_ALG:type=2, length=0
2026-02-12 10:43:11.701 [cefgetfile] WARNING: Unknown VALIDATION_ALG:type=2, length=0
2026-02-12 10:43:11.702 [cefgetfile] WARNING: Unknown VALIDATION_ALG:type=2, length=0
2026-02-12 10:43:11.703 [cefgetfile] WARNING: Unknown VALIDATION_ALG:type=2, length=0
2026-02-12 10:43:11.703 [cefgetfile] WARNING: Unknown VALIDATION_ALG:type=2, length=0
2026-02-12 10:43:11.704 [cefgetfile] WARNING: Unknown VALIDATION_ALG:type=2, length=0
2026-02-12 10:43:11.705 [cefgetfile] WARNING: Unknown VALIDATION_ALG:type=2, length=0
2026-02-12 10:43:11.706 [cefgetfile] WARNING: Unknown VALIDATION_ALG:type=2, length=0
2026-02-12 10:43:11.706 [cefgetfile] WARNING: Unknown VALIDATION_ALG:type=2, length=0
2026-02-12 10:43:11.707 [cefgetfile] WARNING: Unknown VALIDATION_ALG:type=2, length=0
2026-02-12 10:43:11.708 [cefgetfile] WARNING: Unknown VALIDATION_ALG:type=2, length=0
2026-02-12 10:43:11.709 [cefgetfile] WARNING: Unknown VALIDATION_ALG:type=2, length=0
2026-02-12 10:43:11.709 [cefgetfile] WARNING: Unknown VALIDATION_ALG:type=2, length=0
2026-02-12 10:43:11.710 [cefgetfile] WARNING: Unknown VALIDATION_ALG:type=2, length=0
2026-02-12 10:43:11.711 [cefgetfile] WARNING: Unknown VALIDATION_ALG:type=2, length=0
2026-02-12 10:43:11.711 [cefgetfile] WARNING: Unknown VALIDATION_ALG:type=2, length=0
2026-02-12 10:43:11.712 [cefgetfile] WARNING: Unknown VALIDATION_ALG:type=2, length=0
2026-02-12 10:43:11.712 [cefgetfile] WARNING: Unknown VALIDATION_ALG:type=2, length=0
2026-02-12 10:43:11.713 [cefgetfile] WARNING: Unknown VALIDATION_ALG:type=2, length=0
2026-02-12 10:43:11.713 [cefgetfile] WARNING: Unknown VALIDATION_ALG:type=2, length=0
2026-02-12 10:43:11.714 [cefgetfile] WARNING: Unknown VALIDATION_ALG:type=2, length=0
2026-02-12 10:43:11.714 [cefgetfile] WARNING: Unknown VALIDATION_ALG:type=2, length=0
2026-02-12 10:43:11.715 [cefgetfile] WARNING: Unknown VALIDATION_ALG:type=2, length=0
2026-02-12 10:43:11.716 [cefgetfile] WARNING: Unknown VALIDATION_ALG:type=2, length=0
2026-02-12 10:43:11.716 [cefgetfile] WARNING: Unknown VALIDATION_ALG:type=2, length=0
2026-02-12 10:43:11.717 [cefgetfile] WARNING: Unknown VALIDATION_ALG:type=2, length=0
2026-02-12 10:43:11.717 [cefgetfile] WARNING: Unknown VALIDATION_ALG:type=2, length=0
2026-02-12 10:43:11.717 [cefgetfile] WARNING: Unknown VALIDATION_ALG:type=2, length=0
2026-02-12 10:43:11.718 [cefgetfile] WARNING: Unknown VALIDATION_ALG:type=2, length=0
2026-02-12 10:43:11.719 [cefgetfile] WARNING: Unknown VALIDATION_ALG:type=2, length=0
2026-02-12 10:43:11.719 [cefgetfile] WARNING: Unknown VALIDATION_ALG:type=2, length=0
2026-02-12 10:43:11.720 [cefgetfile] WARNING: Unknown VALIDATION_ALG:type=2, length=0
2026-02-12 10:43:11.721 [cefgetfile] WARNING: Unknown VALIDATION_ALG:type=2, length=0
2026-02-12 10:43:11.722 [cefgetfile] WARNING: Unknown VALIDATION_ALG:type=2, length=0
2026-02-12 10:43:11.723 [cefgetfile] WARNING: Unknown VALIDATION_ALG:type=2, length=0
2026-02-12 10:43:11.724 [cefgetfile] WARNING: Unknown VALIDATION_ALG:type=2, length=0
2026-02-12 10:43:11.725 [cefgetfile] WARNING: Unknown VALIDATION_ALG:type=2, length=0
2026-02-12 10:43:11.727 [cefgetfile] WARNING: Unknown VALIDATION_ALG:type=2, length=0
2026-02-12 10:43:11.727 [cefgetfile] WARNING: Unknown VALIDATION_ALG:type=2, length=0
2026-02-12 10:43:11.729 [cefgetfile] WARNING: Unknown VALIDATION_ALG:type=2, length=0
2026-02-12 10:43:11.730 [cefgetfile] WARNING: Unknown VALIDATION_ALG:type=2, length=0
2026-02-12 10:43:11.731 [cefgetfile] WARNING: Unknown VALIDATION_ALG:type=2, length=0
2026-02-12 10:43:11.732 [cefgetfile] WARNING: Unknown VALIDATION_ALG:type=2, length=0
2026-02-12 10:43:11.733 [cefgetfile] WARNING: Unknown VALIDATION_ALG:type=2, length=0
2026-02-12 10:43:11.734 [cefgetfile] WARNING: Unknown VALIDATION_ALG:type=2, length=0
2026-02-12 10:43:11.735 [cefgetfile] WARNING: Unknown VALIDATION_ALG:type=2, length=0
2026-02-12 10:43:11.737 [cefgetfile] WARNING: Unknown VALIDATION_ALG:type=2, length=0
2026-02-12 10:43:11.738 [cefgetfile] WARNING: Unknown VALIDATION_ALG:type=2, length=0
2026-02-12 10:43:11.739 [cefgetfile] WARNING: Unknown VALIDATION_ALG:type=2, length=0
2026-02-12 10:43:11.741 [cefgetfile] WARNING: Unknown VALIDATION_ALG:type=2, length=0
2026-02-12 10:43:11.742 [cefgetfile] WARNING: Unknown VALIDATION_ALG:type=2, length=0
2026-02-12 10:43:11.742 [cefgetfile] WARNING: Unknown VALIDATION_ALG:type=2, length=0
2026-02-12 10:43:11.743 [cefgetfile] WARNING: Unknown VALIDATION_ALG:type=2, length=0
2026-02-12 10:43:11.744 [cefgetfile] WARNING: Unknown VALIDATION_ALG:type=2, length=0
2026-02-12 10:43:11.744 [cefgetfile] WARNING: Unknown VALIDATION_ALG:type=2, length=0
2026-02-12 10:43:11.745 [cefgetfile] WARNING: Unknown VALIDATION_ALG:type=2, length=0
2026-02-12 10:43:11.745 [cefgetfile] WARNING: Unknown VALIDATION_ALG:type=2, length=0
2026-02-12 10:43:11.746 [cefgetfile] WARNING: Unknown VALIDATION_ALG:type=2, length=0
2026-02-12 10:43:11.747 [cefgetfile] WARNING: Unknown VALIDATION_ALG:type=2, length=0
2026-02-12 10:43:11.748 [cefgetfile] WARNING: Unknown VALIDATION_ALG:type=2, length=0
2026-02-12 10:43:11.749 [cefgetfile] WARNING: Unknown VALIDATION_ALG:type=2, length=0
2026-02-12 10:43:11.750 [cefgetfile] WARNING: Unknown VALIDATION_ALG:type=2, length=0
2026-02-12 10:43:11.751 [cefgetfile] WARNING: Unknown VALIDATION_ALG:type=2, length=0
2026-02-12 10:43:11.752 [cefgetfile] WARNING: Unknown VALIDATION_ALG:type=2, length=0
2026-02-12 10:43:11.754 [cefgetfile] WARNING: Unknown VALIDATION_ALG:type=2, length=0
2026-02-12 10:43:11.755 [cefgetfile] WARNING: Unknown VALIDATION_ALG:type=2, length=0
2026-02-12 10:43:11.756 [cefgetfile] WARNING: Unknown VALIDATION_ALG:type=2, length=0
2026-02-12 10:43:11.757 [cefgetfile] WARNING: Unknown VALIDATION_ALG:type=2, length=0
2026-02-12 10:43:11.758 [cefgetfile] WARNING: Unknown VALIDATION_ALG:type=2, length=0
2026-02-12 10:43:11.759 [cefgetfile] WARNING: Unknown VALIDATION_ALG:type=2, length=0
2026-02-12 10:43:11.760 [cefgetfile] WARNING: Unknown VALIDATION_ALG:type=2, length=0
2026-02-12 10:43:11.760 [cefgetfile] WARNING: Unknown VALIDATION_ALG:type=2, length=0
2026-02-12 10:43:11.761 [cefgetfile] WARNING: Unknown VALIDATION_ALG:type=2, length=0
2026-02-12 10:43:11.762 [cefgetfile] WARNING: Unknown VALIDATION_ALG:type=2, length=0
2026-02-12 10:43:11.762 [cefgetfile] WARNING: Unknown VALIDATION_ALG:type=2, length=0
2026-02-12 10:43:11.763 [cefgetfile] WARNING: Unknown VALIDATION_ALG:type=2, length=0
2026-02-12 10:43:11.763 [cefgetfile] WARNING: Unknown VALIDATION_ALG:type=2, length=0
2026-02-12 10:43:11.764 [cefgetfile] WARNING: Unknown VALIDATION_ALG:type=2, length=0
2026-02-12 10:43:11.765 [cefgetfile] WARNING: Unknown VALIDATION_ALG:type=2, length=0
2026-02-12 10:43:11.765 [cefgetfile] WARNING: Unknown VALIDATION_ALG:type=2, length=0
2026-02-12 10:43:11.765 [cefgetfile] WARNING: Unknown VALIDATION_ALG:type=2, length=0
2026-02-12 10:43:11.767 [cefgetfile] WARNING: Unknown VALIDATION_ALG:type=2, length=0
2026-02-12 10:43:11.767 [cefgetfile] WARNING: Unknown VALIDATION_ALG:type=2, length=0
2026-02-12 10:43:11.768 [cefgetfile] WARNING: Unknown VALIDATION_ALG:type=2, length=0
2026-02-12 10:43:11.768 [cefgetfile] WARNING: Unknown VALIDATION_ALG:type=2, length=0
2026-02-12 10:43:11.769 [cefgetfile] WARNING: Unknown VALIDATION_ALG:type=2, length=0
2026-02-12 10:43:11.769 [cefgetfile] WARNING: Unknown VALIDATION_ALG:type=2, length=0
2026-02-12 10:43:11.770 [cefgetfile] WARNING: Unknown VALIDATION_ALG:type=2, length=0
2026-02-12 10:43:11.770 [cefgetfile] WARNING: Unknown VALIDATION_ALG:type=2, length=0
2026-02-12 10:43:11.771 [cefgetfile] WARNING: Unknown VALIDATION_ALG:type=2, length=0
2026-02-12 10:43:11.771 [cefgetfile] WARNING: Unknown VALIDATION_ALG:type=2, length=0
2026-02-12 10:43:11.771 [cefgetfile] WARNING: Unknown VALIDATION_ALG:type=2, length=0
2026-02-12 10:43:11.772 [cefgetfile] WARNING: Unknown VALIDATION_ALG:type=2, length=0
2026-02-12 10:43:11.772 [cefgetfile] WARNING: Unknown VALIDATION_ALG:type=2, length=0
2026-02-12 10:43:11.773 [cefgetfile] WARNING: Unknown VALIDATION_ALG:type=2, length=0
2026-02-12 10:43:11.773 [cefgetfile] WARNING: Unknown VALIDATION_ALG:type=2, length=0
2026-02-12 10:43:11.773 [cefgetfile] WARNING: Unknown VALIDATION_ALG:type=2, length=0
2026-02-12 10:43:11.774 [cefgetfile] WARNING: Unknown VALIDATION_ALG:type=2, length=0
2026-02-12 10:43:11.774 [cefgetfile] WARNING: Unknown VALIDATION_ALG:type=2, length=0
2026-02-12 10:43:11.775 [cefgetfile] WARNING: Unknown VALIDATION_ALG:type=2, length=0
2026-02-12 10:43:11.775 [cefgetfile] WARNING: Unknown VALIDATION_ALG:type=2, length=0
2026-02-12 10:43:11.776 [cefgetfile] WARNING: Unknown VALIDATION_ALG:type=2, length=0
2026-02-12 10:43:11.777 [cefgetfile] WARNING: Unknown VALIDATION_ALG:type=2, length=0
2026-02-12 10:43:11.778 [cefgetfile] WARNING: Unknown VALIDATION_ALG:type=2, length=0
2026-02-12 10:43:11.778 [cefgetfile] WARNING: Unknown VALIDATION_ALG:type=2, length=0
2026-02-12 10:43:11.780 [cefgetfile] WARNING: Unknown VALIDATION_ALG:type=2, length=0
2026-02-12 10:43:11.781 [cefgetfile] WARNING: Unknown VALIDATION_ALG:type=2, length=0
2026-02-12 10:43:11.782 [cefgetfile] WARNING: Unknown VALIDATION_ALG:type=2, length=0
2026-02-12 10:43:11.782 [cefgetfile] WARNING: Unknown VALIDATION_ALG:type=2, length=0
2026-02-12 10:43:11.783 [cefgetfile] WARNING: Unknown VALIDATION_ALG:type=2, length=0
2026-02-12 10:43:11.784 [cefgetfile] WARNING: Unknown VALIDATION_ALG:type=2, length=0
2026-02-12 10:43:11.785 [cefgetfile] WARNING: Unknown VALIDATION_ALG:type=2, length=0
2026-02-12 10:43:11.785 [cefgetfile] WARNING: Unknown VALIDATION_ALG:type=2, length=0
2026-02-12 10:43:11.786 [cefgetfile] WARNING: Unknown VALIDATION_ALG:type=2, length=0
2026-02-12 10:43:11.787 [cefgetfile] WARNING: Unknown VALIDATION_ALG:type=2, length=0
2026-02-12 10:43:11.788 [cefgetfile] WARNING: Unknown VALIDATION_ALG:type=2, length=0
2026-02-12 10:43:11.789 [cefgetfile] WARNING: Unknown VALIDATION_ALG:type=2, length=0
2026-02-12 10:43:11.789 [cefgetfile] WARNING: Unknown VALIDATION_ALG:type=2, length=0
2026-02-12 10:43:11.790 [cefgetfile] WARNING: Unknown VALIDATION_ALG:type=2, length=0
2026-02-12 10:43:11.790 [cefgetfile] WARNING: Unknown VALIDATION_ALG:type=2, length=0
2026-02-12 10:43:11.791 [cefgetfile] WARNING: Unknown VALIDATION_ALG:type=2, length=0
2026-02-12 10:43:11.791 [cefgetfile] WARNING: Unknown VALIDATION_ALG:type=2, length=0
2026-02-12 10:43:11.792 [cefgetfile] WARNING: Unknown VALIDATION_ALG:type=2, length=0
2026-02-12 10:43:11.792 [cefgetfile] WARNING: Unknown VALIDATION_ALG:type=2, length=0
2026-02-12 10:43:11.793 [cefgetfile] WARNING: Unknown VALIDATION_ALG:type=2, length=0
2026-02-12 10:43:11.793 [cefgetfile] WARNING: Unknown VALIDATION_ALG:type=2, length=0
2026-02-12 10:43:11.793 [cefgetfile] WARNING: Unknown VALIDATION_ALG:type=2, length=0
2026-02-12 10:43:11.794 [cefgetfile] WARNING: Unknown VALIDATION_ALG:type=2, length=0
2026-02-12 10:43:11.794 [cefgetfile] WARNING: Unknown VALIDATION_ALG:type=2, length=0
2026-02-12 10:43:11.795 [cefgetfile] WARNING: Unknown VALIDATION_ALG:type=2, length=0
2026-02-12 10:43:11.796 [cefgetfile] WARNING: Unknown VALIDATION_ALG:type=2, length=0
2026-02-12 10:43:11.797 [cefgetfile] WARNING: Unknown VALIDATION_ALG:type=2, length=0
2026-02-12 10:43:11.798 [cefgetfile] WARNING: Unknown VALIDATION_ALG:type=2, length=0
2026-02-12 10:43:11.798 [cefgetfile] WARNING: Unknown VALIDATION_ALG:type=2, length=0
2026-02-12 10:43:11.800 [cefgetfile] WARNING: Unknown VALIDATION_ALG:type=2, length=0
2026-02-12 10:43:11.801 [cefgetfile] WARNING: Unknown VALIDATION_ALG:type=2, length=0
2026-02-12 10:43:11.802 [cefgetfile] WARNING: Unknown VALIDATION_ALG:type=2, length=0
2026-02-12 10:43:11.804 [cefgetfile] WARNING: Unknown VALIDATION_ALG:type=2, length=0
2026-02-12 10:43:11.806 [cefgetfile] WARNING: Unknown VALIDATION_ALG:type=2, length=0
2026-02-12 10:43:11.808 [cefgetfile] WARNING: Unknown VALIDATION_ALG:type=2, length=0
2026-02-12 10:43:11.809 [cefgetfile] WARNING: Unknown VALIDATION_ALG:type=2, length=0
2026-02-12 10:43:11.811 [cefgetfile] WARNING: Unknown VALIDATION_ALG:type=2, length=0
2026-02-12 10:43:11.813 [cefgetfile] WARNING: Unknown VALIDATION_ALG:type=2, length=0
2026-02-12 10:43:11.813 [cefgetfile] WARNING: Unknown VALIDATION_ALG:type=2, length=0
2026-02-12 10:43:11.814 [cefgetfile] WARNING: Unknown VALIDATION_ALG:type=2, length=0
2026-02-12 10:43:11.815 [cefgetfile] WARNING: Unknown VALIDATION_ALG:type=2, length=0
2026-02-12 10:43:11.816 [cefgetfile] WARNING: Unknown VALIDATION_ALG:type=2, length=0
2026-02-12 10:43:11.817 [cefgetfile] WARNING: Unknown VALIDATION_ALG:type=2, length=0
2026-02-12 10:43:11.818 [cefgetfile] WARNING: Unknown VALIDATION_ALG:type=2, length=0
2026-02-12 10:43:11.819 [cefgetfile] WARNING: Unknown VALIDATION_ALG:type=2, length=0
2026-02-12 10:43:11.820 [cefgetfile] WARNING: Unknown VALIDATION_ALG:type=2, length=0
2026-02-12 10:43:11.821 [cefgetfile] WARNING: Unknown VALIDATION_ALG:type=2, length=0
2026-02-12 10:43:11.822 [cefgetfile] WARNING: Unknown VALIDATION_ALG:type=2, length=0
2026-02-12 10:43:11.822 [cefgetfile] WARNING: Unknown VALIDATION_ALG:type=2, length=0
2026-02-12 10:43:11.825 [cefgetfile] WARNING: Unknown VALIDATION_ALG:type=2, length=0
2026-02-12 10:43:11.825 [cefgetfile] WARNING: Unknown VALIDATION_ALG:type=2, length=0
2026-02-12 10:43:11.826 [cefgetfile] WARNING: Unknown VALIDATION_ALG:type=2, length=0
2026-02-12 10:43:11.827 [cefgetfile] WARNING: Unknown VALIDATION_ALG:type=2, length=0
2026-02-12 10:43:11.828 [cefgetfile] WARNING: Unknown VALIDATION_ALG:type=2, length=0
2026-02-12 10:43:11.829 [cefgetfile] WARNING: Unknown VALIDATION_ALG:type=2, length=0
2026-02-12 10:43:11.830 [cefgetfile] WARNING: Unknown VALIDATION_ALG:type=2, length=0
2026-02-12 10:43:11.831 [cefgetfile] WARNING: Unknown VALIDATION_ALG:type=2, length=0
2026-02-12 10:43:11.832 [cefgetfile] WARNING: Unknown VALIDATION_ALG:type=2, length=0
2026-02-12 10:43:11.833 [cefgetfile] WARNING: Unknown VALIDATION_ALG:type=2, length=0
2026-02-12 10:43:11.834 [cefgetfile] WARNING: Unknown VALIDATION_ALG:type=2, length=0
2026-02-12 10:43:11.835 [cefgetfile] WARNING: Unknown VALIDATION_ALG:type=2, length=0
2026-02-12 10:43:11.835 [cefgetfile] WARNING: Unknown VALIDATION_ALG:type=2, length=0
2026-02-12 10:43:11.836 [cefgetfile] WARNING: Unknown VALIDATION_ALG:type=2, length=0
2026-02-12 10:43:11.837 [cefgetfile] WARNING: Unknown VALIDATION_ALG:type=2, length=0
2026-02-12 10:43:11.838 [cefgetfile] WARNING: Unknown VALIDATION_ALG:type=2, length=0
2026-02-12 10:43:11.838 [cefgetfile] WARNING: Unknown VALIDATION_ALG:type=2, length=0
2026-02-12 10:43:11.839 [cefgetfile] WARNING: Unknown VALIDATION_ALG:type=2, length=0
2026-02-12 10:43:11.840 [cefgetfile] WARNING: Unknown VALIDATION_ALG:type=2, length=0
2026-02-12 10:43:11.840 [cefgetfile] WARNING: Unknown VALIDATION_ALG:type=2, length=0
2026-02-12 10:43:11.841 [cefgetfile] WARNING: Unknown VALIDATION_ALG:type=2, length=0
2026-02-12 10:43:11.842 [cefgetfile] WARNING: Unknown VALIDATION_ALG:type=2, length=0
2026-02-12 10:43:11.842 [cefgetfile] WARNING: Unknown VALIDATION_ALG:type=2, length=0
2026-02-12 10:43:11.843 [cefgetfile] WARNING: Unknown VALIDATION_ALG:type=2, length=0
2026-02-12 10:43:11.843 [cefgetfile] WARNING: Unknown VALIDATION_ALG:type=2, length=0
2026-02-12 10:43:11.844 [cefgetfile] WARNING: Unknown VALIDATION_ALG:type=2, length=0
2026-02-12 10:43:11.844 [cefgetfile] WARNING: Unknown VALIDATION_ALG:type=2, length=0
2026-02-12 10:43:11.845 [cefgetfile] WARNING: Unknown VALIDATION_ALG:type=2, length=0
2026-02-12 10:43:11.845 [cefgetfile] WARNING: Unknown VALIDATION_ALG:type=2, length=0
2026-02-12 10:43:11.846 [cefgetfile] WARNING: Unknown VALIDATION_ALG:type=2, length=0
2026-02-12 10:43:11.846 [cefgetfile] WARNING: Unknown VALIDATION_ALG:type=2, length=0
2026-02-12 10:43:11.847 [cefgetfile] WARNING: Unknown VALIDATION_ALG:type=2, length=0
2026-02-12 10:43:11.848 [cefgetfile] WARNING: Unknown VALIDATION_ALG:type=2, length=0
2026-02-12 10:43:11.848 [cefgetfile] WARNING: Unknown VALIDATION_ALG:type=2, length=0
2026-02-12 10:43:11.849 [cefgetfile] WARNING: Unknown VALIDATION_ALG:type=2, length=0
2026-02-12 10:43:11.850 [cefgetfile] WARNING: Unknown VALIDATION_ALG:type=2, length=0
2026-02-12 10:43:11.851 [cefgetfile] WARNING: Unknown VALIDATION_ALG:type=2, length=0
2026-02-12 10:43:11.852 [cefgetfile] WARNING: Unknown VALIDATION_ALG:type=2, length=0
2026-02-12 10:43:11.852 [cefgetfile] WARNING: Unknown VALIDATION_ALG:type=2, length=0
2026-02-12 10:43:11.854 [cefgetfile] WARNING: Unknown VALIDATION_ALG:type=2, length=0
2026-02-12 10:43:11.854 [cefgetfile] WARNING: Unknown VALIDATION_ALG:type=2, length=0
2026-02-12 10:43:11.856 [cefgetfile] WARNING: Unknown VALIDATION_ALG:type=2, length=0
2026-02-12 10:43:11.857 [cefgetfile] WARNING: Unknown VALIDATION_ALG:type=2, length=0
2026-02-12 10:43:11.858 [cefgetfile] WARNING: Unknown VALIDATION_ALG:type=2, length=0
2026-02-12 10:43:11.860 [cefgetfile] WARNING: Unknown VALIDATION_ALG:type=2, length=0
2026-02-12 10:43:11.862 [cefgetfile] WARNING: Unknown VALIDATION_ALG:type=2, length=0
2026-02-12 10:43:11.863 [cefgetfile] WARNING: Unknown VALIDATION_ALG:type=2, length=0
2026-02-12 10:43:11.864 [cefgetfile] WARNING: Unknown VALIDATION_ALG:type=2, length=0
2026-02-12 10:43:11.865 [cefgetfile] WARNING: Unknown VALIDATION_ALG:type=2, length=0
2026-02-12 10:43:11.867 [cefgetfile] WARNING: Unknown VALIDATION_ALG:type=2, length=0
2026-02-12 10:43:11.868 [cefgetfile] WARNING: Unknown VALIDATION_ALG:type=2, length=0
2026-02-12 10:43:11.869 [cefgetfile] WARNING: Unknown VALIDATION_ALG:type=2, length=0
2026-02-12 10:43:11.870 [cefgetfile] WARNING: Unknown VALIDATION_ALG:type=2, length=0
2026-02-12 10:43:11.871 [cefgetfile] WARNING: Unknown VALIDATION_ALG:type=2, length=0
2026-02-12 10:43:11.872 [cefgetfile] WARNING: Unknown VALIDATION_ALG:type=2, length=0
2026-02-12 10:43:11.872 [cefgetfile] WARNING: Unknown VALIDATION_ALG:type=2, length=0
2026-02-12 10:43:11.874 [cefgetfile] WARNING: Unknown VALIDATION_ALG:type=2, length=0
2026-02-12 10:43:11.874 [cefgetfile] WARNING: Unknown VALIDATION_ALG:type=2, length=0
2026-02-12 10:43:11.876 [cefgetfile] WARNING: Unknown VALIDATION_ALG:type=2, length=0
2026-02-12 10:43:11.877 [cefgetfile] WARNING: Unknown VALIDATION_ALG:type=2, length=0
2026-02-12 10:43:11.878 [cefgetfile] WARNING: Unknown VALIDATION_ALG:type=2, length=0
2026-02-12 10:43:11.879 [cefgetfile] WARNING: Unknown VALIDATION_ALG:type=2, length=0
2026-02-12 10:43:11.880 [cefgetfile] WARNING: Unknown VALIDATION_ALG:type=2, length=0
2026-02-12 10:43:11.881 [cefgetfile] WARNING: Unknown VALIDATION_ALG:type=2, length=0
2026-02-12 10:43:11.882 [cefgetfile] WARNING: Unknown VALIDATION_ALG:type=2, length=0
2026-02-12 10:43:11.883 [cefgetfile] WARNING: Unknown VALIDATION_ALG:type=2, length=0
2026-02-12 10:43:11.884 [cefgetfile] WARNING: Unknown VALIDATION_ALG:type=2, length=0
2026-02-12 10:43:11.885 [cefgetfile] WARNING: Unknown VALIDATION_ALG:type=2, length=0
2026-02-12 10:43:11.886 [cefgetfile] WARNING: Unknown VALIDATION_ALG:type=2, length=0
2026-02-12 10:43:11.887 [cefgetfile] WARNING: Unknown VALIDATION_ALG:type=2, length=0
2026-02-12 10:43:11.888 [cefgetfile] WARNING: Unknown VALIDATION_ALG:type=2, length=0
2026-02-12 10:43:11.890 [cefgetfile] WARNING: Unknown VALIDATION_ALG:type=2, length=0
2026-02-12 10:43:11.891 [cefgetfile] WARNING: Unknown VALIDATION_ALG:type=2, length=0
2026-02-12 10:43:11.892 [cefgetfile] WARNING: Unknown VALIDATION_ALG:type=2, length=0
2026-02-12 10:43:11.892 [cefgetfile] WARNING: Unknown VALIDATION_ALG:type=2, length=0
2026-02-12 10:43:11.893 [cefgetfile] WARNING: Unknown VALIDATION_ALG:type=2, length=0
2026-02-12 10:43:11.894 [cefgetfile] WARNING: Unknown VALIDATION_ALG:type=2, length=0
2026-02-12 10:43:11.895 [cefgetfile] WARNING: Unknown VALIDATION_ALG:type=2, length=0
2026-02-12 10:43:11.897 [cefgetfile] WARNING: Unknown VALIDATION_ALG:type=2, length=0
2026-02-12 10:43:11.897 [cefgetfile] WARNING: Unknown VALIDATION_ALG:type=2, length=0
2026-02-12 10:43:11.898 [cefgetfile] WARNING: Unknown VALIDATION_ALG:type=2, length=0
2026-02-12 10:43:11.899 [cefgetfile] WARNING: Unknown VALIDATION_ALG:type=2, length=0
2026-02-12 10:43:11.900 [cefgetfile] WARNING: Unknown VALIDATION_ALG:type=2, length=0
2026-02-12 10:43:11.901 [cefgetfile] WARNING: Unknown VALIDATION_ALG:type=2, length=0
2026-02-12 10:43:11.903 [cefgetfile] WARNING: Unknown VALIDATION_ALG:type=2, length=0
2026-02-12 10:43:11.904 [cefgetfile] WARNING: Unknown VALIDATION_ALG:type=2, length=0
2026-02-12 10:43:11.905 [cefgetfile] WARNING: Unknown VALIDATION_ALG:type=2, length=0
2026-02-12 10:43:11.905 [cefgetfile] WARNING: Unknown VALIDATION_ALG:type=2, length=0
2026-02-12 10:43:11.906 [cefgetfile] WARNING: Unknown VALIDATION_ALG:type=2, length=0
2026-02-12 10:43:11.907 [cefgetfile] WARNING: Unknown VALIDATION_ALG:type=2, length=0
2026-02-12 10:43:11.908 [cefgetfile] WARNING: Unknown VALIDATION_ALG:type=2, length=0
2026-02-12 10:43:11.908 [cefgetfile] WARNING: Unknown VALIDATION_ALG:type=2, length=0
2026-02-12 10:43:11.909 [cefgetfile] WARNING: Unknown VALIDATION_ALG:type=2, length=0
2026-02-12 10:43:11.910 [cefgetfile] WARNING: Unknown VALIDATION_ALG:type=2, length=0
2026-02-12 10:43:11.911 [cefgetfile] WARNING: Unknown VALIDATION_ALG:type=2, length=0
2026-02-12 10:43:11.911 [cefgetfile] WARNING: Unknown VALIDATION_ALG:type=2, length=0
2026-02-12 10:43:11.913 [cefgetfile] WARNING: Unknown VALIDATION_ALG:type=2, length=0
2026-02-12 10:43:11.914 [cefgetfile] WARNING: Unknown VALIDATION_ALG:type=2, length=0
2026-02-12 10:43:11.914 [cefgetfile] WARNING: Unknown VALIDATION_ALG:type=2, length=0
2026-02-12 10:43:11.915 [cefgetfile] WARNING: Unknown VALIDATION_ALG:type=2, length=0
2026-02-12 10:43:11.917 [cefgetfile] WARNING: Unknown VALIDATION_ALG:type=2, length=0
2026-02-12 10:43:11.917 [cefgetfile] WARNING: Unknown VALIDATION_ALG:type=2, length=0
2026-02-12 10:43:11.918 [cefgetfile] WARNING: Unknown VALIDATION_ALG:type=2, length=0
2026-02-12 10:43:11.918 [cefgetfile] WARNING: Unknown VALIDATION_ALG:type=2, length=0
2026-02-12 10:43:11.919 [cefgetfile] WARNING: Unknown VALIDATION_ALG:type=2, length=0
2026-02-12 10:43:11.920 [cefgetfile] WARNING: Unknown VALIDATION_ALG:type=2, length=0
2026-02-12 10:43:11.920 [cefgetfile] WARNING: Unknown VALIDATION_ALG:type=2, length=0
2026-02-12 10:43:11.920 [cefgetfile] WARNING: Unknown VALIDATION_ALG:type=2, length=0
2026-02-12 10:43:11.921 [cefgetfile] WARNING: Unknown VALIDATION_ALG:type=2, length=0
2026-02-12 10:43:11.922 [cefgetfile] WARNING: Unknown VALIDATION_ALG:type=2, length=0
2026-02-12 10:43:11.922 [cefgetfile] WARNING: Unknown VALIDATION_ALG:type=2, length=0
2026-02-12 10:43:11.923 [cefgetfile] WARNING: Unknown VALIDATION_ALG:type=2, length=0
2026-02-12 10:43:11.923 [cefgetfile] WARNING: Unknown VALIDATION_ALG:type=2, length=0
2026-02-12 10:43:11.924 [cefgetfile] WARNING: Unknown VALIDATION_ALG:type=2, length=0
2026-02-12 10:43:11.925 [cefgetfile] WARNING: Unknown VALIDATION_ALG:type=2, length=0
2026-02-12 10:43:11.925 [cefgetfile] WARNING: Unknown VALIDATION_ALG:type=2, length=0
2026-02-12 10:43:11.925 [cefgetfile] WARNING: Unknown VALIDATION_ALG:type=2, length=0
2026-02-12 10:43:11.926 [cefgetfile] WARNING: Unknown VALIDATION_ALG:type=2, length=0
2026-02-12 10:43:11.927 [cefgetfile] WARNING: Unknown VALIDATION_ALG:type=2, length=0
2026-02-12 10:43:11.927 [cefgetfile] WARNING: Unknown VALIDATION_ALG:type=2, length=0
2026-02-12 10:43:11.927 [cefgetfile] WARNING: Unknown VALIDATION_ALG:type=2, length=0
2026-02-12 10:43:11.928 [cefgetfile] WARNING: Unknown VALIDATION_ALG:type=2, length=0
2026-02-12 10:43:11.928 [cefgetfile] WARNING: Unknown VALIDATION_ALG:type=2, length=0
2026-02-12 10:43:11.929 [cefgetfile] WARNING: Unknown VALIDATION_ALG:type=2, length=0
2026-02-12 10:43:11.930 [cefgetfile] WARNING: Unknown VALIDATION_ALG:type=2, length=0
2026-02-12 10:43:11.931 [cefgetfile] WARNING: Unknown VALIDATION_ALG:type=2, length=0
2026-02-12 10:43:11.931 [cefgetfile] WARNING: Unknown VALIDATION_ALG:type=2, length=0
2026-02-12 10:43:11.933 [cefgetfile] WARNING: Unknown VALIDATION_ALG:type=2, length=0
2026-02-12 10:43:11.934 [cefgetfile] WARNING: Unknown VALIDATION_ALG:type=2, length=0
2026-02-12 10:43:11.937 [cefgetfile] WARNING: Unknown VALIDATION_ALG:type=2, length=0
2026-02-12 10:43:11.938 [cefgetfile] WARNING: Unknown VALIDATION_ALG:type=2, length=0
2026-02-12 10:43:11.940 [cefgetfile] WARNING: Unknown VALIDATION_ALG:type=2, length=0
2026-02-12 10:43:11.942 [cefgetfile] WARNING: Unknown VALIDATION_ALG:type=2, length=0
2026-02-12 10:43:11.946 [cefgetfile] WARNING: Unknown VALIDATION_ALG:type=2, length=0
2026-02-12 10:43:11.947 [cefgetfile] WARNING: Unknown VALIDATION_ALG:type=2, length=0
2026-02-12 10:43:11.949 [cefgetfile] WARNING: Unknown VALIDATION_ALG:type=2, length=0
2026-02-12 10:43:11.950 [cefgetfile] WARNING: Unknown VALIDATION_ALG:type=2, length=0
2026-02-12 10:43:11.951 [cefgetfile] WARNING: Unknown VALIDATION_ALG:type=2, length=0
2026-02-12 10:43:11.952 [cefgetfile] WARNING: Unknown VALIDATION_ALG:type=2, length=0
2026-02-12 10:43:11.953 [cefgetfile] WARNING: Unknown VALIDATION_ALG:type=2, length=0
2026-02-12 10:43:11.954 [cefgetfile] WARNING: Unknown VALIDATION_ALG:type=2, length=0
2026-02-12 10:43:11.955 [cefgetfile] WARNING: Unknown VALIDATION_ALG:type=2, length=0
2026-02-12 10:43:11.955 [cefgetfile] WARNING: Unknown VALIDATION_ALG:type=2, length=0
2026-02-12 10:43:11.957 [cefgetfile] WARNING: Unknown VALIDATION_ALG:type=2, length=0
2026-02-12 10:43:11.957 [cefgetfile] WARNING: Unknown VALIDATION_ALG:type=2, length=0
2026-02-12 10:43:11.958 [cefgetfile] WARNING: Unknown VALIDATION_ALG:type=2, length=0
2026-02-12 10:43:11.958 [cefgetfile] WARNING: Unknown VALIDATION_ALG:type=2, length=0
2026-02-12 10:43:11.959 [cefgetfile] WARNING: Unknown VALIDATION_ALG:type=2, length=0
2026-02-12 10:43:11.960 [cefgetfile] WARNING: Unknown VALIDATION_ALG:type=2, length=0
2026-02-12 10:43:11.960 [cefgetfile] WARNING: Unknown VALIDATION_ALG:type=2, length=0
2026-02-12 10:43:11.961 [cefgetfile] WARNING: Unknown VALIDATION_ALG:type=2, length=0
2026-02-12 10:43:11.962 [cefgetfile] WARNING: Unknown VALIDATION_ALG:type=2, length=0
2026-02-12 10:43:11.963 [cefgetfile] WARNING: Unknown VALIDATION_ALG:type=2, length=0
2026-02-12 10:43:11.964 [cefgetfile] WARNING: Unknown VALIDATION_ALG:type=2, length=0
2026-02-12 10:43:11.964 [cefgetfile] WARNING: Unknown VALIDATION_ALG:type=2, length=0
2026-02-12 10:43:11.966 [cefgetfile] WARNING: Unknown VALIDATION_ALG:type=2, length=0
2026-02-12 10:43:11.966 [cefgetfile] WARNING: Unknown VALIDATION_ALG:type=2, length=0
2026-02-12 10:43:11.967 [cefgetfile] WARNING: Unknown VALIDATION_ALG:type=2, length=0
2026-02-12 10:43:11.968 [cefgetfile] WARNING: Unknown VALIDATION_ALG:type=2, length=0
2026-02-12 10:43:11.970 [cefgetfile] WARNING: Unknown VALIDATION_ALG:type=2, length=0
2026-02-12 10:43:11.971 [cefgetfile] WARNING: Unknown VALIDATION_ALG:type=2, length=0
2026-02-12 10:43:11.972 [cefgetfile] WARNING: Unknown VALIDATION_ALG:type=2, length=0
2026-02-12 10:43:11.974 [cefgetfile] WARNING: Unknown VALIDATION_ALG:type=2, length=0
2026-02-12 10:43:11.975 [cefgetfile] WARNING: Unknown VALIDATION_ALG:type=2, length=0
2026-02-12 10:43:11.977 [cefgetfile] WARNING: Unknown VALIDATION_ALG:type=2, length=0
2026-02-12 10:43:11.977 [cefgetfile] WARNING: Unknown VALIDATION_ALG:type=2, length=0
2026-02-12 10:43:11.979 [cefgetfile] WARNING: Unknown VALIDATION_ALG:type=2, length=0
2026-02-12 10:43:11.980 [cefgetfile] WARNING: Unknown VALIDATION_ALG:type=2, length=0
2026-02-12 10:43:11.981 [cefgetfile] WARNING: Unknown VALIDATION_ALG:type=2, length=0
2026-02-12 10:43:11.981 [cefgetfile] WARNING: Unknown VALIDATION_ALG:type=2, length=0
2026-02-12 10:43:11.982 [cefgetfile] WARNING: Unknown VALIDATION_ALG:type=2, length=0
2026-02-12 10:43:11.982 [cefgetfile] WARNING: Unknown VALIDATION_ALG:type=2, length=0
2026-02-12 10:43:11.983 [cefgetfile] WARNING: Unknown VALIDATION_ALG:type=2, length=0
2026-02-12 10:43:11.984 [cefgetfile] WARNING: Unknown VALIDATION_ALG:type=2, length=0
2026-02-12 10:43:11.984 [cefgetfile] WARNING: Unknown VALIDATION_ALG:type=2, length=0
2026-02-12 10:43:11.985 [cefgetfile] WARNING: Unknown VALIDATION_ALG:type=2, length=0
2026-02-12 10:43:11.985 [cefgetfile] WARNING: Unknown VALIDATION_ALG:type=2, length=0
2026-02-12 10:43:11.986 [cefgetfile] WARNING: Unknown VALIDATION_ALG:type=2, length=0
2026-02-12 10:43:11.987 [cefgetfile] WARNING: Unknown VALIDATION_ALG:type=2, length=0
2026-02-12 10:43:11.987 [cefgetfile] WARNING: Unknown VALIDATION_ALG:type=2, length=0
2026-02-12 10:43:11.987 [cefgetfile] WARNING: Unknown VALIDATION_ALG:type=2, length=0
2026-02-12 10:43:11.988 [cefgetfile] WARNING: Unknown VALIDATION_ALG:type=2, length=0
2026-02-12 10:43:11.989 [cefgetfile] WARNING: Unknown VALIDATION_ALG:type=2, length=0
2026-02-12 10:43:11.989 [cefgetfile] WARNING: Unknown VALIDATION_ALG:type=2, length=0
2026-02-12 10:43:11.989 [cefgetfile] WARNING: Unknown VALIDATION_ALG:type=2, length=0
2026-02-12 10:43:11.990 [cefgetfile] WARNING: Unknown VALIDATION_ALG:type=2, length=0
2026-02-12 10:43:11.991 [cefgetfile] WARNING: Unknown VALIDATION_ALG:type=2, length=0
2026-02-12 10:43:11.991 [cefgetfile] WARNING: Unknown VALIDATION_ALG:type=2, length=0
2026-02-12 10:43:11.992 [cefgetfile] WARNING: Unknown VALIDATION_ALG:type=2, length=0
2026-02-12 10:43:11.992 [cefgetfile] WARNING: Unknown VALIDATION_ALG:type=2, length=0
2026-02-12 10:43:11.993 [cefgetfile] WARNING: Unknown VALIDATION_ALG:type=2, length=0
2026-02-12 10:43:11.993 [cefgetfile] WARNING: Unknown VALIDATION_ALG:type=2, length=0
2026-02-12 10:43:11.993 [cefgetfile] WARNING: Unknown VALIDATION_ALG:type=2, length=0
2026-02-12 10:43:11.994 [cefgetfile] WARNING: Unknown VALIDATION_ALG:type=2, length=0
2026-02-12 10:43:11.995 [cefgetfile] WARNING: Unknown VALIDATION_ALG:type=2, length=0
2026-02-12 10:43:11.995 [cefgetfile] WARNING: Unknown VALIDATION_ALG:type=2, length=0
2026-02-12 10:43:11.996 [cefgetfile] WARNING: Unknown VALIDATION_ALG:type=2, length=0
2026-02-12 10:43:11.996 [cefgetfile] WARNING: Unknown VALIDATION_ALG:type=2, length=0
2026-02-12 10:43:11.997 [cefgetfile] WARNING: Unknown VALIDATION_ALG:type=2, length=0
2026-02-12 10:43:11.997 [cefgetfile] WARNING: Unknown VALIDATION_ALG:type=2, length=0
2026-02-12 10:43:11.997 [cefgetfile] WARNING: Unknown VALIDATION_ALG:type=2, length=0
2026-02-12 10:43:11.998 [cefgetfile] WARNING: Unknown VALIDATION_ALG:type=2, length=0
2026-02-12 10:43:11.998 [cefgetfile] WARNING: Unknown VALIDATION_ALG:type=2, length=0
2026-02-12 10:43:11.999 [cefgetfile] WARNING: Unknown VALIDATION_ALG:type=2, length=0
2026-02-12 10:43:11.999 [cefgetfile] WARNING: Unknown VALIDATION_ALG:type=2, length=0
2026-02-12 10:43:11.999 [cefgetfile] WARNING: Unknown VALIDATION_ALG:type=2, length=0
2026-02-12 10:43:11.000 [cefgetfile] WARNING: Unknown VALIDATION_ALG:type=2, length=0
2026-02-12 10:43:11.000 [cefgetfile] WARNING: Unknown VALIDATION_ALG:type=2, length=0
2026-02-12 10:43:11.000 [cefgetfile] WARNING: Unknown VALIDATION_ALG:type=2, length=0
2026-02-12 10:43:12.001 [cefgetfile] WARNING: Unknown VALIDATION_ALG:type=2, length=0
2026-02-12 10:43:12.001 [cefgetfile] WARNING: Unknown VALIDATION_ALG:type=2, length=0
2026-02-12 10:43:12.002 [cefgetfile] WARNING: Unknown VALIDATION_ALG:type=2, length=0
2026-02-12 10:43:12.002 [cefgetfile] WARNING: Unknown VALIDATION_ALG:type=2, length=0
2026-02-12 10:43:12.002 [cefgetfile] WARNING: Unknown VALIDATION_ALG:type=2, length=0
2026-02-12 10:43:12.003 [cefgetfile] WARNING: Unknown VALIDATION_ALG:type=2, length=0
2026-02-12 10:43:12.004 [cefgetfile] WARNING: Unknown VALIDATION_ALG:type=2, length=0
2026-02-12 10:43:12.005 [cefgetfile] WARNING: Unknown VALIDATION_ALG:type=2, length=0
2026-02-12 10:43:12.005 [cefgetfile] WARNING: Unknown VALIDATION_ALG:type=2, length=0
2026-02-12 10:43:12.007 [cefgetfile] WARNING: Unknown VALIDATION_ALG:type=2, length=0
2026-02-12 10:43:12.009 [cefgetfile] WARNING: Unknown VALIDATION_ALG:type=2, length=0
2026-02-12 10:43:12.010 [cefgetfile] WARNING: Unknown VALIDATION_ALG:type=2, length=0
2026-02-12 10:43:12.011 [cefgetfile] WARNING: Unknown VALIDATION_ALG:type=2, length=0
2026-02-12 10:43:12.014 [cefgetfile] WARNING: Unknown VALIDATION_ALG:type=2, length=0
2026-02-12 10:43:12.016 [cefgetfile] WARNING: Unknown VALIDATION_ALG:type=2, length=0
2026-02-12 10:43:12.017 [cefgetfile] WARNING: Unknown VALIDATION_ALG:type=2, length=0
2026-02-12 10:43:12.018 [cefgetfile] WARNING: Unknown VALIDATION_ALG:type=2, length=0
2026-02-12 10:43:12.021 [cefgetfile] WARNING: Unknown VALIDATION_ALG:type=2, length=0
[cefgetfile] Completed to get all the chunks.
[cefgetfile] Unconnect to cefnetd ... OK
[cefgetfile] Terminate
[cefgetfile] Rx Frames (All)           = 847
[cefgetfile] Rx Frames (ContentObject) = 847
[cefgetfile] Rx Bytes (All)            = 463882
[cefgetfile] Rx Bytes (ContentObject)  = 433390
[cefgetfile] Duration                  = 0.614 sec
[cefgetfile] Throughput                = 6051940 bps
[cefgetfile] Goodput                   = 5654132 bps
[cefgetfile] Jitter (Ave)              = 723 us
[cefgetfile] Jitter (Max)              = 3892 us
[cefgetfile] Jitter (Var)              = 209189 us
