[cefgetfile] Start
[cefgetfile] Parsing parameters ...OK
2026-02-12 10:42:24.682 [cefgetfile] INFO: [client] Config directory is ./h1
2026-02-12 10:42:24.682 [cefgetfile] INFO: [client] Local Socket Name is /tmp/cef_9695.1
2026-02-12 10:42:24.682 [cefgetfile] INFO: [client] Listen Port is 9695
[cefgetfile] Init Cefore Client package ... OK
[cefgetfile] Conversion from URI into Name ... OK
[cefgetfile] Checking the output file ... OK
[cefgetfile] Connect to cefnetd ... OK
[cefgetfile] URI=ccnx:/video/stream/content1
[cefgetfile] Start sending Interests
2026-02-12 10:42:24.872 [cefgetfile] WARNING: Unknown VALIDATION_ALG:type=2, length=0
2026-02-12 10:42:24.875 [cefgetfile] WARNING: Unknown VALIDATION_ALG:type=2, length=0
2026-02-12 10:42:24.875 [cefgetfile] WARNING: Unknown VALIDATION_ALG:type=2, length=0
2026-02-12 10:42:24.876 [cefgetfile] WARNING: Unknown VALIDATION_ALG:type=2, length=0
2026-02-12 10:42:24.877 [cefgetfile] WARNING: Unknown VALIDATION_ALG:type=2, length=0
2026-02-12 10:42:24.878 [cefgetfile] WARNING: Unknown VALIDATION_ALG:type=2, length=0
2026-02-12 10:42:24.879 [cefgetfile] WARNING: Unknown VALIDATION_ALG:type=2, length=0
2026-02-12 10:42:24.880 [cefgetfile] WARNING: Unknown VALIDATION_ALG:type=2, length=0
2026-02-12 10:42:24.880 [cefgetfile] WARNING: Unknown VALIDATION_ALG:type=2, length=0
2026-02-12 10:42:24.881 [cefgetfile] WARNING: Unknown VALIDATION_ALG:type=2, length=0
2026-02-12 10:42:24.881 [cefgetfile] WARNING: Unknown VALIDATION_ALG:type=2, length=0
2026-02-12 10:42:24.882 [cefgetfile] WARNING: Unknown VALIDATION_ALG:type=2, length=0
2026-02-12 10:42:24.883 [cefgetfile] WARNING: Unknown VALIDATION_ALG:type=2, length=0
2026-02-12 10:42:24.885 [cefgetfile] WARNING: Unknown VALIDATION_ALG:type=2, length=0
2026-02-12 10:42:24.886 [cefgetfile] WARNING: Unknown VALIDATION_ALG:type=2, length=0
2026-02-12 10:42:24.886 [cefgetfile] WARNING: Unknown VALIDATION_ALG:type=2, length=0
2026-02-12 10:42:24.887 [cefgetfile] WARNING: Unknown VALIDATION_ALG:type=2, length=0
2026-02-12 10:42:24.887 [cefgetfile] WARNING: Unknown VALIDATION_ALG:type=2, length=0
2026-02-12 10:42:24.890 [cefgetfile] WARNING: Unknown VALIDATION_ALG:type=2, length=0
2026-02-12 10:42:24.890 [cefgetfile] WARNING: Unknown VALIDATION_ALG:type=2, length=0
2026-02-12 10:42:24.891 [cefgetfile] WARNING: Unknown VALIDATION_ALG:type=2, length=0
2026-02-12 10:42:24.891 [cefgetfile] WARNING: Unknown VALIDATION_ALG:type=2, length=0
2026-02-12 10:42:24.892 [cefgetfile] WARNING: Unknown VALIDATION_ALG:type=2, length=0
2026-02-12 10:42:24.892 [cefgetfile] WARNING: Unknown VALIDATION_ALG:type=2, length=0
2026-02-12 10:42:24.893 [cefgetfile] WARNING: Unknown VALIDATION_ALG:type=2, length=0
2026-02-12 10:42:24.893 [cefgetfile] WARNING: Unknown VALIDATION_ALG:type=2, length=0
2026-02-12 10:42:24.894 [cefgetfile] WARNING: Unknown VALIDATION_ALG:type=2, length=0
2026-02-12 10:42:24.898 [cefgetfile] WARNING: Unknown VALIDATION_ALG:type=2, length=0
2026-02-12 10:42:24.898 [cefgetfile] WARNING: Unknown VALIDATION_ALG:type=2, length=0
2026-02-12 10:42:24.899 [cefgetfile] WARNING: Unknown VALIDATION_ALG:type=2, length=0
2026-02-12 10:42:24.900 [cefgetfile] WARNING: Unknown VALIDATION_ALG:type=2, length=0
2026-02-12 10:42:24.900 [cefgetfile] WARNING: Unknown VALIDATION_ALG:type=2, length=0
2026-02-12 10:42:24.901 [cefgetfile] WARNING: Unknown VALIDATION_ALG:type=2, length=0
2026-02-12 10:42:24.901 [cefgetfile] WARNING: Unknown VALIDATION_ALG:type=2, length=0
2026-02-12 10:42:24.901 [cefgetfile] WARNING: Unknown VALIDATION_ALG:type=2, length=0
2026-02-12 10:42:24.902 [cefgetfile] WARNING: Unknown VALIDATION_ALG:type=2, length=0
2026-02-12 10:42:24.905 [cefgetfile] WARNING: Unknown VALIDATION_ALG:type=2, length=0
2026-02-12 10:42:24.905 [cefgetfile] WARNING: Unknown VALIDATION_ALG:type=2, length=0
2026-02-12 10:42:24.906 [cefgetfile] WARNING: Unknown VALIDATION_ALG:type=2, length=0
2026-02-12 10:42:24.906 [cefgetfile] WARNING: Unknown VALIDATION_ALG:type=2, length=0
2026-02-12 10:42:24.908 [cefgetfile] WARNING: Unknown VALIDATION_ALG:type=2, length=0
2026-02-12 10:42:24.908 [cefgetfile] WARNING: Unknown VALIDATION_ALG:type=2, length=0
2026-02-12 10:42:24.908 [cefgetfile] WARNING: Unknown VALIDATION_ALG:type=2, length=0
2026-02-12 10:42:24.908 [cefgetfile] WARNING: Unknown VALIDATION_ALG:type=2, length=0
2026-02-12 10:42:24.909 [cefgetfile] WARNING: Unknown VALIDATION_ALG:type=2, length=0
2026-02-12 10:42:24.910 [cefgetfile] WARNING: Unknown VALIDATION_ALG:type=2, length=0
2026-02-12 10:42:24.910 [cefgetfile] WARNING: Unknown VALIDATION_ALG:type=2, length=0
2026-02-12 10:42:24.911 [cefgetfile] WARNING: Unknown VALIDATION_ALG:type=2, length=0
2026-02-12 10:42:24.912 [cefgetfile] WARNING: Unknown VALIDATION_ALG:type=2, length=0
2026-02-12 10:42:24.913 [cefgetfile] WARNING: Unknown VALIDATION_ALG:type=2, length=0
2026-02-12 10:42:24.913 [cefgetfile] WARNING: Unknown VALIDATION_ALG:type=2, length=0
2026-02-12 10:42:24.914 [cefgetfile] WARNING: Unknown VALIDATION_ALG:type=2, length=0
2026-02-12 10:42:24.914 [cefgetfile] WARNING: Unknown VALIDATION_ALG:type=2, length=0
2026-02-12 10:42:24.914 [cefgetfile] WARNING: Unknown VALIDATION_ALG:type=2, length=0
2026-02-12 10:42:24.915 [cefgetfile] WARNING: Unknown VALIDATION_ALG:type=2, length=0
2026-02-12 10:42:24.915 [cefgetfile] WARNING: Unknown VALIDATION_ALG:type=2, length=0
2026-02-12 10:42:24.916 [cefgetfile] WARNING: Unknown VALIDATION_ALG:type=2, length=0
2026-02-12 10:42:24.916 [cefgetfile] WARNING: Unknown VALIDATION_ALG:type=2, length=0
2026-02-12 10:42:24.917 [cefgetfile] WARNING: Unknown VALIDATION_ALG:type=2, length=0
2026-02-12 10:42:24.921 [cefgetfile] WARNING: Unknown VALIDATION_ALG:type=2, length=0
2026-02-12 10:42:24.921 [cefgetfile] WARNING: Unknown VALIDATION_ALG:type=2, length=0
2026-02-12 10:42:24.922 [cefgetfile] WARNING: Unknown VALIDATION_ALG:type=2, length=0
2026-02-12 10:42:24.922 [cefgetfile] WARNING: Unknown VALIDATION_ALG:type=2, length=0
2026-02-12 10:42:24.923 [cefgetfile] WARNING: Unknown VALIDATION_ALG:type=2, length=0
2026-02-12 10:42:24.923 [cefgetfile] WARNING: Unknown VALIDATION_ALG:type=2, length=0
2026-02-12 10:42:24.924 [cefgetfile] WARNING: Unknown VALIDATION_ALG:type=2, length=0
2026-02-12 10:42:24.924 [cefgetfile] WARNING: Unknown VALIDATION_ALG:type=2, length=0
2026-02-12 10:42:24.925 [cefgetfile] WARNING: Unknown VALIDATION_ALG:type=2, length=0
2026-02-12 10:42:24.925 [cefgetfile] WARNING: Unknown VALIDATION_ALG:type=2, length=0
2026-02-12 10:42:24.925 [cefgetfile] WARNING: Unknown VALIDATION_ALG:type=2, length=0
2026-02-12 10:42:24.925 [cefgetfile] WARNING: Unknown VALIDATION_ALG:type=2, length=0
2026-02-12 10:42:24.925 [cefgetfile] WARNING: Unknown VALIDATION_ALG:type=2, length=0
2026-02-12 10:42:24.926 [cefgetfile] WARNING: Unknown VALIDATION_ALG:type=2, length=0
2026-02-12 10:42:24.929 [cefgetfile] WARNING: Unknown VALIDATION_ALG:type=2, length=0
2026-02-12 10:42:24.929 [cefgetfile] WARNING: Unknown VALIDATION_ALG:type=2, length=0
2026-02-12 10:42:24.929 [cefgetfile] WARNING: Unknown VALIDATION_ALG:type=2, length=0
2026-02-12 10:42:24.929 [cefgetfile] WARNING: Unknown VALIDATION_ALG:type=2, length=0
2026-02-12 10:42:24.931 [cefgetfile] WARNING: Unknown VALIDATION_ALG:type=2, length=0
2026-02-12 10:42:24.931 [cefgetfile] WARNING: Unknown VALIDATION_ALG:type=2, length=0
2026-02-12 10:42:24.931 [cefgetfile] WARNING: Unknown VALIDATION_ALG:type=2, length=0
2026-02-12 10:42:24.932 [cefgetfile] WARNING: Unknown VALIDATION_ALG:type=2, length=0
2026-02-12 10:42:24.932 [cefgetfile] WARNING: Unknown VALIDATION_ALG:type=2, length=0
2026-02-12 10:42:24.933 [cefgetfile] WARNING: Unknown VALIDATION_ALG:type=2, length=0
2026-02-12 10:42:24.933 [cefgetfile] WARNING: Unknown VALIDATION_ALG:type=2, length=0
2026-02-12 10:42:24.935 [cefgetfile] WARNING: Unknown VALIDATION_ALG:type=2, length=0
2026-02-12 10:42:24.935 [cefgetfile] WARNING: Unknown VALIDATION_ALG:type=2, length=0
2026-02-12 10:42:24.935 [cefgetfile] WARNING: Unknown VALIDATION_ALG:type=2, length=0
2026-02-12 10:42:24.936 [cefgetfile] WARNING: Unknown VALIDATION_ALG:type=2, length=0
2026-02-12 10:42:24.936 [cefgetfile] WARNING: Unknown VALIDATION_ALG:type=2, length=0
2026-02-12 10:42:24.937 [cefgetfile] WARNING: Unknown VALIDATION_ALG:type=2, length=0
2026-02-12 10:42:24.937 [cefgetfile] WARNING: Unknown VALIDATION_ALG:type=2, length=0
2026-02-12 10:42:24.937 [cefgetfile] WARNING: Unknown VALIDATION_ALG:type=2, length=0
2026-02-12 10:42:24.937 [cefgetfile] WARNING: Unknown VALIDATION_ALG:type=2, length=0
2026-02-12 10:42:24.941 [cefgetfile] WARNING: Unknown VALIDATION_ALG:type=2, length=0
2026-02-12 10:42:24.942 [cefgetfile] WARNING: Unknown VALIDATION_ALG:type=2, length=0
2026-02-12 10:42:24.942 [cefgetfile] WARNING: Unknown VALIDATION_ALG:type=2, length=0
2026-02-12 10:42:24.944 [cefgetfile] WARNING: Unknown VALIDATION_ALG:type=2, length=0
2026-02-12 10:42:24.944 [cefgetfile] WARNING: Unknown VALIDATION_ALG:type=2, length=0
2026-02-12 10:42:24.945 [cefgetfile] WARNING: Unknown VALIDATION_ALG:type=2, length=0
2026-02-12 10:42:24.947 [cefgetfile] WARNING: Unknown VALIDATION_ALG:type=2, length=0
2026-02-12 10:42:24.948 [cefgetfile] WARNING: Unknown VALIDATION_ALG:type=2, length=0
2026-02-12 10:42:24.948 [cefgetfile] WARNING: Unknown VALIDATION_ALG:type=2, length=0
2026-02-12 10:42:24.949 [cefgetfile] WARNING: Unknown VALIDATION_ALG:type=2, length=0
2026-02-12 10:42:24.949 [cefgetfile] WARNING: Unknown VALIDATION_ALG:type=2, length=0
2026-02-12 10:42:24.950 [cefgetfile] WARNING: Unknown VALIDATION_ALG:type=2, length=0
2026-02-12 10:42:24.950 [cefgetfile] WARNING: Unknown VALIDATION_ALG:type=2, length=0
2026-02-12 10:42:24.951 [cefgetfile] WARNING: Unknown VALIDATION_ALG:type=2, length=0
2026-02-12 10:42:24.951 [cefgetfile] WARNING: Unknown VALIDATION_ALG:type=2, length=0
2026-02-12 10:42:24.960 [cefgetfile] WARNING: Unknown VALIDATION_ALG:type=2, length=0
2026-02-12 10:42:24.962 [cefgetfile] WARNING: Unknown VALIDATION_ALG:type=2, length=0
2026-02-12 10:42:24.963 [cefgetfile] WARNING: Unknown VALIDATION_ALG:type=2, length=0
2026-02-12 10:42:24.963 [cefgetfile] WARNING: Unknown VALIDATION_ALG:type=2, length=0
2026-02-12 10:42:24.964 [cefgetfile] WARNING: Unknown VALIDATION_ALG:type=2, length=0
2026-02-12 10:42:24.964 [cefgetfile] WARNING: Unknown VALIDATION_ALG:type=2, length=0
2026-02-12 10:42:24.964 [cefgetfile] WARNING: Unknown VALIDATION_ALG:type=2, length=0
2026-02-12 10:42:24.965 [cefgetfile] WARNING: Unknown VALIDATION_ALG:type=2, length=0
2026-02-12 10:42:24.965 [cefgetfile] WARNING: Unknown VALIDATION_ALG:type=2, length=0
2026-02-12 10:42:24.969 [cefgetfile] WARNING: Unknown VALIDATION_ALG:type=2, length=0
2026-02-12 10:42:24.970 [cefgetfile] WARNING: Unknown VALIDATION_ALG:type=2, length=0
2026-02-12 10:42:24.970 [cefgetfile] WARNING: Unknown VALIDATION_ALG:type=2, length=0
2026-02-12 10:42:24.970 [cefgetfile] WARNING: Unknown VALIDATION_ALG:type=2, length=0
2026-02-12 10:42:24.971 [cefgetfile] WARNING: Unknown VALIDATION_ALG:type=2, length=0
2026-02-12 10:42:24.971 [cefgetfile] WARNING: Unknown VALIDATION_ALG:type=2, length=0
2026-02-12 10:42:24.972 [cefgetfile] WARNING: Unknown VALIDATION_ALG:type=2, length=0
2026-02-12 10:42:24.973 [cefgetfile] WARNING: Unknown VALIDATION_ALG:type=2, length=0
2026-02-12 10:42:24.973 [cefgetfile] WARNING: Unknown VALIDATION_ALG:type=2, length=0
2026-02-12 10:42:24.973 [cefgetfile] WARNING: Unknown VALIDATION_ALG:type=2, length=0
2026-02-12 10:42:24.974 [cefgetfile] WARNING: Unknown VALIDATION_ALG:type=2, length=0
2026-02-12 10:42:24.974 [cefgetfile] WARNING: Unknown VALIDATION_ALG:type=2, length=0
2026-02-12 10:42:24.975 [cefgetfile] WARNING: Unknown VALIDATION_ALG:type=2, length=0
2026-02-12 10:42:24.975 [cefgetfile] WARNING: Unknown VALIDATION_ALG:type=2, length=0
2026-02-12 10:42:24.976 [cefgetfile] WARNING: Unknown VALIDATION_ALG:type=2, length=0
2026-02-12 10:42:24.982 [cefgetfile] WARNING: Unknown VALIDATION_ALG:type=2, length=0
2026-02-12 10:42:24.982 [cefgetfile] WARNING: Unknown VALIDATION_ALG:type=2, length=0
2026-02-12 10:42:24.984 [cefgetfile] WARNING: Unknown VALIDATION_ALG:type=2, length=0
2026-02-12 10:42:24.986 [cefgetfile] WARNING: Unknown VALIDATION_ALG:type=2, length=0
2026-02-12 10:42:24.988 [cefgetfile] WARNING: Unknown VALIDATION_ALG:type=2, length=0
2026-02-12 10:42:24.988 [cefgetfile] WARNING: Unknown VALIDATION_ALG:type=2, length=0
2026-02-12 10:42:24.989 [cefgetfile] WARNING: Unknown VALIDATION_ALG:type=2, length=0
2026-02-12 10:42:24.989 [cefgetfile] WARNING: Unknown VALIDATION_ALG:type=2, length=0
2026-02-12 10:42:24.990 [cefgetfile] WARNING: Unknown VALIDATION_ALG:type=2, length=0
2026-02-12 10:42:24.992 [cefgetfile] WARNING: Unknown VALIDATION_ALG:type=2, length=0
2026-02-12 10:42:24.992 [cefgetfile] WARNING: Unknown VALIDATION_ALG:type=2, length=0
2026-02-12 10:42:24.993 [cefgetfile] WARNING: Unknown VALIDATION_ALG:type=2, length=0
2026-02-12 10:42:24.993 [cefgetfile] WARNING: Unknown VALIDATION_ALG:type=2, length=0
2026-02-12 10:42:24.994 [cefgetfile] WARNING: Unknown VALIDATION_ALG:type=2, length=0
2026-02-12 10:42:24.995 [cefgetfile] WARNING: Unknown VALIDATION_ALG:type=2, length=0
2026-02-12 10:42:24.995 [cefgetfile] WARNING: Unknown VALIDATION_ALG:type=2, length=0
2026-02-12 10:42:24.996 [cefgetfile] WARNING: Unknown VALIDATION_ALG:type=2, length=0
2026-02-12 10:42:24.996 [cefgetfile] WARNING: Unknown VALIDATION_ALG:type=2, length=0
2026-02-12 10:42:24.996 [cefgetfile] WARNING: Unknown VALIDATION_ALG:type=2, length=0
2026-02-12 10:42:24.997 [cefgetfile] WARNING: Unknown VALIDATION_ALG:type=2, length=0
2026-02-12 10:42:24.997 [cefgetfile] WARNING: Unknown VALIDATION_ALG:type=2, length=0
2026-02-12 10:42:24.998 [cefgetfile] WARNING: Unknown VALIDATION_ALG:type=2, length=0
2026-02-12 10:42:24.998 [cefgetfile] WARNING: Unknown VALIDATION_ALG:type=2, length=0
2026-02-12 10:42:24.999 [cefgetfile] WARNING: Unknown VALIDATION_ALG:type=2, length=0
2026-02-12 10:42:24.999 [cefgetfile] WARNING: Unknown VALIDATION_ALG:type=2, length=0
2026-02-12 10:42:25.009 [cefgetfile] WARNING: Unknown VALIDATION_ALG:type=2, length=0
2026-02-12 10:42:25.009 [cefgetfile] WARNING: Unknown VALIDATION_ALG:type=2, length=0
2026-02-12 10:42:25.010 [cefgetfile] WARNING: Unknown VALIDATION_ALG:type=2, length=0
2026-02-12 10:42:25.010 [cefgetfile] WARNING: Unknown VALIDATION_ALG:type=2, length=0
2026-02-12 10:42:25.010 [cefgetfile] WARNING: Unknown VALIDATION_ALG:type=2, length=0
2026-02-12 10:42:25.011 [cefgetfile] WARNING: Unknown VALIDATION_ALG:type=2, length=0
2026-02-12 10:42:25.011 [cefgetfile] WARNING: Unknown VALIDATION_ALG:type=2, length=0
2026-02-12 10:42:25.011 [cefgetfile] WARNING: Unknown VALIDATION_ALG:type=2, length=0
2026-02-12 10:42:25.011 [cefgetfile] WARNING: Unknown VALIDATION_ALG:type=2, length=0
2026-02-12 10:42:25.012 [cefgetfile] WARNING: Unknown VALIDATION_ALG:type=2, length=0
2026-02-12 10:42:25.012 [cefgetfile] WARNING: Unknown VALIDATION_ALG:type=2, length=0
2026-02-12 10:42:25.012 [cefgetfile] WARNING: Unknown VALIDATION_ALG:type=2, length=0
2026-02-12 10:42:25.012 [cefgetfile] WARNING: Unknown VALIDATION_ALG:type=2, length=0
2026-02-12 10:42:25.017 [cefgetfile] WARNING: Unknown VALIDATION_ALG:type=2, length=0
2026-02-12 10:42:25.017 [cefgetfile] WARNING: Unknown VALIDATION_ALG:type=2, length=0
2026-02-12 10:42:25.017 [cefgetfile] WARNING: Unknown VALIDATION_ALG:type=2, length=0
2026-02-12 10:42:25.018 [cefgetfile] WARNING: Unknown VALIDATION_ALG:type=2, length=0
2026-02-12 10:42:25.018 [cefgetfile] WARNING: Unknown VALIDATION_ALG:type=2, length=0
2026-02-12 10:42:25.019 [cefgetfile] WARNING: Unknown VALIDATION_ALG:type=2, length=0
2026-02-12 10:42:25.021 [cefgetfile] WARNING: Unknown VALIDATION_ALG:type=2, length=0
2026-02-12 10:42:25.021 [cefgetfile] WARNING: Unknown VALIDATION_ALG:type=2, length=0
2026-02-12 10:42:25.022 [cefgetfile] WARNING: Unknown VALIDATION_ALG:type=2, length=0
2026-02-12 10:42:25.022 [cefgetfile] WARNING: Unknown VALIDATION_ALG:type=2, length=0
2026-02-12 10:42:25.023 [cefgetfile] WARNING: Unknown VALIDATION_ALG:type=2, length=0
2026-02-12 10:42:25.023 [cefgetfile] WARNING: Unknown VALIDATION_ALG:type=2, length=0
2026-02-12 10:42:25.024 [cefgetfile] WARNING: Unknown VALIDATION_ALG:type=2, length=0
2026-02-12 10:42:25.025 [cefgetfile] WARNING: Unknown VALIDATION_ALG:type=2, length=0
2026-02-12 10:42:25.026 [cefgetfile] WARNING: Unknown VALIDATION_ALG:type=2, length=0
2026-02-12 10:42:25.028 [cefgetfile] WARNING: Unknown VALIDATION_ALG:type=2, length=0
2026-02-12 10:42:25.028 [cefgetfile] WARNING: Unknown VALIDATION_ALG:type=2, length=0
2026-02-12 10:42:25.029 [cefgetfile] WARNING: Unknown VALIDATION_ALG:type=2, length=0
2026-02-12 10:42:25.029 [cefgetfile] WARNING: Unknown VALIDATION_ALG:type=2, length=0
2026-02-12 10:42:25.030 [cefgetfile] WARNING: Unknown VALIDATION_ALG:type=2, length=0
2026-02-12 10:42:25.031 [cefgetfile] WARNING: Unknown VALIDATION_ALG:type=2, length=0
2026-02-12 10:42:25.032 [cefgetfile] WARNING: Unknown VALIDATION_ALG:type=2, length=0
2026-02-12 10:42:25.033 [cefgetfile] WARNING: Unknown VALIDATION_ALG:type=2, length=0
2026-02-12 10:42:25.033 [cefgetfile] WARNING: Unknown VALIDATION_ALG:type=2, length=0
2026-02-12 10:42:25.034 [cefgetfile] WARNING: Unknown VALIDATION_ALG:type=2, length=0
2026-02-12 10:42:25.034 [cefgetfile] WARNING: Unknown VALIDATION_ALG:type=2, length=0
2026-02-12 10:42:25.036 [cefgetfile] WARNING: Unknown VALIDATION_ALG:type=2, length=0
2026-02-12 10:42:25.036 [cefgetfile] WARNING: Unknown VALIDATION_ALG:type=2, length=0
2026-02-12 10:42:25.036 [cefgetfile] WARNING: Unknown VALIDATION_ALG:type=2, length=0
2026-02-12 10:42:25.036 [cefgetfile] WARNING: Unknown VALIDATION_ALG:type=2, length=0
2026-02-12 10:42:25.037 [cefgetfile] WARNING: Unknown VALIDATION_ALG:type=2, length=0
2026-02-12 10:42:25.038 [cefgetfile] WARNING: Unknown VALIDATION_ALG:type=2, length=0
2026-02-12 10:42:25.039 [cefgetfile] WARNING: Unknown VALIDATION_ALG:type=2, length=0
2026-02-12 10:42:25.039 [cefgetfile] WARNING: Unknown VALIDATION_ALG:type=2, length=0
2026-02-12 10:42:25.039 [cefgetfile] WARNING: Unknown VALIDATION_ALG:type=2, length=0
2026-02-12 10:42:25.040 [cefgetfile] WARNING: Unknown VALIDATION_ALG:type=2, length=0
2026-02-12 10:42:25.042 [cefgetfile] WARNING: Unknown VALIDATION_ALG:type=2, length=0
2026-02-12 10:42:25.042 [cefgetfile] WARNING: Unknown VALIDATION_ALG:type=2, length=0
2026-02-12 10:42:25.042 [cefgetfile] WARNING: Unknown VALIDATION_ALG:type=2, length=0
2026-02-12 10:42:25.042 [cefgetfile] WARNING: Unknown VALIDATION_ALG:type=2, length=0
2026-02-12 10:42:25.043 [cefgetfile] WARNING: Unknown VALIDATION_ALG:type=2, length=0
2026-02-12 10:42:25.045 [cefgetfile] WARNING: Unknown VALIDATION_ALG:type=2, length=0
2026-02-12 10:42:25.045 [cefgetfile] WARNING: Unknown VALIDATION_ALG:type=2, length=0
2026-02-12 10:42:25.045 [cefgetfile] WARNING: Unknown VALIDATION_ALG:type=2, length=0
2026-02-12 10:42:25.046 [cefgetfile] WARNING: Unknown VALIDATION_ALG:type=2, length=0
2026-02-12 10:42:25.046 [cefgetfile] WARNING: Unknown VALIDATION_ALG:type=2, length=0
2026-02-12 10:42:25.047 [cefgetfile] WARNING: Unknown VALIDATION_ALG:type=2, length=0
2026-02-12 10:42:25.047 [cefgetfile] WARNING: Unknown VALIDATION_ALG:type=2, length=0
2026-02-12 10:42:25.047 [cefgetfile] WARNING: Unknown VALIDATION_ALG:type=2, length=0
2026-02-12 10:42:25.049 [cefgetfile] WARNING: Unknown VALIDATION_ALG:type=2, length=0
2026-02-12 10:42:25.049 [cefgetfile] WARNING: Unknown VALIDATION_ALG:type=2, length=0
2026-02-12 10:42:25.050 [cefgetfile] WARNING: Unknown VALIDATION_ALG:type=2, length=0
2026-02-12 10:42:25.050 [cefgetfile] WARNING: Unknown VALIDATION_ALG:type=2, length=0
2026-02-12 10:42:25.050 [cefgetfile] WARNING: Unknown VALIDATION_ALG:type=2, length=0
2026-02-12 10:42:25.050 [cefgetfile] WARNING: Unknown VALIDATION_ALG:type=2, length=0
2026-02-12 10:42:25.050 [cefgetfile] WARNING: Unknown VALIDATION_ALG:type=2, length=0
2026-02-12 10:42:25.051 [cefgetfile] WARNING: Unknown VALIDATION_ALG:type=2, length=0
2026-02-12 10:42:25.051 [cefgetfile] WARNING: Unknown VALIDATION_ALG:type=2, length=0
2026-02-12 10:42:25.051 [cefgetfile] WARNING: Unknown VALIDATION_ALG:type=2, length=0
2026-02-12 10:42:25.052 [cefgetfile] WARNING: Unknown VALIDATION_ALG:type=2, length=0
2026-02-12 10:42:25.052 [cefgetfile] WARNING: Unknown VALIDATION_ALG:type=2, length=0
2026-02-12 10:42:25.052 [cefgetfile] WARNING: Unknown VALIDATION_ALG:type=2, length=0
2026-02-12 10:42:25.052 [cefgetfile] WARNING: Unknown VALIDATION_ALG:type=2, length=0
2026-02-12 10:42:25.056 [cefgetfile] WARNING: Unknown VALIDATION_ALG:type=2, length=0
2026-02-12 10:42:25.056 [cefgetfile] WARNING: Unknown VALIDATION_ALG:type=2, length=0
2026-02-12 10:42:25.057 [cefgetfile] WARNING: Unknown VALIDATION_ALG:type=2, length=0
2026-02-12 10:42:25.057 [cefgetfile] WARNING: Unknown VALIDATION_ALG:type=2, length=0
2026-02-12 10:42:25.057 [cefgetfile] WARNING: Unknown VALIDATION_ALG:type=2, length=0
2026-02-12 10:42:25.057 [cefgetfile] WARNING: Unknown VALIDATION_ALG:type=2, length=0
2026-02-12 10:42:25.057 [cefgetfile] WARNING: Unknown VALIDATION_ALG:type=2, length=0
2026-02-12 10:42:25.058 [cefgetfile] WARNING: Unknown VALIDATION_ALG:type=2, length=0
2026-02-12 10:42:25.058 [cefgetfile] WARNING: Unknown VALIDATION_ALG:type=2, length=0
2026-02-12 10:42:25.058 [cefgetfile] WARNING: Unknown VALIDATION_ALG:type=2, length=0
2026-02-12 10:42:25.058 [cefgetfile] WARNING: Unknown VALIDATION_ALG:type=2, length=0
2026-02-12 10:42:25.058 [cefgetfile] WARNING: Unknown VALIDATION_ALG:type=2, length=0
2026-02-12 10:42:25.059 [cefgetfile] WARNING: Unknown VALIDATION_ALG:type=2, length=0
2026-02-12 10:42:25.059 [cefgetfile] WARNING: Unknown VALIDATION_ALG:type=2, length=0
2026-02-12 10:42:25.059 [cefgetfile] WARNING: Unknown VALIDATION_ALG:type=2, length=0
2026-02-12 10:42:25.059 [cefgetfile] WARNING: Unknown VALIDATION_ALG:type=2, length=0
2026-02-12 10:42:25.062 [cefgetfile] WARNING: Unknown VALIDATION_ALG:type=2, length=0
2026-02-12 10:42:25.063 [cefgetfile] WARNING: Unknown VALIDATION_ALG:type=2, length=0
2026-02-12 10:42:25.064 [cefgetfile] WARNING: Unknown VALIDATION_ALG:type=2, length=0
2026-02-12 10:42:25.064 [cefgetfile] WARNING: Unknown VALIDATION_ALG:type=2, length=0
2026-02-12 10:42:25.064 [cefgetfile] WARNING: Unknown VALIDATION_ALG:type=2, length=0
2026-02-12 10:42:25.065 [cefgetfile] WARNING: Unknown VALIDATION_ALG:type=2, length=0
2026-02-12 10:42:25.065 [cefgetfile] WARNING: Unknown VALIDATION_ALG:type=2, length=0
2026-02-12 10:42:25.066 [cefgetfile] WARNING: Unknown VALIDATION_ALG:type=2, length=0
2026-02-12 10:42:25.067 [cefgetfile] WARNING: Unknown VALIDATION_ALG:type=2, length=0
2026-02-12 10:42:25.067 [cefgetfile] WARNING: Unknown VALIDATION_ALG:type=2, length=0
2026-02-12 10:42:25.068 [cefgetfile] WARNING: Unknown VALIDATION_ALG:type=2, length=0
2026-02-12 10:42:25.069 [cefgetfile] WARNING: Unknown VALIDATION_ALG:type=2, length=0
2026-02-12 10:42:25.070 [cefgetfile] WARNING: Unknown VALIDATION_ALG:type=2, length=0
2026-02-12 10:42:25.070 [cefgetfile] WARNING: Unknown VALIDATION_ALG:type=2, length=0
2026-02-12 10:42:25.071 [cefgetfile] WARNING: Unknown VALIDATION_ALG:type=2, length=0
2026-02-12 10:42:25.071 [cefgetfile] WARNING: Unknown VALIDATION_ALG:type=2, length=0
2026-02-12 10:42:25.072 [cefgetfile] WARNING: Unknown VALIDATION_ALG:type=2, length=0
2026-02-12 10:42:25.073 [cefgetfile] WARNING: Unknown VALIDATION_ALG:type=2, length=0
2026-02-12 10:42:25.074 [cefgetfile] WARNING: Unknown VALIDATION_ALG:type=2, length=0
2026-02-12 10:42:25.075 [cefgetfile] WARNING: Unknown VALIDATION_ALG:type=2, length=0
2026-02-12 10:42:25.075 [cefgetfile] WARNING: Unknown VALIDATION_ALG:type=2, length=0
2026-02-12 10:42:25.077 [cefgetfile] WARNING: Unknown VALIDATION_ALG:type=2, length=0
2026-02-12 10:42:25.079 [cefgetfile] WARNING: Unknown VALIDATION_ALG:type=2, length=0
2026-02-12 10:42:25.079 [cefgetfile] WARNING: Unknown VALIDATION_ALG:type=2, length=0
2026-02-12 10:42:25.079 [cefgetfile] WARNING: Unknown VALIDATION_ALG:type=2, length=0
2026-02-12 10:42:25.080 [cefgetfile] WARNING: Unknown VALIDATION_ALG:type=2, length=0
2026-02-12 10:42:25.080 [cefgetfile] WARNING: Unknown VALIDATION_ALG:type=2, length=0
2026-02-12 10:42:25.082 [cefgetfile] WARNING: Unknown VALIDATION_ALG:type=2, length=0
2026-02-12 10:42:25.082 [cefgetfile] WARNING: Unknown VALIDATION_ALG:type=2, length=0
2026-02-12 10:42:25.083 [cefgetfile] WARNING: Unknown VALIDATION_ALG:type=2, length=0
2026-02-12 10:42:25.083 [cefgetfile] WARNING: Unknown VALIDATION_ALG:type=2, length=0
2026-02-12 10:42:25.084 [cefgetfile] WARNING: Unknown VALIDATION_ALG:type=2, length=0
2026-02-12 10:42:25.084 [cefgetfile] WARNING: Unknown VALIDATION_ALG:type=2, length=0
2026-02-12 10:42:25.084 [cefgetfile] WARNING: Unknown VALIDATION_ALG:type=2, length=0
2026-02-12 10:42:25.085 [cefgetfile] WARNING: Unknown VALIDATION_ALG:type=2, length=0
2026-02-12 10:42:25.086 [cefgetfile] WARNING: Unknown VALIDATION_ALG:type=2, length=0
2026-02-12 10:42:25.086 [cefgetfile] WARNING: Unknown VALIDATION_ALG:type=2, length=0
2026-02-12 10:42:25.086 [cefgetfile] WARNING: Unknown VALIDATION_ALG:type=2, length=0
2026-02-12 10:42:25.087 [cefgetfile] WARNING: Unknown VALIDATION_ALG:type=2, length=0
2026-02-12 10:42:25.087 [cefgetfile] WARNING: Unknown VALIDATION_ALG:type=2, length=0
2026-02-12 10:42:25.087 [cefgetfile] WARNING: Unknown VALIDATION_ALG:type=2, length=0
2026-02-12 10:42:25.088 [cefgetfile] WARNING: Unknown VALIDATION_ALG:type=2, length=0
2026-02-12 10:42:25.088 [cefgetfile] WARNING: Unknown VALIDATION_ALG:type=2, length=0
2026-02-12 10:42:25.093 [cefgetfile] WARNING: Unknown VALIDATION_ALG:type=2, length=0
2026-02-12 10:42:25.093 [cefgetfile] WARNING: Unknown VALIDATION_ALG:type=2, length=0
2026-02-12 10:42:25.096 [cefgetfile] WARNING: Unknown VALIDATION_ALG:type=2, length=0
2026-02-12 10:42:25.096 [cefgetfile] WARNING: Unknown VALIDATION_ALG:type=2, length=0
2026-02-12 10:42:25.097 [cefgetfile] WARNING: Unknown VALIDATION_ALG:type=2, length=0
2026-02-12 10:42:25.099 [cefgetfile] WARNING: Unknown VALIDATION_ALG:type=2, length=0
2026-02-12 10:42:25.099 [cefgetfile] WARNING: Unknown VALIDATION_ALG:type=2, length=0
2026-02-12 10:42:25.100 [cefgetfile] WARNING: Unknown VALIDATION_ALG:type=2, length=0
2026-02-12 10:42:25.101 [cefgetfile] WARNING: Unknown VALIDATION_ALG:type=2, length=0
2026-02-12 10:42:25.101 [cefgetfile] WARNING: Unknown VALIDATION_ALG:type=2, length=0
2026-02-12 10:42:25.101 [cefgetfile] WARNING: Unknown VALIDATION_ALG:type=2, length=0
2026-02-12 10:42:25.101 [cefgetfile] WARNING: Unknown VALIDATION_ALG:type=2, length=0
2026-02-12 10:42:25.102 [cefgetfile] WARNING: Unknown VALIDATION_ALG:type=2, length=0
2026-02-12 10:42:25.102 [cefgetfile] WARNING: Unknown VALIDATION_ALG:type=2, length=0
2026-02-12 10:42:25.103 [cefgetfile] WARNING: Unknown VALIDATION_ALG:type=2, length=0
2026-02-12 10:42:25.103 [cefgetfile] WARNING: Unknown VALIDATION_ALG:type=2, length=0
2026-02-12 10:42:25.104 [cefgetfile] WARNING: Unknown VALIDATION_ALG:type=2, length=0
2026-02-12 10:42:25.104 [cefgetfile] WARNING: Unknown VALIDATION_ALG:type=2, length=0
2026-02-12 10:42:25.104 [cefgetfile] WARNING: Unknown VALIDATION_ALG:type=2, length=0
2026-02-12 10:42:25.105 [cefgetfile] WARNING: Unknown VALIDATION_ALG:type=2, length=0
2026-02-12 10:42:25.106 [cefgetfile] WARNING: Unknown VALIDATION_ALG:type=2, length=0
2026-02-12 10:42:25.107 [cefgetfile] WARNING: Unknown VALIDATION_ALG:type=2, length=0
2026-02-12 10:42:25.107 [cefgetfile] WARNING: Unknown VALIDATION_ALG:type=2, length=0
2026-02-12 10:42:25.108 [cefgetfile] WARNING: Unknown VALIDATION_ALG:type=2, length=0
2026-02-12 10:42:25.109 [cefgetfile] WARNING: Unknown VALIDATION_ALG:type=2, length=0
2026-02-12 10:42:25.110 [cefgetfile] WARNING: Unknown VALIDATION_ALG:type=2, length=0
2026-02-12 10:42:25.111 [cefgetfile] WARNING: Unknown VALIDATION_ALG:type=2, length=0
2026-02-12 10:42:25.112 [cefgetfile] WARNING: Unknown VALIDATION_ALG:type=2, length=0
2026-02-12 10:42:25.113 [cefgetfile] WARNING: Unknown VALIDATION_ALG:type=2, length=0
2026-02-12 10:42:25.113 [cefgetfile] WARNING: Unknown VALIDATION_ALG:type=2, length=0
2026-02-12 10:42:25.113 [cefgetfile] WARNING: Unknown VALIDATION_ALG:type=2, length=0
2026-02-12 10:42:25.113 [cefgetfile] WARNING: Unknown VALIDATION_ALG:type=2, length=0
2026-02-12 10:42:25.114 [cefgetfile] WARNING: Unknown VALIDATION_ALG:type=2, length=0
2026-02-12 10:42:25.114 [cefgetfile] WARNING: Unknown VALIDATION_ALG:type=2, length=0
2026-02-12 10:42:25.114 [cefgetfile] WARNING: Unknown VALIDATION_ALG:type=2, length=0
2026-02-12 10:42:25.114 [cefgetfile] WARNING: Unknown VALIDATION_ALG:type=2, length=0
2026-02-12 10:42:25.115 [cefgetfile] WARNING: Unknown VALIDATION_ALG:type=2, length=0
2026-02-12 10:42:25.115 [cefgetfile] WARNING: Unknown VALIDATION_ALG:type=2, length=0
2026-02-12 10:42:25.115 [cefgetfile] WARNING: Unknown VALIDATION_ALG:type=2, length=0
2026-02-12 10:42:25.115 [cefgetfile] WARNING: Unknown VALIDATION_ALG:type=2, length=0
2026-02-12 10:42:25.115 [cefgetfile] WARNING: Unknown VALIDATION_ALG:type=2, length=0
2026-02-12 10:42:25.116 [cefgetfile] WARNING: Unknown VALIDATION_ALG:type=2, length=0
2026-02-12 10:42:25.118 [cefgetfile] WARNING: Unknown VALIDATION_ALG:type=2, length=0
2026-02-12 10:42:25.120 [cefgetfile] WARNING: Unknown VALIDATION_ALG:type=2, length=0
2026-02-12 10:42:25.123 [cefgetfile] WARNING: Unknown VALIDATION_ALG:type=2, length=0
2026-02-12 10:42:25.125 [cefgetfile] WARNING: Unknown VALIDATION_ALG:type=2, length=0
2026-02-12 10:42:25.126 [cefgetfile] WARNING: Unknown VALIDATION_ALG:type=2, length=0
2026-02-12 10:42:25.127 [cefgetfile] WARNING: Unknown VALIDATION_ALG:type=2, length=0
2026-02-12 10:42:25.128 [cefgetfile] WARNING: Unknown VALIDATION_ALG:type=2, length=0
2026-02-12 10:42:25.129 [cefgetfile] WARNING: Unknown VALIDATION_ALG:type=2, length=0
2026-02-12 10:42:25.130 [cefgetfile] WARNING: Unknown VALIDATION_ALG:type=2, length=0
2026-02-12 10:42:25.130 [cefgetfile] WARNING: Unknown VALIDATION_ALG:type=2, length=0
2026-02-12 10:42:25.131 [cefgetfile] WARNING: Unknown VALIDATION_ALG:type=2, length=0
2026-02-12 10:42:25.131 [cefgetfile] WARNING: Unknown VALIDATION_ALG:type=2, length=0
2026-02-12 10:42:25.131 [cefgetfile] WARNING: Unknown VALIDATION_ALG:type=2, length=0
2026-02-12 10:42:25.132 [cefgetfile] WARNING: Unknown VALIDATION_ALG:type=2, length=0
2026-02-12 10:42:25.133 [cefgetfile] WARNING: Unknown VALIDATION_ALG:type=2, length=0
2026-02-12 10:42:25.133 [cefgetfile] WARNING: Unknown VALIDATION_ALG:type=2, length=0
2026-02-12 10:42:25.134 [cefgetfile] WARNING: Unknown VALIDATION_ALG:type=2, length=0
2026-02-12 10:42:25.134 [cefgetfile] WARNING: Unknown VALIDATION_ALG:type=2, length=0
2026-02-12 10:42:25.135 [cefgetfile] WARNING: Unknown VALIDATION_ALG:type=2, length=0
2026-02-12 10:42:25.135 [cefgetfile] WARNING: Unknown VALIDATION_ALG:type=2, length=0
2026-02-12 10:42:25.136 [cefgetfile] WARNING: Unknown VALIDATION_ALG:type=2, length=0
2026-02-12 10:42:25.136 [cefgetfile] WARNING: Unknown VALIDATION_ALG:type=2, length=0
2026-02-12 10:42:25.137 [cefgetfile] WARNING: Unknown VALIDATION_ALG:type=2, length=0
2026-02-12 10:42:25.145 [cefgetfile] WARNING: Unknown VALIDATION_ALG:type=2, length=0
2026-02-12 10:42:25.145 [cefgetfile] WARNING: Unknown VALIDATION_ALG:type=2, length=0
2026-02-12 10:42:25.145 [cefgetfile] WARNING: Unknown VALIDATION_ALG:type=2, length=0
2026-02-12 10:42:25.146 [cefgetfile] WARNING: Unknown VALIDATION_ALG:type=2, length=0
2026-02-12 10:42:25.146 [cefgetfile] WARNING: Unknown VALIDATION_ALG:type=2, length=0
2026-02-12 10:42:25.146 [cefgetfile] WARNING: Unknown VALIDATION_ALG:type=2, length=0
2026-02-12 10:42:25.149 [cefgetfile] WARNING: Unknown VALIDATION_ALG:type=2, length=0
2026-02-12 10:42:25.149 [cefgetfile] WARNING: Unknown VALIDATION_ALG:type=2, length=0
2026-02-12 10:42:25.149 [cefgetfile] WARNING: Unknown VALIDATION_ALG:type=2, length=0
2026-02-12 10:42:25.150 [cefgetfile] WARNING: Unknown VALIDATION_ALG:type=2, length=0
2026-02-12 10:42:25.150 [cefgetfile] WARNING: Unknown VALIDATION_ALG:type=2, length=0
2026-02-12 10:42:25.153 [cefgetfile] WARNING: Unknown VALIDATION_ALG:type=2, length=0
2026-02-12 10:42:25.153 [cefgetfile] WARNING: Unknown VALIDATION_ALG:type=2, length=0
2026-02-12 10:42:25.153 [cefgetfile] WARNING: Unknown VALIDATION_ALG:type=2, length=0
2026-02-12 10:42:25.154 [cefgetfile] WARNING: Unknown VALIDATION_ALG:type=2, length=0
2026-02-12 10:42:25.156 [cefgetfile] WARNING: Unknown VALIDATION_ALG:type=2, length=0
2026-02-12 10:42:25.157 [cefgetfile] WARNING: Unknown VALIDATION_ALG:type=2, length=0
2026-02-12 10:42:25.157 [cefgetfile] WARNING: Unknown VALIDATION_ALG:type=2, length=0
2026-02-12 10:42:25.157 [cefgetfile] WARNING: Unknown VALIDATION_ALG:type=2, length=0
2026-02-12 10:42:25.159 [cefgetfile] WARNING: Unknown VALIDATION_ALG:type=2, length=0
2026-02-12 10:42:25.160 [cefgetfile] WARNING: Unknown VALIDATION_ALG:type=2, length=0
2026-02-12 10:42:25.160 [cefgetfile] WARNING: Unknown VALIDATION_ALG:type=2, length=0
2026-02-12 10:42:25.160 [cefgetfile] WARNING: Unknown VALIDATION_ALG:type=2, length=0
2026-02-12 10:42:25.161 [cefgetfile] WARNING: Unknown VALIDATION_ALG:type=2, length=0
2026-02-12 10:42:25.161 [cefgetfile] WARNING: Unknown VALIDATION_ALG:type=2, length=0
2026-02-12 10:42:25.161 [cefgetfile] WARNING: Unknown VALIDATION_ALG:type=2, length=0
2026-02-12 10:42:25.162 [cefgetfile] WARNING: Unknown VALIDATION_ALG:type=2, length=0
2026-02-12 10:42:25.166 [cefgetfile] WARNING: Unknown VALIDATION_ALG:type=2, length=0
2026-02-12 10:42:25.166 [cefgetfile] WARNING: Unknown VALIDATION_ALG:type=2, length=0
2026-02-12 10:42:25.166 [cefgetfile] WARNING: Unknown VALIDATION_ALG:type=2, length=0
2026-02-12 10:42:25.166 [cefgetfile] WARNING: Unknown VALIDATION_ALG:type=2, length=0
2026-02-12 10:42:25.167 [cefgetfile] WARNING: Unknown VALIDATION_ALG:type=2, length=0
2026-02-12 10:42:25.167 [cefgetfile] WARNING: Unknown VALIDATION_ALG:type=2, length=0
2026-02-12 10:42:25.167 [cefgetfile] WARNING: Unknown VALIDATION_ALG:type=2, length=0
2026-02-12 10:42:25.168 [cefgetfile] WARNING: Unknown VALIDATION_ALG:type=2, length=0
2026-02-12 10:42:25.168 [cefgetfile] WARNING: Unknown VALIDATION_ALG:type=2, length=0
2026-02-12 10:42:25.169 [cefgetfile] WARNING: Unknown VALIDATION_ALG:type=2, length=0
2026-02-12 10:42:25.169 [cefgetfile] WARNING: Unknown VALIDATION_ALG:type=2, length=0
2026-02-12 10:42:25.170 [cefgetfile] WARNING: Unknown VALIDATION_ALG:type=2, length=0
2026-02-12 10:42:25.170 [cefgetfile] WARNING: Unknown VALIDATION_ALG:type=2, length=0
2026-02-12 10:42:25.170 [cefgetfile] WARNING: Unknown VALIDATION_ALG:type=2, length=0
2026-02-12 10:42:25.171 [cefgetfile] WARNING: Unknown VALIDATION_ALG:type=2, length=0
2026-02-12 10:42:25.171 [cefgetfile] WARNING: Unknown VALIDATION_ALG:type=2, length=0
2026-02-12 10:42:25.177 [cefgetfile] WARNING: Unknown VALIDATION_ALG:type=2, length=0
2026-02-12 10:42:25.177 [cefgetfile] WARNING: Unknown VALIDATION_ALG:type=2, length=0
2026-02-12 10:42:25.178 [cefgetfile] WARNING: Unknown VALIDATION_ALG:type=2, length=0
2026-02-12 10:42:25.179 [cefgetfile] WARNING: Unknown VALIDATION_ALG:type=2, length=0
2026-02-12 10:42:25.179 [cefgetfile] WARNING: Unknown VALIDATION_ALG:type=2, length=0
2026-02-12 10:42:25.179 [cefgetfile] WARNING: Unknown VALIDATION_ALG:type=2, length=0
2026-02-12 10:42:25.181 [cefgetfile] WARNING: Unknown VALIDATION_ALG:type=2, length=0
2026-02-12 10:42:25.181 [cefgetfile] WARNING: Unknown VALIDATION_ALG:type=2, length=0
2026-02-12 10:42:25.182 [cefgetfile] WARNING: Unknown VALIDATION_ALG:type=2, length=0
2026-02-12 10:42:25.182 [cefgetfile] WARNING: Unknown VALIDATION_ALG:type=2, length=0
2026-02-12 10:42:25.182 [cefgetfile] WARNING: Unknown VALIDATION_ALG:type=2, length=0
2026-02-12 10:42:25.183 [cefgetfile] WARNING: Unknown VALIDATION_ALG:type=2, length=0
2026-02-12 10:42:25.183 [cefgetfile] WARNING: Unknown VALIDATION_ALG:type=2, length=0
2026-02-12 10:42:25.184 [cefgetfile] WARNING: Unknown VALIDATION_ALG:type=2, length=0
2026-02-12 10:42:25.184 [cefgetfile] WARNING: Unknown VALIDATION_ALG:type=2, length=0
2026-02-12 10:42:25.184 [cefgetfile] WARNING: Unknown VALIDATION_ALG:type=2, length=0
2026-02-12 10:42:25.185 [cefgetfile] WARNING: Unknown VALIDATION_ALG:type=2, length=0
2026-02-12 10:42:25.186 [cefgetfile] WARNING: Unknown VALIDATION_ALG:type=2, length=0
2026-02-12 10:42:25.186 [cefgetfile] WARNING: Unknown VALIDATION_ALG:type=2, length=0
2026-02-12 10:42:25.186 [cefgetfile] WARNING: Unknown VALIDATION_ALG:type=2, length=0
2026-02-12 10:42:25.187 [cefgetfile] WARNING: Unknown VALIDATION_ALG:type=2, length=0
2026-02-12 10:42:25.196 [cefgetfile] WARNING: Unknown VALIDATION_ALG:type=2, length=0
2026-02-12 10:42:25.196 [cefgetfile] WARNING: Unknown VALIDATION_ALG:type=2, length=0
2026-02-12 10:42:25.197 [cefgetfile] WARNING: Unknown VALIDATION_ALG:type=2, length=0
[cefgetfile] Completed to get all the chunks.
[cefgetfile] Unconnect to cefnetd ... OK
[cefgetfile] Terminate
[cefgetfile] Rx Frames (All)           = 424
[cefgetfile] Rx Frames (ContentObject) = 424
[cefgetfile] Rx Bytes (All)            = 449926
[cefgetfile] Rx Bytes (ContentObject)  = 433390
[cefgetfile] Duration                  = 0.493 sec
[cefgetfile] Throughput                = 7309377 bps
[cefgetfile] Goodput                   = 7040738 bps
[cefgetfile] Jitter (Ave)              = 1161 us
[cefgetfile] Jitter (Max)              = 167977 us
[cefgetfile] Jitter (Var)              = 67062918 us
