[cefputfile] Start
[cefputfile] Parsing parameters ... OK
2026-02-06 18:43:21.969 [cefputfile] INFO: [client] Config directory is ./h2
2026-02-06 18:43:21.969 [cefputfile] INFO: [client] Local Socket Name is /tmp/cef_9695.2
2026-02-06 18:43:21.969 [cefputfile] INFO: [client] Listen Port is 9695
[cefputfile] Init Cefore Client package ... OK
[cefputfile] Conversion from URI into Name ... OK
[cefputfile] Checking the input file ... OK
[cefputfile] Connect to cefnetd ... OK
[cefputfile] URI         = ccnx:/emergency/test
[cefputfile] File        = ./style.css
[cefputfile] Rate        = 10.000 Mbps
[cefputfile] Block Size  = 1024 Bytes
[cefputfile] Cache Time  = 5000 sec
[cefputfile] Expiration  = 5000 sec
[cefputfile] Start creating Content Objects
[cefputfile] Unconnect to cefnetd ... OK
[cefputfile] Terminate
[cefputfile] Tx Frames  = 3
[cefputfile] Tx Bytes   = 2770
[cefputfile] Duration   = 0.004 sec
[cefputfile] Throughput = 6743761 bps
