[cefgetfile] Start
[cefgetfile] Parsing parameters ...OK
2026-01-29 17:36:19.813 [cefgetfile] INFO: [client] Config directory is ./h4
2026-01-29 17:36:19.813 [cefgetfile] INFO: [client] Local Socket Name is /tmp/cef_9695.4
2026-01-29 17:36:19.813 [cefgetfile] INFO: [client] Listen Port is 9695
[cefgetfile] Init Cefore Client package ... OK
[cefgetfile] Conversion from URI into Name ... OK
[cefgetfile] Checking the output file ... OK
[cefgetfile] Connect to cefnetd ... OK
[cefgetfile] URI=ccnx:/test/experiment/content6
[cefgetfile] Start sending Interests
[cefgetfile] Completed to get all the chunks.
[cefgetfile] Unconnect to cefnetd ... OK
[cefgetfile] Terminate
[cefgetfile] Rx Frames (All)           = 431
[cefgetfile] Rx Frames (ContentObject) = 424
[cefgetfile] Rx Bytes (All)            = 458660
[cefgetfile] Rx Bytes (ContentObject)  = 433390
[cefgetfile] Duration                  = 3.644 sec
[cefgetfile] Throughput                = 1007081 bps
[cefgetfile] Goodput                   = 951595 bps
[cefgetfile] Jitter (Ave)              = 8593 us
[cefgetfile] Jitter (Max)              = 1502232 us
[cefgetfile] Jitter (Var)              = 7795068099 us
