[cefgetfile] Start
[cefgetfile] Parsing parameters ...OK
2026-01-29 17:35:10.901 [cefgetfile] INFO: [client] Config directory is ./h1
2026-01-29 17:35:10.901 [cefgetfile] INFO: [client] Local Socket Name is /tmp/cef_9695.1
2026-01-29 17:35:10.901 [cefgetfile] INFO: [client] Listen Port is 9695
[cefgetfile] Init Cefore Client package ... OK
[cefgetfile] Conversion from URI into Name ... OK
[cefgetfile] Checking the output file ... OK
[cefgetfile] Connect to cefnetd ... OK
[cefgetfile] URI=ccnx:/test/experiment/content3
[cefgetfile] Start sending Interests
[cefgetfile] Completed to get all the chunks.
[cefgetfile] Unconnect to cefnetd ... OK
[cefgetfile] Terminate
[cefgetfile] Rx Frames (All)           = 424
[cefgetfile] Rx Frames (ContentObject) = 424
[cefgetfile] Rx Bytes (All)            = 451198
[cefgetfile] Rx Bytes (ContentObject)  = 433390
[cefgetfile] Duration                  = 0.195 sec
[cefgetfile] Throughput                = 18580148 bps
[cefgetfile] Goodput                   = 17846822 bps
[cefgetfile] Jitter (Ave)              = 458 us
[cefgetfile] Jitter (Max)              = 6325 us
[cefgetfile] Jitter (Var)              = 514671 us
