[cefgetfile] Start
[cefgetfile] Parsing parameters ...OK
2026-03-04 11:21:41.997 [cefgetfile] INFO: [client] Config directory is ./h0
2026-03-04 11:21:41.997 [cefgetfile] INFO: [client] Local Socket Name is /tmp/cef_9695.0
2026-03-04 11:21:41.997 [cefgetfile] INFO: [client] Listen Port is 9695
[cefgetfile] Init Cefore Client package ... OK
[cefgetfile] Conversion from URI into Name ... OK
[cefgetfile] Checking the output file ... OK
[cefgetfile] Connect to cefnetd ... OK
[cefgetfile] URI=ccnx:/test/sample
[cefgetfile] Start sending Interests
2026-03-04 11:21:42.006 [cefgetfile] WARNING: Unknown VALIDATION_ALG:type=2, length=0
2026-03-04 11:21:42.006 [cefgetfile] WARNING: Unknown VALIDATION_ALG:type=2, length=0
2026-03-04 11:21:42.006 [cefgetfile] WARNING: Unknown VALIDATION_ALG:type=2, length=0
2026-03-04 11:21:42.006 [cefgetfile] WARNING: Unknown VALIDATION_ALG:type=2, length=0
2026-03-04 11:21:42.006 [cefgetfile] WARNING: Unknown VALIDATION_ALG:type=2, length=0
2026-03-04 11:21:42.006 [cefgetfile] WARNING: Unknown VALIDATION_ALG:type=2, length=0
2026-03-04 11:21:42.006 [cefgetfile] WARNING: Unknown VALIDATION_ALG:type=2, length=0
2026-03-04 11:21:42.006 [cefgetfile] WARNING: Unknown VALIDATION_ALG:type=2, length=0
2026-03-04 11:21:42.006 [cefgetfile] WARNING: Unknown VALIDATION_ALG:type=2, length=0
2026-03-04 11:21:42.007 [cefgetfile] WARNING: Unknown VALIDATION_ALG:type=2, length=0
2026-03-04 11:21:42.007 [cefgetfile] WARNING: Unknown VALIDATION_ALG:type=2, length=0
2026-03-04 11:21:42.007 [cefgetfile] WARNING: Unknown VALIDATION_ALG:type=2, length=0
2026-03-04 11:21:42.007 [cefgetfile] WARNING: Unknown VALIDATION_ALG:type=2, length=0
2026-03-04 11:21:42.007 [cefgetfile] WARNING: Unknown VALIDATION_ALG:type=2, length=0
2026-03-04 11:21:42.007 [cefgetfile] WARNING: Unknown VALIDATION_ALG:type=2, length=0
2026-03-04 11:21:42.007 [cefgetfile] WARNING: Unknown VALIDATION_ALG:type=2, length=0
2026-03-04 11:21:42.007 [cefgetfile] WARNING: Unknown VALIDATION_ALG:type=2, length=0
2026-03-04 11:21:42.007 [cefgetfile] WARNING: Unknown VALIDATION_ALG:type=2, length=0
2026-03-04 11:21:42.007 [cefgetfile] WARNING: Unknown VALIDATION_ALG:type=2, length=0
2026-03-04 11:21:42.007 [cefgetfile] WARNING: Unknown VALIDATION_ALG:type=2, length=0
2026-03-04 11:21:42.007 [cefgetfile] WARNING: Unknown VALIDATION_ALG:type=2, length=0
2026-03-04 11:21:42.008 [cefgetfile] WARNING: Unknown VALIDATION_ALG:type=2, length=0
2026-03-04 11:21:42.008 [cefgetfile] WARNING: Unknown VALIDATION_ALG:type=2, length=0
2026-03-04 11:21:42.008 [cefgetfile] WARNING: Unknown VALIDATION_ALG:type=2, length=0
2026-03-04 11:21:42.008 [cefgetfile] WARNING: Unknown VALIDATION_ALG:type=2, length=0
2026-03-04 11:21:42.008 [cefgetfile] WARNING: Unknown VALIDATION_ALG:type=2, length=0
2026-03-04 11:21:42.008 [cefgetfile] WARNING: Unknown VALIDATION_ALG:type=2, length=0
2026-03-04 11:21:42.008 [cefgetfile] WARNING: Unknown VALIDATION_ALG:type=2, length=0
2026-03-04 11:21:42.008 [cefgetfile] WARNING: Unknown VALIDATION_ALG:type=2, length=0
2026-03-04 11:21:42.008 [cefgetfile] WARNING: Unknown VALIDATION_ALG:type=2, length=0
2026-03-04 11:21:42.008 [cefgetfile] WARNING: Unknown VALIDATION_ALG:type=2, length=0
2026-03-04 11:21:42.008 [cefgetfile] WARNING: Unknown VALIDATION_ALG:type=2, length=0
2026-03-04 11:21:42.008 [cefgetfile] WARNING: Unknown VALIDATION_ALG:type=2, length=0
2026-03-04 11:21:42.008 [cefgetfile] WARNING: Unknown VALIDATION_ALG:type=2, length=0
2026-03-04 11:21:42.008 [cefgetfile] WARNING: Unknown VALIDATION_ALG:type=2, length=0
2026-03-04 11:21:42.009 [cefgetfile] WARNING: Unknown VALIDATION_ALG:type=2, length=0
2026-03-04 11:21:42.009 [cefgetfile] WARNING: Unknown VALIDATION_ALG:type=2, length=0
2026-03-04 11:21:42.009 [cefgetfile] WARNING: Unknown VALIDATION_ALG:type=2, length=0
2026-03-04 11:21:42.009 [cefgetfile] WARNING: Unknown VALIDATION_ALG:type=2, length=0
2026-03-04 11:21:42.009 [cefgetfile] WARNING: Unknown VALIDATION_ALG:type=2, length=0
2026-03-04 11:21:42.009 [cefgetfile] WARNING: Unknown VALIDATION_ALG:type=2, length=0
2026-03-04 11:21:42.009 [cefgetfile] WARNING: Unknown VALIDATION_ALG:type=2, length=0
2026-03-04 11:21:42.009 [cefgetfile] WARNING: Unknown VALIDATION_ALG:type=2, length=0
2026-03-04 11:21:42.009 [cefgetfile] WARNING: Unknown VALIDATION_ALG:type=2, length=0
2026-03-04 11:21:42.009 [cefgetfile] WARNING: Unknown VALIDATION_ALG:type=2, length=0
2026-03-04 11:21:42.009 [cefgetfile] WARNING: Unknown VALIDATION_ALG:type=2, length=0
2026-03-04 11:21:42.009 [cefgetfile] WARNING: Unknown VALIDATION_ALG:type=2, length=0
2026-03-04 11:21:42.010 [cefgetfile] WARNING: Unknown VALIDATION_ALG:type=2, length=0
2026-03-04 11:21:42.010 [cefgetfile] WARNING: Unknown VALIDATION_ALG:type=2, length=0
2026-03-04 11:21:42.010 [cefgetfile] WARNING: Unknown VALIDATION_ALG:type=2, length=0
2026-03-04 11:21:42.010 [cefgetfile] WARNING: Unknown VALIDATION_ALG:type=2, length=0
2026-03-04 11:21:42.010 [cefgetfile] WARNING: Unknown VALIDATION_ALG:type=2, length=0
2026-03-04 11:21:42.010 [cefgetfile] WARNING: Unknown VALIDATION_ALG:type=2, length=0
2026-03-04 11:21:42.010 [cefgetfile] WARNING: Unknown VALIDATION_ALG:type=2, length=0
2026-03-04 11:21:42.010 [cefgetfile] WARNING: Unknown VALIDATION_ALG:type=2, length=0
2026-03-04 11:21:42.010 [cefgetfile] WARNING: Unknown VALIDATION_ALG:type=2, length=0
2026-03-04 11:21:42.010 [cefgetfile] WARNING: Unknown VALIDATION_ALG:type=2, length=0
2026-03-04 11:21:42.010 [cefgetfile] WARNING: Unknown VALIDATION_ALG:type=2, length=0
2026-03-04 11:21:42.010 [cefgetfile] WARNING: Unknown VALIDATION_ALG:type=2, length=0
2026-03-04 11:21:42.010 [cefgetfile] WARNING: Unknown VALIDATION_ALG:type=2, length=0
2026-03-04 11:21:42.011 [cefgetfile] WARNING: Unknown VALIDATION_ALG:type=2, length=0
2026-03-04 11:21:42.011 [cefgetfile] WARNING: Unknown VALIDATION_ALG:type=2, length=0
2026-03-04 11:21:42.011 [cefgetfile] WARNING: Unknown VALIDATION_ALG:type=2, length=0
2026-03-04 11:21:42.011 [cefgetfile] WARNING: Unknown VALIDATION_ALG:type=2, length=0
2026-03-04 11:21:42.011 [cefgetfile] WARNING: Unknown VALIDATION_ALG:type=2, length=0
2026-03-04 11:21:42.011 [cefgetfile] WARNING: Unknown VALIDATION_ALG:type=2, length=0
2026-03-04 11:21:42.011 [cefgetfile] WARNING: Unknown VALIDATION_ALG:type=2, length=0
2026-03-04 11:21:42.011 [cefgetfile] WARNING: Unknown VALIDATION_ALG:type=2, length=0
2026-03-04 11:21:42.011 [cefgetfile] WARNING: Unknown VALIDATION_ALG:type=2, length=0
2026-03-04 11:21:42.011 [cefgetfile] WARNING: Unknown VALIDATION_ALG:type=2, length=0
2026-03-04 11:21:42.011 [cefgetfile] WARNING: Unknown VALIDATION_ALG:type=2, length=0
2026-03-04 11:21:42.011 [cefgetfile] WARNING: Unknown VALIDATION_ALG:type=2, length=0
2026-03-04 11:21:42.011 [cefgetfile] WARNING: Unknown VALIDATION_ALG:type=2, length=0
2026-03-04 11:21:42.012 [cefgetfile] WARNING: Unknown VALIDATION_ALG:type=2, length=0
2026-03-04 11:21:42.012 [cefgetfile] WARNING: Unknown VALIDATION_ALG:type=2, length=0
2026-03-04 11:21:42.012 [cefgetfile] WARNING: Unknown VALIDATION_ALG:type=2, length=0
2026-03-04 11:21:42.012 [cefgetfile] WARNING: Unknown VALIDATION_ALG:type=2, length=0
2026-03-04 11:21:42.012 [cefgetfile] WARNING: Unknown VALIDATION_ALG:type=2, length=0
2026-03-04 11:21:42.012 [cefgetfile] WARNING: Unknown VALIDATION_ALG:type=2, length=0
2026-03-04 11:21:42.012 [cefgetfile] WARNING: Unknown VALIDATION_ALG:type=2, length=0
2026-03-04 11:21:42.012 [cefgetfile] WARNING: Unknown VALIDATION_ALG:type=2, length=0
2026-03-04 11:21:42.012 [cefgetfile] WARNING: Unknown VALIDATION_ALG:type=2, length=0
2026-03-04 11:21:42.012 [cefgetfile] WARNING: Unknown VALIDATION_ALG:type=2, length=0
2026-03-04 11:21:42.012 [cefgetfile] WARNING: Unknown VALIDATION_ALG:type=2, length=0
2026-03-04 11:21:42.012 [cefgetfile] WARNING: Unknown VALIDATION_ALG:type=2, length=0
2026-03-04 11:21:42.012 [cefgetfile] WARNING: Unknown VALIDATION_ALG:type=2, length=0
2026-03-04 11:21:42.012 [cefgetfile] WARNING: Unknown VALIDATION_ALG:type=2, length=0
2026-03-04 11:21:42.013 [cefgetfile] WARNING: Unknown VALIDATION_ALG:type=2, length=0
2026-03-04 11:21:42.013 [cefgetfile] WARNING: Unknown VALIDATION_ALG:type=2, length=0
2026-03-04 11:21:42.013 [cefgetfile] WARNING: Unknown VALIDATION_ALG:type=2, length=0
2026-03-04 11:21:42.013 [cefgetfile] WARNING: Unknown VALIDATION_ALG:type=2, length=0
2026-03-04 11:21:42.013 [cefgetfile] WARNING: Unknown VALIDATION_ALG:type=2, length=0
2026-03-04 11:21:42.013 [cefgetfile] WARNING: Unknown VALIDATION_ALG:type=2, length=0
2026-03-04 11:21:42.013 [cefgetfile] WARNING: Unknown VALIDATION_ALG:type=2, length=0
2026-03-04 11:21:42.013 [cefgetfile] WARNING: Unknown VALIDATION_ALG:type=2, length=0
2026-03-04 11:21:42.013 [cefgetfile] WARNING: Unknown VALIDATION_ALG:type=2, length=0
2026-03-04 11:21:42.013 [cefgetfile] WARNING: Unknown VALIDATION_ALG:type=2, length=0
2026-03-04 11:21:42.013 [cefgetfile] WARNING: Unknown VALIDATION_ALG:type=2, length=0
2026-03-04 11:21:42.013 [cefgetfile] WARNING: Unknown VALIDATION_ALG:type=2, length=0
2026-03-04 11:21:42.013 [cefgetfile] WARNING: Unknown VALIDATION_ALG:type=2, length=0
2026-03-04 11:21:42.014 [cefgetfile] WARNING: Unknown VALIDATION_ALG:type=2, length=0
2026-03-04 11:21:42.014 [cefgetfile] WARNING: Unknown VALIDATION_ALG:type=2, length=0
2026-03-04 11:21:42.014 [cefgetfile] WARNING: Unknown VALIDATION_ALG:type=2, length=0
2026-03-04 11:21:42.014 [cefgetfile] WARNING: Unknown VALIDATION_ALG:type=2, length=0
2026-03-04 11:21:42.014 [cefgetfile] WARNING: Unknown VALIDATION_ALG:type=2, length=0
2026-03-04 11:21:42.014 [cefgetfile] WARNING: Unknown VALIDATION_ALG:type=2, length=0
2026-03-04 11:21:42.014 [cefgetfile] WARNING: Unknown VALIDATION_ALG:type=2, length=0
2026-03-04 11:21:42.014 [cefgetfile] WARNING: Unknown VALIDATION_ALG:type=2, length=0
2026-03-04 11:21:42.014 [cefgetfile] WARNING: Unknown VALIDATION_ALG:type=2, length=0
2026-03-04 11:21:42.017 [cefgetfile] WARNING: Unknown VALIDATION_ALG:type=2, length=0
2026-03-04 11:21:42.017 [cefgetfile] WARNING: Unknown VALIDATION_ALG:type=2, length=0
2026-03-04 11:21:42.017 [cefgetfile] WARNING: Unknown VALIDATION_ALG:type=2, length=0
2026-03-04 11:21:42.017 [cefgetfile] WARNING: Unknown VALIDATION_ALG:type=2, length=0
2026-03-04 11:21:42.017 [cefgetfile] WARNING: Unknown VALIDATION_ALG:type=2, length=0
2026-03-04 11:21:42.017 [cefgetfile] WARNING: Unknown VALIDATION_ALG:type=2, length=0
2026-03-04 11:21:42.017 [cefgetfile] WARNING: Unknown VALIDATION_ALG:type=2, length=0
2026-03-04 11:21:42.017 [cefgetfile] WARNING: Unknown VALIDATION_ALG:type=2, length=0
2026-03-04 11:21:42.017 [cefgetfile] WARNING: Unknown VALIDATION_ALG:type=2, length=0
2026-03-04 11:21:42.018 [cefgetfile] WARNING: Unknown VALIDATION_ALG:type=2, length=0
2026-03-04 11:21:42.018 [cefgetfile] WARNING: Unknown VALIDATION_ALG:type=2, length=0
2026-03-04 11:21:42.018 [cefgetfile] WARNING: Unknown VALIDATION_ALG:type=2, length=0
2026-03-04 11:21:42.018 [cefgetfile] WARNING: Unknown VALIDATION_ALG:type=2, length=0
2026-03-04 11:21:42.018 [cefgetfile] WARNING: Unknown VALIDATION_ALG:type=2, length=0
2026-03-04 11:21:42.018 [cefgetfile] WARNING: Unknown VALIDATION_ALG:type=2, length=0
2026-03-04 11:21:42.018 [cefgetfile] WARNING: Unknown VALIDATION_ALG:type=2, length=0
2026-03-04 11:21:42.018 [cefgetfile] WARNING: Unknown VALIDATION_ALG:type=2, length=0
2026-03-04 11:21:42.018 [cefgetfile] WARNING: Unknown VALIDATION_ALG:type=2, length=0
2026-03-04 11:21:42.018 [cefgetfile] WARNING: Unknown VALIDATION_ALG:type=2, length=0
2026-03-04 11:21:42.018 [cefgetfile] WARNING: Unknown VALIDATION_ALG:type=2, length=0
2026-03-04 11:21:42.018 [cefgetfile] WARNING: Unknown VALIDATION_ALG:type=2, length=0
2026-03-04 11:21:42.018 [cefgetfile] WARNING: Unknown VALIDATION_ALG:type=2, length=0
2026-03-04 11:21:42.019 [cefgetfile] WARNING: Unknown VALIDATION_ALG:type=2, length=0
2026-03-04 11:21:42.019 [cefgetfile] WARNING: Unknown VALIDATION_ALG:type=2, length=0
2026-03-04 11:21:42.019 [cefgetfile] WARNING: Unknown VALIDATION_ALG:type=2, length=0
2026-03-04 11:21:42.019 [cefgetfile] WARNING: Unknown VALIDATION_ALG:type=2, length=0
2026-03-04 11:21:42.019 [cefgetfile] WARNING: Unknown VALIDATION_ALG:type=2, length=0
2026-03-04 11:21:42.019 [cefgetfile] WARNING: Unknown VALIDATION_ALG:type=2, length=0
2026-03-04 11:21:42.019 [cefgetfile] WARNING: Unknown VALIDATION_ALG:type=2, length=0
2026-03-04 11:21:42.019 [cefgetfile] WARNING: Unknown VALIDATION_ALG:type=2, length=0
2026-03-04 11:21:42.019 [cefgetfile] WARNING: Unknown VALIDATION_ALG:type=2, length=0
2026-03-04 11:21:42.019 [cefgetfile] WARNING: Unknown VALIDATION_ALG:type=2, length=0
2026-03-04 11:21:42.019 [cefgetfile] WARNING: Unknown VALIDATION_ALG:type=2, length=0
2026-03-04 11:21:42.019 [cefgetfile] WARNING: Unknown VALIDATION_ALG:type=2, length=0
2026-03-04 11:21:42.019 [cefgetfile] WARNING: Unknown VALIDATION_ALG:type=2, length=0
2026-03-04 11:21:42.020 [cefgetfile] WARNING: Unknown VALIDATION_ALG:type=2, length=0
2026-03-04 11:21:42.020 [cefgetfile] WARNING: Unknown VALIDATION_ALG:type=2, length=0
2026-03-04 11:21:42.020 [cefgetfile] WARNING: Unknown VALIDATION_ALG:type=2, length=0
2026-03-04 11:21:42.020 [cefgetfile] WARNING: Unknown VALIDATION_ALG:type=2, length=0
2026-03-04 11:21:42.020 [cefgetfile] WARNING: Unknown VALIDATION_ALG:type=2, length=0
2026-03-04 11:21:42.020 [cefgetfile] WARNING: Unknown VALIDATION_ALG:type=2, length=0
2026-03-04 11:21:42.020 [cefgetfile] WARNING: Unknown VALIDATION_ALG:type=2, length=0
2026-03-04 11:21:42.020 [cefgetfile] WARNING: Unknown VALIDATION_ALG:type=2, length=0
2026-03-04 11:21:42.020 [cefgetfile] WARNING: Unknown VALIDATION_ALG:type=2, length=0
2026-03-04 11:21:42.020 [cefgetfile] WARNING: Unknown VALIDATION_ALG:type=2, length=0
2026-03-04 11:21:42.020 [cefgetfile] WARNING: Unknown VALIDATION_ALG:type=2, length=0
2026-03-04 11:21:42.020 [cefgetfile] WARNING: Unknown VALIDATION_ALG:type=2, length=0
2026-03-04 11:21:42.021 [cefgetfile] WARNING: Unknown VALIDATION_ALG:type=2, length=0
2026-03-04 11:21:42.021 [cefgetfile] WARNING: Unknown VALIDATION_ALG:type=2, length=0
2026-03-04 11:21:42.021 [cefgetfile] WARNING: Unknown VALIDATION_ALG:type=2, length=0
2026-03-04 11:21:42.021 [cefgetfile] WARNING: Unknown VALIDATION_ALG:type=2, length=0
2026-03-04 11:21:42.021 [cefgetfile] WARNING: Unknown VALIDATION_ALG:type=2, length=0
2026-03-04 11:21:42.021 [cefgetfile] WARNING: Unknown VALIDATION_ALG:type=2, length=0
2026-03-04 11:21:42.021 [cefgetfile] WARNING: Unknown VALIDATION_ALG:type=2, length=0
2026-03-04 11:21:42.021 [cefgetfile] WARNING: Unknown VALIDATION_ALG:type=2, length=0
2026-03-04 11:21:42.021 [cefgetfile] WARNING: Unknown VALIDATION_ALG:type=2, length=0
2026-03-04 11:21:42.021 [cefgetfile] WARNING: Unknown VALIDATION_ALG:type=2, length=0
2026-03-04 11:21:42.021 [cefgetfile] WARNING: Unknown VALIDATION_ALG:type=2, length=0
2026-03-04 11:21:42.021 [cefgetfile] WARNING: Unknown VALIDATION_ALG:type=2, length=0
2026-03-04 11:21:42.022 [cefgetfile] WARNING: Unknown VALIDATION_ALG:type=2, length=0
2026-03-04 11:21:42.022 [cefgetfile] WARNING: Unknown VALIDATION_ALG:type=2, length=0
2026-03-04 11:21:42.022 [cefgetfile] WARNING: Unknown VALIDATION_ALG:type=2, length=0
2026-03-04 11:21:42.022 [cefgetfile] WARNING: Unknown VALIDATION_ALG:type=2, length=0
2026-03-04 11:21:42.022 [cefgetfile] WARNING: Unknown VALIDATION_ALG:type=2, length=0
2026-03-04 11:21:42.022 [cefgetfile] WARNING: Unknown VALIDATION_ALG:type=2, length=0
2026-03-04 11:21:42.022 [cefgetfile] WARNING: Unknown VALIDATION_ALG:type=2, length=0
2026-03-04 11:21:42.022 [cefgetfile] WARNING: Unknown VALIDATION_ALG:type=2, length=0
2026-03-04 11:21:42.022 [cefgetfile] WARNING: Unknown VALIDATION_ALG:type=2, length=0
2026-03-04 11:21:42.022 [cefgetfile] WARNING: Unknown VALIDATION_ALG:type=2, length=0
2026-03-04 11:21:42.022 [cefgetfile] WARNING: Unknown VALIDATION_ALG:type=2, length=0
2026-03-04 11:21:42.022 [cefgetfile] WARNING: Unknown VALIDATION_ALG:type=2, length=0
2026-03-04 11:21:42.022 [cefgetfile] WARNING: Unknown VALIDATION_ALG:type=2, length=0
2026-03-04 11:21:42.022 [cefgetfile] WARNING: Unknown VALIDATION_ALG:type=2, length=0
2026-03-04 11:21:42.023 [cefgetfile] WARNING: Unknown VALIDATION_ALG:type=2, length=0
2026-03-04 11:21:42.023 [cefgetfile] WARNING: Unknown VALIDATION_ALG:type=2, length=0
2026-03-04 11:21:42.023 [cefgetfile] WARNING: Unknown VALIDATION_ALG:type=2, length=0
2026-03-04 11:21:42.023 [cefgetfile] WARNING: Unknown VALIDATION_ALG:type=2, length=0
2026-03-04 11:21:42.023 [cefgetfile] WARNING: Unknown VALIDATION_ALG:type=2, length=0
2026-03-04 11:21:42.023 [cefgetfile] WARNING: Unknown VALIDATION_ALG:type=2, length=0
2026-03-04 11:21:42.023 [cefgetfile] WARNING: Unknown VALIDATION_ALG:type=2, length=0
2026-03-04 11:21:42.023 [cefgetfile] WARNING: Unknown VALIDATION_ALG:type=2, length=0
2026-03-04 11:21:42.023 [cefgetfile] WARNING: Unknown VALIDATION_ALG:type=2, length=0
2026-03-04 11:21:42.023 [cefgetfile] WARNING: Unknown VALIDATION_ALG:type=2, length=0
2026-03-04 11:21:42.023 [cefgetfile] WARNING: Unknown VALIDATION_ALG:type=2, length=0
2026-03-04 11:21:42.023 [cefgetfile] WARNING: Unknown VALIDATION_ALG:type=2, length=0
2026-03-04 11:21:42.023 [cefgetfile] WARNING: Unknown VALIDATION_ALG:type=2, length=0
2026-03-04 11:21:42.024 [cefgetfile] WARNING: Unknown VALIDATION_ALG:type=2, length=0
2026-03-04 11:21:42.024 [cefgetfile] WARNING: Unknown VALIDATION_ALG:type=2, length=0
2026-03-04 11:21:42.024 [cefgetfile] WARNING: Unknown VALIDATION_ALG:type=2, length=0
2026-03-04 11:21:42.024 [cefgetfile] WARNING: Unknown VALIDATION_ALG:type=2, length=0
2026-03-04 11:21:42.024 [cefgetfile] WARNING: Unknown VALIDATION_ALG:type=2, length=0
2026-03-04 11:21:42.024 [cefgetfile] WARNING: Unknown VALIDATION_ALG:type=2, length=0
2026-03-04 11:21:42.024 [cefgetfile] WARNING: Unknown VALIDATION_ALG:type=2, length=0
2026-03-04 11:21:42.024 [cefgetfile] WARNING: Unknown VALIDATION_ALG:type=2, length=0
2026-03-04 11:21:42.024 [cefgetfile] WARNING: Unknown VALIDATION_ALG:type=2, length=0
2026-03-04 11:21:42.024 [cefgetfile] WARNING: Unknown VALIDATION_ALG:type=2, length=0
2026-03-04 11:21:42.024 [cefgetfile] WARNING: Unknown VALIDATION_ALG:type=2, length=0
2026-03-04 11:21:42.024 [cefgetfile] WARNING: Unknown VALIDATION_ALG:type=2, length=0
2026-03-04 11:21:42.024 [cefgetfile] WARNING: Unknown VALIDATION_ALG:type=2, length=0
2026-03-04 11:21:42.025 [cefgetfile] WARNING: Unknown VALIDATION_ALG:type=2, length=0
2026-03-04 11:21:42.025 [cefgetfile] WARNING: Unknown VALIDATION_ALG:type=2, length=0
2026-03-04 11:21:42.025 [cefgetfile] WARNING: Unknown VALIDATION_ALG:type=2, length=0
2026-03-04 11:21:42.025 [cefgetfile] WARNING: Unknown VALIDATION_ALG:type=2, length=0
2026-03-04 11:21:42.025 [cefgetfile] WARNING: Unknown VALIDATION_ALG:type=2, length=0
2026-03-04 11:21:42.025 [cefgetfile] WARNING: Unknown VALIDATION_ALG:type=2, length=0
2026-03-04 11:21:42.025 [cefgetfile] WARNING: Unknown VALIDATION_ALG:type=2, length=0
2026-03-04 11:21:42.025 [cefgetfile] WARNING: Unknown VALIDATION_ALG:type=2, length=0
2026-03-04 11:21:42.025 [cefgetfile] WARNING: Unknown VALIDATION_ALG:type=2, length=0
2026-03-04 11:21:42.025 [cefgetfile] WARNING: Unknown VALIDATION_ALG:type=2, length=0
2026-03-04 11:21:42.025 [cefgetfile] WARNING: Unknown VALIDATION_ALG:type=2, length=0
2026-03-04 11:21:42.025 [cefgetfile] WARNING: Unknown VALIDATION_ALG:type=2, length=0
2026-03-04 11:21:42.025 [cefgetfile] WARNING: Unknown VALIDATION_ALG:type=2, length=0
2026-03-04 11:21:42.026 [cefgetfile] WARNING: Unknown VALIDATION_ALG:type=2, length=0
2026-03-04 11:21:42.026 [cefgetfile] WARNING: Unknown VALIDATION_ALG:type=2, length=0
2026-03-04 11:21:42.026 [cefgetfile] WARNING: Unknown VALIDATION_ALG:type=2, length=0
2026-03-04 11:21:42.026 [cefgetfile] WARNING: Unknown VALIDATION_ALG:type=2, length=0
2026-03-04 11:21:42.026 [cefgetfile] WARNING: Unknown VALIDATION_ALG:type=2, length=0
2026-03-04 11:21:42.026 [cefgetfile] WARNING: Unknown VALIDATION_ALG:type=2, length=0
2026-03-04 11:21:42.026 [cefgetfile] WARNING: Unknown VALIDATION_ALG:type=2, length=0
2026-03-04 11:21:42.026 [cefgetfile] WARNING: Unknown VALIDATION_ALG:type=2, length=0
2026-03-04 11:21:42.026 [cefgetfile] WARNING: Unknown VALIDATION_ALG:type=2, length=0
2026-03-04 11:21:42.026 [cefgetfile] WARNING: Unknown VALIDATION_ALG:type=2, length=0
2026-03-04 11:21:42.026 [cefgetfile] WARNING: Unknown VALIDATION_ALG:type=2, length=0
2026-03-04 11:21:42.026 [cefgetfile] WARNING: Unknown VALIDATION_ALG:type=2, length=0
2026-03-04 11:21:42.026 [cefgetfile] WARNING: Unknown VALIDATION_ALG:type=2, length=0
2026-03-04 11:21:42.026 [cefgetfile] WARNING: Unknown VALIDATION_ALG:type=2, length=0
2026-03-04 11:21:42.027 [cefgetfile] WARNING: Unknown VALIDATION_ALG:type=2, length=0
2026-03-04 11:21:42.027 [cefgetfile] WARNING: Unknown VALIDATION_ALG:type=2, length=0
2026-03-04 11:21:42.027 [cefgetfile] WARNING: Unknown VALIDATION_ALG:type=2, length=0
2026-03-04 11:21:42.027 [cefgetfile] WARNING: Unknown VALIDATION_ALG:type=2, length=0
2026-03-04 11:21:42.027 [cefgetfile] WARNING: Unknown VALIDATION_ALG:type=2, length=0
2026-03-04 11:21:42.027 [cefgetfile] WARNING: Unknown VALIDATION_ALG:type=2, length=0
2026-03-04 11:21:42.027 [cefgetfile] WARNING: Unknown VALIDATION_ALG:type=2, length=0
2026-03-04 11:21:42.027 [cefgetfile] WARNING: Unknown VALIDATION_ALG:type=2, length=0
2026-03-04 11:21:42.027 [cefgetfile] WARNING: Unknown VALIDATION_ALG:type=2, length=0
2026-03-04 11:21:42.027 [cefgetfile] WARNING: Unknown VALIDATION_ALG:type=2, length=0
2026-03-04 11:21:42.027 [cefgetfile] WARNING: Unknown VALIDATION_ALG:type=2, length=0
2026-03-04 11:21:42.027 [cefgetfile] WARNING: Unknown VALIDATION_ALG:type=2, length=0
2026-03-04 11:21:42.027 [cefgetfile] WARNING: Unknown VALIDATION_ALG:type=2, length=0
2026-03-04 11:21:42.028 [cefgetfile] WARNING: Unknown VALIDATION_ALG:type=2, length=0
2026-03-04 11:21:42.028 [cefgetfile] WARNING: Unknown VALIDATION_ALG:type=2, length=0
2026-03-04 11:21:42.028 [cefgetfile] WARNING: Unknown VALIDATION_ALG:type=2, length=0
2026-03-04 11:21:42.028 [cefgetfile] WARNING: Unknown VALIDATION_ALG:type=2, length=0
2026-03-04 11:21:42.028 [cefgetfile] WARNING: Unknown VALIDATION_ALG:type=2, length=0
2026-03-04 11:21:42.028 [cefgetfile] WARNING: Unknown VALIDATION_ALG:type=2, length=0
2026-03-04 11:21:42.028 [cefgetfile] WARNING: Unknown VALIDATION_ALG:type=2, length=0
2026-03-04 11:21:42.028 [cefgetfile] WARNING: Unknown VALIDATION_ALG:type=2, length=0
2026-03-04 11:21:42.028 [cefgetfile] WARNING: Unknown VALIDATION_ALG:type=2, length=0
2026-03-04 11:21:42.028 [cefgetfile] WARNING: Unknown VALIDATION_ALG:type=2, length=0
2026-03-04 11:21:42.028 [cefgetfile] WARNING: Unknown VALIDATION_ALG:type=2, length=0
2026-03-04 11:21:42.028 [cefgetfile] WARNING: Unknown VALIDATION_ALG:type=2, length=0
2026-03-04 11:21:42.028 [cefgetfile] WARNING: Unknown VALIDATION_ALG:type=2, length=0
2026-03-04 11:21:42.028 [cefgetfile] WARNING: Unknown VALIDATION_ALG:type=2, length=0
2026-03-04 11:21:42.029 [cefgetfile] WARNING: Unknown VALIDATION_ALG:type=2, length=0
2026-03-04 11:21:42.029 [cefgetfile] WARNING: Unknown VALIDATION_ALG:type=2, length=0
2026-03-04 11:21:42.029 [cefgetfile] WARNING: Unknown VALIDATION_ALG:type=2, length=0
2026-03-04 11:21:42.029 [cefgetfile] WARNING: Unknown VALIDATION_ALG:type=2, length=0
2026-03-04 11:21:42.029 [cefgetfile] WARNING: Unknown VALIDATION_ALG:type=2, length=0
2026-03-04 11:21:42.029 [cefgetfile] WARNING: Unknown VALIDATION_ALG:type=2, length=0
2026-03-04 11:21:42.029 [cefgetfile] WARNING: Unknown VALIDATION_ALG:type=2, length=0
2026-03-04 11:21:42.029 [cefgetfile] WARNING: Unknown VALIDATION_ALG:type=2, length=0
2026-03-04 11:21:42.029 [cefgetfile] WARNING: Unknown VALIDATION_ALG:type=2, length=0
2026-03-04 11:21:42.029 [cefgetfile] WARNING: Unknown VALIDATION_ALG:type=2, length=0
2026-03-04 11:21:42.029 [cefgetfile] WARNING: Unknown VALIDATION_ALG:type=2, length=0
2026-03-04 11:21:42.029 [cefgetfile] WARNING: Unknown VALIDATION_ALG:type=2, length=0
2026-03-04 11:21:42.029 [cefgetfile] WARNING: Unknown VALIDATION_ALG:type=2, length=0
2026-03-04 11:21:42.030 [cefgetfile] WARNING: Unknown VALIDATION_ALG:type=2, length=0
2026-03-04 11:21:42.030 [cefgetfile] WARNING: Unknown VALIDATION_ALG:type=2, length=0
2026-03-04 11:21:42.030 [cefgetfile] WARNING: Unknown VALIDATION_ALG:type=2, length=0
2026-03-04 11:21:42.030 [cefgetfile] WARNING: Unknown VALIDATION_ALG:type=2, length=0
2026-03-04 11:21:42.030 [cefgetfile] WARNING: Unknown VALIDATION_ALG:type=2, length=0
2026-03-04 11:21:42.030 [cefgetfile] WARNING: Unknown VALIDATION_ALG:type=2, length=0
2026-03-04 11:21:42.030 [cefgetfile] WARNING: Unknown VALIDATION_ALG:type=2, length=0
2026-03-04 11:21:42.030 [cefgetfile] WARNING: Unknown VALIDATION_ALG:type=2, length=0
2026-03-04 11:21:42.030 [cefgetfile] WARNING: Unknown VALIDATION_ALG:type=2, length=0
2026-03-04 11:21:42.030 [cefgetfile] WARNING: Unknown VALIDATION_ALG:type=2, length=0
2026-03-04 11:21:42.030 [cefgetfile] WARNING: Unknown VALIDATION_ALG:type=2, length=0
2026-03-04 11:21:42.030 [cefgetfile] WARNING: Unknown VALIDATION_ALG:type=2, length=0
2026-03-04 11:21:42.030 [cefgetfile] WARNING: Unknown VALIDATION_ALG:type=2, length=0
2026-03-04 11:21:42.030 [cefgetfile] WARNING: Unknown VALIDATION_ALG:type=2, length=0
2026-03-04 11:21:42.030 [cefgetfile] WARNING: Unknown VALIDATION_ALG:type=2, length=0
2026-03-04 11:21:42.031 [cefgetfile] WARNING: Unknown VALIDATION_ALG:type=2, length=0
2026-03-04 11:21:42.031 [cefgetfile] WARNING: Unknown VALIDATION_ALG:type=2, length=0
2026-03-04 11:21:42.031 [cefgetfile] WARNING: Unknown VALIDATION_ALG:type=2, length=0
2026-03-04 11:21:42.031 [cefgetfile] WARNING: Unknown VALIDATION_ALG:type=2, length=0
2026-03-04 11:21:42.031 [cefgetfile] WARNING: Unknown VALIDATION_ALG:type=2, length=0
2026-03-04 11:21:42.031 [cefgetfile] WARNING: Unknown VALIDATION_ALG:type=2, length=0
2026-03-04 11:21:42.031 [cefgetfile] WARNING: Unknown VALIDATION_ALG:type=2, length=0
2026-03-04 11:21:42.031 [cefgetfile] WARNING: Unknown VALIDATION_ALG:type=2, length=0
2026-03-04 11:21:42.031 [cefgetfile] WARNING: Unknown VALIDATION_ALG:type=2, length=0
2026-03-04 11:21:42.031 [cefgetfile] WARNING: Unknown VALIDATION_ALG:type=2, length=0
2026-03-04 11:21:42.032 [cefgetfile] WARNING: Unknown VALIDATION_ALG:type=2, length=0
2026-03-04 11:21:42.032 [cefgetfile] WARNING: Unknown VALIDATION_ALG:type=2, length=0
2026-03-04 11:21:42.032 [cefgetfile] WARNING: Unknown VALIDATION_ALG:type=2, length=0
2026-03-04 11:21:42.032 [cefgetfile] WARNING: Unknown VALIDATION_ALG:type=2, length=0
2026-03-04 11:21:42.032 [cefgetfile] WARNING: Unknown VALIDATION_ALG:type=2, length=0
2026-03-04 11:21:42.032 [cefgetfile] WARNING: Unknown VALIDATION_ALG:type=2, length=0
2026-03-04 11:21:42.032 [cefgetfile] WARNING: Unknown VALIDATION_ALG:type=2, length=0
2026-03-04 11:21:42.032 [cefgetfile] WARNING: Unknown VALIDATION_ALG:type=2, length=0
2026-03-04 11:21:42.032 [cefgetfile] WARNING: Unknown VALIDATION_ALG:type=2, length=0
2026-03-04 11:21:42.032 [cefgetfile] WARNING: Unknown VALIDATION_ALG:type=2, length=0
2026-03-04 11:21:42.032 [cefgetfile] WARNING: Unknown VALIDATION_ALG:type=2, length=0
2026-03-04 11:21:42.032 [cefgetfile] WARNING: Unknown VALIDATION_ALG:type=2, length=0
2026-03-04 11:21:42.032 [cefgetfile] WARNING: Unknown VALIDATION_ALG:type=2, length=0
2026-03-04 11:21:42.032 [cefgetfile] WARNING: Unknown VALIDATION_ALG:type=2, length=0
2026-03-04 11:21:42.033 [cefgetfile] WARNING: Unknown VALIDATION_ALG:type=2, length=0
2026-03-04 11:21:42.033 [cefgetfile] WARNING: Unknown VALIDATION_ALG:type=2, length=0
2026-03-04 11:21:42.033 [cefgetfile] WARNING: Unknown VALIDATION_ALG:type=2, length=0
2026-03-04 11:21:42.033 [cefgetfile] WARNING: Unknown VALIDATION_ALG:type=2, length=0
2026-03-04 11:21:42.033 [cefgetfile] WARNING: Unknown VALIDATION_ALG:type=2, length=0
2026-03-04 11:21:42.033 [cefgetfile] WARNING: Unknown VALIDATION_ALG:type=2, length=0
2026-03-04 11:21:42.033 [cefgetfile] WARNING: Unknown VALIDATION_ALG:type=2, length=0
2026-03-04 11:21:42.033 [cefgetfile] WARNING: Unknown VALIDATION_ALG:type=2, length=0
2026-03-04 11:21:42.033 [cefgetfile] WARNING: Unknown VALIDATION_ALG:type=2, length=0
2026-03-04 11:21:42.033 [cefgetfile] WARNING: Unknown VALIDATION_ALG:type=2, length=0
2026-03-04 11:21:42.033 [cefgetfile] WARNING: Unknown VALIDATION_ALG:type=2, length=0
2026-03-04 11:21:42.033 [cefgetfile] WARNING: Unknown VALIDATION_ALG:type=2, length=0
2026-03-04 11:21:42.033 [cefgetfile] WARNING: Unknown VALIDATION_ALG:type=2, length=0
2026-03-04 11:21:42.034 [cefgetfile] WARNING: Unknown VALIDATION_ALG:type=2, length=0
2026-03-04 11:21:42.034 [cefgetfile] WARNING: Unknown VALIDATION_ALG:type=2, length=0
2026-03-04 11:21:42.034 [cefgetfile] WARNING: Unknown VALIDATION_ALG:type=2, length=0
2026-03-04 11:21:42.034 [cefgetfile] WARNING: Unknown VALIDATION_ALG:type=2, length=0
2026-03-04 11:21:42.034 [cefgetfile] WARNING: Unknown VALIDATION_ALG:type=2, length=0
2026-03-04 11:21:42.034 [cefgetfile] WARNING: Unknown VALIDATION_ALG:type=2, length=0
2026-03-04 11:21:42.034 [cefgetfile] WARNING: Unknown VALIDATION_ALG:type=2, length=0
2026-03-04 11:21:42.034 [cefgetfile] WARNING: Unknown VALIDATION_ALG:type=2, length=0
2026-03-04 11:21:42.034 [cefgetfile] WARNING: Unknown VALIDATION_ALG:type=2, length=0
2026-03-04 11:21:42.034 [cefgetfile] WARNING: Unknown VALIDATION_ALG:type=2, length=0
2026-03-04 11:21:42.034 [cefgetfile] WARNING: Unknown VALIDATION_ALG:type=2, length=0
2026-03-04 11:21:42.034 [cefgetfile] WARNING: Unknown VALIDATION_ALG:type=2, length=0
2026-03-04 11:21:42.034 [cefgetfile] WARNING: Unknown VALIDATION_ALG:type=2, length=0
2026-03-04 11:21:42.035 [cefgetfile] WARNING: Unknown VALIDATION_ALG:type=2, length=0
2026-03-04 11:21:42.035 [cefgetfile] WARNING: Unknown VALIDATION_ALG:type=2, length=0
2026-03-04 11:21:42.035 [cefgetfile] WARNING: Unknown VALIDATION_ALG:type=2, length=0
2026-03-04 11:21:42.035 [cefgetfile] WARNING: Unknown VALIDATION_ALG:type=2, length=0
2026-03-04 11:21:42.035 [cefgetfile] WARNING: Unknown VALIDATION_ALG:type=2, length=0
2026-03-04 11:21:42.035 [cefgetfile] WARNING: Unknown VALIDATION_ALG:type=2, length=0
2026-03-04 11:21:42.035 [cefgetfile] WARNING: Unknown VALIDATION_ALG:type=2, length=0
2026-03-04 11:21:42.035 [cefgetfile] WARNING: Unknown VALIDATION_ALG:type=2, length=0
2026-03-04 11:21:42.035 [cefgetfile] WARNING: Unknown VALIDATION_ALG:type=2, length=0
2026-03-04 11:21:42.035 [cefgetfile] WARNING: Unknown VALIDATION_ALG:type=2, length=0
2026-03-04 11:21:42.035 [cefgetfile] WARNING: Unknown VALIDATION_ALG:type=2, length=0
2026-03-04 11:21:42.035 [cefgetfile] WARNING: Unknown VALIDATION_ALG:type=2, length=0
2026-03-04 11:21:42.035 [cefgetfile] WARNING: Unknown VALIDATION_ALG:type=2, length=0
2026-03-04 11:21:42.036 [cefgetfile] WARNING: Unknown VALIDATION_ALG:type=2, length=0
2026-03-04 11:21:42.036 [cefgetfile] WARNING: Unknown VALIDATION_ALG:type=2, length=0
2026-03-04 11:21:42.036 [cefgetfile] WARNING: Unknown VALIDATION_ALG:type=2, length=0
2026-03-04 11:21:42.036 [cefgetfile] WARNING: Unknown VALIDATION_ALG:type=2, length=0
2026-03-04 11:21:42.036 [cefgetfile] WARNING: Unknown VALIDATION_ALG:type=2, length=0
2026-03-04 11:21:42.036 [cefgetfile] WARNING: Unknown VALIDATION_ALG:type=2, length=0
2026-03-04 11:21:42.036 [cefgetfile] WARNING: Unknown VALIDATION_ALG:type=2, length=0
2026-03-04 11:21:42.036 [cefgetfile] WARNING: Unknown VALIDATION_ALG:type=2, length=0
2026-03-04 11:21:42.036 [cefgetfile] WARNING: Unknown VALIDATION_ALG:type=2, length=0
2026-03-04 11:21:42.036 [cefgetfile] WARNING: Unknown VALIDATION_ALG:type=2, length=0
2026-03-04 11:21:42.036 [cefgetfile] WARNING: Unknown VALIDATION_ALG:type=2, length=0
2026-03-04 11:21:42.036 [cefgetfile] WARNING: Unknown VALIDATION_ALG:type=2, length=0
2026-03-04 11:21:42.036 [cefgetfile] WARNING: Unknown VALIDATION_ALG:type=2, length=0
2026-03-04 11:21:42.036 [cefgetfile] WARNING: Unknown VALIDATION_ALG:type=2, length=0
2026-03-04 11:21:42.037 [cefgetfile] WARNING: Unknown VALIDATION_ALG:type=2, length=0
2026-03-04 11:21:42.037 [cefgetfile] WARNING: Unknown VALIDATION_ALG:type=2, length=0
2026-03-04 11:21:42.037 [cefgetfile] WARNING: Unknown VALIDATION_ALG:type=2, length=0
2026-03-04 11:21:42.037 [cefgetfile] WARNING: Unknown VALIDATION_ALG:type=2, length=0
2026-03-04 11:21:42.037 [cefgetfile] WARNING: Unknown VALIDATION_ALG:type=2, length=0
2026-03-04 11:21:42.037 [cefgetfile] WARNING: Unknown VALIDATION_ALG:type=2, length=0
2026-03-04 11:21:42.037 [cefgetfile] WARNING: Unknown VALIDATION_ALG:type=2, length=0
2026-03-04 11:21:42.037 [cefgetfile] WARNING: Unknown VALIDATION_ALG:type=2, length=0
2026-03-04 11:21:42.037 [cefgetfile] WARNING: Unknown VALIDATION_ALG:type=2, length=0
2026-03-04 11:21:42.037 [cefgetfile] WARNING: Unknown VALIDATION_ALG:type=2, length=0
2026-03-04 11:21:42.037 [cefgetfile] WARNING: Unknown VALIDATION_ALG:type=2, length=0
2026-03-04 11:21:42.037 [cefgetfile] WARNING: Unknown VALIDATION_ALG:type=2, length=0
2026-03-04 11:21:42.037 [cefgetfile] WARNING: Unknown VALIDATION_ALG:type=2, length=0
2026-03-04 11:21:42.037 [cefgetfile] WARNING: Unknown VALIDATION_ALG:type=2, length=0
2026-03-04 11:21:42.038 [cefgetfile] WARNING: Unknown VALIDATION_ALG:type=2, length=0
2026-03-04 11:21:42.038 [cefgetfile] WARNING: Unknown VALIDATION_ALG:type=2, length=0
2026-03-04 11:21:42.038 [cefgetfile] WARNING: Unknown VALIDATION_ALG:type=2, length=0
2026-03-04 11:21:42.038 [cefgetfile] WARNING: Unknown VALIDATION_ALG:type=2, length=0
2026-03-04 11:21:42.038 [cefgetfile] WARNING: Unknown VALIDATION_ALG:type=2, length=0
2026-03-04 11:21:42.038 [cefgetfile] WARNING: Unknown VALIDATION_ALG:type=2, length=0
2026-03-04 11:21:42.038 [cefgetfile] WARNING: Unknown VALIDATION_ALG:type=2, length=0
2026-03-04 11:21:42.038 [cefgetfile] WARNING: Unknown VALIDATION_ALG:type=2, length=0
2026-03-04 11:21:42.038 [cefgetfile] WARNING: Unknown VALIDATION_ALG:type=2, length=0
2026-03-04 11:21:42.038 [cefgetfile] WARNING: Unknown VALIDATION_ALG:type=2, length=0
2026-03-04 11:21:42.038 [cefgetfile] WARNING: Unknown VALIDATION_ALG:type=2, length=0
2026-03-04 11:21:42.038 [cefgetfile] WARNING: Unknown VALIDATION_ALG:type=2, length=0
2026-03-04 11:21:42.038 [cefgetfile] WARNING: Unknown VALIDATION_ALG:type=2, length=0
2026-03-04 11:21:42.038 [cefgetfile] WARNING: Unknown VALIDATION_ALG:type=2, length=0
2026-03-04 11:21:42.039 [cefgetfile] WARNING: Unknown VALIDATION_ALG:type=2, length=0
2026-03-04 11:21:42.039 [cefgetfile] WARNING: Unknown VALIDATION_ALG:type=2, length=0
2026-03-04 11:21:42.039 [cefgetfile] WARNING: Unknown VALIDATION_ALG:type=2, length=0
2026-03-04 11:21:42.039 [cefgetfile] WARNING: Unknown VALIDATION_ALG:type=2, length=0
2026-03-04 11:21:42.039 [cefgetfile] WARNING: Unknown VALIDATION_ALG:type=2, length=0
2026-03-04 11:21:42.039 [cefgetfile] WARNING: Unknown VALIDATION_ALG:type=2, length=0
2026-03-04 11:21:42.039 [cefgetfile] WARNING: Unknown VALIDATION_ALG:type=2, length=0
2026-03-04 11:21:42.039 [cefgetfile] WARNING: Unknown VALIDATION_ALG:type=2, length=0
2026-03-04 11:21:42.039 [cefgetfile] WARNING: Unknown VALIDATION_ALG:type=2, length=0
2026-03-04 11:21:42.039 [cefgetfile] WARNING: Unknown VALIDATION_ALG:type=2, length=0
2026-03-04 11:21:42.039 [cefgetfile] WARNING: Unknown VALIDATION_ALG:type=2, length=0
2026-03-04 11:21:42.039 [cefgetfile] WARNING: Unknown VALIDATION_ALG:type=2, length=0
2026-03-04 11:21:42.039 [cefgetfile] WARNING: Unknown VALIDATION_ALG:type=2, length=0
2026-03-04 11:21:42.039 [cefgetfile] WARNING: Unknown VALIDATION_ALG:type=2, length=0
2026-03-04 11:21:42.040 [cefgetfile] WARNING: Unknown VALIDATION_ALG:type=2, length=0
2026-03-04 11:21:42.040 [cefgetfile] WARNING: Unknown VALIDATION_ALG:type=2, length=0
2026-03-04 11:21:42.040 [cefgetfile] WARNING: Unknown VALIDATION_ALG:type=2, length=0
2026-03-04 11:21:42.040 [cefgetfile] WARNING: Unknown VALIDATION_ALG:type=2, length=0
2026-03-04 11:21:42.040 [cefgetfile] WARNING: Unknown VALIDATION_ALG:type=2, length=0
2026-03-04 11:21:42.040 [cefgetfile] WARNING: Unknown VALIDATION_ALG:type=2, length=0
2026-03-04 11:21:42.040 [cefgetfile] WARNING: Unknown VALIDATION_ALG:type=2, length=0
2026-03-04 11:21:42.040 [cefgetfile] WARNING: Unknown VALIDATION_ALG:type=2, length=0
2026-03-04 11:21:42.040 [cefgetfile] WARNING: Unknown VALIDATION_ALG:type=2, length=0
2026-03-04 11:21:42.040 [cefgetfile] WARNING: Unknown VALIDATION_ALG:type=2, length=0
2026-03-04 11:21:42.040 [cefgetfile] WARNING: Unknown VALIDATION_ALG:type=2, length=0
2026-03-04 11:21:42.040 [cefgetfile] WARNING: Unknown VALIDATION_ALG:type=2, length=0
2026-03-04 11:21:42.040 [cefgetfile] WARNING: Unknown VALIDATION_ALG:type=2, length=0
2026-03-04 11:21:42.040 [cefgetfile] WARNING: Unknown VALIDATION_ALG:type=2, length=0
2026-03-04 11:21:42.041 [cefgetfile] WARNING: Unknown VALIDATION_ALG:type=2, length=0
[cefgetfile] Completed to get all the chunks.
[cefgetfile] Unconnect to cefnetd ... OK
[cefgetfile] Terminate
[cefgetfile] Rx Frames (All)           = 424
[cefgetfile] Rx Frames (ContentObject) = 424
[cefgetfile] Rx Bytes (All)            = 444414
[cefgetfile] Rx Bytes (ContentObject)  = 433390
[cefgetfile] Duration                  = 0.037 sec
[cefgetfile] Throughput                = 99756228 bps
[cefgetfile] Goodput                   = 97281705 bps
[cefgetfile] Jitter (Ave)              = 84 us
[cefgetfile] Jitter (Max)              = 3148 us
[cefgetfile] Jitter (Var)              = 28024 us
