[cefgetfile] Start
[cefgetfile] Parsing parameters ...OK
2026-01-29 17:38:36.841 [cefgetfile] INFO: [client] Config directory is ./h10
2026-01-29 17:38:36.841 [cefgetfile] INFO: [client] Local Socket Name is /tmp/cef_9695.10
2026-01-29 17:38:36.841 [cefgetfile] INFO: [client] Listen Port is 9695
[cefgetfile] Init Cefore Client package ... OK
[cefgetfile] Conversion from URI into Name ... OK
[cefgetfile] Checking the output file ... OK
[cefgetfile] Connect to cefnetd ... OK
[cefgetfile] URI=ccnx:/test/experiment/content9
[cefgetfile] Start sending Interests
[cefgetfile] Completed to get all the chunks.
[cefgetfile] Unconnect to cefnetd ... OK
[cefgetfile] Terminate
[cefgetfile] Rx Frames (All)           = 424
[cefgetfile] Rx Frames (ContentObject) = 424
[cefgetfile] Rx Bytes (All)            = 451198
[cefgetfile] Rx Bytes (ContentObject)  = 433390
[cefgetfile] Duration                  = 14.365 sec
[cefgetfile] Throughput                = 251294 bps
[cefgetfile] Goodput                   = 241376 bps
[cefgetfile] Jitter (Ave)              = 33877 us
[cefgetfile] Jitter (Max)              = 5710187 us
[cefgetfile] Jitter (Var)              = 146319592979 us
