[cefgetfile] Start
[cefgetfile] Parsing parameters ...OK
2026-01-29 17:36:13.525 [cefgetfile] INFO: [client] Config directory is ./h11
2026-01-29 17:36:13.525 [cefgetfile] INFO: [client] Local Socket Name is /tmp/cef_9695.11
2026-01-29 17:36:13.525 [cefgetfile] INFO: [client] Listen Port is 9695
[cefgetfile] Init Cefore Client package ... OK
[cefgetfile] Conversion from URI into Name ... OK
[cefgetfile] Checking the output file ... OK
[cefgetfile] Connect to cefnetd ... OK
[cefgetfile] URI=ccnx:/test/experiment/content6
[cefgetfile] Start sending Interests
[cefgetfile] Completed to get all the chunks.
[cefgetfile] Unconnect to cefnetd ... OK
[cefgetfile] Terminate
[cefgetfile] Rx Frames (All)           = 424
[cefgetfile] Rx Frames (ContentObject) = 424
[cefgetfile] Rx Bytes (All)            = 451198
[cefgetfile] Rx Bytes (ContentObject)  = 433390
[cefgetfile] Duration                  = 0.254 sec
[cefgetfile] Throughput                = 14271135 bps
[cefgetfile] Goodput                   = 13707878 bps
[cefgetfile] Jitter (Ave)              = 596 us
[cefgetfile] Jitter (Max)              = 11339 us
[cefgetfile] Jitter (Var)              = 1993990 us
