[cefgetfile] Start
[cefgetfile] Parsing parameters ...OK
2026-01-29 16:36:20.907 [cefgetfile] INFO: [client] Config directory is ./h0
2026-01-29 16:36:20.907 [cefgetfile] INFO: [client] Local Socket Name is /tmp/cef_9695.0
2026-01-29 16:36:20.907 [cefgetfile] INFO: [client] Listen Port is 9695
[cefgetfile] Init Cefore Client package ... OK
[cefgetfile] Conversion from URI into Name ... OK
[cefgetfile] Checking the output file ... OK
[cefgetfile] Connect to cefnetd ... OK
[cefgetfile] URI=ccnx:/test/experiment/content12
[cefgetfile] Start sending Interests
[cefgetfile] Completed to get all the chunks.
[cefgetfile] Unconnect to cefnetd ... OK
[cefgetfile] Terminate
[cefgetfile] Rx Frames (All)           = 424
[cefgetfile] Rx Frames (ContentObject) = 424
[cefgetfile] Rx Bytes (All)            = 451622
[cefgetfile] Rx Bytes (ContentObject)  = 433390
[cefgetfile] Duration                  = 0.123 sec
[cefgetfile] Throughput                = 29563669 bps
[cefgetfile] Goodput                   = 28370182 bps
[cefgetfile] Jitter (Ave)              = 288 us
[cefgetfile] Jitter (Max)              = 6594 us
[cefgetfile] Jitter (Var)              = 258581 us
