[cefgetfile] Start
[cefgetfile] Parsing parameters ...OK
2026-01-29 17:43:10.193 [cefgetfile] INFO: [client] Config directory is ./h10
2026-01-29 17:43:10.193 [cefgetfile] INFO: [client] Local Socket Name is /tmp/cef_9695.10
2026-01-29 17:43:10.193 [cefgetfile] INFO: [client] Listen Port is 9695
[cefgetfile] Init Cefore Client package ... OK
[cefgetfile] Conversion from URI into Name ... OK
[cefgetfile] Checking the output file ... OK
[cefgetfile] Connect to cefnetd ... OK
[cefgetfile] URI=ccnx:/test/experiment/content15
[cefgetfile] Start sending Interests
[cefgetfile] Completed to get all the chunks.
[cefgetfile] Unconnect to cefnetd ... OK
[cefgetfile] Terminate
[cefgetfile] Rx Frames (All)           = 431
[cefgetfile] Rx Frames (ContentObject) = 424
[cefgetfile] Rx Bytes (All)            = 459091
[cefgetfile] Rx Bytes (ContentObject)  = 433390
[cefgetfile] Duration                  = 9.446 sec
[cefgetfile] Throughput                = 388858 bps
[cefgetfile] Goodput                   = 367089 bps
[cefgetfile] Jitter (Ave)              = 22275 us
[cefgetfile] Jitter (Max)              = 4804766 us
[cefgetfile] Jitter (Var)              = 74805496631 us
