[cefgetfile] Start
[cefgetfile] Parsing parameters ...OK
2026-03-04 11:21:24.099 [cefgetfile] INFO: [client] Config directory is ./h0
2026-03-04 11:21:24.099 [cefgetfile] INFO: [client] Local Socket Name is /tmp/cef_9695.0
2026-03-04 11:21:24.099 [cefgetfile] INFO: [client] Listen Port is 9695
[cefgetfile] Init Cefore Client package ... OK
[cefgetfile] Conversion from URI into Name ... OK
[cefgetfile] Checking the output file ... OK
[cefgetfile] Connect to cefnetd ... OK
[cefgetfile] URI=ccnx:/test/sample
[cefgetfile] Start sending Interests
2026-03-04 11:21:24.109 [cefgetfile] WARNING: Unknown VALIDATION_ALG:type=2, length=0
2026-03-04 11:21:24.109 [cefgetfile] WARNING: Unknown VALIDATION_ALG:type=2, length=0
2026-03-04 11:21:24.109 [cefgetfile] WARNING: Unknown VALIDATION_ALG:type=2, length=0
2026-03-04 11:21:24.109 [cefgetfile] WARNING: Unknown VALIDATION_ALG:type=2, length=0
2026-03-04 11:21:24.109 [cefgetfile] WARNING: Unknown VALIDATION_ALG:type=2, length=0
2026-03-04 11:21:24.109 [cefgetfile] WARNING: Unknown VALIDATION_ALG:type=2, length=0
2026-03-04 11:21:24.109 [cefgetfile] WARNING: Unknown VALIDATION_ALG:type=2, length=0
2026-03-04 11:21:24.109 [cefgetfile] WARNING: Unknown VALIDATION_ALG:type=2, length=0
2026-03-04 11:21:24.109 [cefgetfile] WARNING: Unknown VALIDATION_ALG:type=2, length=0
2026-03-04 11:21:24.109 [cefgetfile] WARNING: Unknown VALIDATION_ALG:type=2, length=0
2026-03-04 11:21:24.109 [cefgetfile] WARNING: Unknown VALIDATION_ALG:type=2, length=0
2026-03-04 11:21:24.109 [cefgetfile] WARNING: Unknown VALIDATION_ALG:type=2, length=0
2026-03-04 11:21:24.110 [cefgetfile] WARNING: Unknown VALIDATION_ALG:type=2, length=0
2026-03-04 11:21:24.110 [cefgetfile] WARNING: Unknown VALIDATION_ALG:type=2, length=0
2026-03-04 11:21:24.110 [cefgetfile] WARNING: Unknown VALIDATION_ALG:type=2, length=0
2026-03-04 11:21:24.110 [cefgetfile] WARNING: Unknown VALIDATION_ALG:type=2, length=0
2026-03-04 11:21:24.110 [cefgetfile] WARNING: Unknown VALIDATION_ALG:type=2, length=0
2026-03-04 11:21:24.110 [cefgetfile] WARNING: Unknown VALIDATION_ALG:type=2, length=0
2026-03-04 11:21:24.110 [cefgetfile] WARNING: Unknown VALIDATION_ALG:type=2, length=0
2026-03-04 11:21:24.110 [cefgetfile] WARNING: Unknown VALIDATION_ALG:type=2, length=0
2026-03-04 11:21:24.110 [cefgetfile] WARNING: Unknown VALIDATION_ALG:type=2, length=0
2026-03-04 11:21:24.110 [cefgetfile] WARNING: Unknown VALIDATION_ALG:type=2, length=0
2026-03-04 11:21:24.110 [cefgetfile] WARNING: Unknown VALIDATION_ALG:type=2, length=0
2026-03-04 11:21:24.110 [cefgetfile] WARNING: Unknown VALIDATION_ALG:type=2, length=0
2026-03-04 11:21:24.110 [cefgetfile] WARNING: Unknown VALIDATION_ALG:type=2, length=0
2026-03-04 11:21:24.110 [cefgetfile] WARNING: Unknown VALIDATION_ALG:type=2, length=0
2026-03-04 11:21:24.110 [cefgetfile] WARNING: Unknown VALIDATION_ALG:type=2, length=0
2026-03-04 11:21:24.110 [cefgetfile] WARNING: Unknown VALIDATION_ALG:type=2, length=0
2026-03-04 11:21:24.111 [cefgetfile] WARNING: Unknown VALIDATION_ALG:type=2, length=0
2026-03-04 11:21:24.111 [cefgetfile] WARNING: Unknown VALIDATION_ALG:type=2, length=0
2026-03-04 11:21:24.111 [cefgetfile] WARNING: Unknown VALIDATION_ALG:type=2, length=0
2026-03-04 11:21:24.111 [cefgetfile] WARNING: Unknown VALIDATION_ALG:type=2, length=0
2026-03-04 11:21:24.111 [cefgetfile] WARNING: Unknown VALIDATION_ALG:type=2, length=0
2026-03-04 11:21:24.111 [cefgetfile] WARNING: Unknown VALIDATION_ALG:type=2, length=0
2026-03-04 11:21:24.111 [cefgetfile] WARNING: Unknown VALIDATION_ALG:type=2, length=0
2026-03-04 11:21:24.111 [cefgetfile] WARNING: Unknown VALIDATION_ALG:type=2, length=0
2026-03-04 11:21:24.111 [cefgetfile] WARNING: Unknown VALIDATION_ALG:type=2, length=0
2026-03-04 11:21:24.111 [cefgetfile] WARNING: Unknown VALIDATION_ALG:type=2, length=0
2026-03-04 11:21:24.111 [cefgetfile] WARNING: Unknown VALIDATION_ALG:type=2, length=0
2026-03-04 11:21:24.111 [cefgetfile] WARNING: Unknown VALIDATION_ALG:type=2, length=0
2026-03-04 11:21:24.111 [cefgetfile] WARNING: Unknown VALIDATION_ALG:type=2, length=0
2026-03-04 11:21:24.112 [cefgetfile] WARNING: Unknown VALIDATION_ALG:type=2, length=0
2026-03-04 11:21:24.112 [cefgetfile] WARNING: Unknown VALIDATION_ALG:type=2, length=0
2026-03-04 11:21:24.112 [cefgetfile] WARNING: Unknown VALIDATION_ALG:type=2, length=0
2026-03-04 11:21:24.112 [cefgetfile] WARNING: Unknown VALIDATION_ALG:type=2, length=0
2026-03-04 11:21:24.112 [cefgetfile] WARNING: Unknown VALIDATION_ALG:type=2, length=0
2026-03-04 11:21:24.112 [cefgetfile] WARNING: Unknown VALIDATION_ALG:type=2, length=0
2026-03-04 11:21:24.112 [cefgetfile] WARNING: Unknown VALIDATION_ALG:type=2, length=0
2026-03-04 11:21:24.112 [cefgetfile] WARNING: Unknown VALIDATION_ALG:type=2, length=0
2026-03-04 11:21:24.112 [cefgetfile] WARNING: Unknown VALIDATION_ALG:type=2, length=0
2026-03-04 11:21:24.112 [cefgetfile] WARNING: Unknown VALIDATION_ALG:type=2, length=0
2026-03-04 11:21:24.112 [cefgetfile] WARNING: Unknown VALIDATION_ALG:type=2, length=0
2026-03-04 11:21:24.112 [cefgetfile] WARNING: Unknown VALIDATION_ALG:type=2, length=0
2026-03-04 11:21:24.113 [cefgetfile] WARNING: Unknown VALIDATION_ALG:type=2, length=0
2026-03-04 11:21:24.113 [cefgetfile] WARNING: Unknown VALIDATION_ALG:type=2, length=0
2026-03-04 11:21:24.113 [cefgetfile] WARNING: Unknown VALIDATION_ALG:type=2, length=0
2026-03-04 11:21:24.113 [cefgetfile] WARNING: Unknown VALIDATION_ALG:type=2, length=0
2026-03-04 11:21:24.113 [cefgetfile] WARNING: Unknown VALIDATION_ALG:type=2, length=0
2026-03-04 11:21:24.113 [cefgetfile] WARNING: Unknown VALIDATION_ALG:type=2, length=0
2026-03-04 11:21:24.113 [cefgetfile] WARNING: Unknown VALIDATION_ALG:type=2, length=0
2026-03-04 11:21:24.113 [cefgetfile] WARNING: Unknown VALIDATION_ALG:type=2, length=0
2026-03-04 11:21:24.113 [cefgetfile] WARNING: Unknown VALIDATION_ALG:type=2, length=0
2026-03-04 11:21:24.113 [cefgetfile] WARNING: Unknown VALIDATION_ALG:type=2, length=0
2026-03-04 11:21:24.113 [cefgetfile] WARNING: Unknown VALIDATION_ALG:type=2, length=0
2026-03-04 11:21:24.113 [cefgetfile] WARNING: Unknown VALIDATION_ALG:type=2, length=0
2026-03-04 11:21:24.113 [cefgetfile] WARNING: Unknown VALIDATION_ALG:type=2, length=0
2026-03-04 11:21:24.114 [cefgetfile] WARNING: Unknown VALIDATION_ALG:type=2, length=0
2026-03-04 11:21:24.114 [cefgetfile] WARNING: Unknown VALIDATION_ALG:type=2, length=0
2026-03-04 11:21:24.114 [cefgetfile] WARNING: Unknown VALIDATION_ALG:type=2, length=0
2026-03-04 11:21:24.114 [cefgetfile] WARNING: Unknown VALIDATION_ALG:type=2, length=0
2026-03-04 11:21:24.114 [cefgetfile] WARNING: Unknown VALIDATION_ALG:type=2, length=0
2026-03-04 11:21:24.114 [cefgetfile] WARNING: Unknown VALIDATION_ALG:type=2, length=0
2026-03-04 11:21:24.114 [cefgetfile] WARNING: Unknown VALIDATION_ALG:type=2, length=0
2026-03-04 11:21:24.114 [cefgetfile] WARNING: Unknown VALIDATION_ALG:type=2, length=0
2026-03-04 11:21:24.114 [cefgetfile] WARNING: Unknown VALIDATION_ALG:type=2, length=0
2026-03-04 11:21:24.114 [cefgetfile] WARNING: Unknown VALIDATION_ALG:type=2, length=0
2026-03-04 11:21:24.114 [cefgetfile] WARNING: Unknown VALIDATION_ALG:type=2, length=0
2026-03-04 11:21:24.114 [cefgetfile] WARNING: Unknown VALIDATION_ALG:type=2, length=0
2026-03-04 11:21:24.114 [cefgetfile] WARNING: Unknown VALIDATION_ALG:type=2, length=0
2026-03-04 11:21:24.115 [cefgetfile] WARNING: Unknown VALIDATION_ALG:type=2, length=0
2026-03-04 11:21:24.115 [cefgetfile] WARNING: Unknown VALIDATION_ALG:type=2, length=0
2026-03-04 11:21:24.115 [cefgetfile] WARNING: Unknown VALIDATION_ALG:type=2, length=0
2026-03-04 11:21:24.115 [cefgetfile] WARNING: Unknown VALIDATION_ALG:type=2, length=0
2026-03-04 11:21:24.115 [cefgetfile] WARNING: Unknown VALIDATION_ALG:type=2, length=0
2026-03-04 11:21:24.115 [cefgetfile] WARNING: Unknown VALIDATION_ALG:type=2, length=0
2026-03-04 11:21:24.115 [cefgetfile] WARNING: Unknown VALIDATION_ALG:type=2, length=0
2026-03-04 11:21:24.115 [cefgetfile] WARNING: Unknown VALIDATION_ALG:type=2, length=0
2026-03-04 11:21:24.115 [cefgetfile] WARNING: Unknown VALIDATION_ALG:type=2, length=0
2026-03-04 11:21:24.115 [cefgetfile] WARNING: Unknown VALIDATION_ALG:type=2, length=0
2026-03-04 11:21:24.115 [cefgetfile] WARNING: Unknown VALIDATION_ALG:type=2, length=0
2026-03-04 11:21:24.115 [cefgetfile] WARNING: Unknown VALIDATION_ALG:type=2, length=0
2026-03-04 11:21:24.115 [cefgetfile] WARNING: Unknown VALIDATION_ALG:type=2, length=0
2026-03-04 11:21:24.116 [cefgetfile] WARNING: Unknown VALIDATION_ALG:type=2, length=0
2026-03-04 11:21:24.116 [cefgetfile] WARNING: Unknown VALIDATION_ALG:type=2, length=0
2026-03-04 11:21:24.116 [cefgetfile] WARNING: Unknown VALIDATION_ALG:type=2, length=0
2026-03-04 11:21:24.116 [cefgetfile] WARNING: Unknown VALIDATION_ALG:type=2, length=0
2026-03-04 11:21:24.116 [cefgetfile] WARNING: Unknown VALIDATION_ALG:type=2, length=0
2026-03-04 11:21:24.116 [cefgetfile] WARNING: Unknown VALIDATION_ALG:type=2, length=0
2026-03-04 11:21:24.116 [cefgetfile] WARNING: Unknown VALIDATION_ALG:type=2, length=0
2026-03-04 11:21:24.116 [cefgetfile] WARNING: Unknown VALIDATION_ALG:type=2, length=0
2026-03-04 11:21:24.116 [cefgetfile] WARNING: Unknown VALIDATION_ALG:type=2, length=0
2026-03-04 11:21:24.116 [cefgetfile] WARNING: Unknown VALIDATION_ALG:type=2, length=0
2026-03-04 11:21:24.116 [cefgetfile] WARNING: Unknown VALIDATION_ALG:type=2, length=0
2026-03-04 11:21:24.116 [cefgetfile] WARNING: Unknown VALIDATION_ALG:type=2, length=0
2026-03-04 11:21:24.117 [cefgetfile] WARNING: Unknown VALIDATION_ALG:type=2, length=0
2026-03-04 11:21:24.117 [cefgetfile] WARNING: Unknown VALIDATION_ALG:type=2, length=0
2026-03-04 11:21:24.117 [cefgetfile] WARNING: Unknown VALIDATION_ALG:type=2, length=0
2026-03-04 11:21:24.117 [cefgetfile] WARNING: Unknown VALIDATION_ALG:type=2, length=0
2026-03-04 11:21:24.117 [cefgetfile] WARNING: Unknown VALIDATION_ALG:type=2, length=0
2026-03-04 11:21:24.117 [cefgetfile] WARNING: Unknown VALIDATION_ALG:type=2, length=0
2026-03-04 11:21:24.117 [cefgetfile] WARNING: Unknown VALIDATION_ALG:type=2, length=0
2026-03-04 11:21:24.117 [cefgetfile] WARNING: Unknown VALIDATION_ALG:type=2, length=0
2026-03-04 11:21:24.117 [cefgetfile] WARNING: Unknown VALIDATION_ALG:type=2, length=0
2026-03-04 11:21:24.117 [cefgetfile] WARNING: Unknown VALIDATION_ALG:type=2, length=0
2026-03-04 11:21:24.117 [cefgetfile] WARNING: Unknown VALIDATION_ALG:type=2, length=0
2026-03-04 11:21:24.118 [cefgetfile] WARNING: Unknown VALIDATION_ALG:type=2, length=0
2026-03-04 11:21:24.118 [cefgetfile] WARNING: Unknown VALIDATION_ALG:type=2, length=0
2026-03-04 11:21:24.118 [cefgetfile] WARNING: Unknown VALIDATION_ALG:type=2, length=0
2026-03-04 11:21:24.118 [cefgetfile] WARNING: Unknown VALIDATION_ALG:type=2, length=0
2026-03-04 11:21:24.118 [cefgetfile] WARNING: Unknown VALIDATION_ALG:type=2, length=0
2026-03-04 11:21:24.118 [cefgetfile] WARNING: Unknown VALIDATION_ALG:type=2, length=0
2026-03-04 11:21:24.118 [cefgetfile] WARNING: Unknown VALIDATION_ALG:type=2, length=0
2026-03-04 11:21:24.118 [cefgetfile] WARNING: Unknown VALIDATION_ALG:type=2, length=0
2026-03-04 11:21:24.118 [cefgetfile] WARNING: Unknown VALIDATION_ALG:type=2, length=0
2026-03-04 11:21:24.118 [cefgetfile] WARNING: Unknown VALIDATION_ALG:type=2, length=0
2026-03-04 11:21:24.118 [cefgetfile] WARNING: Unknown VALIDATION_ALG:type=2, length=0
2026-03-04 11:21:24.118 [cefgetfile] WARNING: Unknown VALIDATION_ALG:type=2, length=0
2026-03-04 11:21:24.118 [cefgetfile] WARNING: Unknown VALIDATION_ALG:type=2, length=0
2026-03-04 11:21:24.119 [cefgetfile] WARNING: Unknown VALIDATION_ALG:type=2, length=0
2026-03-04 11:21:24.119 [cefgetfile] WARNING: Unknown VALIDATION_ALG:type=2, length=0
2026-03-04 11:21:24.119 [cefgetfile] WARNING: Unknown VALIDATION_ALG:type=2, length=0
2026-03-04 11:21:24.119 [cefgetfile] WARNING: Unknown VALIDATION_ALG:type=2, length=0
2026-03-04 11:21:24.119 [cefgetfile] WARNING: Unknown VALIDATION_ALG:type=2, length=0
2026-03-04 11:21:24.119 [cefgetfile] WARNING: Unknown VALIDATION_ALG:type=2, length=0
2026-03-04 11:21:24.119 [cefgetfile] WARNING: Unknown VALIDATION_ALG:type=2, length=0
2026-03-04 11:21:24.119 [cefgetfile] WARNING: Unknown VALIDATION_ALG:type=2, length=0
2026-03-04 11:21:24.119 [cefgetfile] WARNING: Unknown VALIDATION_ALG:type=2, length=0
2026-03-04 11:21:24.119 [cefgetfile] WARNING: Unknown VALIDATION_ALG:type=2, length=0
2026-03-04 11:21:24.119 [cefgetfile] WARNING: Unknown VALIDATION_ALG:type=2, length=0
2026-03-04 11:21:24.119 [cefgetfile] WARNING: Unknown VALIDATION_ALG:type=2, length=0
2026-03-04 11:21:24.120 [cefgetfile] WARNING: Unknown VALIDATION_ALG:type=2, length=0
2026-03-04 11:21:24.120 [cefgetfile] WARNING: Unknown VALIDATION_ALG:type=2, length=0
2026-03-04 11:21:24.120 [cefgetfile] WARNING: Unknown VALIDATION_ALG:type=2, length=0
2026-03-04 11:21:24.120 [cefgetfile] WARNING: Unknown VALIDATION_ALG:type=2, length=0
2026-03-04 11:21:24.120 [cefgetfile] WARNING: Unknown VALIDATION_ALG:type=2, length=0
2026-03-04 11:21:24.120 [cefgetfile] WARNING: Unknown VALIDATION_ALG:type=2, length=0
2026-03-04 11:21:24.120 [cefgetfile] WARNING: Unknown VALIDATION_ALG:type=2, length=0
2026-03-04 11:21:24.120 [cefgetfile] WARNING: Unknown VALIDATION_ALG:type=2, length=0
2026-03-04 11:21:24.120 [cefgetfile] WARNING: Unknown VALIDATION_ALG:type=2, length=0
2026-03-04 11:21:24.120 [cefgetfile] WARNING: Unknown VALIDATION_ALG:type=2, length=0
2026-03-04 11:21:24.120 [cefgetfile] WARNING: Unknown VALIDATION_ALG:type=2, length=0
2026-03-04 11:21:24.120 [cefgetfile] WARNING: Unknown VALIDATION_ALG:type=2, length=0
2026-03-04 11:21:24.120 [cefgetfile] WARNING: Unknown VALIDATION_ALG:type=2, length=0
2026-03-04 11:21:24.120 [cefgetfile] WARNING: Unknown VALIDATION_ALG:type=2, length=0
2026-03-04 11:21:24.121 [cefgetfile] WARNING: Unknown VALIDATION_ALG:type=2, length=0
2026-03-04 11:21:24.121 [cefgetfile] WARNING: Unknown VALIDATION_ALG:type=2, length=0
2026-03-04 11:21:24.121 [cefgetfile] WARNING: Unknown VALIDATION_ALG:type=2, length=0
2026-03-04 11:21:24.121 [cefgetfile] WARNING: Unknown VALIDATION_ALG:type=2, length=0
2026-03-04 11:21:24.121 [cefgetfile] WARNING: Unknown VALIDATION_ALG:type=2, length=0
2026-03-04 11:21:24.121 [cefgetfile] WARNING: Unknown VALIDATION_ALG:type=2, length=0
2026-03-04 11:21:24.121 [cefgetfile] WARNING: Unknown VALIDATION_ALG:type=2, length=0
2026-03-04 11:21:24.121 [cefgetfile] WARNING: Unknown VALIDATION_ALG:type=2, length=0
2026-03-04 11:21:24.121 [cefgetfile] WARNING: Unknown VALIDATION_ALG:type=2, length=0
2026-03-04 11:21:24.121 [cefgetfile] WARNING: Unknown VALIDATION_ALG:type=2, length=0
2026-03-04 11:21:24.121 [cefgetfile] WARNING: Unknown VALIDATION_ALG:type=2, length=0
2026-03-04 11:21:24.121 [cefgetfile] WARNING: Unknown VALIDATION_ALG:type=2, length=0
2026-03-04 11:21:24.122 [cefgetfile] WARNING: Unknown VALIDATION_ALG:type=2, length=0
2026-03-04 11:21:24.122 [cefgetfile] WARNING: Unknown VALIDATION_ALG:type=2, length=0
2026-03-04 11:21:24.122 [cefgetfile] WARNING: Unknown VALIDATION_ALG:type=2, length=0
2026-03-04 11:21:24.122 [cefgetfile] WARNING: Unknown VALIDATION_ALG:type=2, length=0
2026-03-04 11:21:24.122 [cefgetfile] WARNING: Unknown VALIDATION_ALG:type=2, length=0
2026-03-04 11:21:24.122 [cefgetfile] WARNING: Unknown VALIDATION_ALG:type=2, length=0
2026-03-04 11:21:24.122 [cefgetfile] WARNING: Unknown VALIDATION_ALG:type=2, length=0
2026-03-04 11:21:24.122 [cefgetfile] WARNING: Unknown VALIDATION_ALG:type=2, length=0
2026-03-04 11:21:24.122 [cefgetfile] WARNING: Unknown VALIDATION_ALG:type=2, length=0
2026-03-04 11:21:24.122 [cefgetfile] WARNING: Unknown VALIDATION_ALG:type=2, length=0
2026-03-04 11:21:24.122 [cefgetfile] WARNING: Unknown VALIDATION_ALG:type=2, length=0
2026-03-04 11:21:24.122 [cefgetfile] WARNING: Unknown VALIDATION_ALG:type=2, length=0
2026-03-04 11:21:24.122 [cefgetfile] WARNING: Unknown VALIDATION_ALG:type=2, length=0
2026-03-04 11:21:24.123 [cefgetfile] WARNING: Unknown VALIDATION_ALG:type=2, length=0
2026-03-04 11:21:24.123 [cefgetfile] WARNING: Unknown VALIDATION_ALG:type=2, length=0
2026-03-04 11:21:24.123 [cefgetfile] WARNING: Unknown VALIDATION_ALG:type=2, length=0
2026-03-04 11:21:24.123 [cefgetfile] WARNING: Unknown VALIDATION_ALG:type=2, length=0
2026-03-04 11:21:24.123 [cefgetfile] WARNING: Unknown VALIDATION_ALG:type=2, length=0
2026-03-04 11:21:24.123 [cefgetfile] WARNING: Unknown VALIDATION_ALG:type=2, length=0
2026-03-04 11:21:24.123 [cefgetfile] WARNING: Unknown VALIDATION_ALG:type=2, length=0
2026-03-04 11:21:24.123 [cefgetfile] WARNING: Unknown VALIDATION_ALG:type=2, length=0
2026-03-04 11:21:24.123 [cefgetfile] WARNING: Unknown VALIDATION_ALG:type=2, length=0
2026-03-04 11:21:24.123 [cefgetfile] WARNING: Unknown VALIDATION_ALG:type=2, length=0
2026-03-04 11:21:24.123 [cefgetfile] WARNING: Unknown VALIDATION_ALG:type=2, length=0
2026-03-04 11:21:24.123 [cefgetfile] WARNING: Unknown VALIDATION_ALG:type=2, length=0
2026-03-04 11:21:24.123 [cefgetfile] WARNING: Unknown VALIDATION_ALG:type=2, length=0
2026-03-04 11:21:24.123 [cefgetfile] WARNING: Unknown VALIDATION_ALG:type=2, length=0
2026-03-04 11:21:24.124 [cefgetfile] WARNING: Unknown VALIDATION_ALG:type=2, length=0
2026-03-04 11:21:24.124 [cefgetfile] WARNING: Unknown VALIDATION_ALG:type=2, length=0
2026-03-04 11:21:24.124 [cefgetfile] WARNING: Unknown VALIDATION_ALG:type=2, length=0
2026-03-04 11:21:24.124 [cefgetfile] WARNING: Unknown VALIDATION_ALG:type=2, length=0
2026-03-04 11:21:24.124 [cefgetfile] WARNING: Unknown VALIDATION_ALG:type=2, length=0
2026-03-04 11:21:24.124 [cefgetfile] WARNING: Unknown VALIDATION_ALG:type=2, length=0
2026-03-04 11:21:24.124 [cefgetfile] WARNING: Unknown VALIDATION_ALG:type=2, length=0
2026-03-04 11:21:24.124 [cefgetfile] WARNING: Unknown VALIDATION_ALG:type=2, length=0
2026-03-04 11:21:24.124 [cefgetfile] WARNING: Unknown VALIDATION_ALG:type=2, length=0
2026-03-04 11:21:24.124 [cefgetfile] WARNING: Unknown VALIDATION_ALG:type=2, length=0
2026-03-04 11:21:24.124 [cefgetfile] WARNING: Unknown VALIDATION_ALG:type=2, length=0
2026-03-04 11:21:24.124 [cefgetfile] WARNING: Unknown VALIDATION_ALG:type=2, length=0
2026-03-04 11:21:24.124 [cefgetfile] WARNING: Unknown VALIDATION_ALG:type=2, length=0
2026-03-04 11:21:24.124 [cefgetfile] WARNING: Unknown VALIDATION_ALG:type=2, length=0
2026-03-04 11:21:24.125 [cefgetfile] WARNING: Unknown VALIDATION_ALG:type=2, length=0
2026-03-04 11:21:24.125 [cefgetfile] WARNING: Unknown VALIDATION_ALG:type=2, length=0
2026-03-04 11:21:24.125 [cefgetfile] WARNING: Unknown VALIDATION_ALG:type=2, length=0
2026-03-04 11:21:24.125 [cefgetfile] WARNING: Unknown VALIDATION_ALG:type=2, length=0
2026-03-04 11:21:24.125 [cefgetfile] WARNING: Unknown VALIDATION_ALG:type=2, length=0
2026-03-04 11:21:24.125 [cefgetfile] WARNING: Unknown VALIDATION_ALG:type=2, length=0
2026-03-04 11:21:24.125 [cefgetfile] WARNING: Unknown VALIDATION_ALG:type=2, length=0
2026-03-04 11:21:24.125 [cefgetfile] WARNING: Unknown VALIDATION_ALG:type=2, length=0
2026-03-04 11:21:24.125 [cefgetfile] WARNING: Unknown VALIDATION_ALG:type=2, length=0
2026-03-04 11:21:24.125 [cefgetfile] WARNING: Unknown VALIDATION_ALG:type=2, length=0
2026-03-04 11:21:24.125 [cefgetfile] WARNING: Unknown VALIDATION_ALG:type=2, length=0
2026-03-04 11:21:24.125 [cefgetfile] WARNING: Unknown VALIDATION_ALG:type=2, length=0
2026-03-04 11:21:24.126 [cefgetfile] WARNING: Unknown VALIDATION_ALG:type=2, length=0
2026-03-04 11:21:24.126 [cefgetfile] WARNING: Unknown VALIDATION_ALG:type=2, length=0
2026-03-04 11:21:24.126 [cefgetfile] WARNING: Unknown VALIDATION_ALG:type=2, length=0
2026-03-04 11:21:24.126 [cefgetfile] WARNING: Unknown VALIDATION_ALG:type=2, length=0
2026-03-04 11:21:24.126 [cefgetfile] WARNING: Unknown VALIDATION_ALG:type=2, length=0
2026-03-04 11:21:24.126 [cefgetfile] WARNING: Unknown VALIDATION_ALG:type=2, length=0
2026-03-04 11:21:24.126 [cefgetfile] WARNING: Unknown VALIDATION_ALG:type=2, length=0
2026-03-04 11:21:24.126 [cefgetfile] WARNING: Unknown VALIDATION_ALG:type=2, length=0
2026-03-04 11:21:24.126 [cefgetfile] WARNING: Unknown VALIDATION_ALG:type=2, length=0
2026-03-04 11:21:24.126 [cefgetfile] WARNING: Unknown VALIDATION_ALG:type=2, length=0
2026-03-04 11:21:24.126 [cefgetfile] WARNING: Unknown VALIDATION_ALG:type=2, length=0
2026-03-04 11:21:24.126 [cefgetfile] WARNING: Unknown VALIDATION_ALG:type=2, length=0
2026-03-04 11:21:24.126 [cefgetfile] WARNING: Unknown VALIDATION_ALG:type=2, length=0
2026-03-04 11:21:24.126 [cefgetfile] WARNING: Unknown VALIDATION_ALG:type=2, length=0
2026-03-04 11:21:24.127 [cefgetfile] WARNING: Unknown VALIDATION_ALG:type=2, length=0
2026-03-04 11:21:24.127 [cefgetfile] WARNING: Unknown VALIDATION_ALG:type=2, length=0
2026-03-04 11:21:24.127 [cefgetfile] WARNING: Unknown VALIDATION_ALG:type=2, length=0
2026-03-04 11:21:24.127 [cefgetfile] WARNING: Unknown VALIDATION_ALG:type=2, length=0
2026-03-04 11:21:24.127 [cefgetfile] WARNING: Unknown VALIDATION_ALG:type=2, length=0
2026-03-04 11:21:24.127 [cefgetfile] WARNING: Unknown VALIDATION_ALG:type=2, length=0
2026-03-04 11:21:24.127 [cefgetfile] WARNING: Unknown VALIDATION_ALG:type=2, length=0
2026-03-04 11:21:24.127 [cefgetfile] WARNING: Unknown VALIDATION_ALG:type=2, length=0
2026-03-04 11:21:24.127 [cefgetfile] WARNING: Unknown VALIDATION_ALG:type=2, length=0
2026-03-04 11:21:24.127 [cefgetfile] WARNING: Unknown VALIDATION_ALG:type=2, length=0
2026-03-04 11:21:24.127 [cefgetfile] WARNING: Unknown VALIDATION_ALG:type=2, length=0
2026-03-04 11:21:24.127 [cefgetfile] WARNING: Unknown VALIDATION_ALG:type=2, length=0
2026-03-04 11:21:24.127 [cefgetfile] WARNING: Unknown VALIDATION_ALG:type=2, length=0
2026-03-04 11:21:24.128 [cefgetfile] WARNING: Unknown VALIDATION_ALG:type=2, length=0
2026-03-04 11:21:24.128 [cefgetfile] WARNING: Unknown VALIDATION_ALG:type=2, length=0
2026-03-04 11:21:24.128 [cefgetfile] WARNING: Unknown VALIDATION_ALG:type=2, length=0
2026-03-04 11:21:24.128 [cefgetfile] WARNING: Unknown VALIDATION_ALG:type=2, length=0
2026-03-04 11:21:24.128 [cefgetfile] WARNING: Unknown VALIDATION_ALG:type=2, length=0
2026-03-04 11:21:24.128 [cefgetfile] WARNING: Unknown VALIDATION_ALG:type=2, length=0
2026-03-04 11:21:24.128 [cefgetfile] WARNING: Unknown VALIDATION_ALG:type=2, length=0
2026-03-04 11:21:24.128 [cefgetfile] WARNING: Unknown VALIDATION_ALG:type=2, length=0
2026-03-04 11:21:24.128 [cefgetfile] WARNING: Unknown VALIDATION_ALG:type=2, length=0
2026-03-04 11:21:24.128 [cefgetfile] WARNING: Unknown VALIDATION_ALG:type=2, length=0
2026-03-04 11:21:24.128 [cefgetfile] WARNING: Unknown VALIDATION_ALG:type=2, length=0
2026-03-04 11:21:24.128 [cefgetfile] WARNING: Unknown VALIDATION_ALG:type=2, length=0
2026-03-04 11:21:24.128 [cefgetfile] WARNING: Unknown VALIDATION_ALG:type=2, length=0
2026-03-04 11:21:24.129 [cefgetfile] WARNING: Unknown VALIDATION_ALG:type=2, length=0
2026-03-04 11:21:24.129 [cefgetfile] WARNING: Unknown VALIDATION_ALG:type=2, length=0
2026-03-04 11:21:24.129 [cefgetfile] WARNING: Unknown VALIDATION_ALG:type=2, length=0
2026-03-04 11:21:24.129 [cefgetfile] WARNING: Unknown VALIDATION_ALG:type=2, length=0
2026-03-04 11:21:24.129 [cefgetfile] WARNING: Unknown VALIDATION_ALG:type=2, length=0
2026-03-04 11:21:24.129 [cefgetfile] WARNING: Unknown VALIDATION_ALG:type=2, length=0
2026-03-04 11:21:24.129 [cefgetfile] WARNING: Unknown VALIDATION_ALG:type=2, length=0
2026-03-04 11:21:24.129 [cefgetfile] WARNING: Unknown VALIDATION_ALG:type=2, length=0
2026-03-04 11:21:24.129 [cefgetfile] WARNING: Unknown VALIDATION_ALG:type=2, length=0
2026-03-04 11:21:24.129 [cefgetfile] WARNING: Unknown VALIDATION_ALG:type=2, length=0
2026-03-04 11:21:24.129 [cefgetfile] WARNING: Unknown VALIDATION_ALG:type=2, length=0
2026-03-04 11:21:24.129 [cefgetfile] WARNING: Unknown VALIDATION_ALG:type=2, length=0
2026-03-04 11:21:24.129 [cefgetfile] WARNING: Unknown VALIDATION_ALG:type=2, length=0
2026-03-04 11:21:24.130 [cefgetfile] WARNING: Unknown VALIDATION_ALG:type=2, length=0
2026-03-04 11:21:24.130 [cefgetfile] WARNING: Unknown VALIDATION_ALG:type=2, length=0
2026-03-04 11:21:24.130 [cefgetfile] WARNING: Unknown VALIDATION_ALG:type=2, length=0
2026-03-04 11:21:24.130 [cefgetfile] WARNING: Unknown VALIDATION_ALG:type=2, length=0
2026-03-04 11:21:24.130 [cefgetfile] WARNING: Unknown VALIDATION_ALG:type=2, length=0
2026-03-04 11:21:24.130 [cefgetfile] WARNING: Unknown VALIDATION_ALG:type=2, length=0
2026-03-04 11:21:24.130 [cefgetfile] WARNING: Unknown VALIDATION_ALG:type=2, length=0
2026-03-04 11:21:24.130 [cefgetfile] WARNING: Unknown VALIDATION_ALG:type=2, length=0
2026-03-04 11:21:24.130 [cefgetfile] WARNING: Unknown VALIDATION_ALG:type=2, length=0
2026-03-04 11:21:24.130 [cefgetfile] WARNING: Unknown VALIDATION_ALG:type=2, length=0
2026-03-04 11:21:24.130 [cefgetfile] WARNING: Unknown VALIDATION_ALG:type=2, length=0
2026-03-04 11:21:24.130 [cefgetfile] WARNING: Unknown VALIDATION_ALG:type=2, length=0
2026-03-04 11:21:24.130 [cefgetfile] WARNING: Unknown VALIDATION_ALG:type=2, length=0
2026-03-04 11:21:24.131 [cefgetfile] WARNING: Unknown VALIDATION_ALG:type=2, length=0
2026-03-04 11:21:24.131 [cefgetfile] WARNING: Unknown VALIDATION_ALG:type=2, length=0
2026-03-04 11:21:24.131 [cefgetfile] WARNING: Unknown VALIDATION_ALG:type=2, length=0
2026-03-04 11:21:24.131 [cefgetfile] WARNING: Unknown VALIDATION_ALG:type=2, length=0
2026-03-04 11:21:24.131 [cefgetfile] WARNING: Unknown VALIDATION_ALG:type=2, length=0
2026-03-04 11:21:24.131 [cefgetfile] WARNING: Unknown VALIDATION_ALG:type=2, length=0
2026-03-04 11:21:24.131 [cefgetfile] WARNING: Unknown VALIDATION_ALG:type=2, length=0
2026-03-04 11:21:24.131 [cefgetfile] WARNING: Unknown VALIDATION_ALG:type=2, length=0
2026-03-04 11:21:24.131 [cefgetfile] WARNING: Unknown VALIDATION_ALG:type=2, length=0
2026-03-04 11:21:24.131 [cefgetfile] WARNING: Unknown VALIDATION_ALG:type=2, length=0
2026-03-04 11:21:24.131 [cefgetfile] WARNING: Unknown VALIDATION_ALG:type=2, length=0
2026-03-04 11:21:24.132 [cefgetfile] WARNING: Unknown VALIDATION_ALG:type=2, length=0
2026-03-04 11:21:24.132 [cefgetfile] WARNING: Unknown VALIDATION_ALG:type=2, length=0
2026-03-04 11:21:24.132 [cefgetfile] WARNING: Unknown VALIDATION_ALG:type=2, length=0
2026-03-04 11:21:24.132 [cefgetfile] WARNING: Unknown VALIDATION_ALG:type=2, length=0
2026-03-04 11:21:24.132 [cefgetfile] WARNING: Unknown VALIDATION_ALG:type=2, length=0
2026-03-04 11:21:24.132 [cefgetfile] WARNING: Unknown VALIDATION_ALG:type=2, length=0
2026-03-04 11:21:24.132 [cefgetfile] WARNING: Unknown VALIDATION_ALG:type=2, length=0
2026-03-04 11:21:24.132 [cefgetfile] WARNING: Unknown VALIDATION_ALG:type=2, length=0
2026-03-04 11:21:24.132 [cefgetfile] WARNING: Unknown VALIDATION_ALG:type=2, length=0
2026-03-04 11:21:24.132 [cefgetfile] WARNING: Unknown VALIDATION_ALG:type=2, length=0
2026-03-04 11:21:24.132 [cefgetfile] WARNING: Unknown VALIDATION_ALG:type=2, length=0
2026-03-04 11:21:24.132 [cefgetfile] WARNING: Unknown VALIDATION_ALG:type=2, length=0
2026-03-04 11:21:24.132 [cefgetfile] WARNING: Unknown VALIDATION_ALG:type=2, length=0
2026-03-04 11:21:24.132 [cefgetfile] WARNING: Unknown VALIDATION_ALG:type=2, length=0
2026-03-04 11:21:24.132 [cefgetfile] WARNING: Unknown VALIDATION_ALG:type=2, length=0
2026-03-04 11:21:24.133 [cefgetfile] WARNING: Unknown VALIDATION_ALG:type=2, length=0
2026-03-04 11:21:24.133 [cefgetfile] WARNING: Unknown VALIDATION_ALG:type=2, length=0
2026-03-04 11:21:24.133 [cefgetfile] WARNING: Unknown VALIDATION_ALG:type=2, length=0
2026-03-04 11:21:24.133 [cefgetfile] WARNING: Unknown VALIDATION_ALG:type=2, length=0
2026-03-04 11:21:24.133 [cefgetfile] WARNING: Unknown VALIDATION_ALG:type=2, length=0
2026-03-04 11:21:24.133 [cefgetfile] WARNING: Unknown VALIDATION_ALG:type=2, length=0
2026-03-04 11:21:24.133 [cefgetfile] WARNING: Unknown VALIDATION_ALG:type=2, length=0
2026-03-04 11:21:24.133 [cefgetfile] WARNING: Unknown VALIDATION_ALG:type=2, length=0
2026-03-04 11:21:24.133 [cefgetfile] WARNING: Unknown VALIDATION_ALG:type=2, length=0
2026-03-04 11:21:24.133 [cefgetfile] WARNING: Unknown VALIDATION_ALG:type=2, length=0
2026-03-04 11:21:24.133 [cefgetfile] WARNING: Unknown VALIDATION_ALG:type=2, length=0
2026-03-04 11:21:24.133 [cefgetfile] WARNING: Unknown VALIDATION_ALG:type=2, length=0
2026-03-04 11:21:24.133 [cefgetfile] WARNING: Unknown VALIDATION_ALG:type=2, length=0
2026-03-04 11:21:24.133 [cefgetfile] WARNING: Unknown VALIDATION_ALG:type=2, length=0
2026-03-04 11:21:24.134 [cefgetfile] WARNING: Unknown VALIDATION_ALG:type=2, length=0
2026-03-04 11:21:24.134 [cefgetfile] WARNING: Unknown VALIDATION_ALG:type=2, length=0
2026-03-04 11:21:24.134 [cefgetfile] WARNING: Unknown VALIDATION_ALG:type=2, length=0
2026-03-04 11:21:24.134 [cefgetfile] WARNING: Unknown VALIDATION_ALG:type=2, length=0
2026-03-04 11:21:24.134 [cefgetfile] WARNING: Unknown VALIDATION_ALG:type=2, length=0
2026-03-04 11:21:24.134 [cefgetfile] WARNING: Unknown VALIDATION_ALG:type=2, length=0
2026-03-04 11:21:24.134 [cefgetfile] WARNING: Unknown VALIDATION_ALG:type=2, length=0
2026-03-04 11:21:24.134 [cefgetfile] WARNING: Unknown VALIDATION_ALG:type=2, length=0
2026-03-04 11:21:24.134 [cefgetfile] WARNING: Unknown VALIDATION_ALG:type=2, length=0
2026-03-04 11:21:24.134 [cefgetfile] WARNING: Unknown VALIDATION_ALG:type=2, length=0
2026-03-04 11:21:24.134 [cefgetfile] WARNING: Unknown VALIDATION_ALG:type=2, length=0
2026-03-04 11:21:24.134 [cefgetfile] WARNING: Unknown VALIDATION_ALG:type=2, length=0
2026-03-04 11:21:24.134 [cefgetfile] WARNING: Unknown VALIDATION_ALG:type=2, length=0
2026-03-04 11:21:24.135 [cefgetfile] WARNING: Unknown VALIDATION_ALG:type=2, length=0
2026-03-04 11:21:24.135 [cefgetfile] WARNING: Unknown VALIDATION_ALG:type=2, length=0
2026-03-04 11:21:24.135 [cefgetfile] WARNING: Unknown VALIDATION_ALG:type=2, length=0
2026-03-04 11:21:24.135 [cefgetfile] WARNING: Unknown VALIDATION_ALG:type=2, length=0
2026-03-04 11:21:24.135 [cefgetfile] WARNING: Unknown VALIDATION_ALG:type=2, length=0
2026-03-04 11:21:24.135 [cefgetfile] WARNING: Unknown VALIDATION_ALG:type=2, length=0
2026-03-04 11:21:24.135 [cefgetfile] WARNING: Unknown VALIDATION_ALG:type=2, length=0
2026-03-04 11:21:24.135 [cefgetfile] WARNING: Unknown VALIDATION_ALG:type=2, length=0
2026-03-04 11:21:24.135 [cefgetfile] WARNING: Unknown VALIDATION_ALG:type=2, length=0
2026-03-04 11:21:24.135 [cefgetfile] WARNING: Unknown VALIDATION_ALG:type=2, length=0
2026-03-04 11:21:24.135 [cefgetfile] WARNING: Unknown VALIDATION_ALG:type=2, length=0
2026-03-04 11:21:24.135 [cefgetfile] WARNING: Unknown VALIDATION_ALG:type=2, length=0
2026-03-04 11:21:24.135 [cefgetfile] WARNING: Unknown VALIDATION_ALG:type=2, length=0
2026-03-04 11:21:24.135 [cefgetfile] WARNING: Unknown VALIDATION_ALG:type=2, length=0
2026-03-04 11:21:24.136 [cefgetfile] WARNING: Unknown VALIDATION_ALG:type=2, length=0
2026-03-04 11:21:24.136 [cefgetfile] WARNING: Unknown VALIDATION_ALG:type=2, length=0
2026-03-04 11:21:24.136 [cefgetfile] WARNING: Unknown VALIDATION_ALG:type=2, length=0
2026-03-04 11:21:24.136 [cefgetfile] WARNING: Unknown VALIDATION_ALG:type=2, length=0
2026-03-04 11:21:24.136 [cefgetfile] WARNING: Unknown VALIDATION_ALG:type=2, length=0
2026-03-04 11:21:24.136 [cefgetfile] WARNING: Unknown VALIDATION_ALG:type=2, length=0
2026-03-04 11:21:24.136 [cefgetfile] WARNING: Unknown VALIDATION_ALG:type=2, length=0
2026-03-04 11:21:24.136 [cefgetfile] WARNING: Unknown VALIDATION_ALG:type=2, length=0
2026-03-04 11:21:24.136 [cefgetfile] WARNING: Unknown VALIDATION_ALG:type=2, length=0
2026-03-04 11:21:24.136 [cefgetfile] WARNING: Unknown VALIDATION_ALG:type=2, length=0
2026-03-04 11:21:24.136 [cefgetfile] WARNING: Unknown VALIDATION_ALG:type=2, length=0
2026-03-04 11:21:24.136 [cefgetfile] WARNING: Unknown VALIDATION_ALG:type=2, length=0
2026-03-04 11:21:24.136 [cefgetfile] WARNING: Unknown VALIDATION_ALG:type=2, length=0
2026-03-04 11:21:24.137 [cefgetfile] WARNING: Unknown VALIDATION_ALG:type=2, length=0
2026-03-04 11:21:24.137 [cefgetfile] WARNING: Unknown VALIDATION_ALG:type=2, length=0
2026-03-04 11:21:24.137 [cefgetfile] WARNING: Unknown VALIDATION_ALG:type=2, length=0
2026-03-04 11:21:24.137 [cefgetfile] WARNING: Unknown VALIDATION_ALG:type=2, length=0
2026-03-04 11:21:24.137 [cefgetfile] WARNING: Unknown VALIDATION_ALG:type=2, length=0
2026-03-04 11:21:24.137 [cefgetfile] WARNING: Unknown VALIDATION_ALG:type=2, length=0
2026-03-04 11:21:24.137 [cefgetfile] WARNING: Unknown VALIDATION_ALG:type=2, length=0
2026-03-04 11:21:24.137 [cefgetfile] WARNING: Unknown VALIDATION_ALG:type=2, length=0
2026-03-04 11:21:24.137 [cefgetfile] WARNING: Unknown VALIDATION_ALG:type=2, length=0
2026-03-04 11:21:24.137 [cefgetfile] WARNING: Unknown VALIDATION_ALG:type=2, length=0
2026-03-04 11:21:24.137 [cefgetfile] WARNING: Unknown VALIDATION_ALG:type=2, length=0
2026-03-04 11:21:24.137 [cefgetfile] WARNING: Unknown VALIDATION_ALG:type=2, length=0
2026-03-04 11:21:24.137 [cefgetfile] WARNING: Unknown VALIDATION_ALG:type=2, length=0
2026-03-04 11:21:24.137 [cefgetfile] WARNING: Unknown VALIDATION_ALG:type=2, length=0
2026-03-04 11:21:24.138 [cefgetfile] WARNING: Unknown VALIDATION_ALG:type=2, length=0
2026-03-04 11:21:24.138 [cefgetfile] WARNING: Unknown VALIDATION_ALG:type=2, length=0
2026-03-04 11:21:24.138 [cefgetfile] WARNING: Unknown VALIDATION_ALG:type=2, length=0
2026-03-04 11:21:24.138 [cefgetfile] WARNING: Unknown VALIDATION_ALG:type=2, length=0
2026-03-04 11:21:24.138 [cefgetfile] WARNING: Unknown VALIDATION_ALG:type=2, length=0
2026-03-04 11:21:24.138 [cefgetfile] WARNING: Unknown VALIDATION_ALG:type=2, length=0
2026-03-04 11:21:24.138 [cefgetfile] WARNING: Unknown VALIDATION_ALG:type=2, length=0
2026-03-04 11:21:24.138 [cefgetfile] WARNING: Unknown VALIDATION_ALG:type=2, length=0
2026-03-04 11:21:24.138 [cefgetfile] WARNING: Unknown VALIDATION_ALG:type=2, length=0
2026-03-04 11:21:24.138 [cefgetfile] WARNING: Unknown VALIDATION_ALG:type=2, length=0
2026-03-04 11:21:24.138 [cefgetfile] WARNING: Unknown VALIDATION_ALG:type=2, length=0
2026-03-04 11:21:24.138 [cefgetfile] WARNING: Unknown VALIDATION_ALG:type=2, length=0
2026-03-04 11:21:24.138 [cefgetfile] WARNING: Unknown VALIDATION_ALG:type=2, length=0
2026-03-04 11:21:24.138 [cefgetfile] WARNING: Unknown VALIDATION_ALG:type=2, length=0
2026-03-04 11:21:24.139 [cefgetfile] WARNING: Unknown VALIDATION_ALG:type=2, length=0
2026-03-04 11:21:24.139 [cefgetfile] WARNING: Unknown VALIDATION_ALG:type=2, length=0
2026-03-04 11:21:24.139 [cefgetfile] WARNING: Unknown VALIDATION_ALG:type=2, length=0
2026-03-04 11:21:24.139 [cefgetfile] WARNING: Unknown VALIDATION_ALG:type=2, length=0
2026-03-04 11:21:24.139 [cefgetfile] WARNING: Unknown VALIDATION_ALG:type=2, length=0
2026-03-04 11:21:24.139 [cefgetfile] WARNING: Unknown VALIDATION_ALG:type=2, length=0
2026-03-04 11:21:24.139 [cefgetfile] WARNING: Unknown VALIDATION_ALG:type=2, length=0
2026-03-04 11:21:24.139 [cefgetfile] WARNING: Unknown VALIDATION_ALG:type=2, length=0
2026-03-04 11:21:24.139 [cefgetfile] WARNING: Unknown VALIDATION_ALG:type=2, length=0
2026-03-04 11:21:24.139 [cefgetfile] WARNING: Unknown VALIDATION_ALG:type=2, length=0
2026-03-04 11:21:24.139 [cefgetfile] WARNING: Unknown VALIDATION_ALG:type=2, length=0
2026-03-04 11:21:24.139 [cefgetfile] WARNING: Unknown VALIDATION_ALG:type=2, length=0
2026-03-04 11:21:24.139 [cefgetfile] WARNING: Unknown VALIDATION_ALG:type=2, length=0
2026-03-04 11:21:24.140 [cefgetfile] WARNING: Unknown VALIDATION_ALG:type=2, length=0
2026-03-04 11:21:24.140 [cefgetfile] WARNING: Unknown VALIDATION_ALG:type=2, length=0
2026-03-04 11:21:24.140 [cefgetfile] WARNING: Unknown VALIDATION_ALG:type=2, length=0
2026-03-04 11:21:24.140 [cefgetfile] WARNING: Unknown VALIDATION_ALG:type=2, length=0
2026-03-04 11:21:24.140 [cefgetfile] WARNING: Unknown VALIDATION_ALG:type=2, length=0
2026-03-04 11:21:24.140 [cefgetfile] WARNING: Unknown VALIDATION_ALG:type=2, length=0
2026-03-04 11:21:24.140 [cefgetfile] WARNING: Unknown VALIDATION_ALG:type=2, length=0
2026-03-04 11:21:24.140 [cefgetfile] WARNING: Unknown VALIDATION_ALG:type=2, length=0
2026-03-04 11:21:24.140 [cefgetfile] WARNING: Unknown VALIDATION_ALG:type=2, length=0
2026-03-04 11:21:24.140 [cefgetfile] WARNING: Unknown VALIDATION_ALG:type=2, length=0
2026-03-04 11:21:24.140 [cefgetfile] WARNING: Unknown VALIDATION_ALG:type=2, length=0
2026-03-04 11:21:24.140 [cefgetfile] WARNING: Unknown VALIDATION_ALG:type=2, length=0
2026-03-04 11:21:24.140 [cefgetfile] WARNING: Unknown VALIDATION_ALG:type=2, length=0
2026-03-04 11:21:24.141 [cefgetfile] WARNING: Unknown VALIDATION_ALG:type=2, length=0
2026-03-04 11:21:24.141 [cefgetfile] WARNING: Unknown VALIDATION_ALG:type=2, length=0
2026-03-04 11:21:24.141 [cefgetfile] WARNING: Unknown VALIDATION_ALG:type=2, length=0
2026-03-04 11:21:24.141 [cefgetfile] WARNING: Unknown VALIDATION_ALG:type=2, length=0
2026-03-04 11:21:24.141 [cefgetfile] WARNING: Unknown VALIDATION_ALG:type=2, length=0
[cefgetfile] Completed to get all the chunks.
[cefgetfile] Unconnect to cefnetd ... OK
[cefgetfile] Terminate
[cefgetfile] Rx Frames (All)           = 424
[cefgetfile] Rx Frames (ContentObject) = 424
[cefgetfile] Rx Bytes (All)            = 444414
[cefgetfile] Rx Bytes (ContentObject)  = 433390
[cefgetfile] Duration                  = 0.034 sec
[cefgetfile] Throughput                = 105888491 bps
[cefgetfile] Goodput                   = 103261853 bps
[cefgetfile] Jitter (Ave)              = 79 us
[cefgetfile] Jitter (Max)              = 1442 us
[cefgetfile] Jitter (Var)              = 7728 us
