[cefgetfile] Start
[cefgetfile] Parsing parameters ...OK
2026-01-29 17:36:59.184 [cefgetfile] INFO: [client] Config directory is ./h0
2026-01-29 17:36:59.185 [cefgetfile] INFO: [client] Local Socket Name is /tmp/cef_9695.0
2026-01-29 17:36:59.185 [cefgetfile] INFO: [client] Listen Port is 9695
[cefgetfile] Init Cefore Client package ... OK
[cefgetfile] Conversion from URI into Name ... OK
[cefgetfile] Checking the output file ... OK
[cefgetfile] Connect to cefnetd ... OK
[cefgetfile] URI=ccnx:/test/experiment/content7
[cefgetfile] Start sending Interests
[cefgetfile] Completed to get all the chunks.
[cefgetfile] Unconnect to cefnetd ... OK
[cefgetfile] Terminate
[cefgetfile] Rx Frames (All)           = 437
[cefgetfile] Rx Frames (ContentObject) = 424
[cefgetfile] Rx Bytes (All)            = 465056
[cefgetfile] Rx Bytes (ContentObject)  = 433390
[cefgetfile] Duration                  = 8.916 sec
[cefgetfile] Throughput                = 417310 bps
[cefgetfile] Goodput                   = 388895 bps
[cefgetfile] Jitter (Ave)              = 21026 us
[cefgetfile] Jitter (Max)              = 4504366 us
[cefgetfile] Jitter (Var)              = 59195678223 us
