[cefgetfile] Start
[cefgetfile] Parsing parameters ...OK
2026-02-10 15:48:18.564 [cefgetfile] INFO: [client] Config directory is ./h8
2026-02-10 15:48:18.564 [cefgetfile] INFO: [client] Local Socket Name is /tmp/cef_9695.8
2026-02-10 15:48:18.564 [cefgetfile] INFO: [client] Listen Port is 9695
[cefgetfile] Init Cefore Client package ... OK
[cefgetfile] Conversion from URI into Name ... OK
[cefgetfile] Checking the output file ... OK
[cefgetfile] Connect to cefnetd ... OK
[cefgetfile] URI=ccnx:/test/data/content1
[cefgetfile] Start sending Interests
2026-02-10 15:48:18.593 [cefgetfile] WARNING: Unknown VALIDATION_ALG:type=2, length=0
2026-02-10 15:48:18.593 [cefgetfile] WARNING: Unknown VALIDATION_ALG:type=2, length=0
2026-02-10 15:48:18.593 [cefgetfile] WARNING: Unknown VALIDATION_ALG:type=2, length=0
2026-02-10 15:48:18.593 [cefgetfile] WARNING: Unknown VALIDATION_ALG:type=2, length=0
2026-02-10 15:48:18.595 [cefgetfile] WARNING: Unknown VALIDATION_ALG:type=2, length=0
2026-02-10 15:48:18.595 [cefgetfile] WARNING: Unknown VALIDATION_ALG:type=2, length=0
2026-02-10 15:48:18.596 [cefgetfile] WARNING: Unknown VALIDATION_ALG:type=2, length=0
2026-02-10 15:48:18.597 [cefgetfile] WARNING: Unknown VALIDATION_ALG:type=2, length=0
2026-02-10 15:48:18.599 [cefgetfile] WARNING: Unknown VALIDATION_ALG:type=2, length=0
2026-02-10 15:48:18.600 [cefgetfile] WARNING: Unknown VALIDATION_ALG:type=2, length=0
2026-02-10 15:48:18.601 [cefgetfile] WARNING: Unknown VALIDATION_ALG:type=2, length=0
2026-02-10 15:48:18.603 [cefgetfile] WARNING: Unknown VALIDATION_ALG:type=2, length=0
2026-02-10 15:48:18.605 [cefgetfile] WARNING: Unknown VALIDATION_ALG:type=2, length=0
2026-02-10 15:48:18.605 [cefgetfile] WARNING: Unknown VALIDATION_ALG:type=2, length=0
2026-02-10 15:48:18.610 [cefgetfile] WARNING: Unknown VALIDATION_ALG:type=2, length=0
2026-02-10 15:48:18.611 [cefgetfile] WARNING: Unknown VALIDATION_ALG:type=2, length=0
2026-02-10 15:48:18.614 [cefgetfile] WARNING: Unknown VALIDATION_ALG:type=2, length=0
2026-02-10 15:48:18.615 [cefgetfile] WARNING: Unknown VALIDATION_ALG:type=2, length=0
2026-02-10 15:48:18.617 [cefgetfile] WARNING: Unknown VALIDATION_ALG:type=2, length=0
2026-02-10 15:48:18.619 [cefgetfile] WARNING: Unknown VALIDATION_ALG:type=2, length=0
2026-02-10 15:48:18.621 [cefgetfile] WARNING: Unknown VALIDATION_ALG:type=2, length=0
2026-02-10 15:48:18.623 [cefgetfile] WARNING: Unknown VALIDATION_ALG:type=2, length=0
2026-02-10 15:48:18.624 [cefgetfile] WARNING: Unknown VALIDATION_ALG:type=2, length=0
2026-02-10 15:48:18.625 [cefgetfile] WARNING: Unknown VALIDATION_ALG:type=2, length=0
2026-02-10 15:48:18.627 [cefgetfile] WARNING: Unknown VALIDATION_ALG:type=2, length=0
2026-02-10 15:48:18.628 [cefgetfile] WARNING: Unknown VALIDATION_ALG:type=2, length=0
2026-02-10 15:48:18.628 [cefgetfile] WARNING: Unknown VALIDATION_ALG:type=2, length=0
2026-02-10 15:48:18.630 [cefgetfile] WARNING: Unknown VALIDATION_ALG:type=2, length=0
2026-02-10 15:48:18.631 [cefgetfile] WARNING: Unknown VALIDATION_ALG:type=2, length=0
2026-02-10 15:48:18.632 [cefgetfile] WARNING: Unknown VALIDATION_ALG:type=2, length=0
2026-02-10 15:48:18.633 [cefgetfile] WARNING: Unknown VALIDATION_ALG:type=2, length=0
2026-02-10 15:48:18.634 [cefgetfile] WARNING: Unknown VALIDATION_ALG:type=2, length=0
2026-02-10 15:48:18.635 [cefgetfile] WARNING: Unknown VALIDATION_ALG:type=2, length=0
2026-02-10 15:48:18.636 [cefgetfile] WARNING: Unknown VALIDATION_ALG:type=2, length=0
2026-02-10 15:48:18.637 [cefgetfile] WARNING: Unknown VALIDATION_ALG:type=2, length=0
2026-02-10 15:48:18.638 [cefgetfile] WARNING: Unknown VALIDATION_ALG:type=2, length=0
2026-02-10 15:48:18.638 [cefgetfile] WARNING: Unknown VALIDATION_ALG:type=2, length=0
2026-02-10 15:48:18.639 [cefgetfile] WARNING: Unknown VALIDATION_ALG:type=2, length=0
2026-02-10 15:48:18.640 [cefgetfile] WARNING: Unknown VALIDATION_ALG:type=2, length=0
2026-02-10 15:48:18.641 [cefgetfile] WARNING: Unknown VALIDATION_ALG:type=2, length=0
2026-02-10 15:48:18.642 [cefgetfile] WARNING: Unknown VALIDATION_ALG:type=2, length=0
2026-02-10 15:48:18.643 [cefgetfile] WARNING: Unknown VALIDATION_ALG:type=2, length=0
2026-02-10 15:48:18.644 [cefgetfile] WARNING: Unknown VALIDATION_ALG:type=2, length=0
2026-02-10 15:48:18.645 [cefgetfile] WARNING: Unknown VALIDATION_ALG:type=2, length=0
2026-02-10 15:48:18.646 [cefgetfile] WARNING: Unknown VALIDATION_ALG:type=2, length=0
2026-02-10 15:48:18.648 [cefgetfile] WARNING: Unknown VALIDATION_ALG:type=2, length=0
2026-02-10 15:48:18.648 [cefgetfile] WARNING: Unknown VALIDATION_ALG:type=2, length=0
2026-02-10 15:48:18.649 [cefgetfile] WARNING: Unknown VALIDATION_ALG:type=2, length=0
2026-02-10 15:48:18.650 [cefgetfile] WARNING: Unknown VALIDATION_ALG:type=2, length=0
2026-02-10 15:48:18.652 [cefgetfile] WARNING: Unknown VALIDATION_ALG:type=2, length=0
2026-02-10 15:48:18.653 [cefgetfile] WARNING: Unknown VALIDATION_ALG:type=2, length=0
2026-02-10 15:48:18.654 [cefgetfile] WARNING: Unknown VALIDATION_ALG:type=2, length=0
2026-02-10 15:48:18.655 [cefgetfile] WARNING: Unknown VALIDATION_ALG:type=2, length=0
2026-02-10 15:48:18.657 [cefgetfile] WARNING: Unknown VALIDATION_ALG:type=2, length=0
2026-02-10 15:48:18.658 [cefgetfile] WARNING: Unknown VALIDATION_ALG:type=2, length=0
2026-02-10 15:48:18.659 [cefgetfile] WARNING: Unknown VALIDATION_ALG:type=2, length=0
2026-02-10 15:48:18.660 [cefgetfile] WARNING: Unknown VALIDATION_ALG:type=2, length=0
2026-02-10 15:48:18.661 [cefgetfile] WARNING: Unknown VALIDATION_ALG:type=2, length=0
2026-02-10 15:48:18.662 [cefgetfile] WARNING: Unknown VALIDATION_ALG:type=2, length=0
2026-02-10 15:48:18.663 [cefgetfile] WARNING: Unknown VALIDATION_ALG:type=2, length=0
2026-02-10 15:48:18.664 [cefgetfile] WARNING: Unknown VALIDATION_ALG:type=2, length=0
2026-02-10 15:48:18.665 [cefgetfile] WARNING: Unknown VALIDATION_ALG:type=2, length=0
2026-02-10 15:48:18.666 [cefgetfile] WARNING: Unknown VALIDATION_ALG:type=2, length=0
2026-02-10 15:48:18.666 [cefgetfile] WARNING: Unknown VALIDATION_ALG:type=2, length=0
2026-02-10 15:48:18.668 [cefgetfile] WARNING: Unknown VALIDATION_ALG:type=2, length=0
2026-02-10 15:48:18.668 [cefgetfile] WARNING: Unknown VALIDATION_ALG:type=2, length=0
2026-02-10 15:48:18.670 [cefgetfile] WARNING: Unknown VALIDATION_ALG:type=2, length=0
2026-02-10 15:48:18.670 [cefgetfile] WARNING: Unknown VALIDATION_ALG:type=2, length=0
2026-02-10 15:48:18.672 [cefgetfile] WARNING: Unknown VALIDATION_ALG:type=2, length=0
2026-02-10 15:48:18.672 [cefgetfile] WARNING: Unknown VALIDATION_ALG:type=2, length=0
2026-02-10 15:48:18.674 [cefgetfile] WARNING: Unknown VALIDATION_ALG:type=2, length=0
2026-02-10 15:48:18.675 [cefgetfile] WARNING: Unknown VALIDATION_ALG:type=2, length=0
2026-02-10 15:48:18.676 [cefgetfile] WARNING: Unknown VALIDATION_ALG:type=2, length=0
2026-02-10 15:48:18.677 [cefgetfile] WARNING: Unknown VALIDATION_ALG:type=2, length=0
2026-02-10 15:48:18.678 [cefgetfile] WARNING: Unknown VALIDATION_ALG:type=2, length=0
2026-02-10 15:48:18.679 [cefgetfile] WARNING: Unknown VALIDATION_ALG:type=2, length=0
2026-02-10 15:48:18.680 [cefgetfile] WARNING: Unknown VALIDATION_ALG:type=2, length=0
2026-02-10 15:48:18.681 [cefgetfile] WARNING: Unknown VALIDATION_ALG:type=2, length=0
2026-02-10 15:48:18.682 [cefgetfile] WARNING: Unknown VALIDATION_ALG:type=2, length=0
2026-02-10 15:48:18.683 [cefgetfile] WARNING: Unknown VALIDATION_ALG:type=2, length=0
2026-02-10 15:48:18.683 [cefgetfile] WARNING: Unknown VALIDATION_ALG:type=2, length=0
2026-02-10 15:48:18.684 [cefgetfile] WARNING: Unknown VALIDATION_ALG:type=2, length=0
2026-02-10 15:48:18.686 [cefgetfile] WARNING: Unknown VALIDATION_ALG:type=2, length=0
2026-02-10 15:48:18.687 [cefgetfile] WARNING: Unknown VALIDATION_ALG:type=2, length=0
2026-02-10 15:48:18.688 [cefgetfile] WARNING: Unknown VALIDATION_ALG:type=2, length=0
2026-02-10 15:48:18.689 [cefgetfile] WARNING: Unknown VALIDATION_ALG:type=2, length=0
2026-02-10 15:48:18.690 [cefgetfile] WARNING: Unknown VALIDATION_ALG:type=2, length=0
2026-02-10 15:48:18.691 [cefgetfile] WARNING: Unknown VALIDATION_ALG:type=2, length=0
2026-02-10 15:48:18.692 [cefgetfile] WARNING: Unknown VALIDATION_ALG:type=2, length=0
2026-02-10 15:48:18.693 [cefgetfile] WARNING: Unknown VALIDATION_ALG:type=2, length=0
2026-02-10 15:48:18.694 [cefgetfile] WARNING: Unknown VALIDATION_ALG:type=2, length=0
2026-02-10 15:48:18.696 [cefgetfile] WARNING: Unknown VALIDATION_ALG:type=2, length=0
2026-02-10 15:48:18.697 [cefgetfile] WARNING: Unknown VALIDATION_ALG:type=2, length=0
2026-02-10 15:48:18.697 [cefgetfile] WARNING: Unknown VALIDATION_ALG:type=2, length=0
2026-02-10 15:48:18.698 [cefgetfile] WARNING: Unknown VALIDATION_ALG:type=2, length=0
2026-02-10 15:48:18.699 [cefgetfile] WARNING: Unknown VALIDATION_ALG:type=2, length=0
2026-02-10 15:48:18.700 [cefgetfile] WARNING: Unknown VALIDATION_ALG:type=2, length=0
2026-02-10 15:48:18.700 [cefgetfile] WARNING: Unknown VALIDATION_ALG:type=2, length=0
2026-02-10 15:48:18.701 [cefgetfile] WARNING: Unknown VALIDATION_ALG:type=2, length=0
2026-02-10 15:48:18.702 [cefgetfile] WARNING: Unknown VALIDATION_ALG:type=2, length=0
2026-02-10 15:48:18.703 [cefgetfile] WARNING: Unknown VALIDATION_ALG:type=2, length=0
2026-02-10 15:48:18.703 [cefgetfile] WARNING: Unknown VALIDATION_ALG:type=2, length=0
2026-02-10 15:48:18.704 [cefgetfile] WARNING: Unknown VALIDATION_ALG:type=2, length=0
2026-02-10 15:48:18.704 [cefgetfile] WARNING: Unknown VALIDATION_ALG:type=2, length=0
2026-02-10 15:48:18.705 [cefgetfile] WARNING: Unknown VALIDATION_ALG:type=2, length=0
2026-02-10 15:48:18.706 [cefgetfile] WARNING: Unknown VALIDATION_ALG:type=2, length=0
2026-02-10 15:48:18.706 [cefgetfile] WARNING: Unknown VALIDATION_ALG:type=2, length=0
2026-02-10 15:48:18.707 [cefgetfile] WARNING: Unknown VALIDATION_ALG:type=2, length=0
2026-02-10 15:48:18.708 [cefgetfile] WARNING: Unknown VALIDATION_ALG:type=2, length=0
2026-02-10 15:48:18.708 [cefgetfile] WARNING: Unknown VALIDATION_ALG:type=2, length=0
2026-02-10 15:48:18.709 [cefgetfile] WARNING: Unknown VALIDATION_ALG:type=2, length=0
2026-02-10 15:48:18.710 [cefgetfile] WARNING: Unknown VALIDATION_ALG:type=2, length=0
2026-02-10 15:48:18.710 [cefgetfile] WARNING: Unknown VALIDATION_ALG:type=2, length=0
2026-02-10 15:48:18.711 [cefgetfile] WARNING: Unknown VALIDATION_ALG:type=2, length=0
2026-02-10 15:48:18.711 [cefgetfile] WARNING: Unknown VALIDATION_ALG:type=2, length=0
2026-02-10 15:48:18.712 [cefgetfile] WARNING: Unknown VALIDATION_ALG:type=2, length=0
2026-02-10 15:48:18.713 [cefgetfile] WARNING: Unknown VALIDATION_ALG:type=2, length=0
2026-02-10 15:48:18.713 [cefgetfile] WARNING: Unknown VALIDATION_ALG:type=2, length=0
2026-02-10 15:48:18.714 [cefgetfile] WARNING: Unknown VALIDATION_ALG:type=2, length=0
2026-02-10 15:48:18.715 [cefgetfile] WARNING: Unknown VALIDATION_ALG:type=2, length=0
2026-02-10 15:48:18.716 [cefgetfile] WARNING: Unknown VALIDATION_ALG:type=2, length=0
2026-02-10 15:48:18.717 [cefgetfile] WARNING: Unknown VALIDATION_ALG:type=2, length=0
2026-02-10 15:48:18.718 [cefgetfile] WARNING: Unknown VALIDATION_ALG:type=2, length=0
2026-02-10 15:48:18.720 [cefgetfile] WARNING: Unknown VALIDATION_ALG:type=2, length=0
2026-02-10 15:48:18.721 [cefgetfile] WARNING: Unknown VALIDATION_ALG:type=2, length=0
2026-02-10 15:48:18.722 [cefgetfile] WARNING: Unknown VALIDATION_ALG:type=2, length=0
2026-02-10 15:48:18.724 [cefgetfile] WARNING: Unknown VALIDATION_ALG:type=2, length=0
2026-02-10 15:48:18.726 [cefgetfile] WARNING: Unknown VALIDATION_ALG:type=2, length=0
2026-02-10 15:48:18.727 [cefgetfile] WARNING: Unknown VALIDATION_ALG:type=2, length=0
2026-02-10 15:48:18.728 [cefgetfile] WARNING: Unknown VALIDATION_ALG:type=2, length=0
2026-02-10 15:48:18.729 [cefgetfile] WARNING: Unknown VALIDATION_ALG:type=2, length=0
2026-02-10 15:48:18.730 [cefgetfile] WARNING: Unknown VALIDATION_ALG:type=2, length=0
2026-02-10 15:48:18.731 [cefgetfile] WARNING: Unknown VALIDATION_ALG:type=2, length=0
2026-02-10 15:48:18.732 [cefgetfile] WARNING: Unknown VALIDATION_ALG:type=2, length=0
2026-02-10 15:48:18.732 [cefgetfile] WARNING: Unknown VALIDATION_ALG:type=2, length=0
2026-02-10 15:48:18.734 [cefgetfile] WARNING: Unknown VALIDATION_ALG:type=2, length=0
2026-02-10 15:48:18.735 [cefgetfile] WARNING: Unknown VALIDATION_ALG:type=2, length=0
2026-02-10 15:48:18.736 [cefgetfile] WARNING: Unknown VALIDATION_ALG:type=2, length=0
2026-02-10 15:48:18.737 [cefgetfile] WARNING: Unknown VALIDATION_ALG:type=2, length=0
2026-02-10 15:48:18.738 [cefgetfile] WARNING: Unknown VALIDATION_ALG:type=2, length=0
2026-02-10 15:48:18.739 [cefgetfile] WARNING: Unknown VALIDATION_ALG:type=2, length=0
2026-02-10 15:48:18.739 [cefgetfile] WARNING: Unknown VALIDATION_ALG:type=2, length=0
2026-02-10 15:48:18.740 [cefgetfile] WARNING: Unknown VALIDATION_ALG:type=2, length=0
2026-02-10 15:48:18.742 [cefgetfile] WARNING: Unknown VALIDATION_ALG:type=2, length=0
2026-02-10 15:48:18.743 [cefgetfile] WARNING: Unknown VALIDATION_ALG:type=2, length=0
2026-02-10 15:48:18.743 [cefgetfile] WARNING: Unknown VALIDATION_ALG:type=2, length=0
2026-02-10 15:48:18.744 [cefgetfile] WARNING: Unknown VALIDATION_ALG:type=2, length=0
2026-02-10 15:48:18.745 [cefgetfile] WARNING: Unknown VALIDATION_ALG:type=2, length=0
2026-02-10 15:48:18.747 [cefgetfile] WARNING: Unknown VALIDATION_ALG:type=2, length=0
2026-02-10 15:48:18.748 [cefgetfile] WARNING: Unknown VALIDATION_ALG:type=2, length=0
2026-02-10 15:48:18.748 [cefgetfile] WARNING: Unknown VALIDATION_ALG:type=2, length=0
2026-02-10 15:48:18.750 [cefgetfile] WARNING: Unknown VALIDATION_ALG:type=2, length=0
2026-02-10 15:48:18.751 [cefgetfile] WARNING: Unknown VALIDATION_ALG:type=2, length=0
2026-02-10 15:48:18.752 [cefgetfile] WARNING: Unknown VALIDATION_ALG:type=2, length=0
2026-02-10 15:48:18.752 [cefgetfile] WARNING: Unknown VALIDATION_ALG:type=2, length=0
2026-02-10 15:48:18.754 [cefgetfile] WARNING: Unknown VALIDATION_ALG:type=2, length=0
2026-02-10 15:48:18.755 [cefgetfile] WARNING: Unknown VALIDATION_ALG:type=2, length=0
2026-02-10 15:48:18.756 [cefgetfile] WARNING: Unknown VALIDATION_ALG:type=2, length=0
2026-02-10 15:48:18.757 [cefgetfile] WARNING: Unknown VALIDATION_ALG:type=2, length=0
2026-02-10 15:48:18.758 [cefgetfile] WARNING: Unknown VALIDATION_ALG:type=2, length=0
2026-02-10 15:48:18.759 [cefgetfile] WARNING: Unknown VALIDATION_ALG:type=2, length=0
2026-02-10 15:48:18.760 [cefgetfile] WARNING: Unknown VALIDATION_ALG:type=2, length=0
2026-02-10 15:48:18.761 [cefgetfile] WARNING: Unknown VALIDATION_ALG:type=2, length=0
2026-02-10 15:48:18.762 [cefgetfile] WARNING: Unknown VALIDATION_ALG:type=2, length=0
2026-02-10 15:48:18.762 [cefgetfile] WARNING: Unknown VALIDATION_ALG:type=2, length=0
2026-02-10 15:48:18.764 [cefgetfile] WARNING: Unknown VALIDATION_ALG:type=2, length=0
2026-02-10 15:48:18.764 [cefgetfile] WARNING: Unknown VALIDATION_ALG:type=2, length=0
2026-02-10 15:48:18.766 [cefgetfile] WARNING: Unknown VALIDATION_ALG:type=2, length=0
2026-02-10 15:48:18.766 [cefgetfile] WARNING: Unknown VALIDATION_ALG:type=2, length=0
2026-02-10 15:48:18.768 [cefgetfile] WARNING: Unknown VALIDATION_ALG:type=2, length=0
2026-02-10 15:48:18.769 [cefgetfile] WARNING: Unknown VALIDATION_ALG:type=2, length=0
2026-02-10 15:48:18.771 [cefgetfile] WARNING: Unknown VALIDATION_ALG:type=2, length=0
2026-02-10 15:48:18.771 [cefgetfile] WARNING: Unknown VALIDATION_ALG:type=2, length=0
2026-02-10 15:48:18.772 [cefgetfile] WARNING: Unknown VALIDATION_ALG:type=2, length=0
2026-02-10 15:48:18.774 [cefgetfile] WARNING: Unknown VALIDATION_ALG:type=2, length=0
2026-02-10 15:48:18.775 [cefgetfile] WARNING: Unknown VALIDATION_ALG:type=2, length=0
2026-02-10 15:48:18.776 [cefgetfile] WARNING: Unknown VALIDATION_ALG:type=2, length=0
2026-02-10 15:48:18.778 [cefgetfile] WARNING: Unknown VALIDATION_ALG:type=2, length=0
2026-02-10 15:48:18.779 [cefgetfile] WARNING: Unknown VALIDATION_ALG:type=2, length=0
2026-02-10 15:48:18.780 [cefgetfile] WARNING: Unknown VALIDATION_ALG:type=2, length=0
2026-02-10 15:48:18.781 [cefgetfile] WARNING: Unknown VALIDATION_ALG:type=2, length=0
2026-02-10 15:48:18.782 [cefgetfile] WARNING: Unknown VALIDATION_ALG:type=2, length=0
2026-02-10 15:48:18.783 [cefgetfile] WARNING: Unknown VALIDATION_ALG:type=2, length=0
2026-02-10 15:48:18.784 [cefgetfile] WARNING: Unknown VALIDATION_ALG:type=2, length=0
2026-02-10 15:48:18.785 [cefgetfile] WARNING: Unknown VALIDATION_ALG:type=2, length=0
2026-02-10 15:48:18.786 [cefgetfile] WARNING: Unknown VALIDATION_ALG:type=2, length=0
2026-02-10 15:48:18.787 [cefgetfile] WARNING: Unknown VALIDATION_ALG:type=2, length=0
2026-02-10 15:48:18.788 [cefgetfile] WARNING: Unknown VALIDATION_ALG:type=2, length=0
2026-02-10 15:48:18.789 [cefgetfile] WARNING: Unknown VALIDATION_ALG:type=2, length=0
2026-02-10 15:48:18.790 [cefgetfile] WARNING: Unknown VALIDATION_ALG:type=2, length=0
2026-02-10 15:48:18.791 [cefgetfile] WARNING: Unknown VALIDATION_ALG:type=2, length=0
2026-02-10 15:48:18.792 [cefgetfile] WARNING: Unknown VALIDATION_ALG:type=2, length=0
2026-02-10 15:48:18.793 [cefgetfile] WARNING: Unknown VALIDATION_ALG:type=2, length=0
2026-02-10 15:48:18.795 [cefgetfile] WARNING: Unknown VALIDATION_ALG:type=2, length=0
2026-02-10 15:48:18.796 [cefgetfile] WARNING: Unknown VALIDATION_ALG:type=2, length=0
2026-02-10 15:48:18.796 [cefgetfile] WARNING: Unknown VALIDATION_ALG:type=2, length=0
2026-02-10 15:48:18.797 [cefgetfile] WARNING: Unknown VALIDATION_ALG:type=2, length=0
2026-02-10 15:48:18.799 [cefgetfile] WARNING: Unknown VALIDATION_ALG:type=2, length=0
2026-02-10 15:48:18.800 [cefgetfile] WARNING: Unknown VALIDATION_ALG:type=2, length=0
2026-02-10 15:48:18.800 [cefgetfile] WARNING: Unknown VALIDATION_ALG:type=2, length=0
2026-02-10 15:48:18.801 [cefgetfile] WARNING: Unknown VALIDATION_ALG:type=2, length=0
2026-02-10 15:48:18.802 [cefgetfile] WARNING: Unknown VALIDATION_ALG:type=2, length=0
2026-02-10 15:48:18.803 [cefgetfile] WARNING: Unknown VALIDATION_ALG:type=2, length=0
2026-02-10 15:48:18.804 [cefgetfile] WARNING: Unknown VALIDATION_ALG:type=2, length=0
2026-02-10 15:48:18.805 [cefgetfile] WARNING: Unknown VALIDATION_ALG:type=2, length=0
2026-02-10 15:48:18.806 [cefgetfile] WARNING: Unknown VALIDATION_ALG:type=2, length=0
2026-02-10 15:48:18.807 [cefgetfile] WARNING: Unknown VALIDATION_ALG:type=2, length=0
2026-02-10 15:48:18.807 [cefgetfile] WARNING: Unknown VALIDATION_ALG:type=2, length=0
2026-02-10 15:48:18.810 [cefgetfile] WARNING: Unknown VALIDATION_ALG:type=2, length=0
2026-02-10 15:48:18.810 [cefgetfile] WARNING: Unknown VALIDATION_ALG:type=2, length=0
2026-02-10 15:48:18.810 [cefgetfile] WARNING: Unknown VALIDATION_ALG:type=2, length=0
2026-02-10 15:48:18.812 [cefgetfile] WARNING: Unknown VALIDATION_ALG:type=2, length=0
2026-02-10 15:48:18.813 [cefgetfile] WARNING: Unknown VALIDATION_ALG:type=2, length=0
2026-02-10 15:48:18.814 [cefgetfile] WARNING: Unknown VALIDATION_ALG:type=2, length=0
2026-02-10 15:48:18.817 [cefgetfile] WARNING: Unknown VALIDATION_ALG:type=2, length=0
2026-02-10 15:48:18.817 [cefgetfile] WARNING: Unknown VALIDATION_ALG:type=2, length=0
2026-02-10 15:48:18.819 [cefgetfile] WARNING: Unknown VALIDATION_ALG:type=2, length=0
2026-02-10 15:48:18.819 [cefgetfile] WARNING: Unknown VALIDATION_ALG:type=2, length=0
2026-02-10 15:48:18.821 [cefgetfile] WARNING: Unknown VALIDATION_ALG:type=2, length=0
2026-02-10 15:48:18.822 [cefgetfile] WARNING: Unknown VALIDATION_ALG:type=2, length=0
2026-02-10 15:48:18.825 [cefgetfile] WARNING: Unknown VALIDATION_ALG:type=2, length=0
2026-02-10 15:48:18.825 [cefgetfile] WARNING: Unknown VALIDATION_ALG:type=2, length=0
2026-02-10 15:48:18.827 [cefgetfile] WARNING: Unknown VALIDATION_ALG:type=2, length=0
2026-02-10 15:48:18.828 [cefgetfile] WARNING: Unknown VALIDATION_ALG:type=2, length=0
2026-02-10 15:48:18.829 [cefgetfile] WARNING: Unknown VALIDATION_ALG:type=2, length=0
2026-02-10 15:48:18.830 [cefgetfile] WARNING: Unknown VALIDATION_ALG:type=2, length=0
2026-02-10 15:48:18.830 [cefgetfile] WARNING: Unknown VALIDATION_ALG:type=2, length=0
2026-02-10 15:48:18.832 [cefgetfile] WARNING: Unknown VALIDATION_ALG:type=2, length=0
2026-02-10 15:48:18.833 [cefgetfile] WARNING: Unknown VALIDATION_ALG:type=2, length=0
2026-02-10 15:48:18.834 [cefgetfile] WARNING: Unknown VALIDATION_ALG:type=2, length=0
2026-02-10 15:48:18.835 [cefgetfile] WARNING: Unknown VALIDATION_ALG:type=2, length=0
2026-02-10 15:48:18.835 [cefgetfile] WARNING: Unknown VALIDATION_ALG:type=2, length=0
2026-02-10 15:48:18.837 [cefgetfile] WARNING: Unknown VALIDATION_ALG:type=2, length=0
2026-02-10 15:48:18.839 [cefgetfile] WARNING: Unknown VALIDATION_ALG:type=2, length=0
2026-02-10 15:48:18.839 [cefgetfile] WARNING: Unknown VALIDATION_ALG:type=2, length=0
2026-02-10 15:48:18.840 [cefgetfile] WARNING: Unknown VALIDATION_ALG:type=2, length=0
2026-02-10 15:48:18.842 [cefgetfile] WARNING: Unknown VALIDATION_ALG:type=2, length=0
2026-02-10 15:48:18.843 [cefgetfile] WARNING: Unknown VALIDATION_ALG:type=2, length=0
2026-02-10 15:48:18.844 [cefgetfile] WARNING: Unknown VALIDATION_ALG:type=2, length=0
2026-02-10 15:48:18.846 [cefgetfile] WARNING: Unknown VALIDATION_ALG:type=2, length=0
2026-02-10 15:48:18.847 [cefgetfile] WARNING: Unknown VALIDATION_ALG:type=2, length=0
2026-02-10 15:48:18.847 [cefgetfile] WARNING: Unknown VALIDATION_ALG:type=2, length=0
2026-02-10 15:48:18.850 [cefgetfile] WARNING: Unknown VALIDATION_ALG:type=2, length=0
2026-02-10 15:48:18.850 [cefgetfile] WARNING: Unknown VALIDATION_ALG:type=2, length=0
2026-02-10 15:48:18.851 [cefgetfile] WARNING: Unknown VALIDATION_ALG:type=2, length=0
2026-02-10 15:48:18.852 [cefgetfile] WARNING: Unknown VALIDATION_ALG:type=2, length=0
2026-02-10 15:48:18.854 [cefgetfile] WARNING: Unknown VALIDATION_ALG:type=2, length=0
2026-02-10 15:48:18.855 [cefgetfile] WARNING: Unknown VALIDATION_ALG:type=2, length=0
2026-02-10 15:48:18.856 [cefgetfile] WARNING: Unknown VALIDATION_ALG:type=2, length=0
2026-02-10 15:48:18.857 [cefgetfile] WARNING: Unknown VALIDATION_ALG:type=2, length=0
2026-02-10 15:48:18.857 [cefgetfile] WARNING: Unknown VALIDATION_ALG:type=2, length=0
2026-02-10 15:48:18.858 [cefgetfile] WARNING: Unknown VALIDATION_ALG:type=2, length=0
2026-02-10 15:48:18.860 [cefgetfile] WARNING: Unknown VALIDATION_ALG:type=2, length=0
2026-02-10 15:48:18.860 [cefgetfile] WARNING: Unknown VALIDATION_ALG:type=2, length=0
2026-02-10 15:48:18.862 [cefgetfile] WARNING: Unknown VALIDATION_ALG:type=2, length=0
2026-02-10 15:48:18.863 [cefgetfile] WARNING: Unknown VALIDATION_ALG:type=2, length=0
2026-02-10 15:48:18.864 [cefgetfile] WARNING: Unknown VALIDATION_ALG:type=2, length=0
2026-02-10 15:48:18.865 [cefgetfile] WARNING: Unknown VALIDATION_ALG:type=2, length=0
2026-02-10 15:48:18.866 [cefgetfile] WARNING: Unknown VALIDATION_ALG:type=2, length=0
2026-02-10 15:48:18.867 [cefgetfile] WARNING: Unknown VALIDATION_ALG:type=2, length=0
2026-02-10 15:48:18.868 [cefgetfile] WARNING: Unknown VALIDATION_ALG:type=2, length=0
2026-02-10 15:48:18.868 [cefgetfile] WARNING: Unknown VALIDATION_ALG:type=2, length=0
2026-02-10 15:48:18.869 [cefgetfile] WARNING: Unknown VALIDATION_ALG:type=2, length=0
2026-02-10 15:48:18.871 [cefgetfile] WARNING: Unknown VALIDATION_ALG:type=2, length=0
2026-02-10 15:48:18.872 [cefgetfile] WARNING: Unknown VALIDATION_ALG:type=2, length=0
2026-02-10 15:48:18.873 [cefgetfile] WARNING: Unknown VALIDATION_ALG:type=2, length=0
2026-02-10 15:48:18.874 [cefgetfile] WARNING: Unknown VALIDATION_ALG:type=2, length=0
2026-02-10 15:48:18.875 [cefgetfile] WARNING: Unknown VALIDATION_ALG:type=2, length=0
2026-02-10 15:48:18.877 [cefgetfile] WARNING: Unknown VALIDATION_ALG:type=2, length=0
2026-02-10 15:48:18.878 [cefgetfile] WARNING: Unknown VALIDATION_ALG:type=2, length=0
2026-02-10 15:48:18.879 [cefgetfile] WARNING: Unknown VALIDATION_ALG:type=2, length=0
2026-02-10 15:48:18.880 [cefgetfile] WARNING: Unknown VALIDATION_ALG:type=2, length=0
2026-02-10 15:48:18.881 [cefgetfile] WARNING: Unknown VALIDATION_ALG:type=2, length=0
2026-02-10 15:48:18.882 [cefgetfile] WARNING: Unknown VALIDATION_ALG:type=2, length=0
2026-02-10 15:48:18.883 [cefgetfile] WARNING: Unknown VALIDATION_ALG:type=2, length=0
2026-02-10 15:48:18.883 [cefgetfile] WARNING: Unknown VALIDATION_ALG:type=2, length=0
2026-02-10 15:48:18.885 [cefgetfile] WARNING: Unknown VALIDATION_ALG:type=2, length=0
2026-02-10 15:48:18.886 [cefgetfile] WARNING: Unknown VALIDATION_ALG:type=2, length=0
2026-02-10 15:48:18.887 [cefgetfile] WARNING: Unknown VALIDATION_ALG:type=2, length=0
2026-02-10 15:48:18.888 [cefgetfile] WARNING: Unknown VALIDATION_ALG:type=2, length=0
2026-02-10 15:48:18.889 [cefgetfile] WARNING: Unknown VALIDATION_ALG:type=2, length=0
2026-02-10 15:48:18.890 [cefgetfile] WARNING: Unknown VALIDATION_ALG:type=2, length=0
2026-02-10 15:48:18.890 [cefgetfile] WARNING: Unknown VALIDATION_ALG:type=2, length=0
2026-02-10 15:48:18.892 [cefgetfile] WARNING: Unknown VALIDATION_ALG:type=2, length=0
2026-02-10 15:48:18.892 [cefgetfile] WARNING: Unknown VALIDATION_ALG:type=2, length=0
2026-02-10 15:48:18.893 [cefgetfile] WARNING: Unknown VALIDATION_ALG:type=2, length=0
2026-02-10 15:48:18.893 [cefgetfile] WARNING: Unknown VALIDATION_ALG:type=2, length=0
2026-02-10 15:48:18.898 [cefgetfile] WARNING: Unknown VALIDATION_ALG:type=2, length=0
2026-02-10 15:48:18.899 [cefgetfile] WARNING: Unknown VALIDATION_ALG:type=2, length=0
2026-02-10 15:48:18.900 [cefgetfile] WARNING: Unknown VALIDATION_ALG:type=2, length=0
2026-02-10 15:48:18.901 [cefgetfile] WARNING: Unknown VALIDATION_ALG:type=2, length=0
2026-02-10 15:48:18.903 [cefgetfile] WARNING: Unknown VALIDATION_ALG:type=2, length=0
2026-02-10 15:48:18.904 [cefgetfile] WARNING: Unknown VALIDATION_ALG:type=2, length=0
2026-02-10 15:48:18.905 [cefgetfile] WARNING: Unknown VALIDATION_ALG:type=2, length=0
2026-02-10 15:48:18.906 [cefgetfile] WARNING: Unknown VALIDATION_ALG:type=2, length=0
2026-02-10 15:48:18.907 [cefgetfile] WARNING: Unknown VALIDATION_ALG:type=2, length=0
2026-02-10 15:48:18.908 [cefgetfile] WARNING: Unknown VALIDATION_ALG:type=2, length=0
2026-02-10 15:48:18.909 [cefgetfile] WARNING: Unknown VALIDATION_ALG:type=2, length=0
2026-02-10 15:48:18.910 [cefgetfile] WARNING: Unknown VALIDATION_ALG:type=2, length=0
2026-02-10 15:48:18.911 [cefgetfile] WARNING: Unknown VALIDATION_ALG:type=2, length=0
2026-02-10 15:48:18.912 [cefgetfile] WARNING: Unknown VALIDATION_ALG:type=2, length=0
2026-02-10 15:48:18.913 [cefgetfile] WARNING: Unknown VALIDATION_ALG:type=2, length=0
2026-02-10 15:48:18.914 [cefgetfile] WARNING: Unknown VALIDATION_ALG:type=2, length=0
2026-02-10 15:48:18.915 [cefgetfile] WARNING: Unknown VALIDATION_ALG:type=2, length=0
2026-02-10 15:48:18.915 [cefgetfile] WARNING: Unknown VALIDATION_ALG:type=2, length=0
2026-02-10 15:48:18.916 [cefgetfile] WARNING: Unknown VALIDATION_ALG:type=2, length=0
2026-02-10 15:48:18.916 [cefgetfile] WARNING: Unknown VALIDATION_ALG:type=2, length=0
2026-02-10 15:48:18.918 [cefgetfile] WARNING: Unknown VALIDATION_ALG:type=2, length=0
2026-02-10 15:48:18.919 [cefgetfile] WARNING: Unknown VALIDATION_ALG:type=2, length=0
2026-02-10 15:48:18.920 [cefgetfile] WARNING: Unknown VALIDATION_ALG:type=2, length=0
2026-02-10 15:48:18.921 [cefgetfile] WARNING: Unknown VALIDATION_ALG:type=2, length=0
2026-02-10 15:48:18.922 [cefgetfile] WARNING: Unknown VALIDATION_ALG:type=2, length=0
2026-02-10 15:48:18.923 [cefgetfile] WARNING: Unknown VALIDATION_ALG:type=2, length=0
2026-02-10 15:48:18.925 [cefgetfile] WARNING: Unknown VALIDATION_ALG:type=2, length=0
2026-02-10 15:48:18.926 [cefgetfile] WARNING: Unknown VALIDATION_ALG:type=2, length=0
2026-02-10 15:48:18.926 [cefgetfile] WARNING: Unknown VALIDATION_ALG:type=2, length=0
2026-02-10 15:48:18.927 [cefgetfile] WARNING: Unknown VALIDATION_ALG:type=2, length=0
2026-02-10 15:48:18.928 [cefgetfile] WARNING: Unknown VALIDATION_ALG:type=2, length=0
2026-02-10 15:48:18.930 [cefgetfile] WARNING: Unknown VALIDATION_ALG:type=2, length=0
2026-02-10 15:48:18.931 [cefgetfile] WARNING: Unknown VALIDATION_ALG:type=2, length=0
2026-02-10 15:48:18.932 [cefgetfile] WARNING: Unknown VALIDATION_ALG:type=2, length=0
2026-02-10 15:48:18.934 [cefgetfile] WARNING: Unknown VALIDATION_ALG:type=2, length=0
2026-02-10 15:48:18.936 [cefgetfile] WARNING: Unknown VALIDATION_ALG:type=2, length=0
2026-02-10 15:48:18.936 [cefgetfile] WARNING: Unknown VALIDATION_ALG:type=2, length=0
2026-02-10 15:48:18.939 [cefgetfile] WARNING: Unknown VALIDATION_ALG:type=2, length=0
2026-02-10 15:48:18.940 [cefgetfile] WARNING: Unknown VALIDATION_ALG:type=2, length=0
2026-02-10 15:48:18.941 [cefgetfile] WARNING: Unknown VALIDATION_ALG:type=2, length=0
2026-02-10 15:48:18.942 [cefgetfile] WARNING: Unknown VALIDATION_ALG:type=2, length=0
2026-02-10 15:48:18.942 [cefgetfile] WARNING: Unknown VALIDATION_ALG:type=2, length=0
2026-02-10 15:48:18.943 [cefgetfile] WARNING: Unknown VALIDATION_ALG:type=2, length=0
2026-02-10 15:48:18.944 [cefgetfile] WARNING: Unknown VALIDATION_ALG:type=2, length=0
2026-02-10 15:48:18.945 [cefgetfile] WARNING: Unknown VALIDATION_ALG:type=2, length=0
2026-02-10 15:48:18.946 [cefgetfile] WARNING: Unknown VALIDATION_ALG:type=2, length=0
2026-02-10 15:48:18.947 [cefgetfile] WARNING: Unknown VALIDATION_ALG:type=2, length=0
2026-02-10 15:48:18.948 [cefgetfile] WARNING: Unknown VALIDATION_ALG:type=2, length=0
2026-02-10 15:48:18.949 [cefgetfile] WARNING: Unknown VALIDATION_ALG:type=2, length=0
2026-02-10 15:48:18.950 [cefgetfile] WARNING: Unknown VALIDATION_ALG:type=2, length=0
2026-02-10 15:48:18.951 [cefgetfile] WARNING: Unknown VALIDATION_ALG:type=2, length=0
2026-02-10 15:48:18.953 [cefgetfile] WARNING: Unknown VALIDATION_ALG:type=2, length=0
2026-02-10 15:48:18.955 [cefgetfile] WARNING: Unknown VALIDATION_ALG:type=2, length=0
2026-02-10 15:48:18.956 [cefgetfile] WARNING: Unknown VALIDATION_ALG:type=2, length=0
2026-02-10 15:48:18.958 [cefgetfile] WARNING: Unknown VALIDATION_ALG:type=2, length=0
2026-02-10 15:48:18.959 [cefgetfile] WARNING: Unknown VALIDATION_ALG:type=2, length=0
2026-02-10 15:48:18.961 [cefgetfile] WARNING: Unknown VALIDATION_ALG:type=2, length=0
2026-02-10 15:48:18.962 [cefgetfile] WARNING: Unknown VALIDATION_ALG:type=2, length=0
2026-02-10 15:48:18.963 [cefgetfile] WARNING: Unknown VALIDATION_ALG:type=2, length=0
2026-02-10 15:48:18.964 [cefgetfile] WARNING: Unknown VALIDATION_ALG:type=2, length=0
2026-02-10 15:48:18.964 [cefgetfile] WARNING: Unknown VALIDATION_ALG:type=2, length=0
2026-02-10 15:48:18.966 [cefgetfile] WARNING: Unknown VALIDATION_ALG:type=2, length=0
2026-02-10 15:48:18.968 [cefgetfile] WARNING: Unknown VALIDATION_ALG:type=2, length=0
2026-02-10 15:48:18.969 [cefgetfile] WARNING: Unknown VALIDATION_ALG:type=2, length=0
2026-02-10 15:48:18.970 [cefgetfile] WARNING: Unknown VALIDATION_ALG:type=2, length=0
2026-02-10 15:48:18.971 [cefgetfile] WARNING: Unknown VALIDATION_ALG:type=2, length=0
2026-02-10 15:48:18.972 [cefgetfile] WARNING: Unknown VALIDATION_ALG:type=2, length=0
2026-02-10 15:48:18.973 [cefgetfile] WARNING: Unknown VALIDATION_ALG:type=2, length=0
2026-02-10 15:48:18.974 [cefgetfile] WARNING: Unknown VALIDATION_ALG:type=2, length=0
2026-02-10 15:48:18.975 [cefgetfile] WARNING: Unknown VALIDATION_ALG:type=2, length=0
2026-02-10 15:48:18.976 [cefgetfile] WARNING: Unknown VALIDATION_ALG:type=2, length=0
2026-02-10 15:48:18.977 [cefgetfile] WARNING: Unknown VALIDATION_ALG:type=2, length=0
2026-02-10 15:48:18.978 [cefgetfile] WARNING: Unknown VALIDATION_ALG:type=2, length=0
2026-02-10 15:48:18.979 [cefgetfile] WARNING: Unknown VALIDATION_ALG:type=2, length=0
2026-02-10 15:48:18.980 [cefgetfile] WARNING: Unknown VALIDATION_ALG:type=2, length=0
2026-02-10 15:48:18.981 [cefgetfile] WARNING: Unknown VALIDATION_ALG:type=2, length=0
2026-02-10 15:48:18.982 [cefgetfile] WARNING: Unknown VALIDATION_ALG:type=2, length=0
2026-02-10 15:48:18.983 [cefgetfile] WARNING: Unknown VALIDATION_ALG:type=2, length=0
2026-02-10 15:48:18.985 [cefgetfile] WARNING: Unknown VALIDATION_ALG:type=2, length=0
2026-02-10 15:48:18.986 [cefgetfile] WARNING: Unknown VALIDATION_ALG:type=2, length=0
2026-02-10 15:48:18.987 [cefgetfile] WARNING: Unknown VALIDATION_ALG:type=2, length=0
2026-02-10 15:48:18.988 [cefgetfile] WARNING: Unknown VALIDATION_ALG:type=2, length=0
2026-02-10 15:48:18.989 [cefgetfile] WARNING: Unknown VALIDATION_ALG:type=2, length=0
2026-02-10 15:48:18.990 [cefgetfile] WARNING: Unknown VALIDATION_ALG:type=2, length=0
2026-02-10 15:48:18.991 [cefgetfile] WARNING: Unknown VALIDATION_ALG:type=2, length=0
2026-02-10 15:48:18.992 [cefgetfile] WARNING: Unknown VALIDATION_ALG:type=2, length=0
2026-02-10 15:48:18.993 [cefgetfile] WARNING: Unknown VALIDATION_ALG:type=2, length=0
2026-02-10 15:48:18.993 [cefgetfile] WARNING: Unknown VALIDATION_ALG:type=2, length=0
2026-02-10 15:48:18.994 [cefgetfile] WARNING: Unknown VALIDATION_ALG:type=2, length=0
2026-02-10 15:48:18.996 [cefgetfile] WARNING: Unknown VALIDATION_ALG:type=2, length=0
2026-02-10 15:48:18.997 [cefgetfile] WARNING: Unknown VALIDATION_ALG:type=2, length=0
2026-02-10 15:48:18.997 [cefgetfile] WARNING: Unknown VALIDATION_ALG:type=2, length=0
2026-02-10 15:48:18.999 [cefgetfile] WARNING: Unknown VALIDATION_ALG:type=2, length=0
2026-02-10 15:48:18.000 [cefgetfile] WARNING: Unknown VALIDATION_ALG:type=2, length=0
2026-02-10 15:48:19.001 [cefgetfile] WARNING: Unknown VALIDATION_ALG:type=2, length=0
2026-02-10 15:48:19.001 [cefgetfile] WARNING: Unknown VALIDATION_ALG:type=2, length=0
2026-02-10 15:48:19.003 [cefgetfile] WARNING: Unknown VALIDATION_ALG:type=2, length=0
2026-02-10 15:48:19.005 [cefgetfile] WARNING: Unknown VALIDATION_ALG:type=2, length=0
2026-02-10 15:48:19.006 [cefgetfile] WARNING: Unknown VALIDATION_ALG:type=2, length=0
2026-02-10 15:48:19.007 [cefgetfile] WARNING: Unknown VALIDATION_ALG:type=2, length=0
2026-02-10 15:48:19.009 [cefgetfile] WARNING: Unknown VALIDATION_ALG:type=2, length=0
2026-02-10 15:48:19.010 [cefgetfile] WARNING: Unknown VALIDATION_ALG:type=2, length=0
2026-02-10 15:48:19.011 [cefgetfile] WARNING: Unknown VALIDATION_ALG:type=2, length=0
2026-02-10 15:48:19.012 [cefgetfile] WARNING: Unknown VALIDATION_ALG:type=2, length=0
2026-02-10 15:48:19.013 [cefgetfile] WARNING: Unknown VALIDATION_ALG:type=2, length=0
2026-02-10 15:48:19.015 [cefgetfile] WARNING: Unknown VALIDATION_ALG:type=2, length=0
2026-02-10 15:48:19.016 [cefgetfile] WARNING: Unknown VALIDATION_ALG:type=2, length=0
2026-02-10 15:48:19.017 [cefgetfile] WARNING: Unknown VALIDATION_ALG:type=2, length=0
2026-02-10 15:48:19.017 [cefgetfile] WARNING: Unknown VALIDATION_ALG:type=2, length=0
2026-02-10 15:48:19.018 [cefgetfile] WARNING: Unknown VALIDATION_ALG:type=2, length=0
2026-02-10 15:48:19.019 [cefgetfile] WARNING: Unknown VALIDATION_ALG:type=2, length=0
2026-02-10 15:48:19.020 [cefgetfile] WARNING: Unknown VALIDATION_ALG:type=2, length=0
2026-02-10 15:48:19.021 [cefgetfile] WARNING: Unknown VALIDATION_ALG:type=2, length=0
2026-02-10 15:48:19.022 [cefgetfile] WARNING: Unknown VALIDATION_ALG:type=2, length=0
2026-02-10 15:48:19.023 [cefgetfile] WARNING: Unknown VALIDATION_ALG:type=2, length=0
2026-02-10 15:48:19.025 [cefgetfile] WARNING: Unknown VALIDATION_ALG:type=2, length=0
2026-02-10 15:48:19.025 [cefgetfile] WARNING: Unknown VALIDATION_ALG:type=2, length=0
2026-02-10 15:48:19.027 [cefgetfile] WARNING: Unknown VALIDATION_ALG:type=2, length=0
2026-02-10 15:48:19.027 [cefgetfile] WARNING: Unknown VALIDATION_ALG:type=2, length=0
2026-02-10 15:48:19.029 [cefgetfile] WARNING: Unknown VALIDATION_ALG:type=2, length=0
2026-02-10 15:48:19.030 [cefgetfile] WARNING: Unknown VALIDATION_ALG:type=2, length=0
2026-02-10 15:48:19.031 [cefgetfile] WARNING: Unknown VALIDATION_ALG:type=2, length=0
2026-02-10 15:48:19.031 [cefgetfile] WARNING: Unknown VALIDATION_ALG:type=2, length=0
2026-02-10 15:48:19.033 [cefgetfile] WARNING: Unknown VALIDATION_ALG:type=2, length=0
2026-02-10 15:48:19.034 [cefgetfile] WARNING: Unknown VALIDATION_ALG:type=2, length=0
2026-02-10 15:48:19.035 [cefgetfile] WARNING: Unknown VALIDATION_ALG:type=2, length=0
2026-02-10 15:48:19.035 [cefgetfile] WARNING: Unknown VALIDATION_ALG:type=2, length=0
2026-02-10 15:48:19.036 [cefgetfile] WARNING: Unknown VALIDATION_ALG:type=2, length=0
2026-02-10 15:48:19.037 [cefgetfile] WARNING: Unknown VALIDATION_ALG:type=2, length=0
2026-02-10 15:48:19.039 [cefgetfile] WARNING: Unknown VALIDATION_ALG:type=2, length=0
2026-02-10 15:48:19.039 [cefgetfile] WARNING: Unknown VALIDATION_ALG:type=2, length=0
2026-02-10 15:48:19.040 [cefgetfile] WARNING: Unknown VALIDATION_ALG:type=2, length=0
2026-02-10 15:48:19.041 [cefgetfile] WARNING: Unknown VALIDATION_ALG:type=2, length=0
2026-02-10 15:48:19.043 [cefgetfile] WARNING: Unknown VALIDATION_ALG:type=2, length=0
2026-02-10 15:48:19.044 [cefgetfile] WARNING: Unknown VALIDATION_ALG:type=2, length=0
2026-02-10 15:48:19.045 [cefgetfile] WARNING: Unknown VALIDATION_ALG:type=2, length=0
2026-02-10 15:48:19.046 [cefgetfile] WARNING: Unknown VALIDATION_ALG:type=2, length=0
2026-02-10 15:48:19.048 [cefgetfile] WARNING: Unknown VALIDATION_ALG:type=2, length=0
2026-02-10 15:48:19.049 [cefgetfile] WARNING: Unknown VALIDATION_ALG:type=2, length=0
2026-02-10 15:48:19.050 [cefgetfile] WARNING: Unknown VALIDATION_ALG:type=2, length=0
2026-02-10 15:48:19.050 [cefgetfile] WARNING: Unknown VALIDATION_ALG:type=2, length=0
2026-02-10 15:48:19.052 [cefgetfile] WARNING: Unknown VALIDATION_ALG:type=2, length=0
2026-02-10 15:48:19.052 [cefgetfile] WARNING: Unknown VALIDATION_ALG:type=2, length=0
2026-02-10 15:48:19.053 [cefgetfile] WARNING: Unknown VALIDATION_ALG:type=2, length=0
2026-02-10 15:48:19.054 [cefgetfile] WARNING: Unknown VALIDATION_ALG:type=2, length=0
2026-02-10 15:48:19.055 [cefgetfile] WARNING: Unknown VALIDATION_ALG:type=2, length=0
2026-02-10 15:48:19.057 [cefgetfile] WARNING: Unknown VALIDATION_ALG:type=2, length=0
2026-02-10 15:48:19.057 [cefgetfile] WARNING: Unknown VALIDATION_ALG:type=2, length=0
2026-02-10 15:48:19.059 [cefgetfile] WARNING: Unknown VALIDATION_ALG:type=2, length=0
2026-02-10 15:48:19.060 [cefgetfile] WARNING: Unknown VALIDATION_ALG:type=2, length=0
2026-02-10 15:48:19.062 [cefgetfile] WARNING: Unknown VALIDATION_ALG:type=2, length=0
2026-02-10 15:48:19.063 [cefgetfile] WARNING: Unknown VALIDATION_ALG:type=2, length=0
2026-02-10 15:48:19.064 [cefgetfile] WARNING: Unknown VALIDATION_ALG:type=2, length=0
2026-02-10 15:48:19.066 [cefgetfile] WARNING: Unknown VALIDATION_ALG:type=2, length=0
2026-02-10 15:48:19.067 [cefgetfile] WARNING: Unknown VALIDATION_ALG:type=2, length=0
2026-02-10 15:48:19.067 [cefgetfile] WARNING: Unknown VALIDATION_ALG:type=2, length=0
2026-02-10 15:48:19.068 [cefgetfile] WARNING: Unknown VALIDATION_ALG:type=2, length=0
2026-02-10 15:48:19.069 [cefgetfile] WARNING: Unknown VALIDATION_ALG:type=2, length=0
2026-02-10 15:48:19.071 [cefgetfile] WARNING: Unknown VALIDATION_ALG:type=2, length=0
2026-02-10 15:48:19.072 [cefgetfile] WARNING: Unknown VALIDATION_ALG:type=2, length=0
2026-02-10 15:48:19.073 [cefgetfile] WARNING: Unknown VALIDATION_ALG:type=2, length=0
2026-02-10 15:48:19.074 [cefgetfile] WARNING: Unknown VALIDATION_ALG:type=2, length=0
2026-02-10 15:48:19.074 [cefgetfile] WARNING: Unknown VALIDATION_ALG:type=2, length=0
2026-02-10 15:48:19.076 [cefgetfile] WARNING: Unknown VALIDATION_ALG:type=2, length=0
2026-02-10 15:48:19.077 [cefgetfile] WARNING: Unknown VALIDATION_ALG:type=2, length=0
2026-02-10 15:48:19.078 [cefgetfile] WARNING: Unknown VALIDATION_ALG:type=2, length=0
2026-02-10 15:48:19.079 [cefgetfile] WARNING: Unknown VALIDATION_ALG:type=2, length=0
2026-02-10 15:48:19.080 [cefgetfile] WARNING: Unknown VALIDATION_ALG:type=2, length=0
2026-02-10 15:48:19.081 [cefgetfile] WARNING: Unknown VALIDATION_ALG:type=2, length=0
2026-02-10 15:48:19.082 [cefgetfile] WARNING: Unknown VALIDATION_ALG:type=2, length=0
2026-02-10 15:48:19.083 [cefgetfile] WARNING: Unknown VALIDATION_ALG:type=2, length=0
2026-02-10 15:48:19.084 [cefgetfile] WARNING: Unknown VALIDATION_ALG:type=2, length=0
2026-02-10 15:48:19.085 [cefgetfile] WARNING: Unknown VALIDATION_ALG:type=2, length=0
2026-02-10 15:48:19.086 [cefgetfile] WARNING: Unknown VALIDATION_ALG:type=2, length=0
2026-02-10 15:48:19.087 [cefgetfile] WARNING: Unknown VALIDATION_ALG:type=2, length=0
2026-02-10 15:48:19.088 [cefgetfile] WARNING: Unknown VALIDATION_ALG:type=2, length=0
2026-02-10 15:48:19.089 [cefgetfile] WARNING: Unknown VALIDATION_ALG:type=2, length=0
2026-02-10 15:48:19.090 [cefgetfile] WARNING: Unknown VALIDATION_ALG:type=2, length=0
2026-02-10 15:48:19.092 [cefgetfile] WARNING: Unknown VALIDATION_ALG:type=2, length=0
2026-02-10 15:48:19.092 [cefgetfile] WARNING: Unknown VALIDATION_ALG:type=2, length=0
2026-02-10 15:48:19.093 [cefgetfile] WARNING: Unknown VALIDATION_ALG:type=2, length=0
2026-02-10 15:48:19.094 [cefgetfile] WARNING: Unknown VALIDATION_ALG:type=2, length=0
2026-02-10 15:48:19.095 [cefgetfile] WARNING: Unknown VALIDATION_ALG:type=2, length=0
2026-02-10 15:48:19.097 [cefgetfile] WARNING: Unknown VALIDATION_ALG:type=2, length=0
2026-02-10 15:48:19.098 [cefgetfile] WARNING: Unknown VALIDATION_ALG:type=2, length=0
2026-02-10 15:48:19.099 [cefgetfile] WARNING: Unknown VALIDATION_ALG:type=2, length=0
2026-02-10 15:48:19.099 [cefgetfile] WARNING: Unknown VALIDATION_ALG:type=2, length=0
2026-02-10 15:48:19.100 [cefgetfile] WARNING: Unknown VALIDATION_ALG:type=2, length=0
2026-02-10 15:48:19.101 [cefgetfile] WARNING: Unknown VALIDATION_ALG:type=2, length=0
2026-02-10 15:48:19.103 [cefgetfile] WARNING: Unknown VALIDATION_ALG:type=2, length=0
2026-02-10 15:48:19.104 [cefgetfile] WARNING: Unknown VALIDATION_ALG:type=2, length=0
2026-02-10 15:48:19.105 [cefgetfile] WARNING: Unknown VALIDATION_ALG:type=2, length=0
2026-02-10 15:48:19.105 [cefgetfile] WARNING: Unknown VALIDATION_ALG:type=2, length=0
2026-02-10 15:48:19.107 [cefgetfile] WARNING: Unknown VALIDATION_ALG:type=2, length=0
2026-02-10 15:48:19.108 [cefgetfile] WARNING: Unknown VALIDATION_ALG:type=2, length=0
2026-02-10 15:48:19.109 [cefgetfile] WARNING: Unknown VALIDATION_ALG:type=2, length=0
2026-02-10 15:48:19.109 [cefgetfile] WARNING: Unknown VALIDATION_ALG:type=2, length=0
2026-02-10 15:48:19.111 [cefgetfile] WARNING: Unknown VALIDATION_ALG:type=2, length=0
2026-02-10 15:48:19.112 [cefgetfile] WARNING: Unknown VALIDATION_ALG:type=2, length=0
2026-02-10 15:48:19.114 [cefgetfile] WARNING: Unknown VALIDATION_ALG:type=2, length=0
2026-02-10 15:48:19.114 [cefgetfile] WARNING: Unknown VALIDATION_ALG:type=2, length=0
2026-02-10 15:48:19.115 [cefgetfile] WARNING: Unknown VALIDATION_ALG:type=2, length=0
2026-02-10 15:48:19.116 [cefgetfile] WARNING: Unknown VALIDATION_ALG:type=2, length=0
2026-02-10 15:48:19.117 [cefgetfile] WARNING: Unknown VALIDATION_ALG:type=2, length=0
2026-02-10 15:48:19.118 [cefgetfile] WARNING: Unknown VALIDATION_ALG:type=2, length=0
2026-02-10 15:48:19.119 [cefgetfile] WARNING: Unknown VALIDATION_ALG:type=2, length=0
2026-02-10 15:48:19.120 [cefgetfile] WARNING: Unknown VALIDATION_ALG:type=2, length=0
2026-02-10 15:48:19.122 [cefgetfile] WARNING: Unknown VALIDATION_ALG:type=2, length=0
2026-02-10 15:48:19.123 [cefgetfile] WARNING: Unknown VALIDATION_ALG:type=2, length=0
2026-02-10 15:48:19.125 [cefgetfile] WARNING: Unknown VALIDATION_ALG:type=2, length=0
2026-02-10 15:48:19.126 [cefgetfile] WARNING: Unknown VALIDATION_ALG:type=2, length=0
2026-02-10 15:48:19.128 [cefgetfile] WARNING: Unknown VALIDATION_ALG:type=2, length=0
2026-02-10 15:48:19.129 [cefgetfile] WARNING: Unknown VALIDATION_ALG:type=2, length=0
2026-02-10 15:48:19.130 [cefgetfile] WARNING: Unknown VALIDATION_ALG:type=2, length=0
2026-02-10 15:48:19.131 [cefgetfile] WARNING: Unknown VALIDATION_ALG:type=2, length=0
2026-02-10 15:48:19.132 [cefgetfile] WARNING: Unknown VALIDATION_ALG:type=2, length=0
2026-02-10 15:48:19.133 [cefgetfile] WARNING: Unknown VALIDATION_ALG:type=2, length=0
2026-02-10 15:48:19.134 [cefgetfile] WARNING: Unknown VALIDATION_ALG:type=2, length=0
2026-02-10 15:48:19.135 [cefgetfile] WARNING: Unknown VALIDATION_ALG:type=2, length=0
2026-02-10 15:48:19.136 [cefgetfile] WARNING: Unknown VALIDATION_ALG:type=2, length=0
2026-02-10 15:48:19.137 [cefgetfile] WARNING: Unknown VALIDATION_ALG:type=2, length=0
2026-02-10 15:48:19.139 [cefgetfile] WARNING: Unknown VALIDATION_ALG:type=2, length=0
2026-02-10 15:48:19.140 [cefgetfile] WARNING: Unknown VALIDATION_ALG:type=2, length=0
2026-02-10 15:48:19.140 [cefgetfile] WARNING: Unknown VALIDATION_ALG:type=2, length=0
2026-02-10 15:48:19.141 [cefgetfile] WARNING: Unknown VALIDATION_ALG:type=2, length=0
2026-02-10 15:48:19.142 [cefgetfile] WARNING: Unknown VALIDATION_ALG:type=2, length=0
2026-02-10 15:48:19.143 [cefgetfile] WARNING: Unknown VALIDATION_ALG:type=2, length=0
2026-02-10 15:48:19.144 [cefgetfile] WARNING: Unknown VALIDATION_ALG:type=2, length=0
2026-02-10 15:48:19.146 [cefgetfile] WARNING: Unknown VALIDATION_ALG:type=2, length=0
2026-02-10 15:48:19.146 [cefgetfile] WARNING: Unknown VALIDATION_ALG:type=2, length=0
2026-02-10 15:48:19.148 [cefgetfile] WARNING: Unknown VALIDATION_ALG:type=2, length=0
2026-02-10 15:48:19.148 [cefgetfile] WARNING: Unknown VALIDATION_ALG:type=2, length=0
2026-02-10 15:48:19.150 [cefgetfile] WARNING: Unknown VALIDATION_ALG:type=2, length=0
2026-02-10 15:48:19.151 [cefgetfile] WARNING: Unknown VALIDATION_ALG:type=2, length=0
2026-02-10 15:48:19.153 [cefgetfile] WARNING: Unknown VALIDATION_ALG:type=2, length=0
2026-02-10 15:48:19.153 [cefgetfile] WARNING: Unknown VALIDATION_ALG:type=2, length=0
2026-02-10 15:48:19.154 [cefgetfile] WARNING: Unknown VALIDATION_ALG:type=2, length=0
2026-02-10 15:48:19.155 [cefgetfile] WARNING: Unknown VALIDATION_ALG:type=2, length=0
2026-02-10 15:48:19.157 [cefgetfile] WARNING: Unknown VALIDATION_ALG:type=2, length=0
2026-02-10 15:48:19.157 [cefgetfile] WARNING: Unknown VALIDATION_ALG:type=2, length=0
2026-02-10 15:48:19.158 [cefgetfile] WARNING: Unknown VALIDATION_ALG:type=2, length=0
2026-02-10 15:48:19.160 [cefgetfile] WARNING: Unknown VALIDATION_ALG:type=2, length=0
2026-02-10 15:48:19.161 [cefgetfile] WARNING: Unknown VALIDATION_ALG:type=2, length=0
2026-02-10 15:48:19.162 [cefgetfile] WARNING: Unknown VALIDATION_ALG:type=2, length=0
2026-02-10 15:48:19.163 [cefgetfile] WARNING: Unknown VALIDATION_ALG:type=2, length=0
2026-02-10 15:48:19.164 [cefgetfile] WARNING: Unknown VALIDATION_ALG:type=2, length=0
2026-02-10 15:48:19.164 [cefgetfile] WARNING: Unknown VALIDATION_ALG:type=2, length=0
2026-02-10 15:48:19.165 [cefgetfile] WARNING: Unknown VALIDATION_ALG:type=2, length=0
2026-02-10 15:48:19.166 [cefgetfile] WARNING: Unknown VALIDATION_ALG:type=2, length=0
2026-02-10 15:48:19.168 [cefgetfile] WARNING: Unknown VALIDATION_ALG:type=2, length=0
2026-02-10 15:48:19.169 [cefgetfile] WARNING: Unknown VALIDATION_ALG:type=2, length=0
2026-02-10 15:48:19.169 [cefgetfile] WARNING: Unknown VALIDATION_ALG:type=2, length=0
2026-02-10 15:48:19.171 [cefgetfile] WARNING: Unknown VALIDATION_ALG:type=2, length=0
2026-02-10 15:48:19.172 [cefgetfile] WARNING: Unknown VALIDATION_ALG:type=2, length=0
2026-02-10 15:48:19.173 [cefgetfile] WARNING: Unknown VALIDATION_ALG:type=2, length=0
2026-02-10 15:48:19.173 [cefgetfile] WARNING: Unknown VALIDATION_ALG:type=2, length=0
2026-02-10 15:48:19.175 [cefgetfile] WARNING: Unknown VALIDATION_ALG:type=2, length=0
2026-02-10 15:48:19.176 [cefgetfile] WARNING: Unknown VALIDATION_ALG:type=2, length=0
2026-02-10 15:48:19.177 [cefgetfile] WARNING: Unknown VALIDATION_ALG:type=2, length=0
2026-02-10 15:48:19.178 [cefgetfile] WARNING: Unknown VALIDATION_ALG:type=2, length=0
2026-02-10 15:48:19.179 [cefgetfile] WARNING: Unknown VALIDATION_ALG:type=2, length=0
2026-02-10 15:48:19.180 [cefgetfile] WARNING: Unknown VALIDATION_ALG:type=2, length=0
2026-02-10 15:48:19.181 [cefgetfile] WARNING: Unknown VALIDATION_ALG:type=2, length=0
2026-02-10 15:48:19.182 [cefgetfile] WARNING: Unknown VALIDATION_ALG:type=2, length=0
2026-02-10 15:48:19.183 [cefgetfile] WARNING: Unknown VALIDATION_ALG:type=2, length=0
2026-02-10 15:48:19.184 [cefgetfile] WARNING: Unknown VALIDATION_ALG:type=2, length=0
2026-02-10 15:48:19.185 [cefgetfile] WARNING: Unknown VALIDATION_ALG:type=2, length=0
2026-02-10 15:48:19.186 [cefgetfile] WARNING: Unknown VALIDATION_ALG:type=2, length=0
2026-02-10 15:48:19.187 [cefgetfile] WARNING: Unknown VALIDATION_ALG:type=2, length=0
2026-02-10 15:48:19.188 [cefgetfile] WARNING: Unknown VALIDATION_ALG:type=2, length=0
2026-02-10 15:48:19.189 [cefgetfile] WARNING: Unknown VALIDATION_ALG:type=2, length=0
2026-02-10 15:48:19.190 [cefgetfile] WARNING: Unknown VALIDATION_ALG:type=2, length=0
2026-02-10 15:48:19.191 [cefgetfile] WARNING: Unknown VALIDATION_ALG:type=2, length=0
2026-02-10 15:48:19.192 [cefgetfile] WARNING: Unknown VALIDATION_ALG:type=2, length=0
2026-02-10 15:48:19.193 [cefgetfile] WARNING: Unknown VALIDATION_ALG:type=2, length=0
2026-02-10 15:48:19.194 [cefgetfile] WARNING: Unknown VALIDATION_ALG:type=2, length=0
2026-02-10 15:48:19.196 [cefgetfile] WARNING: Unknown VALIDATION_ALG:type=2, length=0
2026-02-10 15:48:19.196 [cefgetfile] WARNING: Unknown VALIDATION_ALG:type=2, length=0
2026-02-10 15:48:19.197 [cefgetfile] WARNING: Unknown VALIDATION_ALG:type=2, length=0
2026-02-10 15:48:19.199 [cefgetfile] WARNING: Unknown VALIDATION_ALG:type=2, length=0
2026-02-10 15:48:19.201 [cefgetfile] WARNING: Unknown VALIDATION_ALG:type=2, length=0
2026-02-10 15:48:19.201 [cefgetfile] WARNING: Unknown VALIDATION_ALG:type=2, length=0
2026-02-10 15:48:19.203 [cefgetfile] WARNING: Unknown VALIDATION_ALG:type=2, length=0
2026-02-10 15:48:19.204 [cefgetfile] WARNING: Unknown VALIDATION_ALG:type=2, length=0
2026-02-10 15:48:19.205 [cefgetfile] WARNING: Unknown VALIDATION_ALG:type=2, length=0
2026-02-10 15:48:19.205 [cefgetfile] WARNING: Unknown VALIDATION_ALG:type=2, length=0
2026-02-10 15:48:19.207 [cefgetfile] WARNING: Unknown VALIDATION_ALG:type=2, length=0
2026-02-10 15:48:19.208 [cefgetfile] WARNING: Unknown VALIDATION_ALG:type=2, length=0
2026-02-10 15:48:19.209 [cefgetfile] WARNING: Unknown VALIDATION_ALG:type=2, length=0
2026-02-10 15:48:19.210 [cefgetfile] WARNING: Unknown VALIDATION_ALG:type=2, length=0
2026-02-10 15:48:19.210 [cefgetfile] WARNING: Unknown VALIDATION_ALG:type=2, length=0
2026-02-10 15:48:19.212 [cefgetfile] WARNING: Unknown VALIDATION_ALG:type=2, length=0
2026-02-10 15:48:19.213 [cefgetfile] WARNING: Unknown VALIDATION_ALG:type=2, length=0
2026-02-10 15:48:19.214 [cefgetfile] WARNING: Unknown VALIDATION_ALG:type=2, length=0
2026-02-10 15:48:19.215 [cefgetfile] WARNING: Unknown VALIDATION_ALG:type=2, length=0
2026-02-10 15:48:19.216 [cefgetfile] WARNING: Unknown VALIDATION_ALG:type=2, length=0
2026-02-10 15:48:19.218 [cefgetfile] WARNING: Unknown VALIDATION_ALG:type=2, length=0
2026-02-10 15:48:19.219 [cefgetfile] WARNING: Unknown VALIDATION_ALG:type=2, length=0
2026-02-10 15:48:19.220 [cefgetfile] WARNING: Unknown VALIDATION_ALG:type=2, length=0
2026-02-10 15:48:19.221 [cefgetfile] WARNING: Unknown VALIDATION_ALG:type=2, length=0
2026-02-10 15:48:19.222 [cefgetfile] WARNING: Unknown VALIDATION_ALG:type=2, length=0
2026-02-10 15:48:19.223 [cefgetfile] WARNING: Unknown VALIDATION_ALG:type=2, length=0
2026-02-10 15:48:19.224 [cefgetfile] WARNING: Unknown VALIDATION_ALG:type=2, length=0
2026-02-10 15:48:19.225 [cefgetfile] WARNING: Unknown VALIDATION_ALG:type=2, length=0
2026-02-10 15:48:19.226 [cefgetfile] WARNING: Unknown VALIDATION_ALG:type=2, length=0
2026-02-10 15:48:19.228 [cefgetfile] WARNING: Unknown VALIDATION_ALG:type=2, length=0
2026-02-10 15:48:19.229 [cefgetfile] WARNING: Unknown VALIDATION_ALG:type=2, length=0
2026-02-10 15:48:19.230 [cefgetfile] WARNING: Unknown VALIDATION_ALG:type=2, length=0
2026-02-10 15:48:19.231 [cefgetfile] WARNING: Unknown VALIDATION_ALG:type=2, length=0
2026-02-10 15:48:19.233 [cefgetfile] WARNING: Unknown VALIDATION_ALG:type=2, length=0
2026-02-10 15:48:19.234 [cefgetfile] WARNING: Unknown VALIDATION_ALG:type=2, length=0
2026-02-10 15:48:19.235 [cefgetfile] WARNING: Unknown VALIDATION_ALG:type=2, length=0
2026-02-10 15:48:19.236 [cefgetfile] WARNING: Unknown VALIDATION_ALG:type=2, length=0
2026-02-10 15:48:19.237 [cefgetfile] WARNING: Unknown VALIDATION_ALG:type=2, length=0
2026-02-10 15:48:19.238 [cefgetfile] WARNING: Unknown VALIDATION_ALG:type=2, length=0
2026-02-10 15:48:19.240 [cefgetfile] WARNING: Unknown VALIDATION_ALG:type=2, length=0
2026-02-10 15:48:19.241 [cefgetfile] WARNING: Unknown VALIDATION_ALG:type=2, length=0
2026-02-10 15:48:19.242 [cefgetfile] WARNING: Unknown VALIDATION_ALG:type=2, length=0
2026-02-10 15:48:19.243 [cefgetfile] WARNING: Unknown VALIDATION_ALG:type=2, length=0
2026-02-10 15:48:19.243 [cefgetfile] WARNING: Unknown VALIDATION_ALG:type=2, length=0
2026-02-10 15:48:19.244 [cefgetfile] WARNING: Unknown VALIDATION_ALG:type=2, length=0
2026-02-10 15:48:19.246 [cefgetfile] WARNING: Unknown VALIDATION_ALG:type=2, length=0
2026-02-10 15:48:19.247 [cefgetfile] WARNING: Unknown VALIDATION_ALG:type=2, length=0
2026-02-10 15:48:19.249 [cefgetfile] WARNING: Unknown VALIDATION_ALG:type=2, length=0
2026-02-10 15:48:19.251 [cefgetfile] WARNING: Unknown VALIDATION_ALG:type=2, length=0
2026-02-10 15:48:19.252 [cefgetfile] WARNING: Unknown VALIDATION_ALG:type=2, length=0
2026-02-10 15:48:19.253 [cefgetfile] WARNING: Unknown VALIDATION_ALG:type=2, length=0
2026-02-10 15:48:19.256 [cefgetfile] WARNING: Unknown VALIDATION_ALG:type=2, length=0
2026-02-10 15:48:19.258 [cefgetfile] WARNING: Unknown VALIDATION_ALG:type=2, length=0
2026-02-10 15:48:19.260 [cefgetfile] WARNING: Unknown VALIDATION_ALG:type=2, length=0
2026-02-10 15:48:19.261 [cefgetfile] WARNING: Unknown VALIDATION_ALG:type=2, length=0
2026-02-10 15:48:19.264 [cefgetfile] WARNING: Unknown VALIDATION_ALG:type=2, length=0
2026-02-10 15:48:19.265 [cefgetfile] WARNING: Unknown VALIDATION_ALG:type=2, length=0
2026-02-10 15:48:19.265 [cefgetfile] WARNING: Unknown VALIDATION_ALG:type=2, length=0
2026-02-10 15:48:19.266 [cefgetfile] WARNING: Unknown VALIDATION_ALG:type=2, length=0
2026-02-10 15:48:19.266 [cefgetfile] WARNING: Unknown VALIDATION_ALG:type=2, length=0
2026-02-10 15:48:19.268 [cefgetfile] WARNING: Unknown VALIDATION_ALG:type=2, length=0
2026-02-10 15:48:19.268 [cefgetfile] WARNING: Unknown VALIDATION_ALG:type=2, length=0
2026-02-10 15:48:19.269 [cefgetfile] WARNING: Unknown VALIDATION_ALG:type=2, length=0
2026-02-10 15:48:19.271 [cefgetfile] WARNING: Unknown VALIDATION_ALG:type=2, length=0
2026-02-10 15:48:19.271 [cefgetfile] WARNING: Unknown VALIDATION_ALG:type=2, length=0
2026-02-10 15:48:19.273 [cefgetfile] WARNING: Unknown VALIDATION_ALG:type=2, length=0
2026-02-10 15:48:19.274 [cefgetfile] WARNING: Unknown VALIDATION_ALG:type=2, length=0
2026-02-10 15:48:19.274 [cefgetfile] WARNING: Unknown VALIDATION_ALG:type=2, length=0
2026-02-10 15:48:19.276 [cefgetfile] WARNING: Unknown VALIDATION_ALG:type=2, length=0
2026-02-10 15:48:19.277 [cefgetfile] WARNING: Unknown VALIDATION_ALG:type=2, length=0
2026-02-10 15:48:19.279 [cefgetfile] WARNING: Unknown VALIDATION_ALG:type=2, length=0
2026-02-10 15:48:19.279 [cefgetfile] WARNING: Unknown VALIDATION_ALG:type=2, length=0
2026-02-10 15:48:19.280 [cefgetfile] WARNING: Unknown VALIDATION_ALG:type=2, length=0
2026-02-10 15:48:19.282 [cefgetfile] WARNING: Unknown VALIDATION_ALG:type=2, length=0
2026-02-10 15:48:19.282 [cefgetfile] WARNING: Unknown VALIDATION_ALG:type=2, length=0
2026-02-10 15:48:19.283 [cefgetfile] WARNING: Unknown VALIDATION_ALG:type=2, length=0
2026-02-10 15:48:19.285 [cefgetfile] WARNING: Unknown VALIDATION_ALG:type=2, length=0
2026-02-10 15:48:19.285 [cefgetfile] WARNING: Unknown VALIDATION_ALG:type=2, length=0
2026-02-10 15:48:19.287 [cefgetfile] WARNING: Unknown VALIDATION_ALG:type=2, length=0
2026-02-10 15:48:19.288 [cefgetfile] WARNING: Unknown VALIDATION_ALG:type=2, length=0
2026-02-10 15:48:19.289 [cefgetfile] WARNING: Unknown VALIDATION_ALG:type=2, length=0
2026-02-10 15:48:19.290 [cefgetfile] WARNING: Unknown VALIDATION_ALG:type=2, length=0
2026-02-10 15:48:19.290 [cefgetfile] WARNING: Unknown VALIDATION_ALG:type=2, length=0
2026-02-10 15:48:19.292 [cefgetfile] WARNING: Unknown VALIDATION_ALG:type=2, length=0
2026-02-10 15:48:19.292 [cefgetfile] WARNING: Unknown VALIDATION_ALG:type=2, length=0
2026-02-10 15:48:19.294 [cefgetfile] WARNING: Unknown VALIDATION_ALG:type=2, length=0
2026-02-10 15:48:19.295 [cefgetfile] WARNING: Unknown VALIDATION_ALG:type=2, length=0
2026-02-10 15:48:19.297 [cefgetfile] WARNING: Unknown VALIDATION_ALG:type=2, length=0
2026-02-10 15:48:19.297 [cefgetfile] WARNING: Unknown VALIDATION_ALG:type=2, length=0
2026-02-10 15:48:19.298 [cefgetfile] WARNING: Unknown VALIDATION_ALG:type=2, length=0
2026-02-10 15:48:19.299 [cefgetfile] WARNING: Unknown VALIDATION_ALG:type=2, length=0
2026-02-10 15:48:19.300 [cefgetfile] WARNING: Unknown VALIDATION_ALG:type=2, length=0
2026-02-10 15:48:19.302 [cefgetfile] WARNING: Unknown VALIDATION_ALG:type=2, length=0
2026-02-10 15:48:19.303 [cefgetfile] WARNING: Unknown VALIDATION_ALG:type=2, length=0
2026-02-10 15:48:19.303 [cefgetfile] WARNING: Unknown VALIDATION_ALG:type=2, length=0
2026-02-10 15:48:19.304 [cefgetfile] WARNING: Unknown VALIDATION_ALG:type=2, length=0
2026-02-10 15:48:19.305 [cefgetfile] WARNING: Unknown VALIDATION_ALG:type=2, length=0
2026-02-10 15:48:19.306 [cefgetfile] WARNING: Unknown VALIDATION_ALG:type=2, length=0
2026-02-10 15:48:19.308 [cefgetfile] WARNING: Unknown VALIDATION_ALG:type=2, length=0
2026-02-10 15:48:19.309 [cefgetfile] WARNING: Unknown VALIDATION_ALG:type=2, length=0
2026-02-10 15:48:19.310 [cefgetfile] WARNING: Unknown VALIDATION_ALG:type=2, length=0
2026-02-10 15:48:19.311 [cefgetfile] WARNING: Unknown VALIDATION_ALG:type=2, length=0
2026-02-10 15:48:19.313 [cefgetfile] WARNING: Unknown VALIDATION_ALG:type=2, length=0
2026-02-10 15:48:19.313 [cefgetfile] WARNING: Unknown VALIDATION_ALG:type=2, length=0
2026-02-10 15:48:19.315 [cefgetfile] WARNING: Unknown VALIDATION_ALG:type=2, length=0
2026-02-10 15:48:19.316 [cefgetfile] WARNING: Unknown VALIDATION_ALG:type=2, length=0
2026-02-10 15:48:19.318 [cefgetfile] WARNING: Unknown VALIDATION_ALG:type=2, length=0
2026-02-10 15:48:19.319 [cefgetfile] WARNING: Unknown VALIDATION_ALG:type=2, length=0
2026-02-10 15:48:19.320 [cefgetfile] WARNING: Unknown VALIDATION_ALG:type=2, length=0
2026-02-10 15:48:19.323 [cefgetfile] WARNING: Unknown VALIDATION_ALG:type=2, length=0
2026-02-10 15:48:19.325 [cefgetfile] WARNING: Unknown VALIDATION_ALG:type=2, length=0
2026-02-10 15:48:19.325 [cefgetfile] WARNING: Unknown VALIDATION_ALG:type=2, length=0
2026-02-10 15:48:19.325 [cefgetfile] WARNING: Unknown VALIDATION_ALG:type=2, length=0
2026-02-10 15:48:19.328 [cefgetfile] WARNING: Unknown VALIDATION_ALG:type=2, length=0
2026-02-10 15:48:19.329 [cefgetfile] WARNING: Unknown VALIDATION_ALG:type=2, length=0
2026-02-10 15:48:19.330 [cefgetfile] WARNING: Unknown VALIDATION_ALG:type=2, length=0
2026-02-10 15:48:19.331 [cefgetfile] WARNING: Unknown VALIDATION_ALG:type=2, length=0
2026-02-10 15:48:19.332 [cefgetfile] WARNING: Unknown VALIDATION_ALG:type=2, length=0
2026-02-10 15:48:19.333 [cefgetfile] WARNING: Unknown VALIDATION_ALG:type=2, length=0
2026-02-10 15:48:19.334 [cefgetfile] WARNING: Unknown VALIDATION_ALG:type=2, length=0
2026-02-10 15:48:19.335 [cefgetfile] WARNING: Unknown VALIDATION_ALG:type=2, length=0
2026-02-10 15:48:19.336 [cefgetfile] WARNING: Unknown VALIDATION_ALG:type=2, length=0
2026-02-10 15:48:19.336 [cefgetfile] WARNING: Unknown VALIDATION_ALG:type=2, length=0
2026-02-10 15:48:19.337 [cefgetfile] WARNING: Unknown VALIDATION_ALG:type=2, length=0
2026-02-10 15:48:19.338 [cefgetfile] WARNING: Unknown VALIDATION_ALG:type=2, length=0
2026-02-10 15:48:19.340 [cefgetfile] WARNING: Unknown VALIDATION_ALG:type=2, length=0
2026-02-10 15:48:19.341 [cefgetfile] WARNING: Unknown VALIDATION_ALG:type=2, length=0
2026-02-10 15:48:19.342 [cefgetfile] WARNING: Unknown VALIDATION_ALG:type=2, length=0
2026-02-10 15:48:19.342 [cefgetfile] WARNING: Unknown VALIDATION_ALG:type=2, length=0
2026-02-10 15:48:19.345 [cefgetfile] WARNING: Unknown VALIDATION_ALG:type=2, length=0
2026-02-10 15:48:19.346 [cefgetfile] WARNING: Unknown VALIDATION_ALG:type=2, length=0
2026-02-10 15:48:19.347 [cefgetfile] WARNING: Unknown VALIDATION_ALG:type=2, length=0
2026-02-10 15:48:19.348 [cefgetfile] WARNING: Unknown VALIDATION_ALG:type=2, length=0
2026-02-10 15:48:19.350 [cefgetfile] WARNING: Unknown VALIDATION_ALG:type=2, length=0
2026-02-10 15:48:19.351 [cefgetfile] WARNING: Unknown VALIDATION_ALG:type=2, length=0
2026-02-10 15:48:19.351 [cefgetfile] WARNING: Unknown VALIDATION_ALG:type=2, length=0
2026-02-10 15:48:19.352 [cefgetfile] WARNING: Unknown VALIDATION_ALG:type=2, length=0
2026-02-10 15:48:19.354 [cefgetfile] WARNING: Unknown VALIDATION_ALG:type=2, length=0
2026-02-10 15:48:19.356 [cefgetfile] WARNING: Unknown VALIDATION_ALG:type=2, length=0
2026-02-10 15:48:19.356 [cefgetfile] WARNING: Unknown VALIDATION_ALG:type=2, length=0
2026-02-10 15:48:19.356 [cefgetfile] WARNING: Unknown VALIDATION_ALG:type=2, length=0
2026-02-10 15:48:19.358 [cefgetfile] WARNING: Unknown VALIDATION_ALG:type=2, length=0
2026-02-10 15:48:19.360 [cefgetfile] WARNING: Unknown VALIDATION_ALG:type=2, length=0
2026-02-10 15:48:19.360 [cefgetfile] WARNING: Unknown VALIDATION_ALG:type=2, length=0
2026-02-10 15:48:19.360 [cefgetfile] WARNING: Unknown VALIDATION_ALG:type=2, length=0
2026-02-10 15:48:19.362 [cefgetfile] WARNING: Unknown VALIDATION_ALG:type=2, length=0
2026-02-10 15:48:19.364 [cefgetfile] WARNING: Unknown VALIDATION_ALG:type=2, length=0
2026-02-10 15:48:19.365 [cefgetfile] WARNING: Unknown VALIDATION_ALG:type=2, length=0
2026-02-10 15:48:19.366 [cefgetfile] WARNING: Unknown VALIDATION_ALG:type=2, length=0
2026-02-10 15:48:19.367 [cefgetfile] WARNING: Unknown VALIDATION_ALG:type=2, length=0
2026-02-10 15:48:19.368 [cefgetfile] WARNING: Unknown VALIDATION_ALG:type=2, length=0
2026-02-10 15:48:19.370 [cefgetfile] WARNING: Unknown VALIDATION_ALG:type=2, length=0
2026-02-10 15:48:19.371 [cefgetfile] WARNING: Unknown VALIDATION_ALG:type=2, length=0
2026-02-10 15:48:19.372 [cefgetfile] WARNING: Unknown VALIDATION_ALG:type=2, length=0
2026-02-10 15:48:19.373 [cefgetfile] WARNING: Unknown VALIDATION_ALG:type=2, length=0
2026-02-10 15:48:19.374 [cefgetfile] WARNING: Unknown VALIDATION_ALG:type=2, length=0
2026-02-10 15:48:19.375 [cefgetfile] WARNING: Unknown VALIDATION_ALG:type=2, length=0
2026-02-10 15:48:19.377 [cefgetfile] WARNING: Unknown VALIDATION_ALG:type=2, length=0
2026-02-10 15:48:19.378 [cefgetfile] WARNING: Unknown VALIDATION_ALG:type=2, length=0
2026-02-10 15:48:19.378 [cefgetfile] WARNING: Unknown VALIDATION_ALG:type=2, length=0
2026-02-10 15:48:19.380 [cefgetfile] WARNING: Unknown VALIDATION_ALG:type=2, length=0
2026-02-10 15:48:19.381 [cefgetfile] WARNING: Unknown VALIDATION_ALG:type=2, length=0
2026-02-10 15:48:19.381 [cefgetfile] WARNING: Unknown VALIDATION_ALG:type=2, length=0
2026-02-10 15:48:19.382 [cefgetfile] WARNING: Unknown VALIDATION_ALG:type=2, length=0
2026-02-10 15:48:19.385 [cefgetfile] WARNING: Unknown VALIDATION_ALG:type=2, length=0
2026-02-10 15:48:19.386 [cefgetfile] WARNING: Unknown VALIDATION_ALG:type=2, length=0
2026-02-10 15:48:19.386 [cefgetfile] WARNING: Unknown VALIDATION_ALG:type=2, length=0
2026-02-10 15:48:19.387 [cefgetfile] WARNING: Unknown VALIDATION_ALG:type=2, length=0
2026-02-10 15:48:19.389 [cefgetfile] WARNING: Unknown VALIDATION_ALG:type=2, length=0
2026-02-10 15:48:19.390 [cefgetfile] WARNING: Unknown VALIDATION_ALG:type=2, length=0
2026-02-10 15:48:19.390 [cefgetfile] WARNING: Unknown VALIDATION_ALG:type=2, length=0
2026-02-10 15:48:19.392 [cefgetfile] WARNING: Unknown VALIDATION_ALG:type=2, length=0
2026-02-10 15:48:19.393 [cefgetfile] WARNING: Unknown VALIDATION_ALG:type=2, length=0
2026-02-10 15:48:19.394 [cefgetfile] WARNING: Unknown VALIDATION_ALG:type=2, length=0
2026-02-10 15:48:19.394 [cefgetfile] WARNING: Unknown VALIDATION_ALG:type=2, length=0
2026-02-10 15:48:19.396 [cefgetfile] WARNING: Unknown VALIDATION_ALG:type=2, length=0
2026-02-10 15:48:19.397 [cefgetfile] WARNING: Unknown VALIDATION_ALG:type=2, length=0
2026-02-10 15:48:19.398 [cefgetfile] WARNING: Unknown VALIDATION_ALG:type=2, length=0
2026-02-10 15:48:19.398 [cefgetfile] WARNING: Unknown VALIDATION_ALG:type=2, length=0
2026-02-10 15:48:19.400 [cefgetfile] WARNING: Unknown VALIDATION_ALG:type=2, length=0
2026-02-10 15:48:19.401 [cefgetfile] WARNING: Unknown VALIDATION_ALG:type=2, length=0
2026-02-10 15:48:19.402 [cefgetfile] WARNING: Unknown VALIDATION_ALG:type=2, length=0
2026-02-10 15:48:19.403 [cefgetfile] WARNING: Unknown VALIDATION_ALG:type=2, length=0
2026-02-10 15:48:19.404 [cefgetfile] WARNING: Unknown VALIDATION_ALG:type=2, length=0
2026-02-10 15:48:19.406 [cefgetfile] WARNING: Unknown VALIDATION_ALG:type=2, length=0
2026-02-10 15:48:19.407 [cefgetfile] WARNING: Unknown VALIDATION_ALG:type=2, length=0
2026-02-10 15:48:19.408 [cefgetfile] WARNING: Unknown VALIDATION_ALG:type=2, length=0
2026-02-10 15:48:19.409 [cefgetfile] WARNING: Unknown VALIDATION_ALG:type=2, length=0
2026-02-10 15:48:19.411 [cefgetfile] WARNING: Unknown VALIDATION_ALG:type=2, length=0
2026-02-10 15:48:19.412 [cefgetfile] WARNING: Unknown VALIDATION_ALG:type=2, length=0
2026-02-10 15:48:19.413 [cefgetfile] WARNING: Unknown VALIDATION_ALG:type=2, length=0
2026-02-10 15:48:19.413 [cefgetfile] WARNING: Unknown VALIDATION_ALG:type=2, length=0
2026-02-10 15:48:19.415 [cefgetfile] WARNING: Unknown VALIDATION_ALG:type=2, length=0
2026-02-10 15:48:19.416 [cefgetfile] WARNING: Unknown VALIDATION_ALG:type=2, length=0
2026-02-10 15:48:19.417 [cefgetfile] WARNING: Unknown VALIDATION_ALG:type=2, length=0
2026-02-10 15:48:19.418 [cefgetfile] WARNING: Unknown VALIDATION_ALG:type=2, length=0
2026-02-10 15:48:19.420 [cefgetfile] WARNING: Unknown VALIDATION_ALG:type=2, length=0
2026-02-10 15:48:19.420 [cefgetfile] WARNING: Unknown VALIDATION_ALG:type=2, length=0
2026-02-10 15:48:19.421 [cefgetfile] WARNING: Unknown VALIDATION_ALG:type=2, length=0
2026-02-10 15:48:19.422 [cefgetfile] WARNING: Unknown VALIDATION_ALG:type=2, length=0
2026-02-10 15:48:19.423 [cefgetfile] WARNING: Unknown VALIDATION_ALG:type=2, length=0
2026-02-10 15:48:19.423 [cefgetfile] WARNING: Unknown VALIDATION_ALG:type=2, length=0
2026-02-10 15:48:19.424 [cefgetfile] WARNING: Unknown VALIDATION_ALG:type=2, length=0
2026-02-10 15:48:19.425 [cefgetfile] WARNING: Unknown VALIDATION_ALG:type=2, length=0
2026-02-10 15:48:19.426 [cefgetfile] WARNING: Unknown VALIDATION_ALG:type=2, length=0
2026-02-10 15:48:19.428 [cefgetfile] WARNING: Unknown VALIDATION_ALG:type=2, length=0
2026-02-10 15:48:19.428 [cefgetfile] WARNING: Unknown VALIDATION_ALG:type=2, length=0
2026-02-10 15:48:19.430 [cefgetfile] WARNING: Unknown VALIDATION_ALG:type=2, length=0
2026-02-10 15:48:19.431 [cefgetfile] WARNING: Unknown VALIDATION_ALG:type=2, length=0
2026-02-10 15:48:19.432 [cefgetfile] WARNING: Unknown VALIDATION_ALG:type=2, length=0
2026-02-10 15:48:19.433 [cefgetfile] WARNING: Unknown VALIDATION_ALG:type=2, length=0
2026-02-10 15:48:19.434 [cefgetfile] WARNING: Unknown VALIDATION_ALG:type=2, length=0
2026-02-10 15:48:19.435 [cefgetfile] WARNING: Unknown VALIDATION_ALG:type=2, length=0
2026-02-10 15:48:19.437 [cefgetfile] WARNING: Unknown VALIDATION_ALG:type=2, length=0
2026-02-10 15:48:19.438 [cefgetfile] WARNING: Unknown VALIDATION_ALG:type=2, length=0
2026-02-10 15:48:19.439 [cefgetfile] WARNING: Unknown VALIDATION_ALG:type=2, length=0
2026-02-10 15:48:19.440 [cefgetfile] WARNING: Unknown VALIDATION_ALG:type=2, length=0
2026-02-10 15:48:19.441 [cefgetfile] WARNING: Unknown VALIDATION_ALG:type=2, length=0
2026-02-10 15:48:19.443 [cefgetfile] WARNING: Unknown VALIDATION_ALG:type=2, length=0
2026-02-10 15:48:19.443 [cefgetfile] WARNING: Unknown VALIDATION_ALG:type=2, length=0
2026-02-10 15:48:19.444 [cefgetfile] WARNING: Unknown VALIDATION_ALG:type=2, length=0
2026-02-10 15:48:19.446 [cefgetfile] WARNING: Unknown VALIDATION_ALG:type=2, length=0
2026-02-10 15:48:19.447 [cefgetfile] WARNING: Unknown VALIDATION_ALG:type=2, length=0
2026-02-10 15:48:19.448 [cefgetfile] WARNING: Unknown VALIDATION_ALG:type=2, length=0
2026-02-10 15:48:19.448 [cefgetfile] WARNING: Unknown VALIDATION_ALG:type=2, length=0
2026-02-10 15:48:19.450 [cefgetfile] WARNING: Unknown VALIDATION_ALG:type=2, length=0
2026-02-10 15:48:19.451 [cefgetfile] WARNING: Unknown VALIDATION_ALG:type=2, length=0
2026-02-10 15:48:19.452 [cefgetfile] WARNING: Unknown VALIDATION_ALG:type=2, length=0
2026-02-10 15:48:19.452 [cefgetfile] WARNING: Unknown VALIDATION_ALG:type=2, length=0
2026-02-10 15:48:19.454 [cefgetfile] WARNING: Unknown VALIDATION_ALG:type=2, length=0
2026-02-10 15:48:19.455 [cefgetfile] WARNING: Unknown VALIDATION_ALG:type=2, length=0
2026-02-10 15:48:19.456 [cefgetfile] WARNING: Unknown VALIDATION_ALG:type=2, length=0
2026-02-10 15:48:19.457 [cefgetfile] WARNING: Unknown VALIDATION_ALG:type=2, length=0
2026-02-10 15:48:19.459 [cefgetfile] WARNING: Unknown VALIDATION_ALG:type=2, length=0
2026-02-10 15:48:19.459 [cefgetfile] WARNING: Unknown VALIDATION_ALG:type=2, length=0
2026-02-10 15:48:19.462 [cefgetfile] WARNING: Unknown VALIDATION_ALG:type=2, length=0
2026-02-10 15:48:19.462 [cefgetfile] WARNING: Unknown VALIDATION_ALG:type=2, length=0
2026-02-10 15:48:19.464 [cefgetfile] WARNING: Unknown VALIDATION_ALG:type=2, length=0
2026-02-10 15:48:19.464 [cefgetfile] WARNING: Unknown VALIDATION_ALG:type=2, length=0
2026-02-10 15:48:19.466 [cefgetfile] WARNING: Unknown VALIDATION_ALG:type=2, length=0
2026-02-10 15:48:19.468 [cefgetfile] WARNING: Unknown VALIDATION_ALG:type=2, length=0
2026-02-10 15:48:19.469 [cefgetfile] WARNING: Unknown VALIDATION_ALG:type=2, length=0
2026-02-10 15:48:19.469 [cefgetfile] WARNING: Unknown VALIDATION_ALG:type=2, length=0
2026-02-10 15:48:19.471 [cefgetfile] WARNING: Unknown VALIDATION_ALG:type=2, length=0
2026-02-10 15:48:19.472 [cefgetfile] WARNING: Unknown VALIDATION_ALG:type=2, length=0
2026-02-10 15:48:19.473 [cefgetfile] WARNING: Unknown VALIDATION_ALG:type=2, length=0
2026-02-10 15:48:19.473 [cefgetfile] WARNING: Unknown VALIDATION_ALG:type=2, length=0
2026-02-10 15:48:19.475 [cefgetfile] WARNING: Unknown VALIDATION_ALG:type=2, length=0
2026-02-10 15:48:19.476 [cefgetfile] WARNING: Unknown VALIDATION_ALG:type=2, length=0
2026-02-10 15:48:19.478 [cefgetfile] WARNING: Unknown VALIDATION_ALG:type=2, length=0
2026-02-10 15:48:19.478 [cefgetfile] WARNING: Unknown VALIDATION_ALG:type=2, length=0
2026-02-10 15:48:19.480 [cefgetfile] WARNING: Unknown VALIDATION_ALG:type=2, length=0
2026-02-10 15:48:19.481 [cefgetfile] WARNING: Unknown VALIDATION_ALG:type=2, length=0
2026-02-10 15:48:19.482 [cefgetfile] WARNING: Unknown VALIDATION_ALG:type=2, length=0
2026-02-10 15:48:19.482 [cefgetfile] WARNING: Unknown VALIDATION_ALG:type=2, length=0
2026-02-10 15:48:19.483 [cefgetfile] WARNING: Unknown VALIDATION_ALG:type=2, length=0
2026-02-10 15:48:19.485 [cefgetfile] WARNING: Unknown VALIDATION_ALG:type=2, length=0
2026-02-10 15:48:19.486 [cefgetfile] WARNING: Unknown VALIDATION_ALG:type=2, length=0
2026-02-10 15:48:19.487 [cefgetfile] WARNING: Unknown VALIDATION_ALG:type=2, length=0
2026-02-10 15:48:19.488 [cefgetfile] WARNING: Unknown VALIDATION_ALG:type=2, length=0
2026-02-10 15:48:19.489 [cefgetfile] WARNING: Unknown VALIDATION_ALG:type=2, length=0
2026-02-10 15:48:19.490 [cefgetfile] WARNING: Unknown VALIDATION_ALG:type=2, length=0
2026-02-10 15:48:19.491 [cefgetfile] WARNING: Unknown VALIDATION_ALG:type=2, length=0
2026-02-10 15:48:19.492 [cefgetfile] WARNING: Unknown VALIDATION_ALG:type=2, length=0
2026-02-10 15:48:19.493 [cefgetfile] WARNING: Unknown VALIDATION_ALG:type=2, length=0
2026-02-10 15:48:19.493 [cefgetfile] WARNING: Unknown VALIDATION_ALG:type=2, length=0
2026-02-10 15:48:19.494 [cefgetfile] WARNING: Unknown VALIDATION_ALG:type=2, length=0
2026-02-10 15:48:19.496 [cefgetfile] WARNING: Unknown VALIDATION_ALG:type=2, length=0
2026-02-10 15:48:19.496 [cefgetfile] WARNING: Unknown VALIDATION_ALG:type=2, length=0
2026-02-10 15:48:19.497 [cefgetfile] WARNING: Unknown VALIDATION_ALG:type=2, length=0
2026-02-10 15:48:19.498 [cefgetfile] WARNING: Unknown VALIDATION_ALG:type=2, length=0
2026-02-10 15:48:19.498 [cefgetfile] WARNING: Unknown VALIDATION_ALG:type=2, length=0
2026-02-10 15:48:19.500 [cefgetfile] WARNING: Unknown VALIDATION_ALG:type=2, length=0
2026-02-10 15:48:19.501 [cefgetfile] WARNING: Unknown VALIDATION_ALG:type=2, length=0
2026-02-10 15:48:19.502 [cefgetfile] WARNING: Unknown VALIDATION_ALG:type=2, length=0
2026-02-10 15:48:19.503 [cefgetfile] WARNING: Unknown VALIDATION_ALG:type=2, length=0
2026-02-10 15:48:19.504 [cefgetfile] WARNING: Unknown VALIDATION_ALG:type=2, length=0
2026-02-10 15:48:19.505 [cefgetfile] WARNING: Unknown VALIDATION_ALG:type=2, length=0
2026-02-10 15:48:19.506 [cefgetfile] WARNING: Unknown VALIDATION_ALG:type=2, length=0
2026-02-10 15:48:19.507 [cefgetfile] WARNING: Unknown VALIDATION_ALG:type=2, length=0
2026-02-10 15:48:19.508 [cefgetfile] WARNING: Unknown VALIDATION_ALG:type=2, length=0
2026-02-10 15:48:19.510 [cefgetfile] WARNING: Unknown VALIDATION_ALG:type=2, length=0
2026-02-10 15:48:19.510 [cefgetfile] WARNING: Unknown VALIDATION_ALG:type=2, length=0
2026-02-10 15:48:19.511 [cefgetfile] WARNING: Unknown VALIDATION_ALG:type=2, length=0
[cefgetfile] Completed to get all the chunks.
[cefgetfile] Unconnect to cefnetd ... OK
[cefgetfile] Terminate
[cefgetfile] Rx Frames (All)           = 847
[cefgetfile] Rx Frames (ContentObject) = 847
[cefgetfile] Rx Bytes (All)            = 463882
[cefgetfile] Rx Bytes (ContentObject)  = 433390
[cefgetfile] Duration                  = 0.927 sec
[cefgetfile] Throughput                = 4006732 bps
[cefgetfile] Goodput                   = 3743361 bps
[cefgetfile] Jitter (Ave)              = 1093 us
[cefgetfile] Jitter (Max)              = 8602 us
[cefgetfile] Jitter (Var)              = 395513 us
