[cefgetfile] Start
[cefgetfile] Parsing parameters ...OK
2026-01-30 15:44:37.307 [cefgetfile] INFO: [client] Config directory is ./h0
2026-01-30 15:44:37.307 [cefgetfile] INFO: [client] Local Socket Name is /tmp/cef_9695.0
2026-01-30 15:44:37.307 [cefgetfile] INFO: [client] Listen Port is 9695
[cefgetfile] Init Cefore Client package ... OK
[cefgetfile] Conversion from URI into Name ... OK
[cefgetfile] Checking the output file ... OK
[cefgetfile] Connect to cefnetd ... OK
[cefgetfile] URI=ccnx:/test/experiment/content8
[cefgetfile] Start sending Interests
[cefgetfile] Completed to get all the chunks.
[cefgetfile] Unconnect to cefnetd ... OK
[cefgetfile] Terminate
[cefgetfile] Rx Frames (All)           = 424
[cefgetfile] Rx Frames (ContentObject) = 424
[cefgetfile] Rx Bytes (All)            = 451198
[cefgetfile] Rx Bytes (ContentObject)  = 433390
[cefgetfile] Duration                  = 0.266 sec
[cefgetfile] Throughput                = 13594088 bps
[cefgetfile] Goodput                   = 13057553 bps
[cefgetfile] Jitter (Ave)              = 626 us
[cefgetfile] Jitter (Max)              = 6728 us
[cefgetfile] Jitter (Var)              = 621096 us
