[cefgetfile] Start
[cefgetfile] Parsing parameters ...OK
2026-02-10 15:47:43.643 [cefgetfile] INFO: [client] Config directory is ./h6
2026-02-10 15:47:43.643 [cefgetfile] INFO: [client] Local Socket Name is /tmp/cef_9695.6
2026-02-10 15:47:43.643 [cefgetfile] INFO: [client] Listen Port is 9695
[cefgetfile] Init Cefore Client package ... OK
[cefgetfile] Conversion from URI into Name ... OK
[cefgetfile] Checking the output file ... OK
[cefgetfile] Connect to cefnetd ... OK
[cefgetfile] URI=ccnx:/video/stream/content2
[cefgetfile] Start sending Interests
2026-02-10 15:47:43.904 [cefgetfile] WARNING: Unknown VALIDATION_ALG:type=2, length=0
2026-02-10 15:47:43.920 [cefgetfile] WARNING: Unknown VALIDATION_ALG:type=2, length=0
2026-02-10 15:47:43.925 [cefgetfile] WARNING: Unknown VALIDATION_ALG:type=2, length=0
2026-02-10 15:47:43.936 [cefgetfile] WARNING: Unknown VALIDATION_ALG:type=2, length=0
2026-02-10 15:47:43.956 [cefgetfile] WARNING: Unknown VALIDATION_ALG:type=2, length=0
2026-02-10 15:47:43.966 [cefgetfile] WARNING: Unknown VALIDATION_ALG:type=2, length=0
2026-02-10 15:47:43.975 [cefgetfile] WARNING: Unknown VALIDATION_ALG:type=2, length=0
2026-02-10 15:47:43.999 [cefgetfile] WARNING: Unknown VALIDATION_ALG:type=2, length=0
2026-02-10 15:47:44.009 [cefgetfile] WARNING: Unknown VALIDATION_ALG:type=2, length=0
2026-02-10 15:47:44.021 [cefgetfile] WARNING: Unknown VALIDATION_ALG:type=2, length=0
2026-02-10 15:47:44.031 [cefgetfile] WARNING: Unknown VALIDATION_ALG:type=2, length=0
2026-02-10 15:47:44.039 [cefgetfile] WARNING: Unknown VALIDATION_ALG:type=2, length=0
2026-02-10 15:47:44.046 [cefgetfile] WARNING: Unknown VALIDATION_ALG:type=2, length=0
2026-02-10 15:47:44.052 [cefgetfile] WARNING: Unknown VALIDATION_ALG:type=2, length=0
2026-02-10 15:47:44.056 [cefgetfile] WARNING: Unknown VALIDATION_ALG:type=2, length=0
2026-02-10 15:47:44.061 [cefgetfile] WARNING: Unknown VALIDATION_ALG:type=2, length=0
2026-02-10 15:47:44.068 [cefgetfile] WARNING: Unknown VALIDATION_ALG:type=2, length=0
2026-02-10 15:47:44.071 [cefgetfile] WARNING: Unknown VALIDATION_ALG:type=2, length=0
2026-02-10 15:47:44.072 [cefgetfile] WARNING: Unknown VALIDATION_ALG:type=2, length=0
2026-02-10 15:47:44.076 [cefgetfile] WARNING: Unknown VALIDATION_ALG:type=2, length=0
2026-02-10 15:47:44.077 [cefgetfile] WARNING: Unknown VALIDATION_ALG:type=2, length=0
2026-02-10 15:47:44.079 [cefgetfile] WARNING: Unknown VALIDATION_ALG:type=2, length=0
2026-02-10 15:47:44.080 [cefgetfile] WARNING: Unknown VALIDATION_ALG:type=2, length=0
2026-02-10 15:47:44.080 [cefgetfile] WARNING: Unknown VALIDATION_ALG:type=2, length=0
2026-02-10 15:47:44.082 [cefgetfile] WARNING: Unknown VALIDATION_ALG:type=2, length=0
2026-02-10 15:47:44.083 [cefgetfile] WARNING: Unknown VALIDATION_ALG:type=2, length=0
2026-02-10 15:47:44.085 [cefgetfile] WARNING: Unknown VALIDATION_ALG:type=2, length=0
2026-02-10 15:47:44.086 [cefgetfile] WARNING: Unknown VALIDATION_ALG:type=2, length=0
2026-02-10 15:47:44.087 [cefgetfile] WARNING: Unknown VALIDATION_ALG:type=2, length=0
2026-02-10 15:47:44.088 [cefgetfile] WARNING: Unknown VALIDATION_ALG:type=2, length=0
2026-02-10 15:47:44.089 [cefgetfile] WARNING: Unknown VALIDATION_ALG:type=2, length=0
2026-02-10 15:47:44.090 [cefgetfile] WARNING: Unknown VALIDATION_ALG:type=2, length=0
2026-02-10 15:47:44.091 [cefgetfile] WARNING: Unknown VALIDATION_ALG:type=2, length=0
2026-02-10 15:47:44.092 [cefgetfile] WARNING: Unknown VALIDATION_ALG:type=2, length=0
2026-02-10 15:47:44.093 [cefgetfile] WARNING: Unknown VALIDATION_ALG:type=2, length=0
2026-02-10 15:47:44.093 [cefgetfile] WARNING: Unknown VALIDATION_ALG:type=2, length=0
2026-02-10 15:47:44.094 [cefgetfile] WARNING: Unknown VALIDATION_ALG:type=2, length=0
2026-02-10 15:47:44.095 [cefgetfile] WARNING: Unknown VALIDATION_ALG:type=2, length=0
2026-02-10 15:47:44.096 [cefgetfile] WARNING: Unknown VALIDATION_ALG:type=2, length=0
2026-02-10 15:47:44.096 [cefgetfile] WARNING: Unknown VALIDATION_ALG:type=2, length=0
2026-02-10 15:47:44.097 [cefgetfile] WARNING: Unknown VALIDATION_ALG:type=2, length=0
2026-02-10 15:47:44.097 [cefgetfile] WARNING: Unknown VALIDATION_ALG:type=2, length=0
2026-02-10 15:47:44.098 [cefgetfile] WARNING: Unknown VALIDATION_ALG:type=2, length=0
2026-02-10 15:47:44.099 [cefgetfile] WARNING: Unknown VALIDATION_ALG:type=2, length=0
2026-02-10 15:47:44.100 [cefgetfile] WARNING: Unknown VALIDATION_ALG:type=2, length=0
2026-02-10 15:47:44.101 [cefgetfile] WARNING: Unknown VALIDATION_ALG:type=2, length=0
2026-02-10 15:47:44.101 [cefgetfile] WARNING: Unknown VALIDATION_ALG:type=2, length=0
2026-02-10 15:47:44.102 [cefgetfile] WARNING: Unknown VALIDATION_ALG:type=2, length=0
2026-02-10 15:47:44.103 [cefgetfile] WARNING: Unknown VALIDATION_ALG:type=2, length=0
2026-02-10 15:47:44.103 [cefgetfile] WARNING: Unknown VALIDATION_ALG:type=2, length=0
2026-02-10 15:47:44.104 [cefgetfile] WARNING: Unknown VALIDATION_ALG:type=2, length=0
2026-02-10 15:47:44.105 [cefgetfile] WARNING: Unknown VALIDATION_ALG:type=2, length=0
2026-02-10 15:47:44.106 [cefgetfile] WARNING: Unknown VALIDATION_ALG:type=2, length=0
2026-02-10 15:47:44.107 [cefgetfile] WARNING: Unknown VALIDATION_ALG:type=2, length=0
2026-02-10 15:47:44.108 [cefgetfile] WARNING: Unknown VALIDATION_ALG:type=2, length=0
2026-02-10 15:47:44.108 [cefgetfile] WARNING: Unknown VALIDATION_ALG:type=2, length=0
2026-02-10 15:47:44.109 [cefgetfile] WARNING: Unknown VALIDATION_ALG:type=2, length=0
2026-02-10 15:47:44.110 [cefgetfile] WARNING: Unknown VALIDATION_ALG:type=2, length=0
2026-02-10 15:47:44.110 [cefgetfile] WARNING: Unknown VALIDATION_ALG:type=2, length=0
2026-02-10 15:47:44.111 [cefgetfile] WARNING: Unknown VALIDATION_ALG:type=2, length=0
2026-02-10 15:47:44.112 [cefgetfile] WARNING: Unknown VALIDATION_ALG:type=2, length=0
2026-02-10 15:47:44.112 [cefgetfile] WARNING: Unknown VALIDATION_ALG:type=2, length=0
2026-02-10 15:47:44.112 [cefgetfile] WARNING: Unknown VALIDATION_ALG:type=2, length=0
2026-02-10 15:47:44.113 [cefgetfile] WARNING: Unknown VALIDATION_ALG:type=2, length=0
2026-02-10 15:47:44.113 [cefgetfile] WARNING: Unknown VALIDATION_ALG:type=2, length=0
2026-02-10 15:47:44.114 [cefgetfile] WARNING: Unknown VALIDATION_ALG:type=2, length=0
2026-02-10 15:47:44.114 [cefgetfile] WARNING: Unknown VALIDATION_ALG:type=2, length=0
2026-02-10 15:47:44.115 [cefgetfile] WARNING: Unknown VALIDATION_ALG:type=2, length=0
2026-02-10 15:47:44.115 [cefgetfile] WARNING: Unknown VALIDATION_ALG:type=2, length=0
2026-02-10 15:47:44.116 [cefgetfile] WARNING: Unknown VALIDATION_ALG:type=2, length=0
2026-02-10 15:47:44.116 [cefgetfile] WARNING: Unknown VALIDATION_ALG:type=2, length=0
2026-02-10 15:47:44.116 [cefgetfile] WARNING: Unknown VALIDATION_ALG:type=2, length=0
2026-02-10 15:47:44.117 [cefgetfile] WARNING: Unknown VALIDATION_ALG:type=2, length=0
2026-02-10 15:47:44.118 [cefgetfile] WARNING: Unknown VALIDATION_ALG:type=2, length=0
2026-02-10 15:47:44.118 [cefgetfile] WARNING: Unknown VALIDATION_ALG:type=2, length=0
2026-02-10 15:47:44.118 [cefgetfile] WARNING: Unknown VALIDATION_ALG:type=2, length=0
2026-02-10 15:47:44.119 [cefgetfile] WARNING: Unknown VALIDATION_ALG:type=2, length=0
2026-02-10 15:47:44.119 [cefgetfile] WARNING: Unknown VALIDATION_ALG:type=2, length=0
2026-02-10 15:47:44.120 [cefgetfile] WARNING: Unknown VALIDATION_ALG:type=2, length=0
2026-02-10 15:47:44.120 [cefgetfile] WARNING: Unknown VALIDATION_ALG:type=2, length=0
2026-02-10 15:47:44.120 [cefgetfile] WARNING: Unknown VALIDATION_ALG:type=2, length=0
2026-02-10 15:47:44.121 [cefgetfile] WARNING: Unknown VALIDATION_ALG:type=2, length=0
2026-02-10 15:47:44.121 [cefgetfile] WARNING: Unknown VALIDATION_ALG:type=2, length=0
2026-02-10 15:47:44.122 [cefgetfile] WARNING: Unknown VALIDATION_ALG:type=2, length=0
2026-02-10 15:47:44.122 [cefgetfile] WARNING: Unknown VALIDATION_ALG:type=2, length=0
2026-02-10 15:47:44.122 [cefgetfile] WARNING: Unknown VALIDATION_ALG:type=2, length=0
2026-02-10 15:47:44.124 [cefgetfile] WARNING: Unknown VALIDATION_ALG:type=2, length=0
2026-02-10 15:47:44.124 [cefgetfile] WARNING: Unknown VALIDATION_ALG:type=2, length=0
2026-02-10 15:47:44.125 [cefgetfile] WARNING: Unknown VALIDATION_ALG:type=2, length=0
2026-02-10 15:47:44.125 [cefgetfile] WARNING: Unknown VALIDATION_ALG:type=2, length=0
2026-02-10 15:47:44.126 [cefgetfile] WARNING: Unknown VALIDATION_ALG:type=2, length=0
2026-02-10 15:47:44.126 [cefgetfile] WARNING: Unknown VALIDATION_ALG:type=2, length=0
2026-02-10 15:47:44.127 [cefgetfile] WARNING: Unknown VALIDATION_ALG:type=2, length=0
2026-02-10 15:47:44.127 [cefgetfile] WARNING: Unknown VALIDATION_ALG:type=2, length=0
2026-02-10 15:47:44.127 [cefgetfile] WARNING: Unknown VALIDATION_ALG:type=2, length=0
2026-02-10 15:47:44.128 [cefgetfile] WARNING: Unknown VALIDATION_ALG:type=2, length=0
2026-02-10 15:47:44.133 [cefgetfile] WARNING: Unknown VALIDATION_ALG:type=2, length=0
2026-02-10 15:47:44.134 [cefgetfile] WARNING: Unknown VALIDATION_ALG:type=2, length=0
2026-02-10 15:47:44.134 [cefgetfile] WARNING: Unknown VALIDATION_ALG:type=2, length=0
2026-02-10 15:47:44.135 [cefgetfile] WARNING: Unknown VALIDATION_ALG:type=2, length=0
2026-02-10 15:47:44.136 [cefgetfile] WARNING: Unknown VALIDATION_ALG:type=2, length=0
2026-02-10 15:47:44.137 [cefgetfile] WARNING: Unknown VALIDATION_ALG:type=2, length=0
2026-02-10 15:47:44.137 [cefgetfile] WARNING: Unknown VALIDATION_ALG:type=2, length=0
2026-02-10 15:47:44.137 [cefgetfile] WARNING: Unknown VALIDATION_ALG:type=2, length=0
2026-02-10 15:47:44.138 [cefgetfile] WARNING: Unknown VALIDATION_ALG:type=2, length=0
2026-02-10 15:47:44.138 [cefgetfile] WARNING: Unknown VALIDATION_ALG:type=2, length=0
2026-02-10 15:47:44.138 [cefgetfile] WARNING: Unknown VALIDATION_ALG:type=2, length=0
2026-02-10 15:47:44.139 [cefgetfile] WARNING: Unknown VALIDATION_ALG:type=2, length=0
2026-02-10 15:47:44.139 [cefgetfile] WARNING: Unknown VALIDATION_ALG:type=2, length=0
2026-02-10 15:47:44.139 [cefgetfile] WARNING: Unknown VALIDATION_ALG:type=2, length=0
2026-02-10 15:47:44.143 [cefgetfile] WARNING: Unknown VALIDATION_ALG:type=2, length=0
2026-02-10 15:47:44.144 [cefgetfile] WARNING: Unknown VALIDATION_ALG:type=2, length=0
2026-02-10 15:47:44.144 [cefgetfile] WARNING: Unknown VALIDATION_ALG:type=2, length=0
2026-02-10 15:47:44.144 [cefgetfile] WARNING: Unknown VALIDATION_ALG:type=2, length=0
2026-02-10 15:47:44.145 [cefgetfile] WARNING: Unknown VALIDATION_ALG:type=2, length=0
2026-02-10 15:47:44.145 [cefgetfile] WARNING: Unknown VALIDATION_ALG:type=2, length=0
2026-02-10 15:47:44.148 [cefgetfile] WARNING: Unknown VALIDATION_ALG:type=2, length=0
2026-02-10 15:47:44.148 [cefgetfile] WARNING: Unknown VALIDATION_ALG:type=2, length=0
2026-02-10 15:47:44.149 [cefgetfile] WARNING: Unknown VALIDATION_ALG:type=2, length=0
2026-02-10 15:47:44.149 [cefgetfile] WARNING: Unknown VALIDATION_ALG:type=2, length=0
2026-02-10 15:47:44.149 [cefgetfile] WARNING: Unknown VALIDATION_ALG:type=2, length=0
2026-02-10 15:47:44.149 [cefgetfile] WARNING: Unknown VALIDATION_ALG:type=2, length=0
2026-02-10 15:47:44.150 [cefgetfile] WARNING: Unknown VALIDATION_ALG:type=2, length=0
2026-02-10 15:47:44.150 [cefgetfile] WARNING: Unknown VALIDATION_ALG:type=2, length=0
2026-02-10 15:47:44.152 [cefgetfile] WARNING: Unknown VALIDATION_ALG:type=2, length=0
2026-02-10 15:47:44.157 [cefgetfile] WARNING: Unknown VALIDATION_ALG:type=2, length=0
2026-02-10 15:47:44.158 [cefgetfile] WARNING: Unknown VALIDATION_ALG:type=2, length=0
2026-02-10 15:47:44.158 [cefgetfile] WARNING: Unknown VALIDATION_ALG:type=2, length=0
2026-02-10 15:47:44.161 [cefgetfile] WARNING: Unknown VALIDATION_ALG:type=2, length=0
2026-02-10 15:47:44.161 [cefgetfile] WARNING: Unknown VALIDATION_ALG:type=2, length=0
2026-02-10 15:47:44.162 [cefgetfile] WARNING: Unknown VALIDATION_ALG:type=2, length=0
2026-02-10 15:47:44.164 [cefgetfile] WARNING: Unknown VALIDATION_ALG:type=2, length=0
2026-02-10 15:47:44.164 [cefgetfile] WARNING: Unknown VALIDATION_ALG:type=2, length=0
2026-02-10 15:47:44.165 [cefgetfile] WARNING: Unknown VALIDATION_ALG:type=2, length=0
2026-02-10 15:47:44.165 [cefgetfile] WARNING: Unknown VALIDATION_ALG:type=2, length=0
2026-02-10 15:47:44.166 [cefgetfile] WARNING: Unknown VALIDATION_ALG:type=2, length=0
2026-02-10 15:47:44.168 [cefgetfile] WARNING: Unknown VALIDATION_ALG:type=2, length=0
2026-02-10 15:47:44.169 [cefgetfile] WARNING: Unknown VALIDATION_ALG:type=2, length=0
2026-02-10 15:47:44.169 [cefgetfile] WARNING: Unknown VALIDATION_ALG:type=2, length=0
2026-02-10 15:47:44.169 [cefgetfile] WARNING: Unknown VALIDATION_ALG:type=2, length=0
2026-02-10 15:47:44.169 [cefgetfile] WARNING: Unknown VALIDATION_ALG:type=2, length=0
2026-02-10 15:47:44.172 [cefgetfile] WARNING: Unknown VALIDATION_ALG:type=2, length=0
2026-02-10 15:47:44.172 [cefgetfile] WARNING: Unknown VALIDATION_ALG:type=2, length=0
2026-02-10 15:47:44.173 [cefgetfile] WARNING: Unknown VALIDATION_ALG:type=2, length=0
2026-02-10 15:47:44.174 [cefgetfile] WARNING: Unknown VALIDATION_ALG:type=2, length=0
2026-02-10 15:47:44.174 [cefgetfile] WARNING: Unknown VALIDATION_ALG:type=2, length=0
2026-02-10 15:47:44.175 [cefgetfile] WARNING: Unknown VALIDATION_ALG:type=2, length=0
2026-02-10 15:47:44.175 [cefgetfile] WARNING: Unknown VALIDATION_ALG:type=2, length=0
2026-02-10 15:47:44.178 [cefgetfile] WARNING: Unknown VALIDATION_ALG:type=2, length=0
2026-02-10 15:47:44.178 [cefgetfile] WARNING: Unknown VALIDATION_ALG:type=2, length=0
2026-02-10 15:47:44.178 [cefgetfile] WARNING: Unknown VALIDATION_ALG:type=2, length=0
2026-02-10 15:47:44.178 [cefgetfile] WARNING: Unknown VALIDATION_ALG:type=2, length=0
2026-02-10 15:47:44.179 [cefgetfile] WARNING: Unknown VALIDATION_ALG:type=2, length=0
2026-02-10 15:47:44.179 [cefgetfile] WARNING: Unknown VALIDATION_ALG:type=2, length=0
2026-02-10 15:47:44.179 [cefgetfile] WARNING: Unknown VALIDATION_ALG:type=2, length=0
2026-02-10 15:47:44.180 [cefgetfile] WARNING: Unknown VALIDATION_ALG:type=2, length=0
2026-02-10 15:47:44.180 [cefgetfile] WARNING: Unknown VALIDATION_ALG:type=2, length=0
2026-02-10 15:47:44.180 [cefgetfile] WARNING: Unknown VALIDATION_ALG:type=2, length=0
2026-02-10 15:47:44.181 [cefgetfile] WARNING: Unknown VALIDATION_ALG:type=2, length=0
2026-02-10 15:47:44.181 [cefgetfile] WARNING: Unknown VALIDATION_ALG:type=2, length=0
2026-02-10 15:47:44.181 [cefgetfile] WARNING: Unknown VALIDATION_ALG:type=2, length=0
2026-02-10 15:47:44.182 [cefgetfile] WARNING: Unknown VALIDATION_ALG:type=2, length=0
2026-02-10 15:47:44.182 [cefgetfile] WARNING: Unknown VALIDATION_ALG:type=2, length=0
2026-02-10 15:47:44.190 [cefgetfile] WARNING: Unknown VALIDATION_ALG:type=2, length=0
2026-02-10 15:47:44.191 [cefgetfile] WARNING: Unknown VALIDATION_ALG:type=2, length=0
2026-02-10 15:47:44.191 [cefgetfile] WARNING: Unknown VALIDATION_ALG:type=2, length=0
2026-02-10 15:47:44.191 [cefgetfile] WARNING: Unknown VALIDATION_ALG:type=2, length=0
2026-02-10 15:47:44.192 [cefgetfile] WARNING: Unknown VALIDATION_ALG:type=2, length=0
2026-02-10 15:47:44.192 [cefgetfile] WARNING: Unknown VALIDATION_ALG:type=2, length=0
2026-02-10 15:47:44.192 [cefgetfile] WARNING: Unknown VALIDATION_ALG:type=2, length=0
2026-02-10 15:47:44.194 [cefgetfile] WARNING: Unknown VALIDATION_ALG:type=2, length=0
2026-02-10 15:47:44.196 [cefgetfile] WARNING: Unknown VALIDATION_ALG:type=2, length=0
2026-02-10 15:47:44.197 [cefgetfile] WARNING: Unknown VALIDATION_ALG:type=2, length=0
2026-02-10 15:47:44.198 [cefgetfile] WARNING: Unknown VALIDATION_ALG:type=2, length=0
2026-02-10 15:47:44.199 [cefgetfile] WARNING: Unknown VALIDATION_ALG:type=2, length=0
2026-02-10 15:47:44.200 [cefgetfile] WARNING: Unknown VALIDATION_ALG:type=2, length=0
2026-02-10 15:47:44.201 [cefgetfile] WARNING: Unknown VALIDATION_ALG:type=2, length=0
2026-02-10 15:47:44.202 [cefgetfile] WARNING: Unknown VALIDATION_ALG:type=2, length=0
2026-02-10 15:47:44.203 [cefgetfile] WARNING: Unknown VALIDATION_ALG:type=2, length=0
2026-02-10 15:47:44.205 [cefgetfile] WARNING: Unknown VALIDATION_ALG:type=2, length=0
2026-02-10 15:47:44.210 [cefgetfile] WARNING: Unknown VALIDATION_ALG:type=2, length=0
2026-02-10 15:47:44.211 [cefgetfile] WARNING: Unknown VALIDATION_ALG:type=2, length=0
2026-02-10 15:47:44.212 [cefgetfile] WARNING: Unknown VALIDATION_ALG:type=2, length=0
2026-02-10 15:47:44.213 [cefgetfile] WARNING: Unknown VALIDATION_ALG:type=2, length=0
2026-02-10 15:47:44.214 [cefgetfile] WARNING: Unknown VALIDATION_ALG:type=2, length=0
2026-02-10 15:47:44.214 [cefgetfile] WARNING: Unknown VALIDATION_ALG:type=2, length=0
2026-02-10 15:47:44.215 [cefgetfile] WARNING: Unknown VALIDATION_ALG:type=2, length=0
2026-02-10 15:47:44.217 [cefgetfile] WARNING: Unknown VALIDATION_ALG:type=2, length=0
2026-02-10 15:47:44.219 [cefgetfile] WARNING: Unknown VALIDATION_ALG:type=2, length=0
2026-02-10 15:47:44.220 [cefgetfile] WARNING: Unknown VALIDATION_ALG:type=2, length=0
2026-02-10 15:47:44.221 [cefgetfile] WARNING: Unknown VALIDATION_ALG:type=2, length=0
2026-02-10 15:47:44.222 [cefgetfile] WARNING: Unknown VALIDATION_ALG:type=2, length=0
2026-02-10 15:47:44.222 [cefgetfile] WARNING: Unknown VALIDATION_ALG:type=2, length=0
2026-02-10 15:47:44.222 [cefgetfile] WARNING: Unknown VALIDATION_ALG:type=2, length=0
2026-02-10 15:47:44.223 [cefgetfile] WARNING: Unknown VALIDATION_ALG:type=2, length=0
2026-02-10 15:47:44.223 [cefgetfile] WARNING: Unknown VALIDATION_ALG:type=2, length=0
2026-02-10 15:47:44.224 [cefgetfile] WARNING: Unknown VALIDATION_ALG:type=2, length=0
2026-02-10 15:47:44.224 [cefgetfile] WARNING: Unknown VALIDATION_ALG:type=2, length=0
2026-02-10 15:47:44.224 [cefgetfile] WARNING: Unknown VALIDATION_ALG:type=2, length=0
2026-02-10 15:47:44.224 [cefgetfile] WARNING: Unknown VALIDATION_ALG:type=2, length=0
2026-02-10 15:47:44.227 [cefgetfile] WARNING: Unknown VALIDATION_ALG:type=2, length=0
2026-02-10 15:47:44.227 [cefgetfile] WARNING: Unknown VALIDATION_ALG:type=2, length=0
2026-02-10 15:47:44.227 [cefgetfile] WARNING: Unknown VALIDATION_ALG:type=2, length=0
2026-02-10 15:47:44.228 [cefgetfile] WARNING: Unknown VALIDATION_ALG:type=2, length=0
2026-02-10 15:47:44.229 [cefgetfile] WARNING: Unknown VALIDATION_ALG:type=2, length=0
2026-02-10 15:47:44.230 [cefgetfile] WARNING: Unknown VALIDATION_ALG:type=2, length=0
2026-02-10 15:47:44.231 [cefgetfile] WARNING: Unknown VALIDATION_ALG:type=2, length=0
2026-02-10 15:47:44.232 [cefgetfile] WARNING: Unknown VALIDATION_ALG:type=2, length=0
2026-02-10 15:47:44.232 [cefgetfile] WARNING: Unknown VALIDATION_ALG:type=2, length=0
2026-02-10 15:47:44.232 [cefgetfile] WARNING: Unknown VALIDATION_ALG:type=2, length=0
2026-02-10 15:47:44.232 [cefgetfile] WARNING: Unknown VALIDATION_ALG:type=2, length=0
2026-02-10 15:47:44.233 [cefgetfile] WARNING: Unknown VALIDATION_ALG:type=2, length=0
2026-02-10 15:47:44.235 [cefgetfile] WARNING: Unknown VALIDATION_ALG:type=2, length=0
2026-02-10 15:47:44.236 [cefgetfile] WARNING: Unknown VALIDATION_ALG:type=2, length=0
2026-02-10 15:47:44.237 [cefgetfile] WARNING: Unknown VALIDATION_ALG:type=2, length=0
2026-02-10 15:47:44.239 [cefgetfile] WARNING: Unknown VALIDATION_ALG:type=2, length=0
2026-02-10 15:47:44.240 [cefgetfile] WARNING: Unknown VALIDATION_ALG:type=2, length=0
2026-02-10 15:47:44.242 [cefgetfile] WARNING: Unknown VALIDATION_ALG:type=2, length=0
2026-02-10 15:47:44.244 [cefgetfile] WARNING: Unknown VALIDATION_ALG:type=2, length=0
2026-02-10 15:47:44.246 [cefgetfile] WARNING: Unknown VALIDATION_ALG:type=2, length=0
2026-02-10 15:47:44.247 [cefgetfile] WARNING: Unknown VALIDATION_ALG:type=2, length=0
2026-02-10 15:47:44.248 [cefgetfile] WARNING: Unknown VALIDATION_ALG:type=2, length=0
2026-02-10 15:47:44.249 [cefgetfile] WARNING: Unknown VALIDATION_ALG:type=2, length=0
2026-02-10 15:47:44.250 [cefgetfile] WARNING: Unknown VALIDATION_ALG:type=2, length=0
2026-02-10 15:47:44.252 [cefgetfile] WARNING: Unknown VALIDATION_ALG:type=2, length=0
2026-02-10 15:47:44.253 [cefgetfile] WARNING: Unknown VALIDATION_ALG:type=2, length=0
2026-02-10 15:47:44.253 [cefgetfile] WARNING: Unknown VALIDATION_ALG:type=2, length=0
2026-02-10 15:47:44.254 [cefgetfile] WARNING: Unknown VALIDATION_ALG:type=2, length=0
2026-02-10 15:47:44.255 [cefgetfile] WARNING: Unknown VALIDATION_ALG:type=2, length=0
2026-02-10 15:47:44.255 [cefgetfile] WARNING: Unknown VALIDATION_ALG:type=2, length=0
2026-02-10 15:47:44.256 [cefgetfile] WARNING: Unknown VALIDATION_ALG:type=2, length=0
2026-02-10 15:47:44.258 [cefgetfile] WARNING: Unknown VALIDATION_ALG:type=2, length=0
2026-02-10 15:47:44.260 [cefgetfile] WARNING: Unknown VALIDATION_ALG:type=2, length=0
2026-02-10 15:47:44.261 [cefgetfile] WARNING: Unknown VALIDATION_ALG:type=2, length=0
2026-02-10 15:47:44.262 [cefgetfile] WARNING: Unknown VALIDATION_ALG:type=2, length=0
2026-02-10 15:47:44.262 [cefgetfile] WARNING: Unknown VALIDATION_ALG:type=2, length=0
2026-02-10 15:47:44.263 [cefgetfile] WARNING: Unknown VALIDATION_ALG:type=2, length=0
2026-02-10 15:47:44.264 [cefgetfile] WARNING: Unknown VALIDATION_ALG:type=2, length=0
2026-02-10 15:47:44.265 [cefgetfile] WARNING: Unknown VALIDATION_ALG:type=2, length=0
2026-02-10 15:47:44.265 [cefgetfile] WARNING: Unknown VALIDATION_ALG:type=2, length=0
2026-02-10 15:47:44.266 [cefgetfile] WARNING: Unknown VALIDATION_ALG:type=2, length=0
2026-02-10 15:47:44.266 [cefgetfile] WARNING: Unknown VALIDATION_ALG:type=2, length=0
2026-02-10 15:47:44.267 [cefgetfile] WARNING: Unknown VALIDATION_ALG:type=2, length=0
2026-02-10 15:47:44.267 [cefgetfile] WARNING: Unknown VALIDATION_ALG:type=2, length=0
2026-02-10 15:47:44.268 [cefgetfile] WARNING: Unknown VALIDATION_ALG:type=2, length=0
2026-02-10 15:47:44.268 [cefgetfile] WARNING: Unknown VALIDATION_ALG:type=2, length=0
2026-02-10 15:47:44.269 [cefgetfile] WARNING: Unknown VALIDATION_ALG:type=2, length=0
2026-02-10 15:47:44.269 [cefgetfile] WARNING: Unknown VALIDATION_ALG:type=2, length=0
2026-02-10 15:47:44.270 [cefgetfile] WARNING: Unknown VALIDATION_ALG:type=2, length=0
2026-02-10 15:47:44.270 [cefgetfile] WARNING: Unknown VALIDATION_ALG:type=2, length=0
2026-02-10 15:47:44.271 [cefgetfile] WARNING: Unknown VALIDATION_ALG:type=2, length=0
2026-02-10 15:47:44.271 [cefgetfile] WARNING: Unknown VALIDATION_ALG:type=2, length=0
2026-02-10 15:47:44.272 [cefgetfile] WARNING: Unknown VALIDATION_ALG:type=2, length=0
2026-02-10 15:47:44.281 [cefgetfile] WARNING: Unknown VALIDATION_ALG:type=2, length=0
2026-02-10 15:47:44.282 [cefgetfile] WARNING: Unknown VALIDATION_ALG:type=2, length=0
2026-02-10 15:47:44.282 [cefgetfile] WARNING: Unknown VALIDATION_ALG:type=2, length=0
2026-02-10 15:47:44.282 [cefgetfile] WARNING: Unknown VALIDATION_ALG:type=2, length=0
2026-02-10 15:47:44.282 [cefgetfile] WARNING: Unknown VALIDATION_ALG:type=2, length=0
2026-02-10 15:47:44.283 [cefgetfile] WARNING: Unknown VALIDATION_ALG:type=2, length=0
2026-02-10 15:47:44.283 [cefgetfile] WARNING: Unknown VALIDATION_ALG:type=2, length=0
2026-02-10 15:47:44.283 [cefgetfile] WARNING: Unknown VALIDATION_ALG:type=2, length=0
2026-02-10 15:47:44.284 [cefgetfile] WARNING: Unknown VALIDATION_ALG:type=2, length=0
2026-02-10 15:47:44.284 [cefgetfile] WARNING: Unknown VALIDATION_ALG:type=2, length=0
2026-02-10 15:47:44.285 [cefgetfile] WARNING: Unknown VALIDATION_ALG:type=2, length=0
2026-02-10 15:47:44.285 [cefgetfile] WARNING: Unknown VALIDATION_ALG:type=2, length=0
2026-02-10 15:47:44.285 [cefgetfile] WARNING: Unknown VALIDATION_ALG:type=2, length=0
2026-02-10 15:47:44.285 [cefgetfile] WARNING: Unknown VALIDATION_ALG:type=2, length=0
2026-02-10 15:47:44.286 [cefgetfile] WARNING: Unknown VALIDATION_ALG:type=2, length=0
2026-02-10 15:47:44.292 [cefgetfile] WARNING: Unknown VALIDATION_ALG:type=2, length=0
2026-02-10 15:47:44.292 [cefgetfile] WARNING: Unknown VALIDATION_ALG:type=2, length=0
2026-02-10 15:47:44.293 [cefgetfile] WARNING: Unknown VALIDATION_ALG:type=2, length=0
2026-02-10 15:47:44.293 [cefgetfile] WARNING: Unknown VALIDATION_ALG:type=2, length=0
2026-02-10 15:47:44.293 [cefgetfile] WARNING: Unknown VALIDATION_ALG:type=2, length=0
2026-02-10 15:47:44.294 [cefgetfile] WARNING: Unknown VALIDATION_ALG:type=2, length=0
2026-02-10 15:47:44.294 [cefgetfile] WARNING: Unknown VALIDATION_ALG:type=2, length=0
2026-02-10 15:47:44.294 [cefgetfile] WARNING: Unknown VALIDATION_ALG:type=2, length=0
2026-02-10 15:47:44.297 [cefgetfile] WARNING: Unknown VALIDATION_ALG:type=2, length=0
2026-02-10 15:47:44.297 [cefgetfile] WARNING: Unknown VALIDATION_ALG:type=2, length=0
2026-02-10 15:47:44.298 [cefgetfile] WARNING: Unknown VALIDATION_ALG:type=2, length=0
2026-02-10 15:47:44.299 [cefgetfile] WARNING: Unknown VALIDATION_ALG:type=2, length=0
2026-02-10 15:47:44.300 [cefgetfile] WARNING: Unknown VALIDATION_ALG:type=2, length=0
2026-02-10 15:47:44.302 [cefgetfile] WARNING: Unknown VALIDATION_ALG:type=2, length=0
2026-02-10 15:47:44.302 [cefgetfile] WARNING: Unknown VALIDATION_ALG:type=2, length=0
2026-02-10 15:47:44.303 [cefgetfile] WARNING: Unknown VALIDATION_ALG:type=2, length=0
2026-02-10 15:47:44.310 [cefgetfile] WARNING: Unknown VALIDATION_ALG:type=2, length=0
2026-02-10 15:47:44.310 [cefgetfile] WARNING: Unknown VALIDATION_ALG:type=2, length=0
2026-02-10 15:47:44.311 [cefgetfile] WARNING: Unknown VALIDATION_ALG:type=2, length=0
2026-02-10 15:47:44.312 [cefgetfile] WARNING: Unknown VALIDATION_ALG:type=2, length=0
2026-02-10 15:47:44.312 [cefgetfile] WARNING: Unknown VALIDATION_ALG:type=2, length=0
2026-02-10 15:47:44.312 [cefgetfile] WARNING: Unknown VALIDATION_ALG:type=2, length=0
2026-02-10 15:47:44.313 [cefgetfile] WARNING: Unknown VALIDATION_ALG:type=2, length=0
2026-02-10 15:47:44.315 [cefgetfile] WARNING: Unknown VALIDATION_ALG:type=2, length=0
2026-02-10 15:47:44.316 [cefgetfile] WARNING: Unknown VALIDATION_ALG:type=2, length=0
2026-02-10 15:47:44.316 [cefgetfile] WARNING: Unknown VALIDATION_ALG:type=2, length=0
2026-02-10 15:47:44.317 [cefgetfile] WARNING: Unknown VALIDATION_ALG:type=2, length=0
2026-02-10 15:47:44.317 [cefgetfile] WARNING: Unknown VALIDATION_ALG:type=2, length=0
2026-02-10 15:47:44.317 [cefgetfile] WARNING: Unknown VALIDATION_ALG:type=2, length=0
2026-02-10 15:47:44.320 [cefgetfile] WARNING: Unknown VALIDATION_ALG:type=2, length=0
2026-02-10 15:47:44.321 [cefgetfile] WARNING: Unknown VALIDATION_ALG:type=2, length=0
2026-02-10 15:47:44.321 [cefgetfile] WARNING: Unknown VALIDATION_ALG:type=2, length=0
2026-02-10 15:47:44.323 [cefgetfile] WARNING: Unknown VALIDATION_ALG:type=2, length=0
2026-02-10 15:47:44.323 [cefgetfile] WARNING: Unknown VALIDATION_ALG:type=2, length=0
2026-02-10 15:47:44.324 [cefgetfile] WARNING: Unknown VALIDATION_ALG:type=2, length=0
2026-02-10 15:47:44.324 [cefgetfile] WARNING: Unknown VALIDATION_ALG:type=2, length=0
2026-02-10 15:47:44.324 [cefgetfile] WARNING: Unknown VALIDATION_ALG:type=2, length=0
2026-02-10 15:47:44.325 [cefgetfile] WARNING: Unknown VALIDATION_ALG:type=2, length=0
2026-02-10 15:47:44.327 [cefgetfile] WARNING: Unknown VALIDATION_ALG:type=2, length=0
2026-02-10 15:47:44.327 [cefgetfile] WARNING: Unknown VALIDATION_ALG:type=2, length=0
2026-02-10 15:47:44.327 [cefgetfile] WARNING: Unknown VALIDATION_ALG:type=2, length=0
2026-02-10 15:47:44.328 [cefgetfile] WARNING: Unknown VALIDATION_ALG:type=2, length=0
2026-02-10 15:47:44.328 [cefgetfile] WARNING: Unknown VALIDATION_ALG:type=2, length=0
2026-02-10 15:47:44.328 [cefgetfile] WARNING: Unknown VALIDATION_ALG:type=2, length=0
2026-02-10 15:47:44.328 [cefgetfile] WARNING: Unknown VALIDATION_ALG:type=2, length=0
2026-02-10 15:47:44.329 [cefgetfile] WARNING: Unknown VALIDATION_ALG:type=2, length=0
2026-02-10 15:47:44.329 [cefgetfile] WARNING: Unknown VALIDATION_ALG:type=2, length=0
2026-02-10 15:47:44.329 [cefgetfile] WARNING: Unknown VALIDATION_ALG:type=2, length=0
2026-02-10 15:47:44.330 [cefgetfile] WARNING: Unknown VALIDATION_ALG:type=2, length=0
2026-02-10 15:47:44.330 [cefgetfile] WARNING: Unknown VALIDATION_ALG:type=2, length=0
2026-02-10 15:47:44.333 [cefgetfile] WARNING: Unknown VALIDATION_ALG:type=2, length=0
2026-02-10 15:47:44.334 [cefgetfile] WARNING: Unknown VALIDATION_ALG:type=2, length=0
2026-02-10 15:47:44.334 [cefgetfile] WARNING: Unknown VALIDATION_ALG:type=2, length=0
2026-02-10 15:47:44.334 [cefgetfile] WARNING: Unknown VALIDATION_ALG:type=2, length=0
2026-02-10 15:47:44.336 [cefgetfile] WARNING: Unknown VALIDATION_ALG:type=2, length=0
2026-02-10 15:47:44.336 [cefgetfile] WARNING: Unknown VALIDATION_ALG:type=2, length=0
2026-02-10 15:47:44.337 [cefgetfile] WARNING: Unknown VALIDATION_ALG:type=2, length=0
2026-02-10 15:47:44.337 [cefgetfile] WARNING: Unknown VALIDATION_ALG:type=2, length=0
2026-02-10 15:47:44.338 [cefgetfile] WARNING: Unknown VALIDATION_ALG:type=2, length=0
2026-02-10 15:47:44.338 [cefgetfile] WARNING: Unknown VALIDATION_ALG:type=2, length=0
2026-02-10 15:47:44.339 [cefgetfile] WARNING: Unknown VALIDATION_ALG:type=2, length=0
2026-02-10 15:47:44.339 [cefgetfile] WARNING: Unknown VALIDATION_ALG:type=2, length=0
2026-02-10 15:47:44.339 [cefgetfile] WARNING: Unknown VALIDATION_ALG:type=2, length=0
2026-02-10 15:47:44.340 [cefgetfile] WARNING: Unknown VALIDATION_ALG:type=2, length=0
2026-02-10 15:47:44.341 [cefgetfile] WARNING: Unknown VALIDATION_ALG:type=2, length=0
2026-02-10 15:47:44.341 [cefgetfile] WARNING: Unknown VALIDATION_ALG:type=2, length=0
2026-02-10 15:47:44.341 [cefgetfile] WARNING: Unknown VALIDATION_ALG:type=2, length=0
2026-02-10 15:47:44.342 [cefgetfile] WARNING: Unknown VALIDATION_ALG:type=2, length=0
2026-02-10 15:47:44.342 [cefgetfile] WARNING: Unknown VALIDATION_ALG:type=2, length=0
2026-02-10 15:47:44.342 [cefgetfile] WARNING: Unknown VALIDATION_ALG:type=2, length=0
2026-02-10 15:47:44.344 [cefgetfile] WARNING: Unknown VALIDATION_ALG:type=2, length=0
2026-02-10 15:47:44.345 [cefgetfile] WARNING: Unknown VALIDATION_ALG:type=2, length=0
2026-02-10 15:47:44.346 [cefgetfile] WARNING: Unknown VALIDATION_ALG:type=2, length=0
2026-02-10 15:47:44.347 [cefgetfile] WARNING: Unknown VALIDATION_ALG:type=2, length=0
2026-02-10 15:47:44.348 [cefgetfile] WARNING: Unknown VALIDATION_ALG:type=2, length=0
2026-02-10 15:47:44.350 [cefgetfile] WARNING: Unknown VALIDATION_ALG:type=2, length=0
2026-02-10 15:47:44.350 [cefgetfile] WARNING: Unknown VALIDATION_ALG:type=2, length=0
2026-02-10 15:47:44.351 [cefgetfile] WARNING: Unknown VALIDATION_ALG:type=2, length=0
2026-02-10 15:47:44.351 [cefgetfile] WARNING: Unknown VALIDATION_ALG:type=2, length=0
2026-02-10 15:47:44.352 [cefgetfile] WARNING: Unknown VALIDATION_ALG:type=2, length=0
2026-02-10 15:47:44.353 [cefgetfile] WARNING: Unknown VALIDATION_ALG:type=2, length=0
2026-02-10 15:47:44.356 [cefgetfile] WARNING: Unknown VALIDATION_ALG:type=2, length=0
2026-02-10 15:47:44.356 [cefgetfile] WARNING: Unknown VALIDATION_ALG:type=2, length=0
2026-02-10 15:47:44.357 [cefgetfile] WARNING: Unknown VALIDATION_ALG:type=2, length=0
2026-02-10 15:47:44.357 [cefgetfile] WARNING: Unknown VALIDATION_ALG:type=2, length=0
2026-02-10 15:47:44.357 [cefgetfile] WARNING: Unknown VALIDATION_ALG:type=2, length=0
2026-02-10 15:47:44.358 [cefgetfile] WARNING: Unknown VALIDATION_ALG:type=2, length=0
2026-02-10 15:47:44.358 [cefgetfile] WARNING: Unknown VALIDATION_ALG:type=2, length=0
2026-02-10 15:47:44.358 [cefgetfile] WARNING: Unknown VALIDATION_ALG:type=2, length=0
2026-02-10 15:47:44.362 [cefgetfile] WARNING: Unknown VALIDATION_ALG:type=2, length=0
2026-02-10 15:47:44.362 [cefgetfile] WARNING: Unknown VALIDATION_ALG:type=2, length=0
2026-02-10 15:47:44.363 [cefgetfile] WARNING: Unknown VALIDATION_ALG:type=2, length=0
2026-02-10 15:47:44.363 [cefgetfile] WARNING: Unknown VALIDATION_ALG:type=2, length=0
2026-02-10 15:47:44.363 [cefgetfile] WARNING: Unknown VALIDATION_ALG:type=2, length=0
2026-02-10 15:47:44.365 [cefgetfile] WARNING: Unknown VALIDATION_ALG:type=2, length=0
2026-02-10 15:47:44.365 [cefgetfile] WARNING: Unknown VALIDATION_ALG:type=2, length=0
2026-02-10 15:47:44.365 [cefgetfile] WARNING: Unknown VALIDATION_ALG:type=2, length=0
2026-02-10 15:47:44.366 [cefgetfile] WARNING: Unknown VALIDATION_ALG:type=2, length=0
2026-02-10 15:47:44.366 [cefgetfile] WARNING: Unknown VALIDATION_ALG:type=2, length=0
2026-02-10 15:47:44.366 [cefgetfile] WARNING: Unknown VALIDATION_ALG:type=2, length=0
2026-02-10 15:47:44.367 [cefgetfile] WARNING: Unknown VALIDATION_ALG:type=2, length=0
2026-02-10 15:47:44.367 [cefgetfile] WARNING: Unknown VALIDATION_ALG:type=2, length=0
2026-02-10 15:47:44.367 [cefgetfile] WARNING: Unknown VALIDATION_ALG:type=2, length=0
2026-02-10 15:47:44.368 [cefgetfile] WARNING: Unknown VALIDATION_ALG:type=2, length=0
2026-02-10 15:47:44.368 [cefgetfile] WARNING: Unknown VALIDATION_ALG:type=2, length=0
2026-02-10 15:47:44.369 [cefgetfile] WARNING: Unknown VALIDATION_ALG:type=2, length=0
2026-02-10 15:47:44.369 [cefgetfile] WARNING: Unknown VALIDATION_ALG:type=2, length=0
2026-02-10 15:47:44.369 [cefgetfile] WARNING: Unknown VALIDATION_ALG:type=2, length=0
2026-02-10 15:47:44.370 [cefgetfile] WARNING: Unknown VALIDATION_ALG:type=2, length=0
2026-02-10 15:47:44.378 [cefgetfile] WARNING: Unknown VALIDATION_ALG:type=2, length=0
2026-02-10 15:47:44.379 [cefgetfile] WARNING: Unknown VALIDATION_ALG:type=2, length=0
2026-02-10 15:47:44.379 [cefgetfile] WARNING: Unknown VALIDATION_ALG:type=2, length=0
2026-02-10 15:47:44.379 [cefgetfile] WARNING: Unknown VALIDATION_ALG:type=2, length=0
2026-02-10 15:47:44.380 [cefgetfile] WARNING: Unknown VALIDATION_ALG:type=2, length=0
2026-02-10 15:47:44.381 [cefgetfile] WARNING: Unknown VALIDATION_ALG:type=2, length=0
2026-02-10 15:47:44.381 [cefgetfile] WARNING: Unknown VALIDATION_ALG:type=2, length=0
2026-02-10 15:47:44.382 [cefgetfile] WARNING: Unknown VALIDATION_ALG:type=2, length=0
2026-02-10 15:47:44.382 [cefgetfile] WARNING: Unknown VALIDATION_ALG:type=2, length=0
2026-02-10 15:47:44.384 [cefgetfile] WARNING: Unknown VALIDATION_ALG:type=2, length=0
2026-02-10 15:47:44.384 [cefgetfile] WARNING: Unknown VALIDATION_ALG:type=2, length=0
2026-02-10 15:47:44.385 [cefgetfile] WARNING: Unknown VALIDATION_ALG:type=2, length=0
2026-02-10 15:47:44.385 [cefgetfile] WARNING: Unknown VALIDATION_ALG:type=2, length=0
2026-02-10 15:47:44.385 [cefgetfile] WARNING: Unknown VALIDATION_ALG:type=2, length=0
2026-02-10 15:47:44.385 [cefgetfile] WARNING: Unknown VALIDATION_ALG:type=2, length=0
2026-02-10 15:47:44.386 [cefgetfile] WARNING: Unknown VALIDATION_ALG:type=2, length=0
2026-02-10 15:47:44.386 [cefgetfile] WARNING: Unknown VALIDATION_ALG:type=2, length=0
2026-02-10 15:47:44.386 [cefgetfile] WARNING: Unknown VALIDATION_ALG:type=2, length=0
2026-02-10 15:47:44.387 [cefgetfile] WARNING: Unknown VALIDATION_ALG:type=2, length=0
2026-02-10 15:47:44.387 [cefgetfile] WARNING: Unknown VALIDATION_ALG:type=2, length=0
2026-02-10 15:47:44.387 [cefgetfile] WARNING: Unknown VALIDATION_ALG:type=2, length=0
2026-02-10 15:47:44.387 [cefgetfile] WARNING: Unknown VALIDATION_ALG:type=2, length=0
2026-02-10 15:47:44.387 [cefgetfile] WARNING: Unknown VALIDATION_ALG:type=2, length=0
2026-02-10 15:47:44.387 [cefgetfile] WARNING: Unknown VALIDATION_ALG:type=2, length=0
2026-02-10 15:47:44.391 [cefgetfile] WARNING: Unknown VALIDATION_ALG:type=2, length=0
2026-02-10 15:47:44.391 [cefgetfile] WARNING: Unknown VALIDATION_ALG:type=2, length=0
2026-02-10 15:47:44.392 [cefgetfile] WARNING: Unknown VALIDATION_ALG:type=2, length=0
2026-02-10 15:47:44.392 [cefgetfile] WARNING: Unknown VALIDATION_ALG:type=2, length=0
2026-02-10 15:47:44.392 [cefgetfile] WARNING: Unknown VALIDATION_ALG:type=2, length=0
2026-02-10 15:47:44.393 [cefgetfile] WARNING: Unknown VALIDATION_ALG:type=2, length=0
2026-02-10 15:47:44.393 [cefgetfile] WARNING: Unknown VALIDATION_ALG:type=2, length=0
2026-02-10 15:47:44.393 [cefgetfile] WARNING: Unknown VALIDATION_ALG:type=2, length=0
2026-02-10 15:47:44.394 [cefgetfile] WARNING: Unknown VALIDATION_ALG:type=2, length=0
2026-02-10 15:47:44.395 [cefgetfile] WARNING: Unknown VALIDATION_ALG:type=2, length=0
2026-02-10 15:47:44.395 [cefgetfile] WARNING: Unknown VALIDATION_ALG:type=2, length=0
2026-02-10 15:47:44.396 [cefgetfile] WARNING: Unknown VALIDATION_ALG:type=2, length=0
2026-02-10 15:47:44.396 [cefgetfile] WARNING: Unknown VALIDATION_ALG:type=2, length=0
2026-02-10 15:47:44.396 [cefgetfile] WARNING: Unknown VALIDATION_ALG:type=2, length=0
2026-02-10 15:47:44.397 [cefgetfile] WARNING: Unknown VALIDATION_ALG:type=2, length=0
2026-02-10 15:47:44.397 [cefgetfile] WARNING: Unknown VALIDATION_ALG:type=2, length=0
2026-02-10 15:47:44.398 [cefgetfile] WARNING: Unknown VALIDATION_ALG:type=2, length=0
2026-02-10 15:47:44.398 [cefgetfile] WARNING: Unknown VALIDATION_ALG:type=2, length=0
2026-02-10 15:47:44.398 [cefgetfile] WARNING: Unknown VALIDATION_ALG:type=2, length=0
2026-02-10 15:47:44.399 [cefgetfile] WARNING: Unknown VALIDATION_ALG:type=2, length=0
2026-02-10 15:47:44.399 [cefgetfile] WARNING: Unknown VALIDATION_ALG:type=2, length=0
2026-02-10 15:47:44.399 [cefgetfile] WARNING: Unknown VALIDATION_ALG:type=2, length=0
2026-02-10 15:47:44.400 [cefgetfile] WARNING: Unknown VALIDATION_ALG:type=2, length=0
[cefgetfile] Completed to get all the chunks.
[cefgetfile] Unconnect to cefnetd ... OK
[cefgetfile] Terminate
[cefgetfile] Rx Frames (All)           = 424
[cefgetfile] Rx Frames (ContentObject) = 424
[cefgetfile] Rx Bytes (All)            = 449926
[cefgetfile] Rx Bytes (ContentObject)  = 433390
[cefgetfile] Duration                  = 0.736 sec
[cefgetfile] Throughput                = 4899753 bps
[cefgetfile] Goodput                   = 4719674 bps
[cefgetfile] Jitter (Ave)              = 1732 us
[cefgetfile] Jitter (Max)              = 239493 us
[cefgetfile] Jitter (Var)              = 139089229 us
