[cefgetfile] Start
[cefgetfile] Parsing parameters ...OK
2026-01-30 16:12:38.263 [cefgetfile] INFO: [client] Config directory is ./h0
2026-01-30 16:12:38.263 [cefgetfile] INFO: [client] Local Socket Name is /tmp/cef_9695.0
2026-01-30 16:12:38.263 [cefgetfile] INFO: [client] Listen Port is 9695
[cefgetfile] Init Cefore Client package ... OK
[cefgetfile] Conversion from URI into Name ... OK
[cefgetfile] Checking the output file ... OK
[cefgetfile] Connect to cefnetd ... OK
[cefgetfile] URI=ccnx:/test/experiment/content10
[cefgetfile] Start sending Interests
[cefgetfile] Completed to get all the chunks.
[cefgetfile] Unconnect to cefnetd ... OK
[cefgetfile] Terminate
[cefgetfile] Rx Frames (All)           = 424
[cefgetfile] Rx Frames (ContentObject) = 424
[cefgetfile] Rx Bytes (All)            = 451622
[cefgetfile] Rx Bytes (ContentObject)  = 433390
[cefgetfile] Duration                  = 0.272 sec
[cefgetfile] Throughput                = 13336739 bps
[cefgetfile] Goodput                   = 12798334 bps
[cefgetfile] Jitter (Ave)              = 638 us
[cefgetfile] Jitter (Max)              = 6392 us
[cefgetfile] Jitter (Var)              = 633948 us
