[cefgetfile] Start
[cefgetfile] Parsing parameters ...OK
2026-01-30 16:34:26.506 [cefgetfile] INFO: [client] Config directory is ./h1
2026-01-30 16:34:26.506 [cefgetfile] INFO: [client] Local Socket Name is /tmp/cef_9695.1
2026-01-30 16:34:26.506 [cefgetfile] INFO: [client] Listen Port is 9695
[cefgetfile] Init Cefore Client package ... OK
[cefgetfile] Conversion from URI into Name ... OK
[cefgetfile] Checking the output file ... OK
[cefgetfile] Connect to cefnetd ... OK
[cefgetfile] URI=ccnx:/test/experiment/content6
[cefgetfile] Start sending Interests
[cefgetfile] Completed to get all the chunks.
[cefgetfile] Unconnect to cefnetd ... OK
[cefgetfile] Terminate
[cefgetfile] Rx Frames (All)           = 424
[cefgetfile] Rx Frames (ContentObject) = 424
[cefgetfile] Rx Bytes (All)            = 451198
[cefgetfile] Rx Bytes (ContentObject)  = 433390
[cefgetfile] Duration                  = 0.364 sec
[cefgetfile] Throughput                = 9937980 bps
[cefgetfile] Goodput                   = 9545746 bps
[cefgetfile] Jitter (Ave)              = 856 us
[cefgetfile] Jitter (Max)              = 8659 us
[cefgetfile] Jitter (Var)              = 876161 us
