[cefgetfile] Start
[cefgetfile] Parsing parameters ...OK
2026-01-30 16:12:01.001 [cefgetfile] INFO: [client] Config directory is ./h0
2026-01-30 16:12:01.001 [cefgetfile] INFO: [client] Local Socket Name is /tmp/cef_9695.0
2026-01-30 16:12:01.001 [cefgetfile] INFO: [client] Listen Port is 9695
[cefgetfile] Init Cefore Client package ... OK
[cefgetfile] Conversion from URI into Name ... OK
[cefgetfile] Checking the output file ... OK
[cefgetfile] Connect to cefnetd ... OK
[cefgetfile] URI=ccnx:/test/experiment/content8
[cefgetfile] Start sending Interests
[cefgetfile] Completed to get all the chunks.
[cefgetfile] Unconnect to cefnetd ... OK
[cefgetfile] Terminate
[cefgetfile] Rx Frames (All)           = 424
[cefgetfile] Rx Frames (ContentObject) = 424
[cefgetfile] Rx Bytes (All)            = 451198
[cefgetfile] Rx Bytes (ContentObject)  = 433390
[cefgetfile] Duration                  = 0.283 sec
[cefgetfile] Throughput                = 12808527 bps
[cefgetfile] Goodput                   = 12302997 bps
[cefgetfile] Jitter (Ave)              = 664 us
[cefgetfile] Jitter (Max)              = 12585 us
[cefgetfile] Jitter (Var)              = 1452886 us
