[cefgetfile] Start
[cefgetfile] Parsing parameters ...OK
2026-02-10 15:48:06.815 [cefgetfile] INFO: [client] Config directory is ./h0
2026-02-10 15:48:06.815 [cefgetfile] INFO: [client] Local Socket Name is /tmp/cef_9695.0
2026-02-10 15:48:06.815 [cefgetfile] INFO: [client] Listen Port is 9695
[cefgetfile] Init Cefore Client package ... OK
[cefgetfile] Conversion from URI into Name ... OK
[cefgetfile] Checking the output file ... OK
[cefgetfile] Connect to cefnetd ... OK
[cefgetfile] URI=ccnx:/test/data/content1
[cefgetfile] Start sending Interests
2026-02-10 15:48:06.848 [cefgetfile] WARNING: Unknown VALIDATION_ALG:type=2, length=0
2026-02-10 15:48:06.848 [cefgetfile] WARNING: Unknown VALIDATION_ALG:type=2, length=0
2026-02-10 15:48:06.848 [cefgetfile] WARNING: Unknown VALIDATION_ALG:type=2, length=0
2026-02-10 15:48:06.849 [cefgetfile] WARNING: Unknown VALIDATION_ALG:type=2, length=0
2026-02-10 15:48:06.851 [cefgetfile] WARNING: Unknown VALIDATION_ALG:type=2, length=0
2026-02-10 15:48:06.852 [cefgetfile] WARNING: Unknown VALIDATION_ALG:type=2, length=0
2026-02-10 15:48:06.852 [cefgetfile] WARNING: Unknown VALIDATION_ALG:type=2, length=0
2026-02-10 15:48:06.852 [cefgetfile] WARNING: Unknown VALIDATION_ALG:type=2, length=0
2026-02-10 15:48:06.855 [cefgetfile] WARNING: Unknown VALIDATION_ALG:type=2, length=0
2026-02-10 15:48:06.856 [cefgetfile] WARNING: Unknown VALIDATION_ALG:type=2, length=0
2026-02-10 15:48:06.856 [cefgetfile] WARNING: Unknown VALIDATION_ALG:type=2, length=0
2026-02-10 15:48:06.857 [cefgetfile] WARNING: Unknown VALIDATION_ALG:type=2, length=0
2026-02-10 15:48:06.859 [cefgetfile] WARNING: Unknown VALIDATION_ALG:type=2, length=0
2026-02-10 15:48:06.860 [cefgetfile] WARNING: Unknown VALIDATION_ALG:type=2, length=0
2026-02-10 15:48:06.860 [cefgetfile] WARNING: Unknown VALIDATION_ALG:type=2, length=0
2026-02-10 15:48:06.861 [cefgetfile] WARNING: Unknown VALIDATION_ALG:type=2, length=0
2026-02-10 15:48:06.863 [cefgetfile] WARNING: Unknown VALIDATION_ALG:type=2, length=0
2026-02-10 15:48:06.863 [cefgetfile] WARNING: Unknown VALIDATION_ALG:type=2, length=0
2026-02-10 15:48:06.864 [cefgetfile] WARNING: Unknown VALIDATION_ALG:type=2, length=0
2026-02-10 15:48:06.865 [cefgetfile] WARNING: Unknown VALIDATION_ALG:type=2, length=0
2026-02-10 15:48:06.866 [cefgetfile] WARNING: Unknown VALIDATION_ALG:type=2, length=0
2026-02-10 15:48:06.867 [cefgetfile] WARNING: Unknown VALIDATION_ALG:type=2, length=0
2026-02-10 15:48:06.868 [cefgetfile] WARNING: Unknown VALIDATION_ALG:type=2, length=0
2026-02-10 15:48:06.869 [cefgetfile] WARNING: Unknown VALIDATION_ALG:type=2, length=0
2026-02-10 15:48:06.870 [cefgetfile] WARNING: Unknown VALIDATION_ALG:type=2, length=0
2026-02-10 15:48:06.871 [cefgetfile] WARNING: Unknown VALIDATION_ALG:type=2, length=0
2026-02-10 15:48:06.871 [cefgetfile] WARNING: Unknown VALIDATION_ALG:type=2, length=0
2026-02-10 15:48:06.872 [cefgetfile] WARNING: Unknown VALIDATION_ALG:type=2, length=0
2026-02-10 15:48:06.873 [cefgetfile] WARNING: Unknown VALIDATION_ALG:type=2, length=0
2026-02-10 15:48:06.874 [cefgetfile] WARNING: Unknown VALIDATION_ALG:type=2, length=0
2026-02-10 15:48:06.875 [cefgetfile] WARNING: Unknown VALIDATION_ALG:type=2, length=0
2026-02-10 15:48:06.875 [cefgetfile] WARNING: Unknown VALIDATION_ALG:type=2, length=0
2026-02-10 15:48:06.878 [cefgetfile] WARNING: Unknown VALIDATION_ALG:type=2, length=0
2026-02-10 15:48:06.878 [cefgetfile] WARNING: Unknown VALIDATION_ALG:type=2, length=0
2026-02-10 15:48:06.878 [cefgetfile] WARNING: Unknown VALIDATION_ALG:type=2, length=0
2026-02-10 15:48:06.879 [cefgetfile] WARNING: Unknown VALIDATION_ALG:type=2, length=0
2026-02-10 15:48:06.882 [cefgetfile] WARNING: Unknown VALIDATION_ALG:type=2, length=0
2026-02-10 15:48:06.882 [cefgetfile] WARNING: Unknown VALIDATION_ALG:type=2, length=0
2026-02-10 15:48:06.883 [cefgetfile] WARNING: Unknown VALIDATION_ALG:type=2, length=0
2026-02-10 15:48:06.884 [cefgetfile] WARNING: Unknown VALIDATION_ALG:type=2, length=0
2026-02-10 15:48:06.885 [cefgetfile] WARNING: Unknown VALIDATION_ALG:type=2, length=0
2026-02-10 15:48:06.887 [cefgetfile] WARNING: Unknown VALIDATION_ALG:type=2, length=0
2026-02-10 15:48:06.888 [cefgetfile] WARNING: Unknown VALIDATION_ALG:type=2, length=0
2026-02-10 15:48:06.888 [cefgetfile] WARNING: Unknown VALIDATION_ALG:type=2, length=0
2026-02-10 15:48:06.890 [cefgetfile] WARNING: Unknown VALIDATION_ALG:type=2, length=0
2026-02-10 15:48:06.891 [cefgetfile] WARNING: Unknown VALIDATION_ALG:type=2, length=0
2026-02-10 15:48:06.892 [cefgetfile] WARNING: Unknown VALIDATION_ALG:type=2, length=0
2026-02-10 15:48:06.893 [cefgetfile] WARNING: Unknown VALIDATION_ALG:type=2, length=0
2026-02-10 15:48:06.896 [cefgetfile] WARNING: Unknown VALIDATION_ALG:type=2, length=0
2026-02-10 15:48:06.897 [cefgetfile] WARNING: Unknown VALIDATION_ALG:type=2, length=0
2026-02-10 15:48:06.898 [cefgetfile] WARNING: Unknown VALIDATION_ALG:type=2, length=0
2026-02-10 15:48:06.899 [cefgetfile] WARNING: Unknown VALIDATION_ALG:type=2, length=0
2026-02-10 15:48:06.900 [cefgetfile] WARNING: Unknown VALIDATION_ALG:type=2, length=0
2026-02-10 15:48:06.902 [cefgetfile] WARNING: Unknown VALIDATION_ALG:type=2, length=0
2026-02-10 15:48:06.903 [cefgetfile] WARNING: Unknown VALIDATION_ALG:type=2, length=0
2026-02-10 15:48:06.904 [cefgetfile] WARNING: Unknown VALIDATION_ALG:type=2, length=0
2026-02-10 15:48:06.905 [cefgetfile] WARNING: Unknown VALIDATION_ALG:type=2, length=0
2026-02-10 15:48:06.906 [cefgetfile] WARNING: Unknown VALIDATION_ALG:type=2, length=0
2026-02-10 15:48:06.908 [cefgetfile] WARNING: Unknown VALIDATION_ALG:type=2, length=0
2026-02-10 15:48:06.908 [cefgetfile] WARNING: Unknown VALIDATION_ALG:type=2, length=0
2026-02-10 15:48:06.909 [cefgetfile] WARNING: Unknown VALIDATION_ALG:type=2, length=0
2026-02-10 15:48:06.911 [cefgetfile] WARNING: Unknown VALIDATION_ALG:type=2, length=0
2026-02-10 15:48:06.912 [cefgetfile] WARNING: Unknown VALIDATION_ALG:type=2, length=0
2026-02-10 15:48:06.913 [cefgetfile] WARNING: Unknown VALIDATION_ALG:type=2, length=0
2026-02-10 15:48:06.914 [cefgetfile] WARNING: Unknown VALIDATION_ALG:type=2, length=0
2026-02-10 15:48:06.915 [cefgetfile] WARNING: Unknown VALIDATION_ALG:type=2, length=0
2026-02-10 15:48:06.918 [cefgetfile] WARNING: Unknown VALIDATION_ALG:type=2, length=0
2026-02-10 15:48:06.919 [cefgetfile] WARNING: Unknown VALIDATION_ALG:type=2, length=0
2026-02-10 15:48:06.920 [cefgetfile] WARNING: Unknown VALIDATION_ALG:type=2, length=0
2026-02-10 15:48:06.920 [cefgetfile] WARNING: Unknown VALIDATION_ALG:type=2, length=0
2026-02-10 15:48:06.923 [cefgetfile] WARNING: Unknown VALIDATION_ALG:type=2, length=0
2026-02-10 15:48:06.924 [cefgetfile] WARNING: Unknown VALIDATION_ALG:type=2, length=0
2026-02-10 15:48:06.926 [cefgetfile] WARNING: Unknown VALIDATION_ALG:type=2, length=0
2026-02-10 15:48:06.927 [cefgetfile] WARNING: Unknown VALIDATION_ALG:type=2, length=0
2026-02-10 15:48:06.928 [cefgetfile] WARNING: Unknown VALIDATION_ALG:type=2, length=0
2026-02-10 15:48:06.929 [cefgetfile] WARNING: Unknown VALIDATION_ALG:type=2, length=0
2026-02-10 15:48:06.930 [cefgetfile] WARNING: Unknown VALIDATION_ALG:type=2, length=0
2026-02-10 15:48:06.930 [cefgetfile] WARNING: Unknown VALIDATION_ALG:type=2, length=0
2026-02-10 15:48:06.932 [cefgetfile] WARNING: Unknown VALIDATION_ALG:type=2, length=0
2026-02-10 15:48:06.933 [cefgetfile] WARNING: Unknown VALIDATION_ALG:type=2, length=0
2026-02-10 15:48:06.934 [cefgetfile] WARNING: Unknown VALIDATION_ALG:type=2, length=0
2026-02-10 15:48:06.934 [cefgetfile] WARNING: Unknown VALIDATION_ALG:type=2, length=0
2026-02-10 15:48:06.936 [cefgetfile] WARNING: Unknown VALIDATION_ALG:type=2, length=0
2026-02-10 15:48:06.937 [cefgetfile] WARNING: Unknown VALIDATION_ALG:type=2, length=0
2026-02-10 15:48:06.939 [cefgetfile] WARNING: Unknown VALIDATION_ALG:type=2, length=0
2026-02-10 15:48:06.940 [cefgetfile] WARNING: Unknown VALIDATION_ALG:type=2, length=0
2026-02-10 15:48:06.942 [cefgetfile] WARNING: Unknown VALIDATION_ALG:type=2, length=0
2026-02-10 15:48:06.943 [cefgetfile] WARNING: Unknown VALIDATION_ALG:type=2, length=0
2026-02-10 15:48:06.944 [cefgetfile] WARNING: Unknown VALIDATION_ALG:type=2, length=0
2026-02-10 15:48:06.945 [cefgetfile] WARNING: Unknown VALIDATION_ALG:type=2, length=0
2026-02-10 15:48:06.947 [cefgetfile] WARNING: Unknown VALIDATION_ALG:type=2, length=0
2026-02-10 15:48:06.948 [cefgetfile] WARNING: Unknown VALIDATION_ALG:type=2, length=0
2026-02-10 15:48:06.949 [cefgetfile] WARNING: Unknown VALIDATION_ALG:type=2, length=0
2026-02-10 15:48:06.950 [cefgetfile] WARNING: Unknown VALIDATION_ALG:type=2, length=0
2026-02-10 15:48:06.950 [cefgetfile] WARNING: Unknown VALIDATION_ALG:type=2, length=0
2026-02-10 15:48:06.952 [cefgetfile] WARNING: Unknown VALIDATION_ALG:type=2, length=0
2026-02-10 15:48:06.954 [cefgetfile] WARNING: Unknown VALIDATION_ALG:type=2, length=0
2026-02-10 15:48:06.955 [cefgetfile] WARNING: Unknown VALIDATION_ALG:type=2, length=0
2026-02-10 15:48:06.956 [cefgetfile] WARNING: Unknown VALIDATION_ALG:type=2, length=0
2026-02-10 15:48:06.957 [cefgetfile] WARNING: Unknown VALIDATION_ALG:type=2, length=0
2026-02-10 15:48:06.958 [cefgetfile] WARNING: Unknown VALIDATION_ALG:type=2, length=0
2026-02-10 15:48:06.959 [cefgetfile] WARNING: Unknown VALIDATION_ALG:type=2, length=0
2026-02-10 15:48:06.959 [cefgetfile] WARNING: Unknown VALIDATION_ALG:type=2, length=0
2026-02-10 15:48:06.961 [cefgetfile] WARNING: Unknown VALIDATION_ALG:type=2, length=0
2026-02-10 15:48:06.962 [cefgetfile] WARNING: Unknown VALIDATION_ALG:type=2, length=0
2026-02-10 15:48:06.963 [cefgetfile] WARNING: Unknown VALIDATION_ALG:type=2, length=0
2026-02-10 15:48:06.963 [cefgetfile] WARNING: Unknown VALIDATION_ALG:type=2, length=0
2026-02-10 15:48:06.965 [cefgetfile] WARNING: Unknown VALIDATION_ALG:type=2, length=0
2026-02-10 15:48:06.966 [cefgetfile] WARNING: Unknown VALIDATION_ALG:type=2, length=0
2026-02-10 15:48:06.967 [cefgetfile] WARNING: Unknown VALIDATION_ALG:type=2, length=0
2026-02-10 15:48:06.969 [cefgetfile] WARNING: Unknown VALIDATION_ALG:type=2, length=0
2026-02-10 15:48:06.970 [cefgetfile] WARNING: Unknown VALIDATION_ALG:type=2, length=0
2026-02-10 15:48:06.972 [cefgetfile] WARNING: Unknown VALIDATION_ALG:type=2, length=0
2026-02-10 15:48:06.973 [cefgetfile] WARNING: Unknown VALIDATION_ALG:type=2, length=0
2026-02-10 15:48:06.973 [cefgetfile] WARNING: Unknown VALIDATION_ALG:type=2, length=0
2026-02-10 15:48:06.974 [cefgetfile] WARNING: Unknown VALIDATION_ALG:type=2, length=0
2026-02-10 15:48:06.976 [cefgetfile] WARNING: Unknown VALIDATION_ALG:type=2, length=0
2026-02-10 15:48:06.976 [cefgetfile] WARNING: Unknown VALIDATION_ALG:type=2, length=0
2026-02-10 15:48:06.977 [cefgetfile] WARNING: Unknown VALIDATION_ALG:type=2, length=0
2026-02-10 15:48:06.977 [cefgetfile] WARNING: Unknown VALIDATION_ALG:type=2, length=0
2026-02-10 15:48:06.980 [cefgetfile] WARNING: Unknown VALIDATION_ALG:type=2, length=0
2026-02-10 15:48:06.981 [cefgetfile] WARNING: Unknown VALIDATION_ALG:type=2, length=0
2026-02-10 15:48:06.981 [cefgetfile] WARNING: Unknown VALIDATION_ALG:type=2, length=0
2026-02-10 15:48:06.982 [cefgetfile] WARNING: Unknown VALIDATION_ALG:type=2, length=0
2026-02-10 15:48:06.985 [cefgetfile] WARNING: Unknown VALIDATION_ALG:type=2, length=0
2026-02-10 15:48:06.985 [cefgetfile] WARNING: Unknown VALIDATION_ALG:type=2, length=0
2026-02-10 15:48:06.986 [cefgetfile] WARNING: Unknown VALIDATION_ALG:type=2, length=0
2026-02-10 15:48:06.987 [cefgetfile] WARNING: Unknown VALIDATION_ALG:type=2, length=0
2026-02-10 15:48:06.988 [cefgetfile] WARNING: Unknown VALIDATION_ALG:type=2, length=0
2026-02-10 15:48:06.989 [cefgetfile] WARNING: Unknown VALIDATION_ALG:type=2, length=0
2026-02-10 15:48:06.990 [cefgetfile] WARNING: Unknown VALIDATION_ALG:type=2, length=0
2026-02-10 15:48:06.990 [cefgetfile] WARNING: Unknown VALIDATION_ALG:type=2, length=0
2026-02-10 15:48:06.991 [cefgetfile] WARNING: Unknown VALIDATION_ALG:type=2, length=0
2026-02-10 15:48:06.992 [cefgetfile] WARNING: Unknown VALIDATION_ALG:type=2, length=0
2026-02-10 15:48:06.993 [cefgetfile] WARNING: Unknown VALIDATION_ALG:type=2, length=0
2026-02-10 15:48:06.994 [cefgetfile] WARNING: Unknown VALIDATION_ALG:type=2, length=0
2026-02-10 15:48:06.995 [cefgetfile] WARNING: Unknown VALIDATION_ALG:type=2, length=0
2026-02-10 15:48:06.996 [cefgetfile] WARNING: Unknown VALIDATION_ALG:type=2, length=0
2026-02-10 15:48:06.997 [cefgetfile] WARNING: Unknown VALIDATION_ALG:type=2, length=0
2026-02-10 15:48:06.997 [cefgetfile] WARNING: Unknown VALIDATION_ALG:type=2, length=0
2026-02-10 15:48:06.998 [cefgetfile] WARNING: Unknown VALIDATION_ALG:type=2, length=0
2026-02-10 15:48:06.999 [cefgetfile] WARNING: Unknown VALIDATION_ALG:type=2, length=0
2026-02-10 15:48:06.000 [cefgetfile] WARNING: Unknown VALIDATION_ALG:type=2, length=0
2026-02-10 15:48:06.001 [cefgetfile] WARNING: Unknown VALIDATION_ALG:type=2, length=0
2026-02-10 15:48:07.001 [cefgetfile] WARNING: Unknown VALIDATION_ALG:type=2, length=0
2026-02-10 15:48:07.002 [cefgetfile] WARNING: Unknown VALIDATION_ALG:type=2, length=0
2026-02-10 15:48:07.003 [cefgetfile] WARNING: Unknown VALIDATION_ALG:type=2, length=0
2026-02-10 15:48:07.004 [cefgetfile] WARNING: Unknown VALIDATION_ALG:type=2, length=0
2026-02-10 15:48:07.004 [cefgetfile] WARNING: Unknown VALIDATION_ALG:type=2, length=0
2026-02-10 15:48:07.004 [cefgetfile] WARNING: Unknown VALIDATION_ALG:type=2, length=0
2026-02-10 15:48:07.006 [cefgetfile] WARNING: Unknown VALIDATION_ALG:type=2, length=0
2026-02-10 15:48:07.006 [cefgetfile] WARNING: Unknown VALIDATION_ALG:type=2, length=0
2026-02-10 15:48:07.007 [cefgetfile] WARNING: Unknown VALIDATION_ALG:type=2, length=0
2026-02-10 15:48:07.008 [cefgetfile] WARNING: Unknown VALIDATION_ALG:type=2, length=0
2026-02-10 15:48:07.009 [cefgetfile] WARNING: Unknown VALIDATION_ALG:type=2, length=0
2026-02-10 15:48:07.009 [cefgetfile] WARNING: Unknown VALIDATION_ALG:type=2, length=0
2026-02-10 15:48:07.010 [cefgetfile] WARNING: Unknown VALIDATION_ALG:type=2, length=0
2026-02-10 15:48:07.011 [cefgetfile] WARNING: Unknown VALIDATION_ALG:type=2, length=0
2026-02-10 15:48:07.011 [cefgetfile] WARNING: Unknown VALIDATION_ALG:type=2, length=0
2026-02-10 15:48:07.012 [cefgetfile] WARNING: Unknown VALIDATION_ALG:type=2, length=0
2026-02-10 15:48:07.013 [cefgetfile] WARNING: Unknown VALIDATION_ALG:type=2, length=0
2026-02-10 15:48:07.014 [cefgetfile] WARNING: Unknown VALIDATION_ALG:type=2, length=0
2026-02-10 15:48:07.015 [cefgetfile] WARNING: Unknown VALIDATION_ALG:type=2, length=0
2026-02-10 15:48:07.015 [cefgetfile] WARNING: Unknown VALIDATION_ALG:type=2, length=0
2026-02-10 15:48:07.016 [cefgetfile] WARNING: Unknown VALIDATION_ALG:type=2, length=0
2026-02-10 15:48:07.016 [cefgetfile] WARNING: Unknown VALIDATION_ALG:type=2, length=0
2026-02-10 15:48:07.017 [cefgetfile] WARNING: Unknown VALIDATION_ALG:type=2, length=0
2026-02-10 15:48:07.018 [cefgetfile] WARNING: Unknown VALIDATION_ALG:type=2, length=0
2026-02-10 15:48:07.018 [cefgetfile] WARNING: Unknown VALIDATION_ALG:type=2, length=0
2026-02-10 15:48:07.019 [cefgetfile] WARNING: Unknown VALIDATION_ALG:type=2, length=0
2026-02-10 15:48:07.019 [cefgetfile] WARNING: Unknown VALIDATION_ALG:type=2, length=0
2026-02-10 15:48:07.020 [cefgetfile] WARNING: Unknown VALIDATION_ALG:type=2, length=0
2026-02-10 15:48:07.021 [cefgetfile] WARNING: Unknown VALIDATION_ALG:type=2, length=0
2026-02-10 15:48:07.021 [cefgetfile] WARNING: Unknown VALIDATION_ALG:type=2, length=0
2026-02-10 15:48:07.022 [cefgetfile] WARNING: Unknown VALIDATION_ALG:type=2, length=0
2026-02-10 15:48:07.023 [cefgetfile] WARNING: Unknown VALIDATION_ALG:type=2, length=0
2026-02-10 15:48:07.024 [cefgetfile] WARNING: Unknown VALIDATION_ALG:type=2, length=0
2026-02-10 15:48:07.024 [cefgetfile] WARNING: Unknown VALIDATION_ALG:type=2, length=0
2026-02-10 15:48:07.025 [cefgetfile] WARNING: Unknown VALIDATION_ALG:type=2, length=0
2026-02-10 15:48:07.026 [cefgetfile] WARNING: Unknown VALIDATION_ALG:type=2, length=0
2026-02-10 15:48:07.028 [cefgetfile] WARNING: Unknown VALIDATION_ALG:type=2, length=0
2026-02-10 15:48:07.029 [cefgetfile] WARNING: Unknown VALIDATION_ALG:type=2, length=0
2026-02-10 15:48:07.030 [cefgetfile] WARNING: Unknown VALIDATION_ALG:type=2, length=0
2026-02-10 15:48:07.031 [cefgetfile] WARNING: Unknown VALIDATION_ALG:type=2, length=0
2026-02-10 15:48:07.031 [cefgetfile] WARNING: Unknown VALIDATION_ALG:type=2, length=0
2026-02-10 15:48:07.032 [cefgetfile] WARNING: Unknown VALIDATION_ALG:type=2, length=0
2026-02-10 15:48:07.033 [cefgetfile] WARNING: Unknown VALIDATION_ALG:type=2, length=0
2026-02-10 15:48:07.033 [cefgetfile] WARNING: Unknown VALIDATION_ALG:type=2, length=0
2026-02-10 15:48:07.034 [cefgetfile] WARNING: Unknown VALIDATION_ALG:type=2, length=0
2026-02-10 15:48:07.034 [cefgetfile] WARNING: Unknown VALIDATION_ALG:type=2, length=0
2026-02-10 15:48:07.034 [cefgetfile] WARNING: Unknown VALIDATION_ALG:type=2, length=0
2026-02-10 15:48:07.035 [cefgetfile] WARNING: Unknown VALIDATION_ALG:type=2, length=0
2026-02-10 15:48:07.036 [cefgetfile] WARNING: Unknown VALIDATION_ALG:type=2, length=0
2026-02-10 15:48:07.036 [cefgetfile] WARNING: Unknown VALIDATION_ALG:type=2, length=0
2026-02-10 15:48:07.037 [cefgetfile] WARNING: Unknown VALIDATION_ALG:type=2, length=0
2026-02-10 15:48:07.037 [cefgetfile] WARNING: Unknown VALIDATION_ALG:type=2, length=0
2026-02-10 15:48:07.038 [cefgetfile] WARNING: Unknown VALIDATION_ALG:type=2, length=0
2026-02-10 15:48:07.038 [cefgetfile] WARNING: Unknown VALIDATION_ALG:type=2, length=0
2026-02-10 15:48:07.038 [cefgetfile] WARNING: Unknown VALIDATION_ALG:type=2, length=0
2026-02-10 15:48:07.039 [cefgetfile] WARNING: Unknown VALIDATION_ALG:type=2, length=0
2026-02-10 15:48:07.040 [cefgetfile] WARNING: Unknown VALIDATION_ALG:type=2, length=0
2026-02-10 15:48:07.040 [cefgetfile] WARNING: Unknown VALIDATION_ALG:type=2, length=0
2026-02-10 15:48:07.040 [cefgetfile] WARNING: Unknown VALIDATION_ALG:type=2, length=0
2026-02-10 15:48:07.041 [cefgetfile] WARNING: Unknown VALIDATION_ALG:type=2, length=0
2026-02-10 15:48:07.042 [cefgetfile] WARNING: Unknown VALIDATION_ALG:type=2, length=0
2026-02-10 15:48:07.042 [cefgetfile] WARNING: Unknown VALIDATION_ALG:type=2, length=0
2026-02-10 15:48:07.042 [cefgetfile] WARNING: Unknown VALIDATION_ALG:type=2, length=0
2026-02-10 15:48:07.043 [cefgetfile] WARNING: Unknown VALIDATION_ALG:type=2, length=0
2026-02-10 15:48:07.043 [cefgetfile] WARNING: Unknown VALIDATION_ALG:type=2, length=0
2026-02-10 15:48:07.043 [cefgetfile] WARNING: Unknown VALIDATION_ALG:type=2, length=0
2026-02-10 15:48:07.044 [cefgetfile] WARNING: Unknown VALIDATION_ALG:type=2, length=0
2026-02-10 15:48:07.044 [cefgetfile] WARNING: Unknown VALIDATION_ALG:type=2, length=0
2026-02-10 15:48:07.045 [cefgetfile] WARNING: Unknown VALIDATION_ALG:type=2, length=0
2026-02-10 15:48:07.045 [cefgetfile] WARNING: Unknown VALIDATION_ALG:type=2, length=0
2026-02-10 15:48:07.046 [cefgetfile] WARNING: Unknown VALIDATION_ALG:type=2, length=0
2026-02-10 15:48:07.046 [cefgetfile] WARNING: Unknown VALIDATION_ALG:type=2, length=0
2026-02-10 15:48:07.046 [cefgetfile] WARNING: Unknown VALIDATION_ALG:type=2, length=0
2026-02-10 15:48:07.046 [cefgetfile] WARNING: Unknown VALIDATION_ALG:type=2, length=0
2026-02-10 15:48:07.047 [cefgetfile] WARNING: Unknown VALIDATION_ALG:type=2, length=0
2026-02-10 15:48:07.047 [cefgetfile] WARNING: Unknown VALIDATION_ALG:type=2, length=0
2026-02-10 15:48:07.048 [cefgetfile] WARNING: Unknown VALIDATION_ALG:type=2, length=0
2026-02-10 15:48:07.048 [cefgetfile] WARNING: Unknown VALIDATION_ALG:type=2, length=0
2026-02-10 15:48:07.049 [cefgetfile] WARNING: Unknown VALIDATION_ALG:type=2, length=0
2026-02-10 15:48:07.049 [cefgetfile] WARNING: Unknown VALIDATION_ALG:type=2, length=0
2026-02-10 15:48:07.049 [cefgetfile] WARNING: Unknown VALIDATION_ALG:type=2, length=0
2026-02-10 15:48:07.050 [cefgetfile] WARNING: Unknown VALIDATION_ALG:type=2, length=0
2026-02-10 15:48:07.050 [cefgetfile] WARNING: Unknown VALIDATION_ALG:type=2, length=0
2026-02-10 15:48:07.050 [cefgetfile] WARNING: Unknown VALIDATION_ALG:type=2, length=0
2026-02-10 15:48:07.051 [cefgetfile] WARNING: Unknown VALIDATION_ALG:type=2, length=0
2026-02-10 15:48:07.051 [cefgetfile] WARNING: Unknown VALIDATION_ALG:type=2, length=0
2026-02-10 15:48:07.051 [cefgetfile] WARNING: Unknown VALIDATION_ALG:type=2, length=0
2026-02-10 15:48:07.052 [cefgetfile] WARNING: Unknown VALIDATION_ALG:type=2, length=0
2026-02-10 15:48:07.052 [cefgetfile] WARNING: Unknown VALIDATION_ALG:type=2, length=0
2026-02-10 15:48:07.053 [cefgetfile] WARNING: Unknown VALIDATION_ALG:type=2, length=0
2026-02-10 15:48:07.053 [cefgetfile] WARNING: Unknown VALIDATION_ALG:type=2, length=0
2026-02-10 15:48:07.053 [cefgetfile] WARNING: Unknown VALIDATION_ALG:type=2, length=0
2026-02-10 15:48:07.054 [cefgetfile] WARNING: Unknown VALIDATION_ALG:type=2, length=0
2026-02-10 15:48:07.054 [cefgetfile] WARNING: Unknown VALIDATION_ALG:type=2, length=0
2026-02-10 15:48:07.055 [cefgetfile] WARNING: Unknown VALIDATION_ALG:type=2, length=0
2026-02-10 15:48:07.055 [cefgetfile] WARNING: Unknown VALIDATION_ALG:type=2, length=0
2026-02-10 15:48:07.055 [cefgetfile] WARNING: Unknown VALIDATION_ALG:type=2, length=0
2026-02-10 15:48:07.056 [cefgetfile] WARNING: Unknown VALIDATION_ALG:type=2, length=0
2026-02-10 15:48:07.056 [cefgetfile] WARNING: Unknown VALIDATION_ALG:type=2, length=0
2026-02-10 15:48:07.057 [cefgetfile] WARNING: Unknown VALIDATION_ALG:type=2, length=0
2026-02-10 15:48:07.058 [cefgetfile] WARNING: Unknown VALIDATION_ALG:type=2, length=0
2026-02-10 15:48:07.059 [cefgetfile] WARNING: Unknown VALIDATION_ALG:type=2, length=0
2026-02-10 15:48:07.060 [cefgetfile] WARNING: Unknown VALIDATION_ALG:type=2, length=0
2026-02-10 15:48:07.061 [cefgetfile] WARNING: Unknown VALIDATION_ALG:type=2, length=0
2026-02-10 15:48:07.062 [cefgetfile] WARNING: Unknown VALIDATION_ALG:type=2, length=0
2026-02-10 15:48:07.063 [cefgetfile] WARNING: Unknown VALIDATION_ALG:type=2, length=0
2026-02-10 15:48:07.064 [cefgetfile] WARNING: Unknown VALIDATION_ALG:type=2, length=0
2026-02-10 15:48:07.065 [cefgetfile] WARNING: Unknown VALIDATION_ALG:type=2, length=0
2026-02-10 15:48:07.065 [cefgetfile] WARNING: Unknown VALIDATION_ALG:type=2, length=0
2026-02-10 15:48:07.066 [cefgetfile] WARNING: Unknown VALIDATION_ALG:type=2, length=0
2026-02-10 15:48:07.068 [cefgetfile] WARNING: Unknown VALIDATION_ALG:type=2, length=0
2026-02-10 15:48:07.068 [cefgetfile] WARNING: Unknown VALIDATION_ALG:type=2, length=0
2026-02-10 15:48:07.069 [cefgetfile] WARNING: Unknown VALIDATION_ALG:type=2, length=0
2026-02-10 15:48:07.070 [cefgetfile] WARNING: Unknown VALIDATION_ALG:type=2, length=0
2026-02-10 15:48:07.071 [cefgetfile] WARNING: Unknown VALIDATION_ALG:type=2, length=0
2026-02-10 15:48:07.072 [cefgetfile] WARNING: Unknown VALIDATION_ALG:type=2, length=0
2026-02-10 15:48:07.072 [cefgetfile] WARNING: Unknown VALIDATION_ALG:type=2, length=0
2026-02-10 15:48:07.073 [cefgetfile] WARNING: Unknown VALIDATION_ALG:type=2, length=0
2026-02-10 15:48:07.074 [cefgetfile] WARNING: Unknown VALIDATION_ALG:type=2, length=0
2026-02-10 15:48:07.075 [cefgetfile] WARNING: Unknown VALIDATION_ALG:type=2, length=0
2026-02-10 15:48:07.076 [cefgetfile] WARNING: Unknown VALIDATION_ALG:type=2, length=0
2026-02-10 15:48:07.076 [cefgetfile] WARNING: Unknown VALIDATION_ALG:type=2, length=0
2026-02-10 15:48:07.082 [cefgetfile] WARNING: Unknown VALIDATION_ALG:type=2, length=0
2026-02-10 15:48:07.083 [cefgetfile] WARNING: Unknown VALIDATION_ALG:type=2, length=0
2026-02-10 15:48:07.084 [cefgetfile] WARNING: Unknown VALIDATION_ALG:type=2, length=0
2026-02-10 15:48:07.084 [cefgetfile] WARNING: Unknown VALIDATION_ALG:type=2, length=0
2026-02-10 15:48:07.086 [cefgetfile] WARNING: Unknown VALIDATION_ALG:type=2, length=0
2026-02-10 15:48:07.087 [cefgetfile] WARNING: Unknown VALIDATION_ALG:type=2, length=0
2026-02-10 15:48:07.087 [cefgetfile] WARNING: Unknown VALIDATION_ALG:type=2, length=0
2026-02-10 15:48:07.090 [cefgetfile] WARNING: Unknown VALIDATION_ALG:type=2, length=0
2026-02-10 15:48:07.092 [cefgetfile] WARNING: Unknown VALIDATION_ALG:type=2, length=0
2026-02-10 15:48:07.093 [cefgetfile] WARNING: Unknown VALIDATION_ALG:type=2, length=0
2026-02-10 15:48:07.093 [cefgetfile] WARNING: Unknown VALIDATION_ALG:type=2, length=0
2026-02-10 15:48:07.094 [cefgetfile] WARNING: Unknown VALIDATION_ALG:type=2, length=0
2026-02-10 15:48:07.094 [cefgetfile] WARNING: Unknown VALIDATION_ALG:type=2, length=0
2026-02-10 15:48:07.095 [cefgetfile] WARNING: Unknown VALIDATION_ALG:type=2, length=0
2026-02-10 15:48:07.095 [cefgetfile] WARNING: Unknown VALIDATION_ALG:type=2, length=0
2026-02-10 15:48:07.096 [cefgetfile] WARNING: Unknown VALIDATION_ALG:type=2, length=0
2026-02-10 15:48:07.097 [cefgetfile] WARNING: Unknown VALIDATION_ALG:type=2, length=0
2026-02-10 15:48:07.098 [cefgetfile] WARNING: Unknown VALIDATION_ALG:type=2, length=0
2026-02-10 15:48:07.099 [cefgetfile] WARNING: Unknown VALIDATION_ALG:type=2, length=0
2026-02-10 15:48:07.099 [cefgetfile] WARNING: Unknown VALIDATION_ALG:type=2, length=0
2026-02-10 15:48:07.099 [cefgetfile] WARNING: Unknown VALIDATION_ALG:type=2, length=0
2026-02-10 15:48:07.101 [cefgetfile] WARNING: Unknown VALIDATION_ALG:type=2, length=0
2026-02-10 15:48:07.101 [cefgetfile] WARNING: Unknown VALIDATION_ALG:type=2, length=0
2026-02-10 15:48:07.102 [cefgetfile] WARNING: Unknown VALIDATION_ALG:type=2, length=0
2026-02-10 15:48:07.102 [cefgetfile] WARNING: Unknown VALIDATION_ALG:type=2, length=0
2026-02-10 15:48:07.103 [cefgetfile] WARNING: Unknown VALIDATION_ALG:type=2, length=0
2026-02-10 15:48:07.103 [cefgetfile] WARNING: Unknown VALIDATION_ALG:type=2, length=0
2026-02-10 15:48:07.104 [cefgetfile] WARNING: Unknown VALIDATION_ALG:type=2, length=0
2026-02-10 15:48:07.104 [cefgetfile] WARNING: Unknown VALIDATION_ALG:type=2, length=0
2026-02-10 15:48:07.105 [cefgetfile] WARNING: Unknown VALIDATION_ALG:type=2, length=0
2026-02-10 15:48:07.106 [cefgetfile] WARNING: Unknown VALIDATION_ALG:type=2, length=0
2026-02-10 15:48:07.107 [cefgetfile] WARNING: Unknown VALIDATION_ALG:type=2, length=0
2026-02-10 15:48:07.108 [cefgetfile] WARNING: Unknown VALIDATION_ALG:type=2, length=0
2026-02-10 15:48:07.110 [cefgetfile] WARNING: Unknown VALIDATION_ALG:type=2, length=0
2026-02-10 15:48:07.111 [cefgetfile] WARNING: Unknown VALIDATION_ALG:type=2, length=0
2026-02-10 15:48:07.113 [cefgetfile] WARNING: Unknown VALIDATION_ALG:type=2, length=0
2026-02-10 15:48:07.115 [cefgetfile] WARNING: Unknown VALIDATION_ALG:type=2, length=0
2026-02-10 15:48:07.117 [cefgetfile] WARNING: Unknown VALIDATION_ALG:type=2, length=0
2026-02-10 15:48:07.118 [cefgetfile] WARNING: Unknown VALIDATION_ALG:type=2, length=0
2026-02-10 15:48:07.120 [cefgetfile] WARNING: Unknown VALIDATION_ALG:type=2, length=0
2026-02-10 15:48:07.121 [cefgetfile] WARNING: Unknown VALIDATION_ALG:type=2, length=0
2026-02-10 15:48:07.122 [cefgetfile] WARNING: Unknown VALIDATION_ALG:type=2, length=0
2026-02-10 15:48:07.123 [cefgetfile] WARNING: Unknown VALIDATION_ALG:type=2, length=0
2026-02-10 15:48:07.124 [cefgetfile] WARNING: Unknown VALIDATION_ALG:type=2, length=0
2026-02-10 15:48:07.125 [cefgetfile] WARNING: Unknown VALIDATION_ALG:type=2, length=0
2026-02-10 15:48:07.127 [cefgetfile] WARNING: Unknown VALIDATION_ALG:type=2, length=0
2026-02-10 15:48:07.129 [cefgetfile] WARNING: Unknown VALIDATION_ALG:type=2, length=0
2026-02-10 15:48:07.130 [cefgetfile] WARNING: Unknown VALIDATION_ALG:type=2, length=0
2026-02-10 15:48:07.130 [cefgetfile] WARNING: Unknown VALIDATION_ALG:type=2, length=0
2026-02-10 15:48:07.132 [cefgetfile] WARNING: Unknown VALIDATION_ALG:type=2, length=0
2026-02-10 15:48:07.132 [cefgetfile] WARNING: Unknown VALIDATION_ALG:type=2, length=0
2026-02-10 15:48:07.133 [cefgetfile] WARNING: Unknown VALIDATION_ALG:type=2, length=0
2026-02-10 15:48:07.134 [cefgetfile] WARNING: Unknown VALIDATION_ALG:type=2, length=0
2026-02-10 15:48:07.135 [cefgetfile] WARNING: Unknown VALIDATION_ALG:type=2, length=0
2026-02-10 15:48:07.136 [cefgetfile] WARNING: Unknown VALIDATION_ALG:type=2, length=0
2026-02-10 15:48:07.137 [cefgetfile] WARNING: Unknown VALIDATION_ALG:type=2, length=0
2026-02-10 15:48:07.138 [cefgetfile] WARNING: Unknown VALIDATION_ALG:type=2, length=0
2026-02-10 15:48:07.139 [cefgetfile] WARNING: Unknown VALIDATION_ALG:type=2, length=0
2026-02-10 15:48:07.140 [cefgetfile] WARNING: Unknown VALIDATION_ALG:type=2, length=0
2026-02-10 15:48:07.141 [cefgetfile] WARNING: Unknown VALIDATION_ALG:type=2, length=0
2026-02-10 15:48:07.142 [cefgetfile] WARNING: Unknown VALIDATION_ALG:type=2, length=0
2026-02-10 15:48:07.143 [cefgetfile] WARNING: Unknown VALIDATION_ALG:type=2, length=0
2026-02-10 15:48:07.143 [cefgetfile] WARNING: Unknown VALIDATION_ALG:type=2, length=0
2026-02-10 15:48:07.144 [cefgetfile] WARNING: Unknown VALIDATION_ALG:type=2, length=0
2026-02-10 15:48:07.145 [cefgetfile] WARNING: Unknown VALIDATION_ALG:type=2, length=0
2026-02-10 15:48:07.146 [cefgetfile] WARNING: Unknown VALIDATION_ALG:type=2, length=0
2026-02-10 15:48:07.146 [cefgetfile] WARNING: Unknown VALIDATION_ALG:type=2, length=0
2026-02-10 15:48:07.147 [cefgetfile] WARNING: Unknown VALIDATION_ALG:type=2, length=0
2026-02-10 15:48:07.148 [cefgetfile] WARNING: Unknown VALIDATION_ALG:type=2, length=0
2026-02-10 15:48:07.149 [cefgetfile] WARNING: Unknown VALIDATION_ALG:type=2, length=0
2026-02-10 15:48:07.150 [cefgetfile] WARNING: Unknown VALIDATION_ALG:type=2, length=0
2026-02-10 15:48:07.151 [cefgetfile] WARNING: Unknown VALIDATION_ALG:type=2, length=0
2026-02-10 15:48:07.151 [cefgetfile] WARNING: Unknown VALIDATION_ALG:type=2, length=0
2026-02-10 15:48:07.152 [cefgetfile] WARNING: Unknown VALIDATION_ALG:type=2, length=0
2026-02-10 15:48:07.153 [cefgetfile] WARNING: Unknown VALIDATION_ALG:type=2, length=0
2026-02-10 15:48:07.153 [cefgetfile] WARNING: Unknown VALIDATION_ALG:type=2, length=0
2026-02-10 15:48:07.154 [cefgetfile] WARNING: Unknown VALIDATION_ALG:type=2, length=0
2026-02-10 15:48:07.155 [cefgetfile] WARNING: Unknown VALIDATION_ALG:type=2, length=0
2026-02-10 15:48:07.155 [cefgetfile] WARNING: Unknown VALIDATION_ALG:type=2, length=0
2026-02-10 15:48:07.155 [cefgetfile] WARNING: Unknown VALIDATION_ALG:type=2, length=0
2026-02-10 15:48:07.156 [cefgetfile] WARNING: Unknown VALIDATION_ALG:type=2, length=0
2026-02-10 15:48:07.157 [cefgetfile] WARNING: Unknown VALIDATION_ALG:type=2, length=0
2026-02-10 15:48:07.157 [cefgetfile] WARNING: Unknown VALIDATION_ALG:type=2, length=0
2026-02-10 15:48:07.158 [cefgetfile] WARNING: Unknown VALIDATION_ALG:type=2, length=0
2026-02-10 15:48:07.158 [cefgetfile] WARNING: Unknown VALIDATION_ALG:type=2, length=0
2026-02-10 15:48:07.159 [cefgetfile] WARNING: Unknown VALIDATION_ALG:type=2, length=0
2026-02-10 15:48:07.159 [cefgetfile] WARNING: Unknown VALIDATION_ALG:type=2, length=0
2026-02-10 15:48:07.161 [cefgetfile] WARNING: Unknown VALIDATION_ALG:type=2, length=0
2026-02-10 15:48:07.161 [cefgetfile] WARNING: Unknown VALIDATION_ALG:type=2, length=0
2026-02-10 15:48:07.162 [cefgetfile] WARNING: Unknown VALIDATION_ALG:type=2, length=0
2026-02-10 15:48:07.163 [cefgetfile] WARNING: Unknown VALIDATION_ALG:type=2, length=0
2026-02-10 15:48:07.163 [cefgetfile] WARNING: Unknown VALIDATION_ALG:type=2, length=0
2026-02-10 15:48:07.164 [cefgetfile] WARNING: Unknown VALIDATION_ALG:type=2, length=0
2026-02-10 15:48:07.164 [cefgetfile] WARNING: Unknown VALIDATION_ALG:type=2, length=0
2026-02-10 15:48:07.165 [cefgetfile] WARNING: Unknown VALIDATION_ALG:type=2, length=0
2026-02-10 15:48:07.166 [cefgetfile] WARNING: Unknown VALIDATION_ALG:type=2, length=0
2026-02-10 15:48:07.166 [cefgetfile] WARNING: Unknown VALIDATION_ALG:type=2, length=0
2026-02-10 15:48:07.166 [cefgetfile] WARNING: Unknown VALIDATION_ALG:type=2, length=0
2026-02-10 15:48:07.168 [cefgetfile] WARNING: Unknown VALIDATION_ALG:type=2, length=0
2026-02-10 15:48:07.168 [cefgetfile] WARNING: Unknown VALIDATION_ALG:type=2, length=0
2026-02-10 15:48:07.169 [cefgetfile] WARNING: Unknown VALIDATION_ALG:type=2, length=0
2026-02-10 15:48:07.169 [cefgetfile] WARNING: Unknown VALIDATION_ALG:type=2, length=0
2026-02-10 15:48:07.171 [cefgetfile] WARNING: Unknown VALIDATION_ALG:type=2, length=0
2026-02-10 15:48:07.172 [cefgetfile] WARNING: Unknown VALIDATION_ALG:type=2, length=0
2026-02-10 15:48:07.172 [cefgetfile] WARNING: Unknown VALIDATION_ALG:type=2, length=0
2026-02-10 15:48:07.173 [cefgetfile] WARNING: Unknown VALIDATION_ALG:type=2, length=0
2026-02-10 15:48:07.174 [cefgetfile] WARNING: Unknown VALIDATION_ALG:type=2, length=0
2026-02-10 15:48:07.174 [cefgetfile] WARNING: Unknown VALIDATION_ALG:type=2, length=0
2026-02-10 15:48:07.175 [cefgetfile] WARNING: Unknown VALIDATION_ALG:type=2, length=0
2026-02-10 15:48:07.176 [cefgetfile] WARNING: Unknown VALIDATION_ALG:type=2, length=0
2026-02-10 15:48:07.176 [cefgetfile] WARNING: Unknown VALIDATION_ALG:type=2, length=0
2026-02-10 15:48:07.177 [cefgetfile] WARNING: Unknown VALIDATION_ALG:type=2, length=0
2026-02-10 15:48:07.178 [cefgetfile] WARNING: Unknown VALIDATION_ALG:type=2, length=0
2026-02-10 15:48:07.179 [cefgetfile] WARNING: Unknown VALIDATION_ALG:type=2, length=0
2026-02-10 15:48:07.179 [cefgetfile] WARNING: Unknown VALIDATION_ALG:type=2, length=0
2026-02-10 15:48:07.180 [cefgetfile] WARNING: Unknown VALIDATION_ALG:type=2, length=0
2026-02-10 15:48:07.181 [cefgetfile] WARNING: Unknown VALIDATION_ALG:type=2, length=0
2026-02-10 15:48:07.182 [cefgetfile] WARNING: Unknown VALIDATION_ALG:type=2, length=0
2026-02-10 15:48:07.182 [cefgetfile] WARNING: Unknown VALIDATION_ALG:type=2, length=0
2026-02-10 15:48:07.183 [cefgetfile] WARNING: Unknown VALIDATION_ALG:type=2, length=0
2026-02-10 15:48:07.184 [cefgetfile] WARNING: Unknown VALIDATION_ALG:type=2, length=0
2026-02-10 15:48:07.184 [cefgetfile] WARNING: Unknown VALIDATION_ALG:type=2, length=0
2026-02-10 15:48:07.185 [cefgetfile] WARNING: Unknown VALIDATION_ALG:type=2, length=0
2026-02-10 15:48:07.186 [cefgetfile] WARNING: Unknown VALIDATION_ALG:type=2, length=0
2026-02-10 15:48:07.187 [cefgetfile] WARNING: Unknown VALIDATION_ALG:type=2, length=0
2026-02-10 15:48:07.187 [cefgetfile] WARNING: Unknown VALIDATION_ALG:type=2, length=0
2026-02-10 15:48:07.188 [cefgetfile] WARNING: Unknown VALIDATION_ALG:type=2, length=0
2026-02-10 15:48:07.188 [cefgetfile] WARNING: Unknown VALIDATION_ALG:type=2, length=0
2026-02-10 15:48:07.188 [cefgetfile] WARNING: Unknown VALIDATION_ALG:type=2, length=0
2026-02-10 15:48:07.189 [cefgetfile] WARNING: Unknown VALIDATION_ALG:type=2, length=0
2026-02-10 15:48:07.189 [cefgetfile] WARNING: Unknown VALIDATION_ALG:type=2, length=0
2026-02-10 15:48:07.189 [cefgetfile] WARNING: Unknown VALIDATION_ALG:type=2, length=0
2026-02-10 15:48:07.190 [cefgetfile] WARNING: Unknown VALIDATION_ALG:type=2, length=0
2026-02-10 15:48:07.191 [cefgetfile] WARNING: Unknown VALIDATION_ALG:type=2, length=0
2026-02-10 15:48:07.191 [cefgetfile] WARNING: Unknown VALIDATION_ALG:type=2, length=0
2026-02-10 15:48:07.192 [cefgetfile] WARNING: Unknown VALIDATION_ALG:type=2, length=0
2026-02-10 15:48:07.192 [cefgetfile] WARNING: Unknown VALIDATION_ALG:type=2, length=0
2026-02-10 15:48:07.193 [cefgetfile] WARNING: Unknown VALIDATION_ALG:type=2, length=0
2026-02-10 15:48:07.193 [cefgetfile] WARNING: Unknown VALIDATION_ALG:type=2, length=0
2026-02-10 15:48:07.194 [cefgetfile] WARNING: Unknown VALIDATION_ALG:type=2, length=0
2026-02-10 15:48:07.194 [cefgetfile] WARNING: Unknown VALIDATION_ALG:type=2, length=0
2026-02-10 15:48:07.194 [cefgetfile] WARNING: Unknown VALIDATION_ALG:type=2, length=0
2026-02-10 15:48:07.195 [cefgetfile] WARNING: Unknown VALIDATION_ALG:type=2, length=0
2026-02-10 15:48:07.195 [cefgetfile] WARNING: Unknown VALIDATION_ALG:type=2, length=0
2026-02-10 15:48:07.195 [cefgetfile] WARNING: Unknown VALIDATION_ALG:type=2, length=0
2026-02-10 15:48:07.196 [cefgetfile] WARNING: Unknown VALIDATION_ALG:type=2, length=0
2026-02-10 15:48:07.196 [cefgetfile] WARNING: Unknown VALIDATION_ALG:type=2, length=0
2026-02-10 15:48:07.196 [cefgetfile] WARNING: Unknown VALIDATION_ALG:type=2, length=0
2026-02-10 15:48:07.197 [cefgetfile] WARNING: Unknown VALIDATION_ALG:type=2, length=0
2026-02-10 15:48:07.197 [cefgetfile] WARNING: Unknown VALIDATION_ALG:type=2, length=0
2026-02-10 15:48:07.198 [cefgetfile] WARNING: Unknown VALIDATION_ALG:type=2, length=0
2026-02-10 15:48:07.198 [cefgetfile] WARNING: Unknown VALIDATION_ALG:type=2, length=0
2026-02-10 15:48:07.198 [cefgetfile] WARNING: Unknown VALIDATION_ALG:type=2, length=0
2026-02-10 15:48:07.199 [cefgetfile] WARNING: Unknown VALIDATION_ALG:type=2, length=0
2026-02-10 15:48:07.199 [cefgetfile] WARNING: Unknown VALIDATION_ALG:type=2, length=0
2026-02-10 15:48:07.199 [cefgetfile] WARNING: Unknown VALIDATION_ALG:type=2, length=0
2026-02-10 15:48:07.200 [cefgetfile] WARNING: Unknown VALIDATION_ALG:type=2, length=0
2026-02-10 15:48:07.200 [cefgetfile] WARNING: Unknown VALIDATION_ALG:type=2, length=0
2026-02-10 15:48:07.200 [cefgetfile] WARNING: Unknown VALIDATION_ALG:type=2, length=0
2026-02-10 15:48:07.201 [cefgetfile] WARNING: Unknown VALIDATION_ALG:type=2, length=0
2026-02-10 15:48:07.202 [cefgetfile] WARNING: Unknown VALIDATION_ALG:type=2, length=0
2026-02-10 15:48:07.202 [cefgetfile] WARNING: Unknown VALIDATION_ALG:type=2, length=0
2026-02-10 15:48:07.203 [cefgetfile] WARNING: Unknown VALIDATION_ALG:type=2, length=0
2026-02-10 15:48:07.203 [cefgetfile] WARNING: Unknown VALIDATION_ALG:type=2, length=0
2026-02-10 15:48:07.204 [cefgetfile] WARNING: Unknown VALIDATION_ALG:type=2, length=0
2026-02-10 15:48:07.204 [cefgetfile] WARNING: Unknown VALIDATION_ALG:type=2, length=0
2026-02-10 15:48:07.205 [cefgetfile] WARNING: Unknown VALIDATION_ALG:type=2, length=0
2026-02-10 15:48:07.206 [cefgetfile] WARNING: Unknown VALIDATION_ALG:type=2, length=0
2026-02-10 15:48:07.206 [cefgetfile] WARNING: Unknown VALIDATION_ALG:type=2, length=0
2026-02-10 15:48:07.207 [cefgetfile] WARNING: Unknown VALIDATION_ALG:type=2, length=0
2026-02-10 15:48:07.207 [cefgetfile] WARNING: Unknown VALIDATION_ALG:type=2, length=0
2026-02-10 15:48:07.208 [cefgetfile] WARNING: Unknown VALIDATION_ALG:type=2, length=0
2026-02-10 15:48:07.208 [cefgetfile] WARNING: Unknown VALIDATION_ALG:type=2, length=0
2026-02-10 15:48:07.209 [cefgetfile] WARNING: Unknown VALIDATION_ALG:type=2, length=0
2026-02-10 15:48:07.209 [cefgetfile] WARNING: Unknown VALIDATION_ALG:type=2, length=0
2026-02-10 15:48:07.210 [cefgetfile] WARNING: Unknown VALIDATION_ALG:type=2, length=0
2026-02-10 15:48:07.212 [cefgetfile] WARNING: Unknown VALIDATION_ALG:type=2, length=0
2026-02-10 15:48:07.214 [cefgetfile] WARNING: Unknown VALIDATION_ALG:type=2, length=0
2026-02-10 15:48:07.215 [cefgetfile] WARNING: Unknown VALIDATION_ALG:type=2, length=0
2026-02-10 15:48:07.217 [cefgetfile] WARNING: Unknown VALIDATION_ALG:type=2, length=0
2026-02-10 15:48:07.219 [cefgetfile] WARNING: Unknown VALIDATION_ALG:type=2, length=0
2026-02-10 15:48:07.220 [cefgetfile] WARNING: Unknown VALIDATION_ALG:type=2, length=0
2026-02-10 15:48:07.220 [cefgetfile] WARNING: Unknown VALIDATION_ALG:type=2, length=0
2026-02-10 15:48:07.221 [cefgetfile] WARNING: Unknown VALIDATION_ALG:type=2, length=0
2026-02-10 15:48:07.222 [cefgetfile] WARNING: Unknown VALIDATION_ALG:type=2, length=0
2026-02-10 15:48:07.223 [cefgetfile] WARNING: Unknown VALIDATION_ALG:type=2, length=0
2026-02-10 15:48:07.224 [cefgetfile] WARNING: Unknown VALIDATION_ALG:type=2, length=0
2026-02-10 15:48:07.225 [cefgetfile] WARNING: Unknown VALIDATION_ALG:type=2, length=0
2026-02-10 15:48:07.225 [cefgetfile] WARNING: Unknown VALIDATION_ALG:type=2, length=0
2026-02-10 15:48:07.226 [cefgetfile] WARNING: Unknown VALIDATION_ALG:type=2, length=0
2026-02-10 15:48:07.228 [cefgetfile] WARNING: Unknown VALIDATION_ALG:type=2, length=0
2026-02-10 15:48:07.228 [cefgetfile] WARNING: Unknown VALIDATION_ALG:type=2, length=0
2026-02-10 15:48:07.230 [cefgetfile] WARNING: Unknown VALIDATION_ALG:type=2, length=0
2026-02-10 15:48:07.230 [cefgetfile] WARNING: Unknown VALIDATION_ALG:type=2, length=0
2026-02-10 15:48:07.230 [cefgetfile] WARNING: Unknown VALIDATION_ALG:type=2, length=0
2026-02-10 15:48:07.231 [cefgetfile] WARNING: Unknown VALIDATION_ALG:type=2, length=0
2026-02-10 15:48:07.233 [cefgetfile] WARNING: Unknown VALIDATION_ALG:type=2, length=0
2026-02-10 15:48:07.233 [cefgetfile] WARNING: Unknown VALIDATION_ALG:type=2, length=0
2026-02-10 15:48:07.235 [cefgetfile] WARNING: Unknown VALIDATION_ALG:type=2, length=0
2026-02-10 15:48:07.235 [cefgetfile] WARNING: Unknown VALIDATION_ALG:type=2, length=0
2026-02-10 15:48:07.236 [cefgetfile] WARNING: Unknown VALIDATION_ALG:type=2, length=0
2026-02-10 15:48:07.236 [cefgetfile] WARNING: Unknown VALIDATION_ALG:type=2, length=0
2026-02-10 15:48:07.237 [cefgetfile] WARNING: Unknown VALIDATION_ALG:type=2, length=0
2026-02-10 15:48:07.237 [cefgetfile] WARNING: Unknown VALIDATION_ALG:type=2, length=0
2026-02-10 15:48:07.238 [cefgetfile] WARNING: Unknown VALIDATION_ALG:type=2, length=0
2026-02-10 15:48:07.238 [cefgetfile] WARNING: Unknown VALIDATION_ALG:type=2, length=0
2026-02-10 15:48:07.239 [cefgetfile] WARNING: Unknown VALIDATION_ALG:type=2, length=0
2026-02-10 15:48:07.239 [cefgetfile] WARNING: Unknown VALIDATION_ALG:type=2, length=0
2026-02-10 15:48:07.240 [cefgetfile] WARNING: Unknown VALIDATION_ALG:type=2, length=0
2026-02-10 15:48:07.240 [cefgetfile] WARNING: Unknown VALIDATION_ALG:type=2, length=0
2026-02-10 15:48:07.241 [cefgetfile] WARNING: Unknown VALIDATION_ALG:type=2, length=0
2026-02-10 15:48:07.242 [cefgetfile] WARNING: Unknown VALIDATION_ALG:type=2, length=0
2026-02-10 15:48:07.242 [cefgetfile] WARNING: Unknown VALIDATION_ALG:type=2, length=0
2026-02-10 15:48:07.243 [cefgetfile] WARNING: Unknown VALIDATION_ALG:type=2, length=0
2026-02-10 15:48:07.244 [cefgetfile] WARNING: Unknown VALIDATION_ALG:type=2, length=0
2026-02-10 15:48:07.244 [cefgetfile] WARNING: Unknown VALIDATION_ALG:type=2, length=0
2026-02-10 15:48:07.244 [cefgetfile] WARNING: Unknown VALIDATION_ALG:type=2, length=0
2026-02-10 15:48:07.245 [cefgetfile] WARNING: Unknown VALIDATION_ALG:type=2, length=0
2026-02-10 15:48:07.246 [cefgetfile] WARNING: Unknown VALIDATION_ALG:type=2, length=0
2026-02-10 15:48:07.246 [cefgetfile] WARNING: Unknown VALIDATION_ALG:type=2, length=0
2026-02-10 15:48:07.246 [cefgetfile] WARNING: Unknown VALIDATION_ALG:type=2, length=0
2026-02-10 15:48:07.247 [cefgetfile] WARNING: Unknown VALIDATION_ALG:type=2, length=0
2026-02-10 15:48:07.247 [cefgetfile] WARNING: Unknown VALIDATION_ALG:type=2, length=0
2026-02-10 15:48:07.248 [cefgetfile] WARNING: Unknown VALIDATION_ALG:type=2, length=0
2026-02-10 15:48:07.248 [cefgetfile] WARNING: Unknown VALIDATION_ALG:type=2, length=0
2026-02-10 15:48:07.249 [cefgetfile] WARNING: Unknown VALIDATION_ALG:type=2, length=0
2026-02-10 15:48:07.250 [cefgetfile] WARNING: Unknown VALIDATION_ALG:type=2, length=0
2026-02-10 15:48:07.251 [cefgetfile] WARNING: Unknown VALIDATION_ALG:type=2, length=0
2026-02-10 15:48:07.251 [cefgetfile] WARNING: Unknown VALIDATION_ALG:type=2, length=0
2026-02-10 15:48:07.251 [cefgetfile] WARNING: Unknown VALIDATION_ALG:type=2, length=0
2026-02-10 15:48:07.252 [cefgetfile] WARNING: Unknown VALIDATION_ALG:type=2, length=0
2026-02-10 15:48:07.253 [cefgetfile] WARNING: Unknown VALIDATION_ALG:type=2, length=0
2026-02-10 15:48:07.253 [cefgetfile] WARNING: Unknown VALIDATION_ALG:type=2, length=0
2026-02-10 15:48:07.254 [cefgetfile] WARNING: Unknown VALIDATION_ALG:type=2, length=0
2026-02-10 15:48:07.254 [cefgetfile] WARNING: Unknown VALIDATION_ALG:type=2, length=0
2026-02-10 15:48:07.255 [cefgetfile] WARNING: Unknown VALIDATION_ALG:type=2, length=0
2026-02-10 15:48:07.255 [cefgetfile] WARNING: Unknown VALIDATION_ALG:type=2, length=0
2026-02-10 15:48:07.256 [cefgetfile] WARNING: Unknown VALIDATION_ALG:type=2, length=0
2026-02-10 15:48:07.257 [cefgetfile] WARNING: Unknown VALIDATION_ALG:type=2, length=0
2026-02-10 15:48:07.258 [cefgetfile] WARNING: Unknown VALIDATION_ALG:type=2, length=0
2026-02-10 15:48:07.258 [cefgetfile] WARNING: Unknown VALIDATION_ALG:type=2, length=0
2026-02-10 15:48:07.259 [cefgetfile] WARNING: Unknown VALIDATION_ALG:type=2, length=0
2026-02-10 15:48:07.260 [cefgetfile] WARNING: Unknown VALIDATION_ALG:type=2, length=0
2026-02-10 15:48:07.261 [cefgetfile] WARNING: Unknown VALIDATION_ALG:type=2, length=0
2026-02-10 15:48:07.262 [cefgetfile] WARNING: Unknown VALIDATION_ALG:type=2, length=0
2026-02-10 15:48:07.263 [cefgetfile] WARNING: Unknown VALIDATION_ALG:type=2, length=0
2026-02-10 15:48:07.264 [cefgetfile] WARNING: Unknown VALIDATION_ALG:type=2, length=0
2026-02-10 15:48:07.264 [cefgetfile] WARNING: Unknown VALIDATION_ALG:type=2, length=0
2026-02-10 15:48:07.265 [cefgetfile] WARNING: Unknown VALIDATION_ALG:type=2, length=0
2026-02-10 15:48:07.266 [cefgetfile] WARNING: Unknown VALIDATION_ALG:type=2, length=0
2026-02-10 15:48:07.267 [cefgetfile] WARNING: Unknown VALIDATION_ALG:type=2, length=0
2026-02-10 15:48:07.268 [cefgetfile] WARNING: Unknown VALIDATION_ALG:type=2, length=0
2026-02-10 15:48:07.269 [cefgetfile] WARNING: Unknown VALIDATION_ALG:type=2, length=0
2026-02-10 15:48:07.269 [cefgetfile] WARNING: Unknown VALIDATION_ALG:type=2, length=0
2026-02-10 15:48:07.271 [cefgetfile] WARNING: Unknown VALIDATION_ALG:type=2, length=0
2026-02-10 15:48:07.271 [cefgetfile] WARNING: Unknown VALIDATION_ALG:type=2, length=0
2026-02-10 15:48:07.273 [cefgetfile] WARNING: Unknown VALIDATION_ALG:type=2, length=0
2026-02-10 15:48:07.273 [cefgetfile] WARNING: Unknown VALIDATION_ALG:type=2, length=0
2026-02-10 15:48:07.274 [cefgetfile] WARNING: Unknown VALIDATION_ALG:type=2, length=0
2026-02-10 15:48:07.275 [cefgetfile] WARNING: Unknown VALIDATION_ALG:type=2, length=0
2026-02-10 15:48:07.276 [cefgetfile] WARNING: Unknown VALIDATION_ALG:type=2, length=0
2026-02-10 15:48:07.277 [cefgetfile] WARNING: Unknown VALIDATION_ALG:type=2, length=0
2026-02-10 15:48:07.277 [cefgetfile] WARNING: Unknown VALIDATION_ALG:type=2, length=0
2026-02-10 15:48:07.280 [cefgetfile] WARNING: Unknown VALIDATION_ALG:type=2, length=0
2026-02-10 15:48:07.280 [cefgetfile] WARNING: Unknown VALIDATION_ALG:type=2, length=0
2026-02-10 15:48:07.281 [cefgetfile] WARNING: Unknown VALIDATION_ALG:type=2, length=0
2026-02-10 15:48:07.281 [cefgetfile] WARNING: Unknown VALIDATION_ALG:type=2, length=0
2026-02-10 15:48:07.283 [cefgetfile] WARNING: Unknown VALIDATION_ALG:type=2, length=0
2026-02-10 15:48:07.283 [cefgetfile] WARNING: Unknown VALIDATION_ALG:type=2, length=0
2026-02-10 15:48:07.284 [cefgetfile] WARNING: Unknown VALIDATION_ALG:type=2, length=0
2026-02-10 15:48:07.284 [cefgetfile] WARNING: Unknown VALIDATION_ALG:type=2, length=0
2026-02-10 15:48:07.286 [cefgetfile] WARNING: Unknown VALIDATION_ALG:type=2, length=0
2026-02-10 15:48:07.286 [cefgetfile] WARNING: Unknown VALIDATION_ALG:type=2, length=0
2026-02-10 15:48:07.287 [cefgetfile] WARNING: Unknown VALIDATION_ALG:type=2, length=0
2026-02-10 15:48:07.287 [cefgetfile] WARNING: Unknown VALIDATION_ALG:type=2, length=0
2026-02-10 15:48:07.288 [cefgetfile] WARNING: Unknown VALIDATION_ALG:type=2, length=0
2026-02-10 15:48:07.288 [cefgetfile] WARNING: Unknown VALIDATION_ALG:type=2, length=0
2026-02-10 15:48:07.289 [cefgetfile] WARNING: Unknown VALIDATION_ALG:type=2, length=0
2026-02-10 15:48:07.289 [cefgetfile] WARNING: Unknown VALIDATION_ALG:type=2, length=0
2026-02-10 15:48:07.289 [cefgetfile] WARNING: Unknown VALIDATION_ALG:type=2, length=0
2026-02-10 15:48:07.290 [cefgetfile] WARNING: Unknown VALIDATION_ALG:type=2, length=0
2026-02-10 15:48:07.291 [cefgetfile] WARNING: Unknown VALIDATION_ALG:type=2, length=0
2026-02-10 15:48:07.292 [cefgetfile] WARNING: Unknown VALIDATION_ALG:type=2, length=0
2026-02-10 15:48:07.292 [cefgetfile] WARNING: Unknown VALIDATION_ALG:type=2, length=0
2026-02-10 15:48:07.293 [cefgetfile] WARNING: Unknown VALIDATION_ALG:type=2, length=0
2026-02-10 15:48:07.293 [cefgetfile] WARNING: Unknown VALIDATION_ALG:type=2, length=0
2026-02-10 15:48:07.294 [cefgetfile] WARNING: Unknown VALIDATION_ALG:type=2, length=0
2026-02-10 15:48:07.294 [cefgetfile] WARNING: Unknown VALIDATION_ALG:type=2, length=0
2026-02-10 15:48:07.295 [cefgetfile] WARNING: Unknown VALIDATION_ALG:type=2, length=0
2026-02-10 15:48:07.295 [cefgetfile] WARNING: Unknown VALIDATION_ALG:type=2, length=0
2026-02-10 15:48:07.296 [cefgetfile] WARNING: Unknown VALIDATION_ALG:type=2, length=0
2026-02-10 15:48:07.297 [cefgetfile] WARNING: Unknown VALIDATION_ALG:type=2, length=0
2026-02-10 15:48:07.297 [cefgetfile] WARNING: Unknown VALIDATION_ALG:type=2, length=0
2026-02-10 15:48:07.298 [cefgetfile] WARNING: Unknown VALIDATION_ALG:type=2, length=0
2026-02-10 15:48:07.299 [cefgetfile] WARNING: Unknown VALIDATION_ALG:type=2, length=0
2026-02-10 15:48:07.299 [cefgetfile] WARNING: Unknown VALIDATION_ALG:type=2, length=0
2026-02-10 15:48:07.300 [cefgetfile] WARNING: Unknown VALIDATION_ALG:type=2, length=0
2026-02-10 15:48:07.300 [cefgetfile] WARNING: Unknown VALIDATION_ALG:type=2, length=0
2026-02-10 15:48:07.301 [cefgetfile] WARNING: Unknown VALIDATION_ALG:type=2, length=0
2026-02-10 15:48:07.301 [cefgetfile] WARNING: Unknown VALIDATION_ALG:type=2, length=0
2026-02-10 15:48:07.302 [cefgetfile] WARNING: Unknown VALIDATION_ALG:type=2, length=0
2026-02-10 15:48:07.303 [cefgetfile] WARNING: Unknown VALIDATION_ALG:type=2, length=0
2026-02-10 15:48:07.304 [cefgetfile] WARNING: Unknown VALIDATION_ALG:type=2, length=0
2026-02-10 15:48:07.305 [cefgetfile] WARNING: Unknown VALIDATION_ALG:type=2, length=0
2026-02-10 15:48:07.306 [cefgetfile] WARNING: Unknown VALIDATION_ALG:type=2, length=0
2026-02-10 15:48:07.306 [cefgetfile] WARNING: Unknown VALIDATION_ALG:type=2, length=0
2026-02-10 15:48:07.307 [cefgetfile] WARNING: Unknown VALIDATION_ALG:type=2, length=0
2026-02-10 15:48:07.307 [cefgetfile] WARNING: Unknown VALIDATION_ALG:type=2, length=0
2026-02-10 15:48:07.308 [cefgetfile] WARNING: Unknown VALIDATION_ALG:type=2, length=0
2026-02-10 15:48:07.308 [cefgetfile] WARNING: Unknown VALIDATION_ALG:type=2, length=0
2026-02-10 15:48:07.309 [cefgetfile] WARNING: Unknown VALIDATION_ALG:type=2, length=0
2026-02-10 15:48:07.309 [cefgetfile] WARNING: Unknown VALIDATION_ALG:type=2, length=0
2026-02-10 15:48:07.310 [cefgetfile] WARNING: Unknown VALIDATION_ALG:type=2, length=0
2026-02-10 15:48:07.310 [cefgetfile] WARNING: Unknown VALIDATION_ALG:type=2, length=0
2026-02-10 15:48:07.311 [cefgetfile] WARNING: Unknown VALIDATION_ALG:type=2, length=0
2026-02-10 15:48:07.312 [cefgetfile] WARNING: Unknown VALIDATION_ALG:type=2, length=0
2026-02-10 15:48:07.312 [cefgetfile] WARNING: Unknown VALIDATION_ALG:type=2, length=0
2026-02-10 15:48:07.313 [cefgetfile] WARNING: Unknown VALIDATION_ALG:type=2, length=0
2026-02-10 15:48:07.313 [cefgetfile] WARNING: Unknown VALIDATION_ALG:type=2, length=0
2026-02-10 15:48:07.314 [cefgetfile] WARNING: Unknown VALIDATION_ALG:type=2, length=0
2026-02-10 15:48:07.314 [cefgetfile] WARNING: Unknown VALIDATION_ALG:type=2, length=0
2026-02-10 15:48:07.314 [cefgetfile] WARNING: Unknown VALIDATION_ALG:type=2, length=0
2026-02-10 15:48:07.315 [cefgetfile] WARNING: Unknown VALIDATION_ALG:type=2, length=0
2026-02-10 15:48:07.316 [cefgetfile] WARNING: Unknown VALIDATION_ALG:type=2, length=0
2026-02-10 15:48:07.316 [cefgetfile] WARNING: Unknown VALIDATION_ALG:type=2, length=0
2026-02-10 15:48:07.317 [cefgetfile] WARNING: Unknown VALIDATION_ALG:type=2, length=0
2026-02-10 15:48:07.318 [cefgetfile] WARNING: Unknown VALIDATION_ALG:type=2, length=0
2026-02-10 15:48:07.320 [cefgetfile] WARNING: Unknown VALIDATION_ALG:type=2, length=0
2026-02-10 15:48:07.321 [cefgetfile] WARNING: Unknown VALIDATION_ALG:type=2, length=0
2026-02-10 15:48:07.321 [cefgetfile] WARNING: Unknown VALIDATION_ALG:type=2, length=0
2026-02-10 15:48:07.323 [cefgetfile] WARNING: Unknown VALIDATION_ALG:type=2, length=0
2026-02-10 15:48:07.324 [cefgetfile] WARNING: Unknown VALIDATION_ALG:type=2, length=0
2026-02-10 15:48:07.325 [cefgetfile] WARNING: Unknown VALIDATION_ALG:type=2, length=0
2026-02-10 15:48:07.325 [cefgetfile] WARNING: Unknown VALIDATION_ALG:type=2, length=0
2026-02-10 15:48:07.325 [cefgetfile] WARNING: Unknown VALIDATION_ALG:type=2, length=0
2026-02-10 15:48:07.329 [cefgetfile] WARNING: Unknown VALIDATION_ALG:type=2, length=0
2026-02-10 15:48:07.330 [cefgetfile] WARNING: Unknown VALIDATION_ALG:type=2, length=0
2026-02-10 15:48:07.330 [cefgetfile] WARNING: Unknown VALIDATION_ALG:type=2, length=0
2026-02-10 15:48:07.331 [cefgetfile] WARNING: Unknown VALIDATION_ALG:type=2, length=0
2026-02-10 15:48:07.331 [cefgetfile] WARNING: Unknown VALIDATION_ALG:type=2, length=0
2026-02-10 15:48:07.333 [cefgetfile] WARNING: Unknown VALIDATION_ALG:type=2, length=0
2026-02-10 15:48:07.333 [cefgetfile] WARNING: Unknown VALIDATION_ALG:type=2, length=0
2026-02-10 15:48:07.334 [cefgetfile] WARNING: Unknown VALIDATION_ALG:type=2, length=0
2026-02-10 15:48:07.334 [cefgetfile] WARNING: Unknown VALIDATION_ALG:type=2, length=0
2026-02-10 15:48:07.336 [cefgetfile] WARNING: Unknown VALIDATION_ALG:type=2, length=0
2026-02-10 15:48:07.337 [cefgetfile] WARNING: Unknown VALIDATION_ALG:type=2, length=0
2026-02-10 15:48:07.338 [cefgetfile] WARNING: Unknown VALIDATION_ALG:type=2, length=0
2026-02-10 15:48:07.339 [cefgetfile] WARNING: Unknown VALIDATION_ALG:type=2, length=0
2026-02-10 15:48:07.339 [cefgetfile] WARNING: Unknown VALIDATION_ALG:type=2, length=0
2026-02-10 15:48:07.340 [cefgetfile] WARNING: Unknown VALIDATION_ALG:type=2, length=0
2026-02-10 15:48:07.341 [cefgetfile] WARNING: Unknown VALIDATION_ALG:type=2, length=0
2026-02-10 15:48:07.343 [cefgetfile] WARNING: Unknown VALIDATION_ALG:type=2, length=0
2026-02-10 15:48:07.344 [cefgetfile] WARNING: Unknown VALIDATION_ALG:type=2, length=0
2026-02-10 15:48:07.346 [cefgetfile] WARNING: Unknown VALIDATION_ALG:type=2, length=0
2026-02-10 15:48:07.347 [cefgetfile] WARNING: Unknown VALIDATION_ALG:type=2, length=0
2026-02-10 15:48:07.348 [cefgetfile] WARNING: Unknown VALIDATION_ALG:type=2, length=0
2026-02-10 15:48:07.350 [cefgetfile] WARNING: Unknown VALIDATION_ALG:type=2, length=0
2026-02-10 15:48:07.351 [cefgetfile] WARNING: Unknown VALIDATION_ALG:type=2, length=0
2026-02-10 15:48:07.352 [cefgetfile] WARNING: Unknown VALIDATION_ALG:type=2, length=0
2026-02-10 15:48:07.353 [cefgetfile] WARNING: Unknown VALIDATION_ALG:type=2, length=0
2026-02-10 15:48:07.355 [cefgetfile] WARNING: Unknown VALIDATION_ALG:type=2, length=0
2026-02-10 15:48:07.356 [cefgetfile] WARNING: Unknown VALIDATION_ALG:type=2, length=0
2026-02-10 15:48:07.357 [cefgetfile] WARNING: Unknown VALIDATION_ALG:type=2, length=0
2026-02-10 15:48:07.357 [cefgetfile] WARNING: Unknown VALIDATION_ALG:type=2, length=0
2026-02-10 15:48:07.358 [cefgetfile] WARNING: Unknown VALIDATION_ALG:type=2, length=0
2026-02-10 15:48:07.359 [cefgetfile] WARNING: Unknown VALIDATION_ALG:type=2, length=0
2026-02-10 15:48:07.360 [cefgetfile] WARNING: Unknown VALIDATION_ALG:type=2, length=0
2026-02-10 15:48:07.361 [cefgetfile] WARNING: Unknown VALIDATION_ALG:type=2, length=0
2026-02-10 15:48:07.362 [cefgetfile] WARNING: Unknown VALIDATION_ALG:type=2, length=0
2026-02-10 15:48:07.363 [cefgetfile] WARNING: Unknown VALIDATION_ALG:type=2, length=0
2026-02-10 15:48:07.363 [cefgetfile] WARNING: Unknown VALIDATION_ALG:type=2, length=0
2026-02-10 15:48:07.364 [cefgetfile] WARNING: Unknown VALIDATION_ALG:type=2, length=0
2026-02-10 15:48:07.365 [cefgetfile] WARNING: Unknown VALIDATION_ALG:type=2, length=0
2026-02-10 15:48:07.366 [cefgetfile] WARNING: Unknown VALIDATION_ALG:type=2, length=0
2026-02-10 15:48:07.367 [cefgetfile] WARNING: Unknown VALIDATION_ALG:type=2, length=0
2026-02-10 15:48:07.367 [cefgetfile] WARNING: Unknown VALIDATION_ALG:type=2, length=0
2026-02-10 15:48:07.367 [cefgetfile] WARNING: Unknown VALIDATION_ALG:type=2, length=0
2026-02-10 15:48:07.369 [cefgetfile] WARNING: Unknown VALIDATION_ALG:type=2, length=0
2026-02-10 15:48:07.370 [cefgetfile] WARNING: Unknown VALIDATION_ALG:type=2, length=0
2026-02-10 15:48:07.371 [cefgetfile] WARNING: Unknown VALIDATION_ALG:type=2, length=0
2026-02-10 15:48:07.371 [cefgetfile] WARNING: Unknown VALIDATION_ALG:type=2, length=0
2026-02-10 15:48:07.373 [cefgetfile] WARNING: Unknown VALIDATION_ALG:type=2, length=0
2026-02-10 15:48:07.374 [cefgetfile] WARNING: Unknown VALIDATION_ALG:type=2, length=0
2026-02-10 15:48:07.374 [cefgetfile] WARNING: Unknown VALIDATION_ALG:type=2, length=0
2026-02-10 15:48:07.376 [cefgetfile] WARNING: Unknown VALIDATION_ALG:type=2, length=0
2026-02-10 15:48:07.377 [cefgetfile] WARNING: Unknown VALIDATION_ALG:type=2, length=0
2026-02-10 15:48:07.378 [cefgetfile] WARNING: Unknown VALIDATION_ALG:type=2, length=0
2026-02-10 15:48:07.379 [cefgetfile] WARNING: Unknown VALIDATION_ALG:type=2, length=0
2026-02-10 15:48:07.381 [cefgetfile] WARNING: Unknown VALIDATION_ALG:type=2, length=0
2026-02-10 15:48:07.382 [cefgetfile] WARNING: Unknown VALIDATION_ALG:type=2, length=0
2026-02-10 15:48:07.382 [cefgetfile] WARNING: Unknown VALIDATION_ALG:type=2, length=0
2026-02-10 15:48:07.383 [cefgetfile] WARNING: Unknown VALIDATION_ALG:type=2, length=0
2026-02-10 15:48:07.384 [cefgetfile] WARNING: Unknown VALIDATION_ALG:type=2, length=0
2026-02-10 15:48:07.386 [cefgetfile] WARNING: Unknown VALIDATION_ALG:type=2, length=0
2026-02-10 15:48:07.387 [cefgetfile] WARNING: Unknown VALIDATION_ALG:type=2, length=0
2026-02-10 15:48:07.387 [cefgetfile] WARNING: Unknown VALIDATION_ALG:type=2, length=0
2026-02-10 15:48:07.388 [cefgetfile] WARNING: Unknown VALIDATION_ALG:type=2, length=0
2026-02-10 15:48:07.389 [cefgetfile] WARNING: Unknown VALIDATION_ALG:type=2, length=0
2026-02-10 15:48:07.389 [cefgetfile] WARNING: Unknown VALIDATION_ALG:type=2, length=0
2026-02-10 15:48:07.390 [cefgetfile] WARNING: Unknown VALIDATION_ALG:type=2, length=0
2026-02-10 15:48:07.391 [cefgetfile] WARNING: Unknown VALIDATION_ALG:type=2, length=0
2026-02-10 15:48:07.392 [cefgetfile] WARNING: Unknown VALIDATION_ALG:type=2, length=0
2026-02-10 15:48:07.392 [cefgetfile] WARNING: Unknown VALIDATION_ALG:type=2, length=0
2026-02-10 15:48:07.393 [cefgetfile] WARNING: Unknown VALIDATION_ALG:type=2, length=0
2026-02-10 15:48:07.394 [cefgetfile] WARNING: Unknown VALIDATION_ALG:type=2, length=0
2026-02-10 15:48:07.394 [cefgetfile] WARNING: Unknown VALIDATION_ALG:type=2, length=0
2026-02-10 15:48:07.395 [cefgetfile] WARNING: Unknown VALIDATION_ALG:type=2, length=0
2026-02-10 15:48:07.395 [cefgetfile] WARNING: Unknown VALIDATION_ALG:type=2, length=0
2026-02-10 15:48:07.396 [cefgetfile] WARNING: Unknown VALIDATION_ALG:type=2, length=0
2026-02-10 15:48:07.397 [cefgetfile] WARNING: Unknown VALIDATION_ALG:type=2, length=0
2026-02-10 15:48:07.397 [cefgetfile] WARNING: Unknown VALIDATION_ALG:type=2, length=0
2026-02-10 15:48:07.398 [cefgetfile] WARNING: Unknown VALIDATION_ALG:type=2, length=0
2026-02-10 15:48:07.399 [cefgetfile] WARNING: Unknown VALIDATION_ALG:type=2, length=0
2026-02-10 15:48:07.399 [cefgetfile] WARNING: Unknown VALIDATION_ALG:type=2, length=0
2026-02-10 15:48:07.400 [cefgetfile] WARNING: Unknown VALIDATION_ALG:type=2, length=0
2026-02-10 15:48:07.401 [cefgetfile] WARNING: Unknown VALIDATION_ALG:type=2, length=0
2026-02-10 15:48:07.402 [cefgetfile] WARNING: Unknown VALIDATION_ALG:type=2, length=0
2026-02-10 15:48:07.404 [cefgetfile] WARNING: Unknown VALIDATION_ALG:type=2, length=0
2026-02-10 15:48:07.405 [cefgetfile] WARNING: Unknown VALIDATION_ALG:type=2, length=0
2026-02-10 15:48:07.407 [cefgetfile] WARNING: Unknown VALIDATION_ALG:type=2, length=0
2026-02-10 15:48:07.408 [cefgetfile] WARNING: Unknown VALIDATION_ALG:type=2, length=0
2026-02-10 15:48:07.410 [cefgetfile] WARNING: Unknown VALIDATION_ALG:type=2, length=0
2026-02-10 15:48:07.411 [cefgetfile] WARNING: Unknown VALIDATION_ALG:type=2, length=0
2026-02-10 15:48:07.412 [cefgetfile] WARNING: Unknown VALIDATION_ALG:type=2, length=0
2026-02-10 15:48:07.412 [cefgetfile] WARNING: Unknown VALIDATION_ALG:type=2, length=0
2026-02-10 15:48:07.413 [cefgetfile] WARNING: Unknown VALIDATION_ALG:type=2, length=0
2026-02-10 15:48:07.414 [cefgetfile] WARNING: Unknown VALIDATION_ALG:type=2, length=0
2026-02-10 15:48:07.415 [cefgetfile] WARNING: Unknown VALIDATION_ALG:type=2, length=0
2026-02-10 15:48:07.416 [cefgetfile] WARNING: Unknown VALIDATION_ALG:type=2, length=0
2026-02-10 15:48:07.417 [cefgetfile] WARNING: Unknown VALIDATION_ALG:type=2, length=0
2026-02-10 15:48:07.418 [cefgetfile] WARNING: Unknown VALIDATION_ALG:type=2, length=0
2026-02-10 15:48:07.418 [cefgetfile] WARNING: Unknown VALIDATION_ALG:type=2, length=0
2026-02-10 15:48:07.419 [cefgetfile] WARNING: Unknown VALIDATION_ALG:type=2, length=0
2026-02-10 15:48:07.420 [cefgetfile] WARNING: Unknown VALIDATION_ALG:type=2, length=0
2026-02-10 15:48:07.421 [cefgetfile] WARNING: Unknown VALIDATION_ALG:type=2, length=0
2026-02-10 15:48:07.422 [cefgetfile] WARNING: Unknown VALIDATION_ALG:type=2, length=0
2026-02-10 15:48:07.423 [cefgetfile] WARNING: Unknown VALIDATION_ALG:type=2, length=0
2026-02-10 15:48:07.423 [cefgetfile] WARNING: Unknown VALIDATION_ALG:type=2, length=0
2026-02-10 15:48:07.424 [cefgetfile] WARNING: Unknown VALIDATION_ALG:type=2, length=0
2026-02-10 15:48:07.424 [cefgetfile] WARNING: Unknown VALIDATION_ALG:type=2, length=0
2026-02-10 15:48:07.425 [cefgetfile] WARNING: Unknown VALIDATION_ALG:type=2, length=0
2026-02-10 15:48:07.426 [cefgetfile] WARNING: Unknown VALIDATION_ALG:type=2, length=0
2026-02-10 15:48:07.427 [cefgetfile] WARNING: Unknown VALIDATION_ALG:type=2, length=0
2026-02-10 15:48:07.428 [cefgetfile] WARNING: Unknown VALIDATION_ALG:type=2, length=0
2026-02-10 15:48:07.428 [cefgetfile] WARNING: Unknown VALIDATION_ALG:type=2, length=0
2026-02-10 15:48:07.429 [cefgetfile] WARNING: Unknown VALIDATION_ALG:type=2, length=0
2026-02-10 15:48:07.430 [cefgetfile] WARNING: Unknown VALIDATION_ALG:type=2, length=0
2026-02-10 15:48:07.431 [cefgetfile] WARNING: Unknown VALIDATION_ALG:type=2, length=0
2026-02-10 15:48:07.433 [cefgetfile] WARNING: Unknown VALIDATION_ALG:type=2, length=0
2026-02-10 15:48:07.434 [cefgetfile] WARNING: Unknown VALIDATION_ALG:type=2, length=0
2026-02-10 15:48:07.436 [cefgetfile] WARNING: Unknown VALIDATION_ALG:type=2, length=0
2026-02-10 15:48:07.439 [cefgetfile] WARNING: Unknown VALIDATION_ALG:type=2, length=0
2026-02-10 15:48:07.442 [cefgetfile] WARNING: Unknown VALIDATION_ALG:type=2, length=0
2026-02-10 15:48:07.443 [cefgetfile] WARNING: Unknown VALIDATION_ALG:type=2, length=0
2026-02-10 15:48:07.444 [cefgetfile] WARNING: Unknown VALIDATION_ALG:type=2, length=0
2026-02-10 15:48:07.445 [cefgetfile] WARNING: Unknown VALIDATION_ALG:type=2, length=0
2026-02-10 15:48:07.446 [cefgetfile] WARNING: Unknown VALIDATION_ALG:type=2, length=0
2026-02-10 15:48:07.447 [cefgetfile] WARNING: Unknown VALIDATION_ALG:type=2, length=0
2026-02-10 15:48:07.447 [cefgetfile] WARNING: Unknown VALIDATION_ALG:type=2, length=0
2026-02-10 15:48:07.448 [cefgetfile] WARNING: Unknown VALIDATION_ALG:type=2, length=0
2026-02-10 15:48:07.449 [cefgetfile] WARNING: Unknown VALIDATION_ALG:type=2, length=0
2026-02-10 15:48:07.450 [cefgetfile] WARNING: Unknown VALIDATION_ALG:type=2, length=0
2026-02-10 15:48:07.450 [cefgetfile] WARNING: Unknown VALIDATION_ALG:type=2, length=0
2026-02-10 15:48:07.451 [cefgetfile] WARNING: Unknown VALIDATION_ALG:type=2, length=0
2026-02-10 15:48:07.452 [cefgetfile] WARNING: Unknown VALIDATION_ALG:type=2, length=0
2026-02-10 15:48:07.453 [cefgetfile] WARNING: Unknown VALIDATION_ALG:type=2, length=0
2026-02-10 15:48:07.453 [cefgetfile] WARNING: Unknown VALIDATION_ALG:type=2, length=0
2026-02-10 15:48:07.454 [cefgetfile] WARNING: Unknown VALIDATION_ALG:type=2, length=0
2026-02-10 15:48:07.455 [cefgetfile] WARNING: Unknown VALIDATION_ALG:type=2, length=0
2026-02-10 15:48:07.456 [cefgetfile] WARNING: Unknown VALIDATION_ALG:type=2, length=0
2026-02-10 15:48:07.457 [cefgetfile] WARNING: Unknown VALIDATION_ALG:type=2, length=0
2026-02-10 15:48:07.457 [cefgetfile] WARNING: Unknown VALIDATION_ALG:type=2, length=0
2026-02-10 15:48:07.458 [cefgetfile] WARNING: Unknown VALIDATION_ALG:type=2, length=0
2026-02-10 15:48:07.459 [cefgetfile] WARNING: Unknown VALIDATION_ALG:type=2, length=0
2026-02-10 15:48:07.459 [cefgetfile] WARNING: Unknown VALIDATION_ALG:type=2, length=0
2026-02-10 15:48:07.460 [cefgetfile] WARNING: Unknown VALIDATION_ALG:type=2, length=0
2026-02-10 15:48:07.460 [cefgetfile] WARNING: Unknown VALIDATION_ALG:type=2, length=0
2026-02-10 15:48:07.460 [cefgetfile] WARNING: Unknown VALIDATION_ALG:type=2, length=0
2026-02-10 15:48:07.461 [cefgetfile] WARNING: Unknown VALIDATION_ALG:type=2, length=0
2026-02-10 15:48:07.462 [cefgetfile] WARNING: Unknown VALIDATION_ALG:type=2, length=0
2026-02-10 15:48:07.462 [cefgetfile] WARNING: Unknown VALIDATION_ALG:type=2, length=0
2026-02-10 15:48:07.463 [cefgetfile] WARNING: Unknown VALIDATION_ALG:type=2, length=0
2026-02-10 15:48:07.463 [cefgetfile] WARNING: Unknown VALIDATION_ALG:type=2, length=0
2026-02-10 15:48:07.464 [cefgetfile] WARNING: Unknown VALIDATION_ALG:type=2, length=0
2026-02-10 15:48:07.465 [cefgetfile] WARNING: Unknown VALIDATION_ALG:type=2, length=0
2026-02-10 15:48:07.466 [cefgetfile] WARNING: Unknown VALIDATION_ALG:type=2, length=0
2026-02-10 15:48:07.467 [cefgetfile] WARNING: Unknown VALIDATION_ALG:type=2, length=0
2026-02-10 15:48:07.468 [cefgetfile] WARNING: Unknown VALIDATION_ALG:type=2, length=0
2026-02-10 15:48:07.469 [cefgetfile] WARNING: Unknown VALIDATION_ALG:type=2, length=0
2026-02-10 15:48:07.471 [cefgetfile] WARNING: Unknown VALIDATION_ALG:type=2, length=0
2026-02-10 15:48:07.473 [cefgetfile] WARNING: Unknown VALIDATION_ALG:type=2, length=0
2026-02-10 15:48:07.475 [cefgetfile] WARNING: Unknown VALIDATION_ALG:type=2, length=0
2026-02-10 15:48:07.475 [cefgetfile] WARNING: Unknown VALIDATION_ALG:type=2, length=0
2026-02-10 15:48:07.477 [cefgetfile] WARNING: Unknown VALIDATION_ALG:type=2, length=0
2026-02-10 15:48:07.477 [cefgetfile] WARNING: Unknown VALIDATION_ALG:type=2, length=0
2026-02-10 15:48:07.479 [cefgetfile] WARNING: Unknown VALIDATION_ALG:type=2, length=0
2026-02-10 15:48:07.480 [cefgetfile] WARNING: Unknown VALIDATION_ALG:type=2, length=0
2026-02-10 15:48:07.481 [cefgetfile] WARNING: Unknown VALIDATION_ALG:type=2, length=0
2026-02-10 15:48:07.481 [cefgetfile] WARNING: Unknown VALIDATION_ALG:type=2, length=0
2026-02-10 15:48:07.482 [cefgetfile] WARNING: Unknown VALIDATION_ALG:type=2, length=0
2026-02-10 15:48:07.482 [cefgetfile] WARNING: Unknown VALIDATION_ALG:type=2, length=0
2026-02-10 15:48:07.483 [cefgetfile] WARNING: Unknown VALIDATION_ALG:type=2, length=0
2026-02-10 15:48:07.485 [cefgetfile] WARNING: Unknown VALIDATION_ALG:type=2, length=0
2026-02-10 15:48:07.485 [cefgetfile] WARNING: Unknown VALIDATION_ALG:type=2, length=0
2026-02-10 15:48:07.486 [cefgetfile] WARNING: Unknown VALIDATION_ALG:type=2, length=0
2026-02-10 15:48:07.487 [cefgetfile] WARNING: Unknown VALIDATION_ALG:type=2, length=0
2026-02-10 15:48:07.487 [cefgetfile] WARNING: Unknown VALIDATION_ALG:type=2, length=0
2026-02-10 15:48:07.487 [cefgetfile] WARNING: Unknown VALIDATION_ALG:type=2, length=0
2026-02-10 15:48:07.489 [cefgetfile] WARNING: Unknown VALIDATION_ALG:type=2, length=0
2026-02-10 15:48:07.490 [cefgetfile] WARNING: Unknown VALIDATION_ALG:type=2, length=0
2026-02-10 15:48:07.490 [cefgetfile] WARNING: Unknown VALIDATION_ALG:type=2, length=0
2026-02-10 15:48:07.491 [cefgetfile] WARNING: Unknown VALIDATION_ALG:type=2, length=0
2026-02-10 15:48:07.491 [cefgetfile] WARNING: Unknown VALIDATION_ALG:type=2, length=0
2026-02-10 15:48:07.492 [cefgetfile] WARNING: Unknown VALIDATION_ALG:type=2, length=0
2026-02-10 15:48:07.494 [cefgetfile] WARNING: Unknown VALIDATION_ALG:type=2, length=0
2026-02-10 15:48:07.494 [cefgetfile] WARNING: Unknown VALIDATION_ALG:type=2, length=0
2026-02-10 15:48:07.495 [cefgetfile] WARNING: Unknown VALIDATION_ALG:type=2, length=0
2026-02-10 15:48:07.495 [cefgetfile] WARNING: Unknown VALIDATION_ALG:type=2, length=0
2026-02-10 15:48:07.496 [cefgetfile] WARNING: Unknown VALIDATION_ALG:type=2, length=0
2026-02-10 15:48:07.497 [cefgetfile] WARNING: Unknown VALIDATION_ALG:type=2, length=0
2026-02-10 15:48:07.498 [cefgetfile] WARNING: Unknown VALIDATION_ALG:type=2, length=0
2026-02-10 15:48:07.499 [cefgetfile] WARNING: Unknown VALIDATION_ALG:type=2, length=0
2026-02-10 15:48:07.499 [cefgetfile] WARNING: Unknown VALIDATION_ALG:type=2, length=0
2026-02-10 15:48:07.500 [cefgetfile] WARNING: Unknown VALIDATION_ALG:type=2, length=0
2026-02-10 15:48:07.500 [cefgetfile] WARNING: Unknown VALIDATION_ALG:type=2, length=0
2026-02-10 15:48:07.500 [cefgetfile] WARNING: Unknown VALIDATION_ALG:type=2, length=0
2026-02-10 15:48:07.501 [cefgetfile] WARNING: Unknown VALIDATION_ALG:type=2, length=0
2026-02-10 15:48:07.501 [cefgetfile] WARNING: Unknown VALIDATION_ALG:type=2, length=0
2026-02-10 15:48:07.502 [cefgetfile] WARNING: Unknown VALIDATION_ALG:type=2, length=0
2026-02-10 15:48:07.502 [cefgetfile] WARNING: Unknown VALIDATION_ALG:type=2, length=0
2026-02-10 15:48:07.503 [cefgetfile] WARNING: Unknown VALIDATION_ALG:type=2, length=0
2026-02-10 15:48:07.503 [cefgetfile] WARNING: Unknown VALIDATION_ALG:type=2, length=0
2026-02-10 15:48:07.504 [cefgetfile] WARNING: Unknown VALIDATION_ALG:type=2, length=0
2026-02-10 15:48:07.504 [cefgetfile] WARNING: Unknown VALIDATION_ALG:type=2, length=0
2026-02-10 15:48:07.505 [cefgetfile] WARNING: Unknown VALIDATION_ALG:type=2, length=0
2026-02-10 15:48:07.506 [cefgetfile] WARNING: Unknown VALIDATION_ALG:type=2, length=0
2026-02-10 15:48:07.506 [cefgetfile] WARNING: Unknown VALIDATION_ALG:type=2, length=0
2026-02-10 15:48:07.507 [cefgetfile] WARNING: Unknown VALIDATION_ALG:type=2, length=0
2026-02-10 15:48:07.508 [cefgetfile] WARNING: Unknown VALIDATION_ALG:type=2, length=0
2026-02-10 15:48:07.509 [cefgetfile] WARNING: Unknown VALIDATION_ALG:type=2, length=0
2026-02-10 15:48:07.511 [cefgetfile] WARNING: Unknown VALIDATION_ALG:type=2, length=0
2026-02-10 15:48:07.513 [cefgetfile] WARNING: Unknown VALIDATION_ALG:type=2, length=0
2026-02-10 15:48:07.514 [cefgetfile] WARNING: Unknown VALIDATION_ALG:type=2, length=0
2026-02-10 15:48:07.517 [cefgetfile] WARNING: Unknown VALIDATION_ALG:type=2, length=0
2026-02-10 15:48:07.520 [cefgetfile] WARNING: Unknown VALIDATION_ALG:type=2, length=0
2026-02-10 15:48:07.521 [cefgetfile] WARNING: Unknown VALIDATION_ALG:type=2, length=0
2026-02-10 15:48:07.522 [cefgetfile] WARNING: Unknown VALIDATION_ALG:type=2, length=0
2026-02-10 15:48:07.523 [cefgetfile] WARNING: Unknown VALIDATION_ALG:type=2, length=0
2026-02-10 15:48:07.524 [cefgetfile] WARNING: Unknown VALIDATION_ALG:type=2, length=0
2026-02-10 15:48:07.525 [cefgetfile] WARNING: Unknown VALIDATION_ALG:type=2, length=0
2026-02-10 15:48:07.526 [cefgetfile] WARNING: Unknown VALIDATION_ALG:type=2, length=0
2026-02-10 15:48:07.527 [cefgetfile] WARNING: Unknown VALIDATION_ALG:type=2, length=0
2026-02-10 15:48:07.527 [cefgetfile] WARNING: Unknown VALIDATION_ALG:type=2, length=0
2026-02-10 15:48:07.529 [cefgetfile] WARNING: Unknown VALIDATION_ALG:type=2, length=0
2026-02-10 15:48:07.529 [cefgetfile] WARNING: Unknown VALIDATION_ALG:type=2, length=0
2026-02-10 15:48:07.530 [cefgetfile] WARNING: Unknown VALIDATION_ALG:type=2, length=0
2026-02-10 15:48:07.531 [cefgetfile] WARNING: Unknown VALIDATION_ALG:type=2, length=0
2026-02-10 15:48:07.532 [cefgetfile] WARNING: Unknown VALIDATION_ALG:type=2, length=0
2026-02-10 15:48:07.532 [cefgetfile] WARNING: Unknown VALIDATION_ALG:type=2, length=0
2026-02-10 15:48:07.534 [cefgetfile] WARNING: Unknown VALIDATION_ALG:type=2, length=0
2026-02-10 15:48:07.534 [cefgetfile] WARNING: Unknown VALIDATION_ALG:type=2, length=0
2026-02-10 15:48:07.536 [cefgetfile] WARNING: Unknown VALIDATION_ALG:type=2, length=0
2026-02-10 15:48:07.536 [cefgetfile] WARNING: Unknown VALIDATION_ALG:type=2, length=0
2026-02-10 15:48:07.537 [cefgetfile] WARNING: Unknown VALIDATION_ALG:type=2, length=0
2026-02-10 15:48:07.537 [cefgetfile] WARNING: Unknown VALIDATION_ALG:type=2, length=0
2026-02-10 15:48:07.539 [cefgetfile] WARNING: Unknown VALIDATION_ALG:type=2, length=0
2026-02-10 15:48:07.539 [cefgetfile] WARNING: Unknown VALIDATION_ALG:type=2, length=0
2026-02-10 15:48:07.540 [cefgetfile] WARNING: Unknown VALIDATION_ALG:type=2, length=0
2026-02-10 15:48:07.540 [cefgetfile] WARNING: Unknown VALIDATION_ALG:type=2, length=0
2026-02-10 15:48:07.540 [cefgetfile] WARNING: Unknown VALIDATION_ALG:type=2, length=0
2026-02-10 15:48:07.541 [cefgetfile] WARNING: Unknown VALIDATION_ALG:type=2, length=0
2026-02-10 15:48:07.542 [cefgetfile] WARNING: Unknown VALIDATION_ALG:type=2, length=0
2026-02-10 15:48:07.542 [cefgetfile] WARNING: Unknown VALIDATION_ALG:type=2, length=0
2026-02-10 15:48:07.543 [cefgetfile] WARNING: Unknown VALIDATION_ALG:type=2, length=0
2026-02-10 15:48:07.544 [cefgetfile] WARNING: Unknown VALIDATION_ALG:type=2, length=0
2026-02-10 15:48:07.544 [cefgetfile] WARNING: Unknown VALIDATION_ALG:type=2, length=0
2026-02-10 15:48:07.544 [cefgetfile] WARNING: Unknown VALIDATION_ALG:type=2, length=0
2026-02-10 15:48:07.545 [cefgetfile] WARNING: Unknown VALIDATION_ALG:type=2, length=0
2026-02-10 15:48:07.546 [cefgetfile] WARNING: Unknown VALIDATION_ALG:type=2, length=0
2026-02-10 15:48:07.546 [cefgetfile] WARNING: Unknown VALIDATION_ALG:type=2, length=0
2026-02-10 15:48:07.547 [cefgetfile] WARNING: Unknown VALIDATION_ALG:type=2, length=0
[cefgetfile] Completed to get all the chunks.
[cefgetfile] Unconnect to cefnetd ... OK
[cefgetfile] Terminate
[cefgetfile] Rx Frames (All)           = 847
[cefgetfile] Rx Frames (ContentObject) = 847
[cefgetfile] Rx Bytes (All)            = 463882
[cefgetfile] Rx Bytes (ContentObject)  = 433390
[cefgetfile] Duration                  = 0.699 sec
[cefgetfile] Throughput                = 5312201 bps
[cefgetfile] Goodput                   = 4963018 bps
[cefgetfile] Jitter (Ave)              = 824 us
[cefgetfile] Jitter (Max)              = 5969 us
[cefgetfile] Jitter (Var)              = 300961 us
