[cefgetfile] Start
[cefgetfile] Parsing parameters ...OK
2026-01-30 16:37:29.253 [cefgetfile] INFO: [client] Config directory is ./h11
2026-01-30 16:37:29.253 [cefgetfile] INFO: [client] Local Socket Name is /tmp/cef_9695.11
2026-01-30 16:37:29.253 [cefgetfile] INFO: [client] Listen Port is 9695
[cefgetfile] Init Cefore Client package ... OK
[cefgetfile] Conversion from URI into Name ... OK
[cefgetfile] Checking the output file ... OK
[cefgetfile] Connect to cefnetd ... OK
[cefgetfile] URI=ccnx:/test/experiment/content12
[cefgetfile] Start sending Interests
[cefgetfile] Completed to get all the chunks.
[cefgetfile] Unconnect to cefnetd ... OK
[cefgetfile] Terminate
[cefgetfile] Rx Frames (All)           = 424
[cefgetfile] Rx Frames (ContentObject) = 424
[cefgetfile] Rx Bytes (All)            = 451622
[cefgetfile] Rx Bytes (ContentObject)  = 433390
[cefgetfile] Duration                  = 0.300 sec
[cefgetfile] Throughput                = 12096680 bps
[cefgetfile] Goodput                   = 11608336 bps
[cefgetfile] Jitter (Ave)              = 704 us
[cefgetfile] Jitter (Max)              = 8586 us
[cefgetfile] Jitter (Var)              = 1331557 us
