[cefgetfile] Start
[cefgetfile] Parsing parameters ...OK
2026-02-10 15:47:55.417 [cefgetfile] INFO: [client] Config directory is ./h6
2026-02-10 15:47:55.417 [cefgetfile] INFO: [client] Local Socket Name is /tmp/cef_9695.6
2026-02-10 15:47:55.417 [cefgetfile] INFO: [client] Listen Port is 9695
[cefgetfile] Init Cefore Client package ... OK
[cefgetfile] Conversion from URI into Name ... OK
[cefgetfile] Checking the output file ... OK
[cefgetfile] Connect to cefnetd ... OK
[cefgetfile] URI=ccnx:/video/stream/content3
[cefgetfile] Start sending Interests
2026-02-10 15:47:55.451 [cefgetfile] WARNING: Unknown VALIDATION_ALG:type=2, length=0
2026-02-10 15:47:55.451 [cefgetfile] WARNING: Unknown VALIDATION_ALG:type=2, length=0
2026-02-10 15:47:55.452 [cefgetfile] WARNING: Unknown VALIDATION_ALG:type=2, length=0
2026-02-10 15:47:55.453 [cefgetfile] WARNING: Unknown VALIDATION_ALG:type=2, length=0
2026-02-10 15:47:55.453 [cefgetfile] WARNING: Unknown VALIDATION_ALG:type=2, length=0
2026-02-10 15:47:55.454 [cefgetfile] WARNING: Unknown VALIDATION_ALG:type=2, length=0
2026-02-10 15:47:55.454 [cefgetfile] WARNING: Unknown VALIDATION_ALG:type=2, length=0
2026-02-10 15:47:55.458 [cefgetfile] WARNING: Unknown VALIDATION_ALG:type=2, length=0
2026-02-10 15:47:55.458 [cefgetfile] WARNING: Unknown VALIDATION_ALG:type=2, length=0
2026-02-10 15:47:55.459 [cefgetfile] WARNING: Unknown VALIDATION_ALG:type=2, length=0
2026-02-10 15:47:55.461 [cefgetfile] WARNING: Unknown VALIDATION_ALG:type=2, length=0
2026-02-10 15:47:55.464 [cefgetfile] WARNING: Unknown VALIDATION_ALG:type=2, length=0
2026-02-10 15:47:55.465 [cefgetfile] WARNING: Unknown VALIDATION_ALG:type=2, length=0
2026-02-10 15:47:55.465 [cefgetfile] WARNING: Unknown VALIDATION_ALG:type=2, length=0
2026-02-10 15:47:55.466 [cefgetfile] WARNING: Unknown VALIDATION_ALG:type=2, length=0
2026-02-10 15:47:55.467 [cefgetfile] WARNING: Unknown VALIDATION_ALG:type=2, length=0
2026-02-10 15:47:55.467 [cefgetfile] WARNING: Unknown VALIDATION_ALG:type=2, length=0
2026-02-10 15:47:55.468 [cefgetfile] WARNING: Unknown VALIDATION_ALG:type=2, length=0
2026-02-10 15:47:55.468 [cefgetfile] WARNING: Unknown VALIDATION_ALG:type=2, length=0
2026-02-10 15:47:55.470 [cefgetfile] WARNING: Unknown VALIDATION_ALG:type=2, length=0
2026-02-10 15:47:55.470 [cefgetfile] WARNING: Unknown VALIDATION_ALG:type=2, length=0
2026-02-10 15:47:55.470 [cefgetfile] WARNING: Unknown VALIDATION_ALG:type=2, length=0
2026-02-10 15:47:55.471 [cefgetfile] WARNING: Unknown VALIDATION_ALG:type=2, length=0
2026-02-10 15:47:55.472 [cefgetfile] WARNING: Unknown VALIDATION_ALG:type=2, length=0
2026-02-10 15:47:55.474 [cefgetfile] WARNING: Unknown VALIDATION_ALG:type=2, length=0
2026-02-10 15:47:55.475 [cefgetfile] WARNING: Unknown VALIDATION_ALG:type=2, length=0
2026-02-10 15:47:55.476 [cefgetfile] WARNING: Unknown VALIDATION_ALG:type=2, length=0
2026-02-10 15:47:55.477 [cefgetfile] WARNING: Unknown VALIDATION_ALG:type=2, length=0
2026-02-10 15:47:55.478 [cefgetfile] WARNING: Unknown VALIDATION_ALG:type=2, length=0
2026-02-10 15:47:55.479 [cefgetfile] WARNING: Unknown VALIDATION_ALG:type=2, length=0
2026-02-10 15:47:55.479 [cefgetfile] WARNING: Unknown VALIDATION_ALG:type=2, length=0
2026-02-10 15:47:55.481 [cefgetfile] WARNING: Unknown VALIDATION_ALG:type=2, length=0
2026-02-10 15:47:55.482 [cefgetfile] WARNING: Unknown VALIDATION_ALG:type=2, length=0
2026-02-10 15:47:55.483 [cefgetfile] WARNING: Unknown VALIDATION_ALG:type=2, length=0
2026-02-10 15:47:55.483 [cefgetfile] WARNING: Unknown VALIDATION_ALG:type=2, length=0
2026-02-10 15:47:55.485 [cefgetfile] WARNING: Unknown VALIDATION_ALG:type=2, length=0
2026-02-10 15:47:55.485 [cefgetfile] WARNING: Unknown VALIDATION_ALG:type=2, length=0
2026-02-10 15:47:55.486 [cefgetfile] WARNING: Unknown VALIDATION_ALG:type=2, length=0
2026-02-10 15:47:55.487 [cefgetfile] WARNING: Unknown VALIDATION_ALG:type=2, length=0
2026-02-10 15:47:55.488 [cefgetfile] WARNING: Unknown VALIDATION_ALG:type=2, length=0
2026-02-10 15:47:55.488 [cefgetfile] WARNING: Unknown VALIDATION_ALG:type=2, length=0
2026-02-10 15:47:55.488 [cefgetfile] WARNING: Unknown VALIDATION_ALG:type=2, length=0
2026-02-10 15:47:55.489 [cefgetfile] WARNING: Unknown VALIDATION_ALG:type=2, length=0
2026-02-10 15:47:55.490 [cefgetfile] WARNING: Unknown VALIDATION_ALG:type=2, length=0
2026-02-10 15:47:55.490 [cefgetfile] WARNING: Unknown VALIDATION_ALG:type=2, length=0
2026-02-10 15:47:55.491 [cefgetfile] WARNING: Unknown VALIDATION_ALG:type=2, length=0
2026-02-10 15:47:55.491 [cefgetfile] WARNING: Unknown VALIDATION_ALG:type=2, length=0
2026-02-10 15:47:55.492 [cefgetfile] WARNING: Unknown VALIDATION_ALG:type=2, length=0
2026-02-10 15:47:55.492 [cefgetfile] WARNING: Unknown VALIDATION_ALG:type=2, length=0
2026-02-10 15:47:55.493 [cefgetfile] WARNING: Unknown VALIDATION_ALG:type=2, length=0
2026-02-10 15:47:55.493 [cefgetfile] WARNING: Unknown VALIDATION_ALG:type=2, length=0
2026-02-10 15:47:55.494 [cefgetfile] WARNING: Unknown VALIDATION_ALG:type=2, length=0
2026-02-10 15:47:55.494 [cefgetfile] WARNING: Unknown VALIDATION_ALG:type=2, length=0
2026-02-10 15:47:55.498 [cefgetfile] WARNING: Unknown VALIDATION_ALG:type=2, length=0
2026-02-10 15:47:55.499 [cefgetfile] WARNING: Unknown VALIDATION_ALG:type=2, length=0
2026-02-10 15:47:55.500 [cefgetfile] WARNING: Unknown VALIDATION_ALG:type=2, length=0
2026-02-10 15:47:55.500 [cefgetfile] WARNING: Unknown VALIDATION_ALG:type=2, length=0
2026-02-10 15:47:55.501 [cefgetfile] WARNING: Unknown VALIDATION_ALG:type=2, length=0
2026-02-10 15:47:55.502 [cefgetfile] WARNING: Unknown VALIDATION_ALG:type=2, length=0
2026-02-10 15:47:55.503 [cefgetfile] WARNING: Unknown VALIDATION_ALG:type=2, length=0
2026-02-10 15:47:55.505 [cefgetfile] WARNING: Unknown VALIDATION_ALG:type=2, length=0
2026-02-10 15:47:55.506 [cefgetfile] WARNING: Unknown VALIDATION_ALG:type=2, length=0
2026-02-10 15:47:55.507 [cefgetfile] WARNING: Unknown VALIDATION_ALG:type=2, length=0
2026-02-10 15:47:55.508 [cefgetfile] WARNING: Unknown VALIDATION_ALG:type=2, length=0
2026-02-10 15:47:55.509 [cefgetfile] WARNING: Unknown VALIDATION_ALG:type=2, length=0
2026-02-10 15:47:55.511 [cefgetfile] WARNING: Unknown VALIDATION_ALG:type=2, length=0
2026-02-10 15:47:55.511 [cefgetfile] WARNING: Unknown VALIDATION_ALG:type=2, length=0
2026-02-10 15:47:55.514 [cefgetfile] WARNING: Unknown VALIDATION_ALG:type=2, length=0
2026-02-10 15:47:55.515 [cefgetfile] WARNING: Unknown VALIDATION_ALG:type=2, length=0
2026-02-10 15:47:55.515 [cefgetfile] WARNING: Unknown VALIDATION_ALG:type=2, length=0
2026-02-10 15:47:55.515 [cefgetfile] WARNING: Unknown VALIDATION_ALG:type=2, length=0
2026-02-10 15:47:55.516 [cefgetfile] WARNING: Unknown VALIDATION_ALG:type=2, length=0
2026-02-10 15:47:55.516 [cefgetfile] WARNING: Unknown VALIDATION_ALG:type=2, length=0
2026-02-10 15:47:55.518 [cefgetfile] WARNING: Unknown VALIDATION_ALG:type=2, length=0
2026-02-10 15:47:55.519 [cefgetfile] WARNING: Unknown VALIDATION_ALG:type=2, length=0
2026-02-10 15:47:55.521 [cefgetfile] WARNING: Unknown VALIDATION_ALG:type=2, length=0
2026-02-10 15:47:55.522 [cefgetfile] WARNING: Unknown VALIDATION_ALG:type=2, length=0
2026-02-10 15:47:55.523 [cefgetfile] WARNING: Unknown VALIDATION_ALG:type=2, length=0
2026-02-10 15:47:55.524 [cefgetfile] WARNING: Unknown VALIDATION_ALG:type=2, length=0
2026-02-10 15:47:55.525 [cefgetfile] WARNING: Unknown VALIDATION_ALG:type=2, length=0
2026-02-10 15:47:55.525 [cefgetfile] WARNING: Unknown VALIDATION_ALG:type=2, length=0
2026-02-10 15:47:55.525 [cefgetfile] WARNING: Unknown VALIDATION_ALG:type=2, length=0
2026-02-10 15:47:55.526 [cefgetfile] WARNING: Unknown VALIDATION_ALG:type=2, length=0
2026-02-10 15:47:55.526 [cefgetfile] WARNING: Unknown VALIDATION_ALG:type=2, length=0
2026-02-10 15:47:55.528 [cefgetfile] WARNING: Unknown VALIDATION_ALG:type=2, length=0
2026-02-10 15:47:55.528 [cefgetfile] WARNING: Unknown VALIDATION_ALG:type=2, length=0
2026-02-10 15:47:55.528 [cefgetfile] WARNING: Unknown VALIDATION_ALG:type=2, length=0
2026-02-10 15:47:55.529 [cefgetfile] WARNING: Unknown VALIDATION_ALG:type=2, length=0
2026-02-10 15:47:55.529 [cefgetfile] WARNING: Unknown VALIDATION_ALG:type=2, length=0
2026-02-10 15:47:55.530 [cefgetfile] WARNING: Unknown VALIDATION_ALG:type=2, length=0
2026-02-10 15:47:55.531 [cefgetfile] WARNING: Unknown VALIDATION_ALG:type=2, length=0
2026-02-10 15:47:55.531 [cefgetfile] WARNING: Unknown VALIDATION_ALG:type=2, length=0
2026-02-10 15:47:55.532 [cefgetfile] WARNING: Unknown VALIDATION_ALG:type=2, length=0
2026-02-10 15:47:55.533 [cefgetfile] WARNING: Unknown VALIDATION_ALG:type=2, length=0
2026-02-10 15:47:55.533 [cefgetfile] WARNING: Unknown VALIDATION_ALG:type=2, length=0
2026-02-10 15:47:55.534 [cefgetfile] WARNING: Unknown VALIDATION_ALG:type=2, length=0
2026-02-10 15:47:55.534 [cefgetfile] WARNING: Unknown VALIDATION_ALG:type=2, length=0
2026-02-10 15:47:55.534 [cefgetfile] WARNING: Unknown VALIDATION_ALG:type=2, length=0
2026-02-10 15:47:55.536 [cefgetfile] WARNING: Unknown VALIDATION_ALG:type=2, length=0
2026-02-10 15:47:55.536 [cefgetfile] WARNING: Unknown VALIDATION_ALG:type=2, length=0
2026-02-10 15:47:55.537 [cefgetfile] WARNING: Unknown VALIDATION_ALG:type=2, length=0
2026-02-10 15:47:55.538 [cefgetfile] WARNING: Unknown VALIDATION_ALG:type=2, length=0
2026-02-10 15:47:55.540 [cefgetfile] WARNING: Unknown VALIDATION_ALG:type=2, length=0
2026-02-10 15:47:55.541 [cefgetfile] WARNING: Unknown VALIDATION_ALG:type=2, length=0
2026-02-10 15:47:55.542 [cefgetfile] WARNING: Unknown VALIDATION_ALG:type=2, length=0
2026-02-10 15:47:55.542 [cefgetfile] WARNING: Unknown VALIDATION_ALG:type=2, length=0
2026-02-10 15:47:55.543 [cefgetfile] WARNING: Unknown VALIDATION_ALG:type=2, length=0
2026-02-10 15:47:55.543 [cefgetfile] WARNING: Unknown VALIDATION_ALG:type=2, length=0
2026-02-10 15:47:55.543 [cefgetfile] WARNING: Unknown VALIDATION_ALG:type=2, length=0
2026-02-10 15:47:55.543 [cefgetfile] WARNING: Unknown VALIDATION_ALG:type=2, length=0
2026-02-10 15:47:55.544 [cefgetfile] WARNING: Unknown VALIDATION_ALG:type=2, length=0
2026-02-10 15:47:55.544 [cefgetfile] WARNING: Unknown VALIDATION_ALG:type=2, length=0
2026-02-10 15:47:55.546 [cefgetfile] WARNING: Unknown VALIDATION_ALG:type=2, length=0
2026-02-10 15:47:55.546 [cefgetfile] WARNING: Unknown VALIDATION_ALG:type=2, length=0
2026-02-10 15:47:55.547 [cefgetfile] WARNING: Unknown VALIDATION_ALG:type=2, length=0
2026-02-10 15:47:55.547 [cefgetfile] WARNING: Unknown VALIDATION_ALG:type=2, length=0
2026-02-10 15:47:55.547 [cefgetfile] WARNING: Unknown VALIDATION_ALG:type=2, length=0
2026-02-10 15:47:55.547 [cefgetfile] WARNING: Unknown VALIDATION_ALG:type=2, length=0
2026-02-10 15:47:55.548 [cefgetfile] WARNING: Unknown VALIDATION_ALG:type=2, length=0
2026-02-10 15:47:55.548 [cefgetfile] WARNING: Unknown VALIDATION_ALG:type=2, length=0
2026-02-10 15:47:55.548 [cefgetfile] WARNING: Unknown VALIDATION_ALG:type=2, length=0
2026-02-10 15:47:55.549 [cefgetfile] WARNING: Unknown VALIDATION_ALG:type=2, length=0
2026-02-10 15:47:55.549 [cefgetfile] WARNING: Unknown VALIDATION_ALG:type=2, length=0
2026-02-10 15:47:55.549 [cefgetfile] WARNING: Unknown VALIDATION_ALG:type=2, length=0
2026-02-10 15:47:55.549 [cefgetfile] WARNING: Unknown VALIDATION_ALG:type=2, length=0
2026-02-10 15:47:55.550 [cefgetfile] WARNING: Unknown VALIDATION_ALG:type=2, length=0
2026-02-10 15:47:55.550 [cefgetfile] WARNING: Unknown VALIDATION_ALG:type=2, length=0
2026-02-10 15:47:55.562 [cefgetfile] WARNING: Unknown VALIDATION_ALG:type=2, length=0
2026-02-10 15:47:55.562 [cefgetfile] WARNING: Unknown VALIDATION_ALG:type=2, length=0
2026-02-10 15:47:55.563 [cefgetfile] WARNING: Unknown VALIDATION_ALG:type=2, length=0
2026-02-10 15:47:55.563 [cefgetfile] WARNING: Unknown VALIDATION_ALG:type=2, length=0
2026-02-10 15:47:55.563 [cefgetfile] WARNING: Unknown VALIDATION_ALG:type=2, length=0
2026-02-10 15:47:55.564 [cefgetfile] WARNING: Unknown VALIDATION_ALG:type=2, length=0
2026-02-10 15:47:55.566 [cefgetfile] WARNING: Unknown VALIDATION_ALG:type=2, length=0
2026-02-10 15:47:55.566 [cefgetfile] WARNING: Unknown VALIDATION_ALG:type=2, length=0
2026-02-10 15:47:55.566 [cefgetfile] WARNING: Unknown VALIDATION_ALG:type=2, length=0
2026-02-10 15:47:55.567 [cefgetfile] WARNING: Unknown VALIDATION_ALG:type=2, length=0
2026-02-10 15:47:55.567 [cefgetfile] WARNING: Unknown VALIDATION_ALG:type=2, length=0
2026-02-10 15:47:55.567 [cefgetfile] WARNING: Unknown VALIDATION_ALG:type=2, length=0
2026-02-10 15:47:55.567 [cefgetfile] WARNING: Unknown VALIDATION_ALG:type=2, length=0
2026-02-10 15:47:55.568 [cefgetfile] WARNING: Unknown VALIDATION_ALG:type=2, length=0
2026-02-10 15:47:55.568 [cefgetfile] WARNING: Unknown VALIDATION_ALG:type=2, length=0
2026-02-10 15:47:55.568 [cefgetfile] WARNING: Unknown VALIDATION_ALG:type=2, length=0
2026-02-10 15:47:55.568 [cefgetfile] WARNING: Unknown VALIDATION_ALG:type=2, length=0
2026-02-10 15:47:55.569 [cefgetfile] WARNING: Unknown VALIDATION_ALG:type=2, length=0
2026-02-10 15:47:55.569 [cefgetfile] WARNING: Unknown VALIDATION_ALG:type=2, length=0
2026-02-10 15:47:55.569 [cefgetfile] WARNING: Unknown VALIDATION_ALG:type=2, length=0
2026-02-10 15:47:55.570 [cefgetfile] WARNING: Unknown VALIDATION_ALG:type=2, length=0
2026-02-10 15:47:55.577 [cefgetfile] WARNING: Unknown VALIDATION_ALG:type=2, length=0
2026-02-10 15:47:55.577 [cefgetfile] WARNING: Unknown VALIDATION_ALG:type=2, length=0
2026-02-10 15:47:55.577 [cefgetfile] WARNING: Unknown VALIDATION_ALG:type=2, length=0
2026-02-10 15:47:55.577 [cefgetfile] WARNING: Unknown VALIDATION_ALG:type=2, length=0
2026-02-10 15:47:55.577 [cefgetfile] WARNING: Unknown VALIDATION_ALG:type=2, length=0
2026-02-10 15:47:55.578 [cefgetfile] WARNING: Unknown VALIDATION_ALG:type=2, length=0
2026-02-10 15:47:55.578 [cefgetfile] WARNING: Unknown VALIDATION_ALG:type=2, length=0
2026-02-10 15:47:55.578 [cefgetfile] WARNING: Unknown VALIDATION_ALG:type=2, length=0
2026-02-10 15:47:55.578 [cefgetfile] WARNING: Unknown VALIDATION_ALG:type=2, length=0
2026-02-10 15:47:55.579 [cefgetfile] WARNING: Unknown VALIDATION_ALG:type=2, length=0
2026-02-10 15:47:55.579 [cefgetfile] WARNING: Unknown VALIDATION_ALG:type=2, length=0
2026-02-10 15:47:55.579 [cefgetfile] WARNING: Unknown VALIDATION_ALG:type=2, length=0
2026-02-10 15:47:55.579 [cefgetfile] WARNING: Unknown VALIDATION_ALG:type=2, length=0
2026-02-10 15:47:55.582 [cefgetfile] WARNING: Unknown VALIDATION_ALG:type=2, length=0
2026-02-10 15:47:55.582 [cefgetfile] WARNING: Unknown VALIDATION_ALG:type=2, length=0
2026-02-10 15:47:55.582 [cefgetfile] WARNING: Unknown VALIDATION_ALG:type=2, length=0
2026-02-10 15:47:55.585 [cefgetfile] WARNING: Unknown VALIDATION_ALG:type=2, length=0
2026-02-10 15:47:55.586 [cefgetfile] WARNING: Unknown VALIDATION_ALG:type=2, length=0
2026-02-10 15:47:55.587 [cefgetfile] WARNING: Unknown VALIDATION_ALG:type=2, length=0
2026-02-10 15:47:55.588 [cefgetfile] WARNING: Unknown VALIDATION_ALG:type=2, length=0
2026-02-10 15:47:55.588 [cefgetfile] WARNING: Unknown VALIDATION_ALG:type=2, length=0
2026-02-10 15:47:55.589 [cefgetfile] WARNING: Unknown VALIDATION_ALG:type=2, length=0
2026-02-10 15:47:55.589 [cefgetfile] WARNING: Unknown VALIDATION_ALG:type=2, length=0
2026-02-10 15:47:55.589 [cefgetfile] WARNING: Unknown VALIDATION_ALG:type=2, length=0
2026-02-10 15:47:55.590 [cefgetfile] WARNING: Unknown VALIDATION_ALG:type=2, length=0
2026-02-10 15:47:55.590 [cefgetfile] WARNING: Unknown VALIDATION_ALG:type=2, length=0
2026-02-10 15:47:55.591 [cefgetfile] WARNING: Unknown VALIDATION_ALG:type=2, length=0
2026-02-10 15:47:55.591 [cefgetfile] WARNING: Unknown VALIDATION_ALG:type=2, length=0
2026-02-10 15:47:55.591 [cefgetfile] WARNING: Unknown VALIDATION_ALG:type=2, length=0
2026-02-10 15:47:55.592 [cefgetfile] WARNING: Unknown VALIDATION_ALG:type=2, length=0
2026-02-10 15:47:55.592 [cefgetfile] WARNING: Unknown VALIDATION_ALG:type=2, length=0
2026-02-10 15:47:55.592 [cefgetfile] WARNING: Unknown VALIDATION_ALG:type=2, length=0
2026-02-10 15:47:55.593 [cefgetfile] WARNING: Unknown VALIDATION_ALG:type=2, length=0
2026-02-10 15:47:55.593 [cefgetfile] WARNING: Unknown VALIDATION_ALG:type=2, length=0
2026-02-10 15:47:55.598 [cefgetfile] WARNING: Unknown VALIDATION_ALG:type=2, length=0
2026-02-10 15:47:55.601 [cefgetfile] WARNING: Unknown VALIDATION_ALG:type=2, length=0
2026-02-10 15:47:55.602 [cefgetfile] WARNING: Unknown VALIDATION_ALG:type=2, length=0
2026-02-10 15:47:55.603 [cefgetfile] WARNING: Unknown VALIDATION_ALG:type=2, length=0
2026-02-10 15:47:55.603 [cefgetfile] WARNING: Unknown VALIDATION_ALG:type=2, length=0
2026-02-10 15:47:55.604 [cefgetfile] WARNING: Unknown VALIDATION_ALG:type=2, length=0
2026-02-10 15:47:55.604 [cefgetfile] WARNING: Unknown VALIDATION_ALG:type=2, length=0
2026-02-10 15:47:55.606 [cefgetfile] WARNING: Unknown VALIDATION_ALG:type=2, length=0
2026-02-10 15:47:55.606 [cefgetfile] WARNING: Unknown VALIDATION_ALG:type=2, length=0
2026-02-10 15:47:55.607 [cefgetfile] WARNING: Unknown VALIDATION_ALG:type=2, length=0
2026-02-10 15:47:55.607 [cefgetfile] WARNING: Unknown VALIDATION_ALG:type=2, length=0
2026-02-10 15:47:55.608 [cefgetfile] WARNING: Unknown VALIDATION_ALG:type=2, length=0
2026-02-10 15:47:55.608 [cefgetfile] WARNING: Unknown VALIDATION_ALG:type=2, length=0
2026-02-10 15:47:55.610 [cefgetfile] WARNING: Unknown VALIDATION_ALG:type=2, length=0
2026-02-10 15:47:55.611 [cefgetfile] WARNING: Unknown VALIDATION_ALG:type=2, length=0
2026-02-10 15:47:55.613 [cefgetfile] WARNING: Unknown VALIDATION_ALG:type=2, length=0
2026-02-10 15:47:55.614 [cefgetfile] WARNING: Unknown VALIDATION_ALG:type=2, length=0
2026-02-10 15:47:55.615 [cefgetfile] WARNING: Unknown VALIDATION_ALG:type=2, length=0
2026-02-10 15:47:55.615 [cefgetfile] WARNING: Unknown VALIDATION_ALG:type=2, length=0
2026-02-10 15:47:55.617 [cefgetfile] WARNING: Unknown VALIDATION_ALG:type=2, length=0
2026-02-10 15:47:55.617 [cefgetfile] WARNING: Unknown VALIDATION_ALG:type=2, length=0
2026-02-10 15:47:55.617 [cefgetfile] WARNING: Unknown VALIDATION_ALG:type=2, length=0
2026-02-10 15:47:55.619 [cefgetfile] WARNING: Unknown VALIDATION_ALG:type=2, length=0
2026-02-10 15:47:55.620 [cefgetfile] WARNING: Unknown VALIDATION_ALG:type=2, length=0
2026-02-10 15:47:55.620 [cefgetfile] WARNING: Unknown VALIDATION_ALG:type=2, length=0
2026-02-10 15:47:55.621 [cefgetfile] WARNING: Unknown VALIDATION_ALG:type=2, length=0
2026-02-10 15:47:55.623 [cefgetfile] WARNING: Unknown VALIDATION_ALG:type=2, length=0
2026-02-10 15:47:55.624 [cefgetfile] WARNING: Unknown VALIDATION_ALG:type=2, length=0
2026-02-10 15:47:55.625 [cefgetfile] WARNING: Unknown VALIDATION_ALG:type=2, length=0
2026-02-10 15:47:55.626 [cefgetfile] WARNING: Unknown VALIDATION_ALG:type=2, length=0
2026-02-10 15:47:55.627 [cefgetfile] WARNING: Unknown VALIDATION_ALG:type=2, length=0
2026-02-10 15:47:55.627 [cefgetfile] WARNING: Unknown VALIDATION_ALG:type=2, length=0
2026-02-10 15:47:55.627 [cefgetfile] WARNING: Unknown VALIDATION_ALG:type=2, length=0
2026-02-10 15:47:55.629 [cefgetfile] WARNING: Unknown VALIDATION_ALG:type=2, length=0
2026-02-10 15:47:55.629 [cefgetfile] WARNING: Unknown VALIDATION_ALG:type=2, length=0
2026-02-10 15:47:55.630 [cefgetfile] WARNING: Unknown VALIDATION_ALG:type=2, length=0
2026-02-10 15:47:55.630 [cefgetfile] WARNING: Unknown VALIDATION_ALG:type=2, length=0
2026-02-10 15:47:55.631 [cefgetfile] WARNING: Unknown VALIDATION_ALG:type=2, length=0
2026-02-10 15:47:55.632 [cefgetfile] WARNING: Unknown VALIDATION_ALG:type=2, length=0
2026-02-10 15:47:55.633 [cefgetfile] WARNING: Unknown VALIDATION_ALG:type=2, length=0
2026-02-10 15:47:55.634 [cefgetfile] WARNING: Unknown VALIDATION_ALG:type=2, length=0
2026-02-10 15:47:55.634 [cefgetfile] WARNING: Unknown VALIDATION_ALG:type=2, length=0
2026-02-10 15:47:55.635 [cefgetfile] WARNING: Unknown VALIDATION_ALG:type=2, length=0
2026-02-10 15:47:55.635 [cefgetfile] WARNING: Unknown VALIDATION_ALG:type=2, length=0
2026-02-10 15:47:55.636 [cefgetfile] WARNING: Unknown VALIDATION_ALG:type=2, length=0
2026-02-10 15:47:55.638 [cefgetfile] WARNING: Unknown VALIDATION_ALG:type=2, length=0
2026-02-10 15:47:55.639 [cefgetfile] WARNING: Unknown VALIDATION_ALG:type=2, length=0
2026-02-10 15:47:55.639 [cefgetfile] WARNING: Unknown VALIDATION_ALG:type=2, length=0
2026-02-10 15:47:55.640 [cefgetfile] WARNING: Unknown VALIDATION_ALG:type=2, length=0
2026-02-10 15:47:55.641 [cefgetfile] WARNING: Unknown VALIDATION_ALG:type=2, length=0
2026-02-10 15:47:55.642 [cefgetfile] WARNING: Unknown VALIDATION_ALG:type=2, length=0
2026-02-10 15:47:55.642 [cefgetfile] WARNING: Unknown VALIDATION_ALG:type=2, length=0
2026-02-10 15:47:55.642 [cefgetfile] WARNING: Unknown VALIDATION_ALG:type=2, length=0
2026-02-10 15:47:55.644 [cefgetfile] WARNING: Unknown VALIDATION_ALG:type=2, length=0
2026-02-10 15:47:55.645 [cefgetfile] WARNING: Unknown VALIDATION_ALG:type=2, length=0
2026-02-10 15:47:55.646 [cefgetfile] WARNING: Unknown VALIDATION_ALG:type=2, length=0
2026-02-10 15:47:55.648 [cefgetfile] WARNING: Unknown VALIDATION_ALG:type=2, length=0
2026-02-10 15:47:55.650 [cefgetfile] WARNING: Unknown VALIDATION_ALG:type=2, length=0
2026-02-10 15:47:55.650 [cefgetfile] WARNING: Unknown VALIDATION_ALG:type=2, length=0
2026-02-10 15:47:55.651 [cefgetfile] WARNING: Unknown VALIDATION_ALG:type=2, length=0
2026-02-10 15:47:55.652 [cefgetfile] WARNING: Unknown VALIDATION_ALG:type=2, length=0
2026-02-10 15:47:55.653 [cefgetfile] WARNING: Unknown VALIDATION_ALG:type=2, length=0
2026-02-10 15:47:55.654 [cefgetfile] WARNING: Unknown VALIDATION_ALG:type=2, length=0
2026-02-10 15:47:55.654 [cefgetfile] WARNING: Unknown VALIDATION_ALG:type=2, length=0
2026-02-10 15:47:55.655 [cefgetfile] WARNING: Unknown VALIDATION_ALG:type=2, length=0
2026-02-10 15:47:55.655 [cefgetfile] WARNING: Unknown VALIDATION_ALG:type=2, length=0
2026-02-10 15:47:55.656 [cefgetfile] WARNING: Unknown VALIDATION_ALG:type=2, length=0
2026-02-10 15:47:55.656 [cefgetfile] WARNING: Unknown VALIDATION_ALG:type=2, length=0
2026-02-10 15:47:55.657 [cefgetfile] WARNING: Unknown VALIDATION_ALG:type=2, length=0
2026-02-10 15:47:55.657 [cefgetfile] WARNING: Unknown VALIDATION_ALG:type=2, length=0
2026-02-10 15:47:55.658 [cefgetfile] WARNING: Unknown VALIDATION_ALG:type=2, length=0
2026-02-10 15:47:55.659 [cefgetfile] WARNING: Unknown VALIDATION_ALG:type=2, length=0
2026-02-10 15:47:55.660 [cefgetfile] WARNING: Unknown VALIDATION_ALG:type=2, length=0
2026-02-10 15:47:55.660 [cefgetfile] WARNING: Unknown VALIDATION_ALG:type=2, length=0
2026-02-10 15:47:55.661 [cefgetfile] WARNING: Unknown VALIDATION_ALG:type=2, length=0
2026-02-10 15:47:55.662 [cefgetfile] WARNING: Unknown VALIDATION_ALG:type=2, length=0
2026-02-10 15:47:55.663 [cefgetfile] WARNING: Unknown VALIDATION_ALG:type=2, length=0
2026-02-10 15:47:55.663 [cefgetfile] WARNING: Unknown VALIDATION_ALG:type=2, length=0
2026-02-10 15:47:55.664 [cefgetfile] WARNING: Unknown VALIDATION_ALG:type=2, length=0
2026-02-10 15:47:55.665 [cefgetfile] WARNING: Unknown VALIDATION_ALG:type=2, length=0
2026-02-10 15:47:55.665 [cefgetfile] WARNING: Unknown VALIDATION_ALG:type=2, length=0
2026-02-10 15:47:55.666 [cefgetfile] WARNING: Unknown VALIDATION_ALG:type=2, length=0
2026-02-10 15:47:55.666 [cefgetfile] WARNING: Unknown VALIDATION_ALG:type=2, length=0
2026-02-10 15:47:55.667 [cefgetfile] WARNING: Unknown VALIDATION_ALG:type=2, length=0
2026-02-10 15:47:55.668 [cefgetfile] WARNING: Unknown VALIDATION_ALG:type=2, length=0
2026-02-10 15:47:55.669 [cefgetfile] WARNING: Unknown VALIDATION_ALG:type=2, length=0
2026-02-10 15:47:55.671 [cefgetfile] WARNING: Unknown VALIDATION_ALG:type=2, length=0
2026-02-10 15:47:55.671 [cefgetfile] WARNING: Unknown VALIDATION_ALG:type=2, length=0
2026-02-10 15:47:55.672 [cefgetfile] WARNING: Unknown VALIDATION_ALG:type=2, length=0
2026-02-10 15:47:55.673 [cefgetfile] WARNING: Unknown VALIDATION_ALG:type=2, length=0
2026-02-10 15:47:55.674 [cefgetfile] WARNING: Unknown VALIDATION_ALG:type=2, length=0
2026-02-10 15:47:55.675 [cefgetfile] WARNING: Unknown VALIDATION_ALG:type=2, length=0
2026-02-10 15:47:55.676 [cefgetfile] WARNING: Unknown VALIDATION_ALG:type=2, length=0
2026-02-10 15:47:55.676 [cefgetfile] WARNING: Unknown VALIDATION_ALG:type=2, length=0
2026-02-10 15:47:55.677 [cefgetfile] WARNING: Unknown VALIDATION_ALG:type=2, length=0
2026-02-10 15:47:55.678 [cefgetfile] WARNING: Unknown VALIDATION_ALG:type=2, length=0
2026-02-10 15:47:55.679 [cefgetfile] WARNING: Unknown VALIDATION_ALG:type=2, length=0
2026-02-10 15:47:55.679 [cefgetfile] WARNING: Unknown VALIDATION_ALG:type=2, length=0
2026-02-10 15:47:55.681 [cefgetfile] WARNING: Unknown VALIDATION_ALG:type=2, length=0
2026-02-10 15:47:55.681 [cefgetfile] WARNING: Unknown VALIDATION_ALG:type=2, length=0
2026-02-10 15:47:55.682 [cefgetfile] WARNING: Unknown VALIDATION_ALG:type=2, length=0
2026-02-10 15:47:55.683 [cefgetfile] WARNING: Unknown VALIDATION_ALG:type=2, length=0
2026-02-10 15:47:55.684 [cefgetfile] WARNING: Unknown VALIDATION_ALG:type=2, length=0
2026-02-10 15:47:55.684 [cefgetfile] WARNING: Unknown VALIDATION_ALG:type=2, length=0
2026-02-10 15:47:55.685 [cefgetfile] WARNING: Unknown VALIDATION_ALG:type=2, length=0
2026-02-10 15:47:55.685 [cefgetfile] WARNING: Unknown VALIDATION_ALG:type=2, length=0
2026-02-10 15:47:55.686 [cefgetfile] WARNING: Unknown VALIDATION_ALG:type=2, length=0
2026-02-10 15:47:55.686 [cefgetfile] WARNING: Unknown VALIDATION_ALG:type=2, length=0
2026-02-10 15:47:55.687 [cefgetfile] WARNING: Unknown VALIDATION_ALG:type=2, length=0
2026-02-10 15:47:55.690 [cefgetfile] WARNING: Unknown VALIDATION_ALG:type=2, length=0
2026-02-10 15:47:55.690 [cefgetfile] WARNING: Unknown VALIDATION_ALG:type=2, length=0
2026-02-10 15:47:55.690 [cefgetfile] WARNING: Unknown VALIDATION_ALG:type=2, length=0
2026-02-10 15:47:55.691 [cefgetfile] WARNING: Unknown VALIDATION_ALG:type=2, length=0
2026-02-10 15:47:55.692 [cefgetfile] WARNING: Unknown VALIDATION_ALG:type=2, length=0
2026-02-10 15:47:55.693 [cefgetfile] WARNING: Unknown VALIDATION_ALG:type=2, length=0
2026-02-10 15:47:55.694 [cefgetfile] WARNING: Unknown VALIDATION_ALG:type=2, length=0
2026-02-10 15:47:55.695 [cefgetfile] WARNING: Unknown VALIDATION_ALG:type=2, length=0
2026-02-10 15:47:55.695 [cefgetfile] WARNING: Unknown VALIDATION_ALG:type=2, length=0
2026-02-10 15:47:55.696 [cefgetfile] WARNING: Unknown VALIDATION_ALG:type=2, length=0
2026-02-10 15:47:55.696 [cefgetfile] WARNING: Unknown VALIDATION_ALG:type=2, length=0
2026-02-10 15:47:55.696 [cefgetfile] WARNING: Unknown VALIDATION_ALG:type=2, length=0
2026-02-10 15:47:55.696 [cefgetfile] WARNING: Unknown VALIDATION_ALG:type=2, length=0
2026-02-10 15:47:55.697 [cefgetfile] WARNING: Unknown VALIDATION_ALG:type=2, length=0
2026-02-10 15:47:55.698 [cefgetfile] WARNING: Unknown VALIDATION_ALG:type=2, length=0
2026-02-10 15:47:55.699 [cefgetfile] WARNING: Unknown VALIDATION_ALG:type=2, length=0
2026-02-10 15:47:55.701 [cefgetfile] WARNING: Unknown VALIDATION_ALG:type=2, length=0
2026-02-10 15:47:55.701 [cefgetfile] WARNING: Unknown VALIDATION_ALG:type=2, length=0
2026-02-10 15:47:55.702 [cefgetfile] WARNING: Unknown VALIDATION_ALG:type=2, length=0
2026-02-10 15:47:55.702 [cefgetfile] WARNING: Unknown VALIDATION_ALG:type=2, length=0
2026-02-10 15:47:55.704 [cefgetfile] WARNING: Unknown VALIDATION_ALG:type=2, length=0
2026-02-10 15:47:55.705 [cefgetfile] WARNING: Unknown VALIDATION_ALG:type=2, length=0
2026-02-10 15:47:55.705 [cefgetfile] WARNING: Unknown VALIDATION_ALG:type=2, length=0
2026-02-10 15:47:55.705 [cefgetfile] WARNING: Unknown VALIDATION_ALG:type=2, length=0
2026-02-10 15:47:55.706 [cefgetfile] WARNING: Unknown VALIDATION_ALG:type=2, length=0
2026-02-10 15:47:55.706 [cefgetfile] WARNING: Unknown VALIDATION_ALG:type=2, length=0
2026-02-10 15:47:55.706 [cefgetfile] WARNING: Unknown VALIDATION_ALG:type=2, length=0
2026-02-10 15:47:55.706 [cefgetfile] WARNING: Unknown VALIDATION_ALG:type=2, length=0
2026-02-10 15:47:55.707 [cefgetfile] WARNING: Unknown VALIDATION_ALG:type=2, length=0
2026-02-10 15:47:55.707 [cefgetfile] WARNING: Unknown VALIDATION_ALG:type=2, length=0
2026-02-10 15:47:55.707 [cefgetfile] WARNING: Unknown VALIDATION_ALG:type=2, length=0
2026-02-10 15:47:55.708 [cefgetfile] WARNING: Unknown VALIDATION_ALG:type=2, length=0
2026-02-10 15:47:55.708 [cefgetfile] WARNING: Unknown VALIDATION_ALG:type=2, length=0
2026-02-10 15:47:55.708 [cefgetfile] WARNING: Unknown VALIDATION_ALG:type=2, length=0
2026-02-10 15:47:55.709 [cefgetfile] WARNING: Unknown VALIDATION_ALG:type=2, length=0
2026-02-10 15:47:55.709 [cefgetfile] WARNING: Unknown VALIDATION_ALG:type=2, length=0
2026-02-10 15:47:55.713 [cefgetfile] WARNING: Unknown VALIDATION_ALG:type=2, length=0
2026-02-10 15:47:55.713 [cefgetfile] WARNING: Unknown VALIDATION_ALG:type=2, length=0
2026-02-10 15:47:55.713 [cefgetfile] WARNING: Unknown VALIDATION_ALG:type=2, length=0
2026-02-10 15:47:55.713 [cefgetfile] WARNING: Unknown VALIDATION_ALG:type=2, length=0
2026-02-10 15:47:55.713 [cefgetfile] WARNING: Unknown VALIDATION_ALG:type=2, length=0
2026-02-10 15:47:55.714 [cefgetfile] WARNING: Unknown VALIDATION_ALG:type=2, length=0
2026-02-10 15:47:55.714 [cefgetfile] WARNING: Unknown VALIDATION_ALG:type=2, length=0
2026-02-10 15:47:55.716 [cefgetfile] WARNING: Unknown VALIDATION_ALG:type=2, length=0
2026-02-10 15:47:55.716 [cefgetfile] WARNING: Unknown VALIDATION_ALG:type=2, length=0
2026-02-10 15:47:55.716 [cefgetfile] WARNING: Unknown VALIDATION_ALG:type=2, length=0
2026-02-10 15:47:55.717 [cefgetfile] WARNING: Unknown VALIDATION_ALG:type=2, length=0
2026-02-10 15:47:55.717 [cefgetfile] WARNING: Unknown VALIDATION_ALG:type=2, length=0
2026-02-10 15:47:55.718 [cefgetfile] WARNING: Unknown VALIDATION_ALG:type=2, length=0
2026-02-10 15:47:55.718 [cefgetfile] WARNING: Unknown VALIDATION_ALG:type=2, length=0
2026-02-10 15:47:55.719 [cefgetfile] WARNING: Unknown VALIDATION_ALG:type=2, length=0
2026-02-10 15:47:55.721 [cefgetfile] WARNING: Unknown VALIDATION_ALG:type=2, length=0
2026-02-10 15:47:55.722 [cefgetfile] WARNING: Unknown VALIDATION_ALG:type=2, length=0
2026-02-10 15:47:55.722 [cefgetfile] WARNING: Unknown VALIDATION_ALG:type=2, length=0
2026-02-10 15:47:55.723 [cefgetfile] WARNING: Unknown VALIDATION_ALG:type=2, length=0
2026-02-10 15:47:55.723 [cefgetfile] WARNING: Unknown VALIDATION_ALG:type=2, length=0
2026-02-10 15:47:55.724 [cefgetfile] WARNING: Unknown VALIDATION_ALG:type=2, length=0
2026-02-10 15:47:55.724 [cefgetfile] WARNING: Unknown VALIDATION_ALG:type=2, length=0
2026-02-10 15:47:55.726 [cefgetfile] WARNING: Unknown VALIDATION_ALG:type=2, length=0
2026-02-10 15:47:55.729 [cefgetfile] WARNING: Unknown VALIDATION_ALG:type=2, length=0
2026-02-10 15:47:55.730 [cefgetfile] WARNING: Unknown VALIDATION_ALG:type=2, length=0
2026-02-10 15:47:55.731 [cefgetfile] WARNING: Unknown VALIDATION_ALG:type=2, length=0
2026-02-10 15:47:55.731 [cefgetfile] WARNING: Unknown VALIDATION_ALG:type=2, length=0
2026-02-10 15:47:55.731 [cefgetfile] WARNING: Unknown VALIDATION_ALG:type=2, length=0
2026-02-10 15:47:55.732 [cefgetfile] WARNING: Unknown VALIDATION_ALG:type=2, length=0
2026-02-10 15:47:55.732 [cefgetfile] WARNING: Unknown VALIDATION_ALG:type=2, length=0
2026-02-10 15:47:55.732 [cefgetfile] WARNING: Unknown VALIDATION_ALG:type=2, length=0
2026-02-10 15:47:55.735 [cefgetfile] WARNING: Unknown VALIDATION_ALG:type=2, length=0
2026-02-10 15:47:55.737 [cefgetfile] WARNING: Unknown VALIDATION_ALG:type=2, length=0
2026-02-10 15:47:55.738 [cefgetfile] WARNING: Unknown VALIDATION_ALG:type=2, length=0
2026-02-10 15:47:55.738 [cefgetfile] WARNING: Unknown VALIDATION_ALG:type=2, length=0
2026-02-10 15:47:55.740 [cefgetfile] WARNING: Unknown VALIDATION_ALG:type=2, length=0
2026-02-10 15:47:55.741 [cefgetfile] WARNING: Unknown VALIDATION_ALG:type=2, length=0
2026-02-10 15:47:55.742 [cefgetfile] WARNING: Unknown VALIDATION_ALG:type=2, length=0
2026-02-10 15:47:55.745 [cefgetfile] WARNING: Unknown VALIDATION_ALG:type=2, length=0
2026-02-10 15:47:55.746 [cefgetfile] WARNING: Unknown VALIDATION_ALG:type=2, length=0
2026-02-10 15:47:55.747 [cefgetfile] WARNING: Unknown VALIDATION_ALG:type=2, length=0
2026-02-10 15:47:55.749 [cefgetfile] WARNING: Unknown VALIDATION_ALG:type=2, length=0
2026-02-10 15:47:55.749 [cefgetfile] WARNING: Unknown VALIDATION_ALG:type=2, length=0
2026-02-10 15:47:55.750 [cefgetfile] WARNING: Unknown VALIDATION_ALG:type=2, length=0
2026-02-10 15:47:55.751 [cefgetfile] WARNING: Unknown VALIDATION_ALG:type=2, length=0
2026-02-10 15:47:55.752 [cefgetfile] WARNING: Unknown VALIDATION_ALG:type=2, length=0
2026-02-10 15:47:55.753 [cefgetfile] WARNING: Unknown VALIDATION_ALG:type=2, length=0
2026-02-10 15:47:55.753 [cefgetfile] WARNING: Unknown VALIDATION_ALG:type=2, length=0
2026-02-10 15:47:55.754 [cefgetfile] WARNING: Unknown VALIDATION_ALG:type=2, length=0
2026-02-10 15:47:55.755 [cefgetfile] WARNING: Unknown VALIDATION_ALG:type=2, length=0
2026-02-10 15:47:55.755 [cefgetfile] WARNING: Unknown VALIDATION_ALG:type=2, length=0
2026-02-10 15:47:55.757 [cefgetfile] WARNING: Unknown VALIDATION_ALG:type=2, length=0
2026-02-10 15:47:55.759 [cefgetfile] WARNING: Unknown VALIDATION_ALG:type=2, length=0
2026-02-10 15:47:55.759 [cefgetfile] WARNING: Unknown VALIDATION_ALG:type=2, length=0
2026-02-10 15:47:55.760 [cefgetfile] WARNING: Unknown VALIDATION_ALG:type=2, length=0
2026-02-10 15:47:55.760 [cefgetfile] WARNING: Unknown VALIDATION_ALG:type=2, length=0
2026-02-10 15:47:55.761 [cefgetfile] WARNING: Unknown VALIDATION_ALG:type=2, length=0
2026-02-10 15:47:55.761 [cefgetfile] WARNING: Unknown VALIDATION_ALG:type=2, length=0
2026-02-10 15:47:55.761 [cefgetfile] WARNING: Unknown VALIDATION_ALG:type=2, length=0
2026-02-10 15:47:55.762 [cefgetfile] WARNING: Unknown VALIDATION_ALG:type=2, length=0
2026-02-10 15:47:55.762 [cefgetfile] WARNING: Unknown VALIDATION_ALG:type=2, length=0
2026-02-10 15:47:55.763 [cefgetfile] WARNING: Unknown VALIDATION_ALG:type=2, length=0
2026-02-10 15:47:55.763 [cefgetfile] WARNING: Unknown VALIDATION_ALG:type=2, length=0
2026-02-10 15:47:55.763 [cefgetfile] WARNING: Unknown VALIDATION_ALG:type=2, length=0
2026-02-10 15:47:55.764 [cefgetfile] WARNING: Unknown VALIDATION_ALG:type=2, length=0
2026-02-10 15:47:55.764 [cefgetfile] WARNING: Unknown VALIDATION_ALG:type=2, length=0
2026-02-10 15:47:55.764 [cefgetfile] WARNING: Unknown VALIDATION_ALG:type=2, length=0
2026-02-10 15:47:55.764 [cefgetfile] WARNING: Unknown VALIDATION_ALG:type=2, length=0
2026-02-10 15:47:55.770 [cefgetfile] WARNING: Unknown VALIDATION_ALG:type=2, length=0
2026-02-10 15:47:55.770 [cefgetfile] WARNING: Unknown VALIDATION_ALG:type=2, length=0
2026-02-10 15:47:55.770 [cefgetfile] WARNING: Unknown VALIDATION_ALG:type=2, length=0
2026-02-10 15:47:55.771 [cefgetfile] WARNING: Unknown VALIDATION_ALG:type=2, length=0
2026-02-10 15:47:55.773 [cefgetfile] WARNING: Unknown VALIDATION_ALG:type=2, length=0
2026-02-10 15:47:55.774 [cefgetfile] WARNING: Unknown VALIDATION_ALG:type=2, length=0
2026-02-10 15:47:55.775 [cefgetfile] WARNING: Unknown VALIDATION_ALG:type=2, length=0
2026-02-10 15:47:55.776 [cefgetfile] WARNING: Unknown VALIDATION_ALG:type=2, length=0
2026-02-10 15:47:55.777 [cefgetfile] WARNING: Unknown VALIDATION_ALG:type=2, length=0
2026-02-10 15:47:55.777 [cefgetfile] WARNING: Unknown VALIDATION_ALG:type=2, length=0
2026-02-10 15:47:55.779 [cefgetfile] WARNING: Unknown VALIDATION_ALG:type=2, length=0
2026-02-10 15:47:55.780 [cefgetfile] WARNING: Unknown VALIDATION_ALG:type=2, length=0
2026-02-10 15:47:55.780 [cefgetfile] WARNING: Unknown VALIDATION_ALG:type=2, length=0
2026-02-10 15:47:55.781 [cefgetfile] WARNING: Unknown VALIDATION_ALG:type=2, length=0
2026-02-10 15:47:55.783 [cefgetfile] WARNING: Unknown VALIDATION_ALG:type=2, length=0
2026-02-10 15:47:55.784 [cefgetfile] WARNING: Unknown VALIDATION_ALG:type=2, length=0
2026-02-10 15:47:55.786 [cefgetfile] WARNING: Unknown VALIDATION_ALG:type=2, length=0
2026-02-10 15:47:55.787 [cefgetfile] WARNING: Unknown VALIDATION_ALG:type=2, length=0
2026-02-10 15:47:55.788 [cefgetfile] WARNING: Unknown VALIDATION_ALG:type=2, length=0
2026-02-10 15:47:55.788 [cefgetfile] WARNING: Unknown VALIDATION_ALG:type=2, length=0
2026-02-10 15:47:55.790 [cefgetfile] WARNING: Unknown VALIDATION_ALG:type=2, length=0
2026-02-10 15:47:55.791 [cefgetfile] WARNING: Unknown VALIDATION_ALG:type=2, length=0
2026-02-10 15:47:55.792 [cefgetfile] WARNING: Unknown VALIDATION_ALG:type=2, length=0
2026-02-10 15:47:55.793 [cefgetfile] WARNING: Unknown VALIDATION_ALG:type=2, length=0
2026-02-10 15:47:55.794 [cefgetfile] WARNING: Unknown VALIDATION_ALG:type=2, length=0
2026-02-10 15:47:55.795 [cefgetfile] WARNING: Unknown VALIDATION_ALG:type=2, length=0
2026-02-10 15:47:55.796 [cefgetfile] WARNING: Unknown VALIDATION_ALG:type=2, length=0
2026-02-10 15:47:55.797 [cefgetfile] WARNING: Unknown VALIDATION_ALG:type=2, length=0
2026-02-10 15:47:55.798 [cefgetfile] WARNING: Unknown VALIDATION_ALG:type=2, length=0
[cefgetfile] Completed to get all the chunks.
[cefgetfile] Unconnect to cefnetd ... OK
[cefgetfile] Terminate
[cefgetfile] Rx Frames (All)           = 424
[cefgetfile] Rx Frames (ContentObject) = 424
[cefgetfile] Rx Bytes (All)            = 449926
[cefgetfile] Rx Bytes (ContentObject)  = 433390
[cefgetfile] Duration                  = 0.347 sec
[cefgetfile] Throughput                = 10399577 bps
[cefgetfile] Goodput                   = 10017364 bps
[cefgetfile] Jitter (Ave)              = 816 us
[cefgetfile] Jitter (Max)              = 11959 us
[cefgetfile] Jitter (Var)              = 881100 us
