[cefgetfile] Start
[cefgetfile] Parsing parameters ...OK
2026-01-30 16:36:36.378 [cefgetfile] INFO: [client] Config directory is ./h0
2026-01-30 16:36:36.378 [cefgetfile] INFO: [client] Local Socket Name is /tmp/cef_9695.0
2026-01-30 16:36:36.378 [cefgetfile] INFO: [client] Listen Port is 9695
[cefgetfile] Init Cefore Client package ... OK
[cefgetfile] Conversion from URI into Name ... OK
[cefgetfile] Checking the output file ... OK
[cefgetfile] Connect to cefnetd ... OK
[cefgetfile] URI=ccnx:/test/experiment/content10
[cefgetfile] Start sending Interests
[cefgetfile] Completed to get all the chunks.
[cefgetfile] Unconnect to cefnetd ... OK
[cefgetfile] Terminate
[cefgetfile] Rx Frames (All)           = 424
[cefgetfile] Rx Frames (ContentObject) = 424
[cefgetfile] Rx Bytes (All)            = 451622
[cefgetfile] Rx Bytes (ContentObject)  = 433390
[cefgetfile] Duration                  = 0.227 sec
[cefgetfile] Throughput                = 15968531 bps
[cefgetfile] Goodput                   = 15323880 bps
[cefgetfile] Jitter (Ave)              = 533 us
[cefgetfile] Jitter (Max)              = 7685 us
[cefgetfile] Jitter (Var)              = 679482 us
