[cefgetfile] Start
[cefgetfile] Parsing parameters ...OK
2026-02-10 15:48:30.528 [cefgetfile] INFO: [client] Config directory is ./h8
2026-02-10 15:48:30.528 [cefgetfile] INFO: [client] Local Socket Name is /tmp/cef_9695.8
2026-02-10 15:48:30.528 [cefgetfile] INFO: [client] Listen Port is 9695
[cefgetfile] Init Cefore Client package ... OK
[cefgetfile] Conversion from URI into Name ... OK
[cefgetfile] Checking the output file ... OK
[cefgetfile] Connect to cefnetd ... OK
[cefgetfile] URI=ccnx:/test/data/content2
[cefgetfile] Start sending Interests
2026-02-10 15:48:30.560 [cefgetfile] WARNING: Unknown VALIDATION_ALG:type=2, length=0
2026-02-10 15:48:30.560 [cefgetfile] WARNING: Unknown VALIDATION_ALG:type=2, length=0
2026-02-10 15:48:30.560 [cefgetfile] WARNING: Unknown VALIDATION_ALG:type=2, length=0
2026-02-10 15:48:30.561 [cefgetfile] WARNING: Unknown VALIDATION_ALG:type=2, length=0
2026-02-10 15:48:30.564 [cefgetfile] WARNING: Unknown VALIDATION_ALG:type=2, length=0
2026-02-10 15:48:30.564 [cefgetfile] WARNING: Unknown VALIDATION_ALG:type=2, length=0
2026-02-10 15:48:30.564 [cefgetfile] WARNING: Unknown VALIDATION_ALG:type=2, length=0
2026-02-10 15:48:30.566 [cefgetfile] WARNING: Unknown VALIDATION_ALG:type=2, length=0
2026-02-10 15:48:30.569 [cefgetfile] WARNING: Unknown VALIDATION_ALG:type=2, length=0
2026-02-10 15:48:30.570 [cefgetfile] WARNING: Unknown VALIDATION_ALG:type=2, length=0
2026-02-10 15:48:30.572 [cefgetfile] WARNING: Unknown VALIDATION_ALG:type=2, length=0
2026-02-10 15:48:30.573 [cefgetfile] WARNING: Unknown VALIDATION_ALG:type=2, length=0
2026-02-10 15:48:30.575 [cefgetfile] WARNING: Unknown VALIDATION_ALG:type=2, length=0
2026-02-10 15:48:30.576 [cefgetfile] WARNING: Unknown VALIDATION_ALG:type=2, length=0
2026-02-10 15:48:30.577 [cefgetfile] WARNING: Unknown VALIDATION_ALG:type=2, length=0
2026-02-10 15:48:30.577 [cefgetfile] WARNING: Unknown VALIDATION_ALG:type=2, length=0
2026-02-10 15:48:30.579 [cefgetfile] WARNING: Unknown VALIDATION_ALG:type=2, length=0
2026-02-10 15:48:30.580 [cefgetfile] WARNING: Unknown VALIDATION_ALG:type=2, length=0
2026-02-10 15:48:30.580 [cefgetfile] WARNING: Unknown VALIDATION_ALG:type=2, length=0
2026-02-10 15:48:30.582 [cefgetfile] WARNING: Unknown VALIDATION_ALG:type=2, length=0
2026-02-10 15:48:30.583 [cefgetfile] WARNING: Unknown VALIDATION_ALG:type=2, length=0
2026-02-10 15:48:30.584 [cefgetfile] WARNING: Unknown VALIDATION_ALG:type=2, length=0
2026-02-10 15:48:30.584 [cefgetfile] WARNING: Unknown VALIDATION_ALG:type=2, length=0
2026-02-10 15:48:30.585 [cefgetfile] WARNING: Unknown VALIDATION_ALG:type=2, length=0
2026-02-10 15:48:30.587 [cefgetfile] WARNING: Unknown VALIDATION_ALG:type=2, length=0
2026-02-10 15:48:30.588 [cefgetfile] WARNING: Unknown VALIDATION_ALG:type=2, length=0
2026-02-10 15:48:30.589 [cefgetfile] WARNING: Unknown VALIDATION_ALG:type=2, length=0
2026-02-10 15:48:30.589 [cefgetfile] WARNING: Unknown VALIDATION_ALG:type=2, length=0
2026-02-10 15:48:30.591 [cefgetfile] WARNING: Unknown VALIDATION_ALG:type=2, length=0
2026-02-10 15:48:30.592 [cefgetfile] WARNING: Unknown VALIDATION_ALG:type=2, length=0
2026-02-10 15:48:30.593 [cefgetfile] WARNING: Unknown VALIDATION_ALG:type=2, length=0
2026-02-10 15:48:30.595 [cefgetfile] WARNING: Unknown VALIDATION_ALG:type=2, length=0
2026-02-10 15:48:30.597 [cefgetfile] WARNING: Unknown VALIDATION_ALG:type=2, length=0
2026-02-10 15:48:30.598 [cefgetfile] WARNING: Unknown VALIDATION_ALG:type=2, length=0
2026-02-10 15:48:30.600 [cefgetfile] WARNING: Unknown VALIDATION_ALG:type=2, length=0
2026-02-10 15:48:30.602 [cefgetfile] WARNING: Unknown VALIDATION_ALG:type=2, length=0
2026-02-10 15:48:30.603 [cefgetfile] WARNING: Unknown VALIDATION_ALG:type=2, length=0
2026-02-10 15:48:30.603 [cefgetfile] WARNING: Unknown VALIDATION_ALG:type=2, length=0
2026-02-10 15:48:30.604 [cefgetfile] WARNING: Unknown VALIDATION_ALG:type=2, length=0
2026-02-10 15:48:30.606 [cefgetfile] WARNING: Unknown VALIDATION_ALG:type=2, length=0
2026-02-10 15:48:30.607 [cefgetfile] WARNING: Unknown VALIDATION_ALG:type=2, length=0
2026-02-10 15:48:30.608 [cefgetfile] WARNING: Unknown VALIDATION_ALG:type=2, length=0
2026-02-10 15:48:30.609 [cefgetfile] WARNING: Unknown VALIDATION_ALG:type=2, length=0
2026-02-10 15:48:30.610 [cefgetfile] WARNING: Unknown VALIDATION_ALG:type=2, length=0
2026-02-10 15:48:30.611 [cefgetfile] WARNING: Unknown VALIDATION_ALG:type=2, length=0
2026-02-10 15:48:30.612 [cefgetfile] WARNING: Unknown VALIDATION_ALG:type=2, length=0
2026-02-10 15:48:30.613 [cefgetfile] WARNING: Unknown VALIDATION_ALG:type=2, length=0
2026-02-10 15:48:30.614 [cefgetfile] WARNING: Unknown VALIDATION_ALG:type=2, length=0
2026-02-10 15:48:30.615 [cefgetfile] WARNING: Unknown VALIDATION_ALG:type=2, length=0
2026-02-10 15:48:30.616 [cefgetfile] WARNING: Unknown VALIDATION_ALG:type=2, length=0
2026-02-10 15:48:30.617 [cefgetfile] WARNING: Unknown VALIDATION_ALG:type=2, length=0
2026-02-10 15:48:30.619 [cefgetfile] WARNING: Unknown VALIDATION_ALG:type=2, length=0
2026-02-10 15:48:30.620 [cefgetfile] WARNING: Unknown VALIDATION_ALG:type=2, length=0
2026-02-10 15:48:30.621 [cefgetfile] WARNING: Unknown VALIDATION_ALG:type=2, length=0
2026-02-10 15:48:30.622 [cefgetfile] WARNING: Unknown VALIDATION_ALG:type=2, length=0
2026-02-10 15:48:30.623 [cefgetfile] WARNING: Unknown VALIDATION_ALG:type=2, length=0
2026-02-10 15:48:30.625 [cefgetfile] WARNING: Unknown VALIDATION_ALG:type=2, length=0
2026-02-10 15:48:30.626 [cefgetfile] WARNING: Unknown VALIDATION_ALG:type=2, length=0
2026-02-10 15:48:30.626 [cefgetfile] WARNING: Unknown VALIDATION_ALG:type=2, length=0
2026-02-10 15:48:30.627 [cefgetfile] WARNING: Unknown VALIDATION_ALG:type=2, length=0
2026-02-10 15:48:30.629 [cefgetfile] WARNING: Unknown VALIDATION_ALG:type=2, length=0
2026-02-10 15:48:30.630 [cefgetfile] WARNING: Unknown VALIDATION_ALG:type=2, length=0
2026-02-10 15:48:30.630 [cefgetfile] WARNING: Unknown VALIDATION_ALG:type=2, length=0
2026-02-10 15:48:30.632 [cefgetfile] WARNING: Unknown VALIDATION_ALG:type=2, length=0
2026-02-10 15:48:30.633 [cefgetfile] WARNING: Unknown VALIDATION_ALG:type=2, length=0
2026-02-10 15:48:30.634 [cefgetfile] WARNING: Unknown VALIDATION_ALG:type=2, length=0
2026-02-10 15:48:30.634 [cefgetfile] WARNING: Unknown VALIDATION_ALG:type=2, length=0
2026-02-10 15:48:30.635 [cefgetfile] WARNING: Unknown VALIDATION_ALG:type=2, length=0
2026-02-10 15:48:30.635 [cefgetfile] WARNING: Unknown VALIDATION_ALG:type=2, length=0
2026-02-10 15:48:30.637 [cefgetfile] WARNING: Unknown VALIDATION_ALG:type=2, length=0
2026-02-10 15:48:30.638 [cefgetfile] WARNING: Unknown VALIDATION_ALG:type=2, length=0
2026-02-10 15:48:30.639 [cefgetfile] WARNING: Unknown VALIDATION_ALG:type=2, length=0
2026-02-10 15:48:30.640 [cefgetfile] WARNING: Unknown VALIDATION_ALG:type=2, length=0
2026-02-10 15:48:30.641 [cefgetfile] WARNING: Unknown VALIDATION_ALG:type=2, length=0
2026-02-10 15:48:30.643 [cefgetfile] WARNING: Unknown VALIDATION_ALG:type=2, length=0
2026-02-10 15:48:30.644 [cefgetfile] WARNING: Unknown VALIDATION_ALG:type=2, length=0
2026-02-10 15:48:30.646 [cefgetfile] WARNING: Unknown VALIDATION_ALG:type=2, length=0
2026-02-10 15:48:30.646 [cefgetfile] WARNING: Unknown VALIDATION_ALG:type=2, length=0
2026-02-10 15:48:30.648 [cefgetfile] WARNING: Unknown VALIDATION_ALG:type=2, length=0
2026-02-10 15:48:30.648 [cefgetfile] WARNING: Unknown VALIDATION_ALG:type=2, length=0
2026-02-10 15:48:30.650 [cefgetfile] WARNING: Unknown VALIDATION_ALG:type=2, length=0
2026-02-10 15:48:30.650 [cefgetfile] WARNING: Unknown VALIDATION_ALG:type=2, length=0
2026-02-10 15:48:30.652 [cefgetfile] WARNING: Unknown VALIDATION_ALG:type=2, length=0
2026-02-10 15:48:30.653 [cefgetfile] WARNING: Unknown VALIDATION_ALG:type=2, length=0
2026-02-10 15:48:30.653 [cefgetfile] WARNING: Unknown VALIDATION_ALG:type=2, length=0
2026-02-10 15:48:30.654 [cefgetfile] WARNING: Unknown VALIDATION_ALG:type=2, length=0
2026-02-10 15:48:30.655 [cefgetfile] WARNING: Unknown VALIDATION_ALG:type=2, length=0
2026-02-10 15:48:30.656 [cefgetfile] WARNING: Unknown VALIDATION_ALG:type=2, length=0
2026-02-10 15:48:30.657 [cefgetfile] WARNING: Unknown VALIDATION_ALG:type=2, length=0
2026-02-10 15:48:30.658 [cefgetfile] WARNING: Unknown VALIDATION_ALG:type=2, length=0
2026-02-10 15:48:30.659 [cefgetfile] WARNING: Unknown VALIDATION_ALG:type=2, length=0
2026-02-10 15:48:30.661 [cefgetfile] WARNING: Unknown VALIDATION_ALG:type=2, length=0
2026-02-10 15:48:30.661 [cefgetfile] WARNING: Unknown VALIDATION_ALG:type=2, length=0
2026-02-10 15:48:30.663 [cefgetfile] WARNING: Unknown VALIDATION_ALG:type=2, length=0
2026-02-10 15:48:30.664 [cefgetfile] WARNING: Unknown VALIDATION_ALG:type=2, length=0
2026-02-10 15:48:30.665 [cefgetfile] WARNING: Unknown VALIDATION_ALG:type=2, length=0
2026-02-10 15:48:30.666 [cefgetfile] WARNING: Unknown VALIDATION_ALG:type=2, length=0
2026-02-10 15:48:30.667 [cefgetfile] WARNING: Unknown VALIDATION_ALG:type=2, length=0
2026-02-10 15:48:30.669 [cefgetfile] WARNING: Unknown VALIDATION_ALG:type=2, length=0
2026-02-10 15:48:30.670 [cefgetfile] WARNING: Unknown VALIDATION_ALG:type=2, length=0
2026-02-10 15:48:30.671 [cefgetfile] WARNING: Unknown VALIDATION_ALG:type=2, length=0
2026-02-10 15:48:30.672 [cefgetfile] WARNING: Unknown VALIDATION_ALG:type=2, length=0
2026-02-10 15:48:30.673 [cefgetfile] WARNING: Unknown VALIDATION_ALG:type=2, length=0
2026-02-10 15:48:30.674 [cefgetfile] WARNING: Unknown VALIDATION_ALG:type=2, length=0
2026-02-10 15:48:30.675 [cefgetfile] WARNING: Unknown VALIDATION_ALG:type=2, length=0
2026-02-10 15:48:30.676 [cefgetfile] WARNING: Unknown VALIDATION_ALG:type=2, length=0
2026-02-10 15:48:30.677 [cefgetfile] WARNING: Unknown VALIDATION_ALG:type=2, length=0
2026-02-10 15:48:30.678 [cefgetfile] WARNING: Unknown VALIDATION_ALG:type=2, length=0
2026-02-10 15:48:30.679 [cefgetfile] WARNING: Unknown VALIDATION_ALG:type=2, length=0
2026-02-10 15:48:30.680 [cefgetfile] WARNING: Unknown VALIDATION_ALG:type=2, length=0
2026-02-10 15:48:30.680 [cefgetfile] WARNING: Unknown VALIDATION_ALG:type=2, length=0
2026-02-10 15:48:30.682 [cefgetfile] WARNING: Unknown VALIDATION_ALG:type=2, length=0
2026-02-10 15:48:30.682 [cefgetfile] WARNING: Unknown VALIDATION_ALG:type=2, length=0
2026-02-10 15:48:30.684 [cefgetfile] WARNING: Unknown VALIDATION_ALG:type=2, length=0
2026-02-10 15:48:30.685 [cefgetfile] WARNING: Unknown VALIDATION_ALG:type=2, length=0
2026-02-10 15:48:30.686 [cefgetfile] WARNING: Unknown VALIDATION_ALG:type=2, length=0
2026-02-10 15:48:30.687 [cefgetfile] WARNING: Unknown VALIDATION_ALG:type=2, length=0
2026-02-10 15:48:30.688 [cefgetfile] WARNING: Unknown VALIDATION_ALG:type=2, length=0
2026-02-10 15:48:30.690 [cefgetfile] WARNING: Unknown VALIDATION_ALG:type=2, length=0
2026-02-10 15:48:30.691 [cefgetfile] WARNING: Unknown VALIDATION_ALG:type=2, length=0
2026-02-10 15:48:30.691 [cefgetfile] WARNING: Unknown VALIDATION_ALG:type=2, length=0
2026-02-10 15:48:30.693 [cefgetfile] WARNING: Unknown VALIDATION_ALG:type=2, length=0
2026-02-10 15:48:30.695 [cefgetfile] WARNING: Unknown VALIDATION_ALG:type=2, length=0
2026-02-10 15:48:30.696 [cefgetfile] WARNING: Unknown VALIDATION_ALG:type=2, length=0
2026-02-10 15:48:30.697 [cefgetfile] WARNING: Unknown VALIDATION_ALG:type=2, length=0
2026-02-10 15:48:30.699 [cefgetfile] WARNING: Unknown VALIDATION_ALG:type=2, length=0
2026-02-10 15:48:30.700 [cefgetfile] WARNING: Unknown VALIDATION_ALG:type=2, length=0
2026-02-10 15:48:30.701 [cefgetfile] WARNING: Unknown VALIDATION_ALG:type=2, length=0
2026-02-10 15:48:30.702 [cefgetfile] WARNING: Unknown VALIDATION_ALG:type=2, length=0
2026-02-10 15:48:30.703 [cefgetfile] WARNING: Unknown VALIDATION_ALG:type=2, length=0
2026-02-10 15:48:30.704 [cefgetfile] WARNING: Unknown VALIDATION_ALG:type=2, length=0
2026-02-10 15:48:30.705 [cefgetfile] WARNING: Unknown VALIDATION_ALG:type=2, length=0
2026-02-10 15:48:30.705 [cefgetfile] WARNING: Unknown VALIDATION_ALG:type=2, length=0
2026-02-10 15:48:30.706 [cefgetfile] WARNING: Unknown VALIDATION_ALG:type=2, length=0
2026-02-10 15:48:30.707 [cefgetfile] WARNING: Unknown VALIDATION_ALG:type=2, length=0
2026-02-10 15:48:30.708 [cefgetfile] WARNING: Unknown VALIDATION_ALG:type=2, length=0
2026-02-10 15:48:30.709 [cefgetfile] WARNING: Unknown VALIDATION_ALG:type=2, length=0
2026-02-10 15:48:30.710 [cefgetfile] WARNING: Unknown VALIDATION_ALG:type=2, length=0
2026-02-10 15:48:30.711 [cefgetfile] WARNING: Unknown VALIDATION_ALG:type=2, length=0
2026-02-10 15:48:30.713 [cefgetfile] WARNING: Unknown VALIDATION_ALG:type=2, length=0
2026-02-10 15:48:30.714 [cefgetfile] WARNING: Unknown VALIDATION_ALG:type=2, length=0
2026-02-10 15:48:30.715 [cefgetfile] WARNING: Unknown VALIDATION_ALG:type=2, length=0
2026-02-10 15:48:30.716 [cefgetfile] WARNING: Unknown VALIDATION_ALG:type=2, length=0
2026-02-10 15:48:30.717 [cefgetfile] WARNING: Unknown VALIDATION_ALG:type=2, length=0
2026-02-10 15:48:30.718 [cefgetfile] WARNING: Unknown VALIDATION_ALG:type=2, length=0
2026-02-10 15:48:30.720 [cefgetfile] WARNING: Unknown VALIDATION_ALG:type=2, length=0
2026-02-10 15:48:30.720 [cefgetfile] WARNING: Unknown VALIDATION_ALG:type=2, length=0
2026-02-10 15:48:30.722 [cefgetfile] WARNING: Unknown VALIDATION_ALG:type=2, length=0
2026-02-10 15:48:30.722 [cefgetfile] WARNING: Unknown VALIDATION_ALG:type=2, length=0
2026-02-10 15:48:30.724 [cefgetfile] WARNING: Unknown VALIDATION_ALG:type=2, length=0
2026-02-10 15:48:30.725 [cefgetfile] WARNING: Unknown VALIDATION_ALG:type=2, length=0
2026-02-10 15:48:30.726 [cefgetfile] WARNING: Unknown VALIDATION_ALG:type=2, length=0
2026-02-10 15:48:30.727 [cefgetfile] WARNING: Unknown VALIDATION_ALG:type=2, length=0
2026-02-10 15:48:30.727 [cefgetfile] WARNING: Unknown VALIDATION_ALG:type=2, length=0
2026-02-10 15:48:30.729 [cefgetfile] WARNING: Unknown VALIDATION_ALG:type=2, length=0
2026-02-10 15:48:30.729 [cefgetfile] WARNING: Unknown VALIDATION_ALG:type=2, length=0
2026-02-10 15:48:30.730 [cefgetfile] WARNING: Unknown VALIDATION_ALG:type=2, length=0
2026-02-10 15:48:30.732 [cefgetfile] WARNING: Unknown VALIDATION_ALG:type=2, length=0
2026-02-10 15:48:30.733 [cefgetfile] WARNING: Unknown VALIDATION_ALG:type=2, length=0
2026-02-10 15:48:30.734 [cefgetfile] WARNING: Unknown VALIDATION_ALG:type=2, length=0
2026-02-10 15:48:30.735 [cefgetfile] WARNING: Unknown VALIDATION_ALG:type=2, length=0
2026-02-10 15:48:30.737 [cefgetfile] WARNING: Unknown VALIDATION_ALG:type=2, length=0
2026-02-10 15:48:30.738 [cefgetfile] WARNING: Unknown VALIDATION_ALG:type=2, length=0
2026-02-10 15:48:30.739 [cefgetfile] WARNING: Unknown VALIDATION_ALG:type=2, length=0
2026-02-10 15:48:30.740 [cefgetfile] WARNING: Unknown VALIDATION_ALG:type=2, length=0
2026-02-10 15:48:30.741 [cefgetfile] WARNING: Unknown VALIDATION_ALG:type=2, length=0
2026-02-10 15:48:30.741 [cefgetfile] WARNING: Unknown VALIDATION_ALG:type=2, length=0
2026-02-10 15:48:30.742 [cefgetfile] WARNING: Unknown VALIDATION_ALG:type=2, length=0
2026-02-10 15:48:30.743 [cefgetfile] WARNING: Unknown VALIDATION_ALG:type=2, length=0
2026-02-10 15:48:30.745 [cefgetfile] WARNING: Unknown VALIDATION_ALG:type=2, length=0
2026-02-10 15:48:30.746 [cefgetfile] WARNING: Unknown VALIDATION_ALG:type=2, length=0
2026-02-10 15:48:30.747 [cefgetfile] WARNING: Unknown VALIDATION_ALG:type=2, length=0
2026-02-10 15:48:30.748 [cefgetfile] WARNING: Unknown VALIDATION_ALG:type=2, length=0
2026-02-10 15:48:30.750 [cefgetfile] WARNING: Unknown VALIDATION_ALG:type=2, length=0
2026-02-10 15:48:30.750 [cefgetfile] WARNING: Unknown VALIDATION_ALG:type=2, length=0
2026-02-10 15:48:30.751 [cefgetfile] WARNING: Unknown VALIDATION_ALG:type=2, length=0
2026-02-10 15:48:30.752 [cefgetfile] WARNING: Unknown VALIDATION_ALG:type=2, length=0
2026-02-10 15:48:30.753 [cefgetfile] WARNING: Unknown VALIDATION_ALG:type=2, length=0
2026-02-10 15:48:30.754 [cefgetfile] WARNING: Unknown VALIDATION_ALG:type=2, length=0
2026-02-10 15:48:30.754 [cefgetfile] WARNING: Unknown VALIDATION_ALG:type=2, length=0
2026-02-10 15:48:30.754 [cefgetfile] WARNING: Unknown VALIDATION_ALG:type=2, length=0
2026-02-10 15:48:30.755 [cefgetfile] WARNING: Unknown VALIDATION_ALG:type=2, length=0
2026-02-10 15:48:30.756 [cefgetfile] WARNING: Unknown VALIDATION_ALG:type=2, length=0
2026-02-10 15:48:30.757 [cefgetfile] WARNING: Unknown VALIDATION_ALG:type=2, length=0
2026-02-10 15:48:30.758 [cefgetfile] WARNING: Unknown VALIDATION_ALG:type=2, length=0
2026-02-10 15:48:30.759 [cefgetfile] WARNING: Unknown VALIDATION_ALG:type=2, length=0
2026-02-10 15:48:30.760 [cefgetfile] WARNING: Unknown VALIDATION_ALG:type=2, length=0
2026-02-10 15:48:30.762 [cefgetfile] WARNING: Unknown VALIDATION_ALG:type=2, length=0
2026-02-10 15:48:30.763 [cefgetfile] WARNING: Unknown VALIDATION_ALG:type=2, length=0
2026-02-10 15:48:30.764 [cefgetfile] WARNING: Unknown VALIDATION_ALG:type=2, length=0
2026-02-10 15:48:30.766 [cefgetfile] WARNING: Unknown VALIDATION_ALG:type=2, length=0
2026-02-10 15:48:30.768 [cefgetfile] WARNING: Unknown VALIDATION_ALG:type=2, length=0
2026-02-10 15:48:30.769 [cefgetfile] WARNING: Unknown VALIDATION_ALG:type=2, length=0
2026-02-10 15:48:30.769 [cefgetfile] WARNING: Unknown VALIDATION_ALG:type=2, length=0
2026-02-10 15:48:30.770 [cefgetfile] WARNING: Unknown VALIDATION_ALG:type=2, length=0
2026-02-10 15:48:30.771 [cefgetfile] WARNING: Unknown VALIDATION_ALG:type=2, length=0
2026-02-10 15:48:30.773 [cefgetfile] WARNING: Unknown VALIDATION_ALG:type=2, length=0
2026-02-10 15:48:30.775 [cefgetfile] WARNING: Unknown VALIDATION_ALG:type=2, length=0
2026-02-10 15:48:30.776 [cefgetfile] WARNING: Unknown VALIDATION_ALG:type=2, length=0
2026-02-10 15:48:30.778 [cefgetfile] WARNING: Unknown VALIDATION_ALG:type=2, length=0
2026-02-10 15:48:30.779 [cefgetfile] WARNING: Unknown VALIDATION_ALG:type=2, length=0
2026-02-10 15:48:30.780 [cefgetfile] WARNING: Unknown VALIDATION_ALG:type=2, length=0
2026-02-10 15:48:30.781 [cefgetfile] WARNING: Unknown VALIDATION_ALG:type=2, length=0
2026-02-10 15:48:30.783 [cefgetfile] WARNING: Unknown VALIDATION_ALG:type=2, length=0
2026-02-10 15:48:30.784 [cefgetfile] WARNING: Unknown VALIDATION_ALG:type=2, length=0
2026-02-10 15:48:30.785 [cefgetfile] WARNING: Unknown VALIDATION_ALG:type=2, length=0
2026-02-10 15:48:30.786 [cefgetfile] WARNING: Unknown VALIDATION_ALG:type=2, length=0
2026-02-10 15:48:30.786 [cefgetfile] WARNING: Unknown VALIDATION_ALG:type=2, length=0
2026-02-10 15:48:30.788 [cefgetfile] WARNING: Unknown VALIDATION_ALG:type=2, length=0
2026-02-10 15:48:30.789 [cefgetfile] WARNING: Unknown VALIDATION_ALG:type=2, length=0
2026-02-10 15:48:30.789 [cefgetfile] WARNING: Unknown VALIDATION_ALG:type=2, length=0
2026-02-10 15:48:30.790 [cefgetfile] WARNING: Unknown VALIDATION_ALG:type=2, length=0
2026-02-10 15:48:30.791 [cefgetfile] WARNING: Unknown VALIDATION_ALG:type=2, length=0
2026-02-10 15:48:30.792 [cefgetfile] WARNING: Unknown VALIDATION_ALG:type=2, length=0
2026-02-10 15:48:30.792 [cefgetfile] WARNING: Unknown VALIDATION_ALG:type=2, length=0
2026-02-10 15:48:30.793 [cefgetfile] WARNING: Unknown VALIDATION_ALG:type=2, length=0
2026-02-10 15:48:30.795 [cefgetfile] WARNING: Unknown VALIDATION_ALG:type=2, length=0
2026-02-10 15:48:30.795 [cefgetfile] WARNING: Unknown VALIDATION_ALG:type=2, length=0
2026-02-10 15:48:30.797 [cefgetfile] WARNING: Unknown VALIDATION_ALG:type=2, length=0
2026-02-10 15:48:30.798 [cefgetfile] WARNING: Unknown VALIDATION_ALG:type=2, length=0
2026-02-10 15:48:30.799 [cefgetfile] WARNING: Unknown VALIDATION_ALG:type=2, length=0
2026-02-10 15:48:30.801 [cefgetfile] WARNING: Unknown VALIDATION_ALG:type=2, length=0
2026-02-10 15:48:30.801 [cefgetfile] WARNING: Unknown VALIDATION_ALG:type=2, length=0
2026-02-10 15:48:30.802 [cefgetfile] WARNING: Unknown VALIDATION_ALG:type=2, length=0
2026-02-10 15:48:30.802 [cefgetfile] WARNING: Unknown VALIDATION_ALG:type=2, length=0
2026-02-10 15:48:30.805 [cefgetfile] WARNING: Unknown VALIDATION_ALG:type=2, length=0
2026-02-10 15:48:30.806 [cefgetfile] WARNING: Unknown VALIDATION_ALG:type=2, length=0
2026-02-10 15:48:30.807 [cefgetfile] WARNING: Unknown VALIDATION_ALG:type=2, length=0
2026-02-10 15:48:30.809 [cefgetfile] WARNING: Unknown VALIDATION_ALG:type=2, length=0
2026-02-10 15:48:30.810 [cefgetfile] WARNING: Unknown VALIDATION_ALG:type=2, length=0
2026-02-10 15:48:30.811 [cefgetfile] WARNING: Unknown VALIDATION_ALG:type=2, length=0
2026-02-10 15:48:30.812 [cefgetfile] WARNING: Unknown VALIDATION_ALG:type=2, length=0
2026-02-10 15:48:30.814 [cefgetfile] WARNING: Unknown VALIDATION_ALG:type=2, length=0
2026-02-10 15:48:30.815 [cefgetfile] WARNING: Unknown VALIDATION_ALG:type=2, length=0
2026-02-10 15:48:30.816 [cefgetfile] WARNING: Unknown VALIDATION_ALG:type=2, length=0
2026-02-10 15:48:30.817 [cefgetfile] WARNING: Unknown VALIDATION_ALG:type=2, length=0
2026-02-10 15:48:30.818 [cefgetfile] WARNING: Unknown VALIDATION_ALG:type=2, length=0
2026-02-10 15:48:30.819 [cefgetfile] WARNING: Unknown VALIDATION_ALG:type=2, length=0
2026-02-10 15:48:30.820 [cefgetfile] WARNING: Unknown VALIDATION_ALG:type=2, length=0
2026-02-10 15:48:30.821 [cefgetfile] WARNING: Unknown VALIDATION_ALG:type=2, length=0
2026-02-10 15:48:30.821 [cefgetfile] WARNING: Unknown VALIDATION_ALG:type=2, length=0
2026-02-10 15:48:30.822 [cefgetfile] WARNING: Unknown VALIDATION_ALG:type=2, length=0
2026-02-10 15:48:30.823 [cefgetfile] WARNING: Unknown VALIDATION_ALG:type=2, length=0
2026-02-10 15:48:30.824 [cefgetfile] WARNING: Unknown VALIDATION_ALG:type=2, length=0
2026-02-10 15:48:30.825 [cefgetfile] WARNING: Unknown VALIDATION_ALG:type=2, length=0
2026-02-10 15:48:30.827 [cefgetfile] WARNING: Unknown VALIDATION_ALG:type=2, length=0
2026-02-10 15:48:30.828 [cefgetfile] WARNING: Unknown VALIDATION_ALG:type=2, length=0
2026-02-10 15:48:30.830 [cefgetfile] WARNING: Unknown VALIDATION_ALG:type=2, length=0
2026-02-10 15:48:30.832 [cefgetfile] WARNING: Unknown VALIDATION_ALG:type=2, length=0
2026-02-10 15:48:30.834 [cefgetfile] WARNING: Unknown VALIDATION_ALG:type=2, length=0
2026-02-10 15:48:30.835 [cefgetfile] WARNING: Unknown VALIDATION_ALG:type=2, length=0
2026-02-10 15:48:30.837 [cefgetfile] WARNING: Unknown VALIDATION_ALG:type=2, length=0
2026-02-10 15:48:30.837 [cefgetfile] WARNING: Unknown VALIDATION_ALG:type=2, length=0
2026-02-10 15:48:30.838 [cefgetfile] WARNING: Unknown VALIDATION_ALG:type=2, length=0
2026-02-10 15:48:30.839 [cefgetfile] WARNING: Unknown VALIDATION_ALG:type=2, length=0
2026-02-10 15:48:30.841 [cefgetfile] WARNING: Unknown VALIDATION_ALG:type=2, length=0
2026-02-10 15:48:30.841 [cefgetfile] WARNING: Unknown VALIDATION_ALG:type=2, length=0
2026-02-10 15:48:30.842 [cefgetfile] WARNING: Unknown VALIDATION_ALG:type=2, length=0
2026-02-10 15:48:30.843 [cefgetfile] WARNING: Unknown VALIDATION_ALG:type=2, length=0
2026-02-10 15:48:30.845 [cefgetfile] WARNING: Unknown VALIDATION_ALG:type=2, length=0
2026-02-10 15:48:30.845 [cefgetfile] WARNING: Unknown VALIDATION_ALG:type=2, length=0
2026-02-10 15:48:30.846 [cefgetfile] WARNING: Unknown VALIDATION_ALG:type=2, length=0
2026-02-10 15:48:30.847 [cefgetfile] WARNING: Unknown VALIDATION_ALG:type=2, length=0
2026-02-10 15:48:30.848 [cefgetfile] WARNING: Unknown VALIDATION_ALG:type=2, length=0
2026-02-10 15:48:30.849 [cefgetfile] WARNING: Unknown VALIDATION_ALG:type=2, length=0
2026-02-10 15:48:30.850 [cefgetfile] WARNING: Unknown VALIDATION_ALG:type=2, length=0
2026-02-10 15:48:30.851 [cefgetfile] WARNING: Unknown VALIDATION_ALG:type=2, length=0
2026-02-10 15:48:30.852 [cefgetfile] WARNING: Unknown VALIDATION_ALG:type=2, length=0
2026-02-10 15:48:30.854 [cefgetfile] WARNING: Unknown VALIDATION_ALG:type=2, length=0
2026-02-10 15:48:30.854 [cefgetfile] WARNING: Unknown VALIDATION_ALG:type=2, length=0
2026-02-10 15:48:30.856 [cefgetfile] WARNING: Unknown VALIDATION_ALG:type=2, length=0
2026-02-10 15:48:30.857 [cefgetfile] WARNING: Unknown VALIDATION_ALG:type=2, length=0
2026-02-10 15:48:30.858 [cefgetfile] WARNING: Unknown VALIDATION_ALG:type=2, length=0
2026-02-10 15:48:30.860 [cefgetfile] WARNING: Unknown VALIDATION_ALG:type=2, length=0
2026-02-10 15:48:30.861 [cefgetfile] WARNING: Unknown VALIDATION_ALG:type=2, length=0
2026-02-10 15:48:30.861 [cefgetfile] WARNING: Unknown VALIDATION_ALG:type=2, length=0
2026-02-10 15:48:30.863 [cefgetfile] WARNING: Unknown VALIDATION_ALG:type=2, length=0
2026-02-10 15:48:30.864 [cefgetfile] WARNING: Unknown VALIDATION_ALG:type=2, length=0
2026-02-10 15:48:30.865 [cefgetfile] WARNING: Unknown VALIDATION_ALG:type=2, length=0
2026-02-10 15:48:30.866 [cefgetfile] WARNING: Unknown VALIDATION_ALG:type=2, length=0
2026-02-10 15:48:30.867 [cefgetfile] WARNING: Unknown VALIDATION_ALG:type=2, length=0
2026-02-10 15:48:30.868 [cefgetfile] WARNING: Unknown VALIDATION_ALG:type=2, length=0
2026-02-10 15:48:30.869 [cefgetfile] WARNING: Unknown VALIDATION_ALG:type=2, length=0
2026-02-10 15:48:30.870 [cefgetfile] WARNING: Unknown VALIDATION_ALG:type=2, length=0
2026-02-10 15:48:30.872 [cefgetfile] WARNING: Unknown VALIDATION_ALG:type=2, length=0
2026-02-10 15:48:30.872 [cefgetfile] WARNING: Unknown VALIDATION_ALG:type=2, length=0
2026-02-10 15:48:30.873 [cefgetfile] WARNING: Unknown VALIDATION_ALG:type=2, length=0
2026-02-10 15:48:30.874 [cefgetfile] WARNING: Unknown VALIDATION_ALG:type=2, length=0
2026-02-10 15:48:30.874 [cefgetfile] WARNING: Unknown VALIDATION_ALG:type=2, length=0
2026-02-10 15:48:30.876 [cefgetfile] WARNING: Unknown VALIDATION_ALG:type=2, length=0
2026-02-10 15:48:30.876 [cefgetfile] WARNING: Unknown VALIDATION_ALG:type=2, length=0
2026-02-10 15:48:30.877 [cefgetfile] WARNING: Unknown VALIDATION_ALG:type=2, length=0
2026-02-10 15:48:30.878 [cefgetfile] WARNING: Unknown VALIDATION_ALG:type=2, length=0
2026-02-10 15:48:30.880 [cefgetfile] WARNING: Unknown VALIDATION_ALG:type=2, length=0
2026-02-10 15:48:30.881 [cefgetfile] WARNING: Unknown VALIDATION_ALG:type=2, length=0
2026-02-10 15:48:30.882 [cefgetfile] WARNING: Unknown VALIDATION_ALG:type=2, length=0
2026-02-10 15:48:30.883 [cefgetfile] WARNING: Unknown VALIDATION_ALG:type=2, length=0
2026-02-10 15:48:30.884 [cefgetfile] WARNING: Unknown VALIDATION_ALG:type=2, length=0
2026-02-10 15:48:30.886 [cefgetfile] WARNING: Unknown VALIDATION_ALG:type=2, length=0
2026-02-10 15:48:30.893 [cefgetfile] WARNING: Unknown VALIDATION_ALG:type=2, length=0
2026-02-10 15:48:30.893 [cefgetfile] WARNING: Unknown VALIDATION_ALG:type=2, length=0
2026-02-10 15:48:30.893 [cefgetfile] WARNING: Unknown VALIDATION_ALG:type=2, length=0
2026-02-10 15:48:30.894 [cefgetfile] WARNING: Unknown VALIDATION_ALG:type=2, length=0
2026-02-10 15:48:30.897 [cefgetfile] WARNING: Unknown VALIDATION_ALG:type=2, length=0
2026-02-10 15:48:30.898 [cefgetfile] WARNING: Unknown VALIDATION_ALG:type=2, length=0
2026-02-10 15:48:30.898 [cefgetfile] WARNING: Unknown VALIDATION_ALG:type=2, length=0
2026-02-10 15:48:30.900 [cefgetfile] WARNING: Unknown VALIDATION_ALG:type=2, length=0
2026-02-10 15:48:30.902 [cefgetfile] WARNING: Unknown VALIDATION_ALG:type=2, length=0
2026-02-10 15:48:30.902 [cefgetfile] WARNING: Unknown VALIDATION_ALG:type=2, length=0
2026-02-10 15:48:30.903 [cefgetfile] WARNING: Unknown VALIDATION_ALG:type=2, length=0
2026-02-10 15:48:30.905 [cefgetfile] WARNING: Unknown VALIDATION_ALG:type=2, length=0
2026-02-10 15:48:30.907 [cefgetfile] WARNING: Unknown VALIDATION_ALG:type=2, length=0
2026-02-10 15:48:30.907 [cefgetfile] WARNING: Unknown VALIDATION_ALG:type=2, length=0
2026-02-10 15:48:30.907 [cefgetfile] WARNING: Unknown VALIDATION_ALG:type=2, length=0
2026-02-10 15:48:30.910 [cefgetfile] WARNING: Unknown VALIDATION_ALG:type=2, length=0
2026-02-10 15:48:30.911 [cefgetfile] WARNING: Unknown VALIDATION_ALG:type=2, length=0
2026-02-10 15:48:30.912 [cefgetfile] WARNING: Unknown VALIDATION_ALG:type=2, length=0
2026-02-10 15:48:30.913 [cefgetfile] WARNING: Unknown VALIDATION_ALG:type=2, length=0
2026-02-10 15:48:30.914 [cefgetfile] WARNING: Unknown VALIDATION_ALG:type=2, length=0
2026-02-10 15:48:30.915 [cefgetfile] WARNING: Unknown VALIDATION_ALG:type=2, length=0
2026-02-10 15:48:30.916 [cefgetfile] WARNING: Unknown VALIDATION_ALG:type=2, length=0
2026-02-10 15:48:30.917 [cefgetfile] WARNING: Unknown VALIDATION_ALG:type=2, length=0
2026-02-10 15:48:30.917 [cefgetfile] WARNING: Unknown VALIDATION_ALG:type=2, length=0
2026-02-10 15:48:30.918 [cefgetfile] WARNING: Unknown VALIDATION_ALG:type=2, length=0
2026-02-10 15:48:30.920 [cefgetfile] WARNING: Unknown VALIDATION_ALG:type=2, length=0
2026-02-10 15:48:30.921 [cefgetfile] WARNING: Unknown VALIDATION_ALG:type=2, length=0
2026-02-10 15:48:30.922 [cefgetfile] WARNING: Unknown VALIDATION_ALG:type=2, length=0
2026-02-10 15:48:30.923 [cefgetfile] WARNING: Unknown VALIDATION_ALG:type=2, length=0
2026-02-10 15:48:30.924 [cefgetfile] WARNING: Unknown VALIDATION_ALG:type=2, length=0
2026-02-10 15:48:30.924 [cefgetfile] WARNING: Unknown VALIDATION_ALG:type=2, length=0
2026-02-10 15:48:30.925 [cefgetfile] WARNING: Unknown VALIDATION_ALG:type=2, length=0
2026-02-10 15:48:30.925 [cefgetfile] WARNING: Unknown VALIDATION_ALG:type=2, length=0
2026-02-10 15:48:30.927 [cefgetfile] WARNING: Unknown VALIDATION_ALG:type=2, length=0
2026-02-10 15:48:30.928 [cefgetfile] WARNING: Unknown VALIDATION_ALG:type=2, length=0
2026-02-10 15:48:30.929 [cefgetfile] WARNING: Unknown VALIDATION_ALG:type=2, length=0
2026-02-10 15:48:30.930 [cefgetfile] WARNING: Unknown VALIDATION_ALG:type=2, length=0
2026-02-10 15:48:30.931 [cefgetfile] WARNING: Unknown VALIDATION_ALG:type=2, length=0
2026-02-10 15:48:30.932 [cefgetfile] WARNING: Unknown VALIDATION_ALG:type=2, length=0
2026-02-10 15:48:30.934 [cefgetfile] WARNING: Unknown VALIDATION_ALG:type=2, length=0
2026-02-10 15:48:30.935 [cefgetfile] WARNING: Unknown VALIDATION_ALG:type=2, length=0
2026-02-10 15:48:30.936 [cefgetfile] WARNING: Unknown VALIDATION_ALG:type=2, length=0
2026-02-10 15:48:30.937 [cefgetfile] WARNING: Unknown VALIDATION_ALG:type=2, length=0
2026-02-10 15:48:30.938 [cefgetfile] WARNING: Unknown VALIDATION_ALG:type=2, length=0
2026-02-10 15:48:30.939 [cefgetfile] WARNING: Unknown VALIDATION_ALG:type=2, length=0
2026-02-10 15:48:30.940 [cefgetfile] WARNING: Unknown VALIDATION_ALG:type=2, length=0
2026-02-10 15:48:30.941 [cefgetfile] WARNING: Unknown VALIDATION_ALG:type=2, length=0
2026-02-10 15:48:30.942 [cefgetfile] WARNING: Unknown VALIDATION_ALG:type=2, length=0
2026-02-10 15:48:30.943 [cefgetfile] WARNING: Unknown VALIDATION_ALG:type=2, length=0
2026-02-10 15:48:30.943 [cefgetfile] WARNING: Unknown VALIDATION_ALG:type=2, length=0
2026-02-10 15:48:30.945 [cefgetfile] WARNING: Unknown VALIDATION_ALG:type=2, length=0
2026-02-10 15:48:30.945 [cefgetfile] WARNING: Unknown VALIDATION_ALG:type=2, length=0
2026-02-10 15:48:30.945 [cefgetfile] WARNING: Unknown VALIDATION_ALG:type=2, length=0
2026-02-10 15:48:30.948 [cefgetfile] WARNING: Unknown VALIDATION_ALG:type=2, length=0
2026-02-10 15:48:30.949 [cefgetfile] WARNING: Unknown VALIDATION_ALG:type=2, length=0
2026-02-10 15:48:30.950 [cefgetfile] WARNING: Unknown VALIDATION_ALG:type=2, length=0
2026-02-10 15:48:30.951 [cefgetfile] WARNING: Unknown VALIDATION_ALG:type=2, length=0
2026-02-10 15:48:30.952 [cefgetfile] WARNING: Unknown VALIDATION_ALG:type=2, length=0
2026-02-10 15:48:30.952 [cefgetfile] WARNING: Unknown VALIDATION_ALG:type=2, length=0
2026-02-10 15:48:30.953 [cefgetfile] WARNING: Unknown VALIDATION_ALG:type=2, length=0
2026-02-10 15:48:30.954 [cefgetfile] WARNING: Unknown VALIDATION_ALG:type=2, length=0
2026-02-10 15:48:30.954 [cefgetfile] WARNING: Unknown VALIDATION_ALG:type=2, length=0
2026-02-10 15:48:30.955 [cefgetfile] WARNING: Unknown VALIDATION_ALG:type=2, length=0
2026-02-10 15:48:30.956 [cefgetfile] WARNING: Unknown VALIDATION_ALG:type=2, length=0
2026-02-10 15:48:30.958 [cefgetfile] WARNING: Unknown VALIDATION_ALG:type=2, length=0
2026-02-10 15:48:30.958 [cefgetfile] WARNING: Unknown VALIDATION_ALG:type=2, length=0
2026-02-10 15:48:30.959 [cefgetfile] WARNING: Unknown VALIDATION_ALG:type=2, length=0
2026-02-10 15:48:30.961 [cefgetfile] WARNING: Unknown VALIDATION_ALG:type=2, length=0
2026-02-10 15:48:30.962 [cefgetfile] WARNING: Unknown VALIDATION_ALG:type=2, length=0
2026-02-10 15:48:30.963 [cefgetfile] WARNING: Unknown VALIDATION_ALG:type=2, length=0
2026-02-10 15:48:30.963 [cefgetfile] WARNING: Unknown VALIDATION_ALG:type=2, length=0
2026-02-10 15:48:30.966 [cefgetfile] WARNING: Unknown VALIDATION_ALG:type=2, length=0
2026-02-10 15:48:30.966 [cefgetfile] WARNING: Unknown VALIDATION_ALG:type=2, length=0
2026-02-10 15:48:30.968 [cefgetfile] WARNING: Unknown VALIDATION_ALG:type=2, length=0
2026-02-10 15:48:30.968 [cefgetfile] WARNING: Unknown VALIDATION_ALG:type=2, length=0
2026-02-10 15:48:30.970 [cefgetfile] WARNING: Unknown VALIDATION_ALG:type=2, length=0
2026-02-10 15:48:30.971 [cefgetfile] WARNING: Unknown VALIDATION_ALG:type=2, length=0
2026-02-10 15:48:30.972 [cefgetfile] WARNING: Unknown VALIDATION_ALG:type=2, length=0
2026-02-10 15:48:30.973 [cefgetfile] WARNING: Unknown VALIDATION_ALG:type=2, length=0
2026-02-10 15:48:30.974 [cefgetfile] WARNING: Unknown VALIDATION_ALG:type=2, length=0
2026-02-10 15:48:30.975 [cefgetfile] WARNING: Unknown VALIDATION_ALG:type=2, length=0
2026-02-10 15:48:30.976 [cefgetfile] WARNING: Unknown VALIDATION_ALG:type=2, length=0
2026-02-10 15:48:30.976 [cefgetfile] WARNING: Unknown VALIDATION_ALG:type=2, length=0
2026-02-10 15:48:30.978 [cefgetfile] WARNING: Unknown VALIDATION_ALG:type=2, length=0
2026-02-10 15:48:30.979 [cefgetfile] WARNING: Unknown VALIDATION_ALG:type=2, length=0
2026-02-10 15:48:30.980 [cefgetfile] WARNING: Unknown VALIDATION_ALG:type=2, length=0
2026-02-10 15:48:30.981 [cefgetfile] WARNING: Unknown VALIDATION_ALG:type=2, length=0
2026-02-10 15:48:30.982 [cefgetfile] WARNING: Unknown VALIDATION_ALG:type=2, length=0
2026-02-10 15:48:30.983 [cefgetfile] WARNING: Unknown VALIDATION_ALG:type=2, length=0
2026-02-10 15:48:30.984 [cefgetfile] WARNING: Unknown VALIDATION_ALG:type=2, length=0
2026-02-10 15:48:30.984 [cefgetfile] WARNING: Unknown VALIDATION_ALG:type=2, length=0
2026-02-10 15:48:30.985 [cefgetfile] WARNING: Unknown VALIDATION_ALG:type=2, length=0
2026-02-10 15:48:30.986 [cefgetfile] WARNING: Unknown VALIDATION_ALG:type=2, length=0
2026-02-10 15:48:30.986 [cefgetfile] WARNING: Unknown VALIDATION_ALG:type=2, length=0
2026-02-10 15:48:30.987 [cefgetfile] WARNING: Unknown VALIDATION_ALG:type=2, length=0
2026-02-10 15:48:30.988 [cefgetfile] WARNING: Unknown VALIDATION_ALG:type=2, length=0
2026-02-10 15:48:30.989 [cefgetfile] WARNING: Unknown VALIDATION_ALG:type=2, length=0
2026-02-10 15:48:30.989 [cefgetfile] WARNING: Unknown VALIDATION_ALG:type=2, length=0
2026-02-10 15:48:30.990 [cefgetfile] WARNING: Unknown VALIDATION_ALG:type=2, length=0
2026-02-10 15:48:30.991 [cefgetfile] WARNING: Unknown VALIDATION_ALG:type=2, length=0
2026-02-10 15:48:30.992 [cefgetfile] WARNING: Unknown VALIDATION_ALG:type=2, length=0
2026-02-10 15:48:30.992 [cefgetfile] WARNING: Unknown VALIDATION_ALG:type=2, length=0
2026-02-10 15:48:30.993 [cefgetfile] WARNING: Unknown VALIDATION_ALG:type=2, length=0
2026-02-10 15:48:30.994 [cefgetfile] WARNING: Unknown VALIDATION_ALG:type=2, length=0
2026-02-10 15:48:30.996 [cefgetfile] WARNING: Unknown VALIDATION_ALG:type=2, length=0
2026-02-10 15:48:30.996 [cefgetfile] WARNING: Unknown VALIDATION_ALG:type=2, length=0
2026-02-10 15:48:30.997 [cefgetfile] WARNING: Unknown VALIDATION_ALG:type=2, length=0
2026-02-10 15:48:30.998 [cefgetfile] WARNING: Unknown VALIDATION_ALG:type=2, length=0
2026-02-10 15:48:30.998 [cefgetfile] WARNING: Unknown VALIDATION_ALG:type=2, length=0
2026-02-10 15:48:30.999 [cefgetfile] WARNING: Unknown VALIDATION_ALG:type=2, length=0
2026-02-10 15:48:30.000 [cefgetfile] WARNING: Unknown VALIDATION_ALG:type=2, length=0
2026-02-10 15:48:30.000 [cefgetfile] WARNING: Unknown VALIDATION_ALG:type=2, length=0
2026-02-10 15:48:31.002 [cefgetfile] WARNING: Unknown VALIDATION_ALG:type=2, length=0
2026-02-10 15:48:31.002 [cefgetfile] WARNING: Unknown VALIDATION_ALG:type=2, length=0
2026-02-10 15:48:31.003 [cefgetfile] WARNING: Unknown VALIDATION_ALG:type=2, length=0
2026-02-10 15:48:31.004 [cefgetfile] WARNING: Unknown VALIDATION_ALG:type=2, length=0
2026-02-10 15:48:31.005 [cefgetfile] WARNING: Unknown VALIDATION_ALG:type=2, length=0
2026-02-10 15:48:31.006 [cefgetfile] WARNING: Unknown VALIDATION_ALG:type=2, length=0
2026-02-10 15:48:31.006 [cefgetfile] WARNING: Unknown VALIDATION_ALG:type=2, length=0
2026-02-10 15:48:31.007 [cefgetfile] WARNING: Unknown VALIDATION_ALG:type=2, length=0
2026-02-10 15:48:31.008 [cefgetfile] WARNING: Unknown VALIDATION_ALG:type=2, length=0
2026-02-10 15:48:31.009 [cefgetfile] WARNING: Unknown VALIDATION_ALG:type=2, length=0
2026-02-10 15:48:31.010 [cefgetfile] WARNING: Unknown VALIDATION_ALG:type=2, length=0
2026-02-10 15:48:31.010 [cefgetfile] WARNING: Unknown VALIDATION_ALG:type=2, length=0
2026-02-10 15:48:31.011 [cefgetfile] WARNING: Unknown VALIDATION_ALG:type=2, length=0
2026-02-10 15:48:31.012 [cefgetfile] WARNING: Unknown VALIDATION_ALG:type=2, length=0
2026-02-10 15:48:31.012 [cefgetfile] WARNING: Unknown VALIDATION_ALG:type=2, length=0
2026-02-10 15:48:31.013 [cefgetfile] WARNING: Unknown VALIDATION_ALG:type=2, length=0
2026-02-10 15:48:31.014 [cefgetfile] WARNING: Unknown VALIDATION_ALG:type=2, length=0
2026-02-10 15:48:31.014 [cefgetfile] WARNING: Unknown VALIDATION_ALG:type=2, length=0
2026-02-10 15:48:31.015 [cefgetfile] WARNING: Unknown VALIDATION_ALG:type=2, length=0
2026-02-10 15:48:31.016 [cefgetfile] WARNING: Unknown VALIDATION_ALG:type=2, length=0
2026-02-10 15:48:31.018 [cefgetfile] WARNING: Unknown VALIDATION_ALG:type=2, length=0
2026-02-10 15:48:31.019 [cefgetfile] WARNING: Unknown VALIDATION_ALG:type=2, length=0
2026-02-10 15:48:31.020 [cefgetfile] WARNING: Unknown VALIDATION_ALG:type=2, length=0
2026-02-10 15:48:31.021 [cefgetfile] WARNING: Unknown VALIDATION_ALG:type=2, length=0
2026-02-10 15:48:31.023 [cefgetfile] WARNING: Unknown VALIDATION_ALG:type=2, length=0
2026-02-10 15:48:31.023 [cefgetfile] WARNING: Unknown VALIDATION_ALG:type=2, length=0
2026-02-10 15:48:31.024 [cefgetfile] WARNING: Unknown VALIDATION_ALG:type=2, length=0
2026-02-10 15:48:31.026 [cefgetfile] WARNING: Unknown VALIDATION_ALG:type=2, length=0
2026-02-10 15:48:31.027 [cefgetfile] WARNING: Unknown VALIDATION_ALG:type=2, length=0
2026-02-10 15:48:31.028 [cefgetfile] WARNING: Unknown VALIDATION_ALG:type=2, length=0
2026-02-10 15:48:31.028 [cefgetfile] WARNING: Unknown VALIDATION_ALG:type=2, length=0
2026-02-10 15:48:31.029 [cefgetfile] WARNING: Unknown VALIDATION_ALG:type=2, length=0
2026-02-10 15:48:31.031 [cefgetfile] WARNING: Unknown VALIDATION_ALG:type=2, length=0
2026-02-10 15:48:31.033 [cefgetfile] WARNING: Unknown VALIDATION_ALG:type=2, length=0
2026-02-10 15:48:31.034 [cefgetfile] WARNING: Unknown VALIDATION_ALG:type=2, length=0
2026-02-10 15:48:31.034 [cefgetfile] WARNING: Unknown VALIDATION_ALG:type=2, length=0
2026-02-10 15:48:31.036 [cefgetfile] WARNING: Unknown VALIDATION_ALG:type=2, length=0
2026-02-10 15:48:31.036 [cefgetfile] WARNING: Unknown VALIDATION_ALG:type=2, length=0
2026-02-10 15:48:31.038 [cefgetfile] WARNING: Unknown VALIDATION_ALG:type=2, length=0
2026-02-10 15:48:31.040 [cefgetfile] WARNING: Unknown VALIDATION_ALG:type=2, length=0
2026-02-10 15:48:31.042 [cefgetfile] WARNING: Unknown VALIDATION_ALG:type=2, length=0
2026-02-10 15:48:31.043 [cefgetfile] WARNING: Unknown VALIDATION_ALG:type=2, length=0
2026-02-10 15:48:31.044 [cefgetfile] WARNING: Unknown VALIDATION_ALG:type=2, length=0
2026-02-10 15:48:31.046 [cefgetfile] WARNING: Unknown VALIDATION_ALG:type=2, length=0
2026-02-10 15:48:31.047 [cefgetfile] WARNING: Unknown VALIDATION_ALG:type=2, length=0
2026-02-10 15:48:31.048 [cefgetfile] WARNING: Unknown VALIDATION_ALG:type=2, length=0
2026-02-10 15:48:31.048 [cefgetfile] WARNING: Unknown VALIDATION_ALG:type=2, length=0
2026-02-10 15:48:31.050 [cefgetfile] WARNING: Unknown VALIDATION_ALG:type=2, length=0
2026-02-10 15:48:31.052 [cefgetfile] WARNING: Unknown VALIDATION_ALG:type=2, length=0
2026-02-10 15:48:31.053 [cefgetfile] WARNING: Unknown VALIDATION_ALG:type=2, length=0
2026-02-10 15:48:31.054 [cefgetfile] WARNING: Unknown VALIDATION_ALG:type=2, length=0
2026-02-10 15:48:31.055 [cefgetfile] WARNING: Unknown VALIDATION_ALG:type=2, length=0
2026-02-10 15:48:31.056 [cefgetfile] WARNING: Unknown VALIDATION_ALG:type=2, length=0
2026-02-10 15:48:31.057 [cefgetfile] WARNING: Unknown VALIDATION_ALG:type=2, length=0
2026-02-10 15:48:31.058 [cefgetfile] WARNING: Unknown VALIDATION_ALG:type=2, length=0
2026-02-10 15:48:31.059 [cefgetfile] WARNING: Unknown VALIDATION_ALG:type=2, length=0
2026-02-10 15:48:31.059 [cefgetfile] WARNING: Unknown VALIDATION_ALG:type=2, length=0
2026-02-10 15:48:31.060 [cefgetfile] WARNING: Unknown VALIDATION_ALG:type=2, length=0
2026-02-10 15:48:31.062 [cefgetfile] WARNING: Unknown VALIDATION_ALG:type=2, length=0
2026-02-10 15:48:31.062 [cefgetfile] WARNING: Unknown VALIDATION_ALG:type=2, length=0
2026-02-10 15:48:31.063 [cefgetfile] WARNING: Unknown VALIDATION_ALG:type=2, length=0
2026-02-10 15:48:31.064 [cefgetfile] WARNING: Unknown VALIDATION_ALG:type=2, length=0
2026-02-10 15:48:31.066 [cefgetfile] WARNING: Unknown VALIDATION_ALG:type=2, length=0
2026-02-10 15:48:31.066 [cefgetfile] WARNING: Unknown VALIDATION_ALG:type=2, length=0
2026-02-10 15:48:31.068 [cefgetfile] WARNING: Unknown VALIDATION_ALG:type=2, length=0
2026-02-10 15:48:31.068 [cefgetfile] WARNING: Unknown VALIDATION_ALG:type=2, length=0
2026-02-10 15:48:31.069 [cefgetfile] WARNING: Unknown VALIDATION_ALG:type=2, length=0
2026-02-10 15:48:31.070 [cefgetfile] WARNING: Unknown VALIDATION_ALG:type=2, length=0
2026-02-10 15:48:31.072 [cefgetfile] WARNING: Unknown VALIDATION_ALG:type=2, length=0
2026-02-10 15:48:31.072 [cefgetfile] WARNING: Unknown VALIDATION_ALG:type=2, length=0
2026-02-10 15:48:31.073 [cefgetfile] WARNING: Unknown VALIDATION_ALG:type=2, length=0
2026-02-10 15:48:31.075 [cefgetfile] WARNING: Unknown VALIDATION_ALG:type=2, length=0
2026-02-10 15:48:31.076 [cefgetfile] WARNING: Unknown VALIDATION_ALG:type=2, length=0
2026-02-10 15:48:31.077 [cefgetfile] WARNING: Unknown VALIDATION_ALG:type=2, length=0
2026-02-10 15:48:31.078 [cefgetfile] WARNING: Unknown VALIDATION_ALG:type=2, length=0
2026-02-10 15:48:31.079 [cefgetfile] WARNING: Unknown VALIDATION_ALG:type=2, length=0
2026-02-10 15:48:31.080 [cefgetfile] WARNING: Unknown VALIDATION_ALG:type=2, length=0
2026-02-10 15:48:31.082 [cefgetfile] WARNING: Unknown VALIDATION_ALG:type=2, length=0
2026-02-10 15:48:31.082 [cefgetfile] WARNING: Unknown VALIDATION_ALG:type=2, length=0
2026-02-10 15:48:31.083 [cefgetfile] WARNING: Unknown VALIDATION_ALG:type=2, length=0
2026-02-10 15:48:31.084 [cefgetfile] WARNING: Unknown VALIDATION_ALG:type=2, length=0
2026-02-10 15:48:31.085 [cefgetfile] WARNING: Unknown VALIDATION_ALG:type=2, length=0
2026-02-10 15:48:31.086 [cefgetfile] WARNING: Unknown VALIDATION_ALG:type=2, length=0
2026-02-10 15:48:31.087 [cefgetfile] WARNING: Unknown VALIDATION_ALG:type=2, length=0
2026-02-10 15:48:31.087 [cefgetfile] WARNING: Unknown VALIDATION_ALG:type=2, length=0
2026-02-10 15:48:31.088 [cefgetfile] WARNING: Unknown VALIDATION_ALG:type=2, length=0
2026-02-10 15:48:31.089 [cefgetfile] WARNING: Unknown VALIDATION_ALG:type=2, length=0
2026-02-10 15:48:31.090 [cefgetfile] WARNING: Unknown VALIDATION_ALG:type=2, length=0
2026-02-10 15:48:31.090 [cefgetfile] WARNING: Unknown VALIDATION_ALG:type=2, length=0
2026-02-10 15:48:31.091 [cefgetfile] WARNING: Unknown VALIDATION_ALG:type=2, length=0
2026-02-10 15:48:31.092 [cefgetfile] WARNING: Unknown VALIDATION_ALG:type=2, length=0
2026-02-10 15:48:31.092 [cefgetfile] WARNING: Unknown VALIDATION_ALG:type=2, length=0
2026-02-10 15:48:31.094 [cefgetfile] WARNING: Unknown VALIDATION_ALG:type=2, length=0
2026-02-10 15:48:31.095 [cefgetfile] WARNING: Unknown VALIDATION_ALG:type=2, length=0
2026-02-10 15:48:31.095 [cefgetfile] WARNING: Unknown VALIDATION_ALG:type=2, length=0
2026-02-10 15:48:31.097 [cefgetfile] WARNING: Unknown VALIDATION_ALG:type=2, length=0
2026-02-10 15:48:31.098 [cefgetfile] WARNING: Unknown VALIDATION_ALG:type=2, length=0
2026-02-10 15:48:31.099 [cefgetfile] WARNING: Unknown VALIDATION_ALG:type=2, length=0
2026-02-10 15:48:31.100 [cefgetfile] WARNING: Unknown VALIDATION_ALG:type=2, length=0
2026-02-10 15:48:31.102 [cefgetfile] WARNING: Unknown VALIDATION_ALG:type=2, length=0
2026-02-10 15:48:31.104 [cefgetfile] WARNING: Unknown VALIDATION_ALG:type=2, length=0
2026-02-10 15:48:31.104 [cefgetfile] WARNING: Unknown VALIDATION_ALG:type=2, length=0
2026-02-10 15:48:31.106 [cefgetfile] WARNING: Unknown VALIDATION_ALG:type=2, length=0
2026-02-10 15:48:31.107 [cefgetfile] WARNING: Unknown VALIDATION_ALG:type=2, length=0
2026-02-10 15:48:31.108 [cefgetfile] WARNING: Unknown VALIDATION_ALG:type=2, length=0
2026-02-10 15:48:31.109 [cefgetfile] WARNING: Unknown VALIDATION_ALG:type=2, length=0
2026-02-10 15:48:31.110 [cefgetfile] WARNING: Unknown VALIDATION_ALG:type=2, length=0
2026-02-10 15:48:31.111 [cefgetfile] WARNING: Unknown VALIDATION_ALG:type=2, length=0
2026-02-10 15:48:31.113 [cefgetfile] WARNING: Unknown VALIDATION_ALG:type=2, length=0
2026-02-10 15:48:31.113 [cefgetfile] WARNING: Unknown VALIDATION_ALG:type=2, length=0
2026-02-10 15:48:31.114 [cefgetfile] WARNING: Unknown VALIDATION_ALG:type=2, length=0
2026-02-10 15:48:31.115 [cefgetfile] WARNING: Unknown VALIDATION_ALG:type=2, length=0
2026-02-10 15:48:31.116 [cefgetfile] WARNING: Unknown VALIDATION_ALG:type=2, length=0
2026-02-10 15:48:31.116 [cefgetfile] WARNING: Unknown VALIDATION_ALG:type=2, length=0
2026-02-10 15:48:31.118 [cefgetfile] WARNING: Unknown VALIDATION_ALG:type=2, length=0
2026-02-10 15:48:31.119 [cefgetfile] WARNING: Unknown VALIDATION_ALG:type=2, length=0
2026-02-10 15:48:31.119 [cefgetfile] WARNING: Unknown VALIDATION_ALG:type=2, length=0
2026-02-10 15:48:31.120 [cefgetfile] WARNING: Unknown VALIDATION_ALG:type=2, length=0
2026-02-10 15:48:31.121 [cefgetfile] WARNING: Unknown VALIDATION_ALG:type=2, length=0
2026-02-10 15:48:31.122 [cefgetfile] WARNING: Unknown VALIDATION_ALG:type=2, length=0
2026-02-10 15:48:31.123 [cefgetfile] WARNING: Unknown VALIDATION_ALG:type=2, length=0
2026-02-10 15:48:31.124 [cefgetfile] WARNING: Unknown VALIDATION_ALG:type=2, length=0
2026-02-10 15:48:31.125 [cefgetfile] WARNING: Unknown VALIDATION_ALG:type=2, length=0
2026-02-10 15:48:31.126 [cefgetfile] WARNING: Unknown VALIDATION_ALG:type=2, length=0
2026-02-10 15:48:31.127 [cefgetfile] WARNING: Unknown VALIDATION_ALG:type=2, length=0
2026-02-10 15:48:31.127 [cefgetfile] WARNING: Unknown VALIDATION_ALG:type=2, length=0
2026-02-10 15:48:31.128 [cefgetfile] WARNING: Unknown VALIDATION_ALG:type=2, length=0
2026-02-10 15:48:31.129 [cefgetfile] WARNING: Unknown VALIDATION_ALG:type=2, length=0
2026-02-10 15:48:31.130 [cefgetfile] WARNING: Unknown VALIDATION_ALG:type=2, length=0
2026-02-10 15:48:31.131 [cefgetfile] WARNING: Unknown VALIDATION_ALG:type=2, length=0
2026-02-10 15:48:31.132 [cefgetfile] WARNING: Unknown VALIDATION_ALG:type=2, length=0
2026-02-10 15:48:31.132 [cefgetfile] WARNING: Unknown VALIDATION_ALG:type=2, length=0
2026-02-10 15:48:31.135 [cefgetfile] WARNING: Unknown VALIDATION_ALG:type=2, length=0
2026-02-10 15:48:31.135 [cefgetfile] WARNING: Unknown VALIDATION_ALG:type=2, length=0
2026-02-10 15:48:31.137 [cefgetfile] WARNING: Unknown VALIDATION_ALG:type=2, length=0
2026-02-10 15:48:31.137 [cefgetfile] WARNING: Unknown VALIDATION_ALG:type=2, length=0
2026-02-10 15:48:31.138 [cefgetfile] WARNING: Unknown VALIDATION_ALG:type=2, length=0
2026-02-10 15:48:31.139 [cefgetfile] WARNING: Unknown VALIDATION_ALG:type=2, length=0
2026-02-10 15:48:31.140 [cefgetfile] WARNING: Unknown VALIDATION_ALG:type=2, length=0
2026-02-10 15:48:31.141 [cefgetfile] WARNING: Unknown VALIDATION_ALG:type=2, length=0
2026-02-10 15:48:31.142 [cefgetfile] WARNING: Unknown VALIDATION_ALG:type=2, length=0
2026-02-10 15:48:31.143 [cefgetfile] WARNING: Unknown VALIDATION_ALG:type=2, length=0
2026-02-10 15:48:31.145 [cefgetfile] WARNING: Unknown VALIDATION_ALG:type=2, length=0
2026-02-10 15:48:31.145 [cefgetfile] WARNING: Unknown VALIDATION_ALG:type=2, length=0
2026-02-10 15:48:31.146 [cefgetfile] WARNING: Unknown VALIDATION_ALG:type=2, length=0
2026-02-10 15:48:31.148 [cefgetfile] WARNING: Unknown VALIDATION_ALG:type=2, length=0
2026-02-10 15:48:31.149 [cefgetfile] WARNING: Unknown VALIDATION_ALG:type=2, length=0
2026-02-10 15:48:31.150 [cefgetfile] WARNING: Unknown VALIDATION_ALG:type=2, length=0
2026-02-10 15:48:31.152 [cefgetfile] WARNING: Unknown VALIDATION_ALG:type=2, length=0
2026-02-10 15:48:31.152 [cefgetfile] WARNING: Unknown VALIDATION_ALG:type=2, length=0
2026-02-10 15:48:31.154 [cefgetfile] WARNING: Unknown VALIDATION_ALG:type=2, length=0
2026-02-10 15:48:31.154 [cefgetfile] WARNING: Unknown VALIDATION_ALG:type=2, length=0
2026-02-10 15:48:31.156 [cefgetfile] WARNING: Unknown VALIDATION_ALG:type=2, length=0
2026-02-10 15:48:31.157 [cefgetfile] WARNING: Unknown VALIDATION_ALG:type=2, length=0
2026-02-10 15:48:31.157 [cefgetfile] WARNING: Unknown VALIDATION_ALG:type=2, length=0
2026-02-10 15:48:31.158 [cefgetfile] WARNING: Unknown VALIDATION_ALG:type=2, length=0
2026-02-10 15:48:31.159 [cefgetfile] WARNING: Unknown VALIDATION_ALG:type=2, length=0
2026-02-10 15:48:31.160 [cefgetfile] WARNING: Unknown VALIDATION_ALG:type=2, length=0
2026-02-10 15:48:31.161 [cefgetfile] WARNING: Unknown VALIDATION_ALG:type=2, length=0
2026-02-10 15:48:31.162 [cefgetfile] WARNING: Unknown VALIDATION_ALG:type=2, length=0
2026-02-10 15:48:31.163 [cefgetfile] WARNING: Unknown VALIDATION_ALG:type=2, length=0
2026-02-10 15:48:31.164 [cefgetfile] WARNING: Unknown VALIDATION_ALG:type=2, length=0
2026-02-10 15:48:31.164 [cefgetfile] WARNING: Unknown VALIDATION_ALG:type=2, length=0
2026-02-10 15:48:31.165 [cefgetfile] WARNING: Unknown VALIDATION_ALG:type=2, length=0
2026-02-10 15:48:31.166 [cefgetfile] WARNING: Unknown VALIDATION_ALG:type=2, length=0
2026-02-10 15:48:31.168 [cefgetfile] WARNING: Unknown VALIDATION_ALG:type=2, length=0
2026-02-10 15:48:31.169 [cefgetfile] WARNING: Unknown VALIDATION_ALG:type=2, length=0
2026-02-10 15:48:31.170 [cefgetfile] WARNING: Unknown VALIDATION_ALG:type=2, length=0
2026-02-10 15:48:31.171 [cefgetfile] WARNING: Unknown VALIDATION_ALG:type=2, length=0
2026-02-10 15:48:31.173 [cefgetfile] WARNING: Unknown VALIDATION_ALG:type=2, length=0
2026-02-10 15:48:31.173 [cefgetfile] WARNING: Unknown VALIDATION_ALG:type=2, length=0
2026-02-10 15:48:31.174 [cefgetfile] WARNING: Unknown VALIDATION_ALG:type=2, length=0
2026-02-10 15:48:31.175 [cefgetfile] WARNING: Unknown VALIDATION_ALG:type=2, length=0
2026-02-10 15:48:31.177 [cefgetfile] WARNING: Unknown VALIDATION_ALG:type=2, length=0
2026-02-10 15:48:31.177 [cefgetfile] WARNING: Unknown VALIDATION_ALG:type=2, length=0
2026-02-10 15:48:31.178 [cefgetfile] WARNING: Unknown VALIDATION_ALG:type=2, length=0
2026-02-10 15:48:31.178 [cefgetfile] WARNING: Unknown VALIDATION_ALG:type=2, length=0
2026-02-10 15:48:31.181 [cefgetfile] WARNING: Unknown VALIDATION_ALG:type=2, length=0
2026-02-10 15:48:31.183 [cefgetfile] WARNING: Unknown VALIDATION_ALG:type=2, length=0
2026-02-10 15:48:31.183 [cefgetfile] WARNING: Unknown VALIDATION_ALG:type=2, length=0
2026-02-10 15:48:31.185 [cefgetfile] WARNING: Unknown VALIDATION_ALG:type=2, length=0
2026-02-10 15:48:31.186 [cefgetfile] WARNING: Unknown VALIDATION_ALG:type=2, length=0
2026-02-10 15:48:31.188 [cefgetfile] WARNING: Unknown VALIDATION_ALG:type=2, length=0
2026-02-10 15:48:31.189 [cefgetfile] WARNING: Unknown VALIDATION_ALG:type=2, length=0
2026-02-10 15:48:31.190 [cefgetfile] WARNING: Unknown VALIDATION_ALG:type=2, length=0
2026-02-10 15:48:31.192 [cefgetfile] WARNING: Unknown VALIDATION_ALG:type=2, length=0
2026-02-10 15:48:31.193 [cefgetfile] WARNING: Unknown VALIDATION_ALG:type=2, length=0
2026-02-10 15:48:31.193 [cefgetfile] WARNING: Unknown VALIDATION_ALG:type=2, length=0
2026-02-10 15:48:31.194 [cefgetfile] WARNING: Unknown VALIDATION_ALG:type=2, length=0
2026-02-10 15:48:31.195 [cefgetfile] WARNING: Unknown VALIDATION_ALG:type=2, length=0
2026-02-10 15:48:31.197 [cefgetfile] WARNING: Unknown VALIDATION_ALG:type=2, length=0
2026-02-10 15:48:31.198 [cefgetfile] WARNING: Unknown VALIDATION_ALG:type=2, length=0
2026-02-10 15:48:31.198 [cefgetfile] WARNING: Unknown VALIDATION_ALG:type=2, length=0
2026-02-10 15:48:31.199 [cefgetfile] WARNING: Unknown VALIDATION_ALG:type=2, length=0
2026-02-10 15:48:31.201 [cefgetfile] WARNING: Unknown VALIDATION_ALG:type=2, length=0
2026-02-10 15:48:31.202 [cefgetfile] WARNING: Unknown VALIDATION_ALG:type=2, length=0
2026-02-10 15:48:31.203 [cefgetfile] WARNING: Unknown VALIDATION_ALG:type=2, length=0
2026-02-10 15:48:31.204 [cefgetfile] WARNING: Unknown VALIDATION_ALG:type=2, length=0
2026-02-10 15:48:31.204 [cefgetfile] WARNING: Unknown VALIDATION_ALG:type=2, length=0
2026-02-10 15:48:31.206 [cefgetfile] WARNING: Unknown VALIDATION_ALG:type=2, length=0
2026-02-10 15:48:31.207 [cefgetfile] WARNING: Unknown VALIDATION_ALG:type=2, length=0
2026-02-10 15:48:31.209 [cefgetfile] WARNING: Unknown VALIDATION_ALG:type=2, length=0
2026-02-10 15:48:31.210 [cefgetfile] WARNING: Unknown VALIDATION_ALG:type=2, length=0
2026-02-10 15:48:31.210 [cefgetfile] WARNING: Unknown VALIDATION_ALG:type=2, length=0
2026-02-10 15:48:31.211 [cefgetfile] WARNING: Unknown VALIDATION_ALG:type=2, length=0
2026-02-10 15:48:31.212 [cefgetfile] WARNING: Unknown VALIDATION_ALG:type=2, length=0
2026-02-10 15:48:31.213 [cefgetfile] WARNING: Unknown VALIDATION_ALG:type=2, length=0
2026-02-10 15:48:31.214 [cefgetfile] WARNING: Unknown VALIDATION_ALG:type=2, length=0
2026-02-10 15:48:31.215 [cefgetfile] WARNING: Unknown VALIDATION_ALG:type=2, length=0
2026-02-10 15:48:31.217 [cefgetfile] WARNING: Unknown VALIDATION_ALG:type=2, length=0
2026-02-10 15:48:31.218 [cefgetfile] WARNING: Unknown VALIDATION_ALG:type=2, length=0
2026-02-10 15:48:31.218 [cefgetfile] WARNING: Unknown VALIDATION_ALG:type=2, length=0
2026-02-10 15:48:31.219 [cefgetfile] WARNING: Unknown VALIDATION_ALG:type=2, length=0
2026-02-10 15:48:31.220 [cefgetfile] WARNING: Unknown VALIDATION_ALG:type=2, length=0
2026-02-10 15:48:31.222 [cefgetfile] WARNING: Unknown VALIDATION_ALG:type=2, length=0
2026-02-10 15:48:31.222 [cefgetfile] WARNING: Unknown VALIDATION_ALG:type=2, length=0
2026-02-10 15:48:31.222 [cefgetfile] WARNING: Unknown VALIDATION_ALG:type=2, length=0
2026-02-10 15:48:31.224 [cefgetfile] WARNING: Unknown VALIDATION_ALG:type=2, length=0
2026-02-10 15:48:31.226 [cefgetfile] WARNING: Unknown VALIDATION_ALG:type=2, length=0
2026-02-10 15:48:31.226 [cefgetfile] WARNING: Unknown VALIDATION_ALG:type=2, length=0
2026-02-10 15:48:31.227 [cefgetfile] WARNING: Unknown VALIDATION_ALG:type=2, length=0
2026-02-10 15:48:31.228 [cefgetfile] WARNING: Unknown VALIDATION_ALG:type=2, length=0
2026-02-10 15:48:31.229 [cefgetfile] WARNING: Unknown VALIDATION_ALG:type=2, length=0
2026-02-10 15:48:31.231 [cefgetfile] WARNING: Unknown VALIDATION_ALG:type=2, length=0
2026-02-10 15:48:31.232 [cefgetfile] WARNING: Unknown VALIDATION_ALG:type=2, length=0
2026-02-10 15:48:31.234 [cefgetfile] WARNING: Unknown VALIDATION_ALG:type=2, length=0
2026-02-10 15:48:31.235 [cefgetfile] WARNING: Unknown VALIDATION_ALG:type=2, length=0
2026-02-10 15:48:31.236 [cefgetfile] WARNING: Unknown VALIDATION_ALG:type=2, length=0
2026-02-10 15:48:31.238 [cefgetfile] WARNING: Unknown VALIDATION_ALG:type=2, length=0
2026-02-10 15:48:31.239 [cefgetfile] WARNING: Unknown VALIDATION_ALG:type=2, length=0
2026-02-10 15:48:31.240 [cefgetfile] WARNING: Unknown VALIDATION_ALG:type=2, length=0
2026-02-10 15:48:31.240 [cefgetfile] WARNING: Unknown VALIDATION_ALG:type=2, length=0
2026-02-10 15:48:31.242 [cefgetfile] WARNING: Unknown VALIDATION_ALG:type=2, length=0
2026-02-10 15:48:31.243 [cefgetfile] WARNING: Unknown VALIDATION_ALG:type=2, length=0
2026-02-10 15:48:31.244 [cefgetfile] WARNING: Unknown VALIDATION_ALG:type=2, length=0
2026-02-10 15:48:31.245 [cefgetfile] WARNING: Unknown VALIDATION_ALG:type=2, length=0
2026-02-10 15:48:31.247 [cefgetfile] WARNING: Unknown VALIDATION_ALG:type=2, length=0
2026-02-10 15:48:31.247 [cefgetfile] WARNING: Unknown VALIDATION_ALG:type=2, length=0
2026-02-10 15:48:31.249 [cefgetfile] WARNING: Unknown VALIDATION_ALG:type=2, length=0
2026-02-10 15:48:31.250 [cefgetfile] WARNING: Unknown VALIDATION_ALG:type=2, length=0
2026-02-10 15:48:31.251 [cefgetfile] WARNING: Unknown VALIDATION_ALG:type=2, length=0
2026-02-10 15:48:31.252 [cefgetfile] WARNING: Unknown VALIDATION_ALG:type=2, length=0
2026-02-10 15:48:31.254 [cefgetfile] WARNING: Unknown VALIDATION_ALG:type=2, length=0
2026-02-10 15:48:31.254 [cefgetfile] WARNING: Unknown VALIDATION_ALG:type=2, length=0
2026-02-10 15:48:31.256 [cefgetfile] WARNING: Unknown VALIDATION_ALG:type=2, length=0
2026-02-10 15:48:31.257 [cefgetfile] WARNING: Unknown VALIDATION_ALG:type=2, length=0
2026-02-10 15:48:31.259 [cefgetfile] WARNING: Unknown VALIDATION_ALG:type=2, length=0
2026-02-10 15:48:31.259 [cefgetfile] WARNING: Unknown VALIDATION_ALG:type=2, length=0
2026-02-10 15:48:31.260 [cefgetfile] WARNING: Unknown VALIDATION_ALG:type=2, length=0
2026-02-10 15:48:31.262 [cefgetfile] WARNING: Unknown VALIDATION_ALG:type=2, length=0
2026-02-10 15:48:31.263 [cefgetfile] WARNING: Unknown VALIDATION_ALG:type=2, length=0
2026-02-10 15:48:31.264 [cefgetfile] WARNING: Unknown VALIDATION_ALG:type=2, length=0
2026-02-10 15:48:31.266 [cefgetfile] WARNING: Unknown VALIDATION_ALG:type=2, length=0
2026-02-10 15:48:31.266 [cefgetfile] WARNING: Unknown VALIDATION_ALG:type=2, length=0
2026-02-10 15:48:31.267 [cefgetfile] WARNING: Unknown VALIDATION_ALG:type=2, length=0
2026-02-10 15:48:31.268 [cefgetfile] WARNING: Unknown VALIDATION_ALG:type=2, length=0
2026-02-10 15:48:31.270 [cefgetfile] WARNING: Unknown VALIDATION_ALG:type=2, length=0
2026-02-10 15:48:31.272 [cefgetfile] WARNING: Unknown VALIDATION_ALG:type=2, length=0
2026-02-10 15:48:31.273 [cefgetfile] WARNING: Unknown VALIDATION_ALG:type=2, length=0
2026-02-10 15:48:31.273 [cefgetfile] WARNING: Unknown VALIDATION_ALG:type=2, length=0
2026-02-10 15:48:31.275 [cefgetfile] WARNING: Unknown VALIDATION_ALG:type=2, length=0
2026-02-10 15:48:31.276 [cefgetfile] WARNING: Unknown VALIDATION_ALG:type=2, length=0
2026-02-10 15:48:31.277 [cefgetfile] WARNING: Unknown VALIDATION_ALG:type=2, length=0
2026-02-10 15:48:31.278 [cefgetfile] WARNING: Unknown VALIDATION_ALG:type=2, length=0
2026-02-10 15:48:31.279 [cefgetfile] WARNING: Unknown VALIDATION_ALG:type=2, length=0
2026-02-10 15:48:31.280 [cefgetfile] WARNING: Unknown VALIDATION_ALG:type=2, length=0
2026-02-10 15:48:31.280 [cefgetfile] WARNING: Unknown VALIDATION_ALG:type=2, length=0
2026-02-10 15:48:31.282 [cefgetfile] WARNING: Unknown VALIDATION_ALG:type=2, length=0
2026-02-10 15:48:31.282 [cefgetfile] WARNING: Unknown VALIDATION_ALG:type=2, length=0
2026-02-10 15:48:31.284 [cefgetfile] WARNING: Unknown VALIDATION_ALG:type=2, length=0
2026-02-10 15:48:31.286 [cefgetfile] WARNING: Unknown VALIDATION_ALG:type=2, length=0
2026-02-10 15:48:31.286 [cefgetfile] WARNING: Unknown VALIDATION_ALG:type=2, length=0
2026-02-10 15:48:31.287 [cefgetfile] WARNING: Unknown VALIDATION_ALG:type=2, length=0
2026-02-10 15:48:31.289 [cefgetfile] WARNING: Unknown VALIDATION_ALG:type=2, length=0
2026-02-10 15:48:31.290 [cefgetfile] WARNING: Unknown VALIDATION_ALG:type=2, length=0
2026-02-10 15:48:31.291 [cefgetfile] WARNING: Unknown VALIDATION_ALG:type=2, length=0
2026-02-10 15:48:31.292 [cefgetfile] WARNING: Unknown VALIDATION_ALG:type=2, length=0
2026-02-10 15:48:31.294 [cefgetfile] WARNING: Unknown VALIDATION_ALG:type=2, length=0
2026-02-10 15:48:31.295 [cefgetfile] WARNING: Unknown VALIDATION_ALG:type=2, length=0
2026-02-10 15:48:31.295 [cefgetfile] WARNING: Unknown VALIDATION_ALG:type=2, length=0
2026-02-10 15:48:31.296 [cefgetfile] WARNING: Unknown VALIDATION_ALG:type=2, length=0
2026-02-10 15:48:31.299 [cefgetfile] WARNING: Unknown VALIDATION_ALG:type=2, length=0
2026-02-10 15:48:31.300 [cefgetfile] WARNING: Unknown VALIDATION_ALG:type=2, length=0
2026-02-10 15:48:31.301 [cefgetfile] WARNING: Unknown VALIDATION_ALG:type=2, length=0
2026-02-10 15:48:31.301 [cefgetfile] WARNING: Unknown VALIDATION_ALG:type=2, length=0
2026-02-10 15:48:31.303 [cefgetfile] WARNING: Unknown VALIDATION_ALG:type=2, length=0
2026-02-10 15:48:31.304 [cefgetfile] WARNING: Unknown VALIDATION_ALG:type=2, length=0
2026-02-10 15:48:31.304 [cefgetfile] WARNING: Unknown VALIDATION_ALG:type=2, length=0
2026-02-10 15:48:31.305 [cefgetfile] WARNING: Unknown VALIDATION_ALG:type=2, length=0
2026-02-10 15:48:31.306 [cefgetfile] WARNING: Unknown VALIDATION_ALG:type=2, length=0
2026-02-10 15:48:31.308 [cefgetfile] WARNING: Unknown VALIDATION_ALG:type=2, length=0
2026-02-10 15:48:31.309 [cefgetfile] WARNING: Unknown VALIDATION_ALG:type=2, length=0
2026-02-10 15:48:31.310 [cefgetfile] WARNING: Unknown VALIDATION_ALG:type=2, length=0
2026-02-10 15:48:31.312 [cefgetfile] WARNING: Unknown VALIDATION_ALG:type=2, length=0
2026-02-10 15:48:31.313 [cefgetfile] WARNING: Unknown VALIDATION_ALG:type=2, length=0
2026-02-10 15:48:31.315 [cefgetfile] WARNING: Unknown VALIDATION_ALG:type=2, length=0
2026-02-10 15:48:31.315 [cefgetfile] WARNING: Unknown VALIDATION_ALG:type=2, length=0
2026-02-10 15:48:31.317 [cefgetfile] WARNING: Unknown VALIDATION_ALG:type=2, length=0
2026-02-10 15:48:31.318 [cefgetfile] WARNING: Unknown VALIDATION_ALG:type=2, length=0
2026-02-10 15:48:31.318 [cefgetfile] WARNING: Unknown VALIDATION_ALG:type=2, length=0
2026-02-10 15:48:31.320 [cefgetfile] WARNING: Unknown VALIDATION_ALG:type=2, length=0
2026-02-10 15:48:31.321 [cefgetfile] WARNING: Unknown VALIDATION_ALG:type=2, length=0
2026-02-10 15:48:31.322 [cefgetfile] WARNING: Unknown VALIDATION_ALG:type=2, length=0
2026-02-10 15:48:31.324 [cefgetfile] WARNING: Unknown VALIDATION_ALG:type=2, length=0
2026-02-10 15:48:31.325 [cefgetfile] WARNING: Unknown VALIDATION_ALG:type=2, length=0
2026-02-10 15:48:31.325 [cefgetfile] WARNING: Unknown VALIDATION_ALG:type=2, length=0
2026-02-10 15:48:31.327 [cefgetfile] WARNING: Unknown VALIDATION_ALG:type=2, length=0
2026-02-10 15:48:31.328 [cefgetfile] WARNING: Unknown VALIDATION_ALG:type=2, length=0
2026-02-10 15:48:31.329 [cefgetfile] WARNING: Unknown VALIDATION_ALG:type=2, length=0
2026-02-10 15:48:31.330 [cefgetfile] WARNING: Unknown VALIDATION_ALG:type=2, length=0
2026-02-10 15:48:31.332 [cefgetfile] WARNING: Unknown VALIDATION_ALG:type=2, length=0
2026-02-10 15:48:31.333 [cefgetfile] WARNING: Unknown VALIDATION_ALG:type=2, length=0
2026-02-10 15:48:31.334 [cefgetfile] WARNING: Unknown VALIDATION_ALG:type=2, length=0
2026-02-10 15:48:31.335 [cefgetfile] WARNING: Unknown VALIDATION_ALG:type=2, length=0
2026-02-10 15:48:31.336 [cefgetfile] WARNING: Unknown VALIDATION_ALG:type=2, length=0
2026-02-10 15:48:31.337 [cefgetfile] WARNING: Unknown VALIDATION_ALG:type=2, length=0
2026-02-10 15:48:31.338 [cefgetfile] WARNING: Unknown VALIDATION_ALG:type=2, length=0
2026-02-10 15:48:31.339 [cefgetfile] WARNING: Unknown VALIDATION_ALG:type=2, length=0
2026-02-10 15:48:31.340 [cefgetfile] WARNING: Unknown VALIDATION_ALG:type=2, length=0
2026-02-10 15:48:31.340 [cefgetfile] WARNING: Unknown VALIDATION_ALG:type=2, length=0
2026-02-10 15:48:31.341 [cefgetfile] WARNING: Unknown VALIDATION_ALG:type=2, length=0
2026-02-10 15:48:31.341 [cefgetfile] WARNING: Unknown VALIDATION_ALG:type=2, length=0
2026-02-10 15:48:31.343 [cefgetfile] WARNING: Unknown VALIDATION_ALG:type=2, length=0
2026-02-10 15:48:31.344 [cefgetfile] WARNING: Unknown VALIDATION_ALG:type=2, length=0
2026-02-10 15:48:31.345 [cefgetfile] WARNING: Unknown VALIDATION_ALG:type=2, length=0
2026-02-10 15:48:31.346 [cefgetfile] WARNING: Unknown VALIDATION_ALG:type=2, length=0
2026-02-10 15:48:31.348 [cefgetfile] WARNING: Unknown VALIDATION_ALG:type=2, length=0
2026-02-10 15:48:31.349 [cefgetfile] WARNING: Unknown VALIDATION_ALG:type=2, length=0
2026-02-10 15:48:31.350 [cefgetfile] WARNING: Unknown VALIDATION_ALG:type=2, length=0
2026-02-10 15:48:31.351 [cefgetfile] WARNING: Unknown VALIDATION_ALG:type=2, length=0
2026-02-10 15:48:31.353 [cefgetfile] WARNING: Unknown VALIDATION_ALG:type=2, length=0
2026-02-10 15:48:31.354 [cefgetfile] WARNING: Unknown VALIDATION_ALG:type=2, length=0
2026-02-10 15:48:31.354 [cefgetfile] WARNING: Unknown VALIDATION_ALG:type=2, length=0
2026-02-10 15:48:31.355 [cefgetfile] WARNING: Unknown VALIDATION_ALG:type=2, length=0
2026-02-10 15:48:31.356 [cefgetfile] WARNING: Unknown VALIDATION_ALG:type=2, length=0
2026-02-10 15:48:31.357 [cefgetfile] WARNING: Unknown VALIDATION_ALG:type=2, length=0
2026-02-10 15:48:31.358 [cefgetfile] WARNING: Unknown VALIDATION_ALG:type=2, length=0
2026-02-10 15:48:31.359 [cefgetfile] WARNING: Unknown VALIDATION_ALG:type=2, length=0
2026-02-10 15:48:31.359 [cefgetfile] WARNING: Unknown VALIDATION_ALG:type=2, length=0
2026-02-10 15:48:31.360 [cefgetfile] WARNING: Unknown VALIDATION_ALG:type=2, length=0
2026-02-10 15:48:31.361 [cefgetfile] WARNING: Unknown VALIDATION_ALG:type=2, length=0
2026-02-10 15:48:31.361 [cefgetfile] WARNING: Unknown VALIDATION_ALG:type=2, length=0
2026-02-10 15:48:31.362 [cefgetfile] WARNING: Unknown VALIDATION_ALG:type=2, length=0
2026-02-10 15:48:31.363 [cefgetfile] WARNING: Unknown VALIDATION_ALG:type=2, length=0
2026-02-10 15:48:31.364 [cefgetfile] WARNING: Unknown VALIDATION_ALG:type=2, length=0
2026-02-10 15:48:31.365 [cefgetfile] WARNING: Unknown VALIDATION_ALG:type=2, length=0
2026-02-10 15:48:31.365 [cefgetfile] WARNING: Unknown VALIDATION_ALG:type=2, length=0
2026-02-10 15:48:31.366 [cefgetfile] WARNING: Unknown VALIDATION_ALG:type=2, length=0
2026-02-10 15:48:31.367 [cefgetfile] WARNING: Unknown VALIDATION_ALG:type=2, length=0
2026-02-10 15:48:31.368 [cefgetfile] WARNING: Unknown VALIDATION_ALG:type=2, length=0
2026-02-10 15:48:31.368 [cefgetfile] WARNING: Unknown VALIDATION_ALG:type=2, length=0
2026-02-10 15:48:31.369 [cefgetfile] WARNING: Unknown VALIDATION_ALG:type=2, length=0
2026-02-10 15:48:31.370 [cefgetfile] WARNING: Unknown VALIDATION_ALG:type=2, length=0
2026-02-10 15:48:31.370 [cefgetfile] WARNING: Unknown VALIDATION_ALG:type=2, length=0
2026-02-10 15:48:31.371 [cefgetfile] WARNING: Unknown VALIDATION_ALG:type=2, length=0
2026-02-10 15:48:31.373 [cefgetfile] WARNING: Unknown VALIDATION_ALG:type=2, length=0
2026-02-10 15:48:31.374 [cefgetfile] WARNING: Unknown VALIDATION_ALG:type=2, length=0
2026-02-10 15:48:31.375 [cefgetfile] WARNING: Unknown VALIDATION_ALG:type=2, length=0
2026-02-10 15:48:31.376 [cefgetfile] WARNING: Unknown VALIDATION_ALG:type=2, length=0
2026-02-10 15:48:31.376 [cefgetfile] WARNING: Unknown VALIDATION_ALG:type=2, length=0
2026-02-10 15:48:31.378 [cefgetfile] WARNING: Unknown VALIDATION_ALG:type=2, length=0
2026-02-10 15:48:31.378 [cefgetfile] WARNING: Unknown VALIDATION_ALG:type=2, length=0
2026-02-10 15:48:31.381 [cefgetfile] WARNING: Unknown VALIDATION_ALG:type=2, length=0
2026-02-10 15:48:31.381 [cefgetfile] WARNING: Unknown VALIDATION_ALG:type=2, length=0
2026-02-10 15:48:31.383 [cefgetfile] WARNING: Unknown VALIDATION_ALG:type=2, length=0
2026-02-10 15:48:31.383 [cefgetfile] WARNING: Unknown VALIDATION_ALG:type=2, length=0
2026-02-10 15:48:31.385 [cefgetfile] WARNING: Unknown VALIDATION_ALG:type=2, length=0
2026-02-10 15:48:31.386 [cefgetfile] WARNING: Unknown VALIDATION_ALG:type=2, length=0
2026-02-10 15:48:31.387 [cefgetfile] WARNING: Unknown VALIDATION_ALG:type=2, length=0
2026-02-10 15:48:31.388 [cefgetfile] WARNING: Unknown VALIDATION_ALG:type=2, length=0
2026-02-10 15:48:31.390 [cefgetfile] WARNING: Unknown VALIDATION_ALG:type=2, length=0
2026-02-10 15:48:31.390 [cefgetfile] WARNING: Unknown VALIDATION_ALG:type=2, length=0
2026-02-10 15:48:31.391 [cefgetfile] WARNING: Unknown VALIDATION_ALG:type=2, length=0
2026-02-10 15:48:31.392 [cefgetfile] WARNING: Unknown VALIDATION_ALG:type=2, length=0
2026-02-10 15:48:31.393 [cefgetfile] WARNING: Unknown VALIDATION_ALG:type=2, length=0
2026-02-10 15:48:31.393 [cefgetfile] WARNING: Unknown VALIDATION_ALG:type=2, length=0
2026-02-10 15:48:31.394 [cefgetfile] WARNING: Unknown VALIDATION_ALG:type=2, length=0
2026-02-10 15:48:31.395 [cefgetfile] WARNING: Unknown VALIDATION_ALG:type=2, length=0
2026-02-10 15:48:31.396 [cefgetfile] WARNING: Unknown VALIDATION_ALG:type=2, length=0
2026-02-10 15:48:31.396 [cefgetfile] WARNING: Unknown VALIDATION_ALG:type=2, length=0
2026-02-10 15:48:31.397 [cefgetfile] WARNING: Unknown VALIDATION_ALG:type=2, length=0
2026-02-10 15:48:31.398 [cefgetfile] WARNING: Unknown VALIDATION_ALG:type=2, length=0
2026-02-10 15:48:31.399 [cefgetfile] WARNING: Unknown VALIDATION_ALG:type=2, length=0
2026-02-10 15:48:31.399 [cefgetfile] WARNING: Unknown VALIDATION_ALG:type=2, length=0
2026-02-10 15:48:31.400 [cefgetfile] WARNING: Unknown VALIDATION_ALG:type=2, length=0
2026-02-10 15:48:31.401 [cefgetfile] WARNING: Unknown VALIDATION_ALG:type=2, length=0
2026-02-10 15:48:31.401 [cefgetfile] WARNING: Unknown VALIDATION_ALG:type=2, length=0
2026-02-10 15:48:31.402 [cefgetfile] WARNING: Unknown VALIDATION_ALG:type=2, length=0
2026-02-10 15:48:31.403 [cefgetfile] WARNING: Unknown VALIDATION_ALG:type=2, length=0
2026-02-10 15:48:31.403 [cefgetfile] WARNING: Unknown VALIDATION_ALG:type=2, length=0
2026-02-10 15:48:31.404 [cefgetfile] WARNING: Unknown VALIDATION_ALG:type=2, length=0
2026-02-10 15:48:31.404 [cefgetfile] WARNING: Unknown VALIDATION_ALG:type=2, length=0
2026-02-10 15:48:31.405 [cefgetfile] WARNING: Unknown VALIDATION_ALG:type=2, length=0
2026-02-10 15:48:31.406 [cefgetfile] WARNING: Unknown VALIDATION_ALG:type=2, length=0
2026-02-10 15:48:31.407 [cefgetfile] WARNING: Unknown VALIDATION_ALG:type=2, length=0
2026-02-10 15:48:31.408 [cefgetfile] WARNING: Unknown VALIDATION_ALG:type=2, length=0
2026-02-10 15:48:31.409 [cefgetfile] WARNING: Unknown VALIDATION_ALG:type=2, length=0
2026-02-10 15:48:31.411 [cefgetfile] WARNING: Unknown VALIDATION_ALG:type=2, length=0
2026-02-10 15:48:31.412 [cefgetfile] WARNING: Unknown VALIDATION_ALG:type=2, length=0
2026-02-10 15:48:31.413 [cefgetfile] WARNING: Unknown VALIDATION_ALG:type=2, length=0
2026-02-10 15:48:31.414 [cefgetfile] WARNING: Unknown VALIDATION_ALG:type=2, length=0
2026-02-10 15:48:31.416 [cefgetfile] WARNING: Unknown VALIDATION_ALG:type=2, length=0
2026-02-10 15:48:31.417 [cefgetfile] WARNING: Unknown VALIDATION_ALG:type=2, length=0
2026-02-10 15:48:31.418 [cefgetfile] WARNING: Unknown VALIDATION_ALG:type=2, length=0
2026-02-10 15:48:31.420 [cefgetfile] WARNING: Unknown VALIDATION_ALG:type=2, length=0
2026-02-10 15:48:31.421 [cefgetfile] WARNING: Unknown VALIDATION_ALG:type=2, length=0
2026-02-10 15:48:31.422 [cefgetfile] WARNING: Unknown VALIDATION_ALG:type=2, length=0
2026-02-10 15:48:31.423 [cefgetfile] WARNING: Unknown VALIDATION_ALG:type=2, length=0
2026-02-10 15:48:31.423 [cefgetfile] WARNING: Unknown VALIDATION_ALG:type=2, length=0
2026-02-10 15:48:31.425 [cefgetfile] WARNING: Unknown VALIDATION_ALG:type=2, length=0
2026-02-10 15:48:31.426 [cefgetfile] WARNING: Unknown VALIDATION_ALG:type=2, length=0
2026-02-10 15:48:31.426 [cefgetfile] WARNING: Unknown VALIDATION_ALG:type=2, length=0
2026-02-10 15:48:31.427 [cefgetfile] WARNING: Unknown VALIDATION_ALG:type=2, length=0
2026-02-10 15:48:31.430 [cefgetfile] WARNING: Unknown VALIDATION_ALG:type=2, length=0
2026-02-10 15:48:31.431 [cefgetfile] WARNING: Unknown VALIDATION_ALG:type=2, length=0
2026-02-10 15:48:31.432 [cefgetfile] WARNING: Unknown VALIDATION_ALG:type=2, length=0
2026-02-10 15:48:31.433 [cefgetfile] WARNING: Unknown VALIDATION_ALG:type=2, length=0
2026-02-10 15:48:31.434 [cefgetfile] WARNING: Unknown VALIDATION_ALG:type=2, length=0
2026-02-10 15:48:31.435 [cefgetfile] WARNING: Unknown VALIDATION_ALG:type=2, length=0
2026-02-10 15:48:31.436 [cefgetfile] WARNING: Unknown VALIDATION_ALG:type=2, length=0
2026-02-10 15:48:31.438 [cefgetfile] WARNING: Unknown VALIDATION_ALG:type=2, length=0
2026-02-10 15:48:31.439 [cefgetfile] WARNING: Unknown VALIDATION_ALG:type=2, length=0
2026-02-10 15:48:31.440 [cefgetfile] WARNING: Unknown VALIDATION_ALG:type=2, length=0
2026-02-10 15:48:31.441 [cefgetfile] WARNING: Unknown VALIDATION_ALG:type=2, length=0
2026-02-10 15:48:31.443 [cefgetfile] WARNING: Unknown VALIDATION_ALG:type=2, length=0
2026-02-10 15:48:31.443 [cefgetfile] WARNING: Unknown VALIDATION_ALG:type=2, length=0
2026-02-10 15:48:31.443 [cefgetfile] WARNING: Unknown VALIDATION_ALG:type=2, length=0
2026-02-10 15:48:31.445 [cefgetfile] WARNING: Unknown VALIDATION_ALG:type=2, length=0
2026-02-10 15:48:31.446 [cefgetfile] WARNING: Unknown VALIDATION_ALG:type=2, length=0
2026-02-10 15:48:31.447 [cefgetfile] WARNING: Unknown VALIDATION_ALG:type=2, length=0
2026-02-10 15:48:31.448 [cefgetfile] WARNING: Unknown VALIDATION_ALG:type=2, length=0
2026-02-10 15:48:31.449 [cefgetfile] WARNING: Unknown VALIDATION_ALG:type=2, length=0
2026-02-10 15:48:31.450 [cefgetfile] WARNING: Unknown VALIDATION_ALG:type=2, length=0
2026-02-10 15:48:31.451 [cefgetfile] WARNING: Unknown VALIDATION_ALG:type=2, length=0
2026-02-10 15:48:31.452 [cefgetfile] WARNING: Unknown VALIDATION_ALG:type=2, length=0
2026-02-10 15:48:31.453 [cefgetfile] WARNING: Unknown VALIDATION_ALG:type=2, length=0
[cefgetfile] Completed to get all the chunks.
[cefgetfile] Unconnect to cefnetd ... OK
[cefgetfile] Terminate
[cefgetfile] Rx Frames (All)           = 847
[cefgetfile] Rx Frames (ContentObject) = 847
[cefgetfile] Rx Bytes (All)            = 463882
[cefgetfile] Rx Bytes (ContentObject)  = 433390
[cefgetfile] Duration                  = 0.904 sec
[cefgetfile] Throughput                = 4109687 bps
[cefgetfile] Goodput                   = 3839548 bps
[cefgetfile] Jitter (Ave)              = 1066 us
[cefgetfile] Jitter (Max)              = 11572 us
[cefgetfile] Jitter (Var)              = 460049 us
