[cefgetfile] Start
[cefgetfile] Parsing parameters ...OK
2026-02-06 10:41:28.581 [cefgetfile] INFO: [client] Config directory is ./h0
2026-02-06 10:41:28.581 [cefgetfile] INFO: [client] Local Socket Name is /tmp/cef_9695.0
2026-02-06 10:41:28.581 [cefgetfile] INFO: [client] Listen Port is 9695
[cefgetfile] Init Cefore Client package ... OK
[cefgetfile] Conversion from URI into Name ... OK
[cefgetfile] Checking the output file ... OK
[cefgetfile] Connect to cefnetd ... OK
[cefgetfile] URI=ccnx:/emergency/test2
[cefgetfile] Start sending Interests
[cefgetfile] Completed to get all the chunks.
[cefgetfile] Unconnect to cefnetd ... OK
[cefgetfile] Terminate
[cefgetfile] Rx Frames (All)           = 581
[cefgetfile] Rx Frames (ContentObject) = 581
[cefgetfile] Rx Bytes (All)            = 612204
[cefgetfile] Rx Bytes (ContentObject)  = 594774
[cefgetfile] Duration                  = 2.534 sec
[cefgetfile] Throughput                = 1933301 bps
[cefgetfile] Goodput                   = 1878259 bps
[cefgetfile] Jitter (Ave)              = 4360 us
[cefgetfile] Jitter (Max)              = 220169 us
[cefgetfile] Jitter (Var)              = 283051426 us
