[cefgetfile] Start
[cefgetfile] Parsing parameters ...OK
2026-02-12 14:11:21.869 [cefgetfile] INFO: [client] Config directory is ./h0
2026-02-12 14:11:21.869 [cefgetfile] INFO: [client] Local Socket Name is /tmp/cef_9695.0
2026-02-12 14:11:21.869 [cefgetfile] INFO: [client] Listen Port is 9695
[cefgetfile] Init Cefore Client package ... OK
[cefgetfile] Conversion from URI into Name ... OK
[cefgetfile] Checking the output file ... OK
[cefgetfile] Connect to cefnetd ... OK
[cefgetfile] URI=ccnx:/test/data/content1
[cefgetfile] Start sending Interests
2026-02-12 14:11:21.902 [cefgetfile] WARNING: Unknown VALIDATION_ALG:type=2, length=0
2026-02-12 14:11:21.902 [cefgetfile] WARNING: Unknown VALIDATION_ALG:type=2, length=0
2026-02-12 14:11:21.902 [cefgetfile] WARNING: Unknown VALIDATION_ALG:type=2, length=0
2026-02-12 14:11:21.902 [cefgetfile] WARNING: Unknown VALIDATION_ALG:type=2, length=0
2026-02-12 14:11:21.906 [cefgetfile] WARNING: Unknown VALIDATION_ALG:type=2, length=0
2026-02-12 14:11:21.906 [cefgetfile] WARNING: Unknown VALIDATION_ALG:type=2, length=0
2026-02-12 14:11:21.907 [cefgetfile] WARNING: Unknown VALIDATION_ALG:type=2, length=0
2026-02-12 14:11:21.907 [cefgetfile] WARNING: Unknown VALIDATION_ALG:type=2, length=0
2026-02-12 14:11:21.911 [cefgetfile] WARNING: Unknown VALIDATION_ALG:type=2, length=0
2026-02-12 14:11:21.911 [cefgetfile] WARNING: Unknown VALIDATION_ALG:type=2, length=0
2026-02-12 14:11:21.911 [cefgetfile] WARNING: Unknown VALIDATION_ALG:type=2, length=0
2026-02-12 14:11:21.912 [cefgetfile] WARNING: Unknown VALIDATION_ALG:type=2, length=0
2026-02-12 14:11:21.914 [cefgetfile] WARNING: Unknown VALIDATION_ALG:type=2, length=0
2026-02-12 14:11:21.915 [cefgetfile] WARNING: Unknown VALIDATION_ALG:type=2, length=0
2026-02-12 14:11:21.916 [cefgetfile] WARNING: Unknown VALIDATION_ALG:type=2, length=0
2026-02-12 14:11:21.916 [cefgetfile] WARNING: Unknown VALIDATION_ALG:type=2, length=0
2026-02-12 14:11:21.918 [cefgetfile] WARNING: Unknown VALIDATION_ALG:type=2, length=0
2026-02-12 14:11:21.918 [cefgetfile] WARNING: Unknown VALIDATION_ALG:type=2, length=0
2026-02-12 14:11:21.919 [cefgetfile] WARNING: Unknown VALIDATION_ALG:type=2, length=0
2026-02-12 14:11:21.920 [cefgetfile] WARNING: Unknown VALIDATION_ALG:type=2, length=0
2026-02-12 14:11:21.922 [cefgetfile] WARNING: Unknown VALIDATION_ALG:type=2, length=0
2026-02-12 14:11:21.923 [cefgetfile] WARNING: Unknown VALIDATION_ALG:type=2, length=0
2026-02-12 14:11:21.923 [cefgetfile] WARNING: Unknown VALIDATION_ALG:type=2, length=0
2026-02-12 14:11:21.924 [cefgetfile] WARNING: Unknown VALIDATION_ALG:type=2, length=0
2026-02-12 14:11:21.925 [cefgetfile] WARNING: Unknown VALIDATION_ALG:type=2, length=0
2026-02-12 14:11:21.926 [cefgetfile] WARNING: Unknown VALIDATION_ALG:type=2, length=0
2026-02-12 14:11:21.927 [cefgetfile] WARNING: Unknown VALIDATION_ALG:type=2, length=0
2026-02-12 14:11:21.928 [cefgetfile] WARNING: Unknown VALIDATION_ALG:type=2, length=0
2026-02-12 14:11:21.928 [cefgetfile] WARNING: Unknown VALIDATION_ALG:type=2, length=0
2026-02-12 14:11:21.929 [cefgetfile] WARNING: Unknown VALIDATION_ALG:type=2, length=0
2026-02-12 14:11:21.930 [cefgetfile] WARNING: Unknown VALIDATION_ALG:type=2, length=0
2026-02-12 14:11:21.930 [cefgetfile] WARNING: Unknown VALIDATION_ALG:type=2, length=0
2026-02-12 14:11:21.932 [cefgetfile] WARNING: Unknown VALIDATION_ALG:type=2, length=0
2026-02-12 14:11:21.932 [cefgetfile] WARNING: Unknown VALIDATION_ALG:type=2, length=0
2026-02-12 14:11:21.933 [cefgetfile] WARNING: Unknown VALIDATION_ALG:type=2, length=0
2026-02-12 14:11:21.934 [cefgetfile] WARNING: Unknown VALIDATION_ALG:type=2, length=0
2026-02-12 14:11:21.936 [cefgetfile] WARNING: Unknown VALIDATION_ALG:type=2, length=0
2026-02-12 14:11:21.937 [cefgetfile] WARNING: Unknown VALIDATION_ALG:type=2, length=0
2026-02-12 14:11:21.938 [cefgetfile] WARNING: Unknown VALIDATION_ALG:type=2, length=0
2026-02-12 14:11:21.939 [cefgetfile] WARNING: Unknown VALIDATION_ALG:type=2, length=0
2026-02-12 14:11:21.940 [cefgetfile] WARNING: Unknown VALIDATION_ALG:type=2, length=0
2026-02-12 14:11:21.941 [cefgetfile] WARNING: Unknown VALIDATION_ALG:type=2, length=0
2026-02-12 14:11:21.942 [cefgetfile] WARNING: Unknown VALIDATION_ALG:type=2, length=0
2026-02-12 14:11:21.944 [cefgetfile] WARNING: Unknown VALIDATION_ALG:type=2, length=0
2026-02-12 14:11:21.945 [cefgetfile] WARNING: Unknown VALIDATION_ALG:type=2, length=0
2026-02-12 14:11:21.946 [cefgetfile] WARNING: Unknown VALIDATION_ALG:type=2, length=0
2026-02-12 14:11:21.947 [cefgetfile] WARNING: Unknown VALIDATION_ALG:type=2, length=0
2026-02-12 14:11:21.950 [cefgetfile] WARNING: Unknown VALIDATION_ALG:type=2, length=0
2026-02-12 14:11:21.951 [cefgetfile] WARNING: Unknown VALIDATION_ALG:type=2, length=0
2026-02-12 14:11:21.952 [cefgetfile] WARNING: Unknown VALIDATION_ALG:type=2, length=0
2026-02-12 14:11:21.952 [cefgetfile] WARNING: Unknown VALIDATION_ALG:type=2, length=0
2026-02-12 14:11:21.954 [cefgetfile] WARNING: Unknown VALIDATION_ALG:type=2, length=0
2026-02-12 14:11:21.955 [cefgetfile] WARNING: Unknown VALIDATION_ALG:type=2, length=0
2026-02-12 14:11:21.956 [cefgetfile] WARNING: Unknown VALIDATION_ALG:type=2, length=0
2026-02-12 14:11:21.956 [cefgetfile] WARNING: Unknown VALIDATION_ALG:type=2, length=0
2026-02-12 14:11:21.958 [cefgetfile] WARNING: Unknown VALIDATION_ALG:type=2, length=0
2026-02-12 14:11:21.960 [cefgetfile] WARNING: Unknown VALIDATION_ALG:type=2, length=0
2026-02-12 14:11:21.962 [cefgetfile] WARNING: Unknown VALIDATION_ALG:type=2, length=0
2026-02-12 14:11:21.963 [cefgetfile] WARNING: Unknown VALIDATION_ALG:type=2, length=0
2026-02-12 14:11:21.963 [cefgetfile] WARNING: Unknown VALIDATION_ALG:type=2, length=0
2026-02-12 14:11:21.965 [cefgetfile] WARNING: Unknown VALIDATION_ALG:type=2, length=0
2026-02-12 14:11:21.967 [cefgetfile] WARNING: Unknown VALIDATION_ALG:type=2, length=0
2026-02-12 14:11:21.968 [cefgetfile] WARNING: Unknown VALIDATION_ALG:type=2, length=0
2026-02-12 14:11:21.969 [cefgetfile] WARNING: Unknown VALIDATION_ALG:type=2, length=0
2026-02-12 14:11:21.971 [cefgetfile] WARNING: Unknown VALIDATION_ALG:type=2, length=0
2026-02-12 14:11:21.972 [cefgetfile] WARNING: Unknown VALIDATION_ALG:type=2, length=0
2026-02-12 14:11:21.972 [cefgetfile] WARNING: Unknown VALIDATION_ALG:type=2, length=0
2026-02-12 14:11:21.973 [cefgetfile] WARNING: Unknown VALIDATION_ALG:type=2, length=0
2026-02-12 14:11:21.975 [cefgetfile] WARNING: Unknown VALIDATION_ALG:type=2, length=0
2026-02-12 14:11:21.976 [cefgetfile] WARNING: Unknown VALIDATION_ALG:type=2, length=0
2026-02-12 14:11:21.976 [cefgetfile] WARNING: Unknown VALIDATION_ALG:type=2, length=0
2026-02-12 14:11:21.977 [cefgetfile] WARNING: Unknown VALIDATION_ALG:type=2, length=0
2026-02-12 14:11:21.978 [cefgetfile] WARNING: Unknown VALIDATION_ALG:type=2, length=0
2026-02-12 14:11:21.979 [cefgetfile] WARNING: Unknown VALIDATION_ALG:type=2, length=0
2026-02-12 14:11:21.980 [cefgetfile] WARNING: Unknown VALIDATION_ALG:type=2, length=0
2026-02-12 14:11:21.981 [cefgetfile] WARNING: Unknown VALIDATION_ALG:type=2, length=0
2026-02-12 14:11:21.981 [cefgetfile] WARNING: Unknown VALIDATION_ALG:type=2, length=0
2026-02-12 14:11:21.982 [cefgetfile] WARNING: Unknown VALIDATION_ALG:type=2, length=0
2026-02-12 14:11:21.983 [cefgetfile] WARNING: Unknown VALIDATION_ALG:type=2, length=0
2026-02-12 14:11:21.984 [cefgetfile] WARNING: Unknown VALIDATION_ALG:type=2, length=0
2026-02-12 14:11:21.985 [cefgetfile] WARNING: Unknown VALIDATION_ALG:type=2, length=0
2026-02-12 14:11:21.985 [cefgetfile] WARNING: Unknown VALIDATION_ALG:type=2, length=0
2026-02-12 14:11:21.987 [cefgetfile] WARNING: Unknown VALIDATION_ALG:type=2, length=0
2026-02-12 14:11:21.989 [cefgetfile] WARNING: Unknown VALIDATION_ALG:type=2, length=0
2026-02-12 14:11:21.990 [cefgetfile] WARNING: Unknown VALIDATION_ALG:type=2, length=0
2026-02-12 14:11:21.992 [cefgetfile] WARNING: Unknown VALIDATION_ALG:type=2, length=0
2026-02-12 14:11:21.993 [cefgetfile] WARNING: Unknown VALIDATION_ALG:type=2, length=0
2026-02-12 14:11:21.994 [cefgetfile] WARNING: Unknown VALIDATION_ALG:type=2, length=0
2026-02-12 14:11:21.995 [cefgetfile] WARNING: Unknown VALIDATION_ALG:type=2, length=0
2026-02-12 14:11:21.997 [cefgetfile] WARNING: Unknown VALIDATION_ALG:type=2, length=0
2026-02-12 14:11:21.998 [cefgetfile] WARNING: Unknown VALIDATION_ALG:type=2, length=0
2026-02-12 14:11:21.999 [cefgetfile] WARNING: Unknown VALIDATION_ALG:type=2, length=0
2026-02-12 14:11:21.000 [cefgetfile] WARNING: Unknown VALIDATION_ALG:type=2, length=0
2026-02-12 14:11:22.001 [cefgetfile] WARNING: Unknown VALIDATION_ALG:type=2, length=0
2026-02-12 14:11:22.002 [cefgetfile] WARNING: Unknown VALIDATION_ALG:type=2, length=0
2026-02-12 14:11:22.002 [cefgetfile] WARNING: Unknown VALIDATION_ALG:type=2, length=0
2026-02-12 14:11:22.004 [cefgetfile] WARNING: Unknown VALIDATION_ALG:type=2, length=0
2026-02-12 14:11:22.004 [cefgetfile] WARNING: Unknown VALIDATION_ALG:type=2, length=0
2026-02-12 14:11:22.006 [cefgetfile] WARNING: Unknown VALIDATION_ALG:type=2, length=0
2026-02-12 14:11:22.007 [cefgetfile] WARNING: Unknown VALIDATION_ALG:type=2, length=0
2026-02-12 14:11:22.009 [cefgetfile] WARNING: Unknown VALIDATION_ALG:type=2, length=0
2026-02-12 14:11:22.010 [cefgetfile] WARNING: Unknown VALIDATION_ALG:type=2, length=0
2026-02-12 14:11:22.011 [cefgetfile] WARNING: Unknown VALIDATION_ALG:type=2, length=0
2026-02-12 14:11:22.012 [cefgetfile] WARNING: Unknown VALIDATION_ALG:type=2, length=0
2026-02-12 14:11:22.013 [cefgetfile] WARNING: Unknown VALIDATION_ALG:type=2, length=0
2026-02-12 14:11:22.015 [cefgetfile] WARNING: Unknown VALIDATION_ALG:type=2, length=0
2026-02-12 14:11:22.016 [cefgetfile] WARNING: Unknown VALIDATION_ALG:type=2, length=0
2026-02-12 14:11:22.017 [cefgetfile] WARNING: Unknown VALIDATION_ALG:type=2, length=0
2026-02-12 14:11:22.018 [cefgetfile] WARNING: Unknown VALIDATION_ALG:type=2, length=0
2026-02-12 14:11:22.020 [cefgetfile] WARNING: Unknown VALIDATION_ALG:type=2, length=0
2026-02-12 14:11:22.022 [cefgetfile] WARNING: Unknown VALIDATION_ALG:type=2, length=0
2026-02-12 14:11:22.022 [cefgetfile] WARNING: Unknown VALIDATION_ALG:type=2, length=0
2026-02-12 14:11:22.024 [cefgetfile] WARNING: Unknown VALIDATION_ALG:type=2, length=0
2026-02-12 14:11:22.025 [cefgetfile] WARNING: Unknown VALIDATION_ALG:type=2, length=0
2026-02-12 14:11:22.027 [cefgetfile] WARNING: Unknown VALIDATION_ALG:type=2, length=0
2026-02-12 14:11:22.028 [cefgetfile] WARNING: Unknown VALIDATION_ALG:type=2, length=0
2026-02-12 14:11:22.029 [cefgetfile] WARNING: Unknown VALIDATION_ALG:type=2, length=0
2026-02-12 14:11:22.030 [cefgetfile] WARNING: Unknown VALIDATION_ALG:type=2, length=0
2026-02-12 14:11:22.031 [cefgetfile] WARNING: Unknown VALIDATION_ALG:type=2, length=0
2026-02-12 14:11:22.033 [cefgetfile] WARNING: Unknown VALIDATION_ALG:type=2, length=0
2026-02-12 14:11:22.033 [cefgetfile] WARNING: Unknown VALIDATION_ALG:type=2, length=0
2026-02-12 14:11:22.034 [cefgetfile] WARNING: Unknown VALIDATION_ALG:type=2, length=0
2026-02-12 14:11:22.036 [cefgetfile] WARNING: Unknown VALIDATION_ALG:type=2, length=0
2026-02-12 14:11:22.036 [cefgetfile] WARNING: Unknown VALIDATION_ALG:type=2, length=0
2026-02-12 14:11:22.038 [cefgetfile] WARNING: Unknown VALIDATION_ALG:type=2, length=0
2026-02-12 14:11:22.038 [cefgetfile] WARNING: Unknown VALIDATION_ALG:type=2, length=0
2026-02-12 14:11:22.040 [cefgetfile] WARNING: Unknown VALIDATION_ALG:type=2, length=0
2026-02-12 14:11:22.042 [cefgetfile] WARNING: Unknown VALIDATION_ALG:type=2, length=0
2026-02-12 14:11:22.042 [cefgetfile] WARNING: Unknown VALIDATION_ALG:type=2, length=0
2026-02-12 14:11:22.043 [cefgetfile] WARNING: Unknown VALIDATION_ALG:type=2, length=0
2026-02-12 14:11:22.044 [cefgetfile] WARNING: Unknown VALIDATION_ALG:type=2, length=0
2026-02-12 14:11:22.046 [cefgetfile] WARNING: Unknown VALIDATION_ALG:type=2, length=0
2026-02-12 14:11:22.047 [cefgetfile] WARNING: Unknown VALIDATION_ALG:type=2, length=0
2026-02-12 14:11:22.048 [cefgetfile] WARNING: Unknown VALIDATION_ALG:type=2, length=0
2026-02-12 14:11:22.050 [cefgetfile] WARNING: Unknown VALIDATION_ALG:type=2, length=0
2026-02-12 14:11:22.050 [cefgetfile] WARNING: Unknown VALIDATION_ALG:type=2, length=0
2026-02-12 14:11:22.052 [cefgetfile] WARNING: Unknown VALIDATION_ALG:type=2, length=0
2026-02-12 14:11:22.053 [cefgetfile] WARNING: Unknown VALIDATION_ALG:type=2, length=0
2026-02-12 14:11:22.054 [cefgetfile] WARNING: Unknown VALIDATION_ALG:type=2, length=0
2026-02-12 14:11:22.055 [cefgetfile] WARNING: Unknown VALIDATION_ALG:type=2, length=0
2026-02-12 14:11:22.056 [cefgetfile] WARNING: Unknown VALIDATION_ALG:type=2, length=0
2026-02-12 14:11:22.057 [cefgetfile] WARNING: Unknown VALIDATION_ALG:type=2, length=0
2026-02-12 14:11:22.058 [cefgetfile] WARNING: Unknown VALIDATION_ALG:type=2, length=0
2026-02-12 14:11:22.060 [cefgetfile] WARNING: Unknown VALIDATION_ALG:type=2, length=0
2026-02-12 14:11:22.061 [cefgetfile] WARNING: Unknown VALIDATION_ALG:type=2, length=0
2026-02-12 14:11:22.062 [cefgetfile] WARNING: Unknown VALIDATION_ALG:type=2, length=0
2026-02-12 14:11:22.063 [cefgetfile] WARNING: Unknown VALIDATION_ALG:type=2, length=0
2026-02-12 14:11:22.063 [cefgetfile] WARNING: Unknown VALIDATION_ALG:type=2, length=0
2026-02-12 14:11:22.065 [cefgetfile] WARNING: Unknown VALIDATION_ALG:type=2, length=0
2026-02-12 14:11:22.067 [cefgetfile] WARNING: Unknown VALIDATION_ALG:type=2, length=0
2026-02-12 14:11:22.067 [cefgetfile] WARNING: Unknown VALIDATION_ALG:type=2, length=0
2026-02-12 14:11:22.069 [cefgetfile] WARNING: Unknown VALIDATION_ALG:type=2, length=0
2026-02-12 14:11:22.069 [cefgetfile] WARNING: Unknown VALIDATION_ALG:type=2, length=0
2026-02-12 14:11:22.070 [cefgetfile] WARNING: Unknown VALIDATION_ALG:type=2, length=0
2026-02-12 14:11:22.072 [cefgetfile] WARNING: Unknown VALIDATION_ALG:type=2, length=0
2026-02-12 14:11:22.073 [cefgetfile] WARNING: Unknown VALIDATION_ALG:type=2, length=0
2026-02-12 14:11:22.074 [cefgetfile] WARNING: Unknown VALIDATION_ALG:type=2, length=0
2026-02-12 14:11:22.075 [cefgetfile] WARNING: Unknown VALIDATION_ALG:type=2, length=0
2026-02-12 14:11:22.076 [cefgetfile] WARNING: Unknown VALIDATION_ALG:type=2, length=0
2026-02-12 14:11:22.078 [cefgetfile] WARNING: Unknown VALIDATION_ALG:type=2, length=0
2026-02-12 14:11:22.079 [cefgetfile] WARNING: Unknown VALIDATION_ALG:type=2, length=0
2026-02-12 14:11:22.080 [cefgetfile] WARNING: Unknown VALIDATION_ALG:type=2, length=0
2026-02-12 14:11:22.082 [cefgetfile] WARNING: Unknown VALIDATION_ALG:type=2, length=0
2026-02-12 14:11:22.083 [cefgetfile] WARNING: Unknown VALIDATION_ALG:type=2, length=0
2026-02-12 14:11:22.084 [cefgetfile] WARNING: Unknown VALIDATION_ALG:type=2, length=0
2026-02-12 14:11:22.086 [cefgetfile] WARNING: Unknown VALIDATION_ALG:type=2, length=0
2026-02-12 14:11:22.087 [cefgetfile] WARNING: Unknown VALIDATION_ALG:type=2, length=0
2026-02-12 14:11:22.089 [cefgetfile] WARNING: Unknown VALIDATION_ALG:type=2, length=0
2026-02-12 14:11:22.090 [cefgetfile] WARNING: Unknown VALIDATION_ALG:type=2, length=0
2026-02-12 14:11:22.091 [cefgetfile] WARNING: Unknown VALIDATION_ALG:type=2, length=0
2026-02-12 14:11:22.093 [cefgetfile] WARNING: Unknown VALIDATION_ALG:type=2, length=0
2026-02-12 14:11:22.093 [cefgetfile] WARNING: Unknown VALIDATION_ALG:type=2, length=0
2026-02-12 14:11:22.094 [cefgetfile] WARNING: Unknown VALIDATION_ALG:type=2, length=0
2026-02-12 14:11:22.095 [cefgetfile] WARNING: Unknown VALIDATION_ALG:type=2, length=0
2026-02-12 14:11:22.096 [cefgetfile] WARNING: Unknown VALIDATION_ALG:type=2, length=0
2026-02-12 14:11:22.098 [cefgetfile] WARNING: Unknown VALIDATION_ALG:type=2, length=0
2026-02-12 14:11:22.099 [cefgetfile] WARNING: Unknown VALIDATION_ALG:type=2, length=0
2026-02-12 14:11:22.101 [cefgetfile] WARNING: Unknown VALIDATION_ALG:type=2, length=0
2026-02-12 14:11:22.102 [cefgetfile] WARNING: Unknown VALIDATION_ALG:type=2, length=0
2026-02-12 14:11:22.102 [cefgetfile] WARNING: Unknown VALIDATION_ALG:type=2, length=0
2026-02-12 14:11:22.104 [cefgetfile] WARNING: Unknown VALIDATION_ALG:type=2, length=0
2026-02-12 14:11:22.105 [cefgetfile] WARNING: Unknown VALIDATION_ALG:type=2, length=0
2026-02-12 14:11:22.106 [cefgetfile] WARNING: Unknown VALIDATION_ALG:type=2, length=0
2026-02-12 14:11:22.107 [cefgetfile] WARNING: Unknown VALIDATION_ALG:type=2, length=0
2026-02-12 14:11:22.108 [cefgetfile] WARNING: Unknown VALIDATION_ALG:type=2, length=0
2026-02-12 14:11:22.109 [cefgetfile] WARNING: Unknown VALIDATION_ALG:type=2, length=0
2026-02-12 14:11:22.110 [cefgetfile] WARNING: Unknown VALIDATION_ALG:type=2, length=0
2026-02-12 14:11:22.111 [cefgetfile] WARNING: Unknown VALIDATION_ALG:type=2, length=0
2026-02-12 14:11:22.112 [cefgetfile] WARNING: Unknown VALIDATION_ALG:type=2, length=0
2026-02-12 14:11:22.112 [cefgetfile] WARNING: Unknown VALIDATION_ALG:type=2, length=0
2026-02-12 14:11:22.114 [cefgetfile] WARNING: Unknown VALIDATION_ALG:type=2, length=0
2026-02-12 14:11:22.114 [cefgetfile] WARNING: Unknown VALIDATION_ALG:type=2, length=0
2026-02-12 14:11:22.115 [cefgetfile] WARNING: Unknown VALIDATION_ALG:type=2, length=0
2026-02-12 14:11:22.119 [cefgetfile] WARNING: Unknown VALIDATION_ALG:type=2, length=0
2026-02-12 14:11:22.119 [cefgetfile] WARNING: Unknown VALIDATION_ALG:type=2, length=0
2026-02-12 14:11:22.120 [cefgetfile] WARNING: Unknown VALIDATION_ALG:type=2, length=0
2026-02-12 14:11:22.120 [cefgetfile] WARNING: Unknown VALIDATION_ALG:type=2, length=0
2026-02-12 14:11:22.124 [cefgetfile] WARNING: Unknown VALIDATION_ALG:type=2, length=0
2026-02-12 14:11:22.125 [cefgetfile] WARNING: Unknown VALIDATION_ALG:type=2, length=0
2026-02-12 14:11:22.126 [cefgetfile] WARNING: Unknown VALIDATION_ALG:type=2, length=0
2026-02-12 14:11:22.127 [cefgetfile] WARNING: Unknown VALIDATION_ALG:type=2, length=0
2026-02-12 14:11:22.129 [cefgetfile] WARNING: Unknown VALIDATION_ALG:type=2, length=0
2026-02-12 14:11:22.131 [cefgetfile] WARNING: Unknown VALIDATION_ALG:type=2, length=0
2026-02-12 14:11:22.131 [cefgetfile] WARNING: Unknown VALIDATION_ALG:type=2, length=0
2026-02-12 14:11:22.132 [cefgetfile] WARNING: Unknown VALIDATION_ALG:type=2, length=0
2026-02-12 14:11:22.133 [cefgetfile] WARNING: Unknown VALIDATION_ALG:type=2, length=0
2026-02-12 14:11:22.134 [cefgetfile] WARNING: Unknown VALIDATION_ALG:type=2, length=0
2026-02-12 14:11:22.135 [cefgetfile] WARNING: Unknown VALIDATION_ALG:type=2, length=0
2026-02-12 14:11:22.136 [cefgetfile] WARNING: Unknown VALIDATION_ALG:type=2, length=0
2026-02-12 14:11:22.136 [cefgetfile] WARNING: Unknown VALIDATION_ALG:type=2, length=0
2026-02-12 14:11:22.137 [cefgetfile] WARNING: Unknown VALIDATION_ALG:type=2, length=0
2026-02-12 14:11:22.138 [cefgetfile] WARNING: Unknown VALIDATION_ALG:type=2, length=0
2026-02-12 14:11:22.140 [cefgetfile] WARNING: Unknown VALIDATION_ALG:type=2, length=0
2026-02-12 14:11:22.142 [cefgetfile] WARNING: Unknown VALIDATION_ALG:type=2, length=0
2026-02-12 14:11:22.142 [cefgetfile] WARNING: Unknown VALIDATION_ALG:type=2, length=0
2026-02-12 14:11:22.143 [cefgetfile] WARNING: Unknown VALIDATION_ALG:type=2, length=0
2026-02-12 14:11:22.144 [cefgetfile] WARNING: Unknown VALIDATION_ALG:type=2, length=0
2026-02-12 14:11:22.147 [cefgetfile] WARNING: Unknown VALIDATION_ALG:type=2, length=0
2026-02-12 14:11:22.148 [cefgetfile] WARNING: Unknown VALIDATION_ALG:type=2, length=0
2026-02-12 14:11:22.148 [cefgetfile] WARNING: Unknown VALIDATION_ALG:type=2, length=0
2026-02-12 14:11:22.148 [cefgetfile] WARNING: Unknown VALIDATION_ALG:type=2, length=0
2026-02-12 14:11:22.152 [cefgetfile] WARNING: Unknown VALIDATION_ALG:type=2, length=0
2026-02-12 14:11:22.152 [cefgetfile] WARNING: Unknown VALIDATION_ALG:type=2, length=0
2026-02-12 14:11:22.153 [cefgetfile] WARNING: Unknown VALIDATION_ALG:type=2, length=0
2026-02-12 14:11:22.153 [cefgetfile] WARNING: Unknown VALIDATION_ALG:type=2, length=0
2026-02-12 14:11:22.155 [cefgetfile] WARNING: Unknown VALIDATION_ALG:type=2, length=0
2026-02-12 14:11:22.156 [cefgetfile] WARNING: Unknown VALIDATION_ALG:type=2, length=0
2026-02-12 14:11:22.157 [cefgetfile] WARNING: Unknown VALIDATION_ALG:type=2, length=0
2026-02-12 14:11:22.158 [cefgetfile] WARNING: Unknown VALIDATION_ALG:type=2, length=0
2026-02-12 14:11:22.159 [cefgetfile] WARNING: Unknown VALIDATION_ALG:type=2, length=0
2026-02-12 14:11:22.159 [cefgetfile] WARNING: Unknown VALIDATION_ALG:type=2, length=0
2026-02-12 14:11:22.160 [cefgetfile] WARNING: Unknown VALIDATION_ALG:type=2, length=0
2026-02-12 14:11:22.162 [cefgetfile] WARNING: Unknown VALIDATION_ALG:type=2, length=0
2026-02-12 14:11:22.162 [cefgetfile] WARNING: Unknown VALIDATION_ALG:type=2, length=0
2026-02-12 14:11:22.162 [cefgetfile] WARNING: Unknown VALIDATION_ALG:type=2, length=0
2026-02-12 14:11:22.164 [cefgetfile] WARNING: Unknown VALIDATION_ALG:type=2, length=0
2026-02-12 14:11:22.168 [cefgetfile] WARNING: Unknown VALIDATION_ALG:type=2, length=0
2026-02-12 14:11:22.169 [cefgetfile] WARNING: Unknown VALIDATION_ALG:type=2, length=0
2026-02-12 14:11:22.169 [cefgetfile] WARNING: Unknown VALIDATION_ALG:type=2, length=0
2026-02-12 14:11:22.170 [cefgetfile] WARNING: Unknown VALIDATION_ALG:type=2, length=0
2026-02-12 14:11:22.173 [cefgetfile] WARNING: Unknown VALIDATION_ALG:type=2, length=0
2026-02-12 14:11:22.175 [cefgetfile] WARNING: Unknown VALIDATION_ALG:type=2, length=0
2026-02-12 14:11:22.176 [cefgetfile] WARNING: Unknown VALIDATION_ALG:type=2, length=0
2026-02-12 14:11:22.176 [cefgetfile] WARNING: Unknown VALIDATION_ALG:type=2, length=0
2026-02-12 14:11:22.177 [cefgetfile] WARNING: Unknown VALIDATION_ALG:type=2, length=0
2026-02-12 14:11:22.178 [cefgetfile] WARNING: Unknown VALIDATION_ALG:type=2, length=0
2026-02-12 14:11:22.179 [cefgetfile] WARNING: Unknown VALIDATION_ALG:type=2, length=0
2026-02-12 14:11:22.181 [cefgetfile] WARNING: Unknown VALIDATION_ALG:type=2, length=0
2026-02-12 14:11:22.181 [cefgetfile] WARNING: Unknown VALIDATION_ALG:type=2, length=0
2026-02-12 14:11:22.183 [cefgetfile] WARNING: Unknown VALIDATION_ALG:type=2, length=0
2026-02-12 14:11:22.183 [cefgetfile] WARNING: Unknown VALIDATION_ALG:type=2, length=0
2026-02-12 14:11:22.185 [cefgetfile] WARNING: Unknown VALIDATION_ALG:type=2, length=0
2026-02-12 14:11:22.185 [cefgetfile] WARNING: Unknown VALIDATION_ALG:type=2, length=0
2026-02-12 14:11:22.188 [cefgetfile] WARNING: Unknown VALIDATION_ALG:type=2, length=0
2026-02-12 14:11:22.190 [cefgetfile] WARNING: Unknown VALIDATION_ALG:type=2, length=0
2026-02-12 14:11:22.191 [cefgetfile] WARNING: Unknown VALIDATION_ALG:type=2, length=0
2026-02-12 14:11:22.191 [cefgetfile] WARNING: Unknown VALIDATION_ALG:type=2, length=0
2026-02-12 14:11:22.194 [cefgetfile] WARNING: Unknown VALIDATION_ALG:type=2, length=0
2026-02-12 14:11:22.195 [cefgetfile] WARNING: Unknown VALIDATION_ALG:type=2, length=0
2026-02-12 14:11:22.196 [cefgetfile] WARNING: Unknown VALIDATION_ALG:type=2, length=0
2026-02-12 14:11:22.196 [cefgetfile] WARNING: Unknown VALIDATION_ALG:type=2, length=0
2026-02-12 14:11:22.199 [cefgetfile] WARNING: Unknown VALIDATION_ALG:type=2, length=0
2026-02-12 14:11:22.200 [cefgetfile] WARNING: Unknown VALIDATION_ALG:type=2, length=0
2026-02-12 14:11:22.201 [cefgetfile] WARNING: Unknown VALIDATION_ALG:type=2, length=0
2026-02-12 14:11:22.202 [cefgetfile] WARNING: Unknown VALIDATION_ALG:type=2, length=0
2026-02-12 14:11:22.203 [cefgetfile] WARNING: Unknown VALIDATION_ALG:type=2, length=0
2026-02-12 14:11:22.203 [cefgetfile] WARNING: Unknown VALIDATION_ALG:type=2, length=0
2026-02-12 14:11:22.206 [cefgetfile] WARNING: Unknown VALIDATION_ALG:type=2, length=0
2026-02-12 14:11:22.206 [cefgetfile] WARNING: Unknown VALIDATION_ALG:type=2, length=0
2026-02-12 14:11:22.207 [cefgetfile] WARNING: Unknown VALIDATION_ALG:type=2, length=0
2026-02-12 14:11:22.208 [cefgetfile] WARNING: Unknown VALIDATION_ALG:type=2, length=0
2026-02-12 14:11:22.210 [cefgetfile] WARNING: Unknown VALIDATION_ALG:type=2, length=0
2026-02-12 14:11:22.211 [cefgetfile] WARNING: Unknown VALIDATION_ALG:type=2, length=0
2026-02-12 14:11:22.212 [cefgetfile] WARNING: Unknown VALIDATION_ALG:type=2, length=0
2026-02-12 14:11:22.212 [cefgetfile] WARNING: Unknown VALIDATION_ALG:type=2, length=0
2026-02-12 14:11:22.216 [cefgetfile] WARNING: Unknown VALIDATION_ALG:type=2, length=0
2026-02-12 14:11:22.216 [cefgetfile] WARNING: Unknown VALIDATION_ALG:type=2, length=0
2026-02-12 14:11:22.217 [cefgetfile] WARNING: Unknown VALIDATION_ALG:type=2, length=0
2026-02-12 14:11:22.217 [cefgetfile] WARNING: Unknown VALIDATION_ALG:type=2, length=0
2026-02-12 14:11:22.220 [cefgetfile] WARNING: Unknown VALIDATION_ALG:type=2, length=0
2026-02-12 14:11:22.222 [cefgetfile] WARNING: Unknown VALIDATION_ALG:type=2, length=0
2026-02-12 14:11:22.224 [cefgetfile] WARNING: Unknown VALIDATION_ALG:type=2, length=0
2026-02-12 14:11:22.224 [cefgetfile] WARNING: Unknown VALIDATION_ALG:type=2, length=0
2026-02-12 14:11:22.226 [cefgetfile] WARNING: Unknown VALIDATION_ALG:type=2, length=0
2026-02-12 14:11:22.226 [cefgetfile] WARNING: Unknown VALIDATION_ALG:type=2, length=0
2026-02-12 14:11:22.227 [cefgetfile] WARNING: Unknown VALIDATION_ALG:type=2, length=0
2026-02-12 14:11:22.228 [cefgetfile] WARNING: Unknown VALIDATION_ALG:type=2, length=0
2026-02-12 14:11:22.231 [cefgetfile] WARNING: Unknown VALIDATION_ALG:type=2, length=0
2026-02-12 14:11:22.231 [cefgetfile] WARNING: Unknown VALIDATION_ALG:type=2, length=0
2026-02-12 14:11:22.233 [cefgetfile] WARNING: Unknown VALIDATION_ALG:type=2, length=0
2026-02-12 14:11:22.233 [cefgetfile] WARNING: Unknown VALIDATION_ALG:type=2, length=0
2026-02-12 14:11:22.234 [cefgetfile] WARNING: Unknown VALIDATION_ALG:type=2, length=0
2026-02-12 14:11:22.234 [cefgetfile] WARNING: Unknown VALIDATION_ALG:type=2, length=0
2026-02-12 14:11:22.238 [cefgetfile] WARNING: Unknown VALIDATION_ALG:type=2, length=0
2026-02-12 14:11:22.238 [cefgetfile] WARNING: Unknown VALIDATION_ALG:type=2, length=0
2026-02-12 14:11:22.239 [cefgetfile] WARNING: Unknown VALIDATION_ALG:type=2, length=0
2026-02-12 14:11:22.240 [cefgetfile] WARNING: Unknown VALIDATION_ALG:type=2, length=0
2026-02-12 14:11:22.242 [cefgetfile] WARNING: Unknown VALIDATION_ALG:type=2, length=0
2026-02-12 14:11:22.243 [cefgetfile] WARNING: Unknown VALIDATION_ALG:type=2, length=0
2026-02-12 14:11:22.244 [cefgetfile] WARNING: Unknown VALIDATION_ALG:type=2, length=0
2026-02-12 14:11:22.244 [cefgetfile] WARNING: Unknown VALIDATION_ALG:type=2, length=0
2026-02-12 14:11:22.246 [cefgetfile] WARNING: Unknown VALIDATION_ALG:type=2, length=0
2026-02-12 14:11:22.247 [cefgetfile] WARNING: Unknown VALIDATION_ALG:type=2, length=0
2026-02-12 14:11:22.248 [cefgetfile] WARNING: Unknown VALIDATION_ALG:type=2, length=0
2026-02-12 14:11:22.249 [cefgetfile] WARNING: Unknown VALIDATION_ALG:type=2, length=0
2026-02-12 14:11:22.250 [cefgetfile] WARNING: Unknown VALIDATION_ALG:type=2, length=0
2026-02-12 14:11:22.251 [cefgetfile] WARNING: Unknown VALIDATION_ALG:type=2, length=0
2026-02-12 14:11:22.252 [cefgetfile] WARNING: Unknown VALIDATION_ALG:type=2, length=0
2026-02-12 14:11:22.253 [cefgetfile] WARNING: Unknown VALIDATION_ALG:type=2, length=0
2026-02-12 14:11:22.254 [cefgetfile] WARNING: Unknown VALIDATION_ALG:type=2, length=0
2026-02-12 14:11:22.254 [cefgetfile] WARNING: Unknown VALIDATION_ALG:type=2, length=0
2026-02-12 14:11:22.255 [cefgetfile] WARNING: Unknown VALIDATION_ALG:type=2, length=0
2026-02-12 14:11:22.257 [cefgetfile] WARNING: Unknown VALIDATION_ALG:type=2, length=0
2026-02-12 14:11:22.258 [cefgetfile] WARNING: Unknown VALIDATION_ALG:type=2, length=0
2026-02-12 14:11:22.260 [cefgetfile] WARNING: Unknown VALIDATION_ALG:type=2, length=0
2026-02-12 14:11:22.260 [cefgetfile] WARNING: Unknown VALIDATION_ALG:type=2, length=0
2026-02-12 14:11:22.263 [cefgetfile] WARNING: Unknown VALIDATION_ALG:type=2, length=0
2026-02-12 14:11:22.264 [cefgetfile] WARNING: Unknown VALIDATION_ALG:type=2, length=0
2026-02-12 14:11:22.264 [cefgetfile] WARNING: Unknown VALIDATION_ALG:type=2, length=0
2026-02-12 14:11:22.264 [cefgetfile] WARNING: Unknown VALIDATION_ALG:type=2, length=0
2026-02-12 14:11:22.266 [cefgetfile] WARNING: Unknown VALIDATION_ALG:type=2, length=0
2026-02-12 14:11:22.268 [cefgetfile] WARNING: Unknown VALIDATION_ALG:type=2, length=0
2026-02-12 14:11:22.269 [cefgetfile] WARNING: Unknown VALIDATION_ALG:type=2, length=0
2026-02-12 14:11:22.270 [cefgetfile] WARNING: Unknown VALIDATION_ALG:type=2, length=0
2026-02-12 14:11:22.271 [cefgetfile] WARNING: Unknown VALIDATION_ALG:type=2, length=0
2026-02-12 14:11:22.274 [cefgetfile] WARNING: Unknown VALIDATION_ALG:type=2, length=0
2026-02-12 14:11:22.275 [cefgetfile] WARNING: Unknown VALIDATION_ALG:type=2, length=0
2026-02-12 14:11:22.276 [cefgetfile] WARNING: Unknown VALIDATION_ALG:type=2, length=0
2026-02-12 14:11:22.277 [cefgetfile] WARNING: Unknown VALIDATION_ALG:type=2, length=0
2026-02-12 14:11:22.277 [cefgetfile] WARNING: Unknown VALIDATION_ALG:type=2, length=0
2026-02-12 14:11:22.278 [cefgetfile] WARNING: Unknown VALIDATION_ALG:type=2, length=0
2026-02-12 14:11:22.278 [cefgetfile] WARNING: Unknown VALIDATION_ALG:type=2, length=0
2026-02-12 14:11:22.280 [cefgetfile] WARNING: Unknown VALIDATION_ALG:type=2, length=0
2026-02-12 14:11:22.281 [cefgetfile] WARNING: Unknown VALIDATION_ALG:type=2, length=0
2026-02-12 14:11:22.282 [cefgetfile] WARNING: Unknown VALIDATION_ALG:type=2, length=0
2026-02-12 14:11:22.283 [cefgetfile] WARNING: Unknown VALIDATION_ALG:type=2, length=0
2026-02-12 14:11:22.283 [cefgetfile] WARNING: Unknown VALIDATION_ALG:type=2, length=0
2026-02-12 14:11:22.285 [cefgetfile] WARNING: Unknown VALIDATION_ALG:type=2, length=0
2026-02-12 14:11:22.285 [cefgetfile] WARNING: Unknown VALIDATION_ALG:type=2, length=0
2026-02-12 14:11:22.286 [cefgetfile] WARNING: Unknown VALIDATION_ALG:type=2, length=0
2026-02-12 14:11:22.286 [cefgetfile] WARNING: Unknown VALIDATION_ALG:type=2, length=0
2026-02-12 14:11:22.288 [cefgetfile] WARNING: Unknown VALIDATION_ALG:type=2, length=0
2026-02-12 14:11:22.289 [cefgetfile] WARNING: Unknown VALIDATION_ALG:type=2, length=0
2026-02-12 14:11:22.289 [cefgetfile] WARNING: Unknown VALIDATION_ALG:type=2, length=0
2026-02-12 14:11:22.290 [cefgetfile] WARNING: Unknown VALIDATION_ALG:type=2, length=0
2026-02-12 14:11:22.290 [cefgetfile] WARNING: Unknown VALIDATION_ALG:type=2, length=0
2026-02-12 14:11:22.291 [cefgetfile] WARNING: Unknown VALIDATION_ALG:type=2, length=0
2026-02-12 14:11:22.295 [cefgetfile] WARNING: Unknown VALIDATION_ALG:type=2, length=0
2026-02-12 14:11:22.296 [cefgetfile] WARNING: Unknown VALIDATION_ALG:type=2, length=0
2026-02-12 14:11:22.297 [cefgetfile] WARNING: Unknown VALIDATION_ALG:type=2, length=0
2026-02-12 14:11:22.297 [cefgetfile] WARNING: Unknown VALIDATION_ALG:type=2, length=0
2026-02-12 14:11:22.300 [cefgetfile] WARNING: Unknown VALIDATION_ALG:type=2, length=0
2026-02-12 14:11:22.301 [cefgetfile] WARNING: Unknown VALIDATION_ALG:type=2, length=0
2026-02-12 14:11:22.302 [cefgetfile] WARNING: Unknown VALIDATION_ALG:type=2, length=0
2026-02-12 14:11:22.302 [cefgetfile] WARNING: Unknown VALIDATION_ALG:type=2, length=0
2026-02-12 14:11:22.305 [cefgetfile] WARNING: Unknown VALIDATION_ALG:type=2, length=0
2026-02-12 14:11:22.305 [cefgetfile] WARNING: Unknown VALIDATION_ALG:type=2, length=0
2026-02-12 14:11:22.306 [cefgetfile] WARNING: Unknown VALIDATION_ALG:type=2, length=0
2026-02-12 14:11:22.306 [cefgetfile] WARNING: Unknown VALIDATION_ALG:type=2, length=0
2026-02-12 14:11:22.309 [cefgetfile] WARNING: Unknown VALIDATION_ALG:type=2, length=0
2026-02-12 14:11:22.310 [cefgetfile] WARNING: Unknown VALIDATION_ALG:type=2, length=0
2026-02-12 14:11:22.311 [cefgetfile] WARNING: Unknown VALIDATION_ALG:type=2, length=0
2026-02-12 14:11:22.312 [cefgetfile] WARNING: Unknown VALIDATION_ALG:type=2, length=0
2026-02-12 14:11:22.313 [cefgetfile] WARNING: Unknown VALIDATION_ALG:type=2, length=0
2026-02-12 14:11:22.313 [cefgetfile] WARNING: Unknown VALIDATION_ALG:type=2, length=0
2026-02-12 14:11:22.315 [cefgetfile] WARNING: Unknown VALIDATION_ALG:type=2, length=0
2026-02-12 14:11:22.315 [cefgetfile] WARNING: Unknown VALIDATION_ALG:type=2, length=0
2026-02-12 14:11:22.316 [cefgetfile] WARNING: Unknown VALIDATION_ALG:type=2, length=0
2026-02-12 14:11:22.317 [cefgetfile] WARNING: Unknown VALIDATION_ALG:type=2, length=0
2026-02-12 14:11:22.318 [cefgetfile] WARNING: Unknown VALIDATION_ALG:type=2, length=0
2026-02-12 14:11:22.319 [cefgetfile] WARNING: Unknown VALIDATION_ALG:type=2, length=0
2026-02-12 14:11:22.320 [cefgetfile] WARNING: Unknown VALIDATION_ALG:type=2, length=0
2026-02-12 14:11:22.320 [cefgetfile] WARNING: Unknown VALIDATION_ALG:type=2, length=0
2026-02-12 14:11:22.321 [cefgetfile] WARNING: Unknown VALIDATION_ALG:type=2, length=0
2026-02-12 14:11:22.321 [cefgetfile] WARNING: Unknown VALIDATION_ALG:type=2, length=0
2026-02-12 14:11:22.321 [cefgetfile] WARNING: Unknown VALIDATION_ALG:type=2, length=0
2026-02-12 14:11:22.323 [cefgetfile] WARNING: Unknown VALIDATION_ALG:type=2, length=0
2026-02-12 14:11:22.327 [cefgetfile] WARNING: Unknown VALIDATION_ALG:type=2, length=0
2026-02-12 14:11:22.327 [cefgetfile] WARNING: Unknown VALIDATION_ALG:type=2, length=0
2026-02-12 14:11:22.328 [cefgetfile] WARNING: Unknown VALIDATION_ALG:type=2, length=0
2026-02-12 14:11:22.329 [cefgetfile] WARNING: Unknown VALIDATION_ALG:type=2, length=0
2026-02-12 14:11:22.332 [cefgetfile] WARNING: Unknown VALIDATION_ALG:type=2, length=0
2026-02-12 14:11:22.334 [cefgetfile] WARNING: Unknown VALIDATION_ALG:type=2, length=0
2026-02-12 14:11:22.335 [cefgetfile] WARNING: Unknown VALIDATION_ALG:type=2, length=0
2026-02-12 14:11:22.335 [cefgetfile] WARNING: Unknown VALIDATION_ALG:type=2, length=0
2026-02-12 14:11:22.337 [cefgetfile] WARNING: Unknown VALIDATION_ALG:type=2, length=0
2026-02-12 14:11:22.338 [cefgetfile] WARNING: Unknown VALIDATION_ALG:type=2, length=0
2026-02-12 14:11:22.339 [cefgetfile] WARNING: Unknown VALIDATION_ALG:type=2, length=0
2026-02-12 14:11:22.345 [cefgetfile] WARNING: Unknown VALIDATION_ALG:type=2, length=0
2026-02-12 14:11:22.346 [cefgetfile] WARNING: Unknown VALIDATION_ALG:type=2, length=0
2026-02-12 14:11:22.347 [cefgetfile] WARNING: Unknown VALIDATION_ALG:type=2, length=0
2026-02-12 14:11:22.348 [cefgetfile] WARNING: Unknown VALIDATION_ALG:type=2, length=0
2026-02-12 14:11:22.349 [cefgetfile] WARNING: Unknown VALIDATION_ALG:type=2, length=0
2026-02-12 14:11:22.351 [cefgetfile] WARNING: Unknown VALIDATION_ALG:type=2, length=0
2026-02-12 14:11:22.351 [cefgetfile] WARNING: Unknown VALIDATION_ALG:type=2, length=0
2026-02-12 14:11:22.352 [cefgetfile] WARNING: Unknown VALIDATION_ALG:type=2, length=0
2026-02-12 14:11:22.354 [cefgetfile] WARNING: Unknown VALIDATION_ALG:type=2, length=0
2026-02-12 14:11:22.355 [cefgetfile] WARNING: Unknown VALIDATION_ALG:type=2, length=0
2026-02-12 14:11:22.357 [cefgetfile] WARNING: Unknown VALIDATION_ALG:type=2, length=0
2026-02-12 14:11:22.357 [cefgetfile] WARNING: Unknown VALIDATION_ALG:type=2, length=0
2026-02-12 14:11:22.359 [cefgetfile] WARNING: Unknown VALIDATION_ALG:type=2, length=0
2026-02-12 14:11:22.359 [cefgetfile] WARNING: Unknown VALIDATION_ALG:type=2, length=0
2026-02-12 14:11:22.360 [cefgetfile] WARNING: Unknown VALIDATION_ALG:type=2, length=0
2026-02-12 14:11:22.362 [cefgetfile] WARNING: Unknown VALIDATION_ALG:type=2, length=0
2026-02-12 14:11:22.364 [cefgetfile] WARNING: Unknown VALIDATION_ALG:type=2, length=0
2026-02-12 14:11:22.364 [cefgetfile] WARNING: Unknown VALIDATION_ALG:type=2, length=0
2026-02-12 14:11:22.364 [cefgetfile] WARNING: Unknown VALIDATION_ALG:type=2, length=0
2026-02-12 14:11:22.366 [cefgetfile] WARNING: Unknown VALIDATION_ALG:type=2, length=0
2026-02-12 14:11:22.368 [cefgetfile] WARNING: Unknown VALIDATION_ALG:type=2, length=0
2026-02-12 14:11:22.368 [cefgetfile] WARNING: Unknown VALIDATION_ALG:type=2, length=0
2026-02-12 14:11:22.369 [cefgetfile] WARNING: Unknown VALIDATION_ALG:type=2, length=0
2026-02-12 14:11:22.371 [cefgetfile] WARNING: Unknown VALIDATION_ALG:type=2, length=0
2026-02-12 14:11:22.371 [cefgetfile] WARNING: Unknown VALIDATION_ALG:type=2, length=0
2026-02-12 14:11:22.372 [cefgetfile] WARNING: Unknown VALIDATION_ALG:type=2, length=0
2026-02-12 14:11:22.373 [cefgetfile] WARNING: Unknown VALIDATION_ALG:type=2, length=0
2026-02-12 14:11:22.374 [cefgetfile] WARNING: Unknown VALIDATION_ALG:type=2, length=0
2026-02-12 14:11:22.374 [cefgetfile] WARNING: Unknown VALIDATION_ALG:type=2, length=0
2026-02-12 14:11:22.376 [cefgetfile] WARNING: Unknown VALIDATION_ALG:type=2, length=0
2026-02-12 14:11:22.377 [cefgetfile] WARNING: Unknown VALIDATION_ALG:type=2, length=0
2026-02-12 14:11:22.377 [cefgetfile] WARNING: Unknown VALIDATION_ALG:type=2, length=0
2026-02-12 14:11:22.378 [cefgetfile] WARNING: Unknown VALIDATION_ALG:type=2, length=0
2026-02-12 14:11:22.381 [cefgetfile] WARNING: Unknown VALIDATION_ALG:type=2, length=0
2026-02-12 14:11:22.383 [cefgetfile] WARNING: Unknown VALIDATION_ALG:type=2, length=0
2026-02-12 14:11:22.384 [cefgetfile] WARNING: Unknown VALIDATION_ALG:type=2, length=0
2026-02-12 14:11:22.384 [cefgetfile] WARNING: Unknown VALIDATION_ALG:type=2, length=0
2026-02-12 14:11:22.386 [cefgetfile] WARNING: Unknown VALIDATION_ALG:type=2, length=0
2026-02-12 14:11:22.387 [cefgetfile] WARNING: Unknown VALIDATION_ALG:type=2, length=0
2026-02-12 14:11:22.387 [cefgetfile] WARNING: Unknown VALIDATION_ALG:type=2, length=0
2026-02-12 14:11:22.387 [cefgetfile] WARNING: Unknown VALIDATION_ALG:type=2, length=0
2026-02-12 14:11:22.390 [cefgetfile] WARNING: Unknown VALIDATION_ALG:type=2, length=0
2026-02-12 14:11:22.391 [cefgetfile] WARNING: Unknown VALIDATION_ALG:type=2, length=0
2026-02-12 14:11:22.391 [cefgetfile] WARNING: Unknown VALIDATION_ALG:type=2, length=0
2026-02-12 14:11:22.392 [cefgetfile] WARNING: Unknown VALIDATION_ALG:type=2, length=0
2026-02-12 14:11:22.393 [cefgetfile] WARNING: Unknown VALIDATION_ALG:type=2, length=0
2026-02-12 14:11:22.395 [cefgetfile] WARNING: Unknown VALIDATION_ALG:type=2, length=0
2026-02-12 14:11:22.396 [cefgetfile] WARNING: Unknown VALIDATION_ALG:type=2, length=0
2026-02-12 14:11:22.397 [cefgetfile] WARNING: Unknown VALIDATION_ALG:type=2, length=0
2026-02-12 14:11:22.397 [cefgetfile] WARNING: Unknown VALIDATION_ALG:type=2, length=0
2026-02-12 14:11:22.399 [cefgetfile] WARNING: Unknown VALIDATION_ALG:type=2, length=0
2026-02-12 14:11:22.400 [cefgetfile] WARNING: Unknown VALIDATION_ALG:type=2, length=0
2026-02-12 14:11:22.401 [cefgetfile] WARNING: Unknown VALIDATION_ALG:type=2, length=0
2026-02-12 14:11:22.401 [cefgetfile] WARNING: Unknown VALIDATION_ALG:type=2, length=0
2026-02-12 14:11:22.402 [cefgetfile] WARNING: Unknown VALIDATION_ALG:type=2, length=0
2026-02-12 14:11:22.403 [cefgetfile] WARNING: Unknown VALIDATION_ALG:type=2, length=0
2026-02-12 14:11:22.406 [cefgetfile] WARNING: Unknown VALIDATION_ALG:type=2, length=0
2026-02-12 14:11:22.406 [cefgetfile] WARNING: Unknown VALIDATION_ALG:type=2, length=0
2026-02-12 14:11:22.408 [cefgetfile] WARNING: Unknown VALIDATION_ALG:type=2, length=0
2026-02-12 14:11:22.409 [cefgetfile] WARNING: Unknown VALIDATION_ALG:type=2, length=0
2026-02-12 14:11:22.409 [cefgetfile] WARNING: Unknown VALIDATION_ALG:type=2, length=0
2026-02-12 14:11:22.410 [cefgetfile] WARNING: Unknown VALIDATION_ALG:type=2, length=0
2026-02-12 14:11:22.413 [cefgetfile] WARNING: Unknown VALIDATION_ALG:type=2, length=0
2026-02-12 14:11:22.413 [cefgetfile] WARNING: Unknown VALIDATION_ALG:type=2, length=0
2026-02-12 14:11:22.414 [cefgetfile] WARNING: Unknown VALIDATION_ALG:type=2, length=0
2026-02-12 14:11:22.415 [cefgetfile] WARNING: Unknown VALIDATION_ALG:type=2, length=0
2026-02-12 14:11:22.417 [cefgetfile] WARNING: Unknown VALIDATION_ALG:type=2, length=0
2026-02-12 14:11:22.418 [cefgetfile] WARNING: Unknown VALIDATION_ALG:type=2, length=0
2026-02-12 14:11:22.418 [cefgetfile] WARNING: Unknown VALIDATION_ALG:type=2, length=0
2026-02-12 14:11:22.419 [cefgetfile] WARNING: Unknown VALIDATION_ALG:type=2, length=0
2026-02-12 14:11:22.422 [cefgetfile] WARNING: Unknown VALIDATION_ALG:type=2, length=0
2026-02-12 14:11:22.423 [cefgetfile] WARNING: Unknown VALIDATION_ALG:type=2, length=0
2026-02-12 14:11:22.423 [cefgetfile] WARNING: Unknown VALIDATION_ALG:type=2, length=0
2026-02-12 14:11:22.424 [cefgetfile] WARNING: Unknown VALIDATION_ALG:type=2, length=0
2026-02-12 14:11:22.425 [cefgetfile] WARNING: Unknown VALIDATION_ALG:type=2, length=0
2026-02-12 14:11:22.426 [cefgetfile] WARNING: Unknown VALIDATION_ALG:type=2, length=0
2026-02-12 14:11:22.428 [cefgetfile] WARNING: Unknown VALIDATION_ALG:type=2, length=0
2026-02-12 14:11:22.428 [cefgetfile] WARNING: Unknown VALIDATION_ALG:type=2, length=0
2026-02-12 14:11:22.429 [cefgetfile] WARNING: Unknown VALIDATION_ALG:type=2, length=0
2026-02-12 14:11:22.430 [cefgetfile] WARNING: Unknown VALIDATION_ALG:type=2, length=0
2026-02-12 14:11:22.433 [cefgetfile] WARNING: Unknown VALIDATION_ALG:type=2, length=0
2026-02-12 14:11:22.433 [cefgetfile] WARNING: Unknown VALIDATION_ALG:type=2, length=0
2026-02-12 14:11:22.434 [cefgetfile] WARNING: Unknown VALIDATION_ALG:type=2, length=0
2026-02-12 14:11:22.435 [cefgetfile] WARNING: Unknown VALIDATION_ALG:type=2, length=0
2026-02-12 14:11:22.437 [cefgetfile] WARNING: Unknown VALIDATION_ALG:type=2, length=0
2026-02-12 14:11:22.438 [cefgetfile] WARNING: Unknown VALIDATION_ALG:type=2, length=0
2026-02-12 14:11:22.438 [cefgetfile] WARNING: Unknown VALIDATION_ALG:type=2, length=0
2026-02-12 14:11:22.439 [cefgetfile] WARNING: Unknown VALIDATION_ALG:type=2, length=0
2026-02-12 14:11:22.441 [cefgetfile] WARNING: Unknown VALIDATION_ALG:type=2, length=0
2026-02-12 14:11:22.442 [cefgetfile] WARNING: Unknown VALIDATION_ALG:type=2, length=0
2026-02-12 14:11:22.443 [cefgetfile] WARNING: Unknown VALIDATION_ALG:type=2, length=0
2026-02-12 14:11:22.444 [cefgetfile] WARNING: Unknown VALIDATION_ALG:type=2, length=0
2026-02-12 14:11:22.445 [cefgetfile] WARNING: Unknown VALIDATION_ALG:type=2, length=0
2026-02-12 14:11:22.446 [cefgetfile] WARNING: Unknown VALIDATION_ALG:type=2, length=0
2026-02-12 14:11:22.447 [cefgetfile] WARNING: Unknown VALIDATION_ALG:type=2, length=0
2026-02-12 14:11:22.448 [cefgetfile] WARNING: Unknown VALIDATION_ALG:type=2, length=0
2026-02-12 14:11:22.449 [cefgetfile] WARNING: Unknown VALIDATION_ALG:type=2, length=0
2026-02-12 14:11:22.450 [cefgetfile] WARNING: Unknown VALIDATION_ALG:type=2, length=0
2026-02-12 14:11:22.452 [cefgetfile] WARNING: Unknown VALIDATION_ALG:type=2, length=0
2026-02-12 14:11:22.452 [cefgetfile] WARNING: Unknown VALIDATION_ALG:type=2, length=0
2026-02-12 14:11:22.453 [cefgetfile] WARNING: Unknown VALIDATION_ALG:type=2, length=0
2026-02-12 14:11:22.454 [cefgetfile] WARNING: Unknown VALIDATION_ALG:type=2, length=0
2026-02-12 14:11:22.457 [cefgetfile] WARNING: Unknown VALIDATION_ALG:type=2, length=0
2026-02-12 14:11:22.457 [cefgetfile] WARNING: Unknown VALIDATION_ALG:type=2, length=0
2026-02-12 14:11:22.458 [cefgetfile] WARNING: Unknown VALIDATION_ALG:type=2, length=0
2026-02-12 14:11:22.458 [cefgetfile] WARNING: Unknown VALIDATION_ALG:type=2, length=0
2026-02-12 14:11:22.462 [cefgetfile] WARNING: Unknown VALIDATION_ALG:type=2, length=0
2026-02-12 14:11:22.463 [cefgetfile] WARNING: Unknown VALIDATION_ALG:type=2, length=0
2026-02-12 14:11:22.463 [cefgetfile] WARNING: Unknown VALIDATION_ALG:type=2, length=0
2026-02-12 14:11:22.464 [cefgetfile] WARNING: Unknown VALIDATION_ALG:type=2, length=0
2026-02-12 14:11:22.464 [cefgetfile] WARNING: Unknown VALIDATION_ALG:type=2, length=0
2026-02-12 14:11:22.467 [cefgetfile] WARNING: Unknown VALIDATION_ALG:type=2, length=0
2026-02-12 14:11:22.468 [cefgetfile] WARNING: Unknown VALIDATION_ALG:type=2, length=0
2026-02-12 14:11:22.469 [cefgetfile] WARNING: Unknown VALIDATION_ALG:type=2, length=0
2026-02-12 14:11:22.470 [cefgetfile] WARNING: Unknown VALIDATION_ALG:type=2, length=0
2026-02-12 14:11:22.471 [cefgetfile] WARNING: Unknown VALIDATION_ALG:type=2, length=0
2026-02-12 14:11:22.473 [cefgetfile] WARNING: Unknown VALIDATION_ALG:type=2, length=0
2026-02-12 14:11:22.474 [cefgetfile] WARNING: Unknown VALIDATION_ALG:type=2, length=0
2026-02-12 14:11:22.475 [cefgetfile] WARNING: Unknown VALIDATION_ALG:type=2, length=0
2026-02-12 14:11:22.475 [cefgetfile] WARNING: Unknown VALIDATION_ALG:type=2, length=0
2026-02-12 14:11:22.476 [cefgetfile] WARNING: Unknown VALIDATION_ALG:type=2, length=0
2026-02-12 14:11:22.477 [cefgetfile] WARNING: Unknown VALIDATION_ALG:type=2, length=0
2026-02-12 14:11:22.478 [cefgetfile] WARNING: Unknown VALIDATION_ALG:type=2, length=0
2026-02-12 14:11:22.479 [cefgetfile] WARNING: Unknown VALIDATION_ALG:type=2, length=0
2026-02-12 14:11:22.480 [cefgetfile] WARNING: Unknown VALIDATION_ALG:type=2, length=0
2026-02-12 14:11:22.481 [cefgetfile] WARNING: Unknown VALIDATION_ALG:type=2, length=0
2026-02-12 14:11:22.482 [cefgetfile] WARNING: Unknown VALIDATION_ALG:type=2, length=0
2026-02-12 14:11:22.483 [cefgetfile] WARNING: Unknown VALIDATION_ALG:type=2, length=0
2026-02-12 14:11:22.484 [cefgetfile] WARNING: Unknown VALIDATION_ALG:type=2, length=0
2026-02-12 14:11:22.485 [cefgetfile] WARNING: Unknown VALIDATION_ALG:type=2, length=0
2026-02-12 14:11:22.485 [cefgetfile] WARNING: Unknown VALIDATION_ALG:type=2, length=0
2026-02-12 14:11:22.485 [cefgetfile] WARNING: Unknown VALIDATION_ALG:type=2, length=0
2026-02-12 14:11:22.486 [cefgetfile] WARNING: Unknown VALIDATION_ALG:type=2, length=0
2026-02-12 14:11:22.489 [cefgetfile] WARNING: Unknown VALIDATION_ALG:type=2, length=0
2026-02-12 14:11:22.490 [cefgetfile] WARNING: Unknown VALIDATION_ALG:type=2, length=0
2026-02-12 14:11:22.490 [cefgetfile] WARNING: Unknown VALIDATION_ALG:type=2, length=0
2026-02-12 14:11:22.491 [cefgetfile] WARNING: Unknown VALIDATION_ALG:type=2, length=0
2026-02-12 14:11:22.493 [cefgetfile] WARNING: Unknown VALIDATION_ALG:type=2, length=0
2026-02-12 14:11:22.493 [cefgetfile] WARNING: Unknown VALIDATION_ALG:type=2, length=0
2026-02-12 14:11:22.494 [cefgetfile] WARNING: Unknown VALIDATION_ALG:type=2, length=0
2026-02-12 14:11:22.495 [cefgetfile] WARNING: Unknown VALIDATION_ALG:type=2, length=0
2026-02-12 14:11:22.497 [cefgetfile] WARNING: Unknown VALIDATION_ALG:type=2, length=0
2026-02-12 14:11:22.497 [cefgetfile] WARNING: Unknown VALIDATION_ALG:type=2, length=0
2026-02-12 14:11:22.498 [cefgetfile] WARNING: Unknown VALIDATION_ALG:type=2, length=0
2026-02-12 14:11:22.499 [cefgetfile] WARNING: Unknown VALIDATION_ALG:type=2, length=0
2026-02-12 14:11:22.501 [cefgetfile] WARNING: Unknown VALIDATION_ALG:type=2, length=0
2026-02-12 14:11:22.502 [cefgetfile] WARNING: Unknown VALIDATION_ALG:type=2, length=0
2026-02-12 14:11:22.502 [cefgetfile] WARNING: Unknown VALIDATION_ALG:type=2, length=0
2026-02-12 14:11:22.503 [cefgetfile] WARNING: Unknown VALIDATION_ALG:type=2, length=0
2026-02-12 14:11:22.505 [cefgetfile] WARNING: Unknown VALIDATION_ALG:type=2, length=0
2026-02-12 14:11:22.506 [cefgetfile] WARNING: Unknown VALIDATION_ALG:type=2, length=0
2026-02-12 14:11:22.506 [cefgetfile] WARNING: Unknown VALIDATION_ALG:type=2, length=0
2026-02-12 14:11:22.507 [cefgetfile] WARNING: Unknown VALIDATION_ALG:type=2, length=0
2026-02-12 14:11:22.508 [cefgetfile] WARNING: Unknown VALIDATION_ALG:type=2, length=0
2026-02-12 14:11:22.509 [cefgetfile] WARNING: Unknown VALIDATION_ALG:type=2, length=0
2026-02-12 14:11:22.510 [cefgetfile] WARNING: Unknown VALIDATION_ALG:type=2, length=0
2026-02-12 14:11:22.511 [cefgetfile] WARNING: Unknown VALIDATION_ALG:type=2, length=0
2026-02-12 14:11:22.512 [cefgetfile] WARNING: Unknown VALIDATION_ALG:type=2, length=0
2026-02-12 14:11:22.513 [cefgetfile] WARNING: Unknown VALIDATION_ALG:type=2, length=0
2026-02-12 14:11:22.514 [cefgetfile] WARNING: Unknown VALIDATION_ALG:type=2, length=0
2026-02-12 14:11:22.515 [cefgetfile] WARNING: Unknown VALIDATION_ALG:type=2, length=0
2026-02-12 14:11:22.516 [cefgetfile] WARNING: Unknown VALIDATION_ALG:type=2, length=0
2026-02-12 14:11:22.518 [cefgetfile] WARNING: Unknown VALIDATION_ALG:type=2, length=0
2026-02-12 14:11:22.520 [cefgetfile] WARNING: Unknown VALIDATION_ALG:type=2, length=0
2026-02-12 14:11:22.520 [cefgetfile] WARNING: Unknown VALIDATION_ALG:type=2, length=0
2026-02-12 14:11:22.521 [cefgetfile] WARNING: Unknown VALIDATION_ALG:type=2, length=0
2026-02-12 14:11:22.523 [cefgetfile] WARNING: Unknown VALIDATION_ALG:type=2, length=0
2026-02-12 14:11:22.524 [cefgetfile] WARNING: Unknown VALIDATION_ALG:type=2, length=0
2026-02-12 14:11:22.526 [cefgetfile] WARNING: Unknown VALIDATION_ALG:type=2, length=0
2026-02-12 14:11:22.526 [cefgetfile] WARNING: Unknown VALIDATION_ALG:type=2, length=0
2026-02-12 14:11:22.527 [cefgetfile] WARNING: Unknown VALIDATION_ALG:type=2, length=0
2026-02-12 14:11:22.529 [cefgetfile] WARNING: Unknown VALIDATION_ALG:type=2, length=0
2026-02-12 14:11:22.530 [cefgetfile] WARNING: Unknown VALIDATION_ALG:type=2, length=0
2026-02-12 14:11:22.530 [cefgetfile] WARNING: Unknown VALIDATION_ALG:type=2, length=0
2026-02-12 14:11:22.532 [cefgetfile] WARNING: Unknown VALIDATION_ALG:type=2, length=0
2026-02-12 14:11:22.533 [cefgetfile] WARNING: Unknown VALIDATION_ALG:type=2, length=0
2026-02-12 14:11:22.533 [cefgetfile] WARNING: Unknown VALIDATION_ALG:type=2, length=0
2026-02-12 14:11:22.534 [cefgetfile] WARNING: Unknown VALIDATION_ALG:type=2, length=0
2026-02-12 14:11:22.536 [cefgetfile] WARNING: Unknown VALIDATION_ALG:type=2, length=0
2026-02-12 14:11:22.537 [cefgetfile] WARNING: Unknown VALIDATION_ALG:type=2, length=0
2026-02-12 14:11:22.537 [cefgetfile] WARNING: Unknown VALIDATION_ALG:type=2, length=0
2026-02-12 14:11:22.538 [cefgetfile] WARNING: Unknown VALIDATION_ALG:type=2, length=0
2026-02-12 14:11:22.539 [cefgetfile] WARNING: Unknown VALIDATION_ALG:type=2, length=0
2026-02-12 14:11:22.540 [cefgetfile] WARNING: Unknown VALIDATION_ALG:type=2, length=0
2026-02-12 14:11:22.541 [cefgetfile] WARNING: Unknown VALIDATION_ALG:type=2, length=0
2026-02-12 14:11:22.542 [cefgetfile] WARNING: Unknown VALIDATION_ALG:type=2, length=0
2026-02-12 14:11:22.543 [cefgetfile] WARNING: Unknown VALIDATION_ALG:type=2, length=0
2026-02-12 14:11:22.543 [cefgetfile] WARNING: Unknown VALIDATION_ALG:type=2, length=0
2026-02-12 14:11:22.546 [cefgetfile] WARNING: Unknown VALIDATION_ALG:type=2, length=0
2026-02-12 14:11:22.547 [cefgetfile] WARNING: Unknown VALIDATION_ALG:type=2, length=0
2026-02-12 14:11:22.548 [cefgetfile] WARNING: Unknown VALIDATION_ALG:type=2, length=0
2026-02-12 14:11:22.548 [cefgetfile] WARNING: Unknown VALIDATION_ALG:type=2, length=0
2026-02-12 14:11:22.550 [cefgetfile] WARNING: Unknown VALIDATION_ALG:type=2, length=0
2026-02-12 14:11:22.552 [cefgetfile] WARNING: Unknown VALIDATION_ALG:type=2, length=0
2026-02-12 14:11:22.553 [cefgetfile] WARNING: Unknown VALIDATION_ALG:type=2, length=0
2026-02-12 14:11:22.554 [cefgetfile] WARNING: Unknown VALIDATION_ALG:type=2, length=0
2026-02-12 14:11:22.555 [cefgetfile] WARNING: Unknown VALIDATION_ALG:type=2, length=0
2026-02-12 14:11:22.555 [cefgetfile] WARNING: Unknown VALIDATION_ALG:type=2, length=0
2026-02-12 14:11:22.558 [cefgetfile] WARNING: Unknown VALIDATION_ALG:type=2, length=0
2026-02-12 14:11:22.559 [cefgetfile] WARNING: Unknown VALIDATION_ALG:type=2, length=0
2026-02-12 14:11:22.559 [cefgetfile] WARNING: Unknown VALIDATION_ALG:type=2, length=0
2026-02-12 14:11:22.560 [cefgetfile] WARNING: Unknown VALIDATION_ALG:type=2, length=0
2026-02-12 14:11:22.563 [cefgetfile] WARNING: Unknown VALIDATION_ALG:type=2, length=0
2026-02-12 14:11:22.564 [cefgetfile] WARNING: Unknown VALIDATION_ALG:type=2, length=0
2026-02-12 14:11:22.564 [cefgetfile] WARNING: Unknown VALIDATION_ALG:type=2, length=0
2026-02-12 14:11:22.565 [cefgetfile] WARNING: Unknown VALIDATION_ALG:type=2, length=0
2026-02-12 14:11:22.567 [cefgetfile] WARNING: Unknown VALIDATION_ALG:type=2, length=0
2026-02-12 14:11:22.567 [cefgetfile] WARNING: Unknown VALIDATION_ALG:type=2, length=0
2026-02-12 14:11:22.568 [cefgetfile] WARNING: Unknown VALIDATION_ALG:type=2, length=0
2026-02-12 14:11:22.569 [cefgetfile] WARNING: Unknown VALIDATION_ALG:type=2, length=0
2026-02-12 14:11:22.571 [cefgetfile] WARNING: Unknown VALIDATION_ALG:type=2, length=0
2026-02-12 14:11:22.572 [cefgetfile] WARNING: Unknown VALIDATION_ALG:type=2, length=0
2026-02-12 14:11:22.573 [cefgetfile] WARNING: Unknown VALIDATION_ALG:type=2, length=0
2026-02-12 14:11:22.573 [cefgetfile] WARNING: Unknown VALIDATION_ALG:type=2, length=0
2026-02-12 14:11:22.574 [cefgetfile] WARNING: Unknown VALIDATION_ALG:type=2, length=0
2026-02-12 14:11:22.577 [cefgetfile] WARNING: Unknown VALIDATION_ALG:type=2, length=0
2026-02-12 14:11:22.577 [cefgetfile] WARNING: Unknown VALIDATION_ALG:type=2, length=0
2026-02-12 14:11:22.578 [cefgetfile] WARNING: Unknown VALIDATION_ALG:type=2, length=0
2026-02-12 14:11:22.579 [cefgetfile] WARNING: Unknown VALIDATION_ALG:type=2, length=0
2026-02-12 14:11:22.582 [cefgetfile] WARNING: Unknown VALIDATION_ALG:type=2, length=0
2026-02-12 14:11:22.583 [cefgetfile] WARNING: Unknown VALIDATION_ALG:type=2, length=0
2026-02-12 14:11:22.584 [cefgetfile] WARNING: Unknown VALIDATION_ALG:type=2, length=0
2026-02-12 14:11:22.584 [cefgetfile] WARNING: Unknown VALIDATION_ALG:type=2, length=0
2026-02-12 14:11:22.586 [cefgetfile] WARNING: Unknown VALIDATION_ALG:type=2, length=0
2026-02-12 14:11:22.587 [cefgetfile] WARNING: Unknown VALIDATION_ALG:type=2, length=0
2026-02-12 14:11:22.588 [cefgetfile] WARNING: Unknown VALIDATION_ALG:type=2, length=0
2026-02-12 14:11:22.589 [cefgetfile] WARNING: Unknown VALIDATION_ALG:type=2, length=0
2026-02-12 14:11:22.590 [cefgetfile] WARNING: Unknown VALIDATION_ALG:type=2, length=0
2026-02-12 14:11:22.592 [cefgetfile] WARNING: Unknown VALIDATION_ALG:type=2, length=0
2026-02-12 14:11:22.593 [cefgetfile] WARNING: Unknown VALIDATION_ALG:type=2, length=0
2026-02-12 14:11:22.594 [cefgetfile] WARNING: Unknown VALIDATION_ALG:type=2, length=0
2026-02-12 14:11:22.594 [cefgetfile] WARNING: Unknown VALIDATION_ALG:type=2, length=0
2026-02-12 14:11:22.595 [cefgetfile] WARNING: Unknown VALIDATION_ALG:type=2, length=0
2026-02-12 14:11:22.596 [cefgetfile] WARNING: Unknown VALIDATION_ALG:type=2, length=0
2026-02-12 14:11:22.596 [cefgetfile] WARNING: Unknown VALIDATION_ALG:type=2, length=0
2026-02-12 14:11:22.598 [cefgetfile] WARNING: Unknown VALIDATION_ALG:type=2, length=0
2026-02-12 14:11:22.599 [cefgetfile] WARNING: Unknown VALIDATION_ALG:type=2, length=0
2026-02-12 14:11:22.599 [cefgetfile] WARNING: Unknown VALIDATION_ALG:type=2, length=0
2026-02-12 14:11:22.601 [cefgetfile] WARNING: Unknown VALIDATION_ALG:type=2, length=0
2026-02-12 14:11:22.603 [cefgetfile] WARNING: Unknown VALIDATION_ALG:type=2, length=0
2026-02-12 14:11:22.604 [cefgetfile] WARNING: Unknown VALIDATION_ALG:type=2, length=0
2026-02-12 14:11:22.605 [cefgetfile] WARNING: Unknown VALIDATION_ALG:type=2, length=0
2026-02-12 14:11:22.605 [cefgetfile] WARNING: Unknown VALIDATION_ALG:type=2, length=0
2026-02-12 14:11:22.606 [cefgetfile] WARNING: Unknown VALIDATION_ALG:type=2, length=0
2026-02-12 14:11:22.606 [cefgetfile] WARNING: Unknown VALIDATION_ALG:type=2, length=0
2026-02-12 14:11:22.608 [cefgetfile] WARNING: Unknown VALIDATION_ALG:type=2, length=0
2026-02-12 14:11:22.609 [cefgetfile] WARNING: Unknown VALIDATION_ALG:type=2, length=0
2026-02-12 14:11:22.610 [cefgetfile] WARNING: Unknown VALIDATION_ALG:type=2, length=0
2026-02-12 14:11:22.611 [cefgetfile] WARNING: Unknown VALIDATION_ALG:type=2, length=0
2026-02-12 14:11:22.611 [cefgetfile] WARNING: Unknown VALIDATION_ALG:type=2, length=0
2026-02-12 14:11:22.615 [cefgetfile] WARNING: Unknown VALIDATION_ALG:type=2, length=0
2026-02-12 14:11:22.615 [cefgetfile] WARNING: Unknown VALIDATION_ALG:type=2, length=0
2026-02-12 14:11:22.617 [cefgetfile] WARNING: Unknown VALIDATION_ALG:type=2, length=0
2026-02-12 14:11:22.618 [cefgetfile] WARNING: Unknown VALIDATION_ALG:type=2, length=0
2026-02-12 14:11:22.619 [cefgetfile] WARNING: Unknown VALIDATION_ALG:type=2, length=0
2026-02-12 14:11:22.620 [cefgetfile] WARNING: Unknown VALIDATION_ALG:type=2, length=0
2026-02-12 14:11:22.621 [cefgetfile] WARNING: Unknown VALIDATION_ALG:type=2, length=0
2026-02-12 14:11:22.621 [cefgetfile] WARNING: Unknown VALIDATION_ALG:type=2, length=0
2026-02-12 14:11:22.624 [cefgetfile] WARNING: Unknown VALIDATION_ALG:type=2, length=0
2026-02-12 14:11:22.625 [cefgetfile] WARNING: Unknown VALIDATION_ALG:type=2, length=0
2026-02-12 14:11:22.625 [cefgetfile] WARNING: Unknown VALIDATION_ALG:type=2, length=0
2026-02-12 14:11:22.626 [cefgetfile] WARNING: Unknown VALIDATION_ALG:type=2, length=0
2026-02-12 14:11:22.627 [cefgetfile] WARNING: Unknown VALIDATION_ALG:type=2, length=0
2026-02-12 14:11:22.628 [cefgetfile] WARNING: Unknown VALIDATION_ALG:type=2, length=0
2026-02-12 14:11:22.629 [cefgetfile] WARNING: Unknown VALIDATION_ALG:type=2, length=0
2026-02-12 14:11:22.630 [cefgetfile] WARNING: Unknown VALIDATION_ALG:type=2, length=0
2026-02-12 14:11:22.631 [cefgetfile] WARNING: Unknown VALIDATION_ALG:type=2, length=0
2026-02-12 14:11:22.632 [cefgetfile] WARNING: Unknown VALIDATION_ALG:type=2, length=0
2026-02-12 14:11:22.633 [cefgetfile] WARNING: Unknown VALIDATION_ALG:type=2, length=0
2026-02-12 14:11:22.634 [cefgetfile] WARNING: Unknown VALIDATION_ALG:type=2, length=0
2026-02-12 14:11:22.635 [cefgetfile] WARNING: Unknown VALIDATION_ALG:type=2, length=0
2026-02-12 14:11:22.635 [cefgetfile] WARNING: Unknown VALIDATION_ALG:type=2, length=0
2026-02-12 14:11:22.636 [cefgetfile] WARNING: Unknown VALIDATION_ALG:type=2, length=0
2026-02-12 14:11:22.637 [cefgetfile] WARNING: Unknown VALIDATION_ALG:type=2, length=0
2026-02-12 14:11:22.639 [cefgetfile] WARNING: Unknown VALIDATION_ALG:type=2, length=0
2026-02-12 14:11:22.639 [cefgetfile] WARNING: Unknown VALIDATION_ALG:type=2, length=0
2026-02-12 14:11:22.640 [cefgetfile] WARNING: Unknown VALIDATION_ALG:type=2, length=0
2026-02-12 14:11:22.642 [cefgetfile] WARNING: Unknown VALIDATION_ALG:type=2, length=0
2026-02-12 14:11:22.643 [cefgetfile] WARNING: Unknown VALIDATION_ALG:type=2, length=0
2026-02-12 14:11:22.644 [cefgetfile] WARNING: Unknown VALIDATION_ALG:type=2, length=0
2026-02-12 14:11:22.645 [cefgetfile] WARNING: Unknown VALIDATION_ALG:type=2, length=0
2026-02-12 14:11:22.646 [cefgetfile] WARNING: Unknown VALIDATION_ALG:type=2, length=0
2026-02-12 14:11:22.647 [cefgetfile] WARNING: Unknown VALIDATION_ALG:type=2, length=0
2026-02-12 14:11:22.648 [cefgetfile] WARNING: Unknown VALIDATION_ALG:type=2, length=0
2026-02-12 14:11:22.649 [cefgetfile] WARNING: Unknown VALIDATION_ALG:type=2, length=0
2026-02-12 14:11:22.650 [cefgetfile] WARNING: Unknown VALIDATION_ALG:type=2, length=0
2026-02-12 14:11:22.651 [cefgetfile] WARNING: Unknown VALIDATION_ALG:type=2, length=0
2026-02-12 14:11:22.651 [cefgetfile] WARNING: Unknown VALIDATION_ALG:type=2, length=0
2026-02-12 14:11:22.652 [cefgetfile] WARNING: Unknown VALIDATION_ALG:type=2, length=0
2026-02-12 14:11:22.653 [cefgetfile] WARNING: Unknown VALIDATION_ALG:type=2, length=0
2026-02-12 14:11:22.654 [cefgetfile] WARNING: Unknown VALIDATION_ALG:type=2, length=0
2026-02-12 14:11:22.655 [cefgetfile] WARNING: Unknown VALIDATION_ALG:type=2, length=0
2026-02-12 14:11:22.655 [cefgetfile] WARNING: Unknown VALIDATION_ALG:type=2, length=0
2026-02-12 14:11:22.656 [cefgetfile] WARNING: Unknown VALIDATION_ALG:type=2, length=0
2026-02-12 14:11:22.657 [cefgetfile] WARNING: Unknown VALIDATION_ALG:type=2, length=0
2026-02-12 14:11:22.658 [cefgetfile] WARNING: Unknown VALIDATION_ALG:type=2, length=0
2026-02-12 14:11:22.658 [cefgetfile] WARNING: Unknown VALIDATION_ALG:type=2, length=0
2026-02-12 14:11:22.660 [cefgetfile] WARNING: Unknown VALIDATION_ALG:type=2, length=0
2026-02-12 14:11:22.665 [cefgetfile] WARNING: Unknown VALIDATION_ALG:type=2, length=0
2026-02-12 14:11:22.666 [cefgetfile] WARNING: Unknown VALIDATION_ALG:type=2, length=0
2026-02-12 14:11:22.666 [cefgetfile] WARNING: Unknown VALIDATION_ALG:type=2, length=0
2026-02-12 14:11:22.667 [cefgetfile] WARNING: Unknown VALIDATION_ALG:type=2, length=0
2026-02-12 14:11:22.672 [cefgetfile] WARNING: Unknown VALIDATION_ALG:type=2, length=0
2026-02-12 14:11:22.672 [cefgetfile] WARNING: Unknown VALIDATION_ALG:type=2, length=0
2026-02-12 14:11:22.672 [cefgetfile] WARNING: Unknown VALIDATION_ALG:type=2, length=0
2026-02-12 14:11:22.673 [cefgetfile] WARNING: Unknown VALIDATION_ALG:type=2, length=0
2026-02-12 14:11:22.676 [cefgetfile] WARNING: Unknown VALIDATION_ALG:type=2, length=0
2026-02-12 14:11:22.676 [cefgetfile] WARNING: Unknown VALIDATION_ALG:type=2, length=0
2026-02-12 14:11:22.677 [cefgetfile] WARNING: Unknown VALIDATION_ALG:type=2, length=0
2026-02-12 14:11:22.679 [cefgetfile] WARNING: Unknown VALIDATION_ALG:type=2, length=0
2026-02-12 14:11:22.680 [cefgetfile] WARNING: Unknown VALIDATION_ALG:type=2, length=0
2026-02-12 14:11:22.680 [cefgetfile] WARNING: Unknown VALIDATION_ALG:type=2, length=0
2026-02-12 14:11:22.681 [cefgetfile] WARNING: Unknown VALIDATION_ALG:type=2, length=0
2026-02-12 14:11:22.684 [cefgetfile] WARNING: Unknown VALIDATION_ALG:type=2, length=0
2026-02-12 14:11:22.685 [cefgetfile] WARNING: Unknown VALIDATION_ALG:type=2, length=0
2026-02-12 14:11:22.686 [cefgetfile] WARNING: Unknown VALIDATION_ALG:type=2, length=0
2026-02-12 14:11:22.686 [cefgetfile] WARNING: Unknown VALIDATION_ALG:type=2, length=0
2026-02-12 14:11:22.689 [cefgetfile] WARNING: Unknown VALIDATION_ALG:type=2, length=0
2026-02-12 14:11:22.690 [cefgetfile] WARNING: Unknown VALIDATION_ALG:type=2, length=0
2026-02-12 14:11:22.690 [cefgetfile] WARNING: Unknown VALIDATION_ALG:type=2, length=0
2026-02-12 14:11:22.691 [cefgetfile] WARNING: Unknown VALIDATION_ALG:type=2, length=0
2026-02-12 14:11:22.694 [cefgetfile] WARNING: Unknown VALIDATION_ALG:type=2, length=0
2026-02-12 14:11:22.694 [cefgetfile] WARNING: Unknown VALIDATION_ALG:type=2, length=0
2026-02-12 14:11:22.695 [cefgetfile] WARNING: Unknown VALIDATION_ALG:type=2, length=0
2026-02-12 14:11:22.697 [cefgetfile] WARNING: Unknown VALIDATION_ALG:type=2, length=0
2026-02-12 14:11:22.697 [cefgetfile] WARNING: Unknown VALIDATION_ALG:type=2, length=0
2026-02-12 14:11:22.698 [cefgetfile] WARNING: Unknown VALIDATION_ALG:type=2, length=0
2026-02-12 14:11:22.698 [cefgetfile] WARNING: Unknown VALIDATION_ALG:type=2, length=0
2026-02-12 14:11:22.700 [cefgetfile] WARNING: Unknown VALIDATION_ALG:type=2, length=0
2026-02-12 14:11:22.700 [cefgetfile] WARNING: Unknown VALIDATION_ALG:type=2, length=0
2026-02-12 14:11:22.702 [cefgetfile] WARNING: Unknown VALIDATION_ALG:type=2, length=0
2026-02-12 14:11:22.704 [cefgetfile] WARNING: Unknown VALIDATION_ALG:type=2, length=0
2026-02-12 14:11:22.706 [cefgetfile] WARNING: Unknown VALIDATION_ALG:type=2, length=0
2026-02-12 14:11:22.706 [cefgetfile] WARNING: Unknown VALIDATION_ALG:type=2, length=0
2026-02-12 14:11:22.708 [cefgetfile] WARNING: Unknown VALIDATION_ALG:type=2, length=0
2026-02-12 14:11:22.709 [cefgetfile] WARNING: Unknown VALIDATION_ALG:type=2, length=0
2026-02-12 14:11:22.710 [cefgetfile] WARNING: Unknown VALIDATION_ALG:type=2, length=0
2026-02-12 14:11:22.711 [cefgetfile] WARNING: Unknown VALIDATION_ALG:type=2, length=0
2026-02-12 14:11:22.712 [cefgetfile] WARNING: Unknown VALIDATION_ALG:type=2, length=0
2026-02-12 14:11:22.713 [cefgetfile] WARNING: Unknown VALIDATION_ALG:type=2, length=0
2026-02-12 14:11:22.714 [cefgetfile] WARNING: Unknown VALIDATION_ALG:type=2, length=0
2026-02-12 14:11:22.715 [cefgetfile] WARNING: Unknown VALIDATION_ALG:type=2, length=0
2026-02-12 14:11:22.716 [cefgetfile] WARNING: Unknown VALIDATION_ALG:type=2, length=0
2026-02-12 14:11:22.717 [cefgetfile] WARNING: Unknown VALIDATION_ALG:type=2, length=0
2026-02-12 14:11:22.719 [cefgetfile] WARNING: Unknown VALIDATION_ALG:type=2, length=0
2026-02-12 14:11:22.719 [cefgetfile] WARNING: Unknown VALIDATION_ALG:type=2, length=0
2026-02-12 14:11:22.720 [cefgetfile] WARNING: Unknown VALIDATION_ALG:type=2, length=0
2026-02-12 14:11:22.721 [cefgetfile] WARNING: Unknown VALIDATION_ALG:type=2, length=0
2026-02-12 14:11:22.724 [cefgetfile] WARNING: Unknown VALIDATION_ALG:type=2, length=0
2026-02-12 14:11:22.725 [cefgetfile] WARNING: Unknown VALIDATION_ALG:type=2, length=0
2026-02-12 14:11:22.726 [cefgetfile] WARNING: Unknown VALIDATION_ALG:type=2, length=0
2026-02-12 14:11:22.726 [cefgetfile] WARNING: Unknown VALIDATION_ALG:type=2, length=0
2026-02-12 14:11:22.730 [cefgetfile] WARNING: Unknown VALIDATION_ALG:type=2, length=0
2026-02-12 14:11:22.730 [cefgetfile] WARNING: Unknown VALIDATION_ALG:type=2, length=0
2026-02-12 14:11:22.731 [cefgetfile] WARNING: Unknown VALIDATION_ALG:type=2, length=0
2026-02-12 14:11:22.732 [cefgetfile] WARNING: Unknown VALIDATION_ALG:type=2, length=0
2026-02-12 14:11:22.734 [cefgetfile] WARNING: Unknown VALIDATION_ALG:type=2, length=0
2026-02-12 14:11:22.734 [cefgetfile] WARNING: Unknown VALIDATION_ALG:type=2, length=0
2026-02-12 14:11:22.735 [cefgetfile] WARNING: Unknown VALIDATION_ALG:type=2, length=0
2026-02-12 14:11:22.737 [cefgetfile] WARNING: Unknown VALIDATION_ALG:type=2, length=0
2026-02-12 14:11:22.738 [cefgetfile] WARNING: Unknown VALIDATION_ALG:type=2, length=0
2026-02-12 14:11:22.739 [cefgetfile] WARNING: Unknown VALIDATION_ALG:type=2, length=0
2026-02-12 14:11:22.741 [cefgetfile] WARNING: Unknown VALIDATION_ALG:type=2, length=0
2026-02-12 14:11:22.741 [cefgetfile] WARNING: Unknown VALIDATION_ALG:type=2, length=0
2026-02-12 14:11:22.742 [cefgetfile] WARNING: Unknown VALIDATION_ALG:type=2, length=0
2026-02-12 14:11:22.742 [cefgetfile] WARNING: Unknown VALIDATION_ALG:type=2, length=0
2026-02-12 14:11:22.745 [cefgetfile] WARNING: Unknown VALIDATION_ALG:type=2, length=0
2026-02-12 14:11:22.746 [cefgetfile] WARNING: Unknown VALIDATION_ALG:type=2, length=0
2026-02-12 14:11:22.747 [cefgetfile] WARNING: Unknown VALIDATION_ALG:type=2, length=0
2026-02-12 14:11:22.747 [cefgetfile] WARNING: Unknown VALIDATION_ALG:type=2, length=0
2026-02-12 14:11:22.748 [cefgetfile] WARNING: Unknown VALIDATION_ALG:type=2, length=0
2026-02-12 14:11:22.748 [cefgetfile] WARNING: Unknown VALIDATION_ALG:type=2, length=0
2026-02-12 14:11:22.751 [cefgetfile] WARNING: Unknown VALIDATION_ALG:type=2, length=0
2026-02-12 14:11:22.751 [cefgetfile] WARNING: Unknown VALIDATION_ALG:type=2, length=0
2026-02-12 14:11:22.753 [cefgetfile] WARNING: Unknown VALIDATION_ALG:type=2, length=0
2026-02-12 14:11:22.753 [cefgetfile] WARNING: Unknown VALIDATION_ALG:type=2, length=0
2026-02-12 14:11:22.754 [cefgetfile] WARNING: Unknown VALIDATION_ALG:type=2, length=0
2026-02-12 14:11:22.754 [cefgetfile] WARNING: Unknown VALIDATION_ALG:type=2, length=0
2026-02-12 14:11:22.757 [cefgetfile] WARNING: Unknown VALIDATION_ALG:type=2, length=0
2026-02-12 14:11:22.758 [cefgetfile] WARNING: Unknown VALIDATION_ALG:type=2, length=0
2026-02-12 14:11:22.758 [cefgetfile] WARNING: Unknown VALIDATION_ALG:type=2, length=0
2026-02-12 14:11:22.758 [cefgetfile] WARNING: Unknown VALIDATION_ALG:type=2, length=0
2026-02-12 14:11:22.760 [cefgetfile] WARNING: Unknown VALIDATION_ALG:type=2, length=0
2026-02-12 14:11:22.761 [cefgetfile] WARNING: Unknown VALIDATION_ALG:type=2, length=0
2026-02-12 14:11:22.762 [cefgetfile] WARNING: Unknown VALIDATION_ALG:type=2, length=0
2026-02-12 14:11:22.762 [cefgetfile] WARNING: Unknown VALIDATION_ALG:type=2, length=0
2026-02-12 14:11:22.765 [cefgetfile] WARNING: Unknown VALIDATION_ALG:type=2, length=0
2026-02-12 14:11:22.765 [cefgetfile] WARNING: Unknown VALIDATION_ALG:type=2, length=0
2026-02-12 14:11:22.765 [cefgetfile] WARNING: Unknown VALIDATION_ALG:type=2, length=0
2026-02-12 14:11:22.767 [cefgetfile] WARNING: Unknown VALIDATION_ALG:type=2, length=0
2026-02-12 14:11:22.768 [cefgetfile] WARNING: Unknown VALIDATION_ALG:type=2, length=0
2026-02-12 14:11:22.769 [cefgetfile] WARNING: Unknown VALIDATION_ALG:type=2, length=0
2026-02-12 14:11:22.769 [cefgetfile] WARNING: Unknown VALIDATION_ALG:type=2, length=0
2026-02-12 14:11:22.771 [cefgetfile] WARNING: Unknown VALIDATION_ALG:type=2, length=0
2026-02-12 14:11:22.771 [cefgetfile] WARNING: Unknown VALIDATION_ALG:type=2, length=0
2026-02-12 14:11:22.772 [cefgetfile] WARNING: Unknown VALIDATION_ALG:type=2, length=0
2026-02-12 14:11:22.772 [cefgetfile] WARNING: Unknown VALIDATION_ALG:type=2, length=0
2026-02-12 14:11:22.774 [cefgetfile] WARNING: Unknown VALIDATION_ALG:type=2, length=0
2026-02-12 14:11:22.775 [cefgetfile] WARNING: Unknown VALIDATION_ALG:type=2, length=0
2026-02-12 14:11:22.776 [cefgetfile] WARNING: Unknown VALIDATION_ALG:type=2, length=0
2026-02-12 14:11:22.777 [cefgetfile] WARNING: Unknown VALIDATION_ALG:type=2, length=0
2026-02-12 14:11:22.778 [cefgetfile] WARNING: Unknown VALIDATION_ALG:type=2, length=0
2026-02-12 14:11:22.778 [cefgetfile] WARNING: Unknown VALIDATION_ALG:type=2, length=0
2026-02-12 14:11:22.779 [cefgetfile] WARNING: Unknown VALIDATION_ALG:type=2, length=0
2026-02-12 14:11:22.780 [cefgetfile] WARNING: Unknown VALIDATION_ALG:type=2, length=0
2026-02-12 14:11:22.782 [cefgetfile] WARNING: Unknown VALIDATION_ALG:type=2, length=0
2026-02-12 14:11:22.783 [cefgetfile] WARNING: Unknown VALIDATION_ALG:type=2, length=0
2026-02-12 14:11:22.783 [cefgetfile] WARNING: Unknown VALIDATION_ALG:type=2, length=0
2026-02-12 14:11:22.784 [cefgetfile] WARNING: Unknown VALIDATION_ALG:type=2, length=0
2026-02-12 14:11:22.785 [cefgetfile] WARNING: Unknown VALIDATION_ALG:type=2, length=0
2026-02-12 14:11:22.786 [cefgetfile] WARNING: Unknown VALIDATION_ALG:type=2, length=0
2026-02-12 14:11:22.787 [cefgetfile] WARNING: Unknown VALIDATION_ALG:type=2, length=0
2026-02-12 14:11:22.787 [cefgetfile] WARNING: Unknown VALIDATION_ALG:type=2, length=0
2026-02-12 14:11:22.788 [cefgetfile] WARNING: Unknown VALIDATION_ALG:type=2, length=0
2026-02-12 14:11:22.789 [cefgetfile] WARNING: Unknown VALIDATION_ALG:type=2, length=0
2026-02-12 14:11:22.789 [cefgetfile] WARNING: Unknown VALIDATION_ALG:type=2, length=0
2026-02-12 14:11:22.790 [cefgetfile] WARNING: Unknown VALIDATION_ALG:type=2, length=0
2026-02-12 14:11:22.791 [cefgetfile] WARNING: Unknown VALIDATION_ALG:type=2, length=0
2026-02-12 14:11:22.792 [cefgetfile] WARNING: Unknown VALIDATION_ALG:type=2, length=0
2026-02-12 14:11:22.792 [cefgetfile] WARNING: Unknown VALIDATION_ALG:type=2, length=0
2026-02-12 14:11:22.792 [cefgetfile] WARNING: Unknown VALIDATION_ALG:type=2, length=0
2026-02-12 14:11:22.793 [cefgetfile] WARNING: Unknown VALIDATION_ALG:type=2, length=0
2026-02-12 14:11:22.794 [cefgetfile] WARNING: Unknown VALIDATION_ALG:type=2, length=0
2026-02-12 14:11:22.795 [cefgetfile] WARNING: Unknown VALIDATION_ALG:type=2, length=0
2026-02-12 14:11:22.795 [cefgetfile] WARNING: Unknown VALIDATION_ALG:type=2, length=0
2026-02-12 14:11:22.796 [cefgetfile] WARNING: Unknown VALIDATION_ALG:type=2, length=0
2026-02-12 14:11:22.797 [cefgetfile] WARNING: Unknown VALIDATION_ALG:type=2, length=0
2026-02-12 14:11:22.797 [cefgetfile] WARNING: Unknown VALIDATION_ALG:type=2, length=0
2026-02-12 14:11:22.798 [cefgetfile] WARNING: Unknown VALIDATION_ALG:type=2, length=0
2026-02-12 14:11:22.799 [cefgetfile] WARNING: Unknown VALIDATION_ALG:type=2, length=0
2026-02-12 14:11:22.799 [cefgetfile] WARNING: Unknown VALIDATION_ALG:type=2, length=0
2026-02-12 14:11:22.800 [cefgetfile] WARNING: Unknown VALIDATION_ALG:type=2, length=0
2026-02-12 14:11:22.800 [cefgetfile] WARNING: Unknown VALIDATION_ALG:type=2, length=0
2026-02-12 14:11:22.801 [cefgetfile] WARNING: Unknown VALIDATION_ALG:type=2, length=0
2026-02-12 14:11:22.801 [cefgetfile] WARNING: Unknown VALIDATION_ALG:type=2, length=0
2026-02-12 14:11:22.802 [cefgetfile] WARNING: Unknown VALIDATION_ALG:type=2, length=0
2026-02-12 14:11:22.802 [cefgetfile] WARNING: Unknown VALIDATION_ALG:type=2, length=0
2026-02-12 14:11:22.803 [cefgetfile] WARNING: Unknown VALIDATION_ALG:type=2, length=0
2026-02-12 14:11:22.803 [cefgetfile] WARNING: Unknown VALIDATION_ALG:type=2, length=0
2026-02-12 14:11:22.804 [cefgetfile] WARNING: Unknown VALIDATION_ALG:type=2, length=0
2026-02-12 14:11:22.804 [cefgetfile] WARNING: Unknown VALIDATION_ALG:type=2, length=0
2026-02-12 14:11:22.804 [cefgetfile] WARNING: Unknown VALIDATION_ALG:type=2, length=0
2026-02-12 14:11:22.805 [cefgetfile] WARNING: Unknown VALIDATION_ALG:type=2, length=0
2026-02-12 14:11:22.806 [cefgetfile] WARNING: Unknown VALIDATION_ALG:type=2, length=0
2026-02-12 14:11:22.806 [cefgetfile] WARNING: Unknown VALIDATION_ALG:type=2, length=0
2026-02-12 14:11:22.806 [cefgetfile] WARNING: Unknown VALIDATION_ALG:type=2, length=0
2026-02-12 14:11:22.807 [cefgetfile] WARNING: Unknown VALIDATION_ALG:type=2, length=0
2026-02-12 14:11:22.810 [cefgetfile] WARNING: Unknown VALIDATION_ALG:type=2, length=0
2026-02-12 14:11:22.810 [cefgetfile] WARNING: Unknown VALIDATION_ALG:type=2, length=0
2026-02-12 14:11:22.810 [cefgetfile] WARNING: Unknown VALIDATION_ALG:type=2, length=0
2026-02-12 14:11:22.811 [cefgetfile] WARNING: Unknown VALIDATION_ALG:type=2, length=0
2026-02-12 14:11:22.814 [cefgetfile] WARNING: Unknown VALIDATION_ALG:type=2, length=0
2026-02-12 14:11:22.814 [cefgetfile] WARNING: Unknown VALIDATION_ALG:type=2, length=0
2026-02-12 14:11:22.815 [cefgetfile] WARNING: Unknown VALIDATION_ALG:type=2, length=0
2026-02-12 14:11:22.815 [cefgetfile] WARNING: Unknown VALIDATION_ALG:type=2, length=0
2026-02-12 14:11:22.817 [cefgetfile] WARNING: Unknown VALIDATION_ALG:type=2, length=0
2026-02-12 14:11:22.818 [cefgetfile] WARNING: Unknown VALIDATION_ALG:type=2, length=0
2026-02-12 14:11:22.818 [cefgetfile] WARNING: Unknown VALIDATION_ALG:type=2, length=0
2026-02-12 14:11:22.818 [cefgetfile] WARNING: Unknown VALIDATION_ALG:type=2, length=0
[cefgetfile] Completed to get all the chunks.
[cefgetfile] Unconnect to cefnetd ... OK
[cefgetfile] Terminate
[cefgetfile] Rx Frames (All)           = 847
[cefgetfile] Rx Frames (ContentObject) = 847
[cefgetfile] Rx Bytes (All)            = 463882
[cefgetfile] Rx Bytes (ContentObject)  = 433390
[cefgetfile] Duration                  = 0.917 sec
[cefgetfile] Throughput                = 4052357 bps
[cefgetfile] Goodput                   = 3785987 bps
[cefgetfile] Jitter (Ave)              = 1081 us
[cefgetfile] Jitter (Max)              = 6104 us
[cefgetfile] Jitter (Var)              = 614401 us
