[cefgetfile] Start
[cefgetfile] Parsing parameters ...OK
2026-02-12 14:10:47.142 [cefgetfile] INFO: [client] Config directory is ./h1
2026-02-12 14:10:47.142 [cefgetfile] INFO: [client] Local Socket Name is /tmp/cef_9695.1
2026-02-12 14:10:47.142 [cefgetfile] INFO: [client] Listen Port is 9695
[cefgetfile] Init Cefore Client package ... OK
[cefgetfile] Conversion from URI into Name ... OK
[cefgetfile] Checking the output file ... OK
[cefgetfile] Connect to cefnetd ... OK
[cefgetfile] URI=ccnx:/video/stream/content1
[cefgetfile] Start sending Interests
2026-02-12 14:10:47.322 [cefgetfile] WARNING: Unknown VALIDATION_ALG:type=2, length=0
2026-02-12 14:10:47.325 [cefgetfile] WARNING: Unknown VALIDATION_ALG:type=2, length=0
2026-02-12 14:10:47.326 [cefgetfile] WARNING: Unknown VALIDATION_ALG:type=2, length=0
2026-02-12 14:10:47.327 [cefgetfile] WARNING: Unknown VALIDATION_ALG:type=2, length=0
2026-02-12 14:10:47.329 [cefgetfile] WARNING: Unknown VALIDATION_ALG:type=2, length=0
2026-02-12 14:10:47.329 [cefgetfile] WARNING: Unknown VALIDATION_ALG:type=2, length=0
2026-02-12 14:10:47.330 [cefgetfile] WARNING: Unknown VALIDATION_ALG:type=2, length=0
2026-02-12 14:10:47.332 [cefgetfile] WARNING: Unknown VALIDATION_ALG:type=2, length=0
2026-02-12 14:10:47.333 [cefgetfile] WARNING: Unknown VALIDATION_ALG:type=2, length=0
2026-02-12 14:10:47.334 [cefgetfile] WARNING: Unknown VALIDATION_ALG:type=2, length=0
2026-02-12 14:10:47.334 [cefgetfile] WARNING: Unknown VALIDATION_ALG:type=2, length=0
2026-02-12 14:10:47.335 [cefgetfile] WARNING: Unknown VALIDATION_ALG:type=2, length=0
2026-02-12 14:10:47.337 [cefgetfile] WARNING: Unknown VALIDATION_ALG:type=2, length=0
2026-02-12 14:10:47.338 [cefgetfile] WARNING: Unknown VALIDATION_ALG:type=2, length=0
2026-02-12 14:10:47.338 [cefgetfile] WARNING: Unknown VALIDATION_ALG:type=2, length=0
2026-02-12 14:10:47.339 [cefgetfile] WARNING: Unknown VALIDATION_ALG:type=2, length=0
2026-02-12 14:10:47.339 [cefgetfile] WARNING: Unknown VALIDATION_ALG:type=2, length=0
2026-02-12 14:10:47.340 [cefgetfile] WARNING: Unknown VALIDATION_ALG:type=2, length=0
2026-02-12 14:10:47.341 [cefgetfile] WARNING: Unknown VALIDATION_ALG:type=2, length=0
2026-02-12 14:10:47.342 [cefgetfile] WARNING: Unknown VALIDATION_ALG:type=2, length=0
2026-02-12 14:10:47.342 [cefgetfile] WARNING: Unknown VALIDATION_ALG:type=2, length=0
2026-02-12 14:10:47.343 [cefgetfile] WARNING: Unknown VALIDATION_ALG:type=2, length=0
2026-02-12 14:10:47.344 [cefgetfile] WARNING: Unknown VALIDATION_ALG:type=2, length=0
2026-02-12 14:10:47.346 [cefgetfile] WARNING: Unknown VALIDATION_ALG:type=2, length=0
2026-02-12 14:10:47.347 [cefgetfile] WARNING: Unknown VALIDATION_ALG:type=2, length=0
2026-02-12 14:10:47.348 [cefgetfile] WARNING: Unknown VALIDATION_ALG:type=2, length=0
2026-02-12 14:10:47.349 [cefgetfile] WARNING: Unknown VALIDATION_ALG:type=2, length=0
2026-02-12 14:10:47.349 [cefgetfile] WARNING: Unknown VALIDATION_ALG:type=2, length=0
2026-02-12 14:10:47.350 [cefgetfile] WARNING: Unknown VALIDATION_ALG:type=2, length=0
2026-02-12 14:10:47.351 [cefgetfile] WARNING: Unknown VALIDATION_ALG:type=2, length=0
2026-02-12 14:10:47.352 [cefgetfile] WARNING: Unknown VALIDATION_ALG:type=2, length=0
2026-02-12 14:10:47.352 [cefgetfile] WARNING: Unknown VALIDATION_ALG:type=2, length=0
2026-02-12 14:10:47.356 [cefgetfile] WARNING: Unknown VALIDATION_ALG:type=2, length=0
2026-02-12 14:10:47.357 [cefgetfile] WARNING: Unknown VALIDATION_ALG:type=2, length=0
2026-02-12 14:10:47.357 [cefgetfile] WARNING: Unknown VALIDATION_ALG:type=2, length=0
2026-02-12 14:10:47.358 [cefgetfile] WARNING: Unknown VALIDATION_ALG:type=2, length=0
2026-02-12 14:10:47.359 [cefgetfile] WARNING: Unknown VALIDATION_ALG:type=2, length=0
2026-02-12 14:10:47.359 [cefgetfile] WARNING: Unknown VALIDATION_ALG:type=2, length=0
2026-02-12 14:10:47.360 [cefgetfile] WARNING: Unknown VALIDATION_ALG:type=2, length=0
2026-02-12 14:10:47.360 [cefgetfile] WARNING: Unknown VALIDATION_ALG:type=2, length=0
2026-02-12 14:10:47.361 [cefgetfile] WARNING: Unknown VALIDATION_ALG:type=2, length=0
2026-02-12 14:10:47.361 [cefgetfile] WARNING: Unknown VALIDATION_ALG:type=2, length=0
2026-02-12 14:10:47.365 [cefgetfile] WARNING: Unknown VALIDATION_ALG:type=2, length=0
2026-02-12 14:10:47.365 [cefgetfile] WARNING: Unknown VALIDATION_ALG:type=2, length=0
2026-02-12 14:10:47.365 [cefgetfile] WARNING: Unknown VALIDATION_ALG:type=2, length=0
2026-02-12 14:10:47.365 [cefgetfile] WARNING: Unknown VALIDATION_ALG:type=2, length=0
2026-02-12 14:10:47.366 [cefgetfile] WARNING: Unknown VALIDATION_ALG:type=2, length=0
2026-02-12 14:10:47.366 [cefgetfile] WARNING: Unknown VALIDATION_ALG:type=2, length=0
2026-02-12 14:10:47.367 [cefgetfile] WARNING: Unknown VALIDATION_ALG:type=2, length=0
2026-02-12 14:10:47.367 [cefgetfile] WARNING: Unknown VALIDATION_ALG:type=2, length=0
2026-02-12 14:10:47.367 [cefgetfile] WARNING: Unknown VALIDATION_ALG:type=2, length=0
2026-02-12 14:10:47.368 [cefgetfile] WARNING: Unknown VALIDATION_ALG:type=2, length=0
2026-02-12 14:10:47.368 [cefgetfile] WARNING: Unknown VALIDATION_ALG:type=2, length=0
2026-02-12 14:10:47.371 [cefgetfile] WARNING: Unknown VALIDATION_ALG:type=2, length=0
2026-02-12 14:10:47.372 [cefgetfile] WARNING: Unknown VALIDATION_ALG:type=2, length=0
2026-02-12 14:10:47.372 [cefgetfile] WARNING: Unknown VALIDATION_ALG:type=2, length=0
2026-02-12 14:10:47.372 [cefgetfile] WARNING: Unknown VALIDATION_ALG:type=2, length=0
2026-02-12 14:10:47.373 [cefgetfile] WARNING: Unknown VALIDATION_ALG:type=2, length=0
2026-02-12 14:10:47.373 [cefgetfile] WARNING: Unknown VALIDATION_ALG:type=2, length=0
2026-02-12 14:10:47.373 [cefgetfile] WARNING: Unknown VALIDATION_ALG:type=2, length=0
2026-02-12 14:10:47.374 [cefgetfile] WARNING: Unknown VALIDATION_ALG:type=2, length=0
2026-02-12 14:10:47.375 [cefgetfile] WARNING: Unknown VALIDATION_ALG:type=2, length=0
2026-02-12 14:10:47.375 [cefgetfile] WARNING: Unknown VALIDATION_ALG:type=2, length=0
2026-02-12 14:10:47.376 [cefgetfile] WARNING: Unknown VALIDATION_ALG:type=2, length=0
2026-02-12 14:10:47.377 [cefgetfile] WARNING: Unknown VALIDATION_ALG:type=2, length=0
2026-02-12 14:10:47.377 [cefgetfile] WARNING: Unknown VALIDATION_ALG:type=2, length=0
2026-02-12 14:10:47.380 [cefgetfile] WARNING: Unknown VALIDATION_ALG:type=2, length=0
2026-02-12 14:10:47.381 [cefgetfile] WARNING: Unknown VALIDATION_ALG:type=2, length=0
2026-02-12 14:10:47.381 [cefgetfile] WARNING: Unknown VALIDATION_ALG:type=2, length=0
2026-02-12 14:10:47.381 [cefgetfile] WARNING: Unknown VALIDATION_ALG:type=2, length=0
2026-02-12 14:10:47.382 [cefgetfile] WARNING: Unknown VALIDATION_ALG:type=2, length=0
2026-02-12 14:10:47.382 [cefgetfile] WARNING: Unknown VALIDATION_ALG:type=2, length=0
2026-02-12 14:10:47.383 [cefgetfile] WARNING: Unknown VALIDATION_ALG:type=2, length=0
2026-02-12 14:10:47.383 [cefgetfile] WARNING: Unknown VALIDATION_ALG:type=2, length=0
2026-02-12 14:10:47.383 [cefgetfile] WARNING: Unknown VALIDATION_ALG:type=2, length=0
2026-02-12 14:10:47.383 [cefgetfile] WARNING: Unknown VALIDATION_ALG:type=2, length=0
2026-02-12 14:10:47.384 [cefgetfile] WARNING: Unknown VALIDATION_ALG:type=2, length=0
2026-02-12 14:10:47.384 [cefgetfile] WARNING: Unknown VALIDATION_ALG:type=2, length=0
2026-02-12 14:10:47.384 [cefgetfile] WARNING: Unknown VALIDATION_ALG:type=2, length=0
2026-02-12 14:10:47.385 [cefgetfile] WARNING: Unknown VALIDATION_ALG:type=2, length=0
2026-02-12 14:10:47.385 [cefgetfile] WARNING: Unknown VALIDATION_ALG:type=2, length=0
2026-02-12 14:10:47.386 [cefgetfile] WARNING: Unknown VALIDATION_ALG:type=2, length=0
2026-02-12 14:10:47.389 [cefgetfile] WARNING: Unknown VALIDATION_ALG:type=2, length=0
2026-02-12 14:10:47.389 [cefgetfile] WARNING: Unknown VALIDATION_ALG:type=2, length=0
2026-02-12 14:10:47.390 [cefgetfile] WARNING: Unknown VALIDATION_ALG:type=2, length=0
2026-02-12 14:10:47.394 [cefgetfile] WARNING: Unknown VALIDATION_ALG:type=2, length=0
2026-02-12 14:10:47.395 [cefgetfile] WARNING: Unknown VALIDATION_ALG:type=2, length=0
2026-02-12 14:10:47.396 [cefgetfile] WARNING: Unknown VALIDATION_ALG:type=2, length=0
2026-02-12 14:10:47.396 [cefgetfile] WARNING: Unknown VALIDATION_ALG:type=2, length=0
2026-02-12 14:10:47.397 [cefgetfile] WARNING: Unknown VALIDATION_ALG:type=2, length=0
2026-02-12 14:10:47.397 [cefgetfile] WARNING: Unknown VALIDATION_ALG:type=2, length=0
2026-02-12 14:10:47.398 [cefgetfile] WARNING: Unknown VALIDATION_ALG:type=2, length=0
2026-02-12 14:10:47.399 [cefgetfile] WARNING: Unknown VALIDATION_ALG:type=2, length=0
2026-02-12 14:10:47.399 [cefgetfile] WARNING: Unknown VALIDATION_ALG:type=2, length=0
2026-02-12 14:10:47.400 [cefgetfile] WARNING: Unknown VALIDATION_ALG:type=2, length=0
2026-02-12 14:10:47.400 [cefgetfile] WARNING: Unknown VALIDATION_ALG:type=2, length=0
2026-02-12 14:10:47.401 [cefgetfile] WARNING: Unknown VALIDATION_ALG:type=2, length=0
2026-02-12 14:10:47.402 [cefgetfile] WARNING: Unknown VALIDATION_ALG:type=2, length=0
2026-02-12 14:10:47.407 [cefgetfile] WARNING: Unknown VALIDATION_ALG:type=2, length=0
2026-02-12 14:10:47.407 [cefgetfile] WARNING: Unknown VALIDATION_ALG:type=2, length=0
2026-02-12 14:10:47.407 [cefgetfile] WARNING: Unknown VALIDATION_ALG:type=2, length=0
2026-02-12 14:10:47.408 [cefgetfile] WARNING: Unknown VALIDATION_ALG:type=2, length=0
2026-02-12 14:10:47.408 [cefgetfile] WARNING: Unknown VALIDATION_ALG:type=2, length=0
2026-02-12 14:10:47.408 [cefgetfile] WARNING: Unknown VALIDATION_ALG:type=2, length=0
2026-02-12 14:10:47.408 [cefgetfile] WARNING: Unknown VALIDATION_ALG:type=2, length=0
2026-02-12 14:10:47.409 [cefgetfile] WARNING: Unknown VALIDATION_ALG:type=2, length=0
2026-02-12 14:10:47.409 [cefgetfile] WARNING: Unknown VALIDATION_ALG:type=2, length=0
2026-02-12 14:10:47.409 [cefgetfile] WARNING: Unknown VALIDATION_ALG:type=2, length=0
2026-02-12 14:10:47.410 [cefgetfile] WARNING: Unknown VALIDATION_ALG:type=2, length=0
2026-02-12 14:10:47.411 [cefgetfile] WARNING: Unknown VALIDATION_ALG:type=2, length=0
2026-02-12 14:10:47.411 [cefgetfile] WARNING: Unknown VALIDATION_ALG:type=2, length=0
2026-02-12 14:10:47.411 [cefgetfile] WARNING: Unknown VALIDATION_ALG:type=2, length=0
2026-02-12 14:10:47.412 [cefgetfile] WARNING: Unknown VALIDATION_ALG:type=2, length=0
2026-02-12 14:10:47.420 [cefgetfile] WARNING: Unknown VALIDATION_ALG:type=2, length=0
2026-02-12 14:10:47.421 [cefgetfile] WARNING: Unknown VALIDATION_ALG:type=2, length=0
2026-02-12 14:10:47.423 [cefgetfile] WARNING: Unknown VALIDATION_ALG:type=2, length=0
2026-02-12 14:10:47.423 [cefgetfile] WARNING: Unknown VALIDATION_ALG:type=2, length=0
2026-02-12 14:10:47.423 [cefgetfile] WARNING: Unknown VALIDATION_ALG:type=2, length=0
2026-02-12 14:10:47.424 [cefgetfile] WARNING: Unknown VALIDATION_ALG:type=2, length=0
2026-02-12 14:10:47.424 [cefgetfile] WARNING: Unknown VALIDATION_ALG:type=2, length=0
2026-02-12 14:10:47.424 [cefgetfile] WARNING: Unknown VALIDATION_ALG:type=2, length=0
2026-02-12 14:10:47.425 [cefgetfile] WARNING: Unknown VALIDATION_ALG:type=2, length=0
2026-02-12 14:10:47.425 [cefgetfile] WARNING: Unknown VALIDATION_ALG:type=2, length=0
2026-02-12 14:10:47.426 [cefgetfile] WARNING: Unknown VALIDATION_ALG:type=2, length=0
2026-02-12 14:10:47.426 [cefgetfile] WARNING: Unknown VALIDATION_ALG:type=2, length=0
2026-02-12 14:10:47.427 [cefgetfile] WARNING: Unknown VALIDATION_ALG:type=2, length=0
2026-02-12 14:10:47.428 [cefgetfile] WARNING: Unknown VALIDATION_ALG:type=2, length=0
2026-02-12 14:10:47.429 [cefgetfile] WARNING: Unknown VALIDATION_ALG:type=2, length=0
2026-02-12 14:10:47.429 [cefgetfile] WARNING: Unknown VALIDATION_ALG:type=2, length=0
2026-02-12 14:10:47.430 [cefgetfile] WARNING: Unknown VALIDATION_ALG:type=2, length=0
2026-02-12 14:10:47.430 [cefgetfile] WARNING: Unknown VALIDATION_ALG:type=2, length=0
2026-02-12 14:10:47.431 [cefgetfile] WARNING: Unknown VALIDATION_ALG:type=2, length=0
2026-02-12 14:10:47.432 [cefgetfile] WARNING: Unknown VALIDATION_ALG:type=2, length=0
2026-02-12 14:10:47.432 [cefgetfile] WARNING: Unknown VALIDATION_ALG:type=2, length=0
2026-02-12 14:10:47.433 [cefgetfile] WARNING: Unknown VALIDATION_ALG:type=2, length=0
2026-02-12 14:10:47.433 [cefgetfile] WARNING: Unknown VALIDATION_ALG:type=2, length=0
2026-02-12 14:10:47.433 [cefgetfile] WARNING: Unknown VALIDATION_ALG:type=2, length=0
2026-02-12 14:10:47.434 [cefgetfile] WARNING: Unknown VALIDATION_ALG:type=2, length=0
2026-02-12 14:10:47.434 [cefgetfile] WARNING: Unknown VALIDATION_ALG:type=2, length=0
2026-02-12 14:10:47.435 [cefgetfile] WARNING: Unknown VALIDATION_ALG:type=2, length=0
2026-02-12 14:10:47.435 [cefgetfile] WARNING: Unknown VALIDATION_ALG:type=2, length=0
2026-02-12 14:10:47.436 [cefgetfile] WARNING: Unknown VALIDATION_ALG:type=2, length=0
2026-02-12 14:10:47.436 [cefgetfile] WARNING: Unknown VALIDATION_ALG:type=2, length=0
2026-02-12 14:10:47.436 [cefgetfile] WARNING: Unknown VALIDATION_ALG:type=2, length=0
2026-02-12 14:10:47.437 [cefgetfile] WARNING: Unknown VALIDATION_ALG:type=2, length=0
2026-02-12 14:10:47.437 [cefgetfile] WARNING: Unknown VALIDATION_ALG:type=2, length=0
2026-02-12 14:10:47.438 [cefgetfile] WARNING: Unknown VALIDATION_ALG:type=2, length=0
2026-02-12 14:10:47.438 [cefgetfile] WARNING: Unknown VALIDATION_ALG:type=2, length=0
2026-02-12 14:10:47.447 [cefgetfile] WARNING: Unknown VALIDATION_ALG:type=2, length=0
2026-02-12 14:10:47.448 [cefgetfile] WARNING: Unknown VALIDATION_ALG:type=2, length=0
2026-02-12 14:10:47.448 [cefgetfile] WARNING: Unknown VALIDATION_ALG:type=2, length=0
2026-02-12 14:10:47.449 [cefgetfile] WARNING: Unknown VALIDATION_ALG:type=2, length=0
2026-02-12 14:10:47.449 [cefgetfile] WARNING: Unknown VALIDATION_ALG:type=2, length=0
2026-02-12 14:10:47.450 [cefgetfile] WARNING: Unknown VALIDATION_ALG:type=2, length=0
2026-02-12 14:10:47.450 [cefgetfile] WARNING: Unknown VALIDATION_ALG:type=2, length=0
2026-02-12 14:10:47.453 [cefgetfile] WARNING: Unknown VALIDATION_ALG:type=2, length=0
2026-02-12 14:10:47.453 [cefgetfile] WARNING: Unknown VALIDATION_ALG:type=2, length=0
2026-02-12 14:10:47.453 [cefgetfile] WARNING: Unknown VALIDATION_ALG:type=2, length=0
2026-02-12 14:10:47.453 [cefgetfile] WARNING: Unknown VALIDATION_ALG:type=2, length=0
2026-02-12 14:10:47.454 [cefgetfile] WARNING: Unknown VALIDATION_ALG:type=2, length=0
2026-02-12 14:10:47.454 [cefgetfile] WARNING: Unknown VALIDATION_ALG:type=2, length=0
2026-02-12 14:10:47.455 [cefgetfile] WARNING: Unknown VALIDATION_ALG:type=2, length=0
2026-02-12 14:10:47.455 [cefgetfile] WARNING: Unknown VALIDATION_ALG:type=2, length=0
2026-02-12 14:10:47.455 [cefgetfile] WARNING: Unknown VALIDATION_ALG:type=2, length=0
2026-02-12 14:10:47.456 [cefgetfile] WARNING: Unknown VALIDATION_ALG:type=2, length=0
2026-02-12 14:10:47.457 [cefgetfile] WARNING: Unknown VALIDATION_ALG:type=2, length=0
2026-02-12 14:10:47.457 [cefgetfile] WARNING: Unknown VALIDATION_ALG:type=2, length=0
2026-02-12 14:10:47.457 [cefgetfile] WARNING: Unknown VALIDATION_ALG:type=2, length=0
2026-02-12 14:10:47.458 [cefgetfile] WARNING: Unknown VALIDATION_ALG:type=2, length=0
2026-02-12 14:10:47.462 [cefgetfile] WARNING: Unknown VALIDATION_ALG:type=2, length=0
2026-02-12 14:10:47.462 [cefgetfile] WARNING: Unknown VALIDATION_ALG:type=2, length=0
2026-02-12 14:10:47.463 [cefgetfile] WARNING: Unknown VALIDATION_ALG:type=2, length=0
2026-02-12 14:10:47.463 [cefgetfile] WARNING: Unknown VALIDATION_ALG:type=2, length=0
2026-02-12 14:10:47.463 [cefgetfile] WARNING: Unknown VALIDATION_ALG:type=2, length=0
2026-02-12 14:10:47.464 [cefgetfile] WARNING: Unknown VALIDATION_ALG:type=2, length=0
2026-02-12 14:10:47.464 [cefgetfile] WARNING: Unknown VALIDATION_ALG:type=2, length=0
2026-02-12 14:10:47.464 [cefgetfile] WARNING: Unknown VALIDATION_ALG:type=2, length=0
2026-02-12 14:10:47.465 [cefgetfile] WARNING: Unknown VALIDATION_ALG:type=2, length=0
2026-02-12 14:10:47.465 [cefgetfile] WARNING: Unknown VALIDATION_ALG:type=2, length=0
2026-02-12 14:10:47.467 [cefgetfile] WARNING: Unknown VALIDATION_ALG:type=2, length=0
2026-02-12 14:10:47.467 [cefgetfile] WARNING: Unknown VALIDATION_ALG:type=2, length=0
2026-02-12 14:10:47.467 [cefgetfile] WARNING: Unknown VALIDATION_ALG:type=2, length=0
2026-02-12 14:10:47.467 [cefgetfile] WARNING: Unknown VALIDATION_ALG:type=2, length=0
2026-02-12 14:10:47.468 [cefgetfile] WARNING: Unknown VALIDATION_ALG:type=2, length=0
2026-02-12 14:10:47.468 [cefgetfile] WARNING: Unknown VALIDATION_ALG:type=2, length=0
2026-02-12 14:10:47.468 [cefgetfile] WARNING: Unknown VALIDATION_ALG:type=2, length=0
2026-02-12 14:10:47.468 [cefgetfile] WARNING: Unknown VALIDATION_ALG:type=2, length=0
2026-02-12 14:10:47.468 [cefgetfile] WARNING: Unknown VALIDATION_ALG:type=2, length=0
2026-02-12 14:10:47.469 [cefgetfile] WARNING: Unknown VALIDATION_ALG:type=2, length=0
2026-02-12 14:10:47.469 [cefgetfile] WARNING: Unknown VALIDATION_ALG:type=2, length=0
2026-02-12 14:10:47.469 [cefgetfile] WARNING: Unknown VALIDATION_ALG:type=2, length=0
2026-02-12 14:10:47.469 [cefgetfile] WARNING: Unknown VALIDATION_ALG:type=2, length=0
2026-02-12 14:10:47.470 [cefgetfile] WARNING: Unknown VALIDATION_ALG:type=2, length=0
2026-02-12 14:10:47.470 [cefgetfile] WARNING: Unknown VALIDATION_ALG:type=2, length=0
2026-02-12 14:10:47.475 [cefgetfile] WARNING: Unknown VALIDATION_ALG:type=2, length=0
2026-02-12 14:10:47.475 [cefgetfile] WARNING: Unknown VALIDATION_ALG:type=2, length=0
2026-02-12 14:10:47.475 [cefgetfile] WARNING: Unknown VALIDATION_ALG:type=2, length=0
2026-02-12 14:10:47.475 [cefgetfile] WARNING: Unknown VALIDATION_ALG:type=2, length=0
2026-02-12 14:10:47.475 [cefgetfile] WARNING: Unknown VALIDATION_ALG:type=2, length=0
2026-02-12 14:10:47.476 [cefgetfile] WARNING: Unknown VALIDATION_ALG:type=2, length=0
2026-02-12 14:10:47.476 [cefgetfile] WARNING: Unknown VALIDATION_ALG:type=2, length=0
2026-02-12 14:10:47.478 [cefgetfile] WARNING: Unknown VALIDATION_ALG:type=2, length=0
2026-02-12 14:10:47.478 [cefgetfile] WARNING: Unknown VALIDATION_ALG:type=2, length=0
2026-02-12 14:10:47.479 [cefgetfile] WARNING: Unknown VALIDATION_ALG:type=2, length=0
2026-02-12 14:10:47.479 [cefgetfile] WARNING: Unknown VALIDATION_ALG:type=2, length=0
2026-02-12 14:10:47.481 [cefgetfile] WARNING: Unknown VALIDATION_ALG:type=2, length=0
2026-02-12 14:10:47.482 [cefgetfile] WARNING: Unknown VALIDATION_ALG:type=2, length=0
2026-02-12 14:10:47.482 [cefgetfile] WARNING: Unknown VALIDATION_ALG:type=2, length=0
2026-02-12 14:10:47.483 [cefgetfile] WARNING: Unknown VALIDATION_ALG:type=2, length=0
2026-02-12 14:10:47.483 [cefgetfile] WARNING: Unknown VALIDATION_ALG:type=2, length=0
2026-02-12 14:10:47.485 [cefgetfile] WARNING: Unknown VALIDATION_ALG:type=2, length=0
2026-02-12 14:10:47.486 [cefgetfile] WARNING: Unknown VALIDATION_ALG:type=2, length=0
2026-02-12 14:10:47.487 [cefgetfile] WARNING: Unknown VALIDATION_ALG:type=2, length=0
2026-02-12 14:10:47.487 [cefgetfile] WARNING: Unknown VALIDATION_ALG:type=2, length=0
2026-02-12 14:10:47.488 [cefgetfile] WARNING: Unknown VALIDATION_ALG:type=2, length=0
2026-02-12 14:10:47.488 [cefgetfile] WARNING: Unknown VALIDATION_ALG:type=2, length=0
2026-02-12 14:10:47.489 [cefgetfile] WARNING: Unknown VALIDATION_ALG:type=2, length=0
2026-02-12 14:10:47.489 [cefgetfile] WARNING: Unknown VALIDATION_ALG:type=2, length=0
2026-02-12 14:10:47.490 [cefgetfile] WARNING: Unknown VALIDATION_ALG:type=2, length=0
2026-02-12 14:10:47.490 [cefgetfile] WARNING: Unknown VALIDATION_ALG:type=2, length=0
2026-02-12 14:10:47.491 [cefgetfile] WARNING: Unknown VALIDATION_ALG:type=2, length=0
2026-02-12 14:10:47.491 [cefgetfile] WARNING: Unknown VALIDATION_ALG:type=2, length=0
2026-02-12 14:10:47.492 [cefgetfile] WARNING: Unknown VALIDATION_ALG:type=2, length=0
2026-02-12 14:10:47.492 [cefgetfile] WARNING: Unknown VALIDATION_ALG:type=2, length=0
2026-02-12 14:10:47.493 [cefgetfile] WARNING: Unknown VALIDATION_ALG:type=2, length=0
2026-02-12 14:10:47.493 [cefgetfile] WARNING: Unknown VALIDATION_ALG:type=2, length=0
2026-02-12 14:10:47.503 [cefgetfile] WARNING: Unknown VALIDATION_ALG:type=2, length=0
2026-02-12 14:10:47.503 [cefgetfile] WARNING: Unknown VALIDATION_ALG:type=2, length=0
2026-02-12 14:10:47.503 [cefgetfile] WARNING: Unknown VALIDATION_ALG:type=2, length=0
2026-02-12 14:10:47.504 [cefgetfile] WARNING: Unknown VALIDATION_ALG:type=2, length=0
2026-02-12 14:10:47.504 [cefgetfile] WARNING: Unknown VALIDATION_ALG:type=2, length=0
2026-02-12 14:10:47.504 [cefgetfile] WARNING: Unknown VALIDATION_ALG:type=2, length=0
2026-02-12 14:10:47.505 [cefgetfile] WARNING: Unknown VALIDATION_ALG:type=2, length=0
2026-02-12 14:10:47.505 [cefgetfile] WARNING: Unknown VALIDATION_ALG:type=2, length=0
2026-02-12 14:10:47.505 [cefgetfile] WARNING: Unknown VALIDATION_ALG:type=2, length=0
2026-02-12 14:10:47.505 [cefgetfile] WARNING: Unknown VALIDATION_ALG:type=2, length=0
2026-02-12 14:10:47.506 [cefgetfile] WARNING: Unknown VALIDATION_ALG:type=2, length=0
2026-02-12 14:10:47.506 [cefgetfile] WARNING: Unknown VALIDATION_ALG:type=2, length=0
2026-02-12 14:10:47.506 [cefgetfile] WARNING: Unknown VALIDATION_ALG:type=2, length=0
2026-02-12 14:10:47.507 [cefgetfile] WARNING: Unknown VALIDATION_ALG:type=2, length=0
2026-02-12 14:10:47.507 [cefgetfile] WARNING: Unknown VALIDATION_ALG:type=2, length=0
2026-02-12 14:10:47.507 [cefgetfile] WARNING: Unknown VALIDATION_ALG:type=2, length=0
2026-02-12 14:10:47.513 [cefgetfile] WARNING: Unknown VALIDATION_ALG:type=2, length=0
2026-02-12 14:10:47.513 [cefgetfile] WARNING: Unknown VALIDATION_ALG:type=2, length=0
2026-02-12 14:10:47.514 [cefgetfile] WARNING: Unknown VALIDATION_ALG:type=2, length=0
2026-02-12 14:10:47.514 [cefgetfile] WARNING: Unknown VALIDATION_ALG:type=2, length=0
2026-02-12 14:10:47.514 [cefgetfile] WARNING: Unknown VALIDATION_ALG:type=2, length=0
2026-02-12 14:10:47.514 [cefgetfile] WARNING: Unknown VALIDATION_ALG:type=2, length=0
2026-02-12 14:10:47.515 [cefgetfile] WARNING: Unknown VALIDATION_ALG:type=2, length=0
2026-02-12 14:10:47.515 [cefgetfile] WARNING: Unknown VALIDATION_ALG:type=2, length=0
2026-02-12 14:10:47.516 [cefgetfile] WARNING: Unknown VALIDATION_ALG:type=2, length=0
2026-02-12 14:10:47.516 [cefgetfile] WARNING: Unknown VALIDATION_ALG:type=2, length=0
2026-02-12 14:10:47.517 [cefgetfile] WARNING: Unknown VALIDATION_ALG:type=2, length=0
2026-02-12 14:10:47.520 [cefgetfile] WARNING: Unknown VALIDATION_ALG:type=2, length=0
2026-02-12 14:10:47.521 [cefgetfile] WARNING: Unknown VALIDATION_ALG:type=2, length=0
2026-02-12 14:10:47.521 [cefgetfile] WARNING: Unknown VALIDATION_ALG:type=2, length=0
2026-02-12 14:10:47.521 [cefgetfile] WARNING: Unknown VALIDATION_ALG:type=2, length=0
2026-02-12 14:10:47.522 [cefgetfile] WARNING: Unknown VALIDATION_ALG:type=2, length=0
2026-02-12 14:10:47.524 [cefgetfile] WARNING: Unknown VALIDATION_ALG:type=2, length=0
2026-02-12 14:10:47.524 [cefgetfile] WARNING: Unknown VALIDATION_ALG:type=2, length=0
2026-02-12 14:10:47.525 [cefgetfile] WARNING: Unknown VALIDATION_ALG:type=2, length=0
2026-02-12 14:10:47.525 [cefgetfile] WARNING: Unknown VALIDATION_ALG:type=2, length=0
2026-02-12 14:10:47.525 [cefgetfile] WARNING: Unknown VALIDATION_ALG:type=2, length=0
2026-02-12 14:10:47.525 [cefgetfile] WARNING: Unknown VALIDATION_ALG:type=2, length=0
2026-02-12 14:10:47.526 [cefgetfile] WARNING: Unknown VALIDATION_ALG:type=2, length=0
2026-02-12 14:10:47.526 [cefgetfile] WARNING: Unknown VALIDATION_ALG:type=2, length=0
2026-02-12 14:10:47.527 [cefgetfile] WARNING: Unknown VALIDATION_ALG:type=2, length=0
2026-02-12 14:10:47.527 [cefgetfile] WARNING: Unknown VALIDATION_ALG:type=2, length=0
2026-02-12 14:10:47.527 [cefgetfile] WARNING: Unknown VALIDATION_ALG:type=2, length=0
2026-02-12 14:10:47.528 [cefgetfile] WARNING: Unknown VALIDATION_ALG:type=2, length=0
2026-02-12 14:10:47.528 [cefgetfile] WARNING: Unknown VALIDATION_ALG:type=2, length=0
2026-02-12 14:10:47.528 [cefgetfile] WARNING: Unknown VALIDATION_ALG:type=2, length=0
2026-02-12 14:10:47.528 [cefgetfile] WARNING: Unknown VALIDATION_ALG:type=2, length=0
2026-02-12 14:10:47.528 [cefgetfile] WARNING: Unknown VALIDATION_ALG:type=2, length=0
2026-02-12 14:10:47.530 [cefgetfile] WARNING: Unknown VALIDATION_ALG:type=2, length=0
2026-02-12 14:10:47.530 [cefgetfile] WARNING: Unknown VALIDATION_ALG:type=2, length=0
2026-02-12 14:10:47.530 [cefgetfile] WARNING: Unknown VALIDATION_ALG:type=2, length=0
2026-02-12 14:10:47.531 [cefgetfile] WARNING: Unknown VALIDATION_ALG:type=2, length=0
2026-02-12 14:10:47.531 [cefgetfile] WARNING: Unknown VALIDATION_ALG:type=2, length=0
2026-02-12 14:10:47.531 [cefgetfile] WARNING: Unknown VALIDATION_ALG:type=2, length=0
2026-02-12 14:10:47.531 [cefgetfile] WARNING: Unknown VALIDATION_ALG:type=2, length=0
2026-02-12 14:10:47.533 [cefgetfile] WARNING: Unknown VALIDATION_ALG:type=2, length=0
2026-02-12 14:10:47.534 [cefgetfile] WARNING: Unknown VALIDATION_ALG:type=2, length=0
2026-02-12 14:10:47.535 [cefgetfile] WARNING: Unknown VALIDATION_ALG:type=2, length=0
2026-02-12 14:10:47.536 [cefgetfile] WARNING: Unknown VALIDATION_ALG:type=2, length=0
2026-02-12 14:10:47.537 [cefgetfile] WARNING: Unknown VALIDATION_ALG:type=2, length=0
2026-02-12 14:10:47.537 [cefgetfile] WARNING: Unknown VALIDATION_ALG:type=2, length=0
2026-02-12 14:10:47.537 [cefgetfile] WARNING: Unknown VALIDATION_ALG:type=2, length=0
2026-02-12 14:10:47.538 [cefgetfile] WARNING: Unknown VALIDATION_ALG:type=2, length=0
2026-02-12 14:10:47.538 [cefgetfile] WARNING: Unknown VALIDATION_ALG:type=2, length=0
2026-02-12 14:10:47.538 [cefgetfile] WARNING: Unknown VALIDATION_ALG:type=2, length=0
2026-02-12 14:10:47.538 [cefgetfile] WARNING: Unknown VALIDATION_ALG:type=2, length=0
2026-02-12 14:10:47.539 [cefgetfile] WARNING: Unknown VALIDATION_ALG:type=2, length=0
2026-02-12 14:10:47.539 [cefgetfile] WARNING: Unknown VALIDATION_ALG:type=2, length=0
2026-02-12 14:10:47.539 [cefgetfile] WARNING: Unknown VALIDATION_ALG:type=2, length=0
2026-02-12 14:10:47.541 [cefgetfile] WARNING: Unknown VALIDATION_ALG:type=2, length=0
2026-02-12 14:10:47.541 [cefgetfile] WARNING: Unknown VALIDATION_ALG:type=2, length=0
2026-02-12 14:10:47.541 [cefgetfile] WARNING: Unknown VALIDATION_ALG:type=2, length=0
2026-02-12 14:10:47.542 [cefgetfile] WARNING: Unknown VALIDATION_ALG:type=2, length=0
2026-02-12 14:10:47.542 [cefgetfile] WARNING: Unknown VALIDATION_ALG:type=2, length=0
2026-02-12 14:10:47.543 [cefgetfile] WARNING: Unknown VALIDATION_ALG:type=2, length=0
2026-02-12 14:10:47.543 [cefgetfile] WARNING: Unknown VALIDATION_ALG:type=2, length=0
2026-02-12 14:10:47.543 [cefgetfile] WARNING: Unknown VALIDATION_ALG:type=2, length=0
2026-02-12 14:10:47.543 [cefgetfile] WARNING: Unknown VALIDATION_ALG:type=2, length=0
2026-02-12 14:10:47.544 [cefgetfile] WARNING: Unknown VALIDATION_ALG:type=2, length=0
2026-02-12 14:10:47.544 [cefgetfile] WARNING: Unknown VALIDATION_ALG:type=2, length=0
2026-02-12 14:10:47.544 [cefgetfile] WARNING: Unknown VALIDATION_ALG:type=2, length=0
2026-02-12 14:10:47.544 [cefgetfile] WARNING: Unknown VALIDATION_ALG:type=2, length=0
2026-02-12 14:10:47.546 [cefgetfile] WARNING: Unknown VALIDATION_ALG:type=2, length=0
2026-02-12 14:10:47.546 [cefgetfile] WARNING: Unknown VALIDATION_ALG:type=2, length=0
2026-02-12 14:10:47.546 [cefgetfile] WARNING: Unknown VALIDATION_ALG:type=2, length=0
2026-02-12 14:10:47.546 [cefgetfile] WARNING: Unknown VALIDATION_ALG:type=2, length=0
2026-02-12 14:10:47.548 [cefgetfile] WARNING: Unknown VALIDATION_ALG:type=2, length=0
2026-02-12 14:10:47.548 [cefgetfile] WARNING: Unknown VALIDATION_ALG:type=2, length=0
2026-02-12 14:10:47.548 [cefgetfile] WARNING: Unknown VALIDATION_ALG:type=2, length=0
2026-02-12 14:10:47.550 [cefgetfile] WARNING: Unknown VALIDATION_ALG:type=2, length=0
2026-02-12 14:10:47.551 [cefgetfile] WARNING: Unknown VALIDATION_ALG:type=2, length=0
2026-02-12 14:10:47.551 [cefgetfile] WARNING: Unknown VALIDATION_ALG:type=2, length=0
2026-02-12 14:10:47.551 [cefgetfile] WARNING: Unknown VALIDATION_ALG:type=2, length=0
2026-02-12 14:10:47.551 [cefgetfile] WARNING: Unknown VALIDATION_ALG:type=2, length=0
2026-02-12 14:10:47.552 [cefgetfile] WARNING: Unknown VALIDATION_ALG:type=2, length=0
2026-02-12 14:10:47.552 [cefgetfile] WARNING: Unknown VALIDATION_ALG:type=2, length=0
2026-02-12 14:10:47.552 [cefgetfile] WARNING: Unknown VALIDATION_ALG:type=2, length=0
2026-02-12 14:10:47.554 [cefgetfile] WARNING: Unknown VALIDATION_ALG:type=2, length=0
2026-02-12 14:10:47.554 [cefgetfile] WARNING: Unknown VALIDATION_ALG:type=2, length=0
2026-02-12 14:10:47.554 [cefgetfile] WARNING: Unknown VALIDATION_ALG:type=2, length=0
2026-02-12 14:10:47.555 [cefgetfile] WARNING: Unknown VALIDATION_ALG:type=2, length=0
2026-02-12 14:10:47.555 [cefgetfile] WARNING: Unknown VALIDATION_ALG:type=2, length=0
2026-02-12 14:10:47.555 [cefgetfile] WARNING: Unknown VALIDATION_ALG:type=2, length=0
2026-02-12 14:10:47.555 [cefgetfile] WARNING: Unknown VALIDATION_ALG:type=2, length=0
2026-02-12 14:10:47.555 [cefgetfile] WARNING: Unknown VALIDATION_ALG:type=2, length=0
2026-02-12 14:10:47.558 [cefgetfile] WARNING: Unknown VALIDATION_ALG:type=2, length=0
2026-02-12 14:10:47.561 [cefgetfile] WARNING: Unknown VALIDATION_ALG:type=2, length=0
2026-02-12 14:10:47.562 [cefgetfile] WARNING: Unknown VALIDATION_ALG:type=2, length=0
2026-02-12 14:10:47.563 [cefgetfile] WARNING: Unknown VALIDATION_ALG:type=2, length=0
2026-02-12 14:10:47.563 [cefgetfile] WARNING: Unknown VALIDATION_ALG:type=2, length=0
2026-02-12 14:10:47.564 [cefgetfile] WARNING: Unknown VALIDATION_ALG:type=2, length=0
2026-02-12 14:10:47.564 [cefgetfile] WARNING: Unknown VALIDATION_ALG:type=2, length=0
2026-02-12 14:10:47.564 [cefgetfile] WARNING: Unknown VALIDATION_ALG:type=2, length=0
2026-02-12 14:10:47.565 [cefgetfile] WARNING: Unknown VALIDATION_ALG:type=2, length=0
2026-02-12 14:10:47.565 [cefgetfile] WARNING: Unknown VALIDATION_ALG:type=2, length=0
2026-02-12 14:10:47.566 [cefgetfile] WARNING: Unknown VALIDATION_ALG:type=2, length=0
2026-02-12 14:10:47.566 [cefgetfile] WARNING: Unknown VALIDATION_ALG:type=2, length=0
2026-02-12 14:10:47.568 [cefgetfile] WARNING: Unknown VALIDATION_ALG:type=2, length=0
2026-02-12 14:10:47.568 [cefgetfile] WARNING: Unknown VALIDATION_ALG:type=2, length=0
2026-02-12 14:10:47.569 [cefgetfile] WARNING: Unknown VALIDATION_ALG:type=2, length=0
2026-02-12 14:10:47.569 [cefgetfile] WARNING: Unknown VALIDATION_ALG:type=2, length=0
2026-02-12 14:10:47.570 [cefgetfile] WARNING: Unknown VALIDATION_ALG:type=2, length=0
2026-02-12 14:10:47.574 [cefgetfile] WARNING: Unknown VALIDATION_ALG:type=2, length=0
2026-02-12 14:10:47.574 [cefgetfile] WARNING: Unknown VALIDATION_ALG:type=2, length=0
2026-02-12 14:10:47.574 [cefgetfile] WARNING: Unknown VALIDATION_ALG:type=2, length=0
2026-02-12 14:10:47.575 [cefgetfile] WARNING: Unknown VALIDATION_ALG:type=2, length=0
2026-02-12 14:10:47.575 [cefgetfile] WARNING: Unknown VALIDATION_ALG:type=2, length=0
2026-02-12 14:10:47.576 [cefgetfile] WARNING: Unknown VALIDATION_ALG:type=2, length=0
2026-02-12 14:10:47.576 [cefgetfile] WARNING: Unknown VALIDATION_ALG:type=2, length=0
2026-02-12 14:10:47.577 [cefgetfile] WARNING: Unknown VALIDATION_ALG:type=2, length=0
2026-02-12 14:10:47.577 [cefgetfile] WARNING: Unknown VALIDATION_ALG:type=2, length=0
2026-02-12 14:10:47.577 [cefgetfile] WARNING: Unknown VALIDATION_ALG:type=2, length=0
2026-02-12 14:10:47.577 [cefgetfile] WARNING: Unknown VALIDATION_ALG:type=2, length=0
2026-02-12 14:10:47.578 [cefgetfile] WARNING: Unknown VALIDATION_ALG:type=2, length=0
2026-02-12 14:10:47.579 [cefgetfile] WARNING: Unknown VALIDATION_ALG:type=2, length=0
2026-02-12 14:10:47.580 [cefgetfile] WARNING: Unknown VALIDATION_ALG:type=2, length=0
2026-02-12 14:10:47.580 [cefgetfile] WARNING: Unknown VALIDATION_ALG:type=2, length=0
2026-02-12 14:10:47.580 [cefgetfile] WARNING: Unknown VALIDATION_ALG:type=2, length=0
2026-02-12 14:10:47.582 [cefgetfile] WARNING: Unknown VALIDATION_ALG:type=2, length=0
2026-02-12 14:10:47.583 [cefgetfile] WARNING: Unknown VALIDATION_ALG:type=2, length=0
2026-02-12 14:10:47.584 [cefgetfile] WARNING: Unknown VALIDATION_ALG:type=2, length=0
2026-02-12 14:10:47.585 [cefgetfile] WARNING: Unknown VALIDATION_ALG:type=2, length=0
2026-02-12 14:10:47.586 [cefgetfile] WARNING: Unknown VALIDATION_ALG:type=2, length=0
2026-02-12 14:10:47.587 [cefgetfile] WARNING: Unknown VALIDATION_ALG:type=2, length=0
2026-02-12 14:10:47.588 [cefgetfile] WARNING: Unknown VALIDATION_ALG:type=2, length=0
2026-02-12 14:10:47.588 [cefgetfile] WARNING: Unknown VALIDATION_ALG:type=2, length=0
2026-02-12 14:10:47.589 [cefgetfile] WARNING: Unknown VALIDATION_ALG:type=2, length=0
2026-02-12 14:10:47.589 [cefgetfile] WARNING: Unknown VALIDATION_ALG:type=2, length=0
2026-02-12 14:10:47.589 [cefgetfile] WARNING: Unknown VALIDATION_ALG:type=2, length=0
2026-02-12 14:10:47.590 [cefgetfile] WARNING: Unknown VALIDATION_ALG:type=2, length=0
2026-02-12 14:10:47.590 [cefgetfile] WARNING: Unknown VALIDATION_ALG:type=2, length=0
2026-02-12 14:10:47.591 [cefgetfile] WARNING: Unknown VALIDATION_ALG:type=2, length=0
2026-02-12 14:10:47.591 [cefgetfile] WARNING: Unknown VALIDATION_ALG:type=2, length=0
2026-02-12 14:10:47.591 [cefgetfile] WARNING: Unknown VALIDATION_ALG:type=2, length=0
2026-02-12 14:10:47.596 [cefgetfile] WARNING: Unknown VALIDATION_ALG:type=2, length=0
2026-02-12 14:10:47.596 [cefgetfile] WARNING: Unknown VALIDATION_ALG:type=2, length=0
2026-02-12 14:10:47.597 [cefgetfile] WARNING: Unknown VALIDATION_ALG:type=2, length=0
2026-02-12 14:10:47.597 [cefgetfile] WARNING: Unknown VALIDATION_ALG:type=2, length=0
2026-02-12 14:10:47.597 [cefgetfile] WARNING: Unknown VALIDATION_ALG:type=2, length=0
2026-02-12 14:10:47.597 [cefgetfile] WARNING: Unknown VALIDATION_ALG:type=2, length=0
2026-02-12 14:10:47.597 [cefgetfile] WARNING: Unknown VALIDATION_ALG:type=2, length=0
2026-02-12 14:10:47.598 [cefgetfile] WARNING: Unknown VALIDATION_ALG:type=2, length=0
2026-02-12 14:10:47.598 [cefgetfile] WARNING: Unknown VALIDATION_ALG:type=2, length=0
2026-02-12 14:10:47.598 [cefgetfile] WARNING: Unknown VALIDATION_ALG:type=2, length=0
2026-02-12 14:10:47.599 [cefgetfile] WARNING: Unknown VALIDATION_ALG:type=2, length=0
2026-02-12 14:10:47.599 [cefgetfile] WARNING: Unknown VALIDATION_ALG:type=2, length=0
2026-02-12 14:10:47.599 [cefgetfile] WARNING: Unknown VALIDATION_ALG:type=2, length=0
2026-02-12 14:10:47.600 [cefgetfile] WARNING: Unknown VALIDATION_ALG:type=2, length=0
2026-02-12 14:10:47.600 [cefgetfile] WARNING: Unknown VALIDATION_ALG:type=2, length=0
2026-02-12 14:10:47.601 [cefgetfile] WARNING: Unknown VALIDATION_ALG:type=2, length=0
2026-02-12 14:10:47.607 [cefgetfile] WARNING: Unknown VALIDATION_ALG:type=2, length=0
2026-02-12 14:10:47.607 [cefgetfile] WARNING: Unknown VALIDATION_ALG:type=2, length=0
2026-02-12 14:10:47.607 [cefgetfile] WARNING: Unknown VALIDATION_ALG:type=2, length=0
2026-02-12 14:10:47.607 [cefgetfile] WARNING: Unknown VALIDATION_ALG:type=2, length=0
2026-02-12 14:10:47.608 [cefgetfile] WARNING: Unknown VALIDATION_ALG:type=2, length=0
2026-02-12 14:10:47.608 [cefgetfile] WARNING: Unknown VALIDATION_ALG:type=2, length=0
2026-02-12 14:10:47.608 [cefgetfile] WARNING: Unknown VALIDATION_ALG:type=2, length=0
2026-02-12 14:10:47.608 [cefgetfile] WARNING: Unknown VALIDATION_ALG:type=2, length=0
2026-02-12 14:10:47.608 [cefgetfile] WARNING: Unknown VALIDATION_ALG:type=2, length=0
2026-02-12 14:10:47.609 [cefgetfile] WARNING: Unknown VALIDATION_ALG:type=2, length=0
2026-02-12 14:10:47.609 [cefgetfile] WARNING: Unknown VALIDATION_ALG:type=2, length=0
2026-02-12 14:10:47.609 [cefgetfile] WARNING: Unknown VALIDATION_ALG:type=2, length=0
2026-02-12 14:10:47.609 [cefgetfile] WARNING: Unknown VALIDATION_ALG:type=2, length=0
2026-02-12 14:10:47.610 [cefgetfile] WARNING: Unknown VALIDATION_ALG:type=2, length=0
2026-02-12 14:10:47.610 [cefgetfile] WARNING: Unknown VALIDATION_ALG:type=2, length=0
2026-02-12 14:10:47.611 [cefgetfile] WARNING: Unknown VALIDATION_ALG:type=2, length=0
2026-02-12 14:10:47.617 [cefgetfile] WARNING: Unknown VALIDATION_ALG:type=2, length=0
2026-02-12 14:10:47.617 [cefgetfile] WARNING: Unknown VALIDATION_ALG:type=2, length=0
2026-02-12 14:10:47.617 [cefgetfile] WARNING: Unknown VALIDATION_ALG:type=2, length=0
2026-02-12 14:10:47.617 [cefgetfile] WARNING: Unknown VALIDATION_ALG:type=2, length=0
2026-02-12 14:10:47.618 [cefgetfile] WARNING: Unknown VALIDATION_ALG:type=2, length=0
2026-02-12 14:10:47.618 [cefgetfile] WARNING: Unknown VALIDATION_ALG:type=2, length=0
2026-02-12 14:10:47.619 [cefgetfile] WARNING: Unknown VALIDATION_ALG:type=2, length=0
2026-02-12 14:10:47.619 [cefgetfile] WARNING: Unknown VALIDATION_ALG:type=2, length=0
2026-02-12 14:10:47.619 [cefgetfile] WARNING: Unknown VALIDATION_ALG:type=2, length=0
2026-02-12 14:10:47.619 [cefgetfile] WARNING: Unknown VALIDATION_ALG:type=2, length=0
2026-02-12 14:10:47.619 [cefgetfile] WARNING: Unknown VALIDATION_ALG:type=2, length=0
2026-02-12 14:10:47.619 [cefgetfile] WARNING: Unknown VALIDATION_ALG:type=2, length=0
[cefgetfile] Completed to get all the chunks.
[cefgetfile] Unconnect to cefnetd ... OK
[cefgetfile] Terminate
[cefgetfile] Rx Frames (All)           = 424
[cefgetfile] Rx Frames (ContentObject) = 424
[cefgetfile] Rx Bytes (All)            = 449926
[cefgetfile] Rx Bytes (ContentObject)  = 433390
[cefgetfile] Duration                  = 0.455 sec
[cefgetfile] Throughput                = 7932649 bps
[cefgetfile] Goodput                   = 7641103 bps
[cefgetfile] Jitter (Ave)              = 1070 us
[cefgetfile] Jitter (Max)              = 156821 us
[cefgetfile] Jitter (Var)              = 58548328 us
