[cefgetfile] Start
[cefgetfile] Parsing parameters ...OK
2026-02-12 14:11:57.825 [cefgetfile] INFO: [client] Config directory is ./h18
2026-02-12 14:11:57.825 [cefgetfile] INFO: [client] Local Socket Name is /tmp/cef_9695.18
2026-02-12 14:11:57.825 [cefgetfile] INFO: [client] Listen Port is 9695
[cefgetfile] Init Cefore Client package ... OK
[cefgetfile] Conversion from URI into Name ... OK
[cefgetfile] Checking the output file ... OK
[cefgetfile] Connect to cefnetd ... OK
[cefgetfile] URI=ccnx:/test/data/content2
[cefgetfile] Start sending Interests
2026-02-12 14:11:57.902 [cefgetfile] WARNING: Unknown VALIDATION_ALG:type=2, length=0
2026-02-12 14:11:57.905 [cefgetfile] WARNING: Unknown VALIDATION_ALG:type=2, length=0
2026-02-12 14:11:57.916 [cefgetfile] WARNING: Unknown VALIDATION_ALG:type=2, length=0
2026-02-12 14:11:57.918 [cefgetfile] WARNING: Unknown VALIDATION_ALG:type=2, length=0
2026-02-12 14:11:57.920 [cefgetfile] WARNING: Unknown VALIDATION_ALG:type=2, length=0
2026-02-12 14:11:57.922 [cefgetfile] WARNING: Unknown VALIDATION_ALG:type=2, length=0
2026-02-12 14:11:57.924 [cefgetfile] WARNING: Unknown VALIDATION_ALG:type=2, length=0
2026-02-12 14:11:57.925 [cefgetfile] WARNING: Unknown VALIDATION_ALG:type=2, length=0
2026-02-12 14:11:57.927 [cefgetfile] WARNING: Unknown VALIDATION_ALG:type=2, length=0
2026-02-12 14:11:57.929 [cefgetfile] WARNING: Unknown VALIDATION_ALG:type=2, length=0
2026-02-12 14:11:57.930 [cefgetfile] WARNING: Unknown VALIDATION_ALG:type=2, length=0
2026-02-12 14:11:57.933 [cefgetfile] WARNING: Unknown VALIDATION_ALG:type=2, length=0
2026-02-12 14:11:57.935 [cefgetfile] WARNING: Unknown VALIDATION_ALG:type=2, length=0
2026-02-12 14:11:57.936 [cefgetfile] WARNING: Unknown VALIDATION_ALG:type=2, length=0
2026-02-12 14:11:57.938 [cefgetfile] WARNING: Unknown VALIDATION_ALG:type=2, length=0
2026-02-12 14:11:57.940 [cefgetfile] WARNING: Unknown VALIDATION_ALG:type=2, length=0
2026-02-12 14:11:57.941 [cefgetfile] WARNING: Unknown VALIDATION_ALG:type=2, length=0
2026-02-12 14:11:57.941 [cefgetfile] WARNING: Unknown VALIDATION_ALG:type=2, length=0
2026-02-12 14:11:57.945 [cefgetfile] WARNING: Unknown VALIDATION_ALG:type=2, length=0
2026-02-12 14:11:57.947 [cefgetfile] WARNING: Unknown VALIDATION_ALG:type=2, length=0
2026-02-12 14:11:57.948 [cefgetfile] WARNING: Unknown VALIDATION_ALG:type=2, length=0
2026-02-12 14:11:57.948 [cefgetfile] WARNING: Unknown VALIDATION_ALG:type=2, length=0
2026-02-12 14:11:57.951 [cefgetfile] WARNING: Unknown VALIDATION_ALG:type=2, length=0
2026-02-12 14:11:57.952 [cefgetfile] WARNING: Unknown VALIDATION_ALG:type=2, length=0
2026-02-12 14:11:57.952 [cefgetfile] WARNING: Unknown VALIDATION_ALG:type=2, length=0
2026-02-12 14:11:57.953 [cefgetfile] WARNING: Unknown VALIDATION_ALG:type=2, length=0
2026-02-12 14:11:57.954 [cefgetfile] WARNING: Unknown VALIDATION_ALG:type=2, length=0
2026-02-12 14:11:57.954 [cefgetfile] WARNING: Unknown VALIDATION_ALG:type=2, length=0
2026-02-12 14:11:57.955 [cefgetfile] WARNING: Unknown VALIDATION_ALG:type=2, length=0
2026-02-12 14:11:57.956 [cefgetfile] WARNING: Unknown VALIDATION_ALG:type=2, length=0
2026-02-12 14:11:57.957 [cefgetfile] WARNING: Unknown VALIDATION_ALG:type=2, length=0
2026-02-12 14:11:57.959 [cefgetfile] WARNING: Unknown VALIDATION_ALG:type=2, length=0
2026-02-12 14:11:57.960 [cefgetfile] WARNING: Unknown VALIDATION_ALG:type=2, length=0
2026-02-12 14:11:57.963 [cefgetfile] WARNING: Unknown VALIDATION_ALG:type=2, length=0
2026-02-12 14:11:57.963 [cefgetfile] WARNING: Unknown VALIDATION_ALG:type=2, length=0
2026-02-12 14:11:57.966 [cefgetfile] WARNING: Unknown VALIDATION_ALG:type=2, length=0
2026-02-12 14:11:57.969 [cefgetfile] WARNING: Unknown VALIDATION_ALG:type=2, length=0
2026-02-12 14:11:57.972 [cefgetfile] WARNING: Unknown VALIDATION_ALG:type=2, length=0
2026-02-12 14:11:57.973 [cefgetfile] WARNING: Unknown VALIDATION_ALG:type=2, length=0
2026-02-12 14:11:57.976 [cefgetfile] WARNING: Unknown VALIDATION_ALG:type=2, length=0
2026-02-12 14:11:57.977 [cefgetfile] WARNING: Unknown VALIDATION_ALG:type=2, length=0
2026-02-12 14:11:57.979 [cefgetfile] WARNING: Unknown VALIDATION_ALG:type=2, length=0
2026-02-12 14:11:57.981 [cefgetfile] WARNING: Unknown VALIDATION_ALG:type=2, length=0
2026-02-12 14:11:57.982 [cefgetfile] WARNING: Unknown VALIDATION_ALG:type=2, length=0
2026-02-12 14:11:57.983 [cefgetfile] WARNING: Unknown VALIDATION_ALG:type=2, length=0
2026-02-12 14:11:57.984 [cefgetfile] WARNING: Unknown VALIDATION_ALG:type=2, length=0
2026-02-12 14:11:57.985 [cefgetfile] WARNING: Unknown VALIDATION_ALG:type=2, length=0
2026-02-12 14:11:57.986 [cefgetfile] WARNING: Unknown VALIDATION_ALG:type=2, length=0
2026-02-12 14:11:57.987 [cefgetfile] WARNING: Unknown VALIDATION_ALG:type=2, length=0
2026-02-12 14:11:57.988 [cefgetfile] WARNING: Unknown VALIDATION_ALG:type=2, length=0
2026-02-12 14:11:57.989 [cefgetfile] WARNING: Unknown VALIDATION_ALG:type=2, length=0
2026-02-12 14:11:57.991 [cefgetfile] WARNING: Unknown VALIDATION_ALG:type=2, length=0
2026-02-12 14:11:57.993 [cefgetfile] WARNING: Unknown VALIDATION_ALG:type=2, length=0
2026-02-12 14:11:57.994 [cefgetfile] WARNING: Unknown VALIDATION_ALG:type=2, length=0
2026-02-12 14:11:57.995 [cefgetfile] WARNING: Unknown VALIDATION_ALG:type=2, length=0
2026-02-12 14:11:57.997 [cefgetfile] WARNING: Unknown VALIDATION_ALG:type=2, length=0
2026-02-12 14:11:57.999 [cefgetfile] WARNING: Unknown VALIDATION_ALG:type=2, length=0
2026-02-12 14:11:57.999 [cefgetfile] WARNING: Unknown VALIDATION_ALG:type=2, length=0
2026-02-12 14:11:57.000 [cefgetfile] WARNING: Unknown VALIDATION_ALG:type=2, length=0
2026-02-12 14:11:58.001 [cefgetfile] WARNING: Unknown VALIDATION_ALG:type=2, length=0
2026-02-12 14:11:58.002 [cefgetfile] WARNING: Unknown VALIDATION_ALG:type=2, length=0
2026-02-12 14:11:58.003 [cefgetfile] WARNING: Unknown VALIDATION_ALG:type=2, length=0
2026-02-12 14:11:58.005 [cefgetfile] WARNING: Unknown VALIDATION_ALG:type=2, length=0
2026-02-12 14:11:58.006 [cefgetfile] WARNING: Unknown VALIDATION_ALG:type=2, length=0
2026-02-12 14:11:58.006 [cefgetfile] WARNING: Unknown VALIDATION_ALG:type=2, length=0
2026-02-12 14:11:58.007 [cefgetfile] WARNING: Unknown VALIDATION_ALG:type=2, length=0
2026-02-12 14:11:58.008 [cefgetfile] WARNING: Unknown VALIDATION_ALG:type=2, length=0
2026-02-12 14:11:58.011 [cefgetfile] WARNING: Unknown VALIDATION_ALG:type=2, length=0
2026-02-12 14:11:58.011 [cefgetfile] WARNING: Unknown VALIDATION_ALG:type=2, length=0
2026-02-12 14:11:58.013 [cefgetfile] WARNING: Unknown VALIDATION_ALG:type=2, length=0
2026-02-12 14:11:58.017 [cefgetfile] WARNING: Unknown VALIDATION_ALG:type=2, length=0
2026-02-12 14:11:58.019 [cefgetfile] WARNING: Unknown VALIDATION_ALG:type=2, length=0
2026-02-12 14:11:58.020 [cefgetfile] WARNING: Unknown VALIDATION_ALG:type=2, length=0
2026-02-12 14:11:58.022 [cefgetfile] WARNING: Unknown VALIDATION_ALG:type=2, length=0
2026-02-12 14:11:58.023 [cefgetfile] WARNING: Unknown VALIDATION_ALG:type=2, length=0
2026-02-12 14:11:58.024 [cefgetfile] WARNING: Unknown VALIDATION_ALG:type=2, length=0
2026-02-12 14:11:58.025 [cefgetfile] WARNING: Unknown VALIDATION_ALG:type=2, length=0
2026-02-12 14:11:58.026 [cefgetfile] WARNING: Unknown VALIDATION_ALG:type=2, length=0
2026-02-12 14:11:58.027 [cefgetfile] WARNING: Unknown VALIDATION_ALG:type=2, length=0
2026-02-12 14:11:58.028 [cefgetfile] WARNING: Unknown VALIDATION_ALG:type=2, length=0
2026-02-12 14:11:58.029 [cefgetfile] WARNING: Unknown VALIDATION_ALG:type=2, length=0
2026-02-12 14:11:58.030 [cefgetfile] WARNING: Unknown VALIDATION_ALG:type=2, length=0
2026-02-12 14:11:58.031 [cefgetfile] WARNING: Unknown VALIDATION_ALG:type=2, length=0
2026-02-12 14:11:58.033 [cefgetfile] WARNING: Unknown VALIDATION_ALG:type=2, length=0
2026-02-12 14:11:58.033 [cefgetfile] WARNING: Unknown VALIDATION_ALG:type=2, length=0
2026-02-12 14:11:58.034 [cefgetfile] WARNING: Unknown VALIDATION_ALG:type=2, length=0
2026-02-12 14:11:58.035 [cefgetfile] WARNING: Unknown VALIDATION_ALG:type=2, length=0
2026-02-12 14:11:58.037 [cefgetfile] WARNING: Unknown VALIDATION_ALG:type=2, length=0
2026-02-12 14:11:58.038 [cefgetfile] WARNING: Unknown VALIDATION_ALG:type=2, length=0
2026-02-12 14:11:58.039 [cefgetfile] WARNING: Unknown VALIDATION_ALG:type=2, length=0
2026-02-12 14:11:58.040 [cefgetfile] WARNING: Unknown VALIDATION_ALG:type=2, length=0
2026-02-12 14:11:58.040 [cefgetfile] WARNING: Unknown VALIDATION_ALG:type=2, length=0
2026-02-12 14:11:58.042 [cefgetfile] WARNING: Unknown VALIDATION_ALG:type=2, length=0
2026-02-12 14:11:58.043 [cefgetfile] WARNING: Unknown VALIDATION_ALG:type=2, length=0
2026-02-12 14:11:58.043 [cefgetfile] WARNING: Unknown VALIDATION_ALG:type=2, length=0
2026-02-12 14:11:58.045 [cefgetfile] WARNING: Unknown VALIDATION_ALG:type=2, length=0
2026-02-12 14:11:58.046 [cefgetfile] WARNING: Unknown VALIDATION_ALG:type=2, length=0
2026-02-12 14:11:58.047 [cefgetfile] WARNING: Unknown VALIDATION_ALG:type=2, length=0
2026-02-12 14:11:58.049 [cefgetfile] WARNING: Unknown VALIDATION_ALG:type=2, length=0
2026-02-12 14:11:58.050 [cefgetfile] WARNING: Unknown VALIDATION_ALG:type=2, length=0
2026-02-12 14:11:58.050 [cefgetfile] WARNING: Unknown VALIDATION_ALG:type=2, length=0
2026-02-12 14:11:58.052 [cefgetfile] WARNING: Unknown VALIDATION_ALG:type=2, length=0
2026-02-12 14:11:58.054 [cefgetfile] WARNING: Unknown VALIDATION_ALG:type=2, length=0
2026-02-12 14:11:58.054 [cefgetfile] WARNING: Unknown VALIDATION_ALG:type=2, length=0
2026-02-12 14:11:58.056 [cefgetfile] WARNING: Unknown VALIDATION_ALG:type=2, length=0
2026-02-12 14:11:58.058 [cefgetfile] WARNING: Unknown VALIDATION_ALG:type=2, length=0
2026-02-12 14:11:58.060 [cefgetfile] WARNING: Unknown VALIDATION_ALG:type=2, length=0
2026-02-12 14:11:58.062 [cefgetfile] WARNING: Unknown VALIDATION_ALG:type=2, length=0
2026-02-12 14:11:58.064 [cefgetfile] WARNING: Unknown VALIDATION_ALG:type=2, length=0
2026-02-12 14:11:58.070 [cefgetfile] WARNING: Unknown VALIDATION_ALG:type=2, length=0
2026-02-12 14:11:58.072 [cefgetfile] WARNING: Unknown VALIDATION_ALG:type=2, length=0
2026-02-12 14:11:58.073 [cefgetfile] WARNING: Unknown VALIDATION_ALG:type=2, length=0
2026-02-12 14:11:58.074 [cefgetfile] WARNING: Unknown VALIDATION_ALG:type=2, length=0
2026-02-12 14:11:58.076 [cefgetfile] WARNING: Unknown VALIDATION_ALG:type=2, length=0
2026-02-12 14:11:58.078 [cefgetfile] WARNING: Unknown VALIDATION_ALG:type=2, length=0
2026-02-12 14:11:58.080 [cefgetfile] WARNING: Unknown VALIDATION_ALG:type=2, length=0
2026-02-12 14:11:58.081 [cefgetfile] WARNING: Unknown VALIDATION_ALG:type=2, length=0
2026-02-12 14:11:58.082 [cefgetfile] WARNING: Unknown VALIDATION_ALG:type=2, length=0
2026-02-12 14:11:58.083 [cefgetfile] WARNING: Unknown VALIDATION_ALG:type=2, length=0
2026-02-12 14:11:58.084 [cefgetfile] WARNING: Unknown VALIDATION_ALG:type=2, length=0
2026-02-12 14:11:58.086 [cefgetfile] WARNING: Unknown VALIDATION_ALG:type=2, length=0
2026-02-12 14:11:58.086 [cefgetfile] WARNING: Unknown VALIDATION_ALG:type=2, length=0
2026-02-12 14:11:58.088 [cefgetfile] WARNING: Unknown VALIDATION_ALG:type=2, length=0
2026-02-12 14:11:58.090 [cefgetfile] WARNING: Unknown VALIDATION_ALG:type=2, length=0
2026-02-12 14:11:58.091 [cefgetfile] WARNING: Unknown VALIDATION_ALG:type=2, length=0
2026-02-12 14:11:58.091 [cefgetfile] WARNING: Unknown VALIDATION_ALG:type=2, length=0
2026-02-12 14:11:58.092 [cefgetfile] WARNING: Unknown VALIDATION_ALG:type=2, length=0
2026-02-12 14:11:58.095 [cefgetfile] WARNING: Unknown VALIDATION_ALG:type=2, length=0
2026-02-12 14:11:58.096 [cefgetfile] WARNING: Unknown VALIDATION_ALG:type=2, length=0
2026-02-12 14:11:58.097 [cefgetfile] WARNING: Unknown VALIDATION_ALG:type=2, length=0
2026-02-12 14:11:58.098 [cefgetfile] WARNING: Unknown VALIDATION_ALG:type=2, length=0
2026-02-12 14:11:58.100 [cefgetfile] WARNING: Unknown VALIDATION_ALG:type=2, length=0
2026-02-12 14:11:58.101 [cefgetfile] WARNING: Unknown VALIDATION_ALG:type=2, length=0
2026-02-12 14:11:58.102 [cefgetfile] WARNING: Unknown VALIDATION_ALG:type=2, length=0
2026-02-12 14:11:58.103 [cefgetfile] WARNING: Unknown VALIDATION_ALG:type=2, length=0
2026-02-12 14:11:58.104 [cefgetfile] WARNING: Unknown VALIDATION_ALG:type=2, length=0
2026-02-12 14:11:58.105 [cefgetfile] WARNING: Unknown VALIDATION_ALG:type=2, length=0
2026-02-12 14:11:58.106 [cefgetfile] WARNING: Unknown VALIDATION_ALG:type=2, length=0
2026-02-12 14:11:58.107 [cefgetfile] WARNING: Unknown VALIDATION_ALG:type=2, length=0
2026-02-12 14:11:58.108 [cefgetfile] WARNING: Unknown VALIDATION_ALG:type=2, length=0
2026-02-12 14:11:58.109 [cefgetfile] WARNING: Unknown VALIDATION_ALG:type=2, length=0
2026-02-12 14:11:58.110 [cefgetfile] WARNING: Unknown VALIDATION_ALG:type=2, length=0
2026-02-12 14:11:58.111 [cefgetfile] WARNING: Unknown VALIDATION_ALG:type=2, length=0
2026-02-12 14:11:58.112 [cefgetfile] WARNING: Unknown VALIDATION_ALG:type=2, length=0
2026-02-12 14:11:58.113 [cefgetfile] WARNING: Unknown VALIDATION_ALG:type=2, length=0
2026-02-12 14:11:58.114 [cefgetfile] WARNING: Unknown VALIDATION_ALG:type=2, length=0
2026-02-12 14:11:58.115 [cefgetfile] WARNING: Unknown VALIDATION_ALG:type=2, length=0
2026-02-12 14:11:58.116 [cefgetfile] WARNING: Unknown VALIDATION_ALG:type=2, length=0
2026-02-12 14:11:58.117 [cefgetfile] WARNING: Unknown VALIDATION_ALG:type=2, length=0
2026-02-12 14:11:58.118 [cefgetfile] WARNING: Unknown VALIDATION_ALG:type=2, length=0
2026-02-12 14:11:58.118 [cefgetfile] WARNING: Unknown VALIDATION_ALG:type=2, length=0
2026-02-12 14:11:58.119 [cefgetfile] WARNING: Unknown VALIDATION_ALG:type=2, length=0
2026-02-12 14:11:58.120 [cefgetfile] WARNING: Unknown VALIDATION_ALG:type=2, length=0
2026-02-12 14:11:58.121 [cefgetfile] WARNING: Unknown VALIDATION_ALG:type=2, length=0
2026-02-12 14:11:58.121 [cefgetfile] WARNING: Unknown VALIDATION_ALG:type=2, length=0
2026-02-12 14:11:58.122 [cefgetfile] WARNING: Unknown VALIDATION_ALG:type=2, length=0
2026-02-12 14:11:58.123 [cefgetfile] WARNING: Unknown VALIDATION_ALG:type=2, length=0
2026-02-12 14:11:58.124 [cefgetfile] WARNING: Unknown VALIDATION_ALG:type=2, length=0
2026-02-12 14:11:58.126 [cefgetfile] WARNING: Unknown VALIDATION_ALG:type=2, length=0
2026-02-12 14:11:58.127 [cefgetfile] WARNING: Unknown VALIDATION_ALG:type=2, length=0
2026-02-12 14:11:58.127 [cefgetfile] WARNING: Unknown VALIDATION_ALG:type=2, length=0
2026-02-12 14:11:58.128 [cefgetfile] WARNING: Unknown VALIDATION_ALG:type=2, length=0
2026-02-12 14:11:58.130 [cefgetfile] WARNING: Unknown VALIDATION_ALG:type=2, length=0
2026-02-12 14:11:58.130 [cefgetfile] WARNING: Unknown VALIDATION_ALG:type=2, length=0
2026-02-12 14:11:58.133 [cefgetfile] WARNING: Unknown VALIDATION_ALG:type=2, length=0
2026-02-12 14:11:58.134 [cefgetfile] WARNING: Unknown VALIDATION_ALG:type=2, length=0
2026-02-12 14:11:58.138 [cefgetfile] WARNING: Unknown VALIDATION_ALG:type=2, length=0
2026-02-12 14:11:58.141 [cefgetfile] WARNING: Unknown VALIDATION_ALG:type=2, length=0
2026-02-12 14:11:58.143 [cefgetfile] WARNING: Unknown VALIDATION_ALG:type=2, length=0
2026-02-12 14:11:58.145 [cefgetfile] WARNING: Unknown VALIDATION_ALG:type=2, length=0
2026-02-12 14:11:58.149 [cefgetfile] WARNING: Unknown VALIDATION_ALG:type=2, length=0
2026-02-12 14:11:58.153 [cefgetfile] WARNING: Unknown VALIDATION_ALG:type=2, length=0
2026-02-12 14:11:58.155 [cefgetfile] WARNING: Unknown VALIDATION_ALG:type=2, length=0
2026-02-12 14:11:58.158 [cefgetfile] WARNING: Unknown VALIDATION_ALG:type=2, length=0
2026-02-12 14:11:58.160 [cefgetfile] WARNING: Unknown VALIDATION_ALG:type=2, length=0
2026-02-12 14:11:58.162 [cefgetfile] WARNING: Unknown VALIDATION_ALG:type=2, length=0
2026-02-12 14:11:58.163 [cefgetfile] WARNING: Unknown VALIDATION_ALG:type=2, length=0
2026-02-12 14:11:58.165 [cefgetfile] WARNING: Unknown VALIDATION_ALG:type=2, length=0
2026-02-12 14:11:58.166 [cefgetfile] WARNING: Unknown VALIDATION_ALG:type=2, length=0
2026-02-12 14:11:58.168 [cefgetfile] WARNING: Unknown VALIDATION_ALG:type=2, length=0
2026-02-12 14:11:58.169 [cefgetfile] WARNING: Unknown VALIDATION_ALG:type=2, length=0
2026-02-12 14:11:58.171 [cefgetfile] WARNING: Unknown VALIDATION_ALG:type=2, length=0
2026-02-12 14:11:58.172 [cefgetfile] WARNING: Unknown VALIDATION_ALG:type=2, length=0
2026-02-12 14:11:58.172 [cefgetfile] WARNING: Unknown VALIDATION_ALG:type=2, length=0
2026-02-12 14:11:58.174 [cefgetfile] WARNING: Unknown VALIDATION_ALG:type=2, length=0
2026-02-12 14:11:58.175 [cefgetfile] WARNING: Unknown VALIDATION_ALG:type=2, length=0
2026-02-12 14:11:58.176 [cefgetfile] WARNING: Unknown VALIDATION_ALG:type=2, length=0
2026-02-12 14:11:58.177 [cefgetfile] WARNING: Unknown VALIDATION_ALG:type=2, length=0
2026-02-12 14:11:58.178 [cefgetfile] WARNING: Unknown VALIDATION_ALG:type=2, length=0
2026-02-12 14:11:58.179 [cefgetfile] WARNING: Unknown VALIDATION_ALG:type=2, length=0
2026-02-12 14:11:58.180 [cefgetfile] WARNING: Unknown VALIDATION_ALG:type=2, length=0
2026-02-12 14:11:58.182 [cefgetfile] WARNING: Unknown VALIDATION_ALG:type=2, length=0
2026-02-12 14:11:58.184 [cefgetfile] WARNING: Unknown VALIDATION_ALG:type=2, length=0
2026-02-12 14:11:58.185 [cefgetfile] WARNING: Unknown VALIDATION_ALG:type=2, length=0
2026-02-12 14:11:58.185 [cefgetfile] WARNING: Unknown VALIDATION_ALG:type=2, length=0
2026-02-12 14:11:58.187 [cefgetfile] WARNING: Unknown VALIDATION_ALG:type=2, length=0
2026-02-12 14:11:58.190 [cefgetfile] WARNING: Unknown VALIDATION_ALG:type=2, length=0
2026-02-12 14:11:58.192 [cefgetfile] WARNING: Unknown VALIDATION_ALG:type=2, length=0
2026-02-12 14:11:58.194 [cefgetfile] WARNING: Unknown VALIDATION_ALG:type=2, length=0
2026-02-12 14:11:58.196 [cefgetfile] WARNING: Unknown VALIDATION_ALG:type=2, length=0
2026-02-12 14:11:58.199 [cefgetfile] WARNING: Unknown VALIDATION_ALG:type=2, length=0
2026-02-12 14:11:58.201 [cefgetfile] WARNING: Unknown VALIDATION_ALG:type=2, length=0
2026-02-12 14:11:58.203 [cefgetfile] WARNING: Unknown VALIDATION_ALG:type=2, length=0
2026-02-12 14:11:58.205 [cefgetfile] WARNING: Unknown VALIDATION_ALG:type=2, length=0
2026-02-12 14:11:58.208 [cefgetfile] WARNING: Unknown VALIDATION_ALG:type=2, length=0
2026-02-12 14:11:58.209 [cefgetfile] WARNING: Unknown VALIDATION_ALG:type=2, length=0
2026-02-12 14:11:58.210 [cefgetfile] WARNING: Unknown VALIDATION_ALG:type=2, length=0
2026-02-12 14:11:58.212 [cefgetfile] WARNING: Unknown VALIDATION_ALG:type=2, length=0
2026-02-12 14:11:58.213 [cefgetfile] WARNING: Unknown VALIDATION_ALG:type=2, length=0
2026-02-12 14:11:58.214 [cefgetfile] WARNING: Unknown VALIDATION_ALG:type=2, length=0
2026-02-12 14:11:58.215 [cefgetfile] WARNING: Unknown VALIDATION_ALG:type=2, length=0
2026-02-12 14:11:58.217 [cefgetfile] WARNING: Unknown VALIDATION_ALG:type=2, length=0
2026-02-12 14:11:58.218 [cefgetfile] WARNING: Unknown VALIDATION_ALG:type=2, length=0
2026-02-12 14:11:58.219 [cefgetfile] WARNING: Unknown VALIDATION_ALG:type=2, length=0
2026-02-12 14:11:58.220 [cefgetfile] WARNING: Unknown VALIDATION_ALG:type=2, length=0
2026-02-12 14:11:58.221 [cefgetfile] WARNING: Unknown VALIDATION_ALG:type=2, length=0
2026-02-12 14:11:58.222 [cefgetfile] WARNING: Unknown VALIDATION_ALG:type=2, length=0
2026-02-12 14:11:58.224 [cefgetfile] WARNING: Unknown VALIDATION_ALG:type=2, length=0
2026-02-12 14:11:58.225 [cefgetfile] WARNING: Unknown VALIDATION_ALG:type=2, length=0
2026-02-12 14:11:58.226 [cefgetfile] WARNING: Unknown VALIDATION_ALG:type=2, length=0
2026-02-12 14:11:58.226 [cefgetfile] WARNING: Unknown VALIDATION_ALG:type=2, length=0
2026-02-12 14:11:58.227 [cefgetfile] WARNING: Unknown VALIDATION_ALG:type=2, length=0
2026-02-12 14:11:58.229 [cefgetfile] WARNING: Unknown VALIDATION_ALG:type=2, length=0
2026-02-12 14:11:58.229 [cefgetfile] WARNING: Unknown VALIDATION_ALG:type=2, length=0
2026-02-12 14:11:58.231 [cefgetfile] WARNING: Unknown VALIDATION_ALG:type=2, length=0
2026-02-12 14:11:58.231 [cefgetfile] WARNING: Unknown VALIDATION_ALG:type=2, length=0
2026-02-12 14:11:58.233 [cefgetfile] WARNING: Unknown VALIDATION_ALG:type=2, length=0
2026-02-12 14:11:58.233 [cefgetfile] WARNING: Unknown VALIDATION_ALG:type=2, length=0
2026-02-12 14:11:58.235 [cefgetfile] WARNING: Unknown VALIDATION_ALG:type=2, length=0
2026-02-12 14:11:58.236 [cefgetfile] WARNING: Unknown VALIDATION_ALG:type=2, length=0
2026-02-12 14:11:58.237 [cefgetfile] WARNING: Unknown VALIDATION_ALG:type=2, length=0
2026-02-12 14:11:58.239 [cefgetfile] WARNING: Unknown VALIDATION_ALG:type=2, length=0
2026-02-12 14:11:58.240 [cefgetfile] WARNING: Unknown VALIDATION_ALG:type=2, length=0
2026-02-12 14:11:58.242 [cefgetfile] WARNING: Unknown VALIDATION_ALG:type=2, length=0
2026-02-12 14:11:58.243 [cefgetfile] WARNING: Unknown VALIDATION_ALG:type=2, length=0
2026-02-12 14:11:58.245 [cefgetfile] WARNING: Unknown VALIDATION_ALG:type=2, length=0
2026-02-12 14:11:58.246 [cefgetfile] WARNING: Unknown VALIDATION_ALG:type=2, length=0
2026-02-12 14:11:58.247 [cefgetfile] WARNING: Unknown VALIDATION_ALG:type=2, length=0
2026-02-12 14:11:58.248 [cefgetfile] WARNING: Unknown VALIDATION_ALG:type=2, length=0
2026-02-12 14:11:58.249 [cefgetfile] WARNING: Unknown VALIDATION_ALG:type=2, length=0
2026-02-12 14:11:58.251 [cefgetfile] WARNING: Unknown VALIDATION_ALG:type=2, length=0
2026-02-12 14:11:58.251 [cefgetfile] WARNING: Unknown VALIDATION_ALG:type=2, length=0
2026-02-12 14:11:58.253 [cefgetfile] WARNING: Unknown VALIDATION_ALG:type=2, length=0
2026-02-12 14:11:58.254 [cefgetfile] WARNING: Unknown VALIDATION_ALG:type=2, length=0
2026-02-12 14:11:58.256 [cefgetfile] WARNING: Unknown VALIDATION_ALG:type=2, length=0
2026-02-12 14:11:58.256 [cefgetfile] WARNING: Unknown VALIDATION_ALG:type=2, length=0
2026-02-12 14:11:58.258 [cefgetfile] WARNING: Unknown VALIDATION_ALG:type=2, length=0
2026-02-12 14:11:58.260 [cefgetfile] WARNING: Unknown VALIDATION_ALG:type=2, length=0
2026-02-12 14:11:58.262 [cefgetfile] WARNING: Unknown VALIDATION_ALG:type=2, length=0
2026-02-12 14:11:58.263 [cefgetfile] WARNING: Unknown VALIDATION_ALG:type=2, length=0
2026-02-12 14:11:58.264 [cefgetfile] WARNING: Unknown VALIDATION_ALG:type=2, length=0
2026-02-12 14:11:58.267 [cefgetfile] WARNING: Unknown VALIDATION_ALG:type=2, length=0
2026-02-12 14:11:58.268 [cefgetfile] WARNING: Unknown VALIDATION_ALG:type=2, length=0
2026-02-12 14:11:58.269 [cefgetfile] WARNING: Unknown VALIDATION_ALG:type=2, length=0
2026-02-12 14:11:58.270 [cefgetfile] WARNING: Unknown VALIDATION_ALG:type=2, length=0
2026-02-12 14:11:58.273 [cefgetfile] WARNING: Unknown VALIDATION_ALG:type=2, length=0
2026-02-12 14:11:58.274 [cefgetfile] WARNING: Unknown VALIDATION_ALG:type=2, length=0
2026-02-12 14:11:58.275 [cefgetfile] WARNING: Unknown VALIDATION_ALG:type=2, length=0
2026-02-12 14:11:58.276 [cefgetfile] WARNING: Unknown VALIDATION_ALG:type=2, length=0
2026-02-12 14:11:58.278 [cefgetfile] WARNING: Unknown VALIDATION_ALG:type=2, length=0
2026-02-12 14:11:58.279 [cefgetfile] WARNING: Unknown VALIDATION_ALG:type=2, length=0
2026-02-12 14:11:58.280 [cefgetfile] WARNING: Unknown VALIDATION_ALG:type=2, length=0
2026-02-12 14:11:58.283 [cefgetfile] WARNING: Unknown VALIDATION_ALG:type=2, length=0
2026-02-12 14:11:58.286 [cefgetfile] WARNING: Unknown VALIDATION_ALG:type=2, length=0
2026-02-12 14:11:58.286 [cefgetfile] WARNING: Unknown VALIDATION_ALG:type=2, length=0
2026-02-12 14:11:58.288 [cefgetfile] WARNING: Unknown VALIDATION_ALG:type=2, length=0
2026-02-12 14:11:58.291 [cefgetfile] WARNING: Unknown VALIDATION_ALG:type=2, length=0
2026-02-12 14:11:58.295 [cefgetfile] WARNING: Unknown VALIDATION_ALG:type=2, length=0
2026-02-12 14:11:58.295 [cefgetfile] WARNING: Unknown VALIDATION_ALG:type=2, length=0
2026-02-12 14:11:58.297 [cefgetfile] WARNING: Unknown VALIDATION_ALG:type=2, length=0
2026-02-12 14:11:58.299 [cefgetfile] WARNING: Unknown VALIDATION_ALG:type=2, length=0
2026-02-12 14:11:58.301 [cefgetfile] WARNING: Unknown VALIDATION_ALG:type=2, length=0
2026-02-12 14:11:58.301 [cefgetfile] WARNING: Unknown VALIDATION_ALG:type=2, length=0
2026-02-12 14:11:58.303 [cefgetfile] WARNING: Unknown VALIDATION_ALG:type=2, length=0
2026-02-12 14:11:58.304 [cefgetfile] WARNING: Unknown VALIDATION_ALG:type=2, length=0
2026-02-12 14:11:58.306 [cefgetfile] WARNING: Unknown VALIDATION_ALG:type=2, length=0
2026-02-12 14:11:58.306 [cefgetfile] WARNING: Unknown VALIDATION_ALG:type=2, length=0
2026-02-12 14:11:58.309 [cefgetfile] WARNING: Unknown VALIDATION_ALG:type=2, length=0
2026-02-12 14:11:58.310 [cefgetfile] WARNING: Unknown VALIDATION_ALG:type=2, length=0
2026-02-12 14:11:58.310 [cefgetfile] WARNING: Unknown VALIDATION_ALG:type=2, length=0
2026-02-12 14:11:58.310 [cefgetfile] WARNING: Unknown VALIDATION_ALG:type=2, length=0
2026-02-12 14:11:58.314 [cefgetfile] WARNING: Unknown VALIDATION_ALG:type=2, length=0
2026-02-12 14:11:58.315 [cefgetfile] WARNING: Unknown VALIDATION_ALG:type=2, length=0
2026-02-12 14:11:58.316 [cefgetfile] WARNING: Unknown VALIDATION_ALG:type=2, length=0
2026-02-12 14:11:58.316 [cefgetfile] WARNING: Unknown VALIDATION_ALG:type=2, length=0
2026-02-12 14:11:58.319 [cefgetfile] WARNING: Unknown VALIDATION_ALG:type=2, length=0
2026-02-12 14:11:58.320 [cefgetfile] WARNING: Unknown VALIDATION_ALG:type=2, length=0
2026-02-12 14:11:58.321 [cefgetfile] WARNING: Unknown VALIDATION_ALG:type=2, length=0
2026-02-12 14:11:58.322 [cefgetfile] WARNING: Unknown VALIDATION_ALG:type=2, length=0
2026-02-12 14:11:58.323 [cefgetfile] WARNING: Unknown VALIDATION_ALG:type=2, length=0
2026-02-12 14:11:58.324 [cefgetfile] WARNING: Unknown VALIDATION_ALG:type=2, length=0
2026-02-12 14:11:58.325 [cefgetfile] WARNING: Unknown VALIDATION_ALG:type=2, length=0
2026-02-12 14:11:58.326 [cefgetfile] WARNING: Unknown VALIDATION_ALG:type=2, length=0
2026-02-12 14:11:58.326 [cefgetfile] WARNING: Unknown VALIDATION_ALG:type=2, length=0
2026-02-12 14:11:58.328 [cefgetfile] WARNING: Unknown VALIDATION_ALG:type=2, length=0
2026-02-12 14:11:58.330 [cefgetfile] WARNING: Unknown VALIDATION_ALG:type=2, length=0
2026-02-12 14:11:58.330 [cefgetfile] WARNING: Unknown VALIDATION_ALG:type=2, length=0
2026-02-12 14:11:58.332 [cefgetfile] WARNING: Unknown VALIDATION_ALG:type=2, length=0
2026-02-12 14:11:58.333 [cefgetfile] WARNING: Unknown VALIDATION_ALG:type=2, length=0
2026-02-12 14:11:58.336 [cefgetfile] WARNING: Unknown VALIDATION_ALG:type=2, length=0
2026-02-12 14:11:58.337 [cefgetfile] WARNING: Unknown VALIDATION_ALG:type=2, length=0
2026-02-12 14:11:58.339 [cefgetfile] WARNING: Unknown VALIDATION_ALG:type=2, length=0
2026-02-12 14:11:58.341 [cefgetfile] WARNING: Unknown VALIDATION_ALG:type=2, length=0
2026-02-12 14:11:58.344 [cefgetfile] WARNING: Unknown VALIDATION_ALG:type=2, length=0
2026-02-12 14:11:58.347 [cefgetfile] WARNING: Unknown VALIDATION_ALG:type=2, length=0
2026-02-12 14:11:58.349 [cefgetfile] WARNING: Unknown VALIDATION_ALG:type=2, length=0
2026-02-12 14:11:58.351 [cefgetfile] WARNING: Unknown VALIDATION_ALG:type=2, length=0
2026-02-12 14:11:58.353 [cefgetfile] WARNING: Unknown VALIDATION_ALG:type=2, length=0
2026-02-12 14:11:58.354 [cefgetfile] WARNING: Unknown VALIDATION_ALG:type=2, length=0
2026-02-12 14:11:58.355 [cefgetfile] WARNING: Unknown VALIDATION_ALG:type=2, length=0
2026-02-12 14:11:58.357 [cefgetfile] WARNING: Unknown VALIDATION_ALG:type=2, length=0
2026-02-12 14:11:58.358 [cefgetfile] WARNING: Unknown VALIDATION_ALG:type=2, length=0
2026-02-12 14:11:58.359 [cefgetfile] WARNING: Unknown VALIDATION_ALG:type=2, length=0
2026-02-12 14:11:58.360 [cefgetfile] WARNING: Unknown VALIDATION_ALG:type=2, length=0
2026-02-12 14:11:58.362 [cefgetfile] WARNING: Unknown VALIDATION_ALG:type=2, length=0
2026-02-12 14:11:58.362 [cefgetfile] WARNING: Unknown VALIDATION_ALG:type=2, length=0
2026-02-12 14:11:58.363 [cefgetfile] WARNING: Unknown VALIDATION_ALG:type=2, length=0
2026-02-12 14:11:58.364 [cefgetfile] WARNING: Unknown VALIDATION_ALG:type=2, length=0
2026-02-12 14:11:58.366 [cefgetfile] WARNING: Unknown VALIDATION_ALG:type=2, length=0
2026-02-12 14:11:58.367 [cefgetfile] WARNING: Unknown VALIDATION_ALG:type=2, length=0
2026-02-12 14:11:58.368 [cefgetfile] WARNING: Unknown VALIDATION_ALG:type=2, length=0
2026-02-12 14:11:58.370 [cefgetfile] WARNING: Unknown VALIDATION_ALG:type=2, length=0
2026-02-12 14:11:58.370 [cefgetfile] WARNING: Unknown VALIDATION_ALG:type=2, length=0
2026-02-12 14:11:58.371 [cefgetfile] WARNING: Unknown VALIDATION_ALG:type=2, length=0
2026-02-12 14:11:58.372 [cefgetfile] WARNING: Unknown VALIDATION_ALG:type=2, length=0
2026-02-12 14:11:58.374 [cefgetfile] WARNING: Unknown VALIDATION_ALG:type=2, length=0
2026-02-12 14:11:58.374 [cefgetfile] WARNING: Unknown VALIDATION_ALG:type=2, length=0
2026-02-12 14:11:58.375 [cefgetfile] WARNING: Unknown VALIDATION_ALG:type=2, length=0
2026-02-12 14:11:58.376 [cefgetfile] WARNING: Unknown VALIDATION_ALG:type=2, length=0
2026-02-12 14:11:58.377 [cefgetfile] WARNING: Unknown VALIDATION_ALG:type=2, length=0
2026-02-12 14:11:58.378 [cefgetfile] WARNING: Unknown VALIDATION_ALG:type=2, length=0
2026-02-12 14:11:58.379 [cefgetfile] WARNING: Unknown VALIDATION_ALG:type=2, length=0
2026-02-12 14:11:58.380 [cefgetfile] WARNING: Unknown VALIDATION_ALG:type=2, length=0
2026-02-12 14:11:58.381 [cefgetfile] WARNING: Unknown VALIDATION_ALG:type=2, length=0
2026-02-12 14:11:58.383 [cefgetfile] WARNING: Unknown VALIDATION_ALG:type=2, length=0
2026-02-12 14:11:58.385 [cefgetfile] WARNING: Unknown VALIDATION_ALG:type=2, length=0
2026-02-12 14:11:58.387 [cefgetfile] WARNING: Unknown VALIDATION_ALG:type=2, length=0
2026-02-12 14:11:58.388 [cefgetfile] WARNING: Unknown VALIDATION_ALG:type=2, length=0
2026-02-12 14:11:58.388 [cefgetfile] WARNING: Unknown VALIDATION_ALG:type=2, length=0
2026-02-12 14:11:58.392 [cefgetfile] WARNING: Unknown VALIDATION_ALG:type=2, length=0
2026-02-12 14:11:58.394 [cefgetfile] WARNING: Unknown VALIDATION_ALG:type=2, length=0
2026-02-12 14:11:58.394 [cefgetfile] WARNING: Unknown VALIDATION_ALG:type=2, length=0
2026-02-12 14:11:58.395 [cefgetfile] WARNING: Unknown VALIDATION_ALG:type=2, length=0
2026-02-12 14:11:58.397 [cefgetfile] WARNING: Unknown VALIDATION_ALG:type=2, length=0
2026-02-12 14:11:58.399 [cefgetfile] WARNING: Unknown VALIDATION_ALG:type=2, length=0
2026-02-12 14:11:58.400 [cefgetfile] WARNING: Unknown VALIDATION_ALG:type=2, length=0
2026-02-12 14:11:58.400 [cefgetfile] WARNING: Unknown VALIDATION_ALG:type=2, length=0
2026-02-12 14:11:58.402 [cefgetfile] WARNING: Unknown VALIDATION_ALG:type=2, length=0
2026-02-12 14:11:58.402 [cefgetfile] WARNING: Unknown VALIDATION_ALG:type=2, length=0
2026-02-12 14:11:58.404 [cefgetfile] WARNING: Unknown VALIDATION_ALG:type=2, length=0
2026-02-12 14:11:58.405 [cefgetfile] WARNING: Unknown VALIDATION_ALG:type=2, length=0
2026-02-12 14:11:58.406 [cefgetfile] WARNING: Unknown VALIDATION_ALG:type=2, length=0
2026-02-12 14:11:58.407 [cefgetfile] WARNING: Unknown VALIDATION_ALG:type=2, length=0
2026-02-12 14:11:58.409 [cefgetfile] WARNING: Unknown VALIDATION_ALG:type=2, length=0
2026-02-12 14:11:58.410 [cefgetfile] WARNING: Unknown VALIDATION_ALG:type=2, length=0
2026-02-12 14:11:58.412 [cefgetfile] WARNING: Unknown VALIDATION_ALG:type=2, length=0
2026-02-12 14:11:58.414 [cefgetfile] WARNING: Unknown VALIDATION_ALG:type=2, length=0
2026-02-12 14:11:58.416 [cefgetfile] WARNING: Unknown VALIDATION_ALG:type=2, length=0
2026-02-12 14:11:58.417 [cefgetfile] WARNING: Unknown VALIDATION_ALG:type=2, length=0
2026-02-12 14:11:58.419 [cefgetfile] WARNING: Unknown VALIDATION_ALG:type=2, length=0
2026-02-12 14:11:58.421 [cefgetfile] WARNING: Unknown VALIDATION_ALG:type=2, length=0
2026-02-12 14:11:58.423 [cefgetfile] WARNING: Unknown VALIDATION_ALG:type=2, length=0
2026-02-12 14:11:58.424 [cefgetfile] WARNING: Unknown VALIDATION_ALG:type=2, length=0
2026-02-12 14:11:58.426 [cefgetfile] WARNING: Unknown VALIDATION_ALG:type=2, length=0
2026-02-12 14:11:58.427 [cefgetfile] WARNING: Unknown VALIDATION_ALG:type=2, length=0
2026-02-12 14:11:58.429 [cefgetfile] WARNING: Unknown VALIDATION_ALG:type=2, length=0
2026-02-12 14:11:58.430 [cefgetfile] WARNING: Unknown VALIDATION_ALG:type=2, length=0
2026-02-12 14:11:58.430 [cefgetfile] WARNING: Unknown VALIDATION_ALG:type=2, length=0
2026-02-12 14:11:58.431 [cefgetfile] WARNING: Unknown VALIDATION_ALG:type=2, length=0
2026-02-12 14:11:58.434 [cefgetfile] WARNING: Unknown VALIDATION_ALG:type=2, length=0
2026-02-12 14:11:58.434 [cefgetfile] WARNING: Unknown VALIDATION_ALG:type=2, length=0
2026-02-12 14:11:58.435 [cefgetfile] WARNING: Unknown VALIDATION_ALG:type=2, length=0
2026-02-12 14:11:58.437 [cefgetfile] WARNING: Unknown VALIDATION_ALG:type=2, length=0
2026-02-12 14:11:58.441 [cefgetfile] WARNING: Unknown VALIDATION_ALG:type=2, length=0
2026-02-12 14:11:58.441 [cefgetfile] WARNING: Unknown VALIDATION_ALG:type=2, length=0
2026-02-12 14:11:58.442 [cefgetfile] WARNING: Unknown VALIDATION_ALG:type=2, length=0
2026-02-12 14:11:58.444 [cefgetfile] WARNING: Unknown VALIDATION_ALG:type=2, length=0
2026-02-12 14:11:58.448 [cefgetfile] WARNING: Unknown VALIDATION_ALG:type=2, length=0
2026-02-12 14:11:58.449 [cefgetfile] WARNING: Unknown VALIDATION_ALG:type=2, length=0
2026-02-12 14:11:58.450 [cefgetfile] WARNING: Unknown VALIDATION_ALG:type=2, length=0
2026-02-12 14:11:58.452 [cefgetfile] WARNING: Unknown VALIDATION_ALG:type=2, length=0
2026-02-12 14:11:58.454 [cefgetfile] WARNING: Unknown VALIDATION_ALG:type=2, length=0
2026-02-12 14:11:58.455 [cefgetfile] WARNING: Unknown VALIDATION_ALG:type=2, length=0
2026-02-12 14:11:58.456 [cefgetfile] WARNING: Unknown VALIDATION_ALG:type=2, length=0
2026-02-12 14:11:58.458 [cefgetfile] WARNING: Unknown VALIDATION_ALG:type=2, length=0
2026-02-12 14:11:58.460 [cefgetfile] WARNING: Unknown VALIDATION_ALG:type=2, length=0
2026-02-12 14:11:58.461 [cefgetfile] WARNING: Unknown VALIDATION_ALG:type=2, length=0
2026-02-12 14:11:58.462 [cefgetfile] WARNING: Unknown VALIDATION_ALG:type=2, length=0
2026-02-12 14:11:58.464 [cefgetfile] WARNING: Unknown VALIDATION_ALG:type=2, length=0
2026-02-12 14:11:58.466 [cefgetfile] WARNING: Unknown VALIDATION_ALG:type=2, length=0
2026-02-12 14:11:58.468 [cefgetfile] WARNING: Unknown VALIDATION_ALG:type=2, length=0
2026-02-12 14:11:58.469 [cefgetfile] WARNING: Unknown VALIDATION_ALG:type=2, length=0
2026-02-12 14:11:58.472 [cefgetfile] WARNING: Unknown VALIDATION_ALG:type=2, length=0
2026-02-12 14:11:58.474 [cefgetfile] WARNING: Unknown VALIDATION_ALG:type=2, length=0
2026-02-12 14:11:58.476 [cefgetfile] WARNING: Unknown VALIDATION_ALG:type=2, length=0
2026-02-12 14:11:58.478 [cefgetfile] WARNING: Unknown VALIDATION_ALG:type=2, length=0
2026-02-12 14:11:58.479 [cefgetfile] WARNING: Unknown VALIDATION_ALG:type=2, length=0
2026-02-12 14:11:58.480 [cefgetfile] WARNING: Unknown VALIDATION_ALG:type=2, length=0
2026-02-12 14:11:58.481 [cefgetfile] WARNING: Unknown VALIDATION_ALG:type=2, length=0
2026-02-12 14:11:58.482 [cefgetfile] WARNING: Unknown VALIDATION_ALG:type=2, length=0
2026-02-12 14:11:58.482 [cefgetfile] WARNING: Unknown VALIDATION_ALG:type=2, length=0
2026-02-12 14:11:58.483 [cefgetfile] WARNING: Unknown VALIDATION_ALG:type=2, length=0
2026-02-12 14:11:58.485 [cefgetfile] WARNING: Unknown VALIDATION_ALG:type=2, length=0
2026-02-12 14:11:58.486 [cefgetfile] WARNING: Unknown VALIDATION_ALG:type=2, length=0
2026-02-12 14:11:58.487 [cefgetfile] WARNING: Unknown VALIDATION_ALG:type=2, length=0
2026-02-12 14:11:58.488 [cefgetfile] WARNING: Unknown VALIDATION_ALG:type=2, length=0
2026-02-12 14:11:58.490 [cefgetfile] WARNING: Unknown VALIDATION_ALG:type=2, length=0
2026-02-12 14:11:58.491 [cefgetfile] WARNING: Unknown VALIDATION_ALG:type=2, length=0
2026-02-12 14:11:58.492 [cefgetfile] WARNING: Unknown VALIDATION_ALG:type=2, length=0
2026-02-12 14:11:58.493 [cefgetfile] WARNING: Unknown VALIDATION_ALG:type=2, length=0
2026-02-12 14:11:58.494 [cefgetfile] WARNING: Unknown VALIDATION_ALG:type=2, length=0
2026-02-12 14:11:58.496 [cefgetfile] WARNING: Unknown VALIDATION_ALG:type=2, length=0
2026-02-12 14:11:58.497 [cefgetfile] WARNING: Unknown VALIDATION_ALG:type=2, length=0
2026-02-12 14:11:58.500 [cefgetfile] WARNING: Unknown VALIDATION_ALG:type=2, length=0
2026-02-12 14:11:58.501 [cefgetfile] WARNING: Unknown VALIDATION_ALG:type=2, length=0
2026-02-12 14:11:58.503 [cefgetfile] WARNING: Unknown VALIDATION_ALG:type=2, length=0
2026-02-12 14:11:58.505 [cefgetfile] WARNING: Unknown VALIDATION_ALG:type=2, length=0
2026-02-12 14:11:58.508 [cefgetfile] WARNING: Unknown VALIDATION_ALG:type=2, length=0
2026-02-12 14:11:58.508 [cefgetfile] WARNING: Unknown VALIDATION_ALG:type=2, length=0
2026-02-12 14:11:58.511 [cefgetfile] WARNING: Unknown VALIDATION_ALG:type=2, length=0
2026-02-12 14:11:58.512 [cefgetfile] WARNING: Unknown VALIDATION_ALG:type=2, length=0
2026-02-12 14:11:58.513 [cefgetfile] WARNING: Unknown VALIDATION_ALG:type=2, length=0
2026-02-12 14:11:58.514 [cefgetfile] WARNING: Unknown VALIDATION_ALG:type=2, length=0
2026-02-12 14:11:58.515 [cefgetfile] WARNING: Unknown VALIDATION_ALG:type=2, length=0
2026-02-12 14:11:58.516 [cefgetfile] WARNING: Unknown VALIDATION_ALG:type=2, length=0
2026-02-12 14:11:58.518 [cefgetfile] WARNING: Unknown VALIDATION_ALG:type=2, length=0
2026-02-12 14:11:58.519 [cefgetfile] WARNING: Unknown VALIDATION_ALG:type=2, length=0
2026-02-12 14:11:58.520 [cefgetfile] WARNING: Unknown VALIDATION_ALG:type=2, length=0
2026-02-12 14:11:58.521 [cefgetfile] WARNING: Unknown VALIDATION_ALG:type=2, length=0
2026-02-12 14:11:58.523 [cefgetfile] WARNING: Unknown VALIDATION_ALG:type=2, length=0
2026-02-12 14:11:58.524 [cefgetfile] WARNING: Unknown VALIDATION_ALG:type=2, length=0
2026-02-12 14:11:58.525 [cefgetfile] WARNING: Unknown VALIDATION_ALG:type=2, length=0
2026-02-12 14:11:58.527 [cefgetfile] WARNING: Unknown VALIDATION_ALG:type=2, length=0
2026-02-12 14:11:58.528 [cefgetfile] WARNING: Unknown VALIDATION_ALG:type=2, length=0
2026-02-12 14:11:58.530 [cefgetfile] WARNING: Unknown VALIDATION_ALG:type=2, length=0
2026-02-12 14:11:58.531 [cefgetfile] WARNING: Unknown VALIDATION_ALG:type=2, length=0
2026-02-12 14:11:58.533 [cefgetfile] WARNING: Unknown VALIDATION_ALG:type=2, length=0
2026-02-12 14:11:58.534 [cefgetfile] WARNING: Unknown VALIDATION_ALG:type=2, length=0
2026-02-12 14:11:58.536 [cefgetfile] WARNING: Unknown VALIDATION_ALG:type=2, length=0
2026-02-12 14:11:58.537 [cefgetfile] WARNING: Unknown VALIDATION_ALG:type=2, length=0
2026-02-12 14:11:58.538 [cefgetfile] WARNING: Unknown VALIDATION_ALG:type=2, length=0
2026-02-12 14:11:58.540 [cefgetfile] WARNING: Unknown VALIDATION_ALG:type=2, length=0
2026-02-12 14:11:58.542 [cefgetfile] WARNING: Unknown VALIDATION_ALG:type=2, length=0
2026-02-12 14:11:58.543 [cefgetfile] WARNING: Unknown VALIDATION_ALG:type=2, length=0
2026-02-12 14:11:58.544 [cefgetfile] WARNING: Unknown VALIDATION_ALG:type=2, length=0
2026-02-12 14:11:58.546 [cefgetfile] WARNING: Unknown VALIDATION_ALG:type=2, length=0
2026-02-12 14:11:58.546 [cefgetfile] WARNING: Unknown VALIDATION_ALG:type=2, length=0
2026-02-12 14:11:58.547 [cefgetfile] WARNING: Unknown VALIDATION_ALG:type=2, length=0
2026-02-12 14:11:58.549 [cefgetfile] WARNING: Unknown VALIDATION_ALG:type=2, length=0
2026-02-12 14:11:58.550 [cefgetfile] WARNING: Unknown VALIDATION_ALG:type=2, length=0
2026-02-12 14:11:58.551 [cefgetfile] WARNING: Unknown VALIDATION_ALG:type=2, length=0
2026-02-12 14:11:58.552 [cefgetfile] WARNING: Unknown VALIDATION_ALG:type=2, length=0
2026-02-12 14:11:58.554 [cefgetfile] WARNING: Unknown VALIDATION_ALG:type=2, length=0
2026-02-12 14:11:58.557 [cefgetfile] WARNING: Unknown VALIDATION_ALG:type=2, length=0
2026-02-12 14:11:58.559 [cefgetfile] WARNING: Unknown VALIDATION_ALG:type=2, length=0
2026-02-12 14:11:58.561 [cefgetfile] WARNING: Unknown VALIDATION_ALG:type=2, length=0
2026-02-12 14:11:58.564 [cefgetfile] WARNING: Unknown VALIDATION_ALG:type=2, length=0
2026-02-12 14:11:58.569 [cefgetfile] WARNING: Unknown VALIDATION_ALG:type=2, length=0
2026-02-12 14:11:58.572 [cefgetfile] WARNING: Unknown VALIDATION_ALG:type=2, length=0
2026-02-12 14:11:58.574 [cefgetfile] WARNING: Unknown VALIDATION_ALG:type=2, length=0
2026-02-12 14:11:58.577 [cefgetfile] WARNING: Unknown VALIDATION_ALG:type=2, length=0
2026-02-12 14:11:58.578 [cefgetfile] WARNING: Unknown VALIDATION_ALG:type=2, length=0
2026-02-12 14:11:58.579 [cefgetfile] WARNING: Unknown VALIDATION_ALG:type=2, length=0
2026-02-12 14:11:58.580 [cefgetfile] WARNING: Unknown VALIDATION_ALG:type=2, length=0
2026-02-12 14:11:58.582 [cefgetfile] WARNING: Unknown VALIDATION_ALG:type=2, length=0
2026-02-12 14:11:58.582 [cefgetfile] WARNING: Unknown VALIDATION_ALG:type=2, length=0
2026-02-12 14:11:58.583 [cefgetfile] WARNING: Unknown VALIDATION_ALG:type=2, length=0
2026-02-12 14:11:58.584 [cefgetfile] WARNING: Unknown VALIDATION_ALG:type=2, length=0
2026-02-12 14:11:58.585 [cefgetfile] WARNING: Unknown VALIDATION_ALG:type=2, length=0
2026-02-12 14:11:58.586 [cefgetfile] WARNING: Unknown VALIDATION_ALG:type=2, length=0
2026-02-12 14:11:58.587 [cefgetfile] WARNING: Unknown VALIDATION_ALG:type=2, length=0
2026-02-12 14:11:58.589 [cefgetfile] WARNING: Unknown VALIDATION_ALG:type=2, length=0
2026-02-12 14:11:58.589 [cefgetfile] WARNING: Unknown VALIDATION_ALG:type=2, length=0
2026-02-12 14:11:58.591 [cefgetfile] WARNING: Unknown VALIDATION_ALG:type=2, length=0
2026-02-12 14:11:58.591 [cefgetfile] WARNING: Unknown VALIDATION_ALG:type=2, length=0
2026-02-12 14:11:58.592 [cefgetfile] WARNING: Unknown VALIDATION_ALG:type=2, length=0
2026-02-12 14:11:58.593 [cefgetfile] WARNING: Unknown VALIDATION_ALG:type=2, length=0
2026-02-12 14:11:58.595 [cefgetfile] WARNING: Unknown VALIDATION_ALG:type=2, length=0
2026-02-12 14:11:58.596 [cefgetfile] WARNING: Unknown VALIDATION_ALG:type=2, length=0
2026-02-12 14:11:58.597 [cefgetfile] WARNING: Unknown VALIDATION_ALG:type=2, length=0
2026-02-12 14:11:58.599 [cefgetfile] WARNING: Unknown VALIDATION_ALG:type=2, length=0
2026-02-12 14:11:58.599 [cefgetfile] WARNING: Unknown VALIDATION_ALG:type=2, length=0
2026-02-12 14:11:58.601 [cefgetfile] WARNING: Unknown VALIDATION_ALG:type=2, length=0
2026-02-12 14:11:58.602 [cefgetfile] WARNING: Unknown VALIDATION_ALG:type=2, length=0
2026-02-12 14:11:58.603 [cefgetfile] WARNING: Unknown VALIDATION_ALG:type=2, length=0
2026-02-12 14:11:58.604 [cefgetfile] WARNING: Unknown VALIDATION_ALG:type=2, length=0
2026-02-12 14:11:58.606 [cefgetfile] WARNING: Unknown VALIDATION_ALG:type=2, length=0
2026-02-12 14:11:58.606 [cefgetfile] WARNING: Unknown VALIDATION_ALG:type=2, length=0
2026-02-12 14:11:58.609 [cefgetfile] WARNING: Unknown VALIDATION_ALG:type=2, length=0
2026-02-12 14:11:58.609 [cefgetfile] WARNING: Unknown VALIDATION_ALG:type=2, length=0
2026-02-12 14:11:58.611 [cefgetfile] WARNING: Unknown VALIDATION_ALG:type=2, length=0
2026-02-12 14:11:58.612 [cefgetfile] WARNING: Unknown VALIDATION_ALG:type=2, length=0
2026-02-12 14:11:58.613 [cefgetfile] WARNING: Unknown VALIDATION_ALG:type=2, length=0
2026-02-12 14:11:58.614 [cefgetfile] WARNING: Unknown VALIDATION_ALG:type=2, length=0
2026-02-12 14:11:58.617 [cefgetfile] WARNING: Unknown VALIDATION_ALG:type=2, length=0
2026-02-12 14:11:58.618 [cefgetfile] WARNING: Unknown VALIDATION_ALG:type=2, length=0
2026-02-12 14:11:58.619 [cefgetfile] WARNING: Unknown VALIDATION_ALG:type=2, length=0
2026-02-12 14:11:58.621 [cefgetfile] WARNING: Unknown VALIDATION_ALG:type=2, length=0
2026-02-12 14:11:58.623 [cefgetfile] WARNING: Unknown VALIDATION_ALG:type=2, length=0
2026-02-12 14:11:58.625 [cefgetfile] WARNING: Unknown VALIDATION_ALG:type=2, length=0
2026-02-12 14:11:58.626 [cefgetfile] WARNING: Unknown VALIDATION_ALG:type=2, length=0
2026-02-12 14:11:58.627 [cefgetfile] WARNING: Unknown VALIDATION_ALG:type=2, length=0
2026-02-12 14:11:58.630 [cefgetfile] WARNING: Unknown VALIDATION_ALG:type=2, length=0
2026-02-12 14:11:58.632 [cefgetfile] WARNING: Unknown VALIDATION_ALG:type=2, length=0
2026-02-12 14:11:58.633 [cefgetfile] WARNING: Unknown VALIDATION_ALG:type=2, length=0
2026-02-12 14:11:58.634 [cefgetfile] WARNING: Unknown VALIDATION_ALG:type=2, length=0
2026-02-12 14:11:58.636 [cefgetfile] WARNING: Unknown VALIDATION_ALG:type=2, length=0
2026-02-12 14:11:58.638 [cefgetfile] WARNING: Unknown VALIDATION_ALG:type=2, length=0
2026-02-12 14:11:58.639 [cefgetfile] WARNING: Unknown VALIDATION_ALG:type=2, length=0
2026-02-12 14:11:58.641 [cefgetfile] WARNING: Unknown VALIDATION_ALG:type=2, length=0
2026-02-12 14:11:58.641 [cefgetfile] WARNING: Unknown VALIDATION_ALG:type=2, length=0
2026-02-12 14:11:58.643 [cefgetfile] WARNING: Unknown VALIDATION_ALG:type=2, length=0
2026-02-12 14:11:58.644 [cefgetfile] WARNING: Unknown VALIDATION_ALG:type=2, length=0
2026-02-12 14:11:58.645 [cefgetfile] WARNING: Unknown VALIDATION_ALG:type=2, length=0
2026-02-12 14:11:58.646 [cefgetfile] WARNING: Unknown VALIDATION_ALG:type=2, length=0
2026-02-12 14:11:58.649 [cefgetfile] WARNING: Unknown VALIDATION_ALG:type=2, length=0
2026-02-12 14:11:58.649 [cefgetfile] WARNING: Unknown VALIDATION_ALG:type=2, length=0
2026-02-12 14:11:58.651 [cefgetfile] WARNING: Unknown VALIDATION_ALG:type=2, length=0
2026-02-12 14:11:58.652 [cefgetfile] WARNING: Unknown VALIDATION_ALG:type=2, length=0
2026-02-12 14:11:58.654 [cefgetfile] WARNING: Unknown VALIDATION_ALG:type=2, length=0
2026-02-12 14:11:58.655 [cefgetfile] WARNING: Unknown VALIDATION_ALG:type=2, length=0
2026-02-12 14:11:58.657 [cefgetfile] WARNING: Unknown VALIDATION_ALG:type=2, length=0
2026-02-12 14:11:58.658 [cefgetfile] WARNING: Unknown VALIDATION_ALG:type=2, length=0
2026-02-12 14:11:58.660 [cefgetfile] WARNING: Unknown VALIDATION_ALG:type=2, length=0
2026-02-12 14:11:58.661 [cefgetfile] WARNING: Unknown VALIDATION_ALG:type=2, length=0
2026-02-12 14:11:58.663 [cefgetfile] WARNING: Unknown VALIDATION_ALG:type=2, length=0
2026-02-12 14:11:58.664 [cefgetfile] WARNING: Unknown VALIDATION_ALG:type=2, length=0
2026-02-12 14:11:58.666 [cefgetfile] WARNING: Unknown VALIDATION_ALG:type=2, length=0
2026-02-12 14:11:58.667 [cefgetfile] WARNING: Unknown VALIDATION_ALG:type=2, length=0
2026-02-12 14:11:58.670 [cefgetfile] WARNING: Unknown VALIDATION_ALG:type=2, length=0
2026-02-12 14:11:58.671 [cefgetfile] WARNING: Unknown VALIDATION_ALG:type=2, length=0
2026-02-12 14:11:58.672 [cefgetfile] WARNING: Unknown VALIDATION_ALG:type=2, length=0
2026-02-12 14:11:58.674 [cefgetfile] WARNING: Unknown VALIDATION_ALG:type=2, length=0
2026-02-12 14:11:58.676 [cefgetfile] WARNING: Unknown VALIDATION_ALG:type=2, length=0
2026-02-12 14:11:58.678 [cefgetfile] WARNING: Unknown VALIDATION_ALG:type=2, length=0
2026-02-12 14:11:58.679 [cefgetfile] WARNING: Unknown VALIDATION_ALG:type=2, length=0
2026-02-12 14:11:58.680 [cefgetfile] WARNING: Unknown VALIDATION_ALG:type=2, length=0
2026-02-12 14:11:58.682 [cefgetfile] WARNING: Unknown VALIDATION_ALG:type=2, length=0
2026-02-12 14:11:58.684 [cefgetfile] WARNING: Unknown VALIDATION_ALG:type=2, length=0
2026-02-12 14:11:58.685 [cefgetfile] WARNING: Unknown VALIDATION_ALG:type=2, length=0
2026-02-12 14:11:58.687 [cefgetfile] WARNING: Unknown VALIDATION_ALG:type=2, length=0
2026-02-12 14:11:58.688 [cefgetfile] WARNING: Unknown VALIDATION_ALG:type=2, length=0
2026-02-12 14:11:58.689 [cefgetfile] WARNING: Unknown VALIDATION_ALG:type=2, length=0
2026-02-12 14:11:58.690 [cefgetfile] WARNING: Unknown VALIDATION_ALG:type=2, length=0
2026-02-12 14:11:58.691 [cefgetfile] WARNING: Unknown VALIDATION_ALG:type=2, length=0
2026-02-12 14:11:58.693 [cefgetfile] WARNING: Unknown VALIDATION_ALG:type=2, length=0
2026-02-12 14:11:58.694 [cefgetfile] WARNING: Unknown VALIDATION_ALG:type=2, length=0
2026-02-12 14:11:58.695 [cefgetfile] WARNING: Unknown VALIDATION_ALG:type=2, length=0
2026-02-12 14:11:58.696 [cefgetfile] WARNING: Unknown VALIDATION_ALG:type=2, length=0
2026-02-12 14:11:58.697 [cefgetfile] WARNING: Unknown VALIDATION_ALG:type=2, length=0
2026-02-12 14:11:58.698 [cefgetfile] WARNING: Unknown VALIDATION_ALG:type=2, length=0
2026-02-12 14:11:58.699 [cefgetfile] WARNING: Unknown VALIDATION_ALG:type=2, length=0
2026-02-12 14:11:58.700 [cefgetfile] WARNING: Unknown VALIDATION_ALG:type=2, length=0
2026-02-12 14:11:58.701 [cefgetfile] WARNING: Unknown VALIDATION_ALG:type=2, length=0
2026-02-12 14:11:58.701 [cefgetfile] WARNING: Unknown VALIDATION_ALG:type=2, length=0
2026-02-12 14:11:58.702 [cefgetfile] WARNING: Unknown VALIDATION_ALG:type=2, length=0
2026-02-12 14:11:58.703 [cefgetfile] WARNING: Unknown VALIDATION_ALG:type=2, length=0
2026-02-12 14:11:58.704 [cefgetfile] WARNING: Unknown VALIDATION_ALG:type=2, length=0
2026-02-12 14:11:58.705 [cefgetfile] WARNING: Unknown VALIDATION_ALG:type=2, length=0
2026-02-12 14:11:58.706 [cefgetfile] WARNING: Unknown VALIDATION_ALG:type=2, length=0
2026-02-12 14:11:58.707 [cefgetfile] WARNING: Unknown VALIDATION_ALG:type=2, length=0
2026-02-12 14:11:58.708 [cefgetfile] WARNING: Unknown VALIDATION_ALG:type=2, length=0
2026-02-12 14:11:58.710 [cefgetfile] WARNING: Unknown VALIDATION_ALG:type=2, length=0
2026-02-12 14:11:58.712 [cefgetfile] WARNING: Unknown VALIDATION_ALG:type=2, length=0
2026-02-12 14:11:58.712 [cefgetfile] WARNING: Unknown VALIDATION_ALG:type=2, length=0
2026-02-12 14:11:58.714 [cefgetfile] WARNING: Unknown VALIDATION_ALG:type=2, length=0
2026-02-12 14:11:58.717 [cefgetfile] WARNING: Unknown VALIDATION_ALG:type=2, length=0
2026-02-12 14:11:58.719 [cefgetfile] WARNING: Unknown VALIDATION_ALG:type=2, length=0
2026-02-12 14:11:58.721 [cefgetfile] WARNING: Unknown VALIDATION_ALG:type=2, length=0
2026-02-12 14:11:58.723 [cefgetfile] WARNING: Unknown VALIDATION_ALG:type=2, length=0
2026-02-12 14:11:58.725 [cefgetfile] WARNING: Unknown VALIDATION_ALG:type=2, length=0
2026-02-12 14:11:58.727 [cefgetfile] WARNING: Unknown VALIDATION_ALG:type=2, length=0
2026-02-12 14:11:58.728 [cefgetfile] WARNING: Unknown VALIDATION_ALG:type=2, length=0
2026-02-12 14:11:58.730 [cefgetfile] WARNING: Unknown VALIDATION_ALG:type=2, length=0
2026-02-12 14:11:58.731 [cefgetfile] WARNING: Unknown VALIDATION_ALG:type=2, length=0
2026-02-12 14:11:58.732 [cefgetfile] WARNING: Unknown VALIDATION_ALG:type=2, length=0
2026-02-12 14:11:58.733 [cefgetfile] WARNING: Unknown VALIDATION_ALG:type=2, length=0
2026-02-12 14:11:58.734 [cefgetfile] WARNING: Unknown VALIDATION_ALG:type=2, length=0
2026-02-12 14:11:58.734 [cefgetfile] WARNING: Unknown VALIDATION_ALG:type=2, length=0
2026-02-12 14:11:58.736 [cefgetfile] WARNING: Unknown VALIDATION_ALG:type=2, length=0
2026-02-12 14:11:58.737 [cefgetfile] WARNING: Unknown VALIDATION_ALG:type=2, length=0
2026-02-12 14:11:58.738 [cefgetfile] WARNING: Unknown VALIDATION_ALG:type=2, length=0
2026-02-12 14:11:58.739 [cefgetfile] WARNING: Unknown VALIDATION_ALG:type=2, length=0
2026-02-12 14:11:58.740 [cefgetfile] WARNING: Unknown VALIDATION_ALG:type=2, length=0
2026-02-12 14:11:58.741 [cefgetfile] WARNING: Unknown VALIDATION_ALG:type=2, length=0
2026-02-12 14:11:58.742 [cefgetfile] WARNING: Unknown VALIDATION_ALG:type=2, length=0
2026-02-12 14:11:58.743 [cefgetfile] WARNING: Unknown VALIDATION_ALG:type=2, length=0
2026-02-12 14:11:58.744 [cefgetfile] WARNING: Unknown VALIDATION_ALG:type=2, length=0
2026-02-12 14:11:58.746 [cefgetfile] WARNING: Unknown VALIDATION_ALG:type=2, length=0
2026-02-12 14:11:58.747 [cefgetfile] WARNING: Unknown VALIDATION_ALG:type=2, length=0
2026-02-12 14:11:58.748 [cefgetfile] WARNING: Unknown VALIDATION_ALG:type=2, length=0
2026-02-12 14:11:58.749 [cefgetfile] WARNING: Unknown VALIDATION_ALG:type=2, length=0
2026-02-12 14:11:58.751 [cefgetfile] WARNING: Unknown VALIDATION_ALG:type=2, length=0
2026-02-12 14:11:58.752 [cefgetfile] WARNING: Unknown VALIDATION_ALG:type=2, length=0
2026-02-12 14:11:58.754 [cefgetfile] WARNING: Unknown VALIDATION_ALG:type=2, length=0
2026-02-12 14:11:58.754 [cefgetfile] WARNING: Unknown VALIDATION_ALG:type=2, length=0
2026-02-12 14:11:58.756 [cefgetfile] WARNING: Unknown VALIDATION_ALG:type=2, length=0
2026-02-12 14:11:58.757 [cefgetfile] WARNING: Unknown VALIDATION_ALG:type=2, length=0
2026-02-12 14:11:58.759 [cefgetfile] WARNING: Unknown VALIDATION_ALG:type=2, length=0
2026-02-12 14:11:58.760 [cefgetfile] WARNING: Unknown VALIDATION_ALG:type=2, length=0
2026-02-12 14:11:58.761 [cefgetfile] WARNING: Unknown VALIDATION_ALG:type=2, length=0
2026-02-12 14:11:58.762 [cefgetfile] WARNING: Unknown VALIDATION_ALG:type=2, length=0
2026-02-12 14:11:58.764 [cefgetfile] WARNING: Unknown VALIDATION_ALG:type=2, length=0
2026-02-12 14:11:58.766 [cefgetfile] WARNING: Unknown VALIDATION_ALG:type=2, length=0
2026-02-12 14:11:58.767 [cefgetfile] WARNING: Unknown VALIDATION_ALG:type=2, length=0
2026-02-12 14:11:58.768 [cefgetfile] WARNING: Unknown VALIDATION_ALG:type=2, length=0
2026-02-12 14:11:58.770 [cefgetfile] WARNING: Unknown VALIDATION_ALG:type=2, length=0
2026-02-12 14:11:58.771 [cefgetfile] WARNING: Unknown VALIDATION_ALG:type=2, length=0
2026-02-12 14:11:58.773 [cefgetfile] WARNING: Unknown VALIDATION_ALG:type=2, length=0
2026-02-12 14:11:58.774 [cefgetfile] WARNING: Unknown VALIDATION_ALG:type=2, length=0
2026-02-12 14:11:58.776 [cefgetfile] WARNING: Unknown VALIDATION_ALG:type=2, length=0
2026-02-12 14:11:58.776 [cefgetfile] WARNING: Unknown VALIDATION_ALG:type=2, length=0
2026-02-12 14:11:58.778 [cefgetfile] WARNING: Unknown VALIDATION_ALG:type=2, length=0
2026-02-12 14:11:58.779 [cefgetfile] WARNING: Unknown VALIDATION_ALG:type=2, length=0
2026-02-12 14:11:58.781 [cefgetfile] WARNING: Unknown VALIDATION_ALG:type=2, length=0
2026-02-12 14:11:58.782 [cefgetfile] WARNING: Unknown VALIDATION_ALG:type=2, length=0
2026-02-12 14:11:58.784 [cefgetfile] WARNING: Unknown VALIDATION_ALG:type=2, length=0
2026-02-12 14:11:58.786 [cefgetfile] WARNING: Unknown VALIDATION_ALG:type=2, length=0
2026-02-12 14:11:58.789 [cefgetfile] WARNING: Unknown VALIDATION_ALG:type=2, length=0
2026-02-12 14:11:58.790 [cefgetfile] WARNING: Unknown VALIDATION_ALG:type=2, length=0
2026-02-12 14:11:58.793 [cefgetfile] WARNING: Unknown VALIDATION_ALG:type=2, length=0
2026-02-12 14:11:58.796 [cefgetfile] WARNING: Unknown VALIDATION_ALG:type=2, length=0
2026-02-12 14:11:58.800 [cefgetfile] WARNING: Unknown VALIDATION_ALG:type=2, length=0
2026-02-12 14:11:58.801 [cefgetfile] WARNING: Unknown VALIDATION_ALG:type=2, length=0
2026-02-12 14:11:58.804 [cefgetfile] WARNING: Unknown VALIDATION_ALG:type=2, length=0
2026-02-12 14:11:58.806 [cefgetfile] WARNING: Unknown VALIDATION_ALG:type=2, length=0
2026-02-12 14:11:58.807 [cefgetfile] WARNING: Unknown VALIDATION_ALG:type=2, length=0
2026-02-12 14:11:58.808 [cefgetfile] WARNING: Unknown VALIDATION_ALG:type=2, length=0
2026-02-12 14:11:58.810 [cefgetfile] WARNING: Unknown VALIDATION_ALG:type=2, length=0
2026-02-12 14:11:58.811 [cefgetfile] WARNING: Unknown VALIDATION_ALG:type=2, length=0
2026-02-12 14:11:58.812 [cefgetfile] WARNING: Unknown VALIDATION_ALG:type=2, length=0
2026-02-12 14:11:58.812 [cefgetfile] WARNING: Unknown VALIDATION_ALG:type=2, length=0
2026-02-12 14:11:58.814 [cefgetfile] WARNING: Unknown VALIDATION_ALG:type=2, length=0
2026-02-12 14:11:58.815 [cefgetfile] WARNING: Unknown VALIDATION_ALG:type=2, length=0
2026-02-12 14:11:58.815 [cefgetfile] WARNING: Unknown VALIDATION_ALG:type=2, length=0
2026-02-12 14:11:58.816 [cefgetfile] WARNING: Unknown VALIDATION_ALG:type=2, length=0
2026-02-12 14:11:58.817 [cefgetfile] WARNING: Unknown VALIDATION_ALG:type=2, length=0
2026-02-12 14:11:58.817 [cefgetfile] WARNING: Unknown VALIDATION_ALG:type=2, length=0
2026-02-12 14:11:58.819 [cefgetfile] WARNING: Unknown VALIDATION_ALG:type=2, length=0
2026-02-12 14:11:58.819 [cefgetfile] WARNING: Unknown VALIDATION_ALG:type=2, length=0
2026-02-12 14:11:58.821 [cefgetfile] WARNING: Unknown VALIDATION_ALG:type=2, length=0
2026-02-12 14:11:58.821 [cefgetfile] WARNING: Unknown VALIDATION_ALG:type=2, length=0
2026-02-12 14:11:58.822 [cefgetfile] WARNING: Unknown VALIDATION_ALG:type=2, length=0
2026-02-12 14:11:58.823 [cefgetfile] WARNING: Unknown VALIDATION_ALG:type=2, length=0
2026-02-12 14:11:58.824 [cefgetfile] WARNING: Unknown VALIDATION_ALG:type=2, length=0
2026-02-12 14:11:58.825 [cefgetfile] WARNING: Unknown VALIDATION_ALG:type=2, length=0
2026-02-12 14:11:58.826 [cefgetfile] WARNING: Unknown VALIDATION_ALG:type=2, length=0
2026-02-12 14:11:58.827 [cefgetfile] WARNING: Unknown VALIDATION_ALG:type=2, length=0
2026-02-12 14:11:58.828 [cefgetfile] WARNING: Unknown VALIDATION_ALG:type=2, length=0
2026-02-12 14:11:58.830 [cefgetfile] WARNING: Unknown VALIDATION_ALG:type=2, length=0
2026-02-12 14:11:58.831 [cefgetfile] WARNING: Unknown VALIDATION_ALG:type=2, length=0
2026-02-12 14:11:58.833 [cefgetfile] WARNING: Unknown VALIDATION_ALG:type=2, length=0
2026-02-12 14:11:58.835 [cefgetfile] WARNING: Unknown VALIDATION_ALG:type=2, length=0
2026-02-12 14:11:58.836 [cefgetfile] WARNING: Unknown VALIDATION_ALG:type=2, length=0
2026-02-12 14:11:58.837 [cefgetfile] WARNING: Unknown VALIDATION_ALG:type=2, length=0
2026-02-12 14:11:58.839 [cefgetfile] WARNING: Unknown VALIDATION_ALG:type=2, length=0
2026-02-12 14:11:58.841 [cefgetfile] WARNING: Unknown VALIDATION_ALG:type=2, length=0
2026-02-12 14:11:58.843 [cefgetfile] WARNING: Unknown VALIDATION_ALG:type=2, length=0
2026-02-12 14:11:58.844 [cefgetfile] WARNING: Unknown VALIDATION_ALG:type=2, length=0
2026-02-12 14:11:58.846 [cefgetfile] WARNING: Unknown VALIDATION_ALG:type=2, length=0
2026-02-12 14:11:58.849 [cefgetfile] WARNING: Unknown VALIDATION_ALG:type=2, length=0
2026-02-12 14:11:58.851 [cefgetfile] WARNING: Unknown VALIDATION_ALG:type=2, length=0
2026-02-12 14:11:58.851 [cefgetfile] WARNING: Unknown VALIDATION_ALG:type=2, length=0
2026-02-12 14:11:58.854 [cefgetfile] WARNING: Unknown VALIDATION_ALG:type=2, length=0
2026-02-12 14:11:58.856 [cefgetfile] WARNING: Unknown VALIDATION_ALG:type=2, length=0
2026-02-12 14:11:58.857 [cefgetfile] WARNING: Unknown VALIDATION_ALG:type=2, length=0
2026-02-12 14:11:58.857 [cefgetfile] WARNING: Unknown VALIDATION_ALG:type=2, length=0
2026-02-12 14:11:58.859 [cefgetfile] WARNING: Unknown VALIDATION_ALG:type=2, length=0
2026-02-12 14:11:58.860 [cefgetfile] WARNING: Unknown VALIDATION_ALG:type=2, length=0
2026-02-12 14:11:58.861 [cefgetfile] WARNING: Unknown VALIDATION_ALG:type=2, length=0
2026-02-12 14:11:58.862 [cefgetfile] WARNING: Unknown VALIDATION_ALG:type=2, length=0
2026-02-12 14:11:58.863 [cefgetfile] WARNING: Unknown VALIDATION_ALG:type=2, length=0
2026-02-12 14:11:58.864 [cefgetfile] WARNING: Unknown VALIDATION_ALG:type=2, length=0
2026-02-12 14:11:58.865 [cefgetfile] WARNING: Unknown VALIDATION_ALG:type=2, length=0
2026-02-12 14:11:58.866 [cefgetfile] WARNING: Unknown VALIDATION_ALG:type=2, length=0
2026-02-12 14:11:58.867 [cefgetfile] WARNING: Unknown VALIDATION_ALG:type=2, length=0
2026-02-12 14:11:58.867 [cefgetfile] WARNING: Unknown VALIDATION_ALG:type=2, length=0
2026-02-12 14:11:58.869 [cefgetfile] WARNING: Unknown VALIDATION_ALG:type=2, length=0
2026-02-12 14:11:58.869 [cefgetfile] WARNING: Unknown VALIDATION_ALG:type=2, length=0
2026-02-12 14:11:58.871 [cefgetfile] WARNING: Unknown VALIDATION_ALG:type=2, length=0
2026-02-12 14:11:58.872 [cefgetfile] WARNING: Unknown VALIDATION_ALG:type=2, length=0
2026-02-12 14:11:58.874 [cefgetfile] WARNING: Unknown VALIDATION_ALG:type=2, length=0
2026-02-12 14:11:58.875 [cefgetfile] WARNING: Unknown VALIDATION_ALG:type=2, length=0
2026-02-12 14:11:58.877 [cefgetfile] WARNING: Unknown VALIDATION_ALG:type=2, length=0
2026-02-12 14:11:58.878 [cefgetfile] WARNING: Unknown VALIDATION_ALG:type=2, length=0
2026-02-12 14:11:58.881 [cefgetfile] WARNING: Unknown VALIDATION_ALG:type=2, length=0
2026-02-12 14:11:58.881 [cefgetfile] WARNING: Unknown VALIDATION_ALG:type=2, length=0
2026-02-12 14:11:58.883 [cefgetfile] WARNING: Unknown VALIDATION_ALG:type=2, length=0
2026-02-12 14:11:58.884 [cefgetfile] WARNING: Unknown VALIDATION_ALG:type=2, length=0
2026-02-12 14:11:58.887 [cefgetfile] WARNING: Unknown VALIDATION_ALG:type=2, length=0
2026-02-12 14:11:58.888 [cefgetfile] WARNING: Unknown VALIDATION_ALG:type=2, length=0
2026-02-12 14:11:58.890 [cefgetfile] WARNING: Unknown VALIDATION_ALG:type=2, length=0
2026-02-12 14:11:58.890 [cefgetfile] WARNING: Unknown VALIDATION_ALG:type=2, length=0
2026-02-12 14:11:58.893 [cefgetfile] WARNING: Unknown VALIDATION_ALG:type=2, length=0
2026-02-12 14:11:58.894 [cefgetfile] WARNING: Unknown VALIDATION_ALG:type=2, length=0
2026-02-12 14:11:58.895 [cefgetfile] WARNING: Unknown VALIDATION_ALG:type=2, length=0
2026-02-12 14:11:58.896 [cefgetfile] WARNING: Unknown VALIDATION_ALG:type=2, length=0
2026-02-12 14:11:58.901 [cefgetfile] WARNING: Unknown VALIDATION_ALG:type=2, length=0
2026-02-12 14:11:58.902 [cefgetfile] WARNING: Unknown VALIDATION_ALG:type=2, length=0
2026-02-12 14:11:58.902 [cefgetfile] WARNING: Unknown VALIDATION_ALG:type=2, length=0
2026-02-12 14:11:58.902 [cefgetfile] WARNING: Unknown VALIDATION_ALG:type=2, length=0
2026-02-12 14:11:58.907 [cefgetfile] WARNING: Unknown VALIDATION_ALG:type=2, length=0
2026-02-12 14:11:58.907 [cefgetfile] WARNING: Unknown VALIDATION_ALG:type=2, length=0
2026-02-12 14:11:58.907 [cefgetfile] WARNING: Unknown VALIDATION_ALG:type=2, length=0
2026-02-12 14:11:58.908 [cefgetfile] WARNING: Unknown VALIDATION_ALG:type=2, length=0
2026-02-12 14:11:58.911 [cefgetfile] WARNING: Unknown VALIDATION_ALG:type=2, length=0
2026-02-12 14:11:58.912 [cefgetfile] WARNING: Unknown VALIDATION_ALG:type=2, length=0
2026-02-12 14:11:58.912 [cefgetfile] WARNING: Unknown VALIDATION_ALG:type=2, length=0
2026-02-12 14:11:58.913 [cefgetfile] WARNING: Unknown VALIDATION_ALG:type=2, length=0
2026-02-12 14:11:58.914 [cefgetfile] WARNING: Unknown VALIDATION_ALG:type=2, length=0
2026-02-12 14:11:58.915 [cefgetfile] WARNING: Unknown VALIDATION_ALG:type=2, length=0
2026-02-12 14:11:58.916 [cefgetfile] WARNING: Unknown VALIDATION_ALG:type=2, length=0
2026-02-12 14:11:58.917 [cefgetfile] WARNING: Unknown VALIDATION_ALG:type=2, length=0
2026-02-12 14:11:58.918 [cefgetfile] WARNING: Unknown VALIDATION_ALG:type=2, length=0
2026-02-12 14:11:58.920 [cefgetfile] WARNING: Unknown VALIDATION_ALG:type=2, length=0
2026-02-12 14:11:58.920 [cefgetfile] WARNING: Unknown VALIDATION_ALG:type=2, length=0
2026-02-12 14:11:58.921 [cefgetfile] WARNING: Unknown VALIDATION_ALG:type=2, length=0
2026-02-12 14:11:58.922 [cefgetfile] WARNING: Unknown VALIDATION_ALG:type=2, length=0
2026-02-12 14:11:58.923 [cefgetfile] WARNING: Unknown VALIDATION_ALG:type=2, length=0
2026-02-12 14:11:58.923 [cefgetfile] WARNING: Unknown VALIDATION_ALG:type=2, length=0
2026-02-12 14:11:58.925 [cefgetfile] WARNING: Unknown VALIDATION_ALG:type=2, length=0
2026-02-12 14:11:58.925 [cefgetfile] WARNING: Unknown VALIDATION_ALG:type=2, length=0
2026-02-12 14:11:58.926 [cefgetfile] WARNING: Unknown VALIDATION_ALG:type=2, length=0
2026-02-12 14:11:58.927 [cefgetfile] WARNING: Unknown VALIDATION_ALG:type=2, length=0
2026-02-12 14:11:58.929 [cefgetfile] WARNING: Unknown VALIDATION_ALG:type=2, length=0
2026-02-12 14:11:58.929 [cefgetfile] WARNING: Unknown VALIDATION_ALG:type=2, length=0
2026-02-12 14:11:58.930 [cefgetfile] WARNING: Unknown VALIDATION_ALG:type=2, length=0
2026-02-12 14:11:58.932 [cefgetfile] WARNING: Unknown VALIDATION_ALG:type=2, length=0
2026-02-12 14:11:58.934 [cefgetfile] WARNING: Unknown VALIDATION_ALG:type=2, length=0
2026-02-12 14:11:58.934 [cefgetfile] WARNING: Unknown VALIDATION_ALG:type=2, length=0
2026-02-12 14:11:58.936 [cefgetfile] WARNING: Unknown VALIDATION_ALG:type=2, length=0
2026-02-12 14:11:58.938 [cefgetfile] WARNING: Unknown VALIDATION_ALG:type=2, length=0
2026-02-12 14:11:58.939 [cefgetfile] WARNING: Unknown VALIDATION_ALG:type=2, length=0
2026-02-12 14:11:58.940 [cefgetfile] WARNING: Unknown VALIDATION_ALG:type=2, length=0
2026-02-12 14:11:58.941 [cefgetfile] WARNING: Unknown VALIDATION_ALG:type=2, length=0
2026-02-12 14:11:58.942 [cefgetfile] WARNING: Unknown VALIDATION_ALG:type=2, length=0
2026-02-12 14:11:58.943 [cefgetfile] WARNING: Unknown VALIDATION_ALG:type=2, length=0
2026-02-12 14:11:58.944 [cefgetfile] WARNING: Unknown VALIDATION_ALG:type=2, length=0
2026-02-12 14:11:58.946 [cefgetfile] WARNING: Unknown VALIDATION_ALG:type=2, length=0
2026-02-12 14:11:58.947 [cefgetfile] WARNING: Unknown VALIDATION_ALG:type=2, length=0
2026-02-12 14:11:58.948 [cefgetfile] WARNING: Unknown VALIDATION_ALG:type=2, length=0
2026-02-12 14:11:58.950 [cefgetfile] WARNING: Unknown VALIDATION_ALG:type=2, length=0
2026-02-12 14:11:58.951 [cefgetfile] WARNING: Unknown VALIDATION_ALG:type=2, length=0
2026-02-12 14:11:58.952 [cefgetfile] WARNING: Unknown VALIDATION_ALG:type=2, length=0
2026-02-12 14:11:58.953 [cefgetfile] WARNING: Unknown VALIDATION_ALG:type=2, length=0
2026-02-12 14:11:58.955 [cefgetfile] WARNING: Unknown VALIDATION_ALG:type=2, length=0
2026-02-12 14:11:58.957 [cefgetfile] WARNING: Unknown VALIDATION_ALG:type=2, length=0
2026-02-12 14:11:58.958 [cefgetfile] WARNING: Unknown VALIDATION_ALG:type=2, length=0
2026-02-12 14:11:58.959 [cefgetfile] WARNING: Unknown VALIDATION_ALG:type=2, length=0
2026-02-12 14:11:58.961 [cefgetfile] WARNING: Unknown VALIDATION_ALG:type=2, length=0
2026-02-12 14:11:58.963 [cefgetfile] WARNING: Unknown VALIDATION_ALG:type=2, length=0
2026-02-12 14:11:58.964 [cefgetfile] WARNING: Unknown VALIDATION_ALG:type=2, length=0
2026-02-12 14:11:58.965 [cefgetfile] WARNING: Unknown VALIDATION_ALG:type=2, length=0
2026-02-12 14:11:58.966 [cefgetfile] WARNING: Unknown VALIDATION_ALG:type=2, length=0
2026-02-12 14:11:58.968 [cefgetfile] WARNING: Unknown VALIDATION_ALG:type=2, length=0
2026-02-12 14:11:58.969 [cefgetfile] WARNING: Unknown VALIDATION_ALG:type=2, length=0
2026-02-12 14:11:58.970 [cefgetfile] WARNING: Unknown VALIDATION_ALG:type=2, length=0
2026-02-12 14:11:58.971 [cefgetfile] WARNING: Unknown VALIDATION_ALG:type=2, length=0
2026-02-12 14:11:58.973 [cefgetfile] WARNING: Unknown VALIDATION_ALG:type=2, length=0
2026-02-12 14:11:58.975 [cefgetfile] WARNING: Unknown VALIDATION_ALG:type=2, length=0
2026-02-12 14:11:58.976 [cefgetfile] WARNING: Unknown VALIDATION_ALG:type=2, length=0
2026-02-12 14:11:58.978 [cefgetfile] WARNING: Unknown VALIDATION_ALG:type=2, length=0
2026-02-12 14:11:58.979 [cefgetfile] WARNING: Unknown VALIDATION_ALG:type=2, length=0
2026-02-12 14:11:58.981 [cefgetfile] WARNING: Unknown VALIDATION_ALG:type=2, length=0
2026-02-12 14:11:58.982 [cefgetfile] WARNING: Unknown VALIDATION_ALG:type=2, length=0
2026-02-12 14:11:58.985 [cefgetfile] WARNING: Unknown VALIDATION_ALG:type=2, length=0
2026-02-12 14:11:58.987 [cefgetfile] WARNING: Unknown VALIDATION_ALG:type=2, length=0
2026-02-12 14:11:58.989 [cefgetfile] WARNING: Unknown VALIDATION_ALG:type=2, length=0
2026-02-12 14:11:58.990 [cefgetfile] WARNING: Unknown VALIDATION_ALG:type=2, length=0
2026-02-12 14:11:58.992 [cefgetfile] WARNING: Unknown VALIDATION_ALG:type=2, length=0
2026-02-12 14:11:58.993 [cefgetfile] WARNING: Unknown VALIDATION_ALG:type=2, length=0
2026-02-12 14:11:58.995 [cefgetfile] WARNING: Unknown VALIDATION_ALG:type=2, length=0
2026-02-12 14:11:58.996 [cefgetfile] WARNING: Unknown VALIDATION_ALG:type=2, length=0
2026-02-12 14:11:58.997 [cefgetfile] WARNING: Unknown VALIDATION_ALG:type=2, length=0
2026-02-12 14:11:58.999 [cefgetfile] WARNING: Unknown VALIDATION_ALG:type=2, length=0
2026-02-12 14:11:58.000 [cefgetfile] WARNING: Unknown VALIDATION_ALG:type=2, length=0
2026-02-12 14:11:59.001 [cefgetfile] WARNING: Unknown VALIDATION_ALG:type=2, length=0
2026-02-12 14:11:59.002 [cefgetfile] WARNING: Unknown VALIDATION_ALG:type=2, length=0
2026-02-12 14:11:59.004 [cefgetfile] WARNING: Unknown VALIDATION_ALG:type=2, length=0
2026-02-12 14:11:59.005 [cefgetfile] WARNING: Unknown VALIDATION_ALG:type=2, length=0
2026-02-12 14:11:59.006 [cefgetfile] WARNING: Unknown VALIDATION_ALG:type=2, length=0
2026-02-12 14:11:59.008 [cefgetfile] WARNING: Unknown VALIDATION_ALG:type=2, length=0
2026-02-12 14:11:59.009 [cefgetfile] WARNING: Unknown VALIDATION_ALG:type=2, length=0
2026-02-12 14:11:59.010 [cefgetfile] WARNING: Unknown VALIDATION_ALG:type=2, length=0
2026-02-12 14:11:59.011 [cefgetfile] WARNING: Unknown VALIDATION_ALG:type=2, length=0
2026-02-12 14:11:59.013 [cefgetfile] WARNING: Unknown VALIDATION_ALG:type=2, length=0
2026-02-12 14:11:59.014 [cefgetfile] WARNING: Unknown VALIDATION_ALG:type=2, length=0
2026-02-12 14:11:59.017 [cefgetfile] WARNING: Unknown VALIDATION_ALG:type=2, length=0
2026-02-12 14:11:59.019 [cefgetfile] WARNING: Unknown VALIDATION_ALG:type=2, length=0
2026-02-12 14:11:59.022 [cefgetfile] WARNING: Unknown VALIDATION_ALG:type=2, length=0
2026-02-12 14:11:59.024 [cefgetfile] WARNING: Unknown VALIDATION_ALG:type=2, length=0
2026-02-12 14:11:59.026 [cefgetfile] WARNING: Unknown VALIDATION_ALG:type=2, length=0
2026-02-12 14:11:59.028 [cefgetfile] WARNING: Unknown VALIDATION_ALG:type=2, length=0
2026-02-12 14:11:59.031 [cefgetfile] WARNING: Unknown VALIDATION_ALG:type=2, length=0
2026-02-12 14:11:59.032 [cefgetfile] WARNING: Unknown VALIDATION_ALG:type=2, length=0
2026-02-12 14:11:59.033 [cefgetfile] WARNING: Unknown VALIDATION_ALG:type=2, length=0
2026-02-12 14:11:59.035 [cefgetfile] WARNING: Unknown VALIDATION_ALG:type=2, length=0
2026-02-12 14:11:59.037 [cefgetfile] WARNING: Unknown VALIDATION_ALG:type=2, length=0
2026-02-12 14:11:59.038 [cefgetfile] WARNING: Unknown VALIDATION_ALG:type=2, length=0
2026-02-12 14:11:59.040 [cefgetfile] WARNING: Unknown VALIDATION_ALG:type=2, length=0
2026-02-12 14:11:59.040 [cefgetfile] WARNING: Unknown VALIDATION_ALG:type=2, length=0
2026-02-12 14:11:59.042 [cefgetfile] WARNING: Unknown VALIDATION_ALG:type=2, length=0
2026-02-12 14:11:59.042 [cefgetfile] WARNING: Unknown VALIDATION_ALG:type=2, length=0
2026-02-12 14:11:59.044 [cefgetfile] WARNING: Unknown VALIDATION_ALG:type=2, length=0
2026-02-12 14:11:59.045 [cefgetfile] WARNING: Unknown VALIDATION_ALG:type=2, length=0
2026-02-12 14:11:59.046 [cefgetfile] WARNING: Unknown VALIDATION_ALG:type=2, length=0
2026-02-12 14:11:59.047 [cefgetfile] WARNING: Unknown VALIDATION_ALG:type=2, length=0
2026-02-12 14:11:59.049 [cefgetfile] WARNING: Unknown VALIDATION_ALG:type=2, length=0
2026-02-12 14:11:59.050 [cefgetfile] WARNING: Unknown VALIDATION_ALG:type=2, length=0
2026-02-12 14:11:59.051 [cefgetfile] WARNING: Unknown VALIDATION_ALG:type=2, length=0
2026-02-12 14:11:59.053 [cefgetfile] WARNING: Unknown VALIDATION_ALG:type=2, length=0
2026-02-12 14:11:59.054 [cefgetfile] WARNING: Unknown VALIDATION_ALG:type=2, length=0
2026-02-12 14:11:59.055 [cefgetfile] WARNING: Unknown VALIDATION_ALG:type=2, length=0
2026-02-12 14:11:59.057 [cefgetfile] WARNING: Unknown VALIDATION_ALG:type=2, length=0
2026-02-12 14:11:59.057 [cefgetfile] WARNING: Unknown VALIDATION_ALG:type=2, length=0
2026-02-12 14:11:59.058 [cefgetfile] WARNING: Unknown VALIDATION_ALG:type=2, length=0
2026-02-12 14:11:59.058 [cefgetfile] WARNING: Unknown VALIDATION_ALG:type=2, length=0
2026-02-12 14:11:59.060 [cefgetfile] WARNING: Unknown VALIDATION_ALG:type=2, length=0
2026-02-12 14:11:59.061 [cefgetfile] WARNING: Unknown VALIDATION_ALG:type=2, length=0
2026-02-12 14:11:59.062 [cefgetfile] WARNING: Unknown VALIDATION_ALG:type=2, length=0
2026-02-12 14:11:59.062 [cefgetfile] WARNING: Unknown VALIDATION_ALG:type=2, length=0
2026-02-12 14:11:59.064 [cefgetfile] WARNING: Unknown VALIDATION_ALG:type=2, length=0
2026-02-12 14:11:59.066 [cefgetfile] WARNING: Unknown VALIDATION_ALG:type=2, length=0
2026-02-12 14:11:59.067 [cefgetfile] WARNING: Unknown VALIDATION_ALG:type=2, length=0
2026-02-12 14:11:59.067 [cefgetfile] WARNING: Unknown VALIDATION_ALG:type=2, length=0
2026-02-12 14:11:59.068 [cefgetfile] WARNING: Unknown VALIDATION_ALG:type=2, length=0
2026-02-12 14:11:59.069 [cefgetfile] WARNING: Unknown VALIDATION_ALG:type=2, length=0
2026-02-12 14:11:59.071 [cefgetfile] WARNING: Unknown VALIDATION_ALG:type=2, length=0
2026-02-12 14:11:59.071 [cefgetfile] WARNING: Unknown VALIDATION_ALG:type=2, length=0
2026-02-12 14:11:59.072 [cefgetfile] WARNING: Unknown VALIDATION_ALG:type=2, length=0
2026-02-12 14:11:59.074 [cefgetfile] WARNING: Unknown VALIDATION_ALG:type=2, length=0
2026-02-12 14:11:59.075 [cefgetfile] WARNING: Unknown VALIDATION_ALG:type=2, length=0
2026-02-12 14:11:59.077 [cefgetfile] WARNING: Unknown VALIDATION_ALG:type=2, length=0
2026-02-12 14:11:59.078 [cefgetfile] WARNING: Unknown VALIDATION_ALG:type=2, length=0
2026-02-12 14:11:59.078 [cefgetfile] WARNING: Unknown VALIDATION_ALG:type=2, length=0
2026-02-12 14:11:59.080 [cefgetfile] WARNING: Unknown VALIDATION_ALG:type=2, length=0
2026-02-12 14:11:59.082 [cefgetfile] WARNING: Unknown VALIDATION_ALG:type=2, length=0
2026-02-12 14:11:59.083 [cefgetfile] WARNING: Unknown VALIDATION_ALG:type=2, length=0
2026-02-12 14:11:59.083 [cefgetfile] WARNING: Unknown VALIDATION_ALG:type=2, length=0
2026-02-12 14:11:59.084 [cefgetfile] WARNING: Unknown VALIDATION_ALG:type=2, length=0
2026-02-12 14:11:59.086 [cefgetfile] WARNING: Unknown VALIDATION_ALG:type=2, length=0
2026-02-12 14:11:59.088 [cefgetfile] WARNING: Unknown VALIDATION_ALG:type=2, length=0
2026-02-12 14:11:59.089 [cefgetfile] WARNING: Unknown VALIDATION_ALG:type=2, length=0
2026-02-12 14:11:59.089 [cefgetfile] WARNING: Unknown VALIDATION_ALG:type=2, length=0
2026-02-12 14:11:59.090 [cefgetfile] WARNING: Unknown VALIDATION_ALG:type=2, length=0
2026-02-12 14:11:59.092 [cefgetfile] WARNING: Unknown VALIDATION_ALG:type=2, length=0
2026-02-12 14:11:59.093 [cefgetfile] WARNING: Unknown VALIDATION_ALG:type=2, length=0
[cefgetfile] Completed to get all the chunks.
[cefgetfile] Unconnect to cefnetd ... OK
[cefgetfile] Terminate
[cefgetfile] Rx Frames (All)           = 847
[cefgetfile] Rx Frames (ContentObject) = 847
[cefgetfile] Rx Bytes (All)            = 463882
[cefgetfile] Rx Bytes (ContentObject)  = 433390
[cefgetfile] Duration                  = 1.246 sec
[cefgetfile] Throughput                = 2980097 bps
[cefgetfile] Goodput                   = 2784209 bps
[cefgetfile] Jitter (Ave)              = 1470 us
[cefgetfile] Jitter (Max)              = 55378 us
[cefgetfile] Jitter (Var)              = 4105111 us
