[cefgetfile] Start
[cefgetfile] Parsing parameters ...OK
2026-02-12 14:10:58.636 [cefgetfile] INFO: [client] Config directory is ./h6
2026-02-12 14:10:58.637 [cefgetfile] INFO: [client] Local Socket Name is /tmp/cef_9695.6
2026-02-12 14:10:58.637 [cefgetfile] INFO: [client] Listen Port is 9695
[cefgetfile] Init Cefore Client package ... OK
[cefgetfile] Conversion from URI into Name ... OK
[cefgetfile] Checking the output file ... OK
[cefgetfile] Connect to cefnetd ... OK
[cefgetfile] URI=ccnx:/video/stream/content2
[cefgetfile] Start sending Interests
2026-02-12 14:10:58.886 [cefgetfile] WARNING: Unknown VALIDATION_ALG:type=2, length=0
2026-02-12 14:10:58.888 [cefgetfile] WARNING: Unknown VALIDATION_ALG:type=2, length=0
2026-02-12 14:10:58.912 [cefgetfile] WARNING: Unknown VALIDATION_ALG:type=2, length=0
2026-02-12 14:10:58.916 [cefgetfile] WARNING: Unknown VALIDATION_ALG:type=2, length=0
2026-02-12 14:10:58.927 [cefgetfile] WARNING: Unknown VALIDATION_ALG:type=2, length=0
2026-02-12 14:10:58.942 [cefgetfile] WARNING: Unknown VALIDATION_ALG:type=2, length=0
2026-02-12 14:10:58.946 [cefgetfile] WARNING: Unknown VALIDATION_ALG:type=2, length=0
2026-02-12 14:10:58.971 [cefgetfile] WARNING: Unknown VALIDATION_ALG:type=2, length=0
2026-02-12 14:10:58.980 [cefgetfile] WARNING: Unknown VALIDATION_ALG:type=2, length=0
2026-02-12 14:10:58.983 [cefgetfile] WARNING: Unknown VALIDATION_ALG:type=2, length=0
2026-02-12 14:10:59.002 [cefgetfile] WARNING: Unknown VALIDATION_ALG:type=2, length=0
2026-02-12 14:10:59.020 [cefgetfile] WARNING: Unknown VALIDATION_ALG:type=2, length=0
2026-02-12 14:10:59.027 [cefgetfile] WARNING: Unknown VALIDATION_ALG:type=2, length=0
2026-02-12 14:10:59.036 [cefgetfile] WARNING: Unknown VALIDATION_ALG:type=2, length=0
2026-02-12 14:10:59.044 [cefgetfile] WARNING: Unknown VALIDATION_ALG:type=2, length=0
2026-02-12 14:10:59.052 [cefgetfile] WARNING: Unknown VALIDATION_ALG:type=2, length=0
2026-02-12 14:10:59.061 [cefgetfile] WARNING: Unknown VALIDATION_ALG:type=2, length=0
2026-02-12 14:10:59.066 [cefgetfile] WARNING: Unknown VALIDATION_ALG:type=2, length=0
2026-02-12 14:10:59.067 [cefgetfile] WARNING: Unknown VALIDATION_ALG:type=2, length=0
2026-02-12 14:10:59.070 [cefgetfile] WARNING: Unknown VALIDATION_ALG:type=2, length=0
2026-02-12 14:10:59.071 [cefgetfile] WARNING: Unknown VALIDATION_ALG:type=2, length=0
2026-02-12 14:10:59.072 [cefgetfile] WARNING: Unknown VALIDATION_ALG:type=2, length=0
2026-02-12 14:10:59.075 [cefgetfile] WARNING: Unknown VALIDATION_ALG:type=2, length=0
2026-02-12 14:10:59.075 [cefgetfile] WARNING: Unknown VALIDATION_ALG:type=2, length=0
2026-02-12 14:10:59.078 [cefgetfile] WARNING: Unknown VALIDATION_ALG:type=2, length=0
2026-02-12 14:10:59.078 [cefgetfile] WARNING: Unknown VALIDATION_ALG:type=2, length=0
2026-02-12 14:10:59.080 [cefgetfile] WARNING: Unknown VALIDATION_ALG:type=2, length=0
2026-02-12 14:10:59.080 [cefgetfile] WARNING: Unknown VALIDATION_ALG:type=2, length=0
2026-02-12 14:10:59.083 [cefgetfile] WARNING: Unknown VALIDATION_ALG:type=2, length=0
2026-02-12 14:10:59.083 [cefgetfile] WARNING: Unknown VALIDATION_ALG:type=2, length=0
2026-02-12 14:10:59.085 [cefgetfile] WARNING: Unknown VALIDATION_ALG:type=2, length=0
2026-02-12 14:10:59.088 [cefgetfile] WARNING: Unknown VALIDATION_ALG:type=2, length=0
2026-02-12 14:10:59.088 [cefgetfile] WARNING: Unknown VALIDATION_ALG:type=2, length=0
2026-02-12 14:10:59.090 [cefgetfile] WARNING: Unknown VALIDATION_ALG:type=2, length=0
2026-02-12 14:10:59.092 [cefgetfile] WARNING: Unknown VALIDATION_ALG:type=2, length=0
2026-02-12 14:10:59.093 [cefgetfile] WARNING: Unknown VALIDATION_ALG:type=2, length=0
2026-02-12 14:10:59.094 [cefgetfile] WARNING: Unknown VALIDATION_ALG:type=2, length=0
2026-02-12 14:10:59.095 [cefgetfile] WARNING: Unknown VALIDATION_ALG:type=2, length=0
2026-02-12 14:10:59.097 [cefgetfile] WARNING: Unknown VALIDATION_ALG:type=2, length=0
2026-02-12 14:10:59.102 [cefgetfile] WARNING: Unknown VALIDATION_ALG:type=2, length=0
2026-02-12 14:10:59.102 [cefgetfile] WARNING: Unknown VALIDATION_ALG:type=2, length=0
2026-02-12 14:10:59.103 [cefgetfile] WARNING: Unknown VALIDATION_ALG:type=2, length=0
2026-02-12 14:10:59.103 [cefgetfile] WARNING: Unknown VALIDATION_ALG:type=2, length=0
2026-02-12 14:10:59.104 [cefgetfile] WARNING: Unknown VALIDATION_ALG:type=2, length=0
2026-02-12 14:10:59.106 [cefgetfile] WARNING: Unknown VALIDATION_ALG:type=2, length=0
2026-02-12 14:10:59.107 [cefgetfile] WARNING: Unknown VALIDATION_ALG:type=2, length=0
2026-02-12 14:10:59.109 [cefgetfile] WARNING: Unknown VALIDATION_ALG:type=2, length=0
2026-02-12 14:10:59.111 [cefgetfile] WARNING: Unknown VALIDATION_ALG:type=2, length=0
2026-02-12 14:10:59.112 [cefgetfile] WARNING: Unknown VALIDATION_ALG:type=2, length=0
2026-02-12 14:10:59.114 [cefgetfile] WARNING: Unknown VALIDATION_ALG:type=2, length=0
2026-02-12 14:10:59.114 [cefgetfile] WARNING: Unknown VALIDATION_ALG:type=2, length=0
2026-02-12 14:10:59.115 [cefgetfile] WARNING: Unknown VALIDATION_ALG:type=2, length=0
2026-02-12 14:10:59.115 [cefgetfile] WARNING: Unknown VALIDATION_ALG:type=2, length=0
2026-02-12 14:10:59.117 [cefgetfile] WARNING: Unknown VALIDATION_ALG:type=2, length=0
2026-02-12 14:10:59.117 [cefgetfile] WARNING: Unknown VALIDATION_ALG:type=2, length=0
2026-02-12 14:10:59.120 [cefgetfile] WARNING: Unknown VALIDATION_ALG:type=2, length=0
2026-02-12 14:10:59.121 [cefgetfile] WARNING: Unknown VALIDATION_ALG:type=2, length=0
2026-02-12 14:10:59.122 [cefgetfile] WARNING: Unknown VALIDATION_ALG:type=2, length=0
2026-02-12 14:10:59.123 [cefgetfile] WARNING: Unknown VALIDATION_ALG:type=2, length=0
2026-02-12 14:10:59.124 [cefgetfile] WARNING: Unknown VALIDATION_ALG:type=2, length=0
2026-02-12 14:10:59.124 [cefgetfile] WARNING: Unknown VALIDATION_ALG:type=2, length=0
2026-02-12 14:10:59.126 [cefgetfile] WARNING: Unknown VALIDATION_ALG:type=2, length=0
2026-02-12 14:10:59.127 [cefgetfile] WARNING: Unknown VALIDATION_ALG:type=2, length=0
2026-02-12 14:10:59.128 [cefgetfile] WARNING: Unknown VALIDATION_ALG:type=2, length=0
2026-02-12 14:10:59.129 [cefgetfile] WARNING: Unknown VALIDATION_ALG:type=2, length=0
2026-02-12 14:10:59.129 [cefgetfile] WARNING: Unknown VALIDATION_ALG:type=2, length=0
2026-02-12 14:10:59.130 [cefgetfile] WARNING: Unknown VALIDATION_ALG:type=2, length=0
2026-02-12 14:10:59.130 [cefgetfile] WARNING: Unknown VALIDATION_ALG:type=2, length=0
2026-02-12 14:10:59.131 [cefgetfile] WARNING: Unknown VALIDATION_ALG:type=2, length=0
2026-02-12 14:10:59.131 [cefgetfile] WARNING: Unknown VALIDATION_ALG:type=2, length=0
2026-02-12 14:10:59.132 [cefgetfile] WARNING: Unknown VALIDATION_ALG:type=2, length=0
2026-02-12 14:10:59.132 [cefgetfile] WARNING: Unknown VALIDATION_ALG:type=2, length=0
2026-02-12 14:10:59.133 [cefgetfile] WARNING: Unknown VALIDATION_ALG:type=2, length=0
2026-02-12 14:10:59.133 [cefgetfile] WARNING: Unknown VALIDATION_ALG:type=2, length=0
2026-02-12 14:10:59.134 [cefgetfile] WARNING: Unknown VALIDATION_ALG:type=2, length=0
2026-02-12 14:10:59.135 [cefgetfile] WARNING: Unknown VALIDATION_ALG:type=2, length=0
2026-02-12 14:10:59.142 [cefgetfile] WARNING: Unknown VALIDATION_ALG:type=2, length=0
2026-02-12 14:10:59.142 [cefgetfile] WARNING: Unknown VALIDATION_ALG:type=2, length=0
2026-02-12 14:10:59.143 [cefgetfile] WARNING: Unknown VALIDATION_ALG:type=2, length=0
2026-02-12 14:10:59.144 [cefgetfile] WARNING: Unknown VALIDATION_ALG:type=2, length=0
2026-02-12 14:10:59.146 [cefgetfile] WARNING: Unknown VALIDATION_ALG:type=2, length=0
2026-02-12 14:10:59.146 [cefgetfile] WARNING: Unknown VALIDATION_ALG:type=2, length=0
2026-02-12 14:10:59.148 [cefgetfile] WARNING: Unknown VALIDATION_ALG:type=2, length=0
2026-02-12 14:10:59.149 [cefgetfile] WARNING: Unknown VALIDATION_ALG:type=2, length=0
2026-02-12 14:10:59.150 [cefgetfile] WARNING: Unknown VALIDATION_ALG:type=2, length=0
2026-02-12 14:10:59.152 [cefgetfile] WARNING: Unknown VALIDATION_ALG:type=2, length=0
2026-02-12 14:10:59.154 [cefgetfile] WARNING: Unknown VALIDATION_ALG:type=2, length=0
2026-02-12 14:10:59.156 [cefgetfile] WARNING: Unknown VALIDATION_ALG:type=2, length=0
2026-02-12 14:10:59.157 [cefgetfile] WARNING: Unknown VALIDATION_ALG:type=2, length=0
2026-02-12 14:10:59.158 [cefgetfile] WARNING: Unknown VALIDATION_ALG:type=2, length=0
2026-02-12 14:10:59.159 [cefgetfile] WARNING: Unknown VALIDATION_ALG:type=2, length=0
2026-02-12 14:10:59.159 [cefgetfile] WARNING: Unknown VALIDATION_ALG:type=2, length=0
2026-02-12 14:10:59.161 [cefgetfile] WARNING: Unknown VALIDATION_ALG:type=2, length=0
2026-02-12 14:10:59.162 [cefgetfile] WARNING: Unknown VALIDATION_ALG:type=2, length=0
2026-02-12 14:10:59.162 [cefgetfile] WARNING: Unknown VALIDATION_ALG:type=2, length=0
2026-02-12 14:10:59.163 [cefgetfile] WARNING: Unknown VALIDATION_ALG:type=2, length=0
2026-02-12 14:10:59.163 [cefgetfile] WARNING: Unknown VALIDATION_ALG:type=2, length=0
2026-02-12 14:10:59.166 [cefgetfile] WARNING: Unknown VALIDATION_ALG:type=2, length=0
2026-02-12 14:10:59.167 [cefgetfile] WARNING: Unknown VALIDATION_ALG:type=2, length=0
2026-02-12 14:10:59.167 [cefgetfile] WARNING: Unknown VALIDATION_ALG:type=2, length=0
2026-02-12 14:10:59.168 [cefgetfile] WARNING: Unknown VALIDATION_ALG:type=2, length=0
2026-02-12 14:10:59.169 [cefgetfile] WARNING: Unknown VALIDATION_ALG:type=2, length=0
2026-02-12 14:10:59.169 [cefgetfile] WARNING: Unknown VALIDATION_ALG:type=2, length=0
2026-02-12 14:10:59.171 [cefgetfile] WARNING: Unknown VALIDATION_ALG:type=2, length=0
2026-02-12 14:10:59.171 [cefgetfile] WARNING: Unknown VALIDATION_ALG:type=2, length=0
2026-02-12 14:10:59.171 [cefgetfile] WARNING: Unknown VALIDATION_ALG:type=2, length=0
2026-02-12 14:10:59.173 [cefgetfile] WARNING: Unknown VALIDATION_ALG:type=2, length=0
2026-02-12 14:10:59.173 [cefgetfile] WARNING: Unknown VALIDATION_ALG:type=2, length=0
2026-02-12 14:10:59.173 [cefgetfile] WARNING: Unknown VALIDATION_ALG:type=2, length=0
2026-02-12 14:10:59.174 [cefgetfile] WARNING: Unknown VALIDATION_ALG:type=2, length=0
2026-02-12 14:10:59.174 [cefgetfile] WARNING: Unknown VALIDATION_ALG:type=2, length=0
2026-02-12 14:10:59.174 [cefgetfile] WARNING: Unknown VALIDATION_ALG:type=2, length=0
2026-02-12 14:10:59.177 [cefgetfile] WARNING: Unknown VALIDATION_ALG:type=2, length=0
2026-02-12 14:10:59.177 [cefgetfile] WARNING: Unknown VALIDATION_ALG:type=2, length=0
2026-02-12 14:10:59.177 [cefgetfile] WARNING: Unknown VALIDATION_ALG:type=2, length=0
2026-02-12 14:10:59.177 [cefgetfile] WARNING: Unknown VALIDATION_ALG:type=2, length=0
2026-02-12 14:10:59.178 [cefgetfile] WARNING: Unknown VALIDATION_ALG:type=2, length=0
2026-02-12 14:10:59.178 [cefgetfile] WARNING: Unknown VALIDATION_ALG:type=2, length=0
2026-02-12 14:10:59.180 [cefgetfile] WARNING: Unknown VALIDATION_ALG:type=2, length=0
2026-02-12 14:10:59.180 [cefgetfile] WARNING: Unknown VALIDATION_ALG:type=2, length=0
2026-02-12 14:10:59.180 [cefgetfile] WARNING: Unknown VALIDATION_ALG:type=2, length=0
2026-02-12 14:10:59.181 [cefgetfile] WARNING: Unknown VALIDATION_ALG:type=2, length=0
2026-02-12 14:10:59.182 [cefgetfile] WARNING: Unknown VALIDATION_ALG:type=2, length=0
2026-02-12 14:10:59.186 [cefgetfile] WARNING: Unknown VALIDATION_ALG:type=2, length=0
2026-02-12 14:10:59.188 [cefgetfile] WARNING: Unknown VALIDATION_ALG:type=2, length=0
2026-02-12 14:10:59.188 [cefgetfile] WARNING: Unknown VALIDATION_ALG:type=2, length=0
2026-02-12 14:10:59.189 [cefgetfile] WARNING: Unknown VALIDATION_ALG:type=2, length=0
2026-02-12 14:10:59.189 [cefgetfile] WARNING: Unknown VALIDATION_ALG:type=2, length=0
2026-02-12 14:10:59.190 [cefgetfile] WARNING: Unknown VALIDATION_ALG:type=2, length=0
2026-02-12 14:10:59.191 [cefgetfile] WARNING: Unknown VALIDATION_ALG:type=2, length=0
2026-02-12 14:10:59.191 [cefgetfile] WARNING: Unknown VALIDATION_ALG:type=2, length=0
2026-02-12 14:10:59.193 [cefgetfile] WARNING: Unknown VALIDATION_ALG:type=2, length=0
2026-02-12 14:10:59.194 [cefgetfile] WARNING: Unknown VALIDATION_ALG:type=2, length=0
2026-02-12 14:10:59.195 [cefgetfile] WARNING: Unknown VALIDATION_ALG:type=2, length=0
2026-02-12 14:10:59.197 [cefgetfile] WARNING: Unknown VALIDATION_ALG:type=2, length=0
2026-02-12 14:10:59.197 [cefgetfile] WARNING: Unknown VALIDATION_ALG:type=2, length=0
2026-02-12 14:10:59.199 [cefgetfile] WARNING: Unknown VALIDATION_ALG:type=2, length=0
2026-02-12 14:10:59.200 [cefgetfile] WARNING: Unknown VALIDATION_ALG:type=2, length=0
2026-02-12 14:10:59.202 [cefgetfile] WARNING: Unknown VALIDATION_ALG:type=2, length=0
2026-02-12 14:10:59.203 [cefgetfile] WARNING: Unknown VALIDATION_ALG:type=2, length=0
2026-02-12 14:10:59.205 [cefgetfile] WARNING: Unknown VALIDATION_ALG:type=2, length=0
2026-02-12 14:10:59.205 [cefgetfile] WARNING: Unknown VALIDATION_ALG:type=2, length=0
2026-02-12 14:10:59.206 [cefgetfile] WARNING: Unknown VALIDATION_ALG:type=2, length=0
2026-02-12 14:10:59.207 [cefgetfile] WARNING: Unknown VALIDATION_ALG:type=2, length=0
2026-02-12 14:10:59.208 [cefgetfile] WARNING: Unknown VALIDATION_ALG:type=2, length=0
2026-02-12 14:10:59.210 [cefgetfile] WARNING: Unknown VALIDATION_ALG:type=2, length=0
2026-02-12 14:10:59.210 [cefgetfile] WARNING: Unknown VALIDATION_ALG:type=2, length=0
2026-02-12 14:10:59.210 [cefgetfile] WARNING: Unknown VALIDATION_ALG:type=2, length=0
2026-02-12 14:10:59.211 [cefgetfile] WARNING: Unknown VALIDATION_ALG:type=2, length=0
2026-02-12 14:10:59.211 [cefgetfile] WARNING: Unknown VALIDATION_ALG:type=2, length=0
2026-02-12 14:10:59.213 [cefgetfile] WARNING: Unknown VALIDATION_ALG:type=2, length=0
2026-02-12 14:10:59.214 [cefgetfile] WARNING: Unknown VALIDATION_ALG:type=2, length=0
2026-02-12 14:10:59.215 [cefgetfile] WARNING: Unknown VALIDATION_ALG:type=2, length=0
2026-02-12 14:10:59.216 [cefgetfile] WARNING: Unknown VALIDATION_ALG:type=2, length=0
2026-02-12 14:10:59.217 [cefgetfile] WARNING: Unknown VALIDATION_ALG:type=2, length=0
2026-02-12 14:10:59.218 [cefgetfile] WARNING: Unknown VALIDATION_ALG:type=2, length=0
2026-02-12 14:10:59.219 [cefgetfile] WARNING: Unknown VALIDATION_ALG:type=2, length=0
2026-02-12 14:10:59.219 [cefgetfile] WARNING: Unknown VALIDATION_ALG:type=2, length=0
2026-02-12 14:10:59.220 [cefgetfile] WARNING: Unknown VALIDATION_ALG:type=2, length=0
2026-02-12 14:10:59.221 [cefgetfile] WARNING: Unknown VALIDATION_ALG:type=2, length=0
2026-02-12 14:10:59.222 [cefgetfile] WARNING: Unknown VALIDATION_ALG:type=2, length=0
2026-02-12 14:10:59.222 [cefgetfile] WARNING: Unknown VALIDATION_ALG:type=2, length=0
2026-02-12 14:10:59.223 [cefgetfile] WARNING: Unknown VALIDATION_ALG:type=2, length=0
2026-02-12 14:10:59.223 [cefgetfile] WARNING: Unknown VALIDATION_ALG:type=2, length=0
2026-02-12 14:10:59.224 [cefgetfile] WARNING: Unknown VALIDATION_ALG:type=2, length=0
2026-02-12 14:10:59.224 [cefgetfile] WARNING: Unknown VALIDATION_ALG:type=2, length=0
2026-02-12 14:10:59.224 [cefgetfile] WARNING: Unknown VALIDATION_ALG:type=2, length=0
2026-02-12 14:10:59.227 [cefgetfile] WARNING: Unknown VALIDATION_ALG:type=2, length=0
2026-02-12 14:10:59.228 [cefgetfile] WARNING: Unknown VALIDATION_ALG:type=2, length=0
2026-02-12 14:10:59.228 [cefgetfile] WARNING: Unknown VALIDATION_ALG:type=2, length=0
2026-02-12 14:10:59.228 [cefgetfile] WARNING: Unknown VALIDATION_ALG:type=2, length=0
2026-02-12 14:10:59.229 [cefgetfile] WARNING: Unknown VALIDATION_ALG:type=2, length=0
2026-02-12 14:10:59.229 [cefgetfile] WARNING: Unknown VALIDATION_ALG:type=2, length=0
2026-02-12 14:10:59.229 [cefgetfile] WARNING: Unknown VALIDATION_ALG:type=2, length=0
2026-02-12 14:10:59.233 [cefgetfile] WARNING: Unknown VALIDATION_ALG:type=2, length=0
2026-02-12 14:10:59.233 [cefgetfile] WARNING: Unknown VALIDATION_ALG:type=2, length=0
2026-02-12 14:10:59.233 [cefgetfile] WARNING: Unknown VALIDATION_ALG:type=2, length=0
2026-02-12 14:10:59.234 [cefgetfile] WARNING: Unknown VALIDATION_ALG:type=2, length=0
2026-02-12 14:10:59.235 [cefgetfile] WARNING: Unknown VALIDATION_ALG:type=2, length=0
2026-02-12 14:10:59.236 [cefgetfile] WARNING: Unknown VALIDATION_ALG:type=2, length=0
2026-02-12 14:10:59.236 [cefgetfile] WARNING: Unknown VALIDATION_ALG:type=2, length=0
2026-02-12 14:10:59.236 [cefgetfile] WARNING: Unknown VALIDATION_ALG:type=2, length=0
2026-02-12 14:10:59.238 [cefgetfile] WARNING: Unknown VALIDATION_ALG:type=2, length=0
2026-02-12 14:10:59.239 [cefgetfile] WARNING: Unknown VALIDATION_ALG:type=2, length=0
2026-02-12 14:10:59.240 [cefgetfile] WARNING: Unknown VALIDATION_ALG:type=2, length=0
2026-02-12 14:10:59.241 [cefgetfile] WARNING: Unknown VALIDATION_ALG:type=2, length=0
2026-02-12 14:10:59.242 [cefgetfile] WARNING: Unknown VALIDATION_ALG:type=2, length=0
2026-02-12 14:10:59.243 [cefgetfile] WARNING: Unknown VALIDATION_ALG:type=2, length=0
2026-02-12 14:10:59.243 [cefgetfile] WARNING: Unknown VALIDATION_ALG:type=2, length=0
2026-02-12 14:10:59.244 [cefgetfile] WARNING: Unknown VALIDATION_ALG:type=2, length=0
2026-02-12 14:10:59.245 [cefgetfile] WARNING: Unknown VALIDATION_ALG:type=2, length=0
2026-02-12 14:10:59.246 [cefgetfile] WARNING: Unknown VALIDATION_ALG:type=2, length=0
2026-02-12 14:10:59.246 [cefgetfile] WARNING: Unknown VALIDATION_ALG:type=2, length=0
2026-02-12 14:10:59.246 [cefgetfile] WARNING: Unknown VALIDATION_ALG:type=2, length=0
2026-02-12 14:10:59.246 [cefgetfile] WARNING: Unknown VALIDATION_ALG:type=2, length=0
2026-02-12 14:10:59.249 [cefgetfile] WARNING: Unknown VALIDATION_ALG:type=2, length=0
2026-02-12 14:10:59.249 [cefgetfile] WARNING: Unknown VALIDATION_ALG:type=2, length=0
2026-02-12 14:10:59.249 [cefgetfile] WARNING: Unknown VALIDATION_ALG:type=2, length=0
2026-02-12 14:10:59.250 [cefgetfile] WARNING: Unknown VALIDATION_ALG:type=2, length=0
2026-02-12 14:10:59.251 [cefgetfile] WARNING: Unknown VALIDATION_ALG:type=2, length=0
2026-02-12 14:10:59.252 [cefgetfile] WARNING: Unknown VALIDATION_ALG:type=2, length=0
2026-02-12 14:10:59.252 [cefgetfile] WARNING: Unknown VALIDATION_ALG:type=2, length=0
2026-02-12 14:10:59.253 [cefgetfile] WARNING: Unknown VALIDATION_ALG:type=2, length=0
2026-02-12 14:10:59.254 [cefgetfile] WARNING: Unknown VALIDATION_ALG:type=2, length=0
2026-02-12 14:10:59.255 [cefgetfile] WARNING: Unknown VALIDATION_ALG:type=2, length=0
2026-02-12 14:10:59.255 [cefgetfile] WARNING: Unknown VALIDATION_ALG:type=2, length=0
2026-02-12 14:10:59.256 [cefgetfile] WARNING: Unknown VALIDATION_ALG:type=2, length=0
2026-02-12 14:10:59.258 [cefgetfile] WARNING: Unknown VALIDATION_ALG:type=2, length=0
2026-02-12 14:10:59.258 [cefgetfile] WARNING: Unknown VALIDATION_ALG:type=2, length=0
2026-02-12 14:10:59.259 [cefgetfile] WARNING: Unknown VALIDATION_ALG:type=2, length=0
2026-02-12 14:10:59.260 [cefgetfile] WARNING: Unknown VALIDATION_ALG:type=2, length=0
2026-02-12 14:10:59.260 [cefgetfile] WARNING: Unknown VALIDATION_ALG:type=2, length=0
2026-02-12 14:10:59.261 [cefgetfile] WARNING: Unknown VALIDATION_ALG:type=2, length=0
2026-02-12 14:10:59.262 [cefgetfile] WARNING: Unknown VALIDATION_ALG:type=2, length=0
2026-02-12 14:10:59.262 [cefgetfile] WARNING: Unknown VALIDATION_ALG:type=2, length=0
2026-02-12 14:10:59.262 [cefgetfile] WARNING: Unknown VALIDATION_ALG:type=2, length=0
2026-02-12 14:10:59.263 [cefgetfile] WARNING: Unknown VALIDATION_ALG:type=2, length=0
2026-02-12 14:10:59.263 [cefgetfile] WARNING: Unknown VALIDATION_ALG:type=2, length=0
2026-02-12 14:10:59.264 [cefgetfile] WARNING: Unknown VALIDATION_ALG:type=2, length=0
2026-02-12 14:10:59.264 [cefgetfile] WARNING: Unknown VALIDATION_ALG:type=2, length=0
2026-02-12 14:10:59.265 [cefgetfile] WARNING: Unknown VALIDATION_ALG:type=2, length=0
2026-02-12 14:10:59.265 [cefgetfile] WARNING: Unknown VALIDATION_ALG:type=2, length=0
2026-02-12 14:10:59.266 [cefgetfile] WARNING: Unknown VALIDATION_ALG:type=2, length=0
2026-02-12 14:10:59.273 [cefgetfile] WARNING: Unknown VALIDATION_ALG:type=2, length=0
2026-02-12 14:10:59.273 [cefgetfile] WARNING: Unknown VALIDATION_ALG:type=2, length=0
2026-02-12 14:10:59.273 [cefgetfile] WARNING: Unknown VALIDATION_ALG:type=2, length=0
2026-02-12 14:10:59.274 [cefgetfile] WARNING: Unknown VALIDATION_ALG:type=2, length=0
2026-02-12 14:10:59.275 [cefgetfile] WARNING: Unknown VALIDATION_ALG:type=2, length=0
2026-02-12 14:10:59.275 [cefgetfile] WARNING: Unknown VALIDATION_ALG:type=2, length=0
2026-02-12 14:10:59.276 [cefgetfile] WARNING: Unknown VALIDATION_ALG:type=2, length=0
2026-02-12 14:10:59.277 [cefgetfile] WARNING: Unknown VALIDATION_ALG:type=2, length=0
2026-02-12 14:10:59.278 [cefgetfile] WARNING: Unknown VALIDATION_ALG:type=2, length=0
2026-02-12 14:10:59.279 [cefgetfile] WARNING: Unknown VALIDATION_ALG:type=2, length=0
2026-02-12 14:10:59.280 [cefgetfile] WARNING: Unknown VALIDATION_ALG:type=2, length=0
2026-02-12 14:10:59.280 [cefgetfile] WARNING: Unknown VALIDATION_ALG:type=2, length=0
2026-02-12 14:10:59.281 [cefgetfile] WARNING: Unknown VALIDATION_ALG:type=2, length=0
2026-02-12 14:10:59.283 [cefgetfile] WARNING: Unknown VALIDATION_ALG:type=2, length=0
2026-02-12 14:10:59.284 [cefgetfile] WARNING: Unknown VALIDATION_ALG:type=2, length=0
2026-02-12 14:10:59.284 [cefgetfile] WARNING: Unknown VALIDATION_ALG:type=2, length=0
2026-02-12 14:10:59.286 [cefgetfile] WARNING: Unknown VALIDATION_ALG:type=2, length=0
2026-02-12 14:10:59.287 [cefgetfile] WARNING: Unknown VALIDATION_ALG:type=2, length=0
2026-02-12 14:10:59.287 [cefgetfile] WARNING: Unknown VALIDATION_ALG:type=2, length=0
2026-02-12 14:10:59.288 [cefgetfile] WARNING: Unknown VALIDATION_ALG:type=2, length=0
2026-02-12 14:10:59.290 [cefgetfile] WARNING: Unknown VALIDATION_ALG:type=2, length=0
2026-02-12 14:10:59.290 [cefgetfile] WARNING: Unknown VALIDATION_ALG:type=2, length=0
2026-02-12 14:10:59.291 [cefgetfile] WARNING: Unknown VALIDATION_ALG:type=2, length=0
2026-02-12 14:10:59.291 [cefgetfile] WARNING: Unknown VALIDATION_ALG:type=2, length=0
2026-02-12 14:10:59.292 [cefgetfile] WARNING: Unknown VALIDATION_ALG:type=2, length=0
2026-02-12 14:10:59.292 [cefgetfile] WARNING: Unknown VALIDATION_ALG:type=2, length=0
2026-02-12 14:10:59.293 [cefgetfile] WARNING: Unknown VALIDATION_ALG:type=2, length=0
2026-02-12 14:10:59.293 [cefgetfile] WARNING: Unknown VALIDATION_ALG:type=2, length=0
2026-02-12 14:10:59.294 [cefgetfile] WARNING: Unknown VALIDATION_ALG:type=2, length=0
2026-02-12 14:10:59.294 [cefgetfile] WARNING: Unknown VALIDATION_ALG:type=2, length=0
2026-02-12 14:10:59.294 [cefgetfile] WARNING: Unknown VALIDATION_ALG:type=2, length=0
2026-02-12 14:10:59.295 [cefgetfile] WARNING: Unknown VALIDATION_ALG:type=2, length=0
2026-02-12 14:10:59.295 [cefgetfile] WARNING: Unknown VALIDATION_ALG:type=2, length=0
2026-02-12 14:10:59.296 [cefgetfile] WARNING: Unknown VALIDATION_ALG:type=2, length=0
2026-02-12 14:10:59.296 [cefgetfile] WARNING: Unknown VALIDATION_ALG:type=2, length=0
2026-02-12 14:10:59.304 [cefgetfile] WARNING: Unknown VALIDATION_ALG:type=2, length=0
2026-02-12 14:10:59.304 [cefgetfile] WARNING: Unknown VALIDATION_ALG:type=2, length=0
2026-02-12 14:10:59.305 [cefgetfile] WARNING: Unknown VALIDATION_ALG:type=2, length=0
2026-02-12 14:10:59.307 [cefgetfile] WARNING: Unknown VALIDATION_ALG:type=2, length=0
2026-02-12 14:10:59.308 [cefgetfile] WARNING: Unknown VALIDATION_ALG:type=2, length=0
2026-02-12 14:10:59.309 [cefgetfile] WARNING: Unknown VALIDATION_ALG:type=2, length=0
2026-02-12 14:10:59.309 [cefgetfile] WARNING: Unknown VALIDATION_ALG:type=2, length=0
2026-02-12 14:10:59.310 [cefgetfile] WARNING: Unknown VALIDATION_ALG:type=2, length=0
2026-02-12 14:10:59.310 [cefgetfile] WARNING: Unknown VALIDATION_ALG:type=2, length=0
2026-02-12 14:10:59.310 [cefgetfile] WARNING: Unknown VALIDATION_ALG:type=2, length=0
2026-02-12 14:10:59.313 [cefgetfile] WARNING: Unknown VALIDATION_ALG:type=2, length=0
2026-02-12 14:10:59.313 [cefgetfile] WARNING: Unknown VALIDATION_ALG:type=2, length=0
2026-02-12 14:10:59.313 [cefgetfile] WARNING: Unknown VALIDATION_ALG:type=2, length=0
2026-02-12 14:10:59.315 [cefgetfile] WARNING: Unknown VALIDATION_ALG:type=2, length=0
2026-02-12 14:10:59.315 [cefgetfile] WARNING: Unknown VALIDATION_ALG:type=2, length=0
2026-02-12 14:10:59.315 [cefgetfile] WARNING: Unknown VALIDATION_ALG:type=2, length=0
2026-02-12 14:10:59.317 [cefgetfile] WARNING: Unknown VALIDATION_ALG:type=2, length=0
2026-02-12 14:10:59.317 [cefgetfile] WARNING: Unknown VALIDATION_ALG:type=2, length=0
2026-02-12 14:10:59.319 [cefgetfile] WARNING: Unknown VALIDATION_ALG:type=2, length=0
2026-02-12 14:10:59.320 [cefgetfile] WARNING: Unknown VALIDATION_ALG:type=2, length=0
2026-02-12 14:10:59.321 [cefgetfile] WARNING: Unknown VALIDATION_ALG:type=2, length=0
2026-02-12 14:10:59.322 [cefgetfile] WARNING: Unknown VALIDATION_ALG:type=2, length=0
2026-02-12 14:10:59.323 [cefgetfile] WARNING: Unknown VALIDATION_ALG:type=2, length=0
2026-02-12 14:10:59.324 [cefgetfile] WARNING: Unknown VALIDATION_ALG:type=2, length=0
2026-02-12 14:10:59.326 [cefgetfile] WARNING: Unknown VALIDATION_ALG:type=2, length=0
2026-02-12 14:10:59.326 [cefgetfile] WARNING: Unknown VALIDATION_ALG:type=2, length=0
2026-02-12 14:10:59.327 [cefgetfile] WARNING: Unknown VALIDATION_ALG:type=2, length=0
2026-02-12 14:10:59.328 [cefgetfile] WARNING: Unknown VALIDATION_ALG:type=2, length=0
2026-02-12 14:10:59.329 [cefgetfile] WARNING: Unknown VALIDATION_ALG:type=2, length=0
2026-02-12 14:10:59.329 [cefgetfile] WARNING: Unknown VALIDATION_ALG:type=2, length=0
2026-02-12 14:10:59.332 [cefgetfile] WARNING: Unknown VALIDATION_ALG:type=2, length=0
2026-02-12 14:10:59.332 [cefgetfile] WARNING: Unknown VALIDATION_ALG:type=2, length=0
2026-02-12 14:10:59.333 [cefgetfile] WARNING: Unknown VALIDATION_ALG:type=2, length=0
2026-02-12 14:10:59.333 [cefgetfile] WARNING: Unknown VALIDATION_ALG:type=2, length=0
2026-02-12 14:10:59.333 [cefgetfile] WARNING: Unknown VALIDATION_ALG:type=2, length=0
2026-02-12 14:10:59.335 [cefgetfile] WARNING: Unknown VALIDATION_ALG:type=2, length=0
2026-02-12 14:10:59.336 [cefgetfile] WARNING: Unknown VALIDATION_ALG:type=2, length=0
2026-02-12 14:10:59.336 [cefgetfile] WARNING: Unknown VALIDATION_ALG:type=2, length=0
2026-02-12 14:10:59.337 [cefgetfile] WARNING: Unknown VALIDATION_ALG:type=2, length=0
2026-02-12 14:10:59.337 [cefgetfile] WARNING: Unknown VALIDATION_ALG:type=2, length=0
2026-02-12 14:10:59.338 [cefgetfile] WARNING: Unknown VALIDATION_ALG:type=2, length=0
2026-02-12 14:10:59.339 [cefgetfile] WARNING: Unknown VALIDATION_ALG:type=2, length=0
2026-02-12 14:10:59.340 [cefgetfile] WARNING: Unknown VALIDATION_ALG:type=2, length=0
2026-02-12 14:10:59.340 [cefgetfile] WARNING: Unknown VALIDATION_ALG:type=2, length=0
2026-02-12 14:10:59.340 [cefgetfile] WARNING: Unknown VALIDATION_ALG:type=2, length=0
2026-02-12 14:10:59.341 [cefgetfile] WARNING: Unknown VALIDATION_ALG:type=2, length=0
2026-02-12 14:10:59.342 [cefgetfile] WARNING: Unknown VALIDATION_ALG:type=2, length=0
2026-02-12 14:10:59.342 [cefgetfile] WARNING: Unknown VALIDATION_ALG:type=2, length=0
2026-02-12 14:10:59.343 [cefgetfile] WARNING: Unknown VALIDATION_ALG:type=2, length=0
2026-02-12 14:10:59.344 [cefgetfile] WARNING: Unknown VALIDATION_ALG:type=2, length=0
2026-02-12 14:10:59.344 [cefgetfile] WARNING: Unknown VALIDATION_ALG:type=2, length=0
2026-02-12 14:10:59.345 [cefgetfile] WARNING: Unknown VALIDATION_ALG:type=2, length=0
2026-02-12 14:10:59.346 [cefgetfile] WARNING: Unknown VALIDATION_ALG:type=2, length=0
2026-02-12 14:10:59.347 [cefgetfile] WARNING: Unknown VALIDATION_ALG:type=2, length=0
2026-02-12 14:10:59.348 [cefgetfile] WARNING: Unknown VALIDATION_ALG:type=2, length=0
2026-02-12 14:10:59.348 [cefgetfile] WARNING: Unknown VALIDATION_ALG:type=2, length=0
2026-02-12 14:10:59.349 [cefgetfile] WARNING: Unknown VALIDATION_ALG:type=2, length=0
2026-02-12 14:10:59.350 [cefgetfile] WARNING: Unknown VALIDATION_ALG:type=2, length=0
2026-02-12 14:10:59.350 [cefgetfile] WARNING: Unknown VALIDATION_ALG:type=2, length=0
2026-02-12 14:10:59.351 [cefgetfile] WARNING: Unknown VALIDATION_ALG:type=2, length=0
2026-02-12 14:10:59.351 [cefgetfile] WARNING: Unknown VALIDATION_ALG:type=2, length=0
2026-02-12 14:10:59.354 [cefgetfile] WARNING: Unknown VALIDATION_ALG:type=2, length=0
2026-02-12 14:10:59.354 [cefgetfile] WARNING: Unknown VALIDATION_ALG:type=2, length=0
2026-02-12 14:10:59.355 [cefgetfile] WARNING: Unknown VALIDATION_ALG:type=2, length=0
2026-02-12 14:10:59.356 [cefgetfile] WARNING: Unknown VALIDATION_ALG:type=2, length=0
2026-02-12 14:10:59.356 [cefgetfile] WARNING: Unknown VALIDATION_ALG:type=2, length=0
2026-02-12 14:10:59.358 [cefgetfile] WARNING: Unknown VALIDATION_ALG:type=2, length=0
2026-02-12 14:10:59.358 [cefgetfile] WARNING: Unknown VALIDATION_ALG:type=2, length=0
2026-02-12 14:10:59.360 [cefgetfile] WARNING: Unknown VALIDATION_ALG:type=2, length=0
2026-02-12 14:10:59.361 [cefgetfile] WARNING: Unknown VALIDATION_ALG:type=2, length=0
2026-02-12 14:10:59.362 [cefgetfile] WARNING: Unknown VALIDATION_ALG:type=2, length=0
2026-02-12 14:10:59.364 [cefgetfile] WARNING: Unknown VALIDATION_ALG:type=2, length=0
2026-02-12 14:10:59.365 [cefgetfile] WARNING: Unknown VALIDATION_ALG:type=2, length=0
2026-02-12 14:10:59.365 [cefgetfile] WARNING: Unknown VALIDATION_ALG:type=2, length=0
2026-02-12 14:10:59.366 [cefgetfile] WARNING: Unknown VALIDATION_ALG:type=2, length=0
2026-02-12 14:10:59.367 [cefgetfile] WARNING: Unknown VALIDATION_ALG:type=2, length=0
2026-02-12 14:10:59.368 [cefgetfile] WARNING: Unknown VALIDATION_ALG:type=2, length=0
2026-02-12 14:10:59.368 [cefgetfile] WARNING: Unknown VALIDATION_ALG:type=2, length=0
2026-02-12 14:10:59.369 [cefgetfile] WARNING: Unknown VALIDATION_ALG:type=2, length=0
2026-02-12 14:10:59.372 [cefgetfile] WARNING: Unknown VALIDATION_ALG:type=2, length=0
2026-02-12 14:10:59.372 [cefgetfile] WARNING: Unknown VALIDATION_ALG:type=2, length=0
2026-02-12 14:10:59.373 [cefgetfile] WARNING: Unknown VALIDATION_ALG:type=2, length=0
2026-02-12 14:10:59.373 [cefgetfile] WARNING: Unknown VALIDATION_ALG:type=2, length=0
2026-02-12 14:10:59.373 [cefgetfile] WARNING: Unknown VALIDATION_ALG:type=2, length=0
2026-02-12 14:10:59.374 [cefgetfile] WARNING: Unknown VALIDATION_ALG:type=2, length=0
2026-02-12 14:10:59.374 [cefgetfile] WARNING: Unknown VALIDATION_ALG:type=2, length=0
2026-02-12 14:10:59.374 [cefgetfile] WARNING: Unknown VALIDATION_ALG:type=2, length=0
2026-02-12 14:10:59.377 [cefgetfile] WARNING: Unknown VALIDATION_ALG:type=2, length=0
2026-02-12 14:10:59.377 [cefgetfile] WARNING: Unknown VALIDATION_ALG:type=2, length=0
2026-02-12 14:10:59.377 [cefgetfile] WARNING: Unknown VALIDATION_ALG:type=2, length=0
2026-02-12 14:10:59.378 [cefgetfile] WARNING: Unknown VALIDATION_ALG:type=2, length=0
2026-02-12 14:10:59.378 [cefgetfile] WARNING: Unknown VALIDATION_ALG:type=2, length=0
2026-02-12 14:10:59.378 [cefgetfile] WARNING: Unknown VALIDATION_ALG:type=2, length=0
2026-02-12 14:10:59.380 [cefgetfile] WARNING: Unknown VALIDATION_ALG:type=2, length=0
2026-02-12 14:10:59.380 [cefgetfile] WARNING: Unknown VALIDATION_ALG:type=2, length=0
2026-02-12 14:10:59.381 [cefgetfile] WARNING: Unknown VALIDATION_ALG:type=2, length=0
2026-02-12 14:10:59.383 [cefgetfile] WARNING: Unknown VALIDATION_ALG:type=2, length=0
2026-02-12 14:10:59.385 [cefgetfile] WARNING: Unknown VALIDATION_ALG:type=2, length=0
2026-02-12 14:10:59.386 [cefgetfile] WARNING: Unknown VALIDATION_ALG:type=2, length=0
2026-02-12 14:10:59.386 [cefgetfile] WARNING: Unknown VALIDATION_ALG:type=2, length=0
2026-02-12 14:10:59.387 [cefgetfile] WARNING: Unknown VALIDATION_ALG:type=2, length=0
2026-02-12 14:10:59.387 [cefgetfile] WARNING: Unknown VALIDATION_ALG:type=2, length=0
2026-02-12 14:10:59.388 [cefgetfile] WARNING: Unknown VALIDATION_ALG:type=2, length=0
2026-02-12 14:10:59.390 [cefgetfile] WARNING: Unknown VALIDATION_ALG:type=2, length=0
2026-02-12 14:10:59.390 [cefgetfile] WARNING: Unknown VALIDATION_ALG:type=2, length=0
2026-02-12 14:10:59.391 [cefgetfile] WARNING: Unknown VALIDATION_ALG:type=2, length=0
2026-02-12 14:10:59.392 [cefgetfile] WARNING: Unknown VALIDATION_ALG:type=2, length=0
2026-02-12 14:10:59.394 [cefgetfile] WARNING: Unknown VALIDATION_ALG:type=2, length=0
2026-02-12 14:10:59.396 [cefgetfile] WARNING: Unknown VALIDATION_ALG:type=2, length=0
2026-02-12 14:10:59.398 [cefgetfile] WARNING: Unknown VALIDATION_ALG:type=2, length=0
2026-02-12 14:10:59.399 [cefgetfile] WARNING: Unknown VALIDATION_ALG:type=2, length=0
2026-02-12 14:10:59.400 [cefgetfile] WARNING: Unknown VALIDATION_ALG:type=2, length=0
2026-02-12 14:10:59.401 [cefgetfile] WARNING: Unknown VALIDATION_ALG:type=2, length=0
2026-02-12 14:10:59.402 [cefgetfile] WARNING: Unknown VALIDATION_ALG:type=2, length=0
2026-02-12 14:10:59.403 [cefgetfile] WARNING: Unknown VALIDATION_ALG:type=2, length=0
2026-02-12 14:10:59.404 [cefgetfile] WARNING: Unknown VALIDATION_ALG:type=2, length=0
2026-02-12 14:10:59.405 [cefgetfile] WARNING: Unknown VALIDATION_ALG:type=2, length=0
2026-02-12 14:10:59.406 [cefgetfile] WARNING: Unknown VALIDATION_ALG:type=2, length=0
2026-02-12 14:10:59.406 [cefgetfile] WARNING: Unknown VALIDATION_ALG:type=2, length=0
2026-02-12 14:10:59.407 [cefgetfile] WARNING: Unknown VALIDATION_ALG:type=2, length=0
2026-02-12 14:10:59.408 [cefgetfile] WARNING: Unknown VALIDATION_ALG:type=2, length=0
2026-02-12 14:10:59.408 [cefgetfile] WARNING: Unknown VALIDATION_ALG:type=2, length=0
2026-02-12 14:10:59.409 [cefgetfile] WARNING: Unknown VALIDATION_ALG:type=2, length=0
2026-02-12 14:10:59.410 [cefgetfile] WARNING: Unknown VALIDATION_ALG:type=2, length=0
2026-02-12 14:10:59.411 [cefgetfile] WARNING: Unknown VALIDATION_ALG:type=2, length=0
2026-02-12 14:10:59.413 [cefgetfile] WARNING: Unknown VALIDATION_ALG:type=2, length=0
2026-02-12 14:10:59.413 [cefgetfile] WARNING: Unknown VALIDATION_ALG:type=2, length=0
2026-02-12 14:10:59.414 [cefgetfile] WARNING: Unknown VALIDATION_ALG:type=2, length=0
2026-02-12 14:10:59.415 [cefgetfile] WARNING: Unknown VALIDATION_ALG:type=2, length=0
2026-02-12 14:10:59.417 [cefgetfile] WARNING: Unknown VALIDATION_ALG:type=2, length=0
2026-02-12 14:10:59.417 [cefgetfile] WARNING: Unknown VALIDATION_ALG:type=2, length=0
2026-02-12 14:10:59.417 [cefgetfile] WARNING: Unknown VALIDATION_ALG:type=2, length=0
2026-02-12 14:10:59.418 [cefgetfile] WARNING: Unknown VALIDATION_ALG:type=2, length=0
2026-02-12 14:10:59.420 [cefgetfile] WARNING: Unknown VALIDATION_ALG:type=2, length=0
2026-02-12 14:10:59.420 [cefgetfile] WARNING: Unknown VALIDATION_ALG:type=2, length=0
2026-02-12 14:10:59.420 [cefgetfile] WARNING: Unknown VALIDATION_ALG:type=2, length=0
2026-02-12 14:10:59.422 [cefgetfile] WARNING: Unknown VALIDATION_ALG:type=2, length=0
2026-02-12 14:10:59.423 [cefgetfile] WARNING: Unknown VALIDATION_ALG:type=2, length=0
2026-02-12 14:10:59.423 [cefgetfile] WARNING: Unknown VALIDATION_ALG:type=2, length=0
2026-02-12 14:10:59.424 [cefgetfile] WARNING: Unknown VALIDATION_ALG:type=2, length=0
2026-02-12 14:10:59.424 [cefgetfile] WARNING: Unknown VALIDATION_ALG:type=2, length=0
2026-02-12 14:10:59.425 [cefgetfile] WARNING: Unknown VALIDATION_ALG:type=2, length=0
2026-02-12 14:10:59.428 [cefgetfile] WARNING: Unknown VALIDATION_ALG:type=2, length=0
2026-02-12 14:10:59.428 [cefgetfile] WARNING: Unknown VALIDATION_ALG:type=2, length=0
2026-02-12 14:10:59.428 [cefgetfile] WARNING: Unknown VALIDATION_ALG:type=2, length=0
2026-02-12 14:10:59.429 [cefgetfile] WARNING: Unknown VALIDATION_ALG:type=2, length=0
2026-02-12 14:10:59.429 [cefgetfile] WARNING: Unknown VALIDATION_ALG:type=2, length=0
2026-02-12 14:10:59.431 [cefgetfile] WARNING: Unknown VALIDATION_ALG:type=2, length=0
2026-02-12 14:10:59.431 [cefgetfile] WARNING: Unknown VALIDATION_ALG:type=2, length=0
2026-02-12 14:10:59.431 [cefgetfile] WARNING: Unknown VALIDATION_ALG:type=2, length=0
2026-02-12 14:10:59.432 [cefgetfile] WARNING: Unknown VALIDATION_ALG:type=2, length=0
2026-02-12 14:10:59.433 [cefgetfile] WARNING: Unknown VALIDATION_ALG:type=2, length=0
2026-02-12 14:10:59.434 [cefgetfile] WARNING: Unknown VALIDATION_ALG:type=2, length=0
2026-02-12 14:10:59.435 [cefgetfile] WARNING: Unknown VALIDATION_ALG:type=2, length=0
2026-02-12 14:10:59.435 [cefgetfile] WARNING: Unknown VALIDATION_ALG:type=2, length=0
2026-02-12 14:10:59.436 [cefgetfile] WARNING: Unknown VALIDATION_ALG:type=2, length=0
2026-02-12 14:10:59.437 [cefgetfile] WARNING: Unknown VALIDATION_ALG:type=2, length=0
2026-02-12 14:10:59.439 [cefgetfile] WARNING: Unknown VALIDATION_ALG:type=2, length=0
2026-02-12 14:10:59.441 [cefgetfile] WARNING: Unknown VALIDATION_ALG:type=2, length=0
2026-02-12 14:10:59.441 [cefgetfile] WARNING: Unknown VALIDATION_ALG:type=2, length=0
2026-02-12 14:10:59.441 [cefgetfile] WARNING: Unknown VALIDATION_ALG:type=2, length=0
2026-02-12 14:10:59.443 [cefgetfile] WARNING: Unknown VALIDATION_ALG:type=2, length=0
2026-02-12 14:10:59.443 [cefgetfile] WARNING: Unknown VALIDATION_ALG:type=2, length=0
2026-02-12 14:10:59.444 [cefgetfile] WARNING: Unknown VALIDATION_ALG:type=2, length=0
2026-02-12 14:10:59.444 [cefgetfile] WARNING: Unknown VALIDATION_ALG:type=2, length=0
2026-02-12 14:10:59.446 [cefgetfile] WARNING: Unknown VALIDATION_ALG:type=2, length=0
[cefgetfile] Completed to get all the chunks.
[cefgetfile] Unconnect to cefnetd ... OK
[cefgetfile] Terminate
[cefgetfile] Rx Frames (All)           = 424
[cefgetfile] Rx Frames (ContentObject) = 424
[cefgetfile] Rx Bytes (All)            = 449926
[cefgetfile] Rx Bytes (ContentObject)  = 433390
[cefgetfile] Duration                  = 0.518 sec
[cefgetfile] Throughput                = 6954947 bps
[cefgetfile] Goodput                   = 6699334 bps
[cefgetfile] Jitter (Ave)              = 1220 us
[cefgetfile] Jitter (Max)              = 25342 us
[cefgetfile] Jitter (Var)              = 4838640 us
