[cefgetfile] Start
[cefgetfile] Parsing parameters ...OK
2026-02-09 12:58:21.634 [cefgetfile] INFO: [client] Config directory is ./h19
2026-02-09 12:58:21.634 [cefgetfile] INFO: [client] Local Socket Name is /tmp/cef_9695.19
2026-02-09 12:58:21.634 [cefgetfile] INFO: [client] Listen Port is 9695
[cefgetfile] Init Cefore Client package ... OK
[cefgetfile] Conversion from URI into Name ... OK
[cefgetfile] Checking the output file ... OK
[cefgetfile] Connect to cefnetd ... OK
[cefgetfile] URI=ccnx:/emergency/test2
[cefgetfile] Start sending Interests
[cefgetfile] Completed to get all the chunks.
[cefgetfile] Unconnect to cefnetd ... OK
[cefgetfile] Terminate
[cefgetfile] Rx Frames (All)           = 581
[cefgetfile] Rx Frames (ContentObject) = 581
[cefgetfile] Rx Bytes (All)            = 612204
[cefgetfile] Rx Bytes (ContentObject)  = 594774
[cefgetfile] Duration                  = 1.807 sec
[cefgetfile] Throughput                = 2712274 bps
[cefgetfile] Goodput                   = 2635053 bps
[cefgetfile] Jitter (Ave)              = 3107 us
[cefgetfile] Jitter (Max)              = 1502063 us
[cefgetfile] Jitter (Var)              = 3874436565 us
