[cefgetfile] Start
[cefgetfile] Parsing parameters ...OK
2026-02-09 12:57:04.639 [cefgetfile] INFO: [client] Config directory is ./h8
2026-02-09 12:57:04.639 [cefgetfile] INFO: [client] Local Socket Name is /tmp/cef_9695.8
2026-02-09 12:57:04.639 [cefgetfile] INFO: [client] Listen Port is 9695
[cefgetfile] Init Cefore Client package ... OK
[cefgetfile] Conversion from URI into Name ... OK
[cefgetfile] Checking the output file ... OK
[cefgetfile] Connect to cefnetd ... OK
[cefgetfile] URI=ccnx:/test/data1
[cefgetfile] Start sending Interests
[cefgetfile] Completed to get all the chunks.
[cefgetfile] Unconnect to cefnetd ... OK
[cefgetfile] Terminate
[cefgetfile] Rx Frames (All)           = 120
[cefgetfile] Rx Frames (ContentObject) = 116
[cefgetfile] Rx Bytes (All)            = 125814
[cefgetfile] Rx Bytes (ContentObject)  = 118718
[cefgetfile] Duration                  = 21.312 sec
[cefgetfile] Throughput                = 47228 bps
[cefgetfile] Goodput                   = 44564 bps
[cefgetfile] Jitter (Ave)              = 183720 us
[cefgetfile] Jitter (Max)              = 6906541 us
[cefgetfile] Jitter (Var)              = 522857933052 us
